NO RELEVANT INFORMATION [end of text]



1. She was celebrating her birthday during the stream. (Verbatim: "Thank you for the birthday wishes.")  
2. She had been streaming for approximately 22 hours without sleep. (Verbatim: "I have been streaming for 20... 20... Something... 20... 22 hours. Um, we're on the last... the last two and a half hours. I have not slept.")  
3. She was multi-streaming, specifically on YouTube and Twitch. (Verbatim: "I'm multi-streamed, so I'm actually streaming on YouTube right now.")  
4. She needed to restart her stream to accommodate a new YouTube VOD. (Verbatim: "I had to restart the stream to make room for- for the new YouTube VOD.")  
5. She referred to her viewers as "raiders" and welcomed them with "Arigato, arigato" and "Welcome, welcome, raiders." (Verbatim: "Arigato, arigato. Thank you, thank you, Kari. Welcome, welcome, raiders.")  
6. She has a tendency to get disconnected during streams. (Verbatim: "I got disconnected. Um, I think that was my end? I don't know why.")  
7. She enjoys exploring elaborate builds in games, particularly towers and castles. (Verbatim: "I love towers. You know how much I love two buildings.")  
8. She finds fancy and cozy environments aesthetically pleasing. (Verbatim: "This place is so fancy. Extremely, extremely fancy." / "That house was so cozy. I love this. It's so cozy.")  
9. She has previously attempted building a castle in a stream, which failed. (Verbatim: "This is where I tried to build my castle that one stream. And then it all fell apart.")  
10. She jokes about drinking cola instead of alcohol in taverns. (Verbatim: "Drink some money. Just kidding. It's only cola. Actually, not kidding. It's all the cola.") [end of text]



1. Her birthday is on 7th March. (Verbatim: "Oh yeah, and my birthday is 7th March.")
2. She attended school where she was allowed to use potentially dangerous tools like circular saws. (Verbatim: "Actually, they trusted me in school with those kinds of things, so...")
3. During her school years, she damaged a circular saw but did not injure anyone. (Verbatim: "The school survived, the sword did not.")
4. She only owns basic tools in real life: a hammer and a screwdriver kept in a cardboard box. (Verbatim: "I only own like a hammer and a screwdriver that I keep in a cardboard box. Like IRL.")
5. She sometimes uses a knife as a substitute for a screwdriver when fixing things. (Verbatim: "Yeah, and then sometimes if the screwdriver is not right, you can, um, you just get a knife.")
6. She has a friend from college who is Polish, which is how she learned about Polish culture. (Verbatim: "one of the girls from college that i'm friends of she's polish so yeah")
7. She identifies with British cultural traits, referencing her "British side." (Verbatim: "appealing to my british side i see")
8. She prefers water over energy drinks like Red Bull, especially to protect her throat during long streams. (Verbatim: "i don't want my red bull... i'm gonna stick with water i think")
9. She experiences throat strain from streaming and plans to rest it afterward, indicating vocal strain as a recurring issue. (Verbatim: "I'll rest my throat after the stream.")
10. She appreciates kind community messages and feels supported by her viewers. (Verbatim: "it was a really kind message thank you i love you") [end of text]



1. Her birthday was recently celebrated by viewers. (Verbatim: "thank you for the birthday wishes")
2. She appreciates kind words and support from her audience, which motivates her during challenges. (Verbatim: "thanks for always doing your best ellie i genuinely appreciate each and every inch of your effort... you've always been my guiding light to my life")
3. She refers to herself as "Elia Stellaria" when greeting viewers. (Verbatim: "hello raiders i'm elias salaria")
4. She has streamed for approximately 22.5 hours consecutively. (Verbatim: "i've been streaming for 20 something hours... 22 and a half hours now")
5. She plans to perform cover songs in future streams. (Verbatim: "there's a few... pick a cover song... it'll all be slated")
6. She intended to do a one-hour segment featuring maids but forgot during the stream. (Verbatim: "I forgot I was gonna do that during the tour... to do that that would be a whole one hour made the stream")
7. She uses VTubing software called VTube Studio. (Verbatim: "i'm gonna slip back over to um what do you call it vtube studio")
8. She experiences technical issues with Twitter, such as content not appearing under her art tag. (Verbatim: "there's an issue sometimes with twitter i have it with my art tag where it won't come up")
9. She loves the wood aesthetic, particularly one that gives a "wooden alps" vibe. (Verbatim: "fancy i love the wood aesthetic in the like yeah like like gives you that like wooden alps kind of vibe right")
10. She has a fondness for frog-themed chairs. (Verbatim: "also i love that corner with the frog chairs i must say um") [end of text]



1. Her birthday was recently celebrated by fans. (Verbatim: "thank you for making my birthday so wonderful")
2. She has difficulty staying awake for long periods and is not confident in her stamina for all-nighters. (Verbatim: "i wasn't sure how i was gonna be i'm surprised i'm still awake")
3. She has a dog that she is responsible for taking care of. (Verbatim: "i might have to take the dog out real quick")
4. She has previously engaged in activities like painting mugs and making canvases, possibly as part of stream events. (Verbatim: "we made some canvases and and we painted some mugs")
5. She has a habit of expressing affection and gratitude toward her audience, often using phrases like "I love you" and "big love." (Verbatim: "Big... Big... Big... Big love...")
6. She has a playful and self-deprecating sense of humor, referencing silly or absurd ideas during streams. (Verbatim: "before someone vandalized it my sign said i want your babies")
7. She is aware of and interacts with Japanese phrases or reactions, indicating possible familiarity with the language or bilingual audience engagement. (Verbatim: "すごいちょっとちょっと待ってだよ")
8. She experiences fatigue easily after long streaming sessions and plans to rest for extended periods afterward. (Verbatim: "i'm gonna sleep for days after this yes i am")
9. She uses Twitter to interact with fans and checks hashtags related to her content. (Verbatim: "i was gonna check on twitter wasn't i i want to double check twitter")
10. She has a tendency to forget things or feel disoriented after napping, suggesting a humorous, relatable persona trait. (Verbatim: "I think I'm still asleep") [end of text]



1. She refers to herself as a "weird dork." (Verbatim: "I'm just a weird dork.")
2. She managed to reach page three of a fundraising campaign, which she considers a major achievement. (Verbatim: "I'm officially a page three thank you so much.")
3. She plans to get a cute goose outfit as a reward for reaching a goal. (Verbatim: "I'm gonna have to get a goose heckin outfit guys... a cute goose outfit like.")
4. She is self-managed and humorously refers to herself as her own manager. (Verbatim: "it's me... my manager needs a race... i managed myself.")
5. She has previously streamed for 23 hours and passed out afterward. (Verbatim: "stream for 23 hours never won I passed out.")
6. Her face hurt from smiling for 24 hours straight. (Verbatim: "my face hurts from 24 hours of smiling.")
7. She speaks some Japanese, using the phrase "daisuki" multiple times. (Verbatim: "daisuki dayo daisuki daisuki daisuki.")
8. She feels she doesn’t deserve the level of support she receives. (Verbatim: "you guys keep saying i deserve it i i i i i i don't know like like like that i'm just uh.")
9. She was asleep very recently before the stream. (Verbatim: "i was i was asleep very very very very recently if you can read you're awake.")
10. She intends to rest and process events after the stream, indicating emotional overwhelm. (Verbatim: "I'll get rest and I'll rest and I'll rest and I'll rest.") [end of text]



NO RELEVANT INFORMATION [end of text]



