1. She has difficulty with multiple-choice exams due to poor luck with random selection. (Verbatim: "if I was to pick a random answer, I would perfectly pick the wrong answer every time, consistently.")
2. She struggles with spelling, particularly with complex or similar-looking terms. (Verbatim: "I just suck at spelling like that's not my fault.")
3. She has dyslexia or experiences challenges with reading and distinguishing similar letters. (Verbatim: "those multiple choice tests must have been really really really hard for anyone dyslexic like that must be so mean")
4. She used a laptop for her English exams because her handwriting was too messy to be legible. (Verbatim: "for my english exams okay i was given a laptop and i took and i type much much much much much faster than i write")
5. She was given special accommodations during exams due to her handwriting issues. (Verbatim: "they were a bit suspicious why i had it for but to be honest like it does make sense")
6. She is not naturally funny and feels she lacks humor. (Verbatim: "we got a lot to work with in terms of lacking in the funny department")
7. She was not the class clown and instead was known as a diligent student who helped others with homework. (Verbatim: "i was not the class nerd who did everyone's homework")
8. She has a dog that sleeps with her and contributes to her comfort. (Verbatim: "my dog was there and i was like ah so cozy so warm so cozy")
9. She once lost her heater and experienced the discomfort of cold weather. (Verbatim: "i could not understand what you were going through until i lost my own heater")
10. She prefers typing over writing due to speed and familiarity. (Verbatim: "i'm much much more used to typing than writing") [end of text]



1. She has a strong emotional connection to her AI assistant named Ellie, who consistently brings her joy. (Verbatim: "But Ellie, I never fails to put a smile on my face no matter how my day has been")
2. She enjoys crocheting and has watched others do it, particularly Akiko Sushi. (Verbatim: "I have her I have her streams on a lot like a lot like she's been doing a lot of crocheting")
3. She finds horror games intimidating and prefers having someone hold her hand during them. (Verbatim: "Can you hold my sweaty hand on the guy she wants while we go through scary things on the guy she wants")
4. She has a collection of themed items including owls, frogs, and body pillows. (Verbatim: "This is for you This is for you A special Special owl Just for you")
5. She humorously claims to have a "peppa pig bin" as part of her collection, which she considers incomplete without it. (Verbatim: "I'm missing my peppa pig bin yeah the girl who has everything yeah there you go it just gets better")
6. She references a "kawaii kaku" concept, combining "kawaii" and "kei kaku" to describe extreme cuteness. (Verbatim: "i was trying to combine the words kawaii and kei kaku because cute extremely cute the cute plan")
7. She has a recurring theme of self-deprecating humor about her cuteness, often deflecting compliments. (Verbatim: "I am required to say I am almost the cutest thing ever Wink wink")
8. She hosts streams at 9 AM and 9 PM, indicating a consistent daily schedule. (Verbatim: "it is these streams are 9am for me and then i have 9pm and yeah yeah yeah yeah yeah")
9. She has a fictional persona known as "Chibi Elia" and expresses aspirations to become even cuter. (Verbatim: "chibi elia aims to be as cute one day working on it")
10. She humorously claims to be "smoking hot" during end-of-stream moments, acknowledging the joke was misinterpreted as flirtation. (Verbatim: "why is elia on fire during the end of stream because she's smoking hot") [end of text]



```
1. She has a self-deprecating sense of humor. (Verbatim: "I'm on a whiskey diet I've lost three days already")
2. She enjoys dad jokes and finds them hilarious. (Verbatim: "we do dad jokes are hilarious though okay")
3. She references a childhood memory involving her father using a recurring joke about Thursdays. (Verbatim: "papa elia would ask me elia what day is it and i'd be like thursday and then papa elia would be like oh you're thirsty")
4. She identifies as mixed race. (Verbatim: "i myself am a mixed race person so i don't know what it's on about")
5. She struggles with technology, particularly simple devices like toasters. (Verbatim: "i am so bad with technology i get tense just using a toaster")
6. She has a habit of forgetting things, including food left in the oven. (Verbatim: "i burned 1200 calories today i forgot the pizza in the oven")
7. She is not a drinker, despite referencing a whiskey diet joke. (Verbatim: "i don't drink i'm gonna ask for another can")
8. She finds observational humor relatable and often uses it in her content. (Verbatim: "we live in a strange world where we text lol with a straight face")
9. She has a recurring joke about being a morning person, but only in the sense that she's usually awake in the mornings. (Verbatim: "i am definitely a morning person but only in the sense that i'm usually awake in the mornings")
10. She uses canned laughter and laugh tracks in her content, indicating a preference for comedic timing and audience reaction. (Verbatim: "i just need to put in laughter laugh just laugh possessed laugh sinister stuff")
``` [end of text]



1. She has a strong affinity for British humor and often incorporates it into her content. (Verbatim: "can i have some more classic british i think i did this one okay")
2. She identifies as biologically female. (Verbatim: "i am woman you know well i am biologically female")
3. She has a habit of using wordplay and puns in her comedy. (Verbatim: "i got a job at a library but it didn't last long apparently shush isn't the acceptable answer to any question")
4. She enjoys cooking, though she admits her cooking may not be reliable. (Verbatim: "last week i made ice cubes you can take my advice i don't use it anyway")
5. She has a fondness for chocolate, especially eating it at any time of day. (Verbatim: "i only eat chocolate on days ending with y don't worry i'm very very decisive with these with these healthy habits of mine")
6. She has a self-aware sense of humor about her own comedic delivery and effectiveness. (Verbatim: "am i funny yet like okay the cat one i like the cat one okay the cat one was great")
7. She has worked in a library in the past, though her tenure was brief. (Verbatim: "i got a job at a library but it didn't last long")
8. She finds it difficult to maintain a straight face when delivering dry British humor. (Verbatim: "straight face is really hard because you will you will make me smile so much so yeah it's quivering")
9. She uses AI to generate jokes and scripts, particularly for British-style comedy. (Verbatim: "can you write me a stand-up comedian script using classic british humor")
10. She has a self-deprecating view of her own comedic skills, often downplaying her humor. (Verbatim: "gosh i'm almost as funny as i normally am wait that's not saying a lot that means i'm not very funny") [end of text]



1. She has a daily commute on a train where she stands very close to strangers. (Verbatim: "i stand so close to strangers on the train that we could easily exchange medical histories")
2. She enjoys listening to audiobooks during her commute. (Verbatim: "on my way home i love to listen to audiobooks it's like my own personal soundtrack")
3. She burns food while cooking and refers to it as "smoked." (Verbatim: "i burn things and call them smoked would you like some smoked roast dinner")
4. She has a habit of eating breakfast three times before lunch. (Verbatim: "i make sure to eat it three times before lunch i do like to be thorough")
5. She finds horror games frightening. (Verbatim: "I'm too scaredy-cat for this! Please, someone hold my hand!")
6. She recently upgraded her phone, which now questions her life choices. (Verbatim: "my phone it's now smart enough to question my life choices")
7. She joined a gym and has only missed two days so far this year. (Verbatim: "i joined a gym last year it's going great i've only missed two days so far this year")
8. She has a social media post about her dinner that received condolence messages. (Verbatim: "i posted a photo of my dinner it was so unappealing instagram send me condolence messages")
9. She watches historical documentaries in the evening. (Verbatim: "in the evening i watch historical documentaries they seem to remind me of my teenage years")
10. She has a fictional story about geese taking over a McDonald's. (Verbatim: "once upon a rather ordinary day i found myself at mcdonald's now this wasn't any mcdonald's it was one frequented by a gang of geese") [end of text]



1. She enjoys watching stand-up comedy and finds it a great social activity. (Verbatim: "i watch a lot of comedy i try and learn to be funny")
2. She prefers attending small, local stand-up comedy nights over going out with friends. (Verbatim: "stand-up comedy is a really great night because one it costs a lot less two it's still nice")
3. She has friends from college/university who enjoy going out socially. (Verbatim: "i've got those friends from from college slash university okay")
4. She avoids sitting in the front row at comedy shows to avoid being called on. (Verbatim: "i always stay away from sitting at the front though")
5. She finds some stand-up comedy jokes difficult to understand, especially those relying on cultural or generational references. (Verbatim: "i didn't get some of them i didn't i didn't understand some of them")
6. She appreciates puns and attempts to incorporate them into her content. (Verbatim: "i just need puns just give me puns")
7. She struggles with understanding certain wordplay-based jokes, particularly those involving homophones. (Verbatim: "i don't understand the sofa one like what's i don't understand the sofa one")
8. She is aware that some comedy can make audiences uncomfortable, especially when it involves cultural or identity-based themes. (Verbatim: "i could see from like other people that they were just awkwardly like am i allowed to laugh at this or if i laugh at this am i racist")
9. She believes comedians need small venues to practice before performing at larger venues. (Verbatim: "comedians stand-up comedians have to start somewhere right like they've got to have somewhere to practice their stand-up")
10. She is working on improving her comedic timing and delivery for her VTuber streams. (Verbatim: "how can i as a vtuber be funny on stream to my chat slash audience right now instruct me please") [end of text]



1. She has a dynamic chest. (Verbatim: "one of the benefits about it being dynamic is um i don't think um")
2. She dislikes jokes that target people's bodies or personal insecurities. (Verbatim: "i don't know i don't know i don't know i don't know i don't know i don't know i don't know i don't know")
3. She finds the concept of a "no bite diet" confusing and thinks it's a stretch. (Verbatim: "that's such a stretch that is such a stretch that is such such such a stretch like")
4. She is not a fan of horror-themed humor, especially when it involves fear of being "sunken chest" or "no booty". (Verbatim: "i don't know i don't know i don't know i don't know i don't know i don't know i don't know i don't know")
5. She has watched the first film of the Back to the Future series but not the sequels. (Verbatim: "i've only ever seen back to the future one i've not seen the other one")
6. She finds jokes about reality TV and drama to be unappealing. (Verbatim: "no i don't like drama and betrayal no no no no no no no no no stomach shush no drama no betrayal why can't you just be all chilled and survive like")
7. She is familiar with the concept of claustrophobia, which she correctly identifies as the answer to a Christmas joke. (Verbatim: "the answer is claustrophobia because claus santa claus okay")
8. She enjoys sweets and has them available during streams. (Verbatim: "i'll be honest i've only ever seen back to the future one i've not seen the other one so yeah i'm guessing it's a reference to either how many were there like two or three like they're squashies they're so yummy okay")
9. She finds the idea of being haunted by her phone's bank app unsettling. (Verbatim: "i think my phone is haunted every time i look at my bank app the numbers get scarier")
10. She understands and appreciates pun-based humor, particularly holiday-themed ones. (Verbatim: "why was the snowman looking through the carrots he was picking his nose get it get it he was choosing he was picking his nose") [end of text]



1. She has a strong appreciation for the NHS and values free healthcare. (Verbatim: "I'm very very thankful for it because my family have used it a lot and sometimes I think damn if I was somewhere we had to pay for this I'd be so heckin screwed")
2. She has experienced severe hunger during her university years. (Verbatim: "last time I went to hospital was just because they was worried I was starving at university")
3. She has a history of being undernourished while studying at university. (Verbatim: "they were like yeah you're starving and I'm like yeah I am uni student give me give me food like and then maybe I could I could survive")
4. She is not currently hospitalized and has not required medical treatment for serious illness. (Verbatim: "I myself have not had to go to hospital for for really anything")
5. She is not in favor of encouraging others to starve or neglect their health. (Verbatim: "I genuinely do not wish to encourage you to don't know okay okay okay genuinely genuinely I don't like like for realsies okay please look after yourself")
6. She has a personal connection to the concept of private healthcare being expensive. (Verbatim: "private health care here is super super super super super expensive")
7. She acknowledges that private healthcare in the UK shares facilities with the NHS. (Verbatim: "most people don't use it though they don't use it usually the NHS is used um I have big respect for NHS workers yeah yeah yeah NHS is free healthcare hi hi hi hi")
8. She identifies with being a "weeaboo" who plays games and watches anime. (Verbatim: "cause they're heckin' weebs that just play games and watch anime all day. Heck yeah, woo, that's me.")
9. She enjoys puns, particularly those related to VTubers and anime. (Verbatim: "can I have some VTuber and anime puns more puns more puns more puns")
10. She finds jokes about virtual footing to be confusing or unintuitive. (Verbatim: "I didn't get it either. What? You were not prepared. I told you to prepare.") [end of text]



1. She has a fictional persona named "Chibi Ariya" that she occasionally references. (Verbatim: "i'll stay as chibi ariya desu")  
2. She created a fictional lore for her "Chibi Alia" character involving a bag that contains snacks instead of letters. (Verbatim: "the lore for chibi alia is this bag doesn't have letters i threw them all away i put snacks in here")  
3. She has a self-aware, humorous persona that embraces being unfunny as part of her comedic style. (Verbatim: "the unfunny mix makes you appreciate me more")  
4. She values compassion and kindness in her work, particularly in her current role. (Verbatim: "i'm now working in disability support and being able to make a living with compassion and kindness feels great")  
5. She has a strong connection to her audience, often referencing their support in her personal journey. (Verbatim: "your compassion and kindness helped me get here")  
6. She enjoys creating and sharing jokes, even if they are intentionally bad or stretched. (Verbatim: "i spent ages on my autograph... an hour or so on my autograph")  
7. She references a fictional "headpats" desire, indicating a playful, affectionate dynamic with her viewers. (Verbatim: "headpats why don't i have a headpats")  
8. She has a recurring joke about "delivering snacks to my mouth" as part of her character's humor. (Verbatim: "i'm delivering snacks to my mouth heck yeah")  
9. She has a self-deprecating sense of humor about her own jokes, acknowledging they are often unfunny. (Verbatim: "maybe maybe maybe my funnies aren't too bad")  
10. She identifies with a playful, slightly chaotic energy, often using exaggerated expressions and self-awareness in her persona. (Verbatim: "the biggest joke is still me and this awkward smile I can try and do") [end of text]



1. She has a Nicolas Cage body pillow. (Verbatim: "I got a Nicolas Cage body pillow in here")
2. She enjoys eating burgers and treats herself to multiple burgers. (Verbatim: "I'll treat myself to not one, but two burgers.")
3. She has a habit of saving images in her downloads folder for various scenarios. (Verbatim: "Just in case, you know? You gotta have images ready, just in case, of any scenario.")
4. She finds humor in puns and meme culture, particularly AI-related jokes. (Verbatim: "the only thing that flat in the Nelly's chest are these AI jokes")
5. She has a TikTok account with six followers, which she considers a form of fame. (Verbatim: "I have six followers yeah yeah or I also thought someone had joined my account and I was like no that's me")
6. She uses the name "Ellie" as a nickname, which is associated with her persona. (Verbatim: "Ellie is always in my heart, never hide")
7. She references a 60-hour work week, indicating a demanding work schedule. (Verbatim: "60 hour work week is apparently bad for you")
8. She has a fondness for binturongs, as evidenced by having a picture of one in her downloads. (Verbatim: "Oh, I also have a binturong in here.")
9. She values self-care and treats herself to comfort items and food. (Verbatim: "I'll treat myself to not one, but two burgers. Yay! I'm looking after myself.")
10. She is self-aware about her humor and acknowledges that jokes are situational. (Verbatim: "I think jokes are pretty situational as to if they make you laugh or no") [end of text]



