1. Her name is Elia Scolaria, and she is a British VTuber based in England. (Verbatim: "I'm Elia Scolaria, British VTuber... I'm in England right now.")

2. She has a habit of cleaning her PC every few months. (Verbatim: "I clean this PC every few months, I have all the, like, I have the air...")

3. She once found a large number of spiders living inside her old PC. (Verbatim: "I opened it up, and I was like, wow, I got, like, a family living in here... that was my old PC.")

4. She has never replaced the thermal paste on her current PC. (Verbatim: "I haven't replaced the, the, the heat paste ever on this PC...")

5. Her current PC is a few years old. (Verbatim: "how old is this, this PC is a few years old...")

6. She expresses a desire to replace her broken laptop, referred to as "laptop-chan." (Verbatim: "I gotta replace laptop-chan, laptop-chan, RIP, RIP, laptop-chan...")

7. She enjoys sharing fun animal facts, particularly about mosquitoes. (Verbatim: "fun animal fact, by the way, fun, fun animal fact, people get bit by mosquitoes...")

8. She dislikes mosquito bites and finds them unpleasant. (Verbatim: "I don't like mosquito bites...")

9. She believes wristbands are the least effective form of mosquito repellent. (Verbatim: "the least effective mosquito repellent is, is the, is the wristband one.")

10. She is scheduled to play the game *Goose Goose Duck* on Saturday, indicating an interest in it. (Verbatim: "Goose Goose Dock, which I am playing on Saturday.") [end of text]



1. She associates herself with a bunny motif and refers to herself as a bunny. (Verbatim: "I'll be the hardest working bunny in the field.")
2. She has a recurring interest in or aspiration to stream a game called *Bunny Garden*, which currently crashes her PC. (Verbatim: "I will get my Bunny Garden stream. I will. I just need to figure out why. It's Bunny Garden specifically. Bunny Garden breaks my PC.")
3. She received a free sausage roll from YouTube as part of being accepted as a YouTube partner. (Verbatim: "YouTube sent me an email being like, 'You're a YouTube partner. Here, have a sausage roll.'")
4. She prefers a sausage roll over a YouTube Play Button, humorously stating the Play Button isn’t edible. (Verbatim: "You want a YouTube play button? No, sausage roll. Which is fair, 'cause I'll be honest... You can't eat a YouTube play button.")
5. She has a tendency to overthink and over-research simple purchasing decisions, such as buying pillowcases. (Verbatim: "You need to buy pillowcases, okay? You think it'd be simple, just go buy pillowcases. It's not that simple, no. I need to look up and research different fabric type...")
6. She values kindness and forgiveness, and believes in giving people the benefit of the doubt. (Verbatim: "The main thing is, for me, for me, a big thing is just to never villainize anybody... People aren't villains. I like to believe people are good, you know?")
7. She follows a personal principle she calls "rule zero," which is to keep being kind. (Verbatim: "I'm just gonna... I'm just gonna keep following rule zero. Just keep being being kind.")
8. She has technical difficulties with PC performance, particularly games running at uncapped frame rates causing issues. (Verbatim: "I think maybe the frame rate isn't capped or something. 'Cause I had a similar issue with the frog detective.")
9. She expresses difficulty making decisions and dislikes the effort involved in upgrading her computer. (Verbatim: "I'm also not very good at making decisions. I'm the kind of person... I don't wanna go with the effort of replacing computer. It's just a lot of effort.")
10. She humorously claims to have dreamed of receiving a YouTube Play Button, which she says tasted like metal when she ate it. (Verbatim: "Not that I have one from a dream I had. They're surprisingly heavy... Honestly, it just tasted kind of like metal.") [end of text]



1. She sees herself as an anime girl whose purpose is to bring joy to people. (Verbatim: "I am just an anime girl who wants to bring people joy. Nothing more complicated. It's just that simple.")  
2. She believes people are inherently not bad, just flawed and human. (Verbatim: "I don't think people are bad. I think people are just people. We all suck.")  
3. She embraces imperfection and encourages others to accept being imperfect together. (Verbatim: "So, let's be trash, but be trash together.")  
4. She is currently in England. (Verbatim: "That's not true for catching me though. I'm back. I'm back in England.")  
5. She has a slime as a companion or pet. (Verbatim: "Yeah, I've been hanging with the slime.")  
6. She had an afternoon tea with her slime and considers it a wonderful experience. (Verbatim: "There's one that I didn't post that I needed to have a wonderful afternoon tea that we had together.")  
7. She was previously self-conscious about showing her arms due to fear of judgment. (Verbatim: "For real, I was so scared to show my arms. I don't know, like what, I don't know. I feel like people might have judged my arms or something.")  
8. She describes her arms as thin and lacking muscle, jokingly calling them "noodle arms" or "spaghetti-er." (Verbatim: "They're noodle arms, they're very... There's no muscle or anything. It's just straight up spaghetti-er.")  
9. She has little body hair, only on her head, and finds it noteworthy. (Verbatim: "I don't have a lot of, there's not a lot, like, in terms of hair, it's just the hair on my head.")  
10. She refers to her audience as "vtrooper wifu," indicating a playful, affectionate community name. (Verbatim: "You're the best vtrooper wifu ever and you can't change my mind.") [end of text]



1. She is scared of loud noises and balloons popping. (Verbatim: "Balloons actually scare me because i'm so scared they're gonna pop" / "loud loud noises scare me like like if i hear a loud noise i'm like like cry")
2. She grew up with cats. (Verbatim: "i actually grew up with cats and i think the most interesting thing is when you have a cat")
3. She has a fear of balloons popping in her face. (Verbatim: "has anyone ever tried to blow up a balloon and it popped in their face because like that's a fear of mine like big fear")
4. She is not skilled at blowing up balloons. (Verbatim: "fun fact i'm not very good at blowing up balloons but i can try")
5. She played League of Legends for 10 years. (Verbatim: "and i played it for 10 years yeah no soul")
6. She identifies as a "sweet" League of Legends player, avoiding salty (toxic) behavior. (Verbatim: "i am a sweet league of legends player no salt no salt ever")
7. She mentions having brothers, indicating she has siblings. (Verbatim: "mama ellie is not allowed to snip the hair of me or my brothers")
8. She had a sibling (older brother) whose ear was accidentally cut during a haircut. (Verbatim: "she snipped the ear of older ellie bro i opened it let's go")
9. She painted her nails for her audience. (Verbatim: "my nails are pretty i painted them just for you guys")
10. She is relatively new to Twitch and is still learning its features. (Verbatim: "as you can tell i'm reasonably newish for twitch and i'm still learning") [end of text]



1. She has a mother who enjoyed gambling, which the VTuber associates with card magic tricks. (Verbatim: "my m-m-m-m-mother just liked gambling")

2. She enjoys performing card magic tricks and has an interest in magic. (Verbatim: "no mama mama elia loves card magic tricks so she would always do them to me")

3. Her preferred term for cotton candy is "candy floss." (Verbatim: "candy floss not cotton candy or any other silly name it's candy floss")

4. She loves eating candy floss and finds it delicious, though notes it can melt in hot weather. (Verbatim: "oh my god heck yeah I love candy floss yeah although if you eat it somewhere hot it can melt oh my god so yummy")

5. She once saw large flower-shaped candy floss in Japan and wanted to try one but was unsure if she could finish it. (Verbatim: "I saw a candy floss place these like big flower ones I really wanted one but I don't know if I could eat it all")

6. She has an interest in RPG-style progression systems and jokes about gaining stat points on birthdays. (Verbatim: "do i get level up points like i can rpg stats like so each time it's my birthday i get plus one stat")

7. She considers herself socially skilled and jokes about having high "riz" (charisma/coolness). (Verbatim: "social riz riz should i put it in riz probably should")

8. She is interested in creating streams where she follows internet advice, such as on how to flirt. (Verbatim: "i need to do one of how to flirt i'll figure it out heck yeah")

9. She identifies with the title "Science God," suggesting it as part of her persona. (Verbatim: "science god doesn't need to level up her wrist")

10. She describes herself as talkative and unable to stay silent for long, calling herself a "yapper." (Verbatim: "i got too much yap i'm too much of a yapper my yapping instincts are too high") [end of text]



1. She is a British VTuber. (Verbatim: "hi i am elias velaria and i am a british vtuber please don't leave me um")
2. Her full name is Elia Stellaria. (Verbatim: "hi i'm elia stellari a british vtuber professional zatsu streamer")
3. She is a full-time professional streamer who streams almost every day. (Verbatim: "i'm actually a professional full-time streamer um i i normally like well yeah i stream like pretty much every day um")
4. She worked at a zoo in the past, where she prepared fruit for animals. (Verbatim: "i remember like my first few days working at the zoo i um i'll be honest i had no idea how to cut the fruit and i had to prepare the fruit for the animals")
5. She has a kalimba and previously owned a melodica, indicating musical instrument experience. (Verbatim: "i have my kalimba i guess the kalimba's here... no damn it okay i had a melodica i don't know where it is")
6. She aspires to have a shelf full of bunny girl figures. (Verbatim: "my dream is to have a shelf full of bunny girls")
7. She likes oversized t-shirts paired with thigh highs as her favorite outfit style. (Verbatim: "my favorite kind of outfit is like a oversized t-shirt with thigh highs is the best is the best it's superior")
8. She is interested in learning how to cut fruits properly, especially pineapples. (Verbatim: "i was watching a bunch of videos about how to cut pineapples um and i feel like i kind of want to buy a pineapple and get a knife and um and cut it")
9. She was often excluded from the kitchen during her childhood. (Verbatim: "i used to get kicked out of the kitchen i used to get kicked out of the kitchen and yeah it was like")
10. She identifies as a "pro zatsu streamer," indicating her content style is casual and varied. (Verbatim: "hi um i am elia scolaria british vtuber professional zatsu not a goose") [end of text]



1. She is a British VTuber. (Verbatim: "i'm ellia stilaria british vtuber part of the professional zatsu")
2. Her natural accent is that of an English farmer. (Verbatim: "my natural accent is that of an english farmer")
3. She has a master's degree in AI. (Verbatim: "i may have the stupid but i also have a master's in ai")
4. She is back in England, implying she has spent time outside of England. (Verbatim: "i'm back in england y'all")
5. She owns a two-meter goose plush that sleeps on her bed. (Verbatim: "we don't question the two meter goose that sleeps on my bed")
6. She considers herself professionally awkward and bad at communicating with people. (Verbatim: "professionally awkward heck yeah you guys want awkwardness you're in the right place")
7. She has a sibling, referred to as "ellie bro," with whom she played with rubber bands as a child. (Verbatim: "say we've got ellie bro and it's like yo let let's play a game")
8. She is interested in playing FPS games and is open to community suggestions for which ones to try. (Verbatim: "how would you guys feel if I started playing FPS I don't know which FPS though you guys could choose")
9. She previously associated HMV with music and only recently noticed it selling anime and merch. (Verbatim: "i never realized for the longest time it's like so it's this store that used to mostly do like i don't know like music i guess")
10. She expresses self-deprecating humor about her real-life skills compared to gaming, calling herself a gamer whose IRL skills can't keep up. (Verbatim: "ellie is such a gamer her irl skills can't keep up") [end of text]



1. She has an older brother nicknamed "Ellie bro" who is involved in her streaming plans. (Verbatim: "Ellie bro is gonna come up with me... apparently it can be streaming is a bit nerve-wracking.")

2. She studied for and obtained a master’s degree in England, primarily to delay adult responsibilities. (Verbatim: "the reason my mate most most most people do is to avoid the responsibilities of life for another year in a very expensive way.")

3. She attended university in England, where she experienced early morning lectures and lived on a tight budget. (Verbatim: "early morning lectures and living off meagering noodles living off 35 peak garlic bread.")

4. She is a self-described trusting and somewhat naive person. (Verbatim: "I'm a very trusting person okay I like to trust trust I do and trust I shall I've been told I'm a bit on the naive side.")

5. She once visited Japan and rode two scary roller coasters there. (Verbatim: "when I was in Japan I actually went on a roller coaster I went on two scary roller coasters.")

6. She is considering doing more reading streams because some viewers enjoy her reading voice. (Verbatim: "also because i think i think some of you like my reading voice i think i think it'd be like a bedtime story kind of.")

7. She identifies as a scientist, possibly academically or by field of study. (Verbatim: "I am a scientist.")

8. She finds the idea of pursuing a PhD daunting due to its length and lack of job security. (Verbatim: "a doctorate is a lot more even more work... we're talking like four four years ish for a PhD and you don't have any guarantee afterwards.")

9. She has a habit of starting tasks but getting easily distracted, especially when unpacking. (Verbatim: "every time I start I get distracted... I have two suitcases that need unpacking.")

10. She is planning to wear a goose-themed outfit in the future for her streams. (Verbatim: "I do have a goose outfit in the works.") [end of text]



1. She owns a giant two-meter goose plush. (Verbatim: "I should take a picture of this plush next to my giant two meter goose plush.")
2. She refers to herself as "maidenless" and jokes about being on a "maiden mission." (Verbatim: "I'm maidenless. I'm trying to get maidens. I'm on a maiden mission.")
3. She expresses interest in playing Castlevania on stream. (Verbatim: "I really want to play Castlevania on stream. I really do.")
4. She claims to give off an "oldest sister vibe" and jokes about being wise due to having many birthdays. (Verbatim: "Am I not considered, do I not give off? Reliable, oldest sister kind of vibe, right?")
5. She mentions having a basement where she humorously claims to wait after streams. (Verbatim: "Why do you think I'm waiting in the basement right now?")
6. She jokes that her bed is open and offers emotional support. (Verbatim: "Remember, failure breeds success. And my bed's open, wink.")
7. She references a "Delulu Goose" as a source of wisdom she follows. (Verbatim: "I always take advice from the Delulu Goose.")
8. She mentions being helped by someone named Siren, who gave her a tool with two screws. (Verbatim: "Siren's been helping. She gave me a tool screw of two screws.")
9. She is still learning how to use Twitch and is actively working on improving her channel setup. (Verbatim: "I'm still learning the way of twitch yeah.")
10. She humorously claims to be excited about getting rabies. (Verbatim: "I am gonna be infected with rabies. I am so excited.") [end of text]



1. She has a fascination with raccoons and jokes about wanting to be bitten by one. (Verbatim: "Cause I couldn't find a heckin raccoon in America / But I will find one / In the future")

2. She identifies as British and references cultural differences in the UK, such as the absence of Kool-Aid. (Verbatim: "We don't have Kool-Aid in England / But whatever the British equivalent is, / I will have that.")

3. She enjoys British Indian curry and distinguishes it from other cuisines. (Verbatim: "It's British Indian curry, though. / It's different. / It's like you get British Chinese.")

4. She has a strong preference for pizza and considers pizza parties exciting. (Verbatim: "Oh, my mouth just watered so much then, I really want pizza.")

5. She once took a family trip to Japan. (Verbatim: "I was in Japan on a family trip and was about to take off to get back")

6. She experiences physical exhaustion and loss of sensation in her limbs when lethargic, and takes iron supplements. (Verbatim: "Normally when I'm lethargic, I usually just lose the feelings in my leg... And I lost the feeling all the way up to my arms.")

7. She jokes about being part of a cult, though denies it seriously. (Verbatim: "It's not a cult! No, no, it's not a cult. It's not a cult.")

8. She describes herself humorously as a "biblically accurate angel." (Verbatim: "I'm a special kind of angel. / Biblically accurate angel here.")

9. She expresses self-consciousness about being recognized in public as a VTuber. (Verbatim: "I hope that if anyone does / ever accidentally / see me / they're not disappointed I guess")

10. She is working on growing and becoming more confident, referencing personal growth. (Verbatim: "But I am growing / I'm growing / I'm gonna be a big girl") [end of text]



1. She has a strong affinity for bunny girls and bunny-themed merchandise, expressing a desire to collect bunny girl figurines. (Verbatim: "Honestly, I'm 100% serious when I say I want to build a shelf full of bunny girls.")

2. She finds bunny ears and cat ears appealing and would embrace becoming a cat girl or bunny girl if it happened. (Verbatim: "If I woke up one day and had bunny ears or cat ears, I would not want them to be removed. I would like to keep them and embrace my new cat girl bunny girl life.")

3. She expresses a desire to have a 3D model so she can hop around, indicating a future goal related to her VTuber persona. (Verbatim: "Yo, if I had a 3D model, you could see me hop around one day.")

4. She has been to Japan and saw bunny girl figurines there, which intensified her desire to collect them. (Verbatim: "I saw so many bunny girl figurines in Japan and I wanted to buy them all so so so so so badly.")

5. She tried a sausage roll at Mr. Donuts in Japan and found it "alright." (Verbatim: "I went to Mr. Donuts and I got a sausage roll. It was alright.")

6. She has an interest in singing and plans to release more music covers and do a karaoke stream in the future. (Verbatim: "I need to release another cover soon... I feel confident enough to do a karaoke, but I need to settle in a bit more.")

7. She speaks quickly when excited and actively tries to slow down her speech during streams. (Verbatim: "I like to speak fast. I actively try and make sure I don't speak too fast. Cause when I get excited, I speak really fast.")

8. She references a fictional or humorous backstory involving a goose inspiring her to become a star to pay off a debt. (Verbatim: "In my past, precisely one year ago, I saw a beautiful, cute and lovely goose. And I'm off to become a star to pay off my one million...")

9. She values making people smile and considers a stream successful if she made at least one person smile. (Verbatim: "If I could make anyone slightly smile today, then I had a good stream. That's basically my standard for what's a good stream.")

10. She jokes about being unable to fly with her wings and finds the idea scary. (Verbatim: "Can't fly though, it's scary.") [end of text]



