1. She lived in Tokyo for six years. (Verbatim: "i live in tokyo for six years p.s please visit sketchy if you got time")

2. She has a prescription for iron supplements. (Verbatim: "my medicines are okay um i have to have i got time... my medicine should be okay because the medicine i have is is um iron")

3. She uses the NHS in England to reorder prescriptions via an app. (Verbatim: "in england you have the nhs and they have an app where i can just like i can um re re reorder prescriptions easily")

4. She associates scopsidios with her favorite cereals. (Verbatim: "scopsidios are my favorite cereals")

5. She had a past experience where her mother ("mama elia") caused a security alarm while traveling to Asia Land due to medication in her system. (Verbatim: "you know what happened with mama elia um when we were on our way to asia land... it heckin beep beep beep and then they were getting out like all the people all the security")

6. She is capable of staying calm in stressful situations, as shown when helping her mother during a security incident. (Verbatim: "i was like yo mama elia show your prescription please just show up your heckin prescription because i felt like it was escalating in a bad direction")

7. She prefers using colored pens, especially pink, and resents being restricted from using them in school. (Verbatim: "nobody's gonna stop me now yeah so i don't think i've ever used this um i don't think i've ever used this pink pen")

8. She owns a notebook with a cute Tokyo-themed design. (Verbatim: "this one literally says tokyo on the front it's it's really cute it's really cute it says tokyo and has pictures of of things in tokyo on it but it's like drawn in a cute way")

9. She is preparing for travel to Japan and needs to bring a travel adapter, which she notes is different for the UK (three-prong). (Verbatim: "travel adapter i actually haven't got these yet... oh yeah it's not the three i have the three prong")

10. She mentions bananas in the context of travel and cost, suggesting an interest or habit around them. (Verbatim: "allowed to bring bananas to Japan I've never brought fruit grilled grilled is good oh yeah yeah... banana is expensive how much is a banana") [end of text]



1. She was born in Germany, not England. (Verbatim: "okay so as you know i wasn't born in i wasn't actually born in england i was born in germany")

2. She traveled to Asialand as a baby with her family, separated into two flights. (Verbatim: "i actually me and my family went to asialand first actually when i was a baby... we had to fly to asialand but first older bro went with papa elia and i went with mama elia and it had to be separate fights")

3. She was a very quiet baby, in contrast to her older brother who cried loudly. (Verbatim: "i was a very quiet baby i didn't really make much noise i was just vibing")

4. Her aunties tried to make her cry because she was too quiet as a baby. (Verbatim: "my aunties used to try and make me cry just so i could make a noise for them")

5. Her older brother was loud and energetic as a child, described as a "heckin screaming nugget of a person". (Verbatim: "ellie bro heckin screamed city non-stop heckin noise heckin heckin energetic screaming nugget of a person")

6. She was physically bullied as a baby by her older brother, who slapped her. (Verbatim: "i was bullied as a heckin baby okay by my heckin... and then him being like slap across the face")

7. She has a British background or strong connection, referencing British plugs, sarcasm, and living in England. (Verbatim: "it's my british heckin sarcasm okay british sarcasm don't sue me for being british")

8. She once worked in an office in England where a melted fuse in a heater caused a fish-like smell. (Verbatim: "i remember if i ever smell fish and i'm not cooking fish um check the heck in plugs... it turned out it was um it was um what you call it um the fuse melting on the heater that was by my desk")

9. She associates the smell of melted fuses in UK plugs with the smell of fish. (Verbatim: "the fuse when it melts heckin stinks of fish like genuinely stinks of fish")

10. She has previously spent a month in Japan. (Verbatim: "i spent a month there ah any advices feel free to eat me any advices") [end of text]



1. She cannot use in-ear earbuds and prefers flat earphones due to discomfort. (Verbatim: "i can't use earbuds i can't use earbuds i don't i i don't know why like you know when you get like the little earbuds um i can't i i always have to have the non in-ear ones")

2. She has difficulty using forks to eat noodles and finds chopsticks superior. (Verbatim: "i just don't like using forks to eat noodles it heckin it's just it just feels yeah yeah yeah yeah chopsticks are heckin superior")

3. She uses a knife and fork to eat spaghetti, which she humorously refers to as a "crime against Italian food." (Verbatim: "if i have spaghetti i have a fork and a knife and then i drop the spaghetti up so then i can like scoop it up with the with the fork")

4. She was trained to use chopsticks from a young age and takes pride in her skill. (Verbatim: "i was heckin trained on on chopsticks yeah yeah yeah yeah but forks i struggle with")

5. Her favorite food is spaghetti. (Verbatim: "spaghetti is literally my favorite food")

6. She associates Heinz Spaghetti Hoops with her childhood and her brothers’ preferences. (Verbatim: "spaghetti hoops was what both my brothers would always have i personally didn't like spaghetti hoops but but they heckin loved")

7. She plans to buy sunglasses in Japan because she prefers Asian-style frames over those available in England. (Verbatim: "my plan for sunglasses is to buy them in japan because i don't know i think i was talking to the optician... glasses designs are more designed for like asian faces")

8. She has a machete stored in a case, which is currently rusted and stuck. (Verbatim: "yo i could give you a photo of my machete if i could get it out of the heckin case it comes in because it's rusted in there and it's stuck")

9. She previously used research gear during university jungle-related activities and still possesses some of it. (Verbatim: "i have a bit of the research gear from from uni from my jungle times but but don't tell them that because um they wanted me to give it back")

10. She owns a traditional compass and plans to use it along with her phone for navigation. (Verbatim: "i have a traditional compass yeah okay yeah i'll bring my traditional compass") [end of text]



1. She has small feet, UK size four, which sometimes fall into the kids' shoe category. (Verbatim: "oh well it's uk size four yeah... sometimes i'm on the border between kids and adult shoes")

2. She owns and highly values Adidas Ultra Boost trainers, having bought two pairs in different colors. (Verbatim: "i've got one in one color one in like a black color and then i've got one in a light color... i can love them i might buy some more")

3. She previously worked in retail, specifically in clothing stores, where she was known for her fast and precise folding skills. (Verbatim: "i worked in club shops and i was a heckin clove for folding... they used to call me the flash folder")

4. She is planning a trip to Japan, including visits to Tokyo and Kyoto. (Verbatim: "my trip so to give some context to my trip it's not just in tokyo i'm doing i'm traveling around through a few different parts of japan because yeah like um they're not small gremlin bites i want to go to places like um kyoto um and etc yeah")

5. She finds Japanese train systems confusing and overwhelming, similar to her experience with train stations in England. (Verbatim: "trains are um i don't use them too often in england... i started trying to research japanese trains and was like oh gosh there's so many different things to learn")

6. She prefers strong insect repellent and sunblock, especially after using maximum strength products during time spent in the jungle. (Verbatim: "i usually get like the strongest higgin stuff... this is what i used um that i recommend this is what i used")

7. She once spent months in a rainforest and only got one mosquito bite, on her forehead, due to thorough use of insect repellent. (Verbatim: "i spent months okay in the rainforest and i only got bit once by mosquitoes... the one place i got bit was right in the middle of my forehead")

8. She used vacuum travel bags with a hand pump to save space while packing, a tip she received during her student days. (Verbatim: "you get vacuum bags where you don't need to use a vacuum you can just use like it comes like a little travel pump... to me when i was a student")

9. She prefers very strong, high-protection skincare and insect protection products, emphasizing the importance of looking after her skin. (Verbatim: "same when it comes to sunblock and stuff i like having strong sunblock because um higgin gotta look after your skin right")

10. She plans to use a travel card that holds Japanese yen to avoid conversion fees when withdrawing cash in Japan. (Verbatim: "i can withdraw cash on this hicken travel card so i do the exchange rates and then the money is actually kept on the card in japanese yen") [end of text]



1. She suffers from frequent mouth ulcers (malfalcers) caused by a specific chemical in toothpaste. (Verbatim: "there's one ingredient in toothpaste that gives me malfalcers um so i have to avoid it")
2. She does not have any allergies aside from the toothpaste sensitivity. (Verbatim: "i don't have any all i have is the heckin issue with mouth ulcers but in terms of actual like allergy allergies no allergies")
3. She struggles to fall asleep on airplanes. (Verbatim: "i've always always always struggled to heckin fall asleep on a plane like like i've just never been able to do it")
4. She plans to travel to Japan from London, with a flight duration of approximately 13 to 15 hours. (Verbatim: "from london town to heckin tokyo... direct seems to be about 14 hours")
5. She intends to visit Okiyama, a city 40 minutes west of Osaka by shinkansen, which has a garden, shrine, and castle. (Verbatim: "there's this nice small city a 40 minute shinkansen ride west of osaka called okiyama we have pretty garden big shrine and a cool castle")
6. She likes using cute plasters (band-aids) with pictures on them. (Verbatim: "i like to get the ones with the cute pictures on it")
7. She prefers to clean her desk only when expecting visitors, not for herself. (Verbatim: "i'll clean if there's like i don't know if i have say um family visit or whatever then i i will clean but if it's just for me then then yeah yeah")
8. She is considering playing *Tears of the Kingdom* during her flight. (Verbatim: "gotta take my switch... played some tears of the kingdom")
9. She uses a Kindle and brings a power adapter when traveling. (Verbatim: "i need to remember to bring again kindle kindle yeah yeah yeah got power adapter")
10. She is interested in differences between English and Asian makeup trends. (Verbatim: "i find you can find okay so so so so so so much on like the differences between english and asian makeup") [end of text]



1. She is planning a trip to Japan for the entire month of July. (Verbatim: "i will be in japan for pretty much the whole of july")

2. She intends to create vlog-style content during her trip, including top 10 recommendations for places and foods in Japan. (Verbatim: "v-vlog hikin v-vlog where i'll be like hi guys i've been to japan and these are my top 10 places that i highly recommend you go to")

3. She is working on a new character model which will not be ready by the time she returns from Japan. (Verbatim: "my new model is still being worked on um it won't be ready for when I'm back")

4. She plans to record vlog footage in Japan but delay publishing full videos until her new model is ready. (Verbatim: "my plan is to do like videos um and then what I can do is record me talking about it and stuff um at a later point in my new form")

5. She is scared of roller coasters and finds them traumatizing. (Verbatim: "I'm very very very very very very very very very very very scared of roller coasters")

6. Her mother, referred to as "mama Elia," used to scare her by describing in detail how roller coasters would fail and cause her harm. (Verbatim: "mama Elia would always very very very very accurately describe how a roller coaster would fail and how I would be unalived in great detail")

7. Despite her fear, she plans to attempt riding a roller coaster at Nintendo World in Japan. (Verbatim: "when I go to Nintendo World I will I will do my best to to to go onto the roller coaster to experience it")

8. She mentions the possibility of doing a Twitter Space from a roller coaster, indicating interest in live audio content. (Verbatim: "do you think I get you think I could get away with doing a twitter space like a roller coaster could I is that possible")

9. She wears makeup occasionally, depending on the occasion, but does not wear it daily. (Verbatim: "i don't know it depends on the like occasion and the time there's obviously a difference between like sort of i don't know like events and stuff how much to wear")

10. She has a habit of wearing hoods on her coat in winter to protect against wind, even when it's not raining. (Verbatim: "in winter it'd be my coat um that i'd wear and i could just slap the hood up um even if it wasn't raining i'd slap the hood up because i'd be like it helps it does help with the wind") [end of text]



1. She has two brothers and is the middle child. (Verbatim: "i was the heckin middle child so yeah like like that's yeah")
2. Her parents used to scare her with stories about being kidnapped and having her organs sold, which they did not do to her brothers. (Verbatim: "mama elia would also go into details about the way i'd get unalived if i went outside and kidnapped and yeah all sorts but it only applied to me")
3. Her parents justified restricting her more than her brothers by saying she was more likely to be kidnapped because her brothers were “ugly” and she was not. (Verbatim: "yeah no one's gonna want to kidnap them um it's so stupid like i heckin rude as well")
4. She felt her parents treated her differently due to being a girl, which she questioned and resented. (Verbatim: "i definitely was treated differently um for being for because because i'm a girl")
5. She struggled with focus and staying awake during university lectures. (Verbatim: "the focus hekim was not there okay focus non-existent um yeah so")
6. She skipped all her university lectures and preferred to learn by watching recordings, writing, or discussing. (Verbatim: "i never turned up for my lectures um yeah ever")
7. She earned a master’s degree in the UK, where master’s programs typically last one year. (Verbatim: "i'm up to master's degree should have been heckin doctor but i don't wanna")
8. She considered pursuing a doctorate for the title but decided against it due to the long time commitment. (Verbatim: "the title would have been really heckin cool... but yeah i think for like for like a master's so in england masters are done for like um we only do them across one year")
9. She believes formal education does not necessarily equate to being “smart” and is interested in alternative measures of intelligence. (Verbatim: "but it doesn't necessarily make somebody smart you know as you can see i have masters but am i smart who knows")
10. She owns a book about measuring intelligence across different species, particularly critiquing human-centric intelligence tests. (Verbatim: "i have a really cool book on it um about the measure of intelligence um across different species") [end of text]



1. She is British and holds a British passport. (Verbatim: "yep got my british passport i can yep")

2. She is half Asian, which she notes might make her British identity less immediately apparent. (Verbatim: "i'm half asian um so my britishness might not come across as well as as one may expect it to but yeah i'm british")

3. She recently finished high school and is about to start college. (Verbatim: "now i'm going to be starting college this year since i finished high school recently")

4. She has difficulty remembering faces, which is why she uses a Polaroid camera to take photos of family and others. (Verbatim: "mostly because i can't remember faces so i try and take pictures of like family and stuff")

5. She owns a Polaroid camera and keeps the photos in a small album. (Verbatim: "i have a little um polaroid yeah i have a polaroid that i use um that i take pictures on and i have i have a little um photo album that i put the pictures in")

6. She graduated top of her class and received an award for academic achievement. (Verbatim: "you already know i heckin got got my heckin award for forget graduating top of my class")

7. She completed a Master’s degree, which typically takes one year in the UK after a three-year bachelor's. (Verbatim: "bachelors are like typically three years and then um yeah sometimes you can have an integrated one though... masters one year kind of thing")

8. She applied for a PhD program during her Master’s but ultimately decided not to pursue it due to lack of passion compared to others in the field. (Verbatim: "i felt like someone else was definitely a lot more deserving of the position... i provided the opportunity to somebody who more than likely deserves it")

9. She experienced a six-month existential crisis during her Master’s, questioning her passions and life choices, especially in relation to parental expectations. (Verbatim: "six months of that i spent having existential crisis as to what i should do after")

10. She considers becoming a VTuber the first major life decision she made independently, free from external pressures. (Verbatim: "this path that i've taken is like the first time in like my whole life where i've i've actually sort of picked this is the sort of path that i fully picked without without the pressures or um influences") [end of text]



1. She applied for medicine initially due to parental pressure to become a doctor. (Verbatim: "i applied for medicine um originally because i want my my parents wanted me to be a doctor doctor")  
2. She ultimately chose a science field instead of medicine, feeling she still partially followed her parents' expectations. (Verbatim: "but then i was like that was that was the other point of which i changed my mind but still kind of stuck to their path by doing science")  
3. She has researched British universities, including student finance, city rankings, and institution types like polytechnic or red brick. (Verbatim: "i couldn't provide more info i can provide a lot of info on like um like information regarding like student finance with british universities and stuff")  
4. She is planning a trip to Japan in July, though the exact date is undisclosed for privacy. (Verbatim: "i said july so that's why that's why i made sure my because you all know it's definitely july")  
5. She gets overwhelmed by emotional moments and may cry during significant experiences, such as her Japan trip. (Verbatim: "maybe i'll just take and cry i can't i still can't believe it")  
6. She believes in the kindness of people but is aware of stranger danger and plans to stay cautious while traveling. (Verbatim: "people are heckin nice i believe in the kindness of human beings at least i'd like to")  
7. She has a habit of forgetting important checklists and worries about forgetting travel essentials. (Verbatim: "this checklist has a lot of important stuff on it that i will most definitely forget")  
8. She is excited to visit Akihabara and buy anime merchandise without shame, embracing her fandom. (Verbatim: "i'ma go to them he can make cafes i'ma he can yeah yeah get all my my my cute anime figurines heck yes heck yes no shame no shame none")  
9. She identifies with being "the Rock" in a fictional or roleplay context, as confirmed by an AI-generated story. (Verbatim: "i'm the rock disguised as the rock yeah as confirmed by our ai story")  
10. She aims to bring joy to others and sees making people happy as her mission. (Verbatim: "i'll always always always always be doing my best is to try and make you happy and try and bring people joy it's my mission") [end of text]



