1. She struggles with making purchasing decisions due to over-researching. (Verbatim: "I'm the kind of person that really struggles to buy anything okay because I just fall into some weird rabbit hole research")
2. She researched various bed sheet materials for softness, cleaning frequency, and ironing requirements. (Verbatim: "I literally researched like so many different kinds of materials like in terms of like what's good for softness which is good for you frequently cleaning")
3. She has a habit of not hydrating enough, leading to headaches. (Verbatim: "I should have picked up more water wait damn it all I have are empty bottles what is the point why do I keep so many empty bottles on my desk")
4. She experiences headaches as a result of low hydration, which she compares to a negative status effect. (Verbatim: "my head it hurts yeah I gotta down how much water until I feel like it's literally like a negative status effect")
5. She enjoys playing League of Legends, despite its challenges. (Verbatim: "these bugs don't want me to play which just makes me want to play it even more")
6. She finds the idea of drinking shower water absurd and dangerous. (Verbatim: "you can't drink shower water you're not supposed to drink any of the water in the bathroom")
7. She uses a VPN to maintain privacy while browsing online. (Verbatim: "I have my VPN I need to Higgin sort that out")
8. She is concerned about revealing her location while browsing online. (Verbatim: "I don't want my location to come up yeah yeah where is oh my wait no that's that's not a")
9. She finds banana-themed socks visually appealing but is unsure whether to purchase them. (Verbatim: "they're so cute weird should I should I they're so appealing")
10. She has difficulty interpreting ambiguous images, such as one that appeared to show a four-legged creature. (Verbatim: "where then I then I was like oh it's it's two right like two people but my brain didn't decide to come to that conclusion instantly") [end of text]



1. She has a tendency to be disorganized with personal items like bottles and lids. (Verbatim: "I also have a very bad habit of not putting the lids back on bottles")
2. She enjoys drawing and creating art during streams, often involving whimsical or absurd concepts. (Verbatim: "I want to draw I want to draw I've got got the urge to draw we shall draw")
3. She finds humor in absurd or surreal situations, such as creating a sentient banana with clothing. (Verbatim: "it becomes sentient and grabs some socks a pink leotard and a tie")
4. She has a playful, self-aware sense of humor about her online persona and the community's reactions. (Verbatim: "we're not a cult we're not a cult if we're a cult what is this")
5. She is involved in organizing events like the "base building competition" on her channel. (Verbatim: "I can organize the base building competition")
6. She has a fondness for socks, particularly those with unique or whimsical designs. (Verbatim: "I'm quite tempted by our banana hood socks")
7. She has a habit of making up fictional creatures or species during streams, such as the "banana haute". (Verbatim: "we've discovered a new creature indeed we have nature is truly beautiful")
8. She references a fictional or playful backstory involving a goat, possibly as part of her in-character lore. (Verbatim: "it's one of our goats no it's not a sacrifice though we don't sacrifice goats in this cult")
9. She has a creative interest in combining animals and clothing in imaginative ways, such as giving a giraffe or banana a leotard and tie. (Verbatim: "we can give it a fancy tie because why not i'm feeling fancy today")
10. She occasionally references her own appearance in relation to her fan-made content, such as socks resembling her. (Verbatim: "are you actually wait are you wearing these socks so going at yo are they good elia socks no there's") [end of text]



1. She has small feet, specifically UK size four. (Verbatim: "I have small feet, okay, I have size, I have UK size four")
2. She has proportionally long legs despite having small feet. (Verbatim: "I have technically like proportionally long legs")
3. She is working toward a goal of revealing her feet with socks on if she reaches 50,000 YouTube subscribers. (Verbatim: "if I hit 50k subscribers on youtube I would show you guys my feet with socks on")
4. She previously used a temporary model before her current one, which she refers to as her "pre-debut model." (Verbatim: "my second stream ever as elliot that was back when I was in pre-debut with my temporary model")
5. She has a past version of her VTuber model that she has put away and no longer uses. (Verbatim: "we put her away we put her away she haiken gone")
6. She is open to fan suggestions for socks and has received them during streams. (Verbatim: "you can send me sock suggestions, yes, you can")
7. She has a fondness for anime-themed socks and is considering purchasing them. (Verbatim: "we'll do anime socks first")
8. She is interested in investing in stocks, though she admits she knows nothing about them. (Verbatim: "I know nothing about stocks.")
9. She has a playful, self-aware sense of humor about her online persona and stream antics. (Verbatim: "I'm not gonna get hickin bamboozled, you can't bam my boozles")
10. She has a history of creating and using multiple versions of her avatar in streams, including a side-by-side appearance of herself. (Verbatim: "there's four Elias I can only see two") [end of text]



1. She has proportionally long legs. (Verbatim: "odd because I have technically like proportionally long legs")
2. She values thoughtful gift-giving and researches presents extensively. (Verbatim: "I do put a lot of thought into it like I always I love buying presents for people")
3. She once received bamboo as a gift from a friend who said it reminded them of her because she is "part ish". (Verbatim: "they got me bamboo and said I saw this and thought of you and I was like why and then she was like cause you're part ish")
4. She owns a large monstera plant that has survived for four to five years without regular watering. (Verbatim: "I've actually had that monstera now for like four or five years")
5. She identifies more with British culture than her actual origin, having been raised in the UK. (Verbatim: "I feel like I'm more british than because I'm raised here")
6. She finds Shrek's face unsettling and frightening, particularly due to inconsistent facial features across socks. (Verbatim: "some reason shrek's face scares me like like wait let me zoom in like look at that face")
7. She is uncomfortable with being part of a fan Discord server, preferring to maintain boundaries. (Verbatim: "I don't wish to be you know it's your space it's your space you know it's your space")
8. She believes maintaining boundaries helps create a more welcoming environment for her audience. (Verbatim: "I feel like people feel more welcome and it's easier it's because of that")
9. She is self-aware of how her presence might distract others in a fan space. (Verbatim: "I would distract the heck out of me")
10. She has a dream that reinforced her preference for maintaining personal boundaries. (Verbatim: "it's what I'm used to and comfortable with you know from my dream I had that kind of boundary in a dream") [end of text]



1. She has a younger brother named Ellie Bro. (Verbatim: "that little ellie bro, my younger brother, gets given loads of duck things")
2. She finds horror games frightening. (Verbatim: "I'm just scared okay i'm just scared")
3. She dislikes toe socks. (Verbatim: "at the start of stream i said about how i don't like the toe the toe socks")
4. She is fond of cute socks with magnetic hands. (Verbatim: "they're so cute they they're butter soft i'm get i'ma get these yo")
5. She enjoys shopping for socks online. (Verbatim: "I realized you are shopping for socks.")
6. She appreciates creative and detailed product marketing. (Verbatim: "I'm actually impressed. Do you think it's photoshopped? No way.")
7. She finds chicken-themed socks amusing. (Verbatim: "Interesting chicken feet made with galvanized square steel.")
8. She is interested in the idea of VTuber-themed merchandise, such as socks. (Verbatim: "If there were all these VTuber socks and you could like... Make ships out of them.")
9. She has a playful imagination regarding inanimate objects, like socks. (Verbatim: "This could be us! Wait, wait, wait wait wait wait what what i was not sure about this dream but after 80 minutes i I realized you are shopping for socks.")
10. She is influenced by chat interactions during streams. (Verbatim: "Why did I have to say NTR? I was reading chat, so...") [end of text]



1. She owns a pair of novelty socks with cat paw designs and toe bean accents. (Verbatim: "they have cat paws on them yo they have cat paws cute cute I should get these")
2. She has a collection of unopened cute clothing items that arrived while she was on holiday. (Verbatim: "I bought a bunch of cute clothes and they're actually still in the packaging")
3. She has a strong preference for novelty and cursed-themed socks, particularly those with unusual or disturbing designs. (Verbatim: "I'm actually half tempted by these like okay give me more cursed socks amazon give me more more more cursed socks")
4. She finds socks with hair on them to be bizarre and unsettling, yet finds them fascinating. (Verbatim: "it has hair guys guys it has hair it has hair it's not even the only one")
5. She is intrigued by personalized novelty socks, including the idea of having her own face on a pair. (Verbatim: "wait guys I can make socks with my face on it personalized novelty socks do you think they'll allow me to have it with my face on it though")
6. She has a habit of purchasing cute items impulsively and sometimes fails to open them immediately. (Verbatim: "I just buy a bunch of cute things and then you're like I don't think this through")
7. She owns a hoodie she forgot she had purchased, indicating she sometimes forgets about her own purchases. (Verbatim: "I forgot I got this yo this is so cute wait whoa I do have them I did buy them guys they're actually here")
8. She is aware of and acknowledges the absurdity of cursed internet products, including socks with hair and other bizarre designs. (Verbatim: "someone out there in this universe right now is walking around with their hair socks and they have their comb")
9. She enjoys browsing and discussing unusual or disturbing online products, particularly those with a humorous or surreal quality. (Verbatim: "I need more cursed socks i'm scared mommy oh don't worry just take that comb and make sure you brush it well enough")
10. She has a strong reaction to surreal or disturbing visual content, such as socks with realistic-looking fingers or thumbs. (Verbatim: "I thought it was a finger I genuinely thought it was a finger or a thumb") [end of text]



1. She has a strong preference for socks with unique or whimsical designs. (Verbatim: "I want to buy the definitely buy the goose and the hand-holding ones")
2. She finds socks with glued-on toe beans undesirable. (Verbatim: "I wish they didn't have the toe beans on them like like they're really nice socks")
3. She is interested in purchasing socks with animal-themed designs, including goose, chicken leg, and cat paw motifs. (Verbatim: "there's the goose ones there's the chicken leg ones there's the cute hand-holding ones")
4. She enjoys the idea of wearing socks with transparent or see-through fabric, though she questions their practicality. (Verbatim: "they're see-through they're see-through yo like like what am i supposed to do with this huh huh")
5. She has a particular fondness for banana-themed socks, which she refers to as a "magic banana wand." (Verbatim: "ellie's magic banana wand arigato arigato")
6. She finds the concept of "foot lingerie" amusing and slightly absurd, indicating she views it as a humorous or surreal topic. (Verbatim: "oh gosh oh gosh no let's see i know i know the next r is arigato arigato wow i'll take a cut of those elia stocks please")
7. She humorously references investing in "Elia stocks" as a joke, implying she views her sock collection as a form of personal brand or asset. (Verbatim: "we're buying ellie stocks today make sure you all get your share now because it's going to the moon")
8. She has a playful, self-aware sense of humor about her own online persona and the absurdity of her content. (Verbatim: "i know if nothing is free here then are we paying by what do you mean i'm not on a rate streams are free to watch okay i care")
9. She enjoys mixing and matching socks, suggesting she values creativity and personal expression through fashion. (Verbatim: "oh gosh i can mix and match")
10. She is aware of and engages with fan culture, including referencing Discord suggestions and fan-made content. (Verbatim: "this is suggestion from discord that's just feet you you hate your what that's not no no i'm not buying those") [end of text]



1. She has a recurring habit of scheduling streams with careful planning, including buffer time for deliveries. (Verbatim: "I didn't want to put it on Monday because Monday was co-working and I wanted it to be an izatsu slot so therefore it was Tuesday...")
2. She experiences headaches due to caffeine withdrawal. (Verbatim: "oh it could be a caffeine headache right I'm lacking in the caffeine department...")
3. She consumes caffeine regularly, typically through tea, cola, or coffee. (Verbatim: "I normally have a cup of tea in the morning or some cola or any form of caffeine or some coffee...")
4. She enjoys shopping for and promoting socks, particularly cute and fun designs. (Verbatim: "I need cute fuzzy socks I do I do want some cute fuzzy socks...")
5. She has a strong interest in Japanese culture, as indicated by her mention of traveling to Japan. (Verbatim: "so so we could do one in October October October... because we're going to Japan...")
6. She values emotional connection with her audience, often using affectionate language like "big love" and "I like you too!" (Verbatim: "big love big love arigato uh yeah...")
7. She dislikes saying "bye-bye" because it makes her sad. (Verbatim: "I don't like bye-byes it's a see you later that's okay okay I'll see you guys later...")
8. She has a playful, whimsical persona, often using exaggerated or humorous expressions. (Verbatim: "I'm gonna use that on Friday um okay so for now...")
9. She is involved in collaborative streams, such as an upcoming Ask Me Anything with Ellie Bro. (Verbatim: "I didn't mean I didn't mean to put it on the same day as my ellie bro collab though...")
10. She has a preference for fast delivery services, noting that most items arrive via next-day delivery. (Verbatim: "most of these will be like what you call it yeah um next day delivery...") [end of text]



