1. She has a master's degree in AI and machine learning. (Verbatim: "I have a master's in AI and machine learning.")
2. She has worked as a software developer, database architect, software tester, and in technical support. (Verbatim: "I've worked in um well I did technical support work but I also have worked as a software developer and I've also worked as like a database architect as well and a software tester.")
3. She is tech-oriented and has a background in development. (Verbatim: "I am Elia I have expertise somewhere now I'm tech orientated so I'm better you know my past as a developer.")
4. She clarifies that she is not an AI. (Verbatim: "I'm not an AI okay I'm not an AI.")
5. She is part of a VTuber group called VData, which she describes as a professional group of friends or a "guild." (Verbatim: "we're a group of friends which is you know we're buddies we're buddies" and "a guild a guild sounds cool.")
6. She is not the leader of the VData group and emphasizes that no one is officially in charge. (Verbatim: "i'm not the leader of the group" and "i'd say the one that put the most effort into it all is...")
7. The group’s mission is to make people happy and support each other. (Verbatim: "our mission is to just try and make people happy.")
8. She struggles with sleep and has irregular sleeping patterns. (Verbatim: "My, my, my sleeping, my sleeping patterns in the bin.")
9. She expresses guilt over being behind on content for her characters Mimelia and Eclipse. (Verbatim: "I know I'm a million years behind, and it just makes me feel awful. I want to catch up, I'm so sorry.")
10. She mentions enjoying tea, indicating it as a recurring drink. (Verbatim: "yo i got um a cup of tea this morning by the way if you're wondering what i'm drinking") [end of text]



1. She has a grandmother figure named Nana Ellie who disapproves of certain mild swears like "crap," "what the hell," "oh my god," preferring "what the heck" or "oh my gosh." (Verbatim: "nana elia would also get mad if i say like um what the hell because it's supposed to be what the heck")

2. She considers herself to have a potty mouth and jokes about it, acknowledging she swears casually. (Verbatim: "yeah yeah yeah oh yeah yeah i'm a potty mouth go man go man")

3. She owns a dog who responds to the nickname "dumb dumb" and also to "baby," which was one of her original names. (Verbatim: "i accidentally convinced my dog to respond to the word dumb dumb" and "her official registered name is was baby baby like b-e-b-y baby")

4. She is the only girl among her siblings and has at least two brothers, one older and one younger ("little ellie bro"). (Verbatim: "i have brothers i'm the only girl" and "older ellie bro" and "little ellie bro")

5. She felt she received unfair treatment growing up, being overly protected due to being the only daughter, while her brothers had more freedom. (Verbatim: "we must protect our only girl you must not go outside ever")

6. Her parents used humorously harsh remarks, telling her brothers "no one would want to kidnap their ugly butts but they'd want to kidnap you." (Verbatim: "no one would want to kidnap their ugly butts but they'd want to kidnap you")

7. She attended university and graduated, and her parents jokingly gave her "the brain" they bestowed at birth as a graduation gift. (Verbatim: "the brain that we bestowed upon you when you were birthed that is your gift")

8. She chose a university far from home specifically to gain independence and leave the house. (Verbatim: "as soon as i went to uni i made sure to pick one far so that i could um be out the house")

9. She aspires to showcase her professional gaming skills to her audience in the future. (Verbatim: "maybe what about my professional gaming one day y'all will see my professional gaming skills")

10. She refers to her pre-stream casual chat sessions as "pre-zatsu" and enjoys long, unstructured conversations with her audience. (Verbatim: "i'm not the only one with a long pre-game zatsu" and "gotta have that pre-game chat right") [end of text]



1. She moved out of her family home as soon as she started university for the sake of her mental health. (Verbatim: "as soon as i was able to i was like as soon as i can move out i'm moving out bye... for my mental health")

2. She attended university in England and lived without a washing machine during parts of her student life. (Verbatim: "i didn't have a washing machine in my first year... in my final year the washing machine... you had to pay and put coins in to use it")

3. She frequently returned home during university so her family could do her laundry. (Verbatim: "whenever they'd be like look we'll pay for you to come back and visit and i'd be like okay i'll bring all my clothes and and we can get them all washed yay")

4. She finds coin-operated washing machines unreliable and believes they are designed not to work. (Verbatim: "coin washing machines always ate my coins i'm pretty certain they're designed not to work")

5. She went on a trip to Japan and brought back summer clothing that she needed to wash upon return. (Verbatim: "i have you know i'm on the last washing load for my japan trip... a lot of my the stuff that i wore in japan was like my summer stuff")

6. She splits her wardrobe into seasonal categories: summer and winter. (Verbatim: "i split my wardrobe into summer and winter")

7. She grew up in England and experienced retail work during holidays, which exposed her to repetitive holiday music. (Verbatim: "anyone that's worked in retail has... you'll be listening to christmas songs on repeat until from november")

8. She celebrates British holidays including Halloween, Bonfire Night, Christmas, Easter, New Year, Pancake Day, and Valentine’s Day. (Verbatim: "we have halloween bonfire night christmas... easter new year... pancake day valentine's day")

9. She has a fondness for pancakes and made fluffy pancakes during her trip to Japan. (Verbatim: "i made sure to have fluffy fluffy pancakes in japan... pancakes are just yummy")

10. She played League of Legends in the past and is currently playing Teamfight Tactics, preferring it because she doesn’t have to work in a team. (Verbatim: "i'm actually playing more team fight tactics at the moment... that way i don't have to work in a team") [end of text]



1. She gets nervous when trying new stream ideas and worries about audience reception. (Verbatim: "i get nervous when i do stream ideas... are they gonna hate it it's gonna be boring they're gonna be like damn she sucks up puzzles and then i can judge me and put me in the bin")

2. She has a strong preference for chicken burgers, particularly from McDonald's. (Verbatim: "yunru arigato arigato chicken burger fans... arigato the chicken burger is turned into energy and that energy is used to entertain us during streams")

3. She once received a McDonald's meal with the burger missing, leaving only fries and a drink. (Verbatim: "i remember i ordered once from mcdonald's and they forgot the burger in my burger meal... i had a bag that just had fries and a drink")

4. She is self-conscious about eating on stream due to making eating noises, stemming from being told off for it in the past. (Verbatim: "i used to always get told off for making noises while eating... it's very difficult when you've been told off your entire life for making noises while eating")

5. She associates head pats with comfort and happiness, comparing her enjoyment to that of cats and dogs. (Verbatim: "a head pat would make me very very very happy... there is a special joy that comes with a head pat i imagine like how cats like head pats and dogs like head pats")

6. She enjoys making burgers herself in addition to eating them. (Verbatim: "elia still are 2023 it's not i do like to make burgers myself as well")

7. She has a habit of buying notebooks in hopes of becoming more organized, though she acknowledges it’s a recurring purchase. (Verbatim: "this will be the final notebook i'll be so organized i won't need another notebook... we'll see how long that lasts")

8. She previously ordered a Pokémon Happy Meal and was disappointed when the toy or card was missing. (Verbatim: "i'm still sad about my my lack of um pokemon toy in my pokemon happy meal... i really wanted that pokemon card")

9. She is considering adding eating overlays or alerts to feel more comfortable consuming food on stream. (Verbatim: "i could have an overlay that says munching noises yo that's such a good idea... then maybe i'd be okay to munch away on stream")

10. She implies she currently works a job outside of streaming, as she mentions heading home from work after the stream. (Verbatim: "i need to get ready to head home from work") [end of text]



1. She used to call her dog "bed," which means "cute" in Sicilian. (Verbatim: "reminds me when i used to call my dog bed which in sicilian for cute")
2. She feels bad for making her dog respond to the name "dumb dumb" instead of something nicer. (Verbatim: "i feel bad i made my dog react to dumb dumb dumb dumb's not cute dumb dumb's a dumb dumb")
3. Her cover of "Cupid" by LE SSERAFIM is the only song she can play on the game Leaf. (Verbatim: "the only song i can handle playing on leaf is ellia's cupid cover")
4. She played her own "Cupid" cover non-stop for four days while working, studying, and sleeping. (Verbatim: "i think i played it non-stop for four days oh gosh not they not play to my sleep when i study when i work")
5. She refers to herself as a "safety short kind of girl," implying she wears shorts under her skirt. (Verbatim: "yeah i'm a safety short kind of girl okay i can't live that dangerously")
6. She enjoys making and sharing eating noises during streams and is open to "munching together" with viewers. (Verbatim: "some of us really love the eating noises it's me i love the eating noises")
7. She has a plan to bring back a "banana poll" after a hiatus, suggesting it's a recurring or notable element of her content. (Verbatim: "banana pulse will be back they will be back um i thought yeah that's also on my list of things that haven't been done for a while")
8. She is working on upcoming projects and announcements, indicating active content development. (Verbatim: "it's exciting each day we get closer to the to the starting line so yeah exciting to show more exciting announcements to come")
9. She streams puzzle content and refers to it affectionately as "zatsu" or "puzzle zatsu," a term associated with casual, low-effort fun. (Verbatim: "zatsu content and every extra second spent chatting with ellie is good for me more puzzle zatsus")
10. She sings during her streams, indicating singing is part of her skillset or regular activity. (Verbatim: "*Sings*") [end of text]



1. She struggles with anxiety and identifies as an overthinker. (Verbatim: "i know i don't uh maybe i do show it maybe maybe it is obvious it's obvious i'm a very overthinker anxious person")
2. She describes herself as a former "shut-in" and is working on being more socially active. (Verbatim: "as you know your your neighborhood shut in weave with anxiety hey who'd have bunk um yeah so shut in that's like kind of working on not being a shut-in though")
3. She has a history of feeling socially nervous and excluded, especially during school. (Verbatim: "i wasn't a cool person in school... i'm not such the awkward person that stands on the outside of the circle at school to be like i'd like to be in the circle one day")
4. She took drama and music in school to overcome being a mute child who struggled with speaking in front of people. (Verbatim: "i was a mute mute child that just wanted to learn how to be able to speak in front of people and then i got really worried because like i was like wait have i ruined like all my future opportunities")
5. She regrets not taking certain academic subjects (like GCSEs) and has long feared that it closed future opportunities. (Verbatim: "that was one of my biggest fears for ages i didn't take it i took um i took things like drama and music... i was like wait have i ruined like all my future opportunities")
6. Her goal is to make people happy and create a welcoming, wholesome environment. (Verbatim: "we just wanna we have we have a very very simple goal i just want to make people happy")
7. She does not see herself as a leader and believes Mozzy has put in the most effort in the group. (Verbatim: "i'm not a leader... if i absolutely had to pick a leader... i would personally bestow that um honor to mozu because i think she's put the most effort in")
8. She enjoys painting, specifically acrylic painting with a paintbrush. (Verbatim: "i did some acrylic painting and it was like with the paintbrush")
9. She drinks tea and owns a Konosuba-themed mug. (Verbatim: "i'm actually having a cup of tea from my konosuba mug")
10. She believes that life paths are not fixed and encourages breaking down "closed doors" to achieve goals. (Verbatim: "sometimes even if the door is locked you can just break down the door... don't think those doors are closed") [end of text]



1. Her goal is to spread joy, positivity, and kindness to those who need it, especially people going through hard times. (Verbatim: "that is my goal that's my goal i'm still you know working hard that is that will always be my goal is to try and find people like little ellie or people that you know um maybe probably have it worse than little ellie and bring them that kindness that's needed in their life")

2. She believes in being kind to everyone, even those who are mean, because they might need kindness the most. (Verbatim: "sometimes people is i guess maybe it's from all my times on league of legends i think maybe they've just had a really bad day... i'll just keep being kind")

3. She has experienced a tough past, which she sometimes blocks out, but it helps her appreciate her current life more. (Verbatim: "i'm very very very very thankful for my life and how things are i always be extremely thankful because it's easy easy to forget especially when like if you've had like a tough past you don't wanna you you you your brain actively like blocks it out")

4. She is British. (Verbatim: "because i'm british")

5. She plays League of Legends and has extensive experience dealing with toxic players, which she refers to as a "VTuber training camp." (Verbatim: "summoners rift is a vtuber youtube training camp yes it is can confirm very good training camp very good")

6. She dislikes the idea of monetary privileges creating unequal access or making people feel excluded. (Verbatim: "i don't like monetary um privileges special... you never want to make anyone feel that money is a requirement")

7. She wants to be more present for her audience and is looking forward to debuting in a way that allows greater consistency. (Verbatim: "I want to be more present, and I'm looking forward to debuting where I can be more present.")

8. She uses anime as a major source of life philosophy and guidance. (Verbatim: "my guidebook on life came from anime explains why i was such a cringy child still")

9. She offers emotional support to her viewers, including metaphorical cuddles, especially when they feel down. (Verbatim: "if you'd like a cuddle i give you a cuddle and spirit if that's possible")

10. She believes the world is poorly designed, comparing it to a badly rated video game, but encourages doing one’s best despite that. (Verbatim: "we're in a very badly designed world okay like if this is a video game it would not be rated very well um okay but we're just gonna do what we can") [end of text]



1. She has a strong personal principle of prioritizing others' happiness in her decisions. (Verbatim: "in every decision i've made in my life it's been with the fundamental principle of mine of just trying to make as many people happy as possible")

2. She had a difficult school experience and frequently has nightmares about it. (Verbatim: "i still have nightmares about school very frequently")

3. She believes school is not the best years of life and disagrees strongly with that notion. (Verbatim: "whoever said that school's the best year of your lives... they heckin lied")

4. She identifies as an introvert who has trained herself to appear extroverted. (Verbatim: "i'm an introvert that is that i'm an extremely well-trained extrovert")

5. She struggled with social interactions, feeling she missed a "guidebook" on how to socialize. (Verbatim: "everyone imagine everybody got a guidebook on how to think and socialize... kamisama forgot to give you one")

6. She used to tutor people and is passionate about redefining intelligence beyond academic measures. (Verbatim: "i used to tutor people and stuff and the amount of people that don't think they're intelligent when to me they're incredibly intelligent")

7. She has taken official IQ tests and her school placed a strong emphasis on IQ testing. (Verbatim: "i've done i've done i um official iq tests and stuff... my school were big into making people do iq tests")

8. She wants to host a future stream discussing the measurement of animal intelligence. (Verbatim: "i want to do a whole discussion stream... to discuss the measuring of animal intelligence")

9. She believes in focusing on oneself rather than hating others, seeing hate as a waste of time. (Verbatim: "life is too short to spend it hating on people... time spent hating is time you could have spent trying to do something that makes you happy")

10. She grew up being reminded that life is unfair, a lesson instilled by her parents. (Verbatim: "life is unfair as my parents like to remind me every single day of my life") [end of text]



1. She grew up in England and attended a Catholic school there. (Verbatim: "in fact did they teach me that no i went to a catholic school they taught us the heckin um commandments")
2. She was a Brownie and later a Girl Guide, where she learned camping skills and earned badges, including a "helping old people" badge. (Verbatim: "i was a girl guide i was brownie um yeah where you learn like um camping and stuff and whatnot... i still have my brownie uniform with like the sash with the badges on it i got my helping old people badge")
3. She has a habit of treating herself to a burger when reaching a 10,000-follower milestone. (Verbatim: "i treat myself to a really yummy burger if whenever i reach like a 10k um milestone")
4. She is a slow eater despite frequently talking about burgers. (Verbatim: "i'm actually a very slow eater i know i talk about burgers a lot but if if we were to go and like out for a meal together")
5. She struggles with anxiety and describes herself as a "heckin worrier," owning many books on reducing worry. (Verbatim: "i'm a heckin worrier um and i don't know focusing on your own goal your own purpose...")
6. She believes happiness does not need to be earned and emphasizes that everyone, including herself, deserves happiness. (Verbatim: "you don't need to earn it no you're allowed to be happy who the heck is marking whether you earn it or not")
7. She values kindness and personal morals over religious divisions, referencing tensions between Catholics and Protestants in Ireland. (Verbatim: "i think it's just about the morals like you know just be a kind person")
8. She learned to do handstands and cartwheels as a Brownie and jokes about using them to escape danger. (Verbatim: "yeah it's where i learned to do um handstands and cartwheels and like the yeah i just remember doing a lot of handstands and cartwheels there")
9. She is preparing for a debut, which has consumed her focus and slowed channel growth. (Verbatim: "it's all been just debut prep debut prep debut prep")
10. She expresses fear of being alone in difficult situations, such as jail, and values companionship. (Verbatim: "if i do go could someone come with me so i'm not lonely there thank you") [end of text]



1. She is a very slow eater and often orders more food than she can finish. (Verbatim: "I'm actually a very slow eater... I'm really really really really slow like like stupidly slow at eating normally.")
2. She has a dog that she frequently gives attention to, indicating she owns a pet dog. (Verbatim: "yeah i'm back i got distracted by my dog she's so cute she's so cute i gave her lots of scritches")
3. She enjoys eating curry, particularly chicken tikka masala, and appreciates when it is served warm. (Verbatim: "when you go to like an indian restaurant... the traditional british cuisine that is a chicken tikka masala")
4. She uses a hot plate to keep her food warm while eating due to her slow eating habits. (Verbatim: "so i got myself one of those um so when well i've had one for a while so that when i have curry")
5. She likes drinking Coca-Cola and refers to it as a source of hydration during streams. (Verbatim: "i need hydration i need hydration i'll go hydrate it's cola time")
6. She struggles with anxiety and describes herself as "nothing but worry" and a "worrier not a warrior." (Verbatim: "I am nothing but worry I am literally worried incarnated into a anime girl wearing a blanket")
7. She dislikes scary announcement styles and prefers to make her announcements friendly and non-threatening. (Verbatim: "i personally don't like um what you call it i'm personally not a fan of scary announcement bait it would hurt my heart")
8. She owns many notebooks and planners, often buying new ones in hopes of organizing her life, despite already having too many. (Verbatim: "i already have too many notebooks i have so many notebooks it's stupid how many notebooks i have")
9. She plans to release official art as free wallpapers for fans, including a potential animated version. (Verbatim: "we'll be um releasing this art as a free wallpaper for you guys to have... we're also wondering if you guys would want a animated version")
10. She values clear communication with her audience and feels bad when her messages cause confusion or worry. (Verbatim: "i still feel bad about yesterday because i wanted to make that as clear as possible and it still caused some worry") [end of text]



1. She was born in Germany in a hospital. (Verbatim: "i was born in germany indeed indeed indeed i was born in a hospital in germany")
2. She was born during bad weather, which her parents often referenced. (Verbatim: "i was also born in a very bad weather i was told" and "apparently i was born in bad weather")
3. Her mother completed a large cat-themed puzzle while in labor with her. (Verbatim: "she completed it like while she was in labor with me yeah... it was this big puzzle of a cat")
4. She associates cats with her personal identity, possibly as a spirit animal. (Verbatim: "i felt like cats would be my spirit animal if spirit animals are things")
5. She grew up in two different childhood homes, one of which she refers to as the "haunted house". (Verbatim: "i had two childhood house like one that i grew up when i was super little and then one when i was a bit older... the haunted house")
6. She used to do puzzles frequently as a child, influenced by her mother. (Verbatim: "i used to do a lot of puzzles um fun fact... mama elia really likes doing puzzles so i used to do them")
7. She makes unintentional noises in daily life, which her family often points out. (Verbatim: "the sound effects I add to my day-to-day life are too many" and "the noises I make are with zero intention and are completely made through instinct")
8. She plans to go "full content" after her official debut. (Verbatim: "we're going full content when um when i have debuted")
9. She had editors on break and was managing content pre-debut. (Verbatim: "my editors have been on a break recently" and "i just wanted some content while um pre-debut")
10. She suggests potential fan names like "v punk" or "v dj" for her audience. (Verbatim: "you can be a um a v punk or v dj") [end of text]



1. She was born in a hospital in Germany. (Verbatim: "i was born in a hospital in germany")
2. She traveled to Asia as a baby, though she does not remember it. (Verbatim: "they were like yeah we don't need to go on holiday you had can travel to asialand when you were a baby")
3. Her family moved from Germany to England during her early childhood. (Verbatim: "born in germany went to asialand and then went to england")
4. She has an older brother who remembers family trips she does not. (Verbatim: "obviously i got my um older bro older bro remembers")
5. She does not count experiences from before her birth or infancy as valid memories. (Verbatim: "how does that definitely doesn't count how does that count does anyone remember anything pre-birth")
6. She is afraid of horror games and finds them very scary. (Verbatim: "please no no no no no not that again no no no collide collide")
7. She plans to play horror games like *Parasocial* and *Chilla's Art* games in the future when she feels ready. (Verbatim: "i am gonna play it but when i have my form i think i'll save that for then")
8. She admits she cannot handle games like *Dark Deception*, *Five Nights at Freddy's*, or *Outlast*. (Verbatim: "it's not like dark deception or five nights at freddy's or outlast which i can't handle still")
9. She has a self-described short attention span, comparing it to that of a small puppy. (Verbatim: "i have the attention span of a small puppy")
10. She feels braver facing scary situations when her audience is with her. (Verbatim: "you guys are here so i feel braver because yeah yeah yeah") [end of text]



1. She attended a very small English village primary school with limited classrooms. (Verbatim: "I went to one of those like small english village schools... we didn't have six classrooms we had four classrooms and then we built another one while i was there.")

2. She is the only student in her class who had white hair and purple eyes, making her stand out. (Verbatim: "I was the only kid with different colored hair... and no one has purple eyes on earth either so yeah i was the only one with purple eyes and white hair.")

3. She finds narrow and winding English country roads scary and difficult to navigate. (Verbatim: "The roads here are very like odd... yeah it's very scary um country roads yeah yeah um they're narrow and windy.")

4. She does not know how to drive and has expressed interest in learning. (Verbatim: "I don't drive i was thinking i should probably learn to drive um it would be good if i figured that out.")

5. She is too afraid to cycle on roads due to fear of being run over and holding up traffic. (Verbatim: "I could not it's too scary to cycle on the road i don't know how they do it i feel like i'd be too much of um i'd be too in the way and too scared of being run over.")

6. She avoids swearing both on and off stream, believing it gives more impact when someone who never swears finally does. (Verbatim: "I don't swear on stream i don't swear off stream... one it provides power to when you do swear because then people are like oh she never swears she must be really mad.")

7. She was taught that avoiding swearing encourages better emotional articulation and communication. (Verbatim: "The other one is to encourage oneself to articulate emotions... you might be forgetting about looking for the correct words to articulate your emotions and communicate better your frustrations.")

8. She associates the term "Chinese whispers" with discomfort due to its racial insensitivity and prefers "telephone game." (Verbatim: "It always felt weird that they'd call it chinese whispers... wait does it wait it comes from whispers about the chinese that's really bad no i need to look that up.")

9. She references "Papa Elia" as a figure with extreme road rage, possibly a fictional or familial character. (Verbatim: "So um yeah so papa elia has really bad road rage um like the worst road rage nope.")

10. She uses "heckin" as a mild, playful substitute for stronger language, especially on stream. (Verbatim: "I guess heckin heckin heckin is the one like you know yeah... but i don't mean it in an angry way.") [end of text]



