1. She identifies as a wizard with secret magic, and revealing it would cause her to lose it. (Verbatim: "I've always been a wizard. I make magic, but it's secret, so I cannot show you said magic, otherwise I will have my magic taken away from me by the magic, please.")

2. She used to work three jobs at once, including retail and a cool center, which involved long commutes and no rest days. (Verbatim: "I used to work three jobs at one point... I had to get the bus all over the place and and I just felt like those days really flew by.")

3. She worked every day during the summer between secondary school and college, starting at age 16. (Verbatim: "I worked every every every every single day um that summer... in england when you can first get a job is when you're 16.")

4. She chose a college two hours away by bus to avoid people from her old school. (Verbatim: "I picked a college that was a two hour two bus journey distance away from where I live just so I could avoid like everybody at my old school.")

5. She played multiple brass instruments and eventually specialized in the French horn. (Verbatim: "I ended up picking brass instruments... I eventually landed on french horn as my final instrument.")

6. She previously played cornet and trumpet, depending on instrument availability. (Verbatim: "Before french horn I was a cornet slash trumpet player... it depended on the availability of instruments.")

7. She relates strongly to the anime *Bocchi the Rock*, especially the protagonist’s decision to attend a distant school. (Verbatim: "I vibe with bocce so so so so so much... she also picks a place that's like really far away from her middle school.")

8. She finds horror games extremely scary and dislikes them, unless playing with chat. (Verbatim: "Same with games, I think, except for scary games. Scary games can go away. They're heckin' terrifying.")

9. She watches anime across all genres and considers herself a well-rounded weeb. (Verbatim: "Mine was perfectly split across all the different genres, so I'm pretty well-rounded weeb, well-rounded weeb, yeah.")

10. She uses watching anime as a way to de-stress from stressful periods. (Verbatim: "I've been watching a bit of anime to like... De-stress? It's my de-stress thing.") [end of text]



1. She considered becoming a primary school teacher if YouTube hadn't existed. (Verbatim: "if youtube wasn't a thing um i'd probably been like a primary school kind of teacher i think")

2. She has work experience as a teaching assistant and enjoyed working with small children. (Verbatim: "i did um work experience as like a teaching assistant and and yeah it was wonderful")

3. She was so well-liked by children during her teaching experience that they gave her marriage proposal cards. (Verbatim: "all the small children asked to marry me and i had to decline them all um i had they all wrote individual marriage proposal cards")

4. She studied biology and chemistry with a focus on animal biology before shifting to mathematics. (Verbatim: "i did like biology and chemistry and sort of focused more towards um towards like animal biology")

5. Her academic focus eventually shifted to AI and machine learning, which she describes as "just maths". (Verbatim: "my masters and it ended up um becoming maths because because like turns out ai and machine learning is just just just maths")

6. She declined pursuing a PhD in mathematics because she lacked passion compared to others in the field. (Verbatim: "when you're surrounded by people that are so passionate about it and i'm just there like yo i just really want to be called dr elia stellaria... i realized that i probably shouldn't be doing that phd")

7. She chose to become a VTuber as an alternative to continuing in academia. (Verbatim: "i ran away and became an anime girl yay")

8. She finds advanced mathematics difficult and sad when it no longer involves numbers. (Verbatim: "yo maths starts getting sad when they start taking away the numbers okay like you know you've gone too deep into mathematics when when when you want to see numbers")

9. She has difficulty drawing male characters, as they always end up looking like anime girls. (Verbatim: "every time i try and draw a guy it just looks like a girl um so so i just i just didn't do it")

10. She once helped bullies with their homework, believing kindness could turn them into friends. (Verbatim: "the people i was doing homework for were the bullies but um one of the girls asked me to do her homework so i agreed") [end of text]



1. She previously worked caring for monkeys and learned about their dietary needs. (Verbatim: "if you want to know an interesting fact um so i used to look after monkeys and um you couldn't like the typical thing people imagine is like feeding monkeys bananas...")

2. She considered pursuing neuroscience as an academic path before becoming a VTuber. (Verbatim: "one of my second options um if i didn't go into medicine i was gonna think i was gonna go into neuroscience")

3. She applied to medical school but did not attend, describing the application process as extremely difficult. (Verbatim: "medicine's hanging hard to apply well it's really hard to apply to here i'm assuming it's hard to apply to medicine elsewhere as well")

4. She participated in science outreach programs and summer schools aimed at underprivileged students. (Verbatim: "i did a lot of science days okay like um like science school days summer school things like that kind of thing")

5. She has held human brains during educational science events. (Verbatim: "yes yes yes yes yes i got to hold a couple of human brains um it was very very strange")

6. She completed and defended a master’s thesis, which she found a stressful experience. (Verbatim: "i had to defend my master's thesis and and i heck in what i i they were so mean")

7. She has a strong interest in koalas and owns many koala plush toys. (Verbatim: "i really like koalas but actually the most plushies i have are bunnies but i actually have a heckin i have too many plush")

8. Her grandmother, referred to as "nana elia," used to knit her sweaters when she was younger. (Verbatim: "nana elia used to used to um knit me like sweaters like jumpers and stuff like like nana elia is so sweet")

9. She has family connections to Australia through her grandmother’s sister. (Verbatim: "nana elia has a lot of family in australia so when i was younger nana elia um would get sent things from her sister in australia")

10. She once suffered from anemia, which caused her to sleep up to 13 hours at a time. (Verbatim: "at peak being anemic i was sleeping at like for at least 13 hours at a time") [end of text]



1. She used to cry easily as she got older, indicating emotional sensitivity. (Verbatim: "as i got older i i was one to cry quite easily and pushing myself a lot yeah i would have cried a lot")

2. She had a black and white male cat she deeply loved, who is no longer alive. (Verbatim: "my pet was like a black and white cat it was a black and white cat and it was a boy so it's the goodest boy in the universe")

3. Black and white cats are especially meaningful to her because they remind her of her late pet. (Verbatim: "black and white cats are special to me because they remind me of my cat")

4. She currently has a large white fluffy female dog, whom she considers the "goodest girl in the universe." (Verbatim: "now i have a big white fluffy dog that's a girl who i can also say is the goodest girl in the universe")

5. She chose her current dog because it was opposite to her previous pet in gender and species, which helped her emotionally accept a new pet. (Verbatim: "i was okay with getting her because i was like she's she's opposite in every way but also very similar")

6. She has recurring dreams about her late cat and still misses him very much. (Verbatim: "i actually had a dream about my cat last night i still have lots of dreams about my cat i miss him very much")

7. Her cat was an emotional support animal, and she credits it as a reason she didn’t give up during tough times. (Verbatim: "mostly because i have my cat and i wanted just yeah i have my emotional support cat and and i could not yeah i could not give up because cat")

8. She does not like being outside, particularly in adverse weather like rain. (Verbatim: "i don't like the outside")

9. She values friendship deeply and did not grow up thinking about marriage; her main desire was to have friends. (Verbatim: "i just wanted to have friends so that that's the yeah i'm just happy to have friends")

10. She struggles with maintaining composure when discussing sad or painful personal stories and fears breaking down. (Verbatim: "the other reason why i can't say them is because i probably just break down um and i do not wish to break down") [end of text]



1. She identifies as autistic. (Verbatim: "me i shall burn as an autistic person")  
2. Neuroscience is a subject she is deeply interested in, though she did not formally study it. (Verbatim: "neuroscience has always fascinated me even if i didn't study it")  
3. She is considering hosting a future stream dedicated to discussing neuroscience. (Verbatim: "i'd love to do like a sort of neuroscience like discussion stream i think that would be really cool")  
4. She is planning to do a Japan discussion stream with a completed PowerPoint presentation. (Verbatim: "i will be doing the japan discussion stream next week um my powerpoint is complete")  
5. She once pursued a path requiring speed and dedication but gave it up because it hurt. (Verbatim: "i can't be bothered being too fast or dedicated hurts so i gave that up")  
6. Overthinking and excessive worry were significant challenges in her past. (Verbatim: "overthinking can tire one out and that was definitely something i was doing")  
7. She values making others happy over her own happiness, though she states her personal bar for happiness is low. (Verbatim: "it's not about me being happy it's about making others happy... i'm already happy my bar for happy wasn't very high")  
8. She has a big important exam coming up in the near future. (Verbatim: "i have a big important exam in the coming week i'll try my best")  
9. She enjoys creating themed ranking lists ("tear lists") and is interested in doing one about animal brains. (Verbatim: "by tier listing brains i mean like different animal brains... we could rank the brains that would be really cool")  
10. She refers to maintaining a composed, cool persona as part of her identity. (Verbatim: "i gotta keep up my cool naysan vibe") [end of text]



1. She played multiple brass instruments, eventually specializing in the French horn. (Verbatim: "so i used to play a lot of brass instruments i swapped a lot um where i eventually landed on french horn as my final instrument")

2. Her father, referred to as "Papa Elia," was a trumpet player and influenced her interest in brass instruments. (Verbatim: "maybe i can play maybe it's papa elia's thought um because like papa elia used to play um used it was a trumpet player so papa elia thought it was cool")

3. Her grandmother, referred to as "Nana Elia," disapproved of her playing brass instruments, calling her "manly" for playing the French horn. (Verbatim: "nana elia said i was manly for playing the french horn and i was like is it manly nande why why")

4. She struggled with learning the flute because she had difficulty producing sound from it. (Verbatim: "i struggle with flute i remember i really struggled to get a noise out of the flute")

5. Violin was not available to her when she wanted to learn, and she found holding the instrument physically awkward. (Verbatim: "violin they just didn't have violin available" and "the hand felt so awkward like just you have to like i don't know and just hold your neck")

6. She tried playing guitar but found it painful due to her soft fingers and inability to build calluses. (Verbatim: "guitar i have tried but my goodness it really hurts your hands to play guitar you have to build up... the little boop boops at the end of your finger")

7. She has soft skin and soft hands, which she describes as "heckin squishy." (Verbatim: "my hands are like marshmallows like my fingers aren't tough they're heckin squishy")

8. She attended Catholic schools in England, which had chapels and required students to participate in weekly or biweekly meditation sessions. (Verbatim: "i went to a um i went i was i was made to go to catholic schools um we have a lot of those in england")

9. She repeatedly fell asleep during meditation, both in school and in personal attempts, indicating difficulty meditating. (Verbatim: "whenever i've done meditation i i fall asleep i don't know if anyone here has successfully meditated but i fall asleep every single time")

10. The book "Ikigai" played a pivotal role in her decision to become a VTuber and significantly influenced her life path. (Verbatim: "mostly because the ikigai one is the reason i'm a vtuber and where i am now um honestly i don't i i do think if there wasn't if i hadn't really read that book or thought about it i'd probably still be like i don't know maybe i'd be doing a phd") [end of text]



1. She is currently using a temporary VTuber form and is waiting to debut in her "proper" or final form. (Verbatim: "i'm holding myself back very very very very much when it comes to vtubing at the moment because of that reason... it's not my final form")

2. A debut announcement or "good news" regarding her proper form is expected soon, possibly within the next week or the week after. (Verbatim: "you guys will have a debut date soon... i think it's definitely soon")

3. She struggles with remembering numbers and often confuses 8 with 6. (Verbatim: "i'm not very good with numbers i get numbers mixed up a lot so... i get eight and six mixed up a lot")

4. She dislikes scaring people and avoids using words like "announcement" if they might cause anxiety. (Verbatim: "i don't like scaring people and i don't wanna... that feeling of fear yeah i wouldn't dare use the the the white... no i get scared like no no")

5. She attended primary school where she was deeply upset over missing a perfect score on a quiz about sayings. (Verbatim: "we did like a quiz back in primary school about sayings and that was the only question I got wrong and I was really really really really upset about not getting 100%")

6. She has a habit of working extremely hard at subjects or tasks she initially struggles with or dislikes. (Verbatim: "the subjects that I'm bad at are the ones that I try and try harder in and then end up getting like a better score in")

7. She studied a plant science module at university, despite disliking plants and grass, and ended up excelling in it. (Verbatim: "one of those modules was about plants... i tried really really really hard at plants because i hated that module it ended up becoming my best grade")

8. She was bullied in school, which motivated her to attend consistently and perform well academically. (Verbatim: "i remember the bullies um in school not wanting me to like be there or do well so i tried really really hard um to still attend and to do really well in all my subjects partly to be like screw you bullies")

9. She considers redirecting frustration into determination or "spite" a useful life habit. (Verbatim: "i feel like it's a really good habit to redirect frustrations into spite")

10. She has an older brother who is part of her fan Discord, but she is not, and she jokes about not being able to infiltrate it without being recognized. (Verbatim: "my older brother's in there, but I don't get any updates... I could go in as a spy myself, and I was like, I don't trust myself to disguise myself well enough") [end of text]



1. She uses spite as motivation to overcome adversity and succeed. (Verbatim: "i feel like it's a really good habit to to redirect frustrations into spite... screw you life i'ma do heckin well despite these stupid cards you dealt me")

2. She was bullied in the past but no longer cares about the bullies. (Verbatim: "i reached a point where you know i didn't even consider care about like what the bullies would have me in the future")

3. She was raised in an environment where her feelings were invalidated. (Verbatim: "me i was never validated for for any feelings... oh you're feeling sad well there's heckin people suffering over in another country you is lucky kind of thing")

4. She was the middle child, which she associates with enduring small but prolonged emotional burdens. (Verbatim: "being the middle child gives copium puffs yes... if you only have to hold the bucket for like two seconds but the person holding the glass with a drop has to hold that glass for 48 hours")

5. She had a scruffy childhood appearance due to financial hardship and wearing hand-me-downs. (Verbatim: "i was a pretty uh scruffy looking child... really short scruffy girl in her older brother hand-me-downs")

6. She struggled with not having proper school supplies, including hairbands, shoes, and a fitting uniform. (Verbatim: "i didn't really have shoes either or tights or a uniform that fit me")

7. She disliked being pressured to cut her hair short, as it made her feel insecure when people commented negatively. (Verbatim: "whenever i get short hair everybody seems to tell me that it doesn't suit me and that makes me feel like it doesn't look good")

8. She did well in lab classes despite being clumsy. (Verbatim: "i did very well in in lab though... when i do it right i'll do it well")

9. She references Pokémon’s theme song as a personal motivational ideal. (Verbatim: "pokemon i wanna be the very best no one ever would that kind of thing")

10. She dislikes mosquitoes intensely. (Verbatim: "i'm done with mosquitoes mosquitoes mosquitoes suck") [end of text]



1. Elia Stellaria’s grandmother, Grandma Ellia, convinced her mother not to terminate the pregnancy, which is why she believes she is alive. (Verbatim: "is thanks to grandma ellia that i'm alive um cause cause i'll be honest mama ellia wasn't gonna keep my grandma ellia convinced her to to not to not get rid of me before i was born")

2. She has two grandmother figures: Grandma Ellia, whom she never met, and Nana Ellia, who is described as the "savage one." (Verbatim: "so i have grandma ellia and nana ellia um nana ellia is the savage one grandma ellia i actually never got to meet")

3. Elia was told about her mother’s initial reluctance to have her when she was older, and she only recently realized how potentially traumatic that information might be. (Verbatim: "why was i told that did this just get sadder no wait please stop crying")

4. She had a difficult childhood but recalls some positive aspects, such as having a roof (which once blew away but was repaired), food, and a cat. (Verbatim: "i had a roof over my head and and i had yeah i had a cat yeah yeah yeah yeah and and and i had food")

5. As a child, she was a happy and smiling kid, though she acknowledges people may have been pretending to be nice while actually being mean. (Verbatim: "i was a happy smiling kid and that's what matters right yeah yeah yeah yeah yeah")

6. She struggled with extreme shyness and muteness in school, finding it difficult to speak and be heard due to a quiet, nasal voice from not using her diaphragm. (Verbatim: "i was mute for a really long time like in school i really struggled to speak and then i realized that like when i did speak um people wouldn't hear me")

7. She took drama in secondary school to overcome her speaking difficulties, learning to breathe properly and project her voice. (Verbatim: "i picked drama even though they were like you know it's kind of it was a difficult choice i mean i only did drama in like secondary school")

8. She worked a retail job early in life where she was very quiet and struggled with customer interactions. (Verbatim: "i wasn't very good in my first retail job i i was very very very very quiet")

9. She pushed herself into uncomfortable situations like drama and retail to overcome her fear of speaking, calling it a "trial by fire." (Verbatim: "i'm gonna push myself i'm gonna force myself into situations where where i have to force myself")

10. She deeply relates to characters like Komi from *Komi Can’t Communicate* and struggled to watch *Watamote* due to intense cringing, as both reflect her past social anxiety. (Verbatim: "i really like komi can't communicate because like at the beginning of each episode it mentions that like you know it's not that they don't they they do want to speak but but they can't") [end of text]



1. She uses a boat metaphor to describe personal growth and life journeys, emphasizing that everyone progresses at their own pace. (Verbatim: "i picture people in boats... you just gotta have fun sailing your boat")

2. She cannot swim, despite enjoying being on boats. (Verbatim: "i get on boats but i can't swim so i don't know what i'm doing")

3. She broke a household light by pretending to use a plastic lightsaber like a Jedi, indicating a playful childhood or ongoing fondness for imaginative play. (Verbatim: "i did break um just the general light... for borrowing my brother's lightsaber and trying to become a jedi")

4. She has a fear or strong dislike of bristles, such as those found on brushes or brooms. (Verbatim: "mine's bristles um i don't like bristles... brushes bristles brooms like that kind of thing")

5. She previously worked as a developer or in programming. (Verbatim: "as much as i loved being a developer")

6. She is considering future stream ideas involving long gameplay sessions, such as 30 hours of Elden Ring. (Verbatim: "30 hours of elden ring sounds good")

7. She plans to release merchandise in the future, though none is currently available. (Verbatim: "i do not have merch but will have merch i will have merch um but not yet not yet")

8. She values her audience deeply and emphasizes kindness and self-care, calling it "rule zero." (Verbatim: "i'd being kind is rule zero")

9. She references celebrating milestones like reaching 30k followers, indicating audience growth is meaningful to her. (Verbatim: "the 30 hour stream is to celebrate 30k")

10. She once rode a swan-shaped pedal boat, which she found physically tiring. (Verbatim: "yo wait the swan boats i'm one i've been i've been in one of those um yeah i they're really tiring") [end of text]



1. She previously worked as a software developer and in third-line support. (Verbatim: "i was a developer well no i did i when i was doing um third line support")
2. She has experience fixing bugs in software and dealing with international tickets, including ones poorly translated via Google Translate. (Verbatim: "they wouldn't speak english so like for example there was this lovely french lady that would always raise tickets... she 1000 put the rest of it through google translate")
3. She found coding painful but deeply satisfying when problems were solved. (Verbatim: "while i was coding i'd be like this is painful this hurts me... then it's like yay that feeling is heckin delicious")
4. She compares her persistence in coding to playing League of Legends despite frustration. (Verbatim: "it's like league of legends you're like i hate this and you keep playing")
5. She is currently pre-debut as a VTuber. (Verbatim: "thank you for your patience with this pre-debut vtuba")
6. She used to work in a global support role where non-English speakers submitted tickets. (Verbatim: "one of the places i worked was like um i was like it was global so we had like people from other countries raising tickets")
7. She emphasizes the importance of formal ticketing systems in workplace support roles. (Verbatim: "put it in a ticket put it in a ticket please put it in the heckin ticket i'm begging you")
8. She wants to make a big difference in the world and make many people happy. (Verbatim: "i wanna make a big difference i don't know i feel like i don't like feeling helpless... i want to make a lot of people happy")
9. She owns a dog and takes responsibility for walking it. (Verbatim: "i'd have to take breaks to take my dog out")
10. She talks in her sleep and is a restless sleeper who rolls a lot. (Verbatim: "oh i do sleep talk by the way just a little bit... i'm quite the roller in my sleep i'm like roll roll roll") [end of text]



1. Her primary goal as a VTuber is to make as many people happy as possible. (Verbatim: "i want to make a lot of people happy and there's only so much time someone has in life so i want to do what i can... to try and make as many people happy as possible")

2. She wants her community to remain welcoming and inclusive, avoiding an insular or closed-off feel. (Verbatim: "i don't want it to be a circle where like someone comes along and you don't feel like you can fit in the circle i don't want it to be a circle")

3. She aspires to always be visible and attentive to her audience, even as she grows, and makes an effort to remember names. (Verbatim: "i want it to be like one big thing where everyone still feels like they're seen because you are seen i do remember names and stuff")

4. She grew up in a fixer-upper house that had ongoing issues like mold, broken water, and a non-functional kitchen. (Verbatim: "the house that i grew up in was... a fixer upper house that never got fixed up")

5. The house she grew up in was previously owned by an old man who passed away, and her mother believed it was haunted by his ghost. (Verbatim: "mama elia heckin had the ghost living in her bedroom... the ghost was an old man which would match the fact it was an old man that lived in the house before")

6. She identifies as a cat, implying her VTuber species or persona is feline. (Verbatim: "but i'm a cat so you know")

7. She finds watching paint dry interesting and has done it before out of boredom. (Verbatim: "i actually find watching paint dry kind of interesting it can be interesting i've done it it's fun")

8. She reflects on her actions and strives to improve, comparing self-reflection to the Pokémon move "Reflect." (Verbatim: "i always reflect i reflect i use reflect it's my if i was a pokemon i guess that would be in my move set")

9. She is based in the south of England, where she notes the average house price is around £286,000. (Verbatim: "because i'm in the south i mean it says average house price is around 286 000")

10. She has fond memories of Pokémon and enjoys Pokémon songs. (Verbatim: "that brought back some lovely memories i'm gonna listen to pokemon songs after this") [end of text]



1. Elia lived in a house during her childhood, which her parents no longer live in, and she feels nostalgic about visiting her old room. (Verbatim: "i'd love to visit it and be like yo what you do in my room... i felt pretty privileged to have been in a house")

2. Elia currently lives in a flat which she prefers over the house she grew up in, citing better amenities like working hot water. (Verbatim: "i quite prefer the flat that i'm living in right now to the house that i lived in because this place has you know hot water in the oven that works")

3. Elia is the financially responsible adult in her family and acts as a caretaker for her mother, whom she calls "mama elia." (Verbatim: "i'm the financial responsible responsible responsible... i'm basically like a mom to my mom")

4. Elia is helping her mother move back to "asialand" to be with family, while Elia herself will remain in England. (Verbatim: "i'm sorting having her move back to asialand um with asialand family")

5. Elia has a grandmother figure called "nana elia" who lives in England and is separate from "grandma elia," whom Elia never met. (Verbatim: "elia true mvp about it heck yeah she is oh no nana elia grandma elia different nana elia... nana elia is the one that's this here grandma elia is the one that i i didn't get to meet")

6. Elia’s English family is small, while her "asialand family" is large and important for her mother’s support. (Verbatim: "my asialand family is really big i think while my english family is really small")

7. Elia identifies as an anime girl who lives on the internet and prefers 2D relationships, indicating a fictional or symbolic persona. (Verbatim: "i'm an anime girl with a taste for 2d escapism... yeah i live on the internet")

8. Elia sees her past experiences—though sometimes difficult—as formative and positive because they shaped who she is today. (Verbatim: "they're happy because they made me into who i am today... i wouldn't want to alter that timeline")

9. Elia’s motivation for streaming is to bring joy to others, especially those who may have gone through similar or worse experiences. (Verbatim: "i want to make as many people happy as possible... bring people together")

10. Elia expresses a desire to explore a "mommy" character persona in a future stream, possibly using a different model, though she jokes about it. (Verbatim: "maybe one day should do a stream where i just find a mommy model and and trick you all into thinking i'm a whole other character") [end of text]



