1. She is celebrating her birthday during the stream. (Verbatim: "I'm having a wonderful birthday so far")
2. She has been working on a League of Legends cover art since Christmas. (Verbatim: "I've worked on it since Christmas the art was ready but I hadn't recorded or done anything for it for a while")
3. She created a cover of the song "Heartsteel" from League of Legends. (Verbatim: "The original song is 'Heartsteel', it's a League of Legends song.")
4. She is self-conscious about her singing and is actively working to improve it. (Verbatim: "I'm still working very very very hard on my singing my singing is definitely the thing I'm very extremely conscious of")
5. She values feedback on her singing voice and feels appreciated when it's praised. (Verbatim: "I'm conscious of it and that makes me really happy to hear that you like my singing voice")
6. She has a fan server and enjoys interacting with fans in it. (Verbatim: "There's a fan server and and and there is a fan")
7. She has previously created a Santa Baby cover with the same artist. (Verbatim: "it's the same artist as the art that I got done for my Santa baby cover")
8. She is working on acrylic paintings, including a goose and a banana. (Verbatim: "we're gonna paint a goose and a banana")
9. She has a habit of accidentally pressing a button that triggers an unintended action. (Verbatim: "The button was pressed. I didn't notice the button was pressed.")
10. She is currently doing an all-nighter for her stream. (Verbatim: "I'm pulling an all-nighter") [end of text]



1. She has a birthday celebration with a custom-present hat and badge. (Verbatim: "you got a birthday badge as well i just realized that yeah that's so cute birthday")
2. She enjoys birthday traditions like wearing hats and singing "Happy Birthday to You". (Verbatim: "i'm forcing you to do birthday traditions hats and here oh how do i wear this nope that doesn't look right")
3. She has a strong affection for the movie Shrek, particularly Shrek 2. (Verbatim: "we like shrek two the most right one and two one and two i have a special place for two is so good")
4. She believes Shrek 3 and 4 were not good, calling them "terrible" and "not acceptable at all". (Verbatim: "shrek 3 and 4 is not real that's fair we like shrek two the most right one and two one and two i have a special place for two is so good")
5. She is concerned about a potential Shrek 5 release, fearing it would be a disaster. (Verbatim: "i'm kind of glad five was turns out to be a fake trailer but when i was googling up about number fifth shrek apparently something is potentially in the works for 2025")
6. She has a tea collection gift set from her mother, including lemon tea. (Verbatim: "my mom got me like a tea box gift set like a twinings one with all these different kinds of tea and it has a lemon tea in it")
7. She dislikes energy drinks like Red Bull, associating them with university and finding them "rank". (Verbatim: "it just reminds me of university and oh and it's rank it's absolutely people who drink like monster and red bull and genuinely enjoy it yo they are different breed")
8. She is sensitive to spicy foods, finding even mild ginger shots too intense. (Verbatim: "too too too too much oh i want to drink it wait are you scared of spice though wait what's your nando's level peritamer")
9. She enjoys Nando's and misses eating there, particularly their garlic bread burger and peri-peri mac and cheese. (Verbatim: "we should go out for cheeky nando's after this can we and i'll chuck some more ginger stuff i don't know just ginger juice just pure grinded ginger give me the ginger")
10. She has a preference for lemon and honey in her tea for soothing her throat. (Verbatim: "i got some honey and i put that in there and this was a genius idea thank you so much okay it'll make you feel more you know hopefully more comfy and cozy") [end of text]



1. She dislikes butter and does not use it on sandwiches. (Verbatim: "I don't like butter but I actually really dislike butter so you just don't have it in a sandwich like yeah I have my sandwich dry very dry.")
2. She prefers her sandwiches dry, without any condiments like mayo. (Verbatim: "I do prefer it dry... I don't put anything on it just ham and cheese.")
3. She has a strong aversion to spicy and overly pickled foods, particularly pickles and gherkins. (Verbatim: "no pickle gherkins no pickle I don't like gherkins what about pickled onion crisps oh wait like the monsters the monster much yo yo yes yes yes yeah I love those so much.")
4. She enjoys Monster Munch crisps, especially the orangey spicy variety, which she describes as tasting like Cheetos. (Verbatim: "the orangey spicy ones they're good oh I've not had well I don't have spicy anything but it's not even spicy it just tastes like cheetos it's really good.")
5. She has a fondness for wagyu beef and recalls enjoying it during a visit to Japan. (Verbatim: "I had some when I went to Japan and it was amazing oh I can't eat lots of it it's so filling yes it is it is really so fascinating.")
6. She enjoys eating at steak restaurants with lava stone grills and found her first experience there to be unforgettable. (Verbatim: "I went last month did you oh my goodness I love those places yeah I found it that was my first time and oh my god so um it came with like various types of beef really and one of it was a wagyu one and oh my god I was in heaven.")
7. She appreciates the rich, buttery texture of wagyu beef and compares it to eating butter. (Verbatim: "it's like eating butter it is like I yeah I can love butter.")
8. She is not concerned about leaving cooked food like a half-eaten Five Guys burger out at room temperature overnight, as long as it's under 12 hours. (Verbatim: "it's less than 12 hours right it's fine it's less than 12 hours you go to sleep when you wake up and you have it chat do you guys do that this is this a thing do people just leave food and eat like yeah but I mean it's wrapped up in the tin foil and you know then it's room temperature like the next day yeah so it's fine.")
9. She keeps butter out of the refrigerator in a glass butter container, believing it to be fine and more spreadable. (Verbatim: "I keep my butter out of the fridge wait what no in a little butter container yeah I mean you put it okay um so you have one of those like glass butter jar things right I do the classic yes.")
10. She once had moldy butter, but it was stored in the fridge, which surprised her. (Verbatim: "I managed to have moldy butter one time I go through butter very slowly so that could be oh my goodness why are you not eating more butter get you fat I get it through my wagyu oh I see I see you're just next level fancy okay okay.") [end of text]



1. She owns a Samoyed dog. (Verbatim: "yeah it's a samoyed and i got her from my home")
2. Her dog was abandoned by her previous family and she adopted her. (Verbatim: "i got her from my home that didn't want her anymore")
3. Her dog is not potty trained and required extensive training after adoption. (Verbatim: "when i got when i got when i got my dog she didn't know how she wasn't potty trained or anything")
4. Her dog has a habit of eating non-food items like cardboard, geese poop, and cat litter. (Verbatim: "she's just eating cardboard did you not girl oh oh i'll test it out i'll test it out")
5. Her dog is highly sensitive to rain and requires blow-drying to prevent mold in her undercoat. (Verbatim: "you have to blow dry samoyeds or their undercoat might get moldy")
6. Her dog is known for rolling in and licking feces, including geese and cat poop. (Verbatim: "my dog was a popper um he he would he actually managed to climb into the cat litter and pick one up and start bubbling it up")
7. Her dog is white and fluffy, which makes her appear larger than she actually is. (Verbatim: "my dog's like you know all white like white fluffy dog and i took her on a walk once")
8. Her dog is known to scare children when wet, due to her appearance resembling a wolf. (Verbatim: "when she comes out of the water she looks terrifying like because she's like a fluffy dog and then when she comes out of the water she's not so fluffy")
9. She enjoys drinking tea, particularly a ginger-flavored Twinings tea. (Verbatim: "this tea is really hot and the room's really hot and I'm just heckin melting like")
10. She prefers drinking tea from a large mug, possibly the largest mug she owns. (Verbatim: "i poured myself a really really really really really big mug um like i got my biggest mug to have like the biggest tea that i could have") [end of text]



1. She spent three months living in the rainforest in a feral state. (Verbatim: "i lived in the rainforest for for about um like three months like full-on feral")
2. She watched Shrek 2 repeatedly during her time in the jungle. (Verbatim: "shrek 2 is what got me through a lot of the time in the jungle")
3. She has a severe aversion to mosquito bites due to intense itching. (Verbatim: "i cannot cope with with itchy itchie itchie itchie bites no no no no no no no no no")
4. She uses strong insect repellent with high levels of DEET when traveling. (Verbatim: "i always buy it in england and always bring it with me to places and you can get some really strong stuff like 50% d")
5. She is anemic and cannot afford to lose blood. (Verbatim: "i can't afford to lose any blood like i'm heckin anemic")
6. She dislikes sweat bees due to their swarming behavior and the instinctive panic they cause. (Verbatim: "i heckin hate sweat bees like yeah sweat bees heckin suck")
7. She fears leeches that fall from trees and ambush people. (Verbatim: "those ones i hate those ones so much like those ones are literally there to ambush you")
8. She has never encountered ticks in the jungle or in England. (Verbatim: "i've not really had to deal with ticks no i've been very fortunate i don't think i've run into ticks in england either")
9. She finds the smell of strong insect repellent preferable to being bitten. (Verbatim: "i'd rather that than get bitten by mosquitoes")
10. She has a fond memory of watching Shrek 2 on a small iPad screen in a hammock with others. (Verbatim: "we'd all be in these little hammocks and then we'd have this like she had this girl had like an ipad and we'd watch it on this tiny tiny tiny tiny screen") [end of text]



1. She has a strong emotional connection to inanimate objects, believing they have feelings and often apologizing to them. (Verbatim: "i'm cursed with you like i think that inanimate objects have feelings and you want to say sorry to them")
2. She once worked as a developer. (Verbatim: "i used to fall asleep at work when i used to work as a developer")
3. She has a habit of falling asleep while working, especially when using a chair without a headrest. (Verbatim: "i used to just lay down while i would stream and that's asking to fall asleep")
4. She grew up with two cats. (Verbatim: "i grew up with two cats and i have i have so many videos of them")
5. She has a cat that enjoys gnawing on plant leaves but does not swallow them. (Verbatim: "one of my cats loves to like gnaw on the leaves she doesn't she won't like rip it off and like swallow it")
6. She keeps plush toys on the floor as pillows and for comfort. (Verbatim: "i keep them on the ground on a rug so that way like if i want to lay on the floor i can just use them as pillow")
7. She draws using a mouse and finds drawing difficult. (Verbatim: "i drew you a little thing i i can't draw so it's in pink with my mouse")
8. She has a cat that hoards tape and plastic, licking it aggressively and spitting it out later. (Verbatim: "she will start to lick at the sticky as like fast and just like aggressively and then you just hear it")
9. She values non-toxic plants and ensures they are kept outside the house. (Verbatim: "make sure your plants are non-toxic like i always make sure non-toxic plants are inside the house")
10. She enjoys gardening and has a particular interest in ants. (Verbatim: "i love ants and stuff and i i have a i have a a tree like a little a mini palm") [end of text]



1. She owns a large collection of plushies, most of which were gifts. (Verbatim: "a majority of these were gifts um like i'd probably say only about a quarter of the plushies that i own are i bought")
2. Her plushie collection is so extensive that it has overflowed into her living space, with many stored on the floor and shelves. (Verbatim: "this is my plushie mountain like my plushie mountain on the floor and then on a shelf")
3. She has a shiba-shaped, round, squishy plushie that she keeps on her sofa. (Verbatim: "i have one i keep on my sofa like kind of similar size like to the ax a little but mine's like a little shiba shaped thing oh like a like like one of the giant like uh shiba like yeah but it's kind of round as well so it's like squishy but round")
4. She once received a two-meter-tall goose plushie as a gift from someone named Chap. (Verbatim: "the biggest plushie i have is this two meter goose that chap bought me when i opened up throne")
5. Her dog has a habit of sleeping among her plushies and even uses them as pillows. (Verbatim: "she sleeps by them like her head is by them so she can she uses one but she did she did rip one open the other day")
6. Her dog once destroyed a plushie by ripping it open, likely due to jealousy or curiosity. (Verbatim: "she woke up and chose violence really fast she was like heck nah not today mate")
7. She is capable of repairing damaged plushies using a teddy bear stitch technique. (Verbatim: "i know that i can do a teddy bear stitch so it's okay")
8. She once orchestrated a prank with her sister to surprise her parents by hiding a giant unicorn plushie in their home for Christmas. (Verbatim: "one christmas my sister and i we went to the store to go get christmas supplies that our mom had requested and my mom my sister has this very small car it's like a it's a fiat")
9. The giant unicorn plushie was approximately the size of an average desk and was purchased for $20. (Verbatim: "it was probably it's probably about the size of your average desk okay um or like yeah probably like the size of your average desk and you stand up on all fours and it's it's pretty big right so it was on sale for twenty dollars")
10. She has a dog that becomes possessive and jealous when she interacts with her plushies, often pushing them away. (Verbatim: "if i got like a plushie and i like pet it and i'm like oh he's a good girl he's a good boy she's like hello hello darts over and he can like pushes it like out the way") [end of text]



1. She has a dog that recently gained weight due to excessive treats. (Verbatim: "how did my dog get so much fatter like in such a short space of time")
2. She has cats that are aware of their cuteness and use it to manipulate people. (Verbatim: "my cats know when they're being cute they are 200 know when they're being cute they're very aware")
3. She finds it frustrating when people give her pets human food. (Verbatim: "oh my goodness like why would you do that and they were like well like they wanted the chicken and like i'm like i don't care if they want it why did you do that")
4. She has a cat that behaves like a dog, frequently licking people. (Verbatim: "one of my cats should like lick you all the time i'm like you i hope you know that you are not a dog")
5. She enjoys playing Sons of the Forest with a close friend who refers to herself as her "baby girl". (Verbatim: "i know i'm elia's baby girl but like she really likes to kill me in the forest sons of the forest")
6. She plays League of Legends with a close friend and considers them a serious duo. (Verbatim: "we're like league of legends duos that's how serious we are")
7. She has a close friend who calls her "baby girl" and they share a playful, affectionate dynamic. (Verbatim: "i know i'm elia's baby girl but like she really likes to kill me in the forest sons of the forest")
8. She enjoys sharing birthday celebrations with her close friend, including "birthday snuggles". (Verbatim: "i gave her a smooch but don't tell her okay i gave her a big smoocheroo but don't tell her")
9. She has a friend who refers to her as "daddy discord" in their gaming duo. (Verbatim: "daddy discord and like number one meow meow mod yes that sounds like")
10. She has a fondness for kinder eggs and shows them to her friends. (Verbatim: "oh wait i actually got a kinder egg um to show you the kinder egg") [end of text]



1. She is 28 years old. (Verbatim: "we're 28 yippee guys i'm 4 20. yippee yippee thank you for the wonderful number")
2. She has a fondness for shepherd's pie and has been eating it frequently. (Verbatim: "i've been on a shepherd's pie binge as of recently")
3. She enjoys eating Kinder Eggs and finds them delicious. (Verbatim: "that egg was delicious and then that's cute i don't know this is oh i don't know")
4. She likes the concept of Wonder Eggs or Wonder Balls, which are chocolate eggs with small toys inside. (Verbatim: "we had um these things called wonder balls and they were like balls of chocolate and inside they would have like little like tiny like animal shaped candies and stuff")
5. She has a preference for British-style dishes, particularly those eaten on Sundays. (Verbatim: "on sundays would be one of the options like shepherd's pie cottage pie be like some kind of british dish like on sundays")
6. She has a strong emotional connection to a birthday gift she received, describing the giver as a "sweet little angel." (Verbatim: "thank you thank you guys i love her she's so sweet she's like a real angel i love you")
7. She has a habit of going through others' social media to find character references. (Verbatim: "i felt like a little stalker because i like went through your entire twitter looking for your character reference")
8. She is not skilled at drawing and has had help from others with character art. (Verbatim: "i can't draw so i had someone draw i sent it but i it was only it was i was supposed to be really small in the background")
9. She has a preference for cola and drinks it while streaming. (Verbatim: "i'm gonna have some cola and the egg may be on day")
10. She has a long-standing habit of doing "zatsu" streams, often lasting 15–16 hours. (Verbatim: "just pure zatsu ing for like 15 hours 16 hours i don't know how much time has passed") [end of text]



1. She identifies as a "silly british girl." (Verbatim: "I'm just a silly british girl")
2. She has a cat named Fugi who is featured in her Discord profile picture. (Verbatim: "oh my god your fugi's so cute cat yeah i saw it briefly be my discord profile pic")
3. She is currently living in a building with soundproof walls and windows designed for people with dogs. (Verbatim: "the building i'm in is designed for people with dogs")
4. She finds small dogs with disproportionately loud barks, like sausage dogs, amusing and surprising. (Verbatim: "it's like this tiny sausage dog and you're like ah hello there little dog")
5. She has a fondness for chocolate, particularly chocolate rolls known as "caterpillar cake" in England. (Verbatim: "i'm looking up caterpillar cake right now so it's like this chocolate chocolate roll")
6. She considers chocolate to be slightly overrated but still enjoys it, especially if it's decent. (Verbatim: "i personally think chocolate is a little bit overrated but excuse me it depends on like it has to be like decent")
7. She has a positive view of beans on toast, calling it a delicious snack meal. (Verbatim: "there is nothing wrong with beans on toast it's so yummy it's fine i love beans on toast")
8. She enjoys playing League of Legends and is currently leveling up a support player account on the NA server. (Verbatim: "i'm leveling up a a um a na account at the moment")
9. She experiences difficulty with the high ping (90–100) on the NA server compared to her usual 50–60 ping on EU West. (Verbatim: "when i go into na it goes up to like 90 to 100 and i'm like i'm trying to adjust")
10. She expresses a desire to bring happy things to people through her content and wants to keep working hard. (Verbatim: "i want to keep working hard and bring lots of happy things to people") [end of text]



1. She has a tendency to fall asleep at her desk. (Verbatim: "Oh, I fell asleep at my desk")  
2. She frequently plays Minecraft, often staying up late due to it. (Verbatim: "I stayed up all yesterday playing Minecraft")  
3. She enjoys collecting anime figurines and has a large collection. (Verbatim: "I can't actually get any more anime figurines because my shelf is now full")  
4. She has a habit of building in Minecraft but often abandons or modifies her structures. (Verbatim: "I half finished it and then I gave up and started building a new house")  
5. She has a self-described "dirt hole" in Minecraft that includes a waterfall and a nether portal. (Verbatim: "I have a nether portal, a waterfall, and a dirt hole")  
6. She identifies with the playful nickname "cave goose" due to frequently ending up in caves in games. (Verbatim: "I kind of end up in a cave in most games that I play somehow")  
7. She has a strong emotional reaction to compliments, often deflecting them with humor. (Verbatim: "Sorry I can't cope with compliments so I just slap things")  
8. She is not fond of geese or swans, recalling childhood fear of them. (Verbatim: "I remember being terrified by geese as a kid")  
9. She finds horror games intimidating and admits to being scared. (Verbatim: "I'm too scaredy-cat for this! Please, someone hold my hand!")  
10. She has a recurring dream theme involving zombie apocalypses and survival. (Verbatim: "I always have zombie apocalypse nightmares") [end of text]



1. Her birthday is tomorrow. (Verbatim: "happy birthday elia my birthday is tomorrow")
2. She has a dog named Samuel. (Verbatim: "let's try and draw a Samuel head on the other one")
3. She is not a skilled artist. (Verbatim: "I'm not a good artist I'm not the artist in the family I'm like the non artist")
4. She enjoys drawing, particularly animals like geese and dogs. (Verbatim: "let's try and draw a Samuel head on the other one")
5. She uses acrylic paint for her artwork. (Verbatim: "elias stellaria acrylic original goose in in void")
6. She values the process of creation, even when uncertain. (Verbatim: "trust the process maybe maybe no i need i need a reference")
7. She finds drawing lines difficult. (Verbatim: "Lines are so hard though")
8. She appreciates being thanked by her audience. (Verbatim: "i'm the one thanking you guys for hanging out with me")
9. She has a habit of staying up late, sometimes without sleeping. (Verbatim: "i got a no nap no nap i'm drinking my gamer subs we're going the full full full time")
10. She is aware of her tendency to fall asleep during naps. (Verbatim: "if i took a mid donut on nap i would fall asleep and then forget to wake up for a while") [end of text]



1. She is half English. (Verbatim: "It's half in my blood. I'm half English.")
2. She has a strong aversion to seagulls, finding them aggressive and frightening. (Verbatim: "They're so scary. They just annoy me, they steal all your food.")
3. She believes seagulls are protected by law in England and cannot be harmed. (Verbatim: "You can't harm any birds in England.")
4. She once worked in retail, where she encountered seagulls nesting on a fire escape. (Verbatim: "When I worked in retail once, the fire escape... there's a seagull nest.")
5. She finds the idea of wearing medieval armor impractical and overly heavy. (Verbatim: "It's so heavy! Have you ever worn chainmail? It's so heavy.")
6. She has a playful, self-deprecating attitude toward her past social awkwardness in school. (Verbatim: "the heckin quiet girl at school that is me you know the the one that would just wish for friends every like like just try and figure out how to how to make friends")
7. She identifies with capybara energy—calm, relaxed, and unbothered. (Verbatim: "capybara capybara capybara is a chill")
8. She is interested in trying indoor archery, despite the poor weather in England. (Verbatim: "I'm just looking up indoor archery right now.")
9. She is considering trying axe throwing but feels uncertain about her ability to handle it safely. (Verbatim: "I don't think I do very well with an axe. I haven't tried axe throwing...")
10. She is open to the idea of participating in a VTuber-themed fencing competition with custom costumes. (Verbatim: "That is, that is, that is. I'm down one day.") [end of text]



1. She has a birthday that was celebrated with fan artwork and a handmade digital gift. (Verbatim: "I've seen people have been sending you artwork and things that they've made to celebrate your birthday")
2. She once accidentally opened a stream while playing Minecraft, leading to a moment where acetone spilled on her desk. (Verbatim: "I accidentally opened stream and there's there's a button like on my stream deck to remove my clothes and that was accidentally pressed")
3. She has a stream deck with custom-labeled toggles featuring small icons for each function. (Verbatim: "all of them are the vtube studio logo and there's two letters to signify each one")
4. She previously engaged in all-nighters during her bachelor's degree studies, prioritizing constant learning over rest. (Verbatim: "I used to do all nighters a lot when I was at uni during my bachelor's")
5. She struggled with self-care during university, believing any time not spent studying was wasted. (Verbatim: "when I wasn't very good at looking after myself too much and I would be like any time not spent studying was time wasted")
6. She has learned that rest is essential for peak performance, having discovered the concept of "productive resting" through personal experience. (Verbatim: "productive resting you can't do your best unless you're at your best")
7. She enjoys making digital art, including creating a birthday gift with a 900x900 pixel canvas that was later tripled in size. (Verbatim: "I originally made it on a 900 by 900 pixel canvas and then i tripled the size because i thought it would be funny")
8. She has a fondness for PowerPoint animations, particularly spin effects, which she finds enjoyable and expressive. (Verbatim: "I recently gave a powerpoint presentation uh and i discovered the spin animation again yeah so every single thing just spun")
9. She has a habit of using her phone during medical procedures, such as an X-ray, to continue working on creative projects. (Verbatim: "they were about to like have me go through for the x-ray and they were like you have to put your phone away and i was like now one sec i'm doing something")
10. She has a strong connection to the game *The Goose Game* on Nintendo Switch, referencing it in relation to her character design. (Verbatim: "did you you played you played the the the goose game right the one that was on the nintendo switch okay yeah like that but it's just got your little hair buns") [end of text]



1. She has a 3D model that can be viewed by viewers when enabled. (Verbatim: "oh my goodness they already unlocked 3d model yeah so i can become 3d and then everyone can see how much my legs shake permanently")
2. She experiences restless leg syndrome. (Verbatim: "oh my gosh yippee restless leg syndrome")
3. She enjoys eating sushi. (Verbatim: "oh my god i would love some sushi i'll i'll bring you some i'll put it in the mail for you")
4. She has a habit of drawing pictures for her viewers, including hand gestures. (Verbatim: "i drew you a picture yo really where it is don't make fun of me peace and heckin love")
5. She is aware of and uses hand tracking technology for her stream. (Verbatim: "should i put it are we hand tracking when one day one day and see all my ridiculous like hand movements")
6. She appreciates donations that help fund her stream's technical features like hand tracking. (Verbatim: "you guys go give ellia money on youtube and through donations that ellia can afford to have hand tracking on her model that's crazy")
7. She has a close relationship with her roommate, who recently returned home. (Verbatim: "my roommate has just gotten home and i need to go help bring in the groceries so i'm gonna have to say goodbye")
8. She has a playful, self-aware sense of humor about her virtual body's design, particularly regarding the absence of a belly. (Verbatim: "well technically my belly isn't really there um like the belly's not there um it's it's attached to the clothing so if i remove the belly area i just end up with a gap")
9. She has a fondness for cola, specifically referring to it as "cola aid" in a playful way. (Verbatim: "yeah soda pop we don't call that you're drinking pop no fizzy drink we call it fizzy drink oh wait wait yes cola aid cola aid cola aid yeah that stuff heck yeah")
10. She is open about her social anxiety and fear of making friends, despite being well-liked. (Verbatim: "I'm still permanently worried about making friends You know me I'm scared That everyone's so kind I...") [end of text]



1. She has a strong emotional connection to her community, referring to them as her "kamioshi" and expressing deep gratitude for their support. (Verbatim: "Thanks to you. You'll forever be my kamioshi.")
2. She identifies as a goose in her persona, with a recurring motif of geese in artwork and references. (Verbatim: "Happy B-Day to the most wonderful goose in the world.")
3. She has a fondness for bananas, which appear as a recurring visual element in fan art and her stream. (Verbatim: "Look at the styling and the banana working together.")
4. She has been streaming for 18 hours in a single session, indicating a pattern of long-duration streams. (Verbatim: "We're about to hit another 18 hours!")
5. She began video editing one year prior to this stream, marking a significant milestone in her content creation journey. (Verbatim: "This also marks my first year of video editing.")
6. She values handmade art from her community and encourages fans to share their creations without self-doubt. (Verbatim: "Don't be sorry for any art made by yourselves, okay?")
7. She has a deep appreciation for puns, particularly those involving "nuts and goals" and "honks" as a playful nod to her persona. (Verbatim: "it's about puns thank you puns")
8. She has a soft spot for cake, referencing it in fan art and joking about "cake soup" and being given a knife for cake. (Verbatim: "you gave Tosu Nana a knife, but it's acceptable because it's for cake.")
9. She is inspired by the idea of being a positive voice for others, especially those who struggled with anxiety in childhood. (Verbatim: "I always wished there was a positive voice when I was younger and I want to be able to be a positive voice to people.")
10. She has a strong emotional response to birthday messages and fan art, often becoming overwhelmed with gratitude and emotion. (Verbatim: "oh gosh oh gosh oh gosh oh gosh oh gosh I'm gonna get out of life by kindness at this rate I think") [end of text]



1. She has a strong emotional reaction to heartfelt messages, often becoming tearful. (Verbatim: "oh my goodness oh my oh my goodness oh my oh my my heart my my heart my heart oh gosh")
2. She is referred to as a "celestial cave goose" by fans, suggesting a self-identified or fan-identified species or persona trait. (Verbatim: "happy burps day song for our celestial cave goose who finally accepted that she is a goose")
3. She has been active on YouTube since at least January of the previous year, when she was discovered through YouTube Shorts. (Verbatim: "it was by chance that you slipped into my youtube shorts last year in january")
4. She has a close relationship with her fanbase, whom she refers to as "kamioshi," indicating a deep personal connection. (Verbatim: "dear elia words cannot describe how glad i am that i was able to find you and call you my kamioshi")
5. She is known for her kindness and emotional support, often being described as a source of comfort and joy for others. (Verbatim: "you're the one who brings so much happiness and warmth into my life")
6. She is self-aware of being a "mess" at times but emphasizes having good intentions and perseverance. (Verbatim: "you're an adorable mess filled with good intentions and the strength of heart to keep pushing ahead")
7. She is sensitive to emotional content and finds fan letters to be deeply touching, comparing them to hugs. (Verbatim: "these letters feel like hugs. It's really nice. It's really, really nice.")
8. She has a fondness for cute, whimsical wallpapers and fan art, particularly those with birthday themes. (Verbatim: "i love these kind of wallpapers thank you thank you this is wonderful thank you thank you")
9. She enjoys being recognized and celebrated, especially on her birthday, which is a recurring event in her fan interactions. (Verbatim: "happy birthday elie thank you for always being so adorable and nice with us")
10. She is comfortable with being playful and self-deprecating, especially around her identity as a "goose" in fan culture. (Verbatim: "i don't know how this this this song goes oh he knows happy birthday to you") [end of text]



1. She is a VTuber who has been active for less than a year. (Verbatim: "It's not even a year since your journey.")
2. She has created and released music. (Verbatim: "All your achievements, all your musics, all your collabs and merch.")
3. She has released merchandise. (Verbatim: "All your achievements, all your musics, all your collabs and merch.")
4. She is recognized for her dedication and determination in VTubing. (Verbatim: "Your determination and dedication to VTubing and making us happy is genuinely amazing.")
5. She struggles with self-doubt despite receiving significant support. (Verbatim: "I often see you doubt yourself. Maybe a little bit.")
6. She is not multilingual and only speaks English. (Verbatim: "I only speak English. Being raised in England and by my family that decided to not teach me any other languages.")
7. She identifies as a "monolingual punk." (Verbatim: "I'm a... monolingual punk, unfortunately.")
8. She values self-care and rest, and has been reminded to take care of herself by fans. (Verbatim: "keep doing your best but also make sure to get some rest... take care of yourselves punks")
9. She has received fan art and birthday messages from multiple contributors including Winged Beaver, Yunru, Nick, Gagarin, Ren, and Michael. (Verbatim: "This one is by Winged Beaver... This one is by Yunru... This one is by Nick... This one is by Gagarin... This one is by Ren... This one is by Michael")
10. She has a fondness for coffee. (Verbatim: "You got the coffee! Heck yeah! Coffee, ne. Coffee!") [end of text]



1. She has a birthday that was celebrated during the stream. (Verbatim: "happy birthday elio hello elio i wish you a very happy birthday")
2. She is referred to by the name "Ellie" in fan messages. (Verbatim: "happy birthday ellie")
3. She has a fan-created OC (original character) named "Bold Elia" with a prominent forehead. (Verbatim: "bold elia bold elia is here he's bold elia look at that forehead")
4. She has been a VTuber for less than a year. (Verbatim: "i'm very proud to see you achieve so much in less than a year")
5. She values kindness and believes it will work out if one remains kind. (Verbatim: "my belief in kindness might stem from my stubbornness um yeah i think i think it might stem from from me being stubborn and refusing to to want to admit you know that i don't i i kindness kindness will work")
6. She has experienced ups and downs and tough real-life (IRL) challenges. (Verbatim: "there's been a lot of ups and downs and and tough irl things and things")
7. She feels she hasn't done enough despite positive feedback. (Verbatim: "i was worried i've not been doing enough so thank you")
8. She is comfortable with being a lurker and admits she is too shy to come out of lurking. (Verbatim: "i'm a lurker at heart you guys have no idea how many streams i have been lurking and i'm way too shy to come out of lurking")
9. She appreciates fan art and has used it for stream thumbnails and assets. (Verbatim: "i'm gonna make me my play if it's okay use it on a stream thumbnail or something")
10. She has received a custom song from a fan, which she describes as "really amazing" and "blessed." (Verbatim: "thank you for that, my ears and my eyes, I've been blessed, yes, wow, this one's got a really cute banana") [end of text]



1. She has a birthday that is celebrated by fans with messages and drawings. (Verbatim: "happy birthday Ellie won't be around for much this dream, but I'm shy so I just put all my honest feelings in here")
2. She is known as "Elia Stellaria" and is referred to by fans as "Ellie" or "Ellia". (Verbatim: "happy birthday ellia stellaria message")
3. She has a strong emotional impact on her fans, who describe her as supportive, wholesome, and comforting. (Verbatim: "thank you for being wholesome supportive and considerate helping me sleep with your soothing voice")
4. She is appreciated for her ability to help fans cope with depression and difficult times. (Verbatim: "carrying my depression did i manage to put an espresso depressor in the blue please know that you did indeed change my world for the better")
5. She values genuine care and attention to detail in her streams. (Verbatim: "your genuine carefroos continues to shine through in the little details in each and every stream")
6. She has a connection with her fans that feels reciprocal and meaningful, with fans expressing deep gratitude. (Verbatim: "you are always so thankful that we are here that we are there and kind to you but it is us who are even more grateful to have you be a part of our lives")
7. She believes in personal growth and strives to be a better person for her audience. (Verbatim: "each day i keep wanting to try and be a better person for you guys")
8. She has been streaming for extended periods, including a 20-hour straight chat session. (Verbatim: "i've been streaming for 20 hours straight of just chatting and that's wing like yeah yeah am i good um functioning maybe")
9. She is described as "the sweetest most caring and hard-working person in the world" by fans. (Verbatim: "today is the official day to celebrate the sweetest most caring and hard-working person in the world")
10. She is fond of the color blue, which is associated with her identity and comfort. (Verbatim: "carrying my depression did i manage to put an espresso depressor in the blue please know that you did indeed change my world for the better") [end of text]



1. She has a strong emotional connection to her community and values being a welcoming presence. (Verbatim: "I want it to be somewhere where if you say anything everyone's welcoming and and and it's okay")
2. She experienced social anxiety and exclusion during school, which influences her desire to create an inclusive space. (Verbatim: "I have a lot of vivid memories at school seeing like people in circles and feeling like you can't ever enter the circle")
3. She identifies with being a "cringe" and "messy" person, embracing imperfection. (Verbatim: "I'm not a cool person I'm very cringe I'm a complete mess")
4. She has a dog that is part of her personal life and appears in her streams. (Verbatim: "my dog and none don't like me now that's all a lie")
5. She has a plant that is part of her stream environment and sometimes appears in animations. (Verbatim: "my plants are flying in the air")
6. She is known by the nickname "goose" within her community. (Verbatim: "happy birthday ellie" "your ring was starring star ring star ring i love you")
7. She has a strong emotional response to heartfelt messages from fans, including tearing up. (Verbatim: "that made me tear up that was beautiful")
8. She values authenticity and being her true self despite self-doubt. (Verbatim: "I'll do my bestest i'm not doing so cute thank you")
9. She has a history of being a lurker in online communities before becoming active. (Verbatim: "i'm a lurker mostly but your streams are always so warm and kind and welcoming")
10. She is inspired by the positive impact she has on others' lives, including helping them feel less alone. (Verbatim: "it feels my heart to see someone as special as you to be celebrated deservedly by so many people around the world") [end of text]



1. She created a game called "Elliott Jump" in one week, despite initially believing she couldn't draw or sing. (Verbatim: "I thought I can't draw I can't sing but I can code so made a game in a week")
2. She has a fictional character named Delaria who is an angelic detective with a fluffy white samoyed named Delilah. (Verbatim: "her heroine and her newest case... a young woman... known by many names... an exceptionally smart logically minded individual")
3. She enjoys reading and has written a story titled "Sherlock Honks and the Case of Many Maidens" as a birthday gift. (Verbatim: "I'm not a good artist at all so I figured I'd try to write something for you")
4. She is known by fans as "Ellia" and receives birthday messages with that name. (Verbatim: "Happy Birthday, Ellia, darling!")
5. She values making people smile and considers it a success if she can make at least one person smile. (Verbatim: "if I can make at least one person smile I did good I did good I did good")
6. She has a fondness for sandwiches, particularly a chicken pork chicken sandwich, though she cannot eat it. (Verbatim: "I can make a chicken pork chicken sandwich... I wish I could eat it")
7. She is not confident in her artistic abilities and considers herself a poor artist. (Verbatim: "I'm not much of an artist and I'm not good with words")
8. She has a fictional experience of being "isekai'd as a British girl" after flying and getting hit by a truck in the sky. (Verbatim: "last time I flew I got hit by a truck in the sky and got isekai'd as a british girl")
9. She has a habit of streaming for extended durations, including a 21-hour stream. (Verbatim: "I'm on 21 hours of squeamin welcome to the 21st hour elia of the 21st hour")
10. She has a strong connection with her audience, describing them as a beacon of positivity in her life. (Verbatim: "You're really a beacon of positivity in my life and I smile every time I watch you stream") [end of text]



1. She is a British Retriever. (Verbatim: "Raiders, I'm Elias the Laurier British Retriever")
2. She has a habit of painting on small acrylic canvases. (Verbatim: "these are very small acrylic canvases")
3. She enjoys drawing and creating art, particularly on painted surfaces. (Verbatim: "I'm gonna just hold this close to my face for a second just so I can draw the face on it")
4. She has experienced nail injuries in childhood, including nails breaking and peeling off. (Verbatim: "it just kept heckin' going, I used to cry so much as a kid whenever that happened")
5. She has a strong emotional reaction to the idea of losing a nail. (Verbatim: "you just amputate your finger")
6. She has been banned from changing her Twitter profile picture due to using VTuber-related emotes in her name. (Verbatim: "your profile is under review no new changes allowed")
7. She believes Twitter's algorithm discriminates against VTuber culture by blocking certain emotes. (Verbatim: "discrimination against vtuba culture")
8. She uses specific emotes in her name, including "uchi marks" and "envelope" symbols. (Verbatim: "i put the emotes in my name")
9. She has a fondness for Special K bars as a snack. (Verbatim: "before the before the the totsis start i'm gonna have um yeah let me just sorry for the eating noises but i have to eat it's a 24-hour stream")
10. She has a recurring issue with her Twitter account being shadowbanned after adding emotes to her name. (Verbatim: "i got unshadow banned the moment i removed the emotes from my name") [end of text]



1. She has a strong connection to England and identifies as British. (Verbatim: "I am not freedom I'm british very very different")
2. Her character design is centered around an envelope theme. (Verbatim: "my entire design is based around the envelope one")
3. She enjoys consuming Special K bars for energy. (Verbatim: "i'm also my third special k bar because i'm hoping this gives me energy and life")
4. She has a dream about surveying ants regarding their favorite gummy bear flavor. (Verbatim: "I dreamt about trying to survey ants... on their favorite gummy bear flavor")
5. She has experience working with woodcutter ants and finds their pincers extremely sharp. (Verbatim: "I've worked with woodcutter ants... They pin through the gloves... The gloves are pointless")
6. She is capable of bargaining and considers herself a skilled negotiator. (Verbatim: "I'm very good at bargaining, I'm the negotiator")
7. She has a twin sister named Naiku who is also a VTuber. (Verbatim: "That was my twin sister, Naiku, that was someone else")
8. She has a recurring dream involving being chased through England by potato farmers. (Verbatim: "I remember sprinting after you as you were running through England... as if you were being chased by the potato farmers")
9. She is interested in moving to Germany to reconnect with her birth country. (Verbatim: "I have to return to my birth country.")
10. She received a caterpillar-themed birthday cake. (Verbatim: "Yeah, I had a caterpillar cake.") [end of text]



1. She has a fictional lore connection to being a messenger. (Verbatim: "I thought you were just like this messenger thing but I saw your tweet earlier today you know confirming it")
2. She is associated with a "goose" identity, which she confirms in a playful manner. (Verbatim: "wait that's what you are see honestly i was i was a little bit confused on the lore because i thought you were just like this messenger thing but i saw your tweet earlier today you know confirming it so like you know i personally i personally didn't agree with the whole goose theory but you know the confirmation really cleared up a lot of things for me")
3. She has a grandmother who is known for being brutally honest and will review her. (Verbatim: "i'm looking forward to seeing what my nan thinks of me wait what i think i missed that one there's nana elia's honest elia review i see that she's gonna review me and she's kind of no mercy kind of person so like what does that mean exactly she's like gonna like look at you and be like mid")
4. She created a mural titled "Sons of the Forest" that she associates with her persona. (Verbatim: "i had to put all of my skill together for you cool all right for me i'm a little bit shy to show this i worked really really hard on it okay so i'm gonna i'm gonna send it in the chat for you okay and i read this is if i when i think of you i think of this mural and so i would like to call this piece originally it was sons of the forest but it had to unfortunately be")
5. She is not an artist, despite her grandmother's belief that she is. (Verbatim: "but you know you're just you're you're so special that i had to put all can you hear me yeah hey oh you just could uh uh i had to put all of my skill together for you cool all right for me i'm a little bit shy to show this i worked really really hard on it okay so i'm gonna i'm gonna send it in the chat for you okay and i read this is if i when i think of you i think of this mural and so i would like to call this piece originally it was sons of the forest but it had to unfortunately be")
6. She is fascinated by American culture and has expressed a desire to visit the United States. (Verbatim: "Honestly, I was this close to setting my big goal to America because a lot of people I've spoken to recently told me about America and I'm like, 'It sounds like a magical place.'")
7. She is intrigued by American customs such as Costco and bulk shopping. (Verbatim: "I just got bamboozled because you guys don't put the tax on oh yeah yeah okay okay this is this is terrible but I also don't the tax thing is because every state has a different tax so like and every state has a different role I know so I like I cross over state lines and I'm like suddenly have to do different math I'm not even looking that sounds painful I know I can't do math tax it 3% tax it 5% I don't want it yeah just give me the number just give me the heck it number and I'll give them the money yeah seriously")
8. She finds the concept of American tax systems confusing due to regional variation. (Verbatim: "every state has a different tax so like and every state has a different role I know so I like I cross over state lines and I'm like suddenly have to do different math I'm not even looking that sounds painful I know I can't do math tax it 3% tax it 5% I don't want it yeah just give me the number just give me the heck it number and I'll give them the money yeah seriously")
9. She is interested in experiencing American events like monster truck rallies. (Verbatim: "Oh my gosh, Elia, come over here and I'll take you to a monster truck rally.")
10. She is eager to attend a Renaissance fair and dress up in "fairy core" attire. (Verbatim: "I've always wanted to go to like a real Renaissance fair and get all dressed up in my my my fairy core shit oh oh my gosh yes let's do it okay we'll do that after we do the monster truck oh my god I need to like the most oh gosh I just changed my goal to the most American trip ever") [end of text]



1. She has a strong connection to the game *Sons of the Forest*, often playing it with fans and participating in memorable in-game events. (Verbatim: "I truly do have so much fun like playing that yeah it's so fun i love it so much we really need to get back into it")
2. She enjoys roleplaying as a murderous character in *Sons of the Forest*, particularly taking pleasure in defeating others in the game. (Verbatim: "definitely by the fifth time you killed me i think you were experiencing a lot of joy")
3. She is known for her playful and dramatic in-game persona, often portrayed with a bloody axe and a sense of theatricality. (Verbatim: "there's you looking really excited with your bloody axe over my body")
4. She has a fondness for banoffee, a dessert combining bananas and toffee, which she specifically identifies as enjoyable despite not liking bananas in general. (Verbatim: "i don't like bananas that much but banoffee is good i will have banoffee")
5. She has a recurring joke about being a "mother" to her community, referencing her role in supporting and nurturing her fans. (Verbatim: "anything for mother vtuber i'll make sure those animators of yours work extra hard")
6. She has a history of hosting large-scale events, including the Pow World event, which was praised for its excitement and creativity. (Verbatim: "the freaking pow world event was so cool it was like oh my god it's so exciting")
7. She is involved in organizing music covers, collaborations, and merchandise for her community. (Verbatim: "arranging like covers and events and then like collabs and then still catch up being able to catch up with everyone and then like oh all the merches you know oh my god")
8. She has a playful, self-aware sense of humor about her own in-game behavior, joking about being a "murderous tendency" but balancing it with being a good driver. (Verbatim: "i might have a murderous tendency but i'm a very good driver so it's okay it's a trade-off")
9. She values community interaction and expresses gratitude toward fans who participate in her streams and events. (Verbatim: "thank you so much for coming to my birthday i appreciate it thank you you're awesome")
10. She has a recurring theme of "banana" in her community culture, with fans jokingly referring to her as "banana bro" and her content often referencing bananas. (Verbatim: "every time you post like a community post like a poll right is this option a banana or this banana or ellia it's it's always going to be banana never it's always why because banana") [end of text]



1. She enjoys drinking tea and uses two tea bags at a time for a stronger brew. (Verbatim: "I do the two tea bags I mix it and then I put uh I've got like a little uh it's like like half of a suction cup and you kind of put that on the top like like a lid so it kind of acts like a bit like a teapot")
2. She has a fondness for ginger nuts as a tea biscuit. (Verbatim: "I really like ginger nuts okay yo good choice there's something about it and it makes my tea slightly spicy")
3. She has a dog that drinks water very quickly and gets hiccups as a result. (Verbatim: "my dog drinks fast but she drinks so fast that she gets hiccups and it's really cute")
4. She has been to Liverpool and found the fish and chips there to be superior. (Verbatim: "after living in the north until a couple of years ago I can definitely say the north fish and chips are superior")
5. She plans to visit Panda Pandora on an upcoming trip. (Verbatim: "i'm gonna see panda pandora and yeah yeah yeah oh my god are you excited yes oh my god i'm not surprised that sounds like it's gonna be amazing")
6. She has attended in-person meetups with other VTubers, including one with Hades and Siren. (Verbatim: "we went for the uh for the nommies and everything yeah that was really fun")
7. She enjoys eating fish and chips and considers it a proper British meal. (Verbatim: "heck yeah oh my goodness a proper british night i love it")
8. She is familiar with and has seen the PG Tips monkey advert and believes there may be a conspiracy around the missing monkey. (Verbatim: "people owned the monkey i don't know how they got hold of the monkey but apparently it used to come in the uh boxers it came in the box")
9. She prefers Yorkshire Tea but has considered switching to PG Tips due to nostalgia. (Verbatim: "i have yorkshire tea okay wait i'm sorry is that the wrong answer no there's no wrong answers what's your answer wait what's what's what's your answer a pg tip")
10. She has painted mugs and canvases as part of her creative hobbies. (Verbatim: "painted some mugs painted some canvas which i'm gonna give to as rewards") [end of text]



1. She has a strong preference for ginger in specific forms like ginger nuts and gingerbread men. (Verbatim: "the only sort of ginger acceptable thing i'll have because i'm not a big fan of ginger but but yeah ginger nuts and gingerbread men")
2. She enjoys visiting Greg's bakery and finds their gingerbread men particularly good despite their high price. (Verbatim: "oh the greg's ones though whether like they're not like yeah super hard they've got like a tiny bit of squish to them")
3. She lived in a large shared house with nine other girls during university. (Verbatim: "when i lived in that house with um at uni the really big big big house with um with like when it was like me and nine other girls")
4. She had a role in her university house as the "tech support bro" due to her ability to fix technical issues. (Verbatim: "you're like the older brother that knows about tech and i was like what but yeah")
5. She once fixed a laptop by simply turning it on after inspecting it, which led others to call her a "tech wizard." (Verbatim: "i just turned it on and it worked and she was like whoa magic and i was like yeah yeah let's let's let's um let's call it that")
6. She was not the dorm mom but was assigned a role in the shared house based on her habits and proximity to common areas. (Verbatim: "i didn't even make any they were like they were like you're like you're like the older brother that knows about tech")
7. She values having her own fridge space and dislikes sharing refrigerators, recalling past struggles with limited fridge and freezer space. (Verbatim: "i'm so glad i'm so glad i don't have to share a fridge anymore like it was so sad having to having to to share fridge space")
8. She has a fast metabolism and processes caffeine quickly, estimating red bull effects within two to three hours. (Verbatim: "i have a pretty fast metabolism so maybe yeah like two maybe two two two hours before three hours")
9. She is aware of the legal implications of having multiple kitchens, recalling a story about a property being split into two homes due to two kitchens. (Verbatim: "if you have a building with multiple kitchens then you the kitchen is what defines like a home apparently so if you have two kitchens you have to legally make it two homes")
10. She has a fondness for Coca-Cola, acknowledging it's not good for her voice but enjoys it for happiness. (Verbatim: "coca-cola is not very good for my voice so i will i will make sure that i drink water yeah i'll make sure i drink i drink water because i can yeah my throat's a little like yeah but it should be it should be okay like i am health you can leave it at coca-cola is not very good no no it's very good for my happiness") [end of text]



1. She has a dog that sleeps on her clothing and likes to snuggle into her belongings. (Verbatim: "she'll sleep somewhere that smells like me")
2. Her dog enjoys shoving her face into her shoes and has taken her slippers to play with. (Verbatim: "she just keeps taking them and then just shoving her base in it")
3. She values the joy her fans bring her and sees herself as reflecting their brightness rather than generating her own. (Verbatim: "i don't shine i just reflect all the joy that you guys give me")
4. She has a habit of resting her voice during streams when it starts to hurt. (Verbatim: "i'm resting my voice a bit because it's been yeah like long time")
5. She is currently using a dark mode theme for her stream setup. (Verbatim: "i shouldn't have changed the heckin thing to dark mode icon")
6. She once played the game osu! extensively but is not skilled at it. (Verbatim: "i used to really love playing osu a lot i'm not very good at it i'm terrible at it")
7. She is concerned about voice strain and avoids whispering to preserve her vocal health. (Verbatim: "i don't know if whispering is bad for the voice")
8. She drinks water frequently during streams to help maintain her voice. (Verbatim: "i'm gonna keep drinking water though")
9. She has difficulty with printer technology and finds them unreliable and frustrating. (Verbatim: "it's always with a hacking printer like every hacking time it's like it don't print")
10. She has a strong emotional connection to her fans, especially during her birthday. (Verbatim: "thank you for all your hard work and making all our days brighter") [end of text]



