1. She had a dream involving a refund conditional on winning a League of Legends 1v1, which she struggled with. (Verbatim: "I had a dream that I paid for something and then I had to refund it... I was like wait a second I suck at 1v1s, no!")
2. She enjoys eating cinnamon rolls for breakfast, which she also calls cinnamon swirls. (Verbatim: "I had a cinnamon roll a cinnamon roll... it's either a roll or a swirl but I've never called it a... bun")
3. She drinks energy drinks, specifically "ice core," to stay awake during streams. (Verbatim: "if you're wondering like damn she got energy... that's because she running on ice core here")
4. She has a fluffy white dog that is currently shedding heavily. (Verbatim: "my super fluffy dog is shedding right now and she's still shedding... there's just white fluff all over the floor")
5. She finds vacuuming up her dog’s fur very satisfying, especially with the light on her vacuum. (Verbatim: "it's heckin satisfying... seeing it like disappear is just satisfying")
6. She has irregular sleep patterns, often staying up late and waking up early, sometimes vacuuming at 1 a.m. (Verbatim: "i fell asleep at like 3 a.m and woke up at five... i thought i'd do a little vacuum at like 1 a.m")
7. She understands various British accents, including Cockney and Welsh, but cannot speak them. (Verbatim: "i can understand it if... someone with like a strong cockney accent was speaking to me")
8. She struggles to understand strong Scottish and Irish accents. (Verbatim: "the only ones i struggle with are... scottish and irish... yeah it's it's heck it's hard")
9. She has family in Wales, including an aunt and cousins, who have strong Welsh accents. (Verbatim: "my uncle and my cousins live in wales... they all had well she had a lovely welsh accent")
10. She is planning to do a stream about Cockney rhyming slang the following day. (Verbatim: "we're gonna learn cockney rhyming slang tomorrow and then we'll all be kind of ready for london") [end of text]



1. She has a plush collection she calls "plushy mountain" which includes a small panda plush. (Verbatim: "amongst my plushy mountain i do have a panda a little tiny panda")

2. She once woke up to her Pochita plush from Chainsaw Man falling on her face, which scared her. (Verbatim: "i woke up to little pochita pochita from chainsaw man plushy falling down on my face and it heckin scared the heck out of me")

3. She tends to roll over while sleeping and has even announced it in her sleep, such as saying "i need to roll over" before doing so. (Verbatim: "i'll just be like i need to roll over and then and then i roll over")

4. She has fallen off the bed before due to rolling in her sleep, once making a loud bang that alerted her parents. (Verbatim: "i've rolled off that before um yeah didn't didn't really notice or really wake up apparently but my parents my parents noticed when they heard a giant bang")

5. During childhood, she slept in a small box room with a solo bunk bed that had storage space underneath. (Verbatim: "growing up i had one of these like um really small box rooms... it's like one of these... it's like the space underneath is for your stuff")

6. She taught her cat to climb the ladder of her bunk bed to join her. (Verbatim: "i taught my cat to climb up the ladder step by step um so that my cat could climb up and join me")

7. She enjoys high places and used to climb trees and other structures, often getting stuck. (Verbatim: "i like high places um i used to climb trees and stuff um a lot and get stuck")

8. She tried bouldering but found it difficult to come down after climbing up, due to lack of safety ropes. (Verbatim: "i tried um bouldering i tried bouldering and i remember climbing all the way up and then was like uh oh how do i get back down")

9. She appreciates her small feet, finding them helpful when bouldering on small holds. (Verbatim: "also it made me really thankful for my tiny feet heckin yeah my small feet getting on them small little pebbles")

10. She is interested in creating a vlog series about her British experience in Japan but lacks recording equipment. (Verbatim: "i was thinking of trying to make it like a little vlog series... i haven't really got anything to really record or take pictures with") [end of text]



1. Her father, referred to as "Papa Elia," likes birds, particularly owls, and has given her many bird-related books. (Verbatim: "papa elia really likes birds... i actually have a bunch of field guides on recognizing birds and a bunch of other bird books on about birds")

2. Her grandmother, referred to as "Nana Elia," has short white hair and is described as very fussy with personal tastes. (Verbatim: "she also has white hair she has short white hair... nana ellie is very very very very fussy um and has no mercy saying if she doesn't like a thing")

3. She attended a British primary school where end-of-year trips including abseiling were common; she participated in abseiling as a child. (Verbatim: "oh i've been abseiling... in my school they did like um a one of them i think it's quite common in like british primary schools to go on an end of end of school kind of trip and abseiling was on there")

4. She has social anxiety, which was less present when she was younger. (Verbatim: "i can loved abseiling yeah yeah yeah that was okay because i was smaller and didn't hadn't developed my full social anxieties yet")

5. She finds human interaction and small talk difficult or uncomfortable. (Verbatim: "i didn't really fancy the uh small talk or human interaction of of what you call it um communicating with another being")

6. She has experience with bouldering, a form of rock climbing done without ropes or harnesses, and found it physically and mentally challenging. (Verbatim: "bouldering didn't require another human being so that's why i chose bouldering... no there's no safety apparatus no no no no there's no there's no wires or anything")

7. She uses chalk when rock climbing due to having sweaty hands. (Verbatim: "chalk for if you have particularly sweaty hands like a certain somebody cough me yeah yeah")

8. She speaks English fluently but jokes about being perceived as having "forgotten how to speak English" by family members. (Verbatim: "one of his comments was wow elia sure has forgotten how to speak english... i know how to speak english i do i haven't forgotten")

9. Her French language skills are rusty and she believes her grammar is likely incorrect. (Verbatim: "my french is rusty as heck... everything the grammar was probably wrong")

10. She was raised in an environment where speaking was discouraged unless spoken to, which may have influenced her communication style. (Verbatim: "you should only speak when you're spoken to... what if nobody speaks to me then then what do i do then i'm silent") [end of text]



1. She attended a Catholic school in England, which influenced her religious education. (Verbatim: "i technically technically i am went to a catholic school um so nana elia is very catholic i would say")

2. Her school required a priest to sign the application for admission. (Verbatim: "you had to have a priest sign your application um so that's how the catholic schools work in england")

3. She participated in an annual foot-washing ceremony at school during Easter, which she disliked. (Verbatim: "every year they'd wash your heckin feet like oh my god i did not like feet washing day")

4. She struggled with learning French, particularly pronunciation and grammar, despite taking it early for her GCSEs. (Verbatim: "my french is like rusty as heck everything the grammar was probably wrong... i've never been able to get the french r's")

5. She applied to study medicine in university and went through multiple interviews involving unusual psychological and role-play stations. (Verbatim: "i applied for medicine at university and and i had to do interviews for multiple universities... it was really weird this university was there were like seven stations")

6. During a medical school interview, she participated in a role-play task where she ended up putting socks on a mute elderly woman. (Verbatim: "you had to like help this old lady that didn't speak... it somehow resulted in me putting socks on her feet")

7. She has experience playing brass instruments, specifically the French horn. (Verbatim: "i was like yo can i play the clarinet in class and my teacher was like no you're the french horn player")

8. She struggled with playing the flute and whistling, finding it difficult to produce sound. (Verbatim: "you know of all the musical instruments flute was the one that i couldn't get a noise out of for like for like the longest time")

9. She can play music on drinking glasses, though she considers her skill inferior to "Papa Elia." (Verbatim: "i can also play um play glass... but yeah i like playing glass although papa elia is way better at playing glass than me")

10. Her English-side family heritage is Irish. (Verbatim: "my english side of the family descended from ireland... the family tree on my english side yeah is white irish") [end of text]



1. She once went to Paris on a scholarship trip where she visited the Louvre. (Verbatim: "i got to go to paris on a scholarship trip um and went to um went to the louvre")

2. She was surprised by how small the Mona Lisa painting was in person. (Verbatim: "i didn't realize how small the mona lisa is the mona lisa is heckin small i always thought it was this big painting")

3. She attended a modern art museum in Paris but was confused by the exhibits. (Verbatim: "i know i went to a modern art one as well and was very confused")

4. She accidentally attended a cabaret show without knowing its nature and was shocked by the partial nudity. (Verbatim: "i learned what a cabaret was um by going to one without really looking up the word")

5. She attended a French circus performance that felt more like an artistic play, which she didn’t fully understand due to the language barrier. (Verbatim: "i also went to this like french circus thing but it was supposed to be artistic i didn't understand a word they were saying")

6. She found the cabaret show to be a mix of circus skills and comedy, and despite the surprise, thought it was funny and well-performed. (Verbatim: "it was a really interesting show um yeah it was really interesting but now i know most of the time if i see the word cabaret it's it's it's it's yeah")

7. She has a recurring theme or persona related to bananas, including the idea of banana-shaped glow sticks for fans. (Verbatim: "i could have them idol sticks but banana shaped idol sticks would that be weird or would that be cool")

8. She refers to herself as a "bottle idol," suggesting a fictional or playful stage identity. (Verbatim: "no let me be the bottle idol i was supposed to be")

9. She expresses interest in future character evolution, mentioning curiosity about how “ellenoir” will look in “final form.” (Verbatim: "i'm excited to see ellenoir in like you know my final form")

10. She plans to collaborate with other VTubers (e.g., “buddies collab”) and prefers cooperative games for such events. (Verbatim: "we're gonna try and have a buddies collab next week... it is a cooperative game so we will not be blowing each other's up") [end of text]



1. She previously worked as a developer. (Verbatim: "i'm sorry the knowledge is ingrained into me from my um previous co-worker from when i was a developer")  
2. She dislikes NFTs and crypto culture, finding them impractical compared to tangible things like food. (Verbatim: "i don't want to buy nfts i don't want one i don't want i'm okay i don't i don't want one like no no i'm okie dokie no i'd rather have a chicken burger")  
3. She considers edible items as good investments and non-edible items as bad investments. (Verbatim: "can i eat it yes good investment can i eat it no bad investment")  
4. She has a strong liking for bunnies and bunny suits, describing them as "heckin cute". (Verbatim: "i heckin love bunny suits because bunnies are heckin cute")  
5. She has commissioned artist Yoki to draw her in a bunny suit. (Verbatim: "i am getting my funny girl art done by yoki... i've commissioned her to to draw me in a bunny suit")  
6. She jokes about having a "zatsu time dilation effect", where time feels shorter during her streams than it actually is. (Verbatim: "it just works heckin differently... elia zatsu time a study in two zatsu time dilation")  
7. She once pursued a PhD but dropped out. (Verbatim: "that my parents wanted me to be until i dropped my phd")  
8. She expresses interest in becoming a professor in VTuber studies. (Verbatim: "yo when we starting up the university where people can study and get their degree in vtuber studies... professor elia stellaria i could be that professor")  
9. She upgraded her internet connection recently due to performance issues. (Verbatim: "an update on my internet i did upgrade it but it's looking like this this is my current internet")  
10. She does not trust herself to pour water between containers without a funnel. (Verbatim: "i do not trust myself to pour that water into this bottle um unless i had a funnel") [end of text]



NO RELEVANT INFORMATION [end of text]



1. She has a recurring persona or alter ego referred to as "Cowboy Elia." (Verbatim: "thou shall not pick cowboy elia over jesus")

2. She references a fellow VTuber named Nana Elia, suggesting a collaborative or shared lore. (Verbatim: "i think i have to double check with nana elia what the exact commandment is")

3. She identifies looking after herself and self-care as a significant personal struggle. (Verbatim: "i'm sleep deprived and i'm melting i can't handle")

4. She frequently emphasizes the importance of self-care and emotional well-being to her audience. (Verbatim: "look after yourself take care of yourself be kind to yourself")

5. She experiences physical and emotional overwhelm during streams, including dizziness and shakiness. (Verbatim: "i'm all heckin shaky... i'm dizzy")

6. She relies on caffeine, which affects her physical state during streams. (Verbatim: "i've hit my caffeine rush")

7. She expresses deep emotional attachment and gratitude toward her audience. (Verbatim: "i can happy cry because i can love you all so much")

8. She has difficulty sleeping and is dealing with multiple stressors. (Verbatim: "as i didn't sleep a lot and just a lot of things on my mind")

9. She considers creating more structured content like member posts to express her feelings. (Verbatim: "maybe i'll write a member's post or something")

10. She feels misunderstood by platform systems, mentioning her content is auto-flagged as "limited" or "sus." (Verbatim: "my videos are automatically set to limited because apparently i'm sus or something") [end of text]



NO RELEVANT INFORMATION [end of text]



