1. Her debut stream consisted of mashing three games together and included a form she filled out live. (Verbatim: "for those that don't know my debut i made three games mushed them together and was like here enjoy followed by like a form that i filled in")

2. She is planning her one-year debut anniversary stream, which is scheduled for next week. (Verbatim: "i really should be planning like my one year debut anniversary... it's next week")

3. She wants her anniversary stream to be a fun, long, and well-prepared event, avoiding being half-functional. (Verbatim: "i want to be able to do a nice long stream for it... i don't want to be half functioning for the one year")

4. She is British and based in the UK. (Verbatim: "hello hello welcome welcome welcome on in my name is elia stellar british youtuber")

5. She drinks tea regularly and was surprised by its caffeine content. (Verbatim: "i gotta have did you know i didn't realize how much caffeine tea actually has in it")

6. She has a self-described "elia core" creative style, which is unconventional and personal. (Verbatim: "it was very elia i don't know how i feel about that it was very elia elia core through and through")

7. She acknowledges cringing at her past content but sees it as a sign of growth. (Verbatim: "how much self-cringing would there be a lot but i don't think it wasn't it wasn't too bad... that means you've changed right that's true")

8. She has a big project in development that she plans to announce soon. (Verbatim: "i've also got to announce something as well um something that big project i'm working on i've got to announce that")

9. She previously created content on Twitch before moving to YouTube. (Verbatim: "some people on twitch would have never seen my debut because i didn't actually debut on twitch")

10. She jokes about creating a 100-meter-tall statue of herself to replace the Statue of Liberty. (Verbatim: "i've been secretly creating a 100 meter tall elia statue to replace the statue of liberty") [end of text]



NO RELEVANT INFORMATION [end of text]



1. Her name is Elia Stellaria, and she is fine with being called either "Elia" or "Ellie." (Verbatim: "do i prefer ellie or elia i don't mind i don't mind either is fine")  
2. She is part of a VTuber group called Videre, which debuted together and is celebrating its one-year anniversary. (Verbatim: "on saturday we have the videre collab to celebrate one year of videre because it was all the videre that debuted which is like the vtuber group i'm in")  
3. She holds a master’s degree. (Verbatim: "ellie is the most overqualified btuber she has a master's")  
4. She has worked multiple jobs, implying professional work experience outside of being a VTuber. (Verbatim: "she has a master's work to how many jobs")  
5. She loves learning new things and finds joy in gaining knowledge, even if it’s random or not immediately useful. (Verbatim: "i love learning and i love learning new things and learning more about the world")  
6. She prefers not to fully join the Discord server to preserve it as a space for fans, but may join in a limited role to receive suggestions. (Verbatim: "i don't want to properly join it because um that's your space and i don't want you to feel weird ellie is watching")  
7. She refers to her fans as important companions for sharing experiences and conversations. (Verbatim: "it's really fun to go through these kind of things with you guys cuz like yeah yeah yeah yeah um it's just it just feel it's just fun")  
8. Her goal is to make at least one person smile. (Verbatim: "i hope i can make at least one person smile because that is my goal")  
9. She humorously claims to work "25 hours 8 days a week," indicating a busy schedule or self-awareness of overwork. (Verbatim: "i work 25 8 okay 25 hours eight days a week okay")  
10. She has a playful, affectionate relationship with a fan or figure named Elliot, whom she calls her "beautiful kamioshi." (Verbatim: "i haven't said this enough i'm done back for my beautiful kamioshi elliot i love her") [end of text]



1. She is from England. (Verbatim: "because we don't have guns in England so it like my heart was like oh my god where did you get that sir")
2. She has a fear or strong discomfort regarding guns, likely influenced by her upbringing in England. (Verbatim: "my heart was like oh my god where did you get that sir like oh that's yeah yeah that scared me that scared me")
3. She owns a block of air dry clay that has been sealed and unused for a long time. (Verbatim: "i have a block of air dry clay... it's sealed so it's not like it's not been opened before")
4. She has tried using an air gun and was accurate, achieving a bullseye. (Verbatim: "i've tried an air gun before um i was very accurate with that i was like heck yeah i got bullseye")
5. She has an art drawer under her desk containing acrylic paints, clay, and other art supplies. (Verbatim: "one of them is the art drawer where i have like acrylic paints clay and some other stuff")
6. She currently holds a YouTube Music subscription but is confused about its details. (Verbatim: "apparently i have that um how long have i had that for... i don't have youtube premium i just have youtube music")
7. She expresses a desire to watch videos of clay pigeon shooting. (Verbatim: "i want to see some videos of some clay pigeon pew-pewing")
8. She mentions not charging her phone the previous night, indicating a possible forgetful habit. (Verbatim: "oh i did not charge my phone last night that's crazy")
9. She clarifies that she is not a goose, suggesting this may be a recurring joke or misconception. (Verbatim: "can i ask why does my info section contain i'm not a goose oh because i'm so thus i need to let the people know that i'm not")
10. She expresses appreciation for aggressive positivity and values supportive interactions. (Verbatim: "i love your aggressive positivity and i appreciate it very very very much") [end of text]



NO RELEVANT INFORMATION [end of text]



NO RELEVANT INFORMATION [end of text]



NO RELEVANT INFORMATION [end of text]



1. She is a British VTuber. (Verbatim: "um my name is ellia stellaria i'm a british vtuber")
2. She previously worked at a place where she could get free boxes, implying past employment at a retail or warehouse job. (Verbatim: "they'll give you free boxes where they did when i worked there")
3. She has an interest in learning about archery and firearms, indicating a curiosity for technical and historical topics. (Verbatim: "i'm currently learning about archery because we were learning about guns earlier")
4. She finds archery harder than expected. (Verbatim: "poundage and the length of our draw... archery is harder than i thought it would be")
5. She associates England with the historical tradition of longbow men, showing awareness of British military history. (Verbatim: "england's famous for long bow men")
6. She gained her current role through the opportunity to post archery content online, suggesting content creation is a significant part of her VTuber identity. (Verbatim: "through this job of being able to post archery content online it's been fantastic")
7. She values comfort and safety when practicing archery, emphasizing proper setup and environment. (Verbatim: "you want obviously i don't want to shoot with people behind me")
8. She dislikes touching her face while anchoring the bow, citing skincare concerns. (Verbatim: "i don't want to touch my face it's bad for your skin")
9. She has a habit of making humorous, violent-themed commentary during streams, indicating a playful on-air persona. (Verbatim: "welcome to my violent just chatting stream")
10. She references creating content from cardboard boxes, suggesting resourcefulness and DIY tendencies. (Verbatim: "we use this all the time but we also have used cardboard") [end of text]



NO RELEVANT INFORMATION [end of text]



NO RELEVANT INFORMATION [end of text]



NO RELEVANT INFORMATION [end of text]



