1. She has a dog named Stalina. (Verbatim: "Stalina's my dog, by the way.")
2. She finds it difficult to keep her eyes still during gameplay. (Verbatim: "it turns out i don't really like keeping my eyes very still")
3. She enjoys drawing with her eyes using a visual effect that creates trails. (Verbatim: "I'm gonna draw you something with my eyes.")
4. She prefers the color purple for visual effects, though she considers colorblind accessibility. (Verbatim: "I thought I can make it more purplish like maybe this color")
5. She has a preference for pink and purple color schemes in her visual effects. (Verbatim: "I made it pink I'm not sure if it's something better if we could go for a better color")
6. She is aware that her eyes move quickly and unpredictably, which she associates with being energetic. (Verbatim: "my eyes are all over the heck in place they're like yeah who'd have thought")
7. She has a channel trailer that was approved for monetization. (Verbatim: "my channel trailer movie got approved for monetization so now more people can see it yay")
8. She previously had her channel trailer demonetized due to a misunderstanding about violence. (Verbatim: "my channel trailer movie was a was demonetized for violence against ananas i thought not demonetized anymore and there was no violence okay")
9. She uses two monitors for streaming, but the eye-tracking feature only works on one. (Verbatim: "it only works on one screen so this is like the monitor okay")
10. She is self-aware of her tendency to make "dumb faces" during streams and tries to avoid them. (Verbatim: "I'm mostly alternating between making sure I don't do a heckin dumb face") [end of text]



1. She uses the phrase "100 say so" as a personal catchphrase or identifier. (Verbatim: "I'm not just 100 say so I'm 100 um down bad for you")
2. She has a fondness for bows, indicating a preference for decorative or aesthetic elements related to them. (Verbatim: "yeah I hope you like looking at bows with me let's look at bows together sometime")
3. She references a specific mathematical calculation involving numbers and percentages, possibly tied to a personal or stream-specific metric. (Verbatim: "54 times one plus 28 times 0.5 plus 21 times 0.25 plus 7 times 0 equals 69 sus")
4. She acknowledges that her own math or logic may be flawed, suggesting self-awareness about inconsistencies in her reasoning. (Verbatim: "you forgot to add the 100 for the say so mate anyway")
5. She expresses a desire to see her audience again in the near future, implying a recurring connection with her viewers. (Verbatim: "maybe tomorrow maybe or at least sometime again in the future and you didn't decide damn she's too stay soon for me")
6. She has a habit of repeating phrases like "for now for now for now" multiple times, possibly indicating a stylistic or emotional emphasis. (Verbatim: "for now for now for now can you tell where the chat box is chat box is here by the way")
7. She mentions being "down bad" for someone, which could imply a romantic or intense emotional attachment, though context is ambiguous. (Verbatim: "I'm 100 um down bad for you")
8. She references a "hicken" bow, which may be a playful or typo-based variation of "chicken" or a unique term she uses. (Verbatim: "it's a it's a hicken bow look at the bow the heck and bow")
9. She engages in prolonged chewing sounds ("munch munch") during the stream, possibly indicating a habit or personal quirk. (Verbatim: "munch munch munch munch munch munch")
10. She uses sad music as a recurring audio cue, potentially signaling emotional tone or a signature element of her stream atmosphere. (Verbatim: "*sad music*") [end of text]



1. She owns a dog that resembles the images used in her eye tracker challenge. (Verbatim: "this is the same kind of dog that i have")
2. Her dog sheds heavily during summer. (Verbatim: "because it's summertime and my dog is shedding")
3. She has a close relationship with her father, referred to as "papa elia". (Verbatim: "maybe i could just like dig through papa elia's place and he can find it")
4. She is interested in creating vintage-style merchandise such as VHS, CD, or floppy disk covers. (Verbatim: "we should make a vhs or dvd heckin cd cassette cover full vintage style")
5. She plans to revise her channel trailer to make it more like a movie advert. (Verbatim: "i think we should do a revision of the channel trailer and include make it like more of a movie advert trailer")
6. She values viewer experience over algorithmic performance. (Verbatim: "i care more about your experience")
7. She uses a 2012 version of Windows Photo Gallery for eye tracker demonstration due to compatibility issues. (Verbatim: "it looks like the 2012 photo gallery i think i'm using the the the 2012 photo gallery to look at this")
8. She has previously used Twitter to collect user-submitted images for content. (Verbatim: "on twitter i asked people to submit some pictures and stuff for me to look at")
9. She is open to creating targeted YouTube ads for her channel. (Verbatim: "should i invest and make an actual advert")
10. She enjoys using eye-tracking technology for interactive content. (Verbatim: "this is the eye tracker from throne... the actual product is heckin amazing") [end of text]



1. She enjoys using Japanese terms and acknowledges being a "heckin cringe weeb." (Verbatim: "yeah i like to throw in japanese terms because i'm a heckin cringe weeb")  
2. She has a strong interest in animal anatomy and biology, particularly dog facial structures related to drool prevention. (Verbatim: "samoyeds have this little smile because you'll find this with a lot of winter dogs because you know a lot of downward smile dogs have a lot of dribble okay so to prevent the dribble from coming out of the sides of their mouth and freezing these snow dogs have developed more of a smiley face to prevent drool to freeze")  
3. She finds it difficult to look at certain images without being distracted by specific visual elements, such as clothing or body parts. (Verbatim: "i was looking at the shorts okay i was looking at the shorts it says it says heckin jean shorts i wanted to double check they were jean shorts like yeah yeah yeah yeah")  
4. She is familiar with and references pop culture media such as *Among Us*, *Always Sunny in Philadelphia*, and *The Office* (implied through "grease monkey" and "ratchet wrench" context). (Verbatim: "it's heckin got it it's it's it's a thing from among us")  
5. She has a playful, self-aware sense of humor about her own reactions and tendencies during streams. (Verbatim: "i was doomed either way i think okay where where where is safe to look when it says look at the baseball cap and jean shorts where would be safe")  
6. She is comfortable with and occasionally uses internet slang and meme culture, including terms like "sussy" and "sus." (Verbatim: "it's already sus and it's yeah like")  
7. She has a preference for casual, practical clothing such as baseball caps and jean shorts, as seen in her reaction to a submission. (Verbatim: "grease monkey mozumi peachy with baseball cap and jean shorts that's all")  
8. She is interested in fashion elements like corsets, garters, and intricate design details in character art. (Verbatim: "i was interested in the corset okay like i was interested in the corset and i was interested in in the garter")  
9. She is familiar with and references the concept of "fight milk" as a meme or inside joke, though she admits she doesn't know its origin. (Verbatim: "what does it mean what does it mean we know you like to next one right is no one gonna tell me why this why this crow fights milk what does does like i'm hiding my gaze in chat")  
10. She has a playful, self-deprecating attitude toward her own appearance and perceived image, joking about being "fancy" or "a grease monkey." (Verbatim: "you guys think i'm this fancy you think i'm this fancy i wear something like heck in this you think you think the decanter oh yeah") [end of text]



1. She has a strong preference for cat girls. (Verbatim: "ah i have a weakness for cat girls okay go first cat girl okay okay this one")
2. She is attracted to bows and finds them visually appealing. (Verbatim: "i love bows okay i went to look at the the boob of the heckin bow you yeah")
3. She enjoys outfits with open shoulders and decorative bows. (Verbatim: "i'm a sucker for open shoulders yeah epic seven oh it's got like scissors and ribbons and a little tiara")
4. She finds certain character designs uncomfortable or impractical. (Verbatim: "it's definitely not a comfy bra no no no no no it's covered it is covered by the hand")
5. She is drawn to character designs with prominent visual elements like stars and ribbons. (Verbatim: "it's the bow and the the bow with the bow it's 100 the bow and then the stars and then the heckin like ribbons")
6. She has a particular interest in character designs with exaggerated or stylized features. (Verbatim: "she's got a big bow on the butt yeah why did i put a big bow on my butt like ah yeah the ribbon's like tied to")
7. She references fictional game characters and settings, indicating familiarity with mobile and gacha games. (Verbatim: "that's from a mobile game")
8. She has a playful, self-aware attitude toward her own aesthetic preferences. (Verbatim: "i'm not dynamically flat you punks")
9. She enjoys examining character designs in detail, particularly focusing on specific clothing elements. (Verbatim: "i'm checking the boomba to make sure she's she covered but she's not she's covered with her heckin' hands")
10. She expresses admiration for certain visual motifs like the witcher symbol and long sword handles. (Verbatim: "eyes are definitely drawn to the witcher medallion like yeah and the long sword handle yeah yeah yeah") [end of text]



1. She has a strong preference for thigh-focused designs in anime and figurines. (Verbatim: "she's the heckin thigh girl right like yeah got the bow but like her feet are holding on to something so that's interesting but yeah she got thighs she got bow")
2. She owns a figurine of Rika, a character known for her thighs and bow. (Verbatim: "i have this as a figurine not this pose but i have her um stood she's the heckin thigh girl right like yeah got the bow")
3. She is attached to her late black and white cat and does not want to get another black and white cat to avoid feeling like she's replacing her. (Verbatim: "i wouldn't want to get another black and white cat because i don't want to ever feel like i'm replacing my cat")
4. She has a preference for gray cats if she were to get another cat. (Verbatim: "i guess maybe i would go for like a gray cat because i wouldn't want to get another black and white cat")
5. She owns multiple Megaman figurines and considers Megamin (Aqua) to be her favorite character from the series. (Verbatim: "i just got here and i heard supers are free no you don't wait yeah aqua in the bin darkness in the bin not in the little one not in the bin not in the bin")
6. She has a figurine of Idy, a character from a show known for missing shorts in some artwork. (Verbatim: "i know her bows are like there i already know where the bows are but i remember this art i remember this art because i said that this art forgot the shorts")
7. She finds missing shorts in character designs frustrating and expresses concern for the character’s comfort. (Verbatim: "she gonna get cold someone give her i'll give her my shorts okay i'll give her my shorts")
8. She has a figurine of a character from the show "Free," which she describes as a good anime about swimming. (Verbatim: "this anime is free look at how look they're all heckin smiling except for this punk mr edgy boy um yeah next one is called a super arigatobu awesome")
9. She has a figurine of a character from "Starlings" and another from "Sananas," both of which she considers equally cute. (Verbatim: "they're both they're both cute they're both heckin cute no but i look i looked at the i i had taken heckin i looked did i look at the stanana first or did i look at the starling")
10. She is currently awaiting the completion of her official VTuber rig, which is delayed due to internal confusion. (Verbatim: "i'm aiming for end of august um yeah in terms of yeah rigs um mine is the most expensive cry and yeah mine's also the one with the most truffle at the moment") [end of text]



1. She has a strong preference for the character Megumin from *Konosuba*. (Verbatim: "making megumin best girl this is the chris wiz can't remember his name that's the guild person")
2. Megumin is the only character she has a cosplay of. (Verbatim: "the only one i have a cosplay of is megamin")
3. She owns three figurines of Megumin. (Verbatim: "the only one i have three figure three figurines of is megamin")
4. She has an Android figure of Megumin. (Verbatim: "the only one i have an android of is megamin")
5. She deeply admires Megumin’s voice actress. (Verbatim: "her voice actress is heckin brilliant")
6. She enjoys the aesthetic of cherry blossoms and mountain landscapes. (Verbatim: "you know mountains and cherry blossoms and stuff you know no one doesn't like")
7. She is interested in adopting a pet of the same breed as her dog. (Verbatim: "i applied to adopt i hope your application goes well and you end up with this happy flu that's the same breed as my dog")
8. She has a dog that wears a harness. (Verbatim: "it's cute he got a little harness oh")
9. She finds the character design of "side booba" appealing in certain outfits. (Verbatim: "i do like this kind of background you know it really speaks to my inner weakness to have you know mountains and cherry blossoms and stuff")
10. She has considered adopting a GenShin-style outfit as a potential second outfit. (Verbatim: "i was thinking for like a potential second outfit something like kind of genshin styled") [end of text]



1. She values self-care and prioritizes personal well-being above all else. (Verbatim: "always always always put yourself first i swear by that i only ever want enough to live off and eat food to not unalive and i'm okie dokie")
2. She has a strong ethical stance against pressuring viewers for money. (Verbatim: "i would never like i will never try and squeeze monies out of you okay always always always put yourself first")
3. She finds humor in absurd or surreal content, such as bizarre internet videos. (Verbatim: "what the heck did i just get bamboozled what the heck did i just watch that was that was a heckin what")
4. She is familiar with and uses Google Credits as a form of digital currency. (Verbatim: "psa you can redeem google credits for super money")
5. She has a playful, self-aware relationship with internet culture and online pranks. (Verbatim: "that was a lie this video is a lie this video is heckin fake it's fake it's fake")
6. She references "member" features in a platform context, indicating experience with subscription-based content platforms. (Verbatim: "it is free because though don't iku so iku no iku no i can no i have flash in the right")
7. She has a habit of watching unfiltered or unedited content for genuine reactions. (Verbatim: "i didn't screen the videos i wanted to do a full like um what you call it look at it no no like a full like um a full fresh look at it")
8. She expresses admiration for storytelling, particularly emotional or narrative-driven content. (Verbatim: "that was such a beautiful story i needed it to be longer that was heckin amazing")
9. She is aware of and acknowledges copyright concerns when sharing media. (Verbatim: "i should have mentioned the copyright i guess in the thingy")
10. She has a fondness for the phrase "look after yourself" as a personal mantra. (Verbatim: "look after yourself this goose hack and skipped leg day just saying") [end of text]



1. She has a strong preference for bows and finds them "heckin cute." (Verbatim: "bows are heckin cute i heckin love bows")
2. She enjoys watching and reacting to videos, particularly blind reacts to content. (Verbatim: "i could do blind reacts to videos because it's really easy to download them")
3. She is interested in playing visual novels, specifically mentioning "neko pa neko pa" as a favorite. (Verbatim: "neko pa neko pa that's super cute cat visual novel")
4. She has a deep desire to play *Silk Song*, stating it's the only game she wants. (Verbatim: "all i want is i can silk song i don't want anything else")
5. She has considered streaming on Kick as a potential alternative to Twitch. (Verbatim: "people has also been streaming on kick as a twitch replacement")
6. She values her audience's trust and appreciates when they curate content for her. (Verbatim: "you held my trust and gave me heckin this little nugget")
7. She has a fascination with Singapore and its airport, which is on her travel bucket list. (Verbatim: "i've heard that airport there's heckin amazing it's on my to-go-to list")
8. She finds the concept of a "batsu" (punishment) to be tied to her audience's perception of her authenticity. (Verbatim: "batsu is a punishment so um it looks like at this rate at this rate it's gonna be a punishment")
9. She enjoys creating interactive content like "punishment wheels" with audience input. (Verbatim: "i just want to make a heckin wheel let's see um wheel for content you'd yeet me into the punishment wheel")
10. She is open to doing collaborative reactions, including to events like Nintendo Direct and The Game Awards. (Verbatim: "i'd love to react to nintendo direct and cry when i hear nothing about the things i want") [end of text]



1. She has a close sibling relationship with two individuals referred to as "older ellie bro" and "younger ellie bro." (Verbatim: "I've got older older ellie bro and younger ellie bro")
2. She shares a familial bond with "mama elia" and "nana elia," indicating a multi-generational family structure. (Verbatim: "when the three of us like i don't know go see mama ellia i get to heckin witness the clashes")
3. She identifies as the middle child in her family. (Verbatim: "i'm like the middle child right okay")
4. She values honesty and directness in her sibling relationships, describing it as "sibling honesty." (Verbatim: "it's the honesty that that the sip the sibling honesty is required")
5. She has a strong emotional connection to her audience, expressing deep appreciation and affection for them. (Verbatim: "i can't put into words how much you all mean to me words are not sufficient")
6. She frequently uses the phrase "heckin" as a verbal tic, indicating a stylistic preference in speech. (Verbatim: "i'm a 100 sus", "heckin premium level copium")
7. She has a recurring desire for a specific song titled "silk song" that she wants to feature in her content. (Verbatim: "all i heckin want is silk song and there's nothing else i want nothing nothing")
8. She enjoys interactive stream activities involving chat decisions, such as voting on tweets, voice notes, and throne items. (Verbatim: "chat decides a voice note scenario to tweet")
9. She has a playful, self-deprecating sense of humor, often joking about being "sussy" or "saucy." (Verbatim: "apparently i'm saucy i'm not by the way")
10. She expresses jealousy toward her brother potentially becoming a VTuber, indicating a competitive yet affectionate dynamic. (Verbatim: "what if he likes you all what will i do cry what if you think he's a cooler vtuber than me") [end of text]



