1. It is her birthday, referred to as her "birth birthday." (Verbatim: "On this monumental day my birth my birth birthday! Happy birthday!")
2. She has a fictional origin involving transformation by a witch into a blanket as punishment. (Verbatim: "i got transformed into a blanket by a witch because i like how some of you instantly voted no you deserve the punishment")
3. She owns and uses multiple avatar forms, including a blanket, boba tea, and chibi form. (Verbatim: "i am now chipperia the show yeah")
4. Her current preferred avatar form is a chibi-style character named "Chipperia." (Verbatim: "i am now chipperia the show yeah")
5. She wears a bow and coat as part of her avatar's signature outfit. (Verbatim: "you guys thought i couldn't bring back the bow but now yeah")
6. Her avatar has wings, which she mentions bringing back for the stream. (Verbatim: "i also got i didn't forget my wings either i got my wings wings again today")
7. She recently bought new glasses in real life to improve her vision. (Verbatim: "i bought new glasses today so i won't be blind")
8. She has a playful, self-deprecating personality, calling herself "stupid" for oversleeping. (Verbatim: "I'm genuinely so so so so so so so so so so so so so so so stupid.")
9. She references a past dream about streaming, indicating it as a recurring or meaningful theme. (Verbatim: "I was dreaming about streaming, and then I woke up")
10. She acknowledges viewer interaction as a core part of her identity, referencing titles like "kami" bestowed by fans. (Verbatim: "i issued the title of kami that's like the best thing you bestow upon me") [end of text]



1. Her original VTuber avatar was based on boba tea, which fans wanted her to keep. (Verbatim: "hi i was boba tea at the start people really wanted me to stay as boba tea i did not calculate that")

2. She struggles with self-image and has a preference for being 2D. (Verbatim: "since you struggle with self-image and prefer being 2d is it difficult for you to meet other vtubers online")

3. Meeting other VTubers online is extremely scary for her, though she finds them just as cute and wonderful in real life. (Verbatim: "it is very very very very very very very very very very very very very very very very scary but luckily luckily luckily luckily luckily luckily super super super nice")

4. She refers to herself as a "simp" for her fans, indicating strong appreciation and affection toward her audience. (Verbatim: "if anyone's a simp here it's me i simp for you guys i simp for you guys okay i'm the simp in this there's only room for one simp in this town and it's me")

5. She has a chibi form that she associates with cheeky and mischievous vibes, which influences her voice and behavior. (Verbatim: "i feel mischievous i feel like like like i can i can yeah yeah yeah um got that that that cheeky vibe")

6. She humorously claims her chibi form is 46 centimeters tall. (Verbatim: "i counted the pixels did the math chibi is 46 centimeters oh okay i except i am 46 centimeters guys 46 centimeters high")

7. She identifies with multiple personas, including a "celestial messenger" and a "normal British girl." (Verbatim: "wow now i look like a normal girl and then boom celestial messenger boom normal british girl boom celestial messenger")

8. She experiences difficulty managing her emotions and self-worth, especially regarding fan support like the "pushi" (oshi) mark. (Verbatim: "it takes so much of me to not tweet about how every day the amount of smiles it brings me to see my 押し mark... it really does make my heart go doki doki")

9. She has adopted the name "Elia Bulbaria" as a playful alias for her boba tea version. (Verbatim: "elia bulbaria that's a great name okay my boba tea version will now be elia bulbaria")

10. She is learning the concept of "productive resting" as a way to relax without guilt after overworking. (Verbatim: "i've been learning the way of productive resting um but don't worry we still have lots and lots and lots") [end of text]



1. She has a dog that tries to steal her blanket. (Verbatim: "The problem with my blankie is my dog keeps trying to steal it")
2. She loves blankets and would like to release a themed blanket as merchandise. (Verbatim: "I heckin' love blankies... It'd be cute to get an earlier themed blankie")
3. She enjoys puns and finds them funny, and is surprised that some people do not like them. (Verbatim: "Puns make me happy... I thought everybody loved puns")
4. She comes from a family that does not express emotions openly, which contrasts with her own expressive personality. (Verbatim: "hi can confirm i come from a family that does not like to show emotions... they can't confirm my family are not one for emotions or for hugs or for all saying saying about love")
5. She associates herself with being "round and smooth" rather than "edgy," symbolizing her personality. (Verbatim: "it's nice to not be to not be edgy sometimes it's nice to just be round and smooth")
6. She finds chibi forms to be the pinnacle of cuteness, especially her own chibi form. (Verbatim: "only chibi form is cutest you cannot you cannot say this is not the pinnacle of cuters")
7. She has difficulty complimenting herself and finds it takes great effort to do so. (Verbatim: "it's taking everything in my soul to to to to to try it to to say that because i cannot compliment myself very well")
8. She mentions her foot size is 4 and her fingers are quite long. (Verbatim: "my feet size is 4 size... my hand size is normal size but my fingers are quite long")
9. She embraces being "cringe" and believes it's important to feel comfortable being oneself. (Verbatim: "we embrace cringe because it's nice... nope nope we embrace cringe weird is okidokies")
10. She has a tendency to mix up times, especially 3 o’clock and 5 o’clock, due to associating 15 (3 PM) with the number 5. (Verbatim: "sometimes i get three o'clock and five o'clock mixed up because in my head i see 15 o'clock and then five o'clock has the five") [end of text]



NO RELEVANT INFORMATION [end of text]



1. Her fictional origin involves being reincarnated as a British girl after being isekai'd into the sky, finding a magical banana, and regaining her celestial messenger powers. (Verbatim: "the next part of the lore is when i get isekai by chucking in the sky and then get reincarnated as a british girl... then i find my magical banana and regain my celestial messenger powers")

2. She is a celestial messenger by role, not an angel, and her job traditionally involves sending letters rather than face-to-face communication. (Verbatim: "i'm not angel i'm a celestial messenger... celestial messengers work exclusively with letters and do not have to deal with face-to-face communication")

3. She became a VTuber to take her celestial messaging to the next level, adapting to a world where people no longer read physical letters. (Verbatim: "i have decided to take my celestial messaging to the next level and be tube... i send letters of comfort and the love but nobody reads letters anymore")

4. She does not like bananas and does not eat them. (Verbatim: "did i eat it no i don't eat bananas i don't like eating bananas")

5. Her favorite game series is The Legend of Zelda, with Ocarina of Time and Wind Waker being among her favorites. (Verbatim: "my favorite game is is the legend of zelda series... i like ocarina of time but wind weaker is quite up there")

6. She is not very tall in her current form, requiring a special chair to reach the table. (Verbatim: "i'm not very tall in this form so so i'm kind of stuck i can't reach the table if i don't have it")

7. She identifies as a celestial introvert, preferring indirect communication over direct interaction. (Verbatim: "messengers are celestial introverts")

8. She has four parental figures in her "family," including an artist who contributed to her model and design. (Verbatim: "i now have four parents technically because we got yeah yeah and the step is oh ho ho ho ho ho ho step is that sure step is step is um")

9. She enjoys receiving headpats and finds them comforting. (Verbatim: "headpats would be ideal i wonder if i can get a head pat... oh yeah that's three next question")

10. She grew up on Earth as a British girl after her reincarnation, which is the source of the personal stories she shares. (Verbatim: "i was reincarnated and grew up as a british girl... so i have all these stories that you guys seem to call sad") [end of text]



1. Her height is 151 centimeters, including her hair buns. (Verbatim: "is your height 151 centimeters including the buns or not yeah includes the buns it includes the buns")

2. She has ears that are sensitive and should not be touched. (Verbatim: "do i have ears the answer is yes i do... they're sneaky though don't touch them they're sensitive")

3. She wants to attend a major anime convention in America, specifically mentioning Anime Expo in LA. (Verbatim: "i want to go to a um uh a big big big anime convention in america one day... i wanna go to the big one it's the anime expo in la")

4. She is from England and references cultural differences between the UK and the US. (Verbatim: "when the impression of america here is a scary scary place um and but but but i will try um america cry we get sometimes sometimes we get the scary american news")

5. She drinks Lucozade, particularly the pink lemonade-flavored sports drink version, for energy. (Verbatim: "i'm actually drinking um pink pink pink pink lucasade... it's a pink lemonade but a sports a sports drink it's like a fizzy sports drink")

6. The last book she read was *The Wabi-Sabi*, a book about a Japanese Zen-like perspective on life. (Verbatim: "what's the last book i read the last book i read was called the wabi-sabi hi wabi-sabi um it's it's it's like uh uh like zen look on life kind of book")

7. She considers herself small and sometimes cute, and uses this as a theme for her wisdom. (Verbatim: "my wisdom for today is is even if you're small you can do bigger things yeah... just like i'm small i'm small small and sometimes cute")

8. She is not good at winking and has to heavily blink to do it. (Verbatim: "i may or may not have been practicing them them wings um yeah um because i'm not very good at winking so i have to like ah heavily blink")

9. She once forgot beans in the fridge, which became moldy and fuzzy, and she had to clean them despite her fear because the container belonged to "Mama Elia." (Verbatim: "i forgot about the beans um and then they got moldy started growing their own colony it was pretty bad it was very fuzzy... i faced my fears and i cleaned it up")

10. She claims to be very good at *Among Us* because she is "never sauce," meaning she is never suspicious. (Verbatim: "the reason i'm so good at among us is because is because is because i'm not sauce ever i am say so hi hi i am say so i am never sauce never ever ever") [end of text]



1. She is British. (Verbatim: "basically i lost my typical well i'm still british girl but you know like like it all changed when the fire nation attacked and i picked up the banana")  
2. Her VTuber origin involves a magic banana that granted her powers and wings, transforming her into a celestial messenger. (Verbatim: "i transformed when i found my magic banana again... then i got my wings and and and then now now my size relies on the on the banana")  
3. Her size changes based on her "banana power," shrinking when it runs low. (Verbatim: "this is what happens when my banana power is running low... when in power is low i i i shrink")  
4. She has a fictional title of "celestial messenger h of infinity plus one." (Verbatim: "now i i pick up my celestial messenger h of infinity plus one yay")  
5. She dislikes and avoids horror games, especially Roblox horror games like "Doors." (Verbatim: "i don't like it i don't want to play it... horror roblox and i was like yo wait")  
6. She enjoys playing Baldur's Gate 3 and considers it part of her current lifestyle. (Verbatim: "my hobbies include working on btubing and playing boulders gate 3 that is currently my entire life")  
7. She likes the game Tetris, particularly Tetris 99 or Tetrio, and is open to playing it in community streams. (Verbatim: "tetris 99 i write that down... i really like that idea i didn't think about that")  
8. She owns and walks a dog, and is responsible for its care. (Verbatim: "and then i walk my dog and i look after my dog")  
9. She feels guilty taking breaks and struggles with work-life balance, often feeling compelled to work constantly. (Verbatim: "i feel guilty not working 24 7... it's like when you study and you feel bad when you're not studying")  
10. Her work as a VTuber does not feel like work to her, as she is highly passionate and motivated. (Verbatim: "my work doesn't feel like work ever... it's more like um i'm like ah i got so much i want to do but not enough time") [end of text]



1. She has a strong preference for being a 2D anime girl due to her passion for anime. (Verbatim: "i'm a big fan of anime so i've always wanted to be an anime girl hi today a wife is better yeah")

2. She struggles with processing 3D faces and has difficulty picturing faces in her mind, making 2D visuals more comfortable for her. (Verbatim: "i struggle with 3d 3d faces um i can't i can't see faces very well um i can't picture faces in my mind")

3. She experienced bullying during school, which contributed to ongoing struggles with self-image and body image. (Verbatim: "i used to get um bullied a lot um in school and and yeah yeah no um technically i had a glow up but the trauma still remains")

4. She has a history of discomfort with posting pictures of herself due to image-related trauma. (Verbatim: "one of the advices was like to to try and like not be scared to post pictures of yourself and and whatnot and uh i tried i did not like um still did nothing")

5. Her favorite shoes are her trainers from Japan, though she wishes she had bought the dark version instead of white. (Verbatim: "my favorite shoes are my trainers but i need to get different i need to get the dark versions of them... i bought some really good trainers in japan and i love them very much")

6. She prefers sleeping on the left side of the bed because it is the side with the electrical outlet for charging her phone. (Verbatim: "i prefer the side with the plug so so the side i can charge my phone um currently that is the side of the bed... left left left left side i'm on the left side")

7. She sleeps in the recovery position, which she finds very comfortable and uses consistently across different surfaces. (Verbatim: "i sleep in the recovery position... this is literally how i lie down all the time if i'm lying down on my sofa recovery position lying down in bed recovery position")

8. She is nervous and shy about meeting people offline, especially due to limited time spent outside and anxiety. (Verbatim: "i was super super super scared and nervous because i don't even go outside very much and i didn't have my dog with me")

9. She met some British VTuber girls in person, and during one meeting, she hid shyly before being spotted. (Verbatim: "i was hiding i was too shy and she was like where are you and i was like oh i'm i'm back here but i was like i was like hiding and i was like i poke my head out")

10. She was unexpectedly hugged by another VTuber (ID) upon meeting, which surprised her because she didn’t get a chance to hide. (Verbatim: "she just went straight up to me and and hugged me and i was like hey you didn't even check who it was") [end of text]



1. She hopes to one day meet fellow VTubers Mozu and Speaker in person for an offline collab, ideally in Japan. (Verbatim: "i hope i hope to one day we all hope to we we chat about it a lot we chat about doing an off collab one day of all of us")

2. A future goal is to travel to Japan with other VTubers to visit Akihabara, attend a fireworks festival, go to a maid cafe, play crane games, and wear yukatas. (Verbatim: "oh yeah i'm going to akihabara akihabara make cafe kari okay hi hi hi eat the cake cake yakiniku and go firework festival hi hi all of it we play our crane games we we we do everything")

3. She finds public onsen (hot springs) extremely relaxing and had an emotional experience realizing how much stress she had built up. (Verbatim: "i actually didn't realize how relaxing it would be until until i tried onsen and i didn't realize how much um stress i had built up")

4. She uses an analogy of holding a cup with a drop of water for 24 hours to explain how small, long-held stresses can feel heavier than large, short-term ones. (Verbatim: "the drop of water now the small issue the small stress issue that you've been carrying for ages actually weighs on you really heavy")

5. Her first impression of VTuber Speaker was that she is incredibly cute, talented, and like a "heckin goddess." (Verbatim: "she's so heckin cute and she's so heckin talented and she's absolutely incredible she's like this heckin goddess")

6. She identifies as an INFJ according to the MBTI personality test. (Verbatim: "i n f j infujo infujo yeah i remember that because um yeah and it's the intuitive")

7. She was once tested by a professional at her old office job, who was surprised she scored as introverted despite acting very extroverted. (Verbatim: "she thought i was an extrovert she was very impressed she was she was very impressed by my um what you call it um extrovert um extrovert act")

8. She describes herself as introverted but skilled at "acting like an extrovert," comparing it to being able to write with both hands. (Verbatim: "i'm right-handed so i'm introverted but i can but i can act like an extrovert so i can write well as an extrovert but i wasn't always able to")

9. She needs alone time to recharge her energy and does not require talking to people to feel recharged. (Verbatim: "i will definitely need to break like if i'm i definitely definitely recharge um being inside on my own um i don't have the the requirement to to to talk to human beings to to feel recharged")

10. She tried to play Warhammer 40k on Steam but got overwhelmed and confused by the number of options and complexity. (Verbatim: "i went on steam and i typed in warhammer and i was like oh my heck and goodness gracious what the heck is all of this why is there so much why is there so much") [end of text]



1. Her favorite outfit consists of a black skater skirt, thigh highs, an anime t-shirt, and shorts underneath. (Verbatim: "my favorite outfit is um skater skirt uh black skater skirt and thigh highs and and and uh anime t-shirt... always shorts underneath")

2. She has struggled to find cute clothing in England, noting that British fashion tends to favor cool or sexy styles over cute ones. (Verbatim: "they don't do much cute... they do like cool and uh sexier... nothing of it screams cute to me")

3. She prefers baggy trousers and dislikes how short and tight many British shorts and clothes are. (Verbatim: "i don't like buying shorts here because like they're super short... yeah i do like the baggy trousers")

4. Her favorite place to visit in England is London, particularly the fancy areas and the Natural History Museum. (Verbatim: "i actually don't mind visiting london... i really really really like the museum there i like going to the natural history museum")

5. She enjoys ice skating at the Natural History Museum during Christmas, though she admits to clinging to the edge while skating. (Verbatim: "at christmas time um at the natural history museum they have ice skating in front of it which is awesome... i like to just go there and have the whole chuckle and and and cling to the edge")

6. She is of mixed heritage, with her mother from "Asialand" and her father from "Ingerland" (England), and grew up in England. (Verbatim: "mama elia is from asialand and and um papa elia is from ingerland... thus i grew up in england voila")

7. Her family considered living in Asia but ultimately moved to England because her father couldn't find a job there. (Verbatim: "they did consider asialand and then they decided on ingerland... papa elia couldn't find a job or something or something it didn't work out")

8. She dislikes spicy food and finds it difficult to enjoy, often giving spicy food to others. (Verbatim: "i still struggle with spicy foods... i don't like how it burns the tongue")

9. She thinks kimchi in England is not very good based on her experiences. (Verbatim: "i don't think the kimchi in england is that good... the kimchi i've had is not been has not been good")

10. She finds McDonald's chicken burgers to be her idea of "fine dining" and considers eating out, even at fast food places, as fancy. (Verbatim: "i like chicken burger from mcdonald's... if i'm feeling real fine dining maybe i'll eat in a mcdonald's") [end of text]



1. Her goal is to make a million people happy by reaching one million subscribers. (Verbatim: "my goal is to make a million people happy aka get a million subscribers and make them happy so that is the goal i'm working towards")

2. She prefers to describe her heritage as “Asialand” because it is complicated and mixed. (Verbatim: "the reason i say asialand instead of specifying is because it's complicated it's actually quite complicated um mama elia is is is also um also mixed and so it gets complicated")

3. She is uncomfortable sharing certain personal stories, especially sad ones, due to their complexity and emotional difficulty. (Verbatim: "there's a lot i don't tell you guys um because because it's it's not it's complicated and and difficult um so yeah i do my best to try and tell you as much as i can but i cannot tell you everything um also i can't tell you the sad stories")

4. She likes to put white pepper in mashed potatoes. (Verbatim: "i like to put white pepper in it white pepper in the mashed potato is um he's good")

5. She finds the idea of a cooking show where a chef cooks in a student kitchen with limited ingredients and equipment appealing. (Verbatim: "i always thought it'd be a really cool idea um if they did like a cooking show where they sent like a chef into a student's kitchen and had them cook with whatever the heck they can find")

6. She has never tried Marmite and is scared to try it. (Verbatim: "i've never tried marmite never tried marmite i need to try marmite i still haven't i'm scared")

7. At her nana Elia’s place, the available seasonings are only salt, pepper, ketchup, and Worcestershire sauce. (Verbatim: "at grandma nana elia's place um there's no spice there's just salt and pepper oh and worcestershire sauce yeah worcestershire sauce ketchup salt pepper")

8. She considers Worcestershire sauce to be very good and helpful for cooking. (Verbatim: "Worcestershire sauce is very good though it definitely helps")

9. She recalls seeing other students eat pita bread with Nutella, which confused her. (Verbatim: "one of them i remember was um like a pita bread like a pita like a pita bread um with with nutella that was apparently one person's favorite meal i remember being weirded out by i was confused by that")

10. She jokes that girls don’t fart, implying embarrassment about bodily functions. (Verbatim: "girls don't fart that's why it was definitely a dream because girls don't do that") [end of text]



1. She has not yet reached her full power as a VTuber despite feeling she should have by now. (Verbatim: "i want to be a full power i debuted now i should be a full power but i'm weak")

2. She overworked herself around her debut period, leading to exhaustion. (Verbatim: "exhausted myself a little from debut")

3. Her goal is to maintain personal connection with all her viewers as she grows, ensuring no one feels unappreciated. (Verbatim: "i plan to do the impossible which is to still still you know um what you call it be be be you know thinking of you all")

4. She is a speed reader, which she believes will help her stay interactive with her audience. (Verbatim: "i'm a speed reader i think i can do it i think i can speed read and still you know like like yeah be interactive with you guys")

5. She reads all member diary entries and comments, including regular and member comments on streams and Twitter, though she doesn’t always like or reply to them. (Verbatim: "the members diary i do read through every single thing and i do actually read through comments and stuff")

6. She values kindness deeply and considers it a core principle, including being kind to herself, others, and even herself being treated kindly. (Verbatim: "rule zero be kind which means be kind to yourself and be kind to each other and maybe be kind to me")

7. She believes people who act mean may need kindness the most, even if it leads to her being emotionally hurt. (Verbatim: "i want to try and be kind like it sucks because there are mean people but gotta be kind because they probably need the kindness")

8. She is actively studying Japanese with proper grammar and pronunciation using a book, aiming to speak better in the future. (Verbatim: "i'm learning it properly you know like like proper grammar and and pronunciation stuffs like like i got a book i'm i'm like study")

9. Baldur’s Gate 3 is her first off-stream game in a long time, which she plays as a way to take breaks and practice self-care. (Verbatim: "boulders gate 3 became my game to play off stream and my my my downtime game which has never happened before")

10. She has struggled with not knowing how to take breaks or play games for leisure due to a habit of overworking. (Verbatim: "i've forgotten how to play games off stream so i've been learning how to do that again... because i've been overworking") [end of text]



