1. She is preparing for a long trip to Japan. (Verbatim: "it's a very long trip um i like i don't know how to describe it i'm like excited but anxious but excited but nervous")
2. She owns a large goose figurine that is 190 centimeters tall. (Verbatim: "my goose is heckin um 190 centimeters big")
3. She is anxious about being away from her safe space, her room, for four weeks. (Verbatim: "mostly because i wouldn't have my my my safe space you know like my room my my place you know my zone")
4. She has a dog named Lila who is a snow sledge dog breed. (Verbatim: "she's a she's like a snow sledge dog and i'm like mush mush and i'm like she don't mush")
5. She previously had a dog reunion video where her dog ignored her in favor of lasagna. (Verbatim: "the dog went straight for the lasagna um so yeah i deleted that video um i i i refuse to have this video where my dog picks lasagna over me")
6. She plans to avoid bringing lasagna on her trip to improve her chances of a positive reunion with her dog. (Verbatim: "this time i won't bring lasagna with me so that way that way maybe maybe maybe maybe maybe maybe maybe maybe maybe we'll get a cute reunion video")
7. She has a habit of using a box cutter knife to open packages. (Verbatim: "i was like no wait i know of a tool that i could use for this a box cutter it's designed for boxes")
8. She recently received a new chair that arrived fully assembled in a box. (Verbatim: "the chair arrived just in time i am sat with my legs not up not like a shrimp i'm sat up sweet")
9. She values her community deeply and considers them her "copium." (Verbatim: "you guys are my copium")
10. She is concerned about being forgotten or replaced by her audience. (Verbatim: "what if they forget me what if they replace me what if they find somebody most likely better") [end of text]



1. She has a strong preference for wearing shorts under her skirt, particularly white ones with a bow. (Verbatim: "my favorite ones are the white ones um but sometimes i have to wear the black ones because it depends on the outfit")
2. She values accuracy in merchandise, especially in figurines, and believes they should reflect her real-life appearance. (Verbatim: "it's gonna have shorts underneath it would one thousand percent be accurate with the shorts")
3. She has a significant collection of plushies, referred to as "plushy mountain," which reaches up to her monitor height. (Verbatim: "plushy mountain goes up to like i think you can see me looking at it it goes to where the top of my monitor is")
4. She has a dog that frequently attempts to take her plushies, treating them as toys despite being explicitly not dog toys. (Verbatim: "my dog thinks it's taking toys for her but they're not they're plushies plushies are not toys that isn't for her")
5. She experienced a deeply difficult year in 2021, which she describes as the worst year of her life. (Verbatim: "two years ago like 2021 i haven't talked about and i won't talk about what happened like for me personally but a lot of like awful things happened that year for me")
6. She has overcome significant personal hardship, with 2023 marking a transformation into what she considers the best year of her life. (Verbatim: "it's 2023 and it's not even that far from the year that i would call the worst year of my life and then there's this year that's like like becoming the best year of my life is kind of wild to me")
7. She actively pushes herself outside her comfort zone, especially in social and challenging situations. (Verbatim: "i've always always always chucked myself outside my comfort zone um a lot of the time")
8. She took drama and music classes in school despite not identifying as a drama kid, indicating a deliberate effort to grow through discomfort. (Verbatim: "that's why i took hacking drama and music at school i am not a drama kid like no no no i was")
9. She has a strong emotional connection to her audience, stating she would rather be awake with them than asleep in a dream. (Verbatim: "i'd rather be awake than than be asleep in a dream that's how that's how much i enjoy spending time with you")
10. She plans to visit Japan, with the trip being organized in advance to allow full focus on her debut. (Verbatim: "i did i did actually org well there's two reasons how i organized this trip for this time one is because of you all and the other one is") [end of text]



1. She is planning a trip to Japan during climbing season, which occurs in July. (Verbatim: "climbing season is july slash um yeah so um that's that's that's sort of the the that was my thought process behind why i'm going now")
2. She has a dog named Lila who is known to steal underwear. (Verbatim: "my dog is an underwear thief um yep yep can't deny it she's a heckin underwear thief")
3. Her dog gets jealous of plush toys and other items that take her usual spot on the sofa. (Verbatim: "she's not used to sharing yet um she's like getting jealous of the lizards okay so yeah she she she's not used to sharing yet")
4. She has a history of consuming large amounts of sugar as a child, including eating icing sugar and golden syrup with a spoon. (Verbatim: "little elia used to just eat boxes of sugar so i don't have as sweet a tuff now like little elia used to heckin eat icing sugar with a spoon iron golden syrup with a spoon")
5. She still enjoys sweet baked goods like cookies but has reduced her sugar intake compared to childhood. (Verbatim: "i do like sweet baked goods i like heckin cookies and things but yeah little alia used to used to heckin eat icing sugar with a spoon")
6. She experiences low blood sugar and sugar crashes, which she associates with being anemic. (Verbatim: "i get my blood tested they'll know they'll know in my blood test right like yeah i mean i get taken sugar crashes right um but i don't yeah like i don't know if they don't test for blood sugar though")
7. She takes iron supplements and plans to bring them on her trip to Japan. (Verbatim: "now i'm looking up how to check if i'm diabetic yeah gamer girl blood i don't think that's legal to sell um")
8. She plans to visit gachapon machines in Japan and is interested in collecting cute items. (Verbatim: "i'm gonna play with those that'll that'll be fun that'll be fun wow thank you welcome on in welcome on in we're talking about yeah thank you thank you there are rare ones all are there like specific ones i should look for")
9. She intends to try KFC and McDonald's in Japan, including getting a Happy Meal. (Verbatim: "i am gonna go get myself a heckin happy meal um yeah yeah but i i have um i'll have i have quite a sweet tuff i think not as sweet as it used to be when i was little")
10. She is preparing for a debut in a new, finalized model form, which is not yet fully rigged. (Verbatim: "this is the form um yeah the bomb where the heck am i where am i whoa yeah so that's what debut is debuts for for my actual form this is just a temporary form") [end of text]



1. She has anemia and experiences constant fatigue. (Verbatim: "yeah i'm sleepy all the time but that's definitely the anemia um")
2. She grew up in a rough area of England. (Verbatim: "i was very shut in i grew up in quite a rough area but it was more like i just know how to avoid the scary people")
3. She learned to avoid eye contact as a survival tactic in her childhood environment. (Verbatim: "don't look at anybody yeah if you look at like anybody they'll think you're starting so just like i just look down")
4. She has a highly sensitive tongue and struggles with sour or sharp-tasting foods. (Verbatim: "i have a very sensitive tongue um")
5. She developed a strong dislike for pears due to being pressured to eat them frequently as a child. (Verbatim: "i had pears and raisins i ate bananas and grapes and carrots and tomatoes i had all of these but yeah i ate so much i got sick of a lot of stuff and pears were in the list of things that i got sick of")
6. She found oranges and orange juice too sharp in taste during childhood and still finds them challenging. (Verbatim: "i would find oranges a bit too sharp in taste from for this palette of mine")
7. She did not have access to many international fruits like pineapple, kiwi, or mango during her childhood. (Verbatim: "we never had pineapples we didn't have kiwis or anything really we had like just english fruit")
8. She did not eat pizza or pasta regularly as a child due to limited access and household cooking habits. (Verbatim: "we just never really cooked italian food i don't think the pizza we had would count because it was like a frozen it was like the frozen super cheap one")
9. She only tried pineapple and pizza as an adult. (Verbatim: "i didn't have pineapple and pizza until i was an adult")
10. She has a strong preference for sweet flavors, possibly due to her sensitivity to sour tastes. (Verbatim: "but sugar's heckin yummy so maybe it's from all the sugar that i just can't handle sour things um") [end of text]



1. She enjoys roasted broccoli with a honey and soy drizzle. (Verbatim: "maybe one day maybe one day yo like i do like broccoli broccoli's heckin delicious roasted broccoli with like a honey and soy drizzle yummy")
2. She believes in giving foods a chance, even if they seem unfamiliar. (Verbatim: "i give the foods all the chances like yeah yeah um")
3. She has a strong interest in maid cafes and would like to experience one in Japan. (Verbatim: "i'm really happy to know you're following your dreams of going to japan to become a maid in a maid cat yo i wish i could try that out for a day or so")
4. She humorously imagines herself as a clumsy maid who might accidentally serve the wrong dish. (Verbatim: "i'll be the kind of heckin made that just just gets your order wrong oops")
5. She is aware of and finds humor in the irony of mixing English and Japanese phrases when pretending to speak Japanese. (Verbatim: "i gotta make sure i don't do that because i find it funny but they might think i'm being serious")
6. She has a confident walking demeanor, which she attributes to walking her dog. (Verbatim: "when i walk my dog it's how it's it's like part of the whole dog walking thing like when you're walking a dog you need to be confident in your walk")
7. She once visited London with a friend named ID, during which she appeared confident despite being lost. (Verbatim: "when i was in london with id okay what so id came to visit me and we went to london and she was following me and i was like i don't know where i'm going")
8. She considers herself skilled at maintaining focus, especially during exams. (Verbatim: "yeah how do you think i pass any exams with my heckin focus thing of steel yes")
9. She has a playful interest in collecting and storing memorable lines or phrases for future use. (Verbatim: "i'm gonna add that to my heckin ris reserves okay okay it's getting added to my stock of heckin lines")
10. She is concerned about accidentally encountering adult-themed content in public places like Akihabara. (Verbatim: "i'll avoid the sussy places it's okay i don't want to get sussy a kleiner") [end of text]



1. She has a strong emotional connection to her fans, referring to them as her "oshi" and expressing deep affection. (Verbatim: "you're always gonna be our banana queen our lovely oshi and to the bathroom your beautiful cheering heart")
2. She has experienced significant personal hardship, including mental health struggles during university. (Verbatim: "i opened up slightly about some stuff at uni to like the heckin doctor nurse")
3. She has been hospitalized or received medical treatment involving needles, indicating past physical injury. (Verbatim: "hello you just survived having a needle stabbed in my wrist from injury")
4. She has been recognized by medical staff as needing urgent support, with doctors treating her situation as a priority emergency. (Verbatim: "they were like nobody should have to go through that are you and then they had like i don't know count me as some sort of like heckin emergency")
5. She has been diagnosed with or experienced symptoms related to PTSD, referencing "ptsa 2021 is the worst" as a significant life event. (Verbatim: "ptsa 2021 is the worst")
6. She has a dog and owns multiple leashes, including long and short leads, indicating she is a dog owner. (Verbatim: "mostly because i need multiple different ones for my dog we got the long lead and the short lead")
7. She has a recurring joke or theme involving bananas, which she refers to as "the only banana for me" and has created polls around. (Verbatim: "elia banana is the only banana for me thank you it's this banana let's make it big so it can't get replaced")
8. She has a fondness for Japan, expressing excitement about a trip there and planning to take many photos. (Verbatim: "i've never been this excited about a trip and i'm not even going anywhere")
9. She is planning to hold an election next week, likely related to community decisions or content direction. (Verbatim: "there will be an election most likely next week um because that'll be when i'm at the hotel of internet")
10. She has a close relationship with a fan named Tomo, expressing deep emotional attachment and missing them during their absence. (Verbatim: "i'll miss you tomo you're gone and i'll be right here when you're back") [end of text]



1. She is preparing to travel to Japan for the first time. (Verbatim: "yeah i've never been to japan you know i've never um uh you know so it's gonna be it will be i can first experience so many first experiences")
2. She has an important exam coming up in July. (Verbatim: "the crying pig i have a big and important exam coming up in july")
3. She prioritizes her health over exams. (Verbatim: "no exam is worth your health")
4. She values her relationship with her fans, referring to them as "buddies" and "messengers." (Verbatim: "you all becoming messengers too you all be coming my little messenger apprentices")
5. She feels emotionally attached to her fans and worries about missing them during her trip. (Verbatim: "i'll miss you while you're late and i'll be waiting for your return")
6. She expresses jealousy toward her fans' attention, but promises to remain supportive. (Verbatim: "i'll be jealous because i'm like i want to spend time with them cry")
7. She has a strong emotional connection to her fans, describing them as family. (Verbatim: "i love the buddies i love the buddies yeah but i also love you guys")
8. She believes in finding joy and happiness even during difficult times. (Verbatim: "remember ellie will always accept you for who you are and who you strive to be we're happy to see you go to a place you've always wanted to go for so long")
9. She has a playful, affectionate relationship with her fans, using terms like "punk" and "you so hard." (Verbatim: "you punk you punk i'm a punk you so hard")
10. She has a history of being deeply affected by emotional experiences, as shown by her reaction to her upcoming trip. (Verbatim: "i can't i still can't believe i'm going oh gosh you better spoil yourself some and don't hold back") [end of text]



1. She is going on a trip to Japan for the first time. (Verbatim: "This British girl's gone to Japan for the first time ever!")
2. She plans to return to streaming after her trip. (Verbatim: "I will be back stronger and better than ever")
3. She will be active on social media while traveling, including tweeting. (Verbatim: "I will have portable wi-fi I'll probably tweet lots")
4. She has a banana plushie she plans to bring with her. (Verbatim: "I do have a banana plushie I can take a banana plushie with me")
5. She is concerned about missing her streaming schedule and may dream about it. (Verbatim: "I know I'm gonna wake up and heckin panic and open up my computer and be like quick gotta get to sleep it's gone 9am kind of thing")
6. She intends to share stories and memories from her trip with her audience. (Verbatim: "I will do my best to bring you all the stories")
7. She values her viewers and hopes they will still be there when she returns. (Verbatim: "I hope you'll still be here when I come back I hope that you don't forget me")
8. She has a habit of sending multiple identical messages due to technical issues. (Verbatim: "I think it bugged out how many times did you send this one two three four five six seven eight nine ten eleven twelve thirteen four fourteen")
9. She refers to herself as a "sneaky goose" in a playful, self-identified manner. (Verbatim: "i am a sneaky goose damn it why do i say that")
10. She has a recurring theme of using "arigato" in her farewell messages. (Verbatim: "arigato arigato hey goose lady extend the stream") [end of text]



1. She has a strong preference for Coca-Cola over alcoholic beverages. (Verbatim: "I really wish this was coca-cola um that's usually my thought when i try a different drink")
2. She dislikes beer and finds it unappealing, describing it as having a smell like nail varnish remover. (Verbatim: "that stuff smells like nail varnish remover right right like is not a nice smell")
3. She has never finished a pint of beer and does not enjoy the taste. (Verbatim: "i don't think i've ever finished a pint um wine is good for cooking right")
4. She is not fond of nuts, which she associates with pub snacks. (Verbatim: "i still don't like nuts and i still don't like beer but like that's like the two things you find in a pub right")
5. She tried to be fancy once by ordering wine at a restaurant but preferred Coca-Cola instead. (Verbatim: "i tried to be fancy once upon a time um it was like this like restaurant and i was like all the other girls were having wine so i was like i will be fancy too give me a wine and i had some and i was like i really wish this was coca-cola")
6. She finds the Long Island Iced Tea drink acceptable due to its cola content, despite its high alcohol content. (Verbatim: "it's the only cola one i can think of that's like cola but that's a heck of a lot of spirits for a drink")
7. She has tried and disliked a strong alcoholic drink from Poland, describing it as burning her throat. (Verbatim: "i had like the tiniest bit and was like damn that heck and like burned my throat like no tomorrow uh no thank you")
8. She values personal honesty and refuses to lie about her preferences, even when pressured socially. (Verbatim: "but i'm not gonna lie to them if if i want if i'd rather go home and play video game then then spend money on drinks i don't want to drink and waste time with with with with these punks")
9. She prefers to spend time playing video games over socializing at pubs after work. (Verbatim: "i'd rather go home and play video game which i think might still be brutal ish")
10. She has a habit of saving money by walking instead of taking the bus during her secondary school years. (Verbatim: "the way i saved money back when i was um in secondary school was to walk instead of getting the bus") [end of text]



1. She dislikes licorice and aniseed-flavored foods, finding them so unpleasant they make her want to vomit. (Verbatim: "I don't like licorice at all... that kind of flavor makes me want to throw up.")
2. She is working on music covers and plans to release them after her debut to build hype. (Verbatim: "I want to save them to add to the big hype of debut time.")
3. She has a strong emotional connection to her fans, expressing that they mean "a heckin ton" to her. (Verbatim: "you all mean like a heckin ton to me.")
4. She is planning to climb Mount Fuji during her trip to Japan, viewing it as a personal challenge. (Verbatim: "I'll be so tired afterwards... I'll be able to do this.")
5. She has experience with long jungle treks lasting four to five hours daily, which she believes prepares her for climbing Mount Fuji. (Verbatim: "I think I could do it... I could do this it's like yeah.")
6. She is nervous about traveling to Japan and worries about forgetting essential items. (Verbatim: "I'm just very nervous... I'm gonna forget something.")
7. She is excited to return to Japan and reconnect with her fans, indicating it's a meaningful destination for her. (Verbatim: "I'm really excited to come back and see you.")
8. She has a fictional lore connection to the stars, referencing her "lore from the stars" and desire to be "above the clouds again." (Verbatim: "you know my lore um from the stars but if i get to the clouds maybe i can see speakers home")
9. She is highly sensitive to scary things and easily spooked, comparing herself to a cat in her reactions. (Verbatim: "I heckin hate scary things... I'm just like hang into anything literally anything.")
10. She is preparing for her debut with a planned party-style event that will be relaxed and inclusive, with no dress code and no social pressure. (Verbatim: "it's like a party without all the stress you know you can just sit there and like spam happy emotes") [end of text]



1. She has a strong aversion to road rage and was deeply affected by her father's intense anger while driving. (Verbatim: "papa elia's road rage heckin i i don't know how to describe it it's heckin like a lot it's it's it's very bad um")
2. She grew up in a household where her parents frequently complained about their jobs and gave conflicting advice about career choices. (Verbatim: "i was raised in a household with parents that would complain about their jobs every day well they'd have they blame me for it but you know um")
3. She values self-acceptance and believes loving oneself means embracing flaws and focusing on personal growth. (Verbatim: "loving yourself is accepting you and your flaws and accepting that you can grow past those right but a lot of people are like i can't love myself i'm stupid and it's like no no you can still love stupid")
4. She finds it emotionally difficult to stop thinking about her fans and their well-being, even during personal trips. (Verbatim: "i couldn't stop thinking about work the whole time um so i'll try it i don't know how i'm gonna get i can't get you all out of my head")
5. She enjoys playing League of Legends and has developed a personal philosophy of emotional detachment and self-focus through the game. (Verbatim: "that's where i really fortified that that philosophy that that really got ingrained in me in there um i get trained on the rift yeah um so gotta um see just think about what i could do better")
6. She has a deep-seated discomfort with causing inconvenience to others, especially in traffic situations. (Verbatim: "i feel bad crossing the road i when i come up to zebra crossings okay i do this thing i do this thing i don't know if anyone else does it")
7. She plans to visit Japan and intends to cross Shibuya Crossing, viewing it as a personal achievement. (Verbatim: "i'm gonna i'm gonna cross the big crossing it's gonna be a heckin achievement it'll be like achievement on heckin locked when i cross that crossing")
8. She has a habit of avoiding eye contact and appearing not to want to cross at zebra crossings to prevent stopping traffic. (Verbatim: "i will just walk along it okay and and sort of not look like i'm gonna do a turn so i look like i'm going heckin straight ahead")
9. She believes that anger and hatred waste energy and that indifference is the true opposite of love. (Verbatim: "they say the opposite of um love isn't hate it's indifference so because when you hate and get angry you waste your energy on it")
10. She has a strong emotional connection to her fans and often worries about their lives and well-being. (Verbatim: "i think about that and i think oh i hope their day went well they said they was gonna do this i hope that went okay for them and stuff like that") [end of text]



1. She created a fictional university called the University of Elia, offering a PhD in "say soology" with free tuition. (Verbatim: "i'll make my own university welcome to the university of elia")
2. She has a playful, self-deprecating attitude toward her own "cringe" and humorously describes a detention system involving cringe. (Verbatim: "we have a special kind of detention at this university where you will be subject to high levels of cringe")
3. Her parents were contradictory about studying—demanding high grades while forbidding study time due to household chores. (Verbatim: "they'd be like ellia we need you to get the highest grades... but at the same time... no time to study")
4. She chose to ignore chores to prioritize studying, indicating a strong academic drive despite conflicting expectations. (Verbatim: "i ended up just choosing to ignore the chores i was like screw your chores i'm gonna go study")
5. She has an organized but messy personal space, knowing exactly where everything is in her cluttered room. (Verbatim: "it's an organized mess like i know where everything is")
6. She is afraid of driving due to both fear of accidents and the high cost of driving lessons. (Verbatim: "i'm scared of of of of driving and i yeah i'd be scared to to get into a crash or something")
7. She attempted to take her driving theory test and passed, but could not complete the practical due to her cat's illness. (Verbatim: "i did my theory test passed it yeah um but then i couldn't do the um i couldn't do the practical because i'd have to have driving lessons but driving lessons were hacking cancelled because my cat got ill")
8. Her father is a motorcycle rider with a rebellious past, associated with tattooed sleeves and loud motorcycles. (Verbatim: "papa elia actually rides um a motorbike um there's like old pictures with this heckin motorcycle gang and stuff")
9. She was raised in a household where TV was restricted, especially after 9 p.m., due to watershed rules, leading to her missing popular cultural references. (Verbatim: "i was also sent to my room super early because is it a thing everywhere else um where tv you have like watershed")
10. Her first proper anime was Bleach, which she watched for about 170 episodes before becoming annoyed and stopping. (Verbatim: "it's bleach it's bleach um yeah it was bleach which i don't really talk about um but yeah that was the first one i actually like") [end of text]



1. She grew up in a house with severe damp issues that caused mold to grow on nearly everything. (Verbatim: "every literally everything got moldy i can i can my bed my desk my books")
2. She has a strong aversion to mold and actively checks her current living space for signs of it. (Verbatim: "i always try to keep an eye out for it though i'm like no mold is gonna grow here nope nope nope")
3. She lived with her mother, Mama Elia, in the area where she grew up. (Verbatim: "mama ellia still lives in the area that i grew up in")
4. She experienced a traumatic hotel stay involving bugs, including worms and insects falling on her head. (Verbatim: "a heckin um heckin bug dropped on my head and i was like what the heck is that")
5. She had to confront hotel staff multiple times, including calling the booking service, to resolve the issue. (Verbatim: "i had to go next level karen and heckin phone call the manager")
6. She once stayed in a poorly rated historical building that had bugs and was extremely dirty. (Verbatim: "i picked this place in asialand once um to stay in and it was a mistake")
7. She dislikes being served the wrong spice level at restaurants, particularly when she orders the mild option. (Verbatim: "i ordered the peritamer um this is hot and they were like oh i'm sorry")
8. She finds it uncomfortable to have two plates of food when she only ordered one, especially in public. (Verbatim: "i was just there like now i look double side great")
9. She has a tendency to order multiple items when unsure of her choice, such as both cheeseburger and chicken burger. (Verbatim: "so so then i get a cheeseburger and a chicken burger and then i get one fries one drink")
10. She finds it awkward when people assume she's ordering for two due to her food choices. (Verbatim: "the amount of times in mcdonald's where i've gotten like free additional food because they think i'm ordering for two people") [end of text]



1. She has a very low tolerance for spicy food and cannot handle even small amounts of spice. (Verbatim: "my stomach cannot abide anything spicier than british")
2. She is the only member of her family who cannot handle spicy food. (Verbatim: "i'm the only one in my family that can't handle spicy food")
3. Her mother, Mama Elia, makes two separate dishes at family meals—one spicy for everyone else and one non-spicy specifically for her. (Verbatim: "she'll always have to make two sets of dishes the spicy dish... and then a special non-spicy dish just for me")
4. She dislikes spicy food so much that she cries when exposed to it. (Verbatim: "i'd be like please don't please i can't handle it i cry")
5. She prefers plain mayonnaise and cannot tolerate even a hint of spice in it, such as sriracha mayo. (Verbatim: "i don't want even heckin i don't want the sriracha mayo no i want regular heckin plain as heck mayo")
6. Her mother once had a serious stomach illness that required a year-long diet of bland, non-spicy, non-fried foods. (Verbatim: "mama elliot when she was ill for like a year with like a really bad stomach")
7. During her mother’s illness, she had to confiscate fried chicken orders, including KFC, because they were forbidden. (Verbatim: "i'd be like oh yeah you can't order kfc the heckin doctor said no fried chicken what do you think the fc stands for put the fried chicken down")
8. KFC was a traditional birthday meal in her family, with a bucket of chicken being the standard celebration. (Verbatim: "kfc was the birthday meal for mama ellie yeah it was her birthday meal that's how we sell it")
9. She enjoys white chocolate milkshakes from KFC, which are not always available at every location. (Verbatim: "i really like the white or sometimes it's weird so some of them it's like white chocolate milkshake and some of them it's like milky bar milkshake")
10. She has a strong preference for KFC in England and is disappointed when certain menu items like the white chocolate milkshake are unavailable. (Verbatim: "i think it's like like franchised i think so like sometimes they'll have the white chocolate milkshake but sometimes they won't and and and yeah that makes me sad when it doesn't have the white chocolate") [end of text]



1. She enjoys eating chicken in a steamed bun. (Verbatim: "for my dinner i ordered um this like chicken in a steamed bun it was yummy yeah chicken in the steam bun heckin delicious")
2. She dislikes overly salty food, especially for her dog. (Verbatim: "this is probably way too high in sodium for her though right so that's where my adult breakfasts come from")
3. She has a dog that eats a mix of wet food and specially catered fried food. (Verbatim: "my dog normally has a mix of wet food and fried food um specially catered to to her")
4. She previously used a subscription dog food service called Wild that was taste-tested by humans. (Verbatim: "the one that i used to be on was wild um it was like this like special food dog food that had been taste tested by by humans")
5. She switched from a dog food service that took up too much freezer space to a different one that doesn’t. (Verbatim: "then i move to a different one um which is tray food and and and these other dog foods so yeah yeah yeah")
6. She owns anime figurines and is particularly interested in getting more Megamin figurines. (Verbatim: "i do have some anime figurines but there's room for a lot more um yeah i mean i think i should get some more i'm doing this by the way because it's up there um i'm hoping i can get some more megamin figurines")
7. She is not vegetarian or vegan and eats chicken burgers. (Verbatim: "oh wait i didn't tell you what i ordered in the end and it wasn't goose pellets for dinner you punks um um for my dinner i ordered um this like chicken in a steamed bun")
8. She has a chibi form (PNG L) that she may use during her upcoming trip due to lower internet demands. (Verbatim: "i might likely bring out while i'm away because it'll be less internet stressful i guess to swap to png l")
9. She plans to document her trip to Japan in a delayed diary format to avoid revealing her location. (Verbatim: "it'll be a delayed diary of sorts as to not dox me")
10. She is planning a major stream based on her subscriber count upon her return. (Verbatim: "the aim is to do a big stream based on the number of k there is so currently it's a 24 hours um i don't know how much it'll grow when i'm away for four weeks") [end of text]



1. She has a dog that she sometimes plays with using a plastic bottle. (Verbatim: "i go like and she heckin loves it and she's like and i'm like um yeah she loves it it's a toy free toy that she really likes")
2. She enjoys popping bubble wrap, which she finds satisfying. (Verbatim: "she loves popping the bubbles on bubble wrap like so much like oh yeah she doesn't get to take it off me no i hold on to it")
3. She had a negative childhood experience with bubble wrap due to it being too strong for her small hands. (Verbatim: "i didn't enjoy bubble wrap for a long time when i was little because um little little ellia just couldn't pop the bubbles")
4. She is planning to release merchandise in the future, including a design she sent yesterday. (Verbatim: "i sent a design for some merch yesterday by the way")
5. She is considering a pre-order model for her merchandise. (Verbatim: "it might be pre-order maybe um")
6. She has a habit of eating food immediately upon arrival, often missing the chance to take pictures. (Verbatim: "i get really hungry so when the food arrives i eat and then i'm like oh no i can't take a picture of it it's in my belly")
7. She plans to take Instagram-worthy photos of food during her trip to Japan. (Verbatim: "i'm gonna take pictures of the food i'm gonna get you them instagram worthy heckin looking food shots")
8. She finds comfort in anime merchandise, which she considers a form of copium. (Verbatim: "my form of copium is gonna be anime merchandise heck yeah that's copium that's a good copium")
9. She anticipates buying a goose-themed item during her trip to Japan, even though she is not a goose. (Verbatim: "i'm gonna see a goose and i'm gonna think to myself damn they'd really like it if i bought a goose and i'll end up buying a heckin goose")
10. She has a fictionalized self-reference as "Stomach Chad" in relation to her food habits. (Verbatim: "what how many of you say take a picture of my belly i knew it you're all just here for stomach chad") [end of text]



