1. Her birthday is March 7th. (Verbatim: "my birthday is march 7th okay")
2. She has difficulty with time zones and often gets confused by them. (Verbatim: "time zones are my enemy")
3. She prefers Pacific Daylight Time (PDT) and considers it the best time zone. (Verbatim: "PDF represent best time zone, best time zone, I love PDF")
4. She enjoys co-working streams every Monday, which she has not done in a long time. (Verbatim: "I like to do these every Monday, and it's been so long since I've done them")
5. She has a habit of scheduling tasks for future self but often fails to recognize them until the last minute. (Verbatim: "I always set like um what you call it um so like I'll schedule something for say like like this one 10 30 okay and I'm like okay that gives myself a nice line big treat myself")
6. She has a tendency to arrive at work significantly early due to overestimating travel time. (Verbatim: "I've done this with like every every professional job i've had i've turned up early like")
7. She is working on vocal covers and considers herself a musical artist, though she doubts her singing ability. (Verbatim: "I spent yesterday trying to record singing i'm not a singer like why am i listed")
8. She has played Hades and completed one playthrough, reaching the Siren boss. (Verbatim: "I got to the siren boss so don't worry it was like we're gonna play more hades")
9. She enjoys working on Gunpla models and has a project she wants to finish. (Verbatim: "I really do need to finish my hacking gunpla")
10. She has a recurring habit of making mistakes in spelling, such as confusing "Pomodoro" with "Pomeranian" or "Pomadonna". (Verbatim: "I was like p oh and then i was like that's a lot of o's for a word") [end of text]



1. She has used the same background music since becoming Elia. (Verbatim: "I've not changed my bgm since I've become elia so")
2. She has a fictional backstory involving being hit by a truck in the sky. (Verbatim: "since I got hit by that truck in the sky yeah yeah yeah yeah yeah")
3. She identifies strongly with the persona "Elia Stellaria" and has no desire to be anyone else. (Verbatim: "since it became el i've always been earlier yes no weird dreams of being anyone else yeah")
4. She enjoys creating thumbnails for her streams using Clip Studio Paint. (Verbatim: "I love clip studio paint yeah this is a good thumbnail if I was the average viewer I would definitely click sweet")
5. She has organized her thumbnails into folders, indicating a structured approach to content management. (Verbatim: "because if there's one thing i do have organized into folders it's my thumbnails")
6. She is fond of the game Teamfight Tactics and frequently references it in her streams. (Verbatim: "teamfight tactics tft is an auto battler game developed and published by riot games")
7. She appreciates the cozy and iconic atmosphere of her stream's background music. (Verbatim: "it's iconic and cozy what do i mean become because since it became el i've always been earlier yes no weird dreams of being anyone else yeah")
8. She has a playful, self-aware sense of humor, often embracing absurdity in her branding. (Verbatim: "absurdity is is brings joy maybe")
9. She values creative collaboration with her audience, especially in naming and designing stream events. (Verbatim: "you guys are gold you guys are absolutely gold you know yeah yeah yeah yeah")
10. She has a long-standing habit of streaming for extended durations, often planning for 10-hour sessions. (Verbatim: "i'll just play for like i don't know 10 hours") [end of text]



1. She enjoys playing the trumpet. (Verbatim: "i used to play the trumpet what do you mean comedy what are you on about it's not haha here it's it's just playing but it's easier if you give yourself a mouthpiece")
2. She has a melodica and is looking for it. (Verbatim: "i need to find my melodica i know i have a melodica somewhere maybe or did i throw it out i don't know")
3. She is interested in buying kazoos and has ordered them. (Verbatim: "i've ordered kazoos for tomorrow")
4. She plans to do a kazoo ASMR collab with someone. (Verbatim: "buzz asmr collab exactly imagine a whisper in your ear really really nice and close followed by yeah it's a shame it doesn't arrive today")
5. She finds kazoos confusing and is unsure about their quality. (Verbatim: "it's hard to find a good quality cheap one so yeah there's a lot and it's very confusing like i'm very confused")
6. She has a fondness for the name "Ellie" and is referred to as such by fans. (Verbatim: "yeah and an extremely stunning beauty at the same time as well i don't know how she does it but she always finds a way to make my heart filled with pure bliss especially with that smile of hers wait this smile this one ah yeah am i a good girl am i am i am i am i am i")
7. She expresses a desire to be an anime protagonist or side character. (Verbatim: "i want to get isekai'd and become an anime protagonist no an anime side character yeah yeah yeah yeah yeah yeah yeah")
8. She has a playful, self-aware sense of humor about her persona. (Verbatim: "am i a good girl am i am i am i am i am i or or or or or am i a heckin farmer or am i a heckin not me")
9. She is open to creative content involving musical instruments like kazoos and melodicas. (Verbatim: "we could try and make a kazoo maybe can we make a kazoo can we well where is it i know wait i have to be i don't know how one makes a kazoo")
10. She enjoys collaborative content and has a history of themed introductions. (Verbatim: "happy pomodoro alley i love how you've been changing up your introductions for raids and colas") [end of text]



1. She has a habit of creating humorous, self-aware raps and rhymes during streams. (Verbatim: "how do i make this rhyme with waifu waifu laifu or you get five two these fists in your face")
2. She references having a "knife asset" in her inventory but clarifies she doesn't actually carry a real knife. (Verbatim: "wait i think i actually do have a knife asset wait oh do i no i don't wait what do i have what do i have in here")
3. She humorously claims to have "fists" as her most threatening item, indicating she doesn't possess weapons. (Verbatim: "i don't have anything threatening i thought i would well my arm flew away nah you's imagining things")
4. She mentions having a toolbox with only a hammer and screwdriver, describing it as minimal and nearly useless. (Verbatim: "it's more like an empty card a shoebox lid with two items in it it's quite sad")
5. She has played Final Fantasy XIV up to level 70 in the free-to-play expansions. (Verbatim: "you can play through the entirety of the realm reborn the heavensward and stormblood expansion up to level 70 for free")
6. She enjoys using the kazoo as a comedic prop and has expressed interest in a kazoo-themed stream. (Verbatim: "looking forward to the kazoo stream by the way yes i'm uh hopefully it will see what time it arrives")
7. She has a recurring joke about "wholesome murder" involving a kazoo and knife, indicating a signature comedic theme. (Verbatim: "would it make it more wholesome if i had a kazoo and a knife like a knife in one hand and a kazoo in the other")
8. She references a fictional "kazife" merch idea combining a kazoo and knife, showing creative branding humor. (Verbatim: "why are we not selling kazifes um guys write it down kazife hello new merch like it's not a kazoo it's a could")
9. She has a playful, self-deprecating attitude toward her attention span, joking about having none. (Verbatim: "as you can see it if you're looking for someone that has an attention span you're in the wrong place")
10. She humorously claims to know how to look after animals, possibly referencing past experience. (Verbatim: "of course i know how to look after animals") [end of text]



1. She has a deep emotional connection with her fans, referring to them as having found her in a dream. (Verbatim: "I found you in a dream from a short and then the dream ended and I got lost for a bit but I found the dream again just not as soon as I would have liked but I'm happy you found me")
2. She has a strong sense of self-awareness about her emotional state, acknowledging she is currently in emotional stress. (Verbatim: "as you can tell I'm in emotional stress city at the moment but it's slightly better now")
3. She has a recurring concern about being perceived as part of a cult, despite denying it. (Verbatim: "oh my god that makes this sound like we help we help charitably but but you know this money is probably going to go right back into streams")
4. She once cared for baby goats during her childhood. (Verbatim: "I used to look after a bunch of baby goats and they used to do the cutest little jumps")
5. She has a fondness for burgers and often craves them, especially during streams. (Verbatim: "I think I'm gonna get burgers for lunch yeah my mouth just started watering hard")
6. She has a playful, self-deprecating view of her own talents, admitting she doesn't know her unique skill or content niche. (Verbatim: "I don't really know what my unique thing is I need to I'm still trying to find my unique thing unfortunately it's not my super gaming skills")
7. She is currently experiencing anxiety about her living situation, having faced stress over needing to move out within a month. (Verbatim: "I had nowhere to go so yeah yeah what is my unique content what is my unique skill unique skill unique skill I don't know what can I my unique place in the world")
8. She has a habit of making spontaneous purchases, such as buying kazoos. (Verbatim: "I've already bought kazoos for today so we've already done our spontaneous purchase")
9. She enjoys the idea of being called "Sister Ellie" and has embraced the playful religious roleplay with her fans. (Verbatim: "ah yes you guys can call me sister sister ellie at your service please confess your sins")
10. She has a humorous, recurring joke about "goose tax" and "goats," indicating a fondness for whimsical, absurd humor. (Verbatim: "why would there be a goose tax there's no goose and there's no tax that's double wrongs") [end of text]



1. She became a VTuber because she likes anime and making people happy. (Verbatim: "i like anime and making people happy so yeah like this helps me come")
2. VTubing gives her a sense of purpose and combines everything she loves. (Verbatim: "vtubing is my heckin ike guy you know it's just something that fills me with purpose")
3. She believes her work as a VTuber has a positive impact on the world in her own way. (Verbatim: "lets me do something that i feel like has a good change in the world you know in my way")
4. Her older brother introduced her to VTubers. (Verbatim: "it was my older brother that introduced me to the tubers you know and like yeah")
5. She experienced an existential crisis during childhood about her future. (Verbatim: "i was always stuck in an existential crisis like of like oh my god what do i do")
6. She struggled to answer "what do you want to be when you grow up" as a child. (Verbatim: "what do you want to be when you grow up i don't know i'm like you know like i don't know how would anyone know")
7. She is not a goose, despite being mistaken for one. (Verbatim: "i'm not a goose yeah yeah yeah yeah yeah")
8. She has a strong emotional connection with her community and values their loyalty. (Verbatim: "you're also amazing by yourself you mean i'm not just a replaceable punk where the heck oh comments oh my goodness")
9. She enjoys being called "god" by her fans, which excites her. (Verbatim: "ellie gets excited when people call her god oh of course i get excited it means a lot of course i do")
10. She has a fondness for cats and hats, which are recurring themes in her identity. (Verbatim: "oh it's a fair bit level five is quite oh oh oh we need a reason i have no reasons i'm sorry i'm sorry i don't know i don't know depends on our hype train difficulty setting how do we set the difficulty can we set it to basic easy simple you know just existing i don't know i i i oh wait i can just appear in other people's twitch streams oh so so it is now yes yes you genius okay i'ma do that i'ma do that i'ma i'ma lurk in more twitch streams and hope and just wait for some level 5 hype trains to appear yeah yeah yeah thank you i forgot that's that's that's a much better way i know final first you're definitely the hardest working and lovable person and i'm happy that you're my person only let's see and i will never change promised eyes really really really really really i'll keep working hard i will i just yeah yeah yeah yeah i'll keep working i will i will i will and swiss did i hear free soup you did not hear anything about any free supers anywhere at all absolutely hecking not mate no no no they're never free never will be never have been not currently no no no wait did i read this one wait not bow to stellaria i just said hill elia bowed to elia my brain couldn't get used to saying elia twice for some reason and hegan auto corrected it no no i work a bit too hard no i need to work harder i need to work much harder i need to make up all the time i've not been here so maybe that's why i like an order corrected i saw the one above it days about leak being mentioned negative three i'd say never change my love but breaking that addiction would be good absolutely never i'm never escaping yippee neither what who said that anyway next one anyway of course i'm gonna be on your side all the way i'm sure that everyone here including myself love you with an unmeasurable amount of love what also i love when you become really emotionally obsessed with the whip by whipping me non-stop at night wait that got really saucy really fast what whip i don't actually own a whip should i buy one no i've already bought a kazoo we've already done wait oh my gosh guys i think i should buy one what am i gonna do with it thank you thank you okay let's try that again there's only one ellie therefore there's only one v-tripper who i'll watch i know that at the very least i won't be going anywhere you're the only kamioshi for me and i think your appeal is yourself happy pomodoro dice dice lucky for you i'm keeping myself because you know that's me that's ellie are you sure you're sure you're okay yeah it's not my birthday it's not my birthday it's not my birthday by the way well ellie is ellie always okay that's one thing you can count on ellie is ellie not perfect very fluid white stuff quite a mess but still ellie always yeah yeah yeah yeah yeah we're not a cult we're not a religion and i'm not a goose well also ellie gets excited when people call her god oh of course i get excited it means a lot of course i do oh yeah by the way i love your model it's really amazing setup what got you into vtubing i like anime and making people happy so yeah like this helps me come well i think i've spoken about it before vtubing is my heckin ike guy you know it's just something that fills me with purpose but combines everything i love and lets me do something that i feel like has a good change in the world you know in my way yeah yeah she had to be a v-tube or else people would find out she's actually just a goose in the computer i'm not a goose yeah yeah yeah yeah yeah um yo you've been sitting in silence no i'm here to yap don't worry if you need if you need a voice what up you can have this voice you can have this voice you can have any voice you like yeah yeah yeah thank you happy birthday alias now my birthday yeah actually it was my older brother that introduced me to the tubers you know and like yeah and i was like wait what is this because like i was always stuck in an existential crisis like of like oh my god what do i do like even when you're a kid where they're like what do you want to be when you grow up i don't know i'm like you know like like i don't know how would anyone know and of course i didn't know because it didn't") [end of text]



1. She is a data scientist by training. (Verbatim: "i was technically trained as as a data scientist yay yippee fun")
2. She has a bachelor's degree in animal biology. (Verbatim: "so my my bachelor's was like animal biology")
3. Her academic focus was using AI and computer science to help animals. (Verbatim: "so yeah i worked at a zoo but i'll be honest all you do at the zoo is pick up poop so that's it")
4. She worked as a zookeeper. (Verbatim: "so my my bachelor's was like animal biology yeah yeah yeah yeah and i my focus my focus when it came to like ai and like that kind of the applica using ai and computer science to help animals was like my main focus")
5. She has a master's degree in mathematics. (Verbatim: "i was on that academic path to becoming a doctor in mathematics")
6. She worked as a developer using C# and Python. (Verbatim: "i was a developer working in c sharp but my master's degree i worked primarily in python")
7. She used R for data analysis during her studies. (Verbatim: "then a lot of like the data stuff i did through r")
8. She is half Asian. (Verbatim: "doctor and math confirmed asian half")
9. She is not fond of horror games. (Verbatim: "i'm too scaredy-cat for this! Please, someone hold my hand!")
10. She is passionate about tech streams, though she personally does not enjoy them. (Verbatim: "we do enjoy your tech streams ellie more please but i don't enjoy the tech") [end of text]



1. Her birthday is March 7th. (Verbatim: "my birthday is march 7th okay")
2. She has participated in a meet and greet event at Honkai: Star Rail Expo in the U.S. (Verbatim: "i'm doing a meet and greet like at of kai in the u.s")
3. She will be attending a meet and greet event at V-Expo in England. (Verbatim: "i'm also going to be at vexpo um which is the i think it's a similar setup two minutes yeah")
4. She is involved in planning exclusive Honkai: Star Rail merchandise for fans. (Verbatim: "you've got the exclusive of kai standees you've got the ribbons we've got the panel got the media")
5. She is working on a stage performance. (Verbatim: "building a wiring diagram working on a stage stage performance a new twitch interface yo")
6. She has been involved in planning for future convention appearances. (Verbatim: "i'll do my best to appear at other conventions across places")
7. She has a strong interest in productivity methods, specifically using the Pomodoro Technique. (Verbatim: "i will not miss pomodoro monday also you has too far ph1")
8. She is currently working on a new Twitch interface. (Verbatim: "working on a stage stage performance a new twitch interface yo")
9. She is involved in creating content for a media panel at Honkai: Star Rail Expo. (Verbatim: "we've got the panel got the media okay cool cool cool")
10. She is preparing for a virtual appearance at Honkai: Star Rail Expo. (Verbatim: "but i'll be off kai virtually don't worry") [end of text]



1. She has a habit of making unusual or exaggerated facial expressions while working. (Verbatim: "I'm pretty certain I'm doing weird faces while I work.")  
2. She references "Dono December" as a past event or recurring theme, possibly related to a donation or stream event. (Verbatim: "Arigato Arigato is no longer Don't Dono December.")  
3. She has experienced financial stress related to loans, indicating past or ongoing financial challenges. (Verbatim: "Basically, the loan sharks are coming for my ass after I send this Dono anime.")  
4. She finds sharks to be cute and kawaii, despite their typical scary connotation. (Verbatim: "Sharks are kawaii.")  
5. She compares the fear of sharks to cows, suggesting she finds cows more frightening than sharks. (Verbatim: "Not as scary as cows, but still pretty kawaii.")  
6. She has a recurring habit of jokingly referring to her viewers as "punks" in a playful, affectionate way. (Verbatim: "Which one of you punks anonymously gifted 50 heiken gift subs on Twitch, you punk?")  
7. She uses the phrase "I decided to treat myself" as a self-aware, humorous way of acknowledging her own actions. (Verbatim: "I decided to treat myself.")  
8. She has a recurring stream segment involving "Money Morning Stream" and references a goose as a symbol of hard work. (Verbatim: "Money Morning Stream, a goose is so cute, she works hard even staying new.")  
9. She has a history of using the name "Lenox" or "Lenoxaris" for a viewer, indicating a past interaction or inside joke. (Verbatim: "I was like, do I call you Lenox? Er, Lenox? I know I've been through this.")  
10. She has a recurring phrase "I heckin' got this" used during moments of focus or confidence. (Verbatim: "I heckin' got this, I got this.") [end of text]



1. She has a strong aversion to being mistaken for a goose despite being called "Ellia the Goosetuber." (Verbatim: "Yeah, and also, you're ready, goto, ready, goto free, also, happy birthday, and not Ellie... It's not my birthday, it's not Ellie Day, there's so many things that it's not.")
2. She humorously rejects the idea of being a goose, emphasizing her identity is not tied to that image. (Verbatim: "I'm not a goose, not a goose, not a goose.")
3. She has a dream about co-working streams, indicating she has long been interested in the concept. (Verbatim: "I had a dream. I started doing these a long time ago. These co-working streams.")
4. She values the idea of co-working streams and believes they should have their own category on Twitch. (Verbatim: "Oh, that'd be cool, that would be cool. I feel like it should have its own category, you know, but it depends how popular it is.")
5. She is self-aware of her tendency to be overly cute and lovable, which makes it difficult for fans to stop spoiling her. (Verbatim: "I like- No! I'm none of those things. I wish I was those things. I am very, very, very, very, very flawed, as you can tell.")
6. She has a fondness for Skittles, as evidenced by her gratitude toward fans who sent them. (Verbatim: "And Skittles, thank you, thank you, thank you.")
7. She once received feedback that her voice is perfect for storytelling and narration. (Verbatim: "you have a lovely voice, and it would be perfect for storytelling, and just, zatsu-ing and speaking.")
8. She acknowledges that her stories are perceived as "dumb" despite having a beautiful voice. (Verbatim: "yet, you use such a beautiful voice to tell the dumbest stories.")
9. She has a habit of using a British accent when speaking, though she questions which one she's using. (Verbatim: "which accent, is it the British one, or is it this accent, is this...")
10. She is working on creating a Japanese rap song, though she finds the lyrics challenging. (Verbatim: "I've tried to learn rap gold before. But the problem is it's got weird words in it.") [end of text]



NO RELEVANT INFORMATION [end of text]



```
1. She has a tendency to feel that she doesn't do enough for her viewers and wants to work harder to maintain their happiness. (Verbatim: "I don't make you happy enough! I don't do enough. I need to... I need to do so much more.")
2. She experiences emotional difficulty when viewers leave her community, though she acknowledges it as a natural part of her role. (Verbatim: "But I'd be lying if I said it didn't make me sad. A little bit.")
3. She identifies with lurkers and feels a strong connection to those who observe without actively participating. (Verbatim: "Lurkers I resonate with, like, a lot. Because I'm a lurker person.")
4. She has a recurring pattern of people leaving her community after finding others, which she finds emotionally challenging. (Verbatim: "I'll always have people leave me normally, you know? I won't have people come to me and... or come to me through... through the others.")
5. She has a playful, self-deprecating sense of humor, often referring to herself as a "silly goose" in a lighthearted way. (Verbatim: "I'm not a silly goose. What makes someone silly?")
6. She is aware that viewers sometimes refer to her as a "goose" due to her laugh, though she clarifies it's not because of her voice alone. (Verbatim: "Do people call me 'goose' because of my laugh? Um, I believe they do it 'cause of this.")
7. She struggles with understanding human behavior and emotions, expressing that psychology is difficult for her. (Verbatim: "I don't understand people. I've never understood people.")
8. She has considered studying psychology to better understand how to bring joy to her viewers. (Verbatim: "If I could do psychology, then I could learn how to make you guys happier, you know?")
9. She has a history of frequent relocations, having moved multiple times in recent years. (Verbatim: "If I had to move, I was planning to move again later anyway, so it would just be double moving, so I'd rather just move once.")
10. She is currently trying to negotiate with her landlord to extend her lease, indicating ongoing housing instability. (Verbatim: "It'd be perfect if I could just extend it by a few months. That's what I've asked for, basically.")
``` [end of text]



1. She identifies as a "dederere" type personality. (Verbatim: "I am the deredere. I'm the deredere.")
2. She values and respects lurkers in her community. (Verbatim: "Lurkers I resonate with, like, a lot. Because I'm a lurker person.")
3. She has a strong emotional connection to her audience, referring to them as her "silent residence in my wall." (Verbatim: "The silent residence in my wall. My wonderful welcome residence in my wall.")
4. She is aware of and self-reflective about burnout, having taken a break in the past. (Verbatim: "Yeah, I mean, I did take a break, you know? But the scary part of taking care of myself and having a break is people forget.")
5. She enjoys creating content and strives to bring joy to her viewers. (Verbatim: "If I could just figure out how to... How to bring you all absolutely tons of joy. That'd be good.")
6. She has a fondness for raccoons, even if she acknowledges the risks like rabies. (Verbatim: "Who else would hug wild raccoons? Do other people not want to hug wild raccoons?")
7. She is self-aware about her own performance and actively reviews past streams to improve. (Verbatim: "the best way to improve yourself as a streamer is to look back at your streams... you have to watch yourself you have to go back and watch and think okay how can i improve")
8. She has played and reflected on her performance in the game Hades, admitting she was "awful" in a past stream. (Verbatim: "I'm like spamming my attacks and I'm not near any enemies... I'm absolutely awful")
9. She is familiar with Japanese language and cultural references, including terms like "dandere" and "yandere." (Verbatim: "Wait, what's a 'dandere'? 'dandere'? 'dandere'? 'dandere'? 'dandere'? 'dandere'? 'dandere'? 'dandere'? 'dandere'? 'dandere'? 'dandere'? 'dandere'? 'dandere'? 'dandere'? 'dandere'? 'dandere'? 'dandere'? 'dandere'? 'dandere'? 'dandere'? 'dandere'? 'dandere'? 'dandere'? 'dandere'? 'dandere'? 'dandere'? 'dandere'? 'dandere'? 'dandere'? 'dandere'? 'dandere'? 'dandere'? 'dandere'? 'dandere'? 'dandere'? 'dandere'? 'dandere'? 'dandere'? 'dandere'? 'dandere'? 'dandere'? 'dandere'? 'dandere'? 'dandere'? 'dandere'? 'dandere'? 'dandere'? 'dandere'? 'dandere'? 'dandere'? 'dandere'? 'dandere'? 'dandere'? 'dandere'? 'dandere'? 'dandere'? 'dandere'? 'dandere'? 'dandere'? 'dandere'? 'dandere'? 'dandere'? 'dandere'? 'dandere'? 'dandere'? 'dandere'? 'dandere'? 'dandere'? 'dandere'? 'dandere'? 'dandere'? 'dandere'? 'dandere'? 'dandere'? 'dandere'? 'dandere'? 'dandere'? 'dandere'? 'dandere'? 'dandere'? 'dandere'? 'dandere'? 'dandere'? 'dandere'? 'dandere'? 'dandere'? 'dandere'? 'dandere'? 'dandere'? 'dandere'? 'dandere'? 'dandere'? 'dandere'? 'dandere'? 'dandere'? 'dandere'? 'dandere'? 'dandere'? 'dandere'? 'dandere'? 'dandere'? 'dandere'? 'dandere'? 'dandere'? 'dandere'? 'dandere'? 'dandere'? 'dandere'? 'dandere'? 'dandere'? 'dandere'? 'dandere'? 'dandere'? 'dandere'? 'dandere'? 'dandere'? 'dandere'? 'dandere'? 'dandere'? 'dandere'? 'dandere'? 'dandere'? 'dandere'? 'dandere'? 'dandere'? 'dandere'? 'dandere'? 'dandere'? 'dandere'? 'dandere'? 'dandere'? 'dandere'? 'dandere'? 'dandere'? 'dandere'? 'dandere'? 'dandere'? 'dandere'? 'dandere'? 'dandere'? 'dandere'? 'dandere'? 'dandere'? 'dandere'? 'dandere'? 'dandere'? 'dandere'? 'dandere'? 'dandere'? 'dandere'? 'dandere'? 'dandere'? 'dandere'? 'dandere'? 'dandere'? 'dandere'? 'dandere'? 'dandere'? 'dandere'? 'dandere'? 'dandere'? 'dandere'? 'dandere'? 'dandere'? 'dandere'? 'dandere'? 'dandere'? 'dandere'? 'dandere'? 'dandere'? 'dandere'? 'dandere'? 'dandere'? 'dandere'? 'dandere'? 'dandere'? 'dandere'? 'dandere'? 'dandere'? 'dandere'? 'dandere'? 'dandere'? 'dandere'? 'dandere'? 'dandere'? 'dandere'? 'dandere'? 'dandere'? 'dandere'? 'dandere'? 'dandere'? 'dandere'? 'dandere'? 'dandere'? 'dandere'? 'dandere'? 'dandere'? 'dandere'? 'dandere'? 'dandere'? 'dandere'? 'dandere'? 'dandere'? 'dandere'? 'dandere'? 'dandere'? 'dandere'? 'dandere'? 'dandere'? 'dandere'? 'dandere'? 'dandere'? 'dandere'? 'dandere'? 'dandere'? 'dandere'? 'dandere'? 'dandere'? 'dandere'? 'dandere'? 'dandere'? 'dandere'? 'dandere'? 'dandere'? 'dandere'? 'dandere'? 'dandere'? 'dandere'? 'dandere'? 'dandere'? 'dandere'? 'dandere'? 'dandere'? 'dandere'? 'dandere'? 'dandere'? 'dandere'? 'dandere'? 'dandere'? 'dandere'? 'dandere'? 'dandere'? 'dandere'? 'dandere'? 'dandere'? 'dandere'? 'dandere'? 'dandere'? 'dandere'? 'dandere'? 'dandere'? 'dandere'? 'dandere'? 'dandere'? 'dandere'? 'dandere'? 'dandere'? 'dandere'? 'dandere'? 'dandere'? 'dandere'? 'dandere'? 'dandere'? 'dandere'? 'dandere'? 'dandere'? 'dandere'? 'dandere'? 'dandere'? 'dandere'? 'dandere'? 'dandere'? 'dandere'? 'dandere'? 'dandere'? 'dandere'? 'dandere'? 'dandere'? 'dandere'? 'dandere'? 'dandere'? 'dandere'? 'dandere'? 'dandere'? 'dandere'? 'dandere'? 'dandere'? 'dandere'? 'dandere'? 'dandere'? 'dandere'? 'dandere'? 'dandere'? 'dandere'? 'dandere'? 'dandere'? 'dandere'? 'dandere'? 'dandere'? 'dandere'? 'dandere'? 'dandere'? 'dandere'? 'dandere'? 'dandere'? 'dandere'? 'dandere'? 'dandere'? 'dandere'? 'dandere'? 'dandere'? 'dandere'? 'dandere'? 'dandere'? 'dandere'? 'dandere'? 'dandere'? 'dandere'? 'dandere'? 'dandere'? 'dandere'? 'dandere'? 'dandere'? 'dandere'? 'dandere'? 'dandere'? 'dandere'? 'dandere'? 'dandere'? 'dandere'? 'dandere'? 'dandere'?


1. She has a chibi model that she acquired after a dream. (Verbatim: "yeah yeah yeah a dream a dream that was not me but of yeah yeah and i got my chibi model yeah i got my chibi model as well a dream where i was just horsing")
2. She previously used a temporary pre-made model before her debut. (Verbatim: "i had a temporary model before i debuted with this model the temporary model was just like a pre-made one that i just had in the meantime")
3. She has a free model called "Oma Ellie" and another model named "Oma Eddie". (Verbatim: "oma ellie which is also a free model no not also that is the only free model the pre-made model i had to pay for")
4. She is working on a 3D model and a second outfit. (Verbatim: "there's a 3d model in the works second outfit in the works there's a lot of things there's a lot of things in the works")
5. She recently returned from Japan. (Verbatim: "i've just come back from japan so yeah yeah yeah")
6. She is learning to speak in other languages, possibly through classes. (Verbatim: "how did i learn to speak in other languages like that like a being a massive weeb no i did classes um i'm working on it")
7. She enjoys watching ads on YouTube for market research purposes. (Verbatim: "i do watch ads yeah it's market research i actually keep ads on on youtube so so i can i can study the adverts")
8. She has a habit of speed reading and reads every single word in chat. (Verbatim: "i read every single word of chat i read i read all of you guys um i'm a speed reader")
9. She identifies as someone who is calm and prefers a relaxed demeanor. (Verbatim: "i'm fairly calm i've been told i'm quite calm i think i'm i have some energy but not um not as much as others i guess")
10. She has a dream-like perception of reality, where dreams and real-life experiences blur. (Verbatim: "oh my dream mixes up with reality oh damn we should go on a genocide route with um with with undertale yo") [end of text]



1. She has a strong obsession with Teamfight Tactics, having studied it extensively. (Verbatim: "I actually have four or five notebooks full of team fight tactics like studying like I wanted to become a professional team fight tactic player at one point")
2. She once aspired to become a caster for competitive Teamfight Tactics. (Verbatim: "I was gonna I wanted to become a caster for competitive team fight tactics")
3. She is highly productive and feels guilty when not productive, a trait she attributes to her upbringing. (Verbatim: "if I don't feel productive I feel guilty that's how my parents raised me terribly")
4. She has a habit of creating clickbait-style thumbnails for her streams, often using exaggerated visual elements. (Verbatim: "we'll just run with this thicker oh we can make it thicker we can make it real thick like this yeah this is perfect bam")
5. She enjoys making art for her streams, particularly custom thumbnails. (Verbatim: "we've already blurred the")
6. She has a preference for images featuring thighs, which she finds visually appealing. (Verbatim: "we love thighs we worship eyes in this house")
7. She has a fondness for the game Hades, which she has played and enjoyed. (Verbatim: "oh there is a there is a discord i think this is a command work it does it does will i ever play entitled goose game i think i played that i played that i played that i really enjoyed it")
8. She has played and enjoyed the game Entitled Goose. (Verbatim: "i think i played that i played that i played that i really enjoyed it")
9. She has a habit of creating humorous, self-aware content around her own stream setup and art. (Verbatim: "I have no maid but I'm still maidless but it's fine look at that it fits it fits it fits")
10. She is deeply invested in her streaming schedule and feels pressure to maintain constant activity. (Verbatim: "if I rest and if I stop streaming you guys will leave me and then I will cry") [end of text]



