1. She revealed her real identity at Anime Expo. (Verbatim: "I did an AX reveal, I revealed myself, I revealed, I revealed myself...")
2. She attended Anime Expo for two days. (Verbatim: "I went for, for two of the days...")
3. She has a tendency to get sick easily, especially after going outside. (Verbatim: "I get sick really easily, I'll be honest, I get, I think I just get sick from going outside.")
4. She has a runny nose and is currently suffering from a fever and head congestion. (Verbatim: "I have like, a really bad fever... I have a runny nose, it's gross, it's disgusting...")
5. She is currently streaming from her basement in the United States. (Verbatim: "I'm in the basement...")
6. She frequently drinks Coca-Cola and Gatorade while sick. (Verbatim: "I'm drinking cola, I got my cola... I also have one screen...")
7. She has a strong British accent that she sometimes tries to emulate. (Verbatim: "I missed you guys, that's why I'm swimming, sorry, I'm actually streaming from bed...")
8. She believes her illness may be due to exhaustion from attending conventions. (Verbatim: "Maybe that's why I got sick, maybe my body was also tired...")
9. She has a self-aware, humorous persona and embraces being "cringe." (Verbatim: "I didn't get any less cringe while I was away, I'm still as cringe as always...")
10. She has a close relationship with her fanbase, often referencing their support during illness. (Verbatim: "I missed you guys, because I missed you guys...") [end of text]



1. She has a history of being sick, including experiencing nasal congestion and fever. (Verbatim: "I'm so jealous of you... I wish my nose would breathe better... I get mad about my body for having fever")
2. She recently returned from a period away from streaming, indicating a break from her usual schedule. (Verbatim: "I've been away... my bar is like I dug a hole and yeet the bar into the ground")
3. She has created and released a yandere-themed rap song. (Verbatim: "oh yeah yeah did you guys like it you guys like it i released that yandere rap")
4. She references being "sick" as a recurring challenge that affects her performance and mood. (Verbatim: "I gotta work harder if I wasn't so heckin sick")
5. She expresses a strong emotional connection to her audience, often referencing their presence as a source of comfort. (Verbatim: "I'm happy you guys didn't forget me")
6. She has a tendency to feel insecure and anxious despite feeling determined and inspired. (Verbatim: "I'm filled with so much determination... but just equal amounts of insecurity and anxiety")
7. She humorously refers to herself as a "silly goose" and acknowledges that others sometimes mistake her for a goose. (Verbatim: "a lot of people think I'm a goose tuber... am I a silly goose?")
8. She has a close relationship with her audience, often using affectionate terms like "maidens" and "leaguers." (Verbatim: "people trying to get in the way of me and my maidens")
9. She is aware of and acknowledges her own emotional volatility, including moments of being "tsundere" or "yandere." (Verbatim: "no tsundere here, straight up... do I have a reason to be yandere?")
10. She has a habit of mentally connecting with her audience, sometimes imagining their presence even when not actively interacting. (Verbatim: "I was mentally cuddling... I thought you were about to say I was mentally cutting out") [end of text]



1. She has recurring dreams about being lost in a large building with many doors and rooms. (Verbatim: "I keep having a dream where I'm, like, stuck in this building and there's all these doors and I can't find my way out and running around.")
2. She experiences recurring school-related dreams. (Verbatim: "I always have recurring school dreams.")
3. She has a recurring dream set in a place similar to the village she grew up in, though it is not real. (Verbatim: "I've had a few recurring dreams there. School's probably the worst one.")
4. She dislikes having nightmares and sometimes avoids sleeping to prevent them. (Verbatim: "I don't like having nightmares. Wouldn't it be better to be there? I'm sure there's no nightmares to scare.")
5. She is self-aware of her voice sounding nasal and "borked" when sick. (Verbatim: "It doesn't sound normal definitely sounds borked right.")
6. She is concerned about how her sick voice affects her stream quality. (Verbatim: "I'm worried as you can tell I brought my setup and my microphone and everything.")
7. She has a history of being shy and found posting a cosplay photo extremely difficult. (Verbatim: "I'm a shy person so posting that was really hard.")
8. She delayed posting a cosplay photo for a long time due to nervousness. (Verbatim: "I had it on my phone and was like do I do I do I feel like an hour was like ah do it and then I won't look I was so nervous so nervous.")
9. She has a strong emotional connection to her cosplay and feels proud of it. (Verbatim: "I was super pleasantly surprised... you cosplay proud of you yeah yeah yeah.")
10. She has attended Anime Expo and had a good time there. (Verbatim: "I had a good time at ax not surprised you cuz yeah me brave than that") [end of text]



1. She has a fictional origin story involving being a winged messenger from above who was reincarnated as a British girl after being hit by a truck in the sky. (Verbatim: "until I got hit by trucking in the sky and got reincarnated as a british girl")
2. She identifies as a British girl in her persona despite her original lore suggesting a celestial origin. (Verbatim: "until I got hit by trucking in the sky and got reincarnated as a british girl")
3. She grew up with two brothers and spent much of her childhood fighting with them using sticks. (Verbatim: "most of my memories of my brothers growing up was just fighting them, finding a good stick each, and then fighting with said sticks")
4. She was not allowed to have long hair as a child due to her parents' practical concerns and because she wore hand-me-down boy clothes. (Verbatim: "my parents wouldn't let me have long hair, and hand-me-downs just didn't work")
5. She was often mistaken for a boy in childhood due to her short hair and boy clothes. (Verbatim: "the other kids thought I was a boy because I was always in boy clothes")
6. She has a strong emotional reaction to feeling like she’s not doing enough, often expressing guilt and sadness over perceived inadequacy. (Verbatim: "it makes me sad to think that even if I try it's not enough sometimes")
7. She has a deep emotional connection to her father and acknowledges having one, though she initially hesitated to mention him in a sentence. (Verbatim: "I do have a father he's all right and then and then I just stopped the sentence instead")
8. She enjoys cosplay and hopes to show more in the future, expressing concern about breaking immersion. (Verbatim: "I was half worried y'all would be mad about immersion oh i'm glad you like it i'm glad it was okay")
9. She has a strong dislike for being called short, particularly when it's phrased in a mocking or diminutive way. (Verbatim: "don't shorten me don't say I'm four foot something mommy")
10. She has a self-aware sense of humor about her height and often jokes about fighting people behind stores like Tesco or Taco Bell. (Verbatim: "meet me behind Tesco it's not actually meet me behind Taco Bell I'm a I'm a we gonna look for raccoons") [end of text]



1. She has a strong connection to cats and considers herself a cat person. (Verbatim: "I'm a cat person, I know I own a dog, but that's because I couldn't replace my cat, I'm a cat person, I love cats so much, cats are my favorite, specifically my cat is my favorite.")
2. She grew up with two cats, one of which was her favorite and slept with her every night. (Verbatim: "I grew up with two cats, okay, I grew up with two cats, and one cat was like, my cat, my cat, like, means the world to me...")
3. She once accidentally choked herself in her sleep due to her hair wrapping around her neck. (Verbatim: "I remember really struggling to take it off, and I was, like, panicking, because for some reason, even though the lanyard was just, like, around, I was struggling to, like, breathe, I was, like, trying to take this off over and over again...")
4. She was forced to keep short hair after a near-choking incident involving her long hair. (Verbatim: "after that, my parents were like, nope, nope, absolutely, heck you're not, mate...")
5. She has a recurring dream about ice skating at her primary school playground turning into an ice rink. (Verbatim: "it was, like, there was ice skating, like, the playground at my primary school had turned into an ice skating rink...")
6. She has a fear of camping and prefers the comforts of indoor living. (Verbatim: "I don't want to go camping maybe if i re-watch all of euro camp i might feel like camping but i've camped enough in my life never again give me the comforts of the indoors in modern society...")
7. She once camped in the jungle for three months and decided never to do it again. (Verbatim: "for anyone new i camped in the jungle for three months and decided to never do that again")
8. She dislikes badgers and finds them scary. (Verbatim: "no badgers are scary and no no i don't like badgers no no no no not the same")
9. She has a strong belief in her own resilience and has never had serious accidents or broken bones. (Verbatim: "I've never had to really go, like, the only time I went to hospitals for, like, scans and stuff, but never anything, like, proper...")
10. She has a habit of rolling around a lot in her sleep and has fallen out of bunk beds before. (Verbatim: "I roll, I'm a roller, I don't think anyone would ever want to share a bed with me, because I just roll a lot, like, like a lot...") [end of text]



1. She has a playful, self-deprecating attitude toward being called cute. (Verbatim: "you guys keep calling me cute you messing i wish i was cute")  
2. She identifies with the term "say so" and humorously claims it's defined by her in the Urban Dictionary. (Verbatim: "you're the definition of say so why because you're an urban dictionary now look up say so on there right now")  
3. She references a fictional "Elias delaria" as an example in the Urban Dictionary definition. (Verbatim: "example two elias delaria hey guys who wants to get touched")  
4. She owns a custom musical instrument called the "Elias flute," which is a melodica used to play "Megalovania" to wake her up. (Verbatim: "the elia flute is it's a pokey flute but it's a melodica and you use it and only play megalovania and then i'll wake up that is that is the trick")  
5. She has a strong association with the character "Snorlax Goose" in a fan-made image. (Verbatim: "why am i a snorlax goose why am i a snorlax goose")  
6. She enjoys cozy, relaxing content and describes streams as "cozy." (Verbatim: "that's cozy that's cozy i love that")  
7. She is currently unwell and struggling with illness, affecting her ability to stream regularly. (Verbatim: "i'm sorry i can't schedule anything i'll just see how i feel unfortunately but i'll be back asap")  
8. She has a habit of napping during streams or while engaged in activities. (Verbatim: "i like to nap through that through that")  
9. She is familiar with and references "Eddie's magic banana," indicating shared lore or inside jokes with other VTubers. (Verbatim: "i know eddie's magic banana")  
10. She expresses a desire to return to her "regular self" after recovering from illness. (Verbatim: "i'll be back to my regular self as soon as possible") [end of text]



1. She has a chibi physical build in real life. (Verbatim: "I'm actually a chibi IRL")
2. She cosplayed as a character named Yori. (Verbatim: "this is me as Yori, I cosplayed")
3. She was deeply nervous about sharing a personal image of herself. (Verbatim: "I was really, really nervous about posting that")
4. She values authenticity and dislikes lying, even about physical appearance. (Verbatim: "it's not good to lie, lying's illegal, nah, it's fine, it's me, it's who I am")
5. She has a strong emotional connection to fan-created content and hopes for future fan merch. (Verbatim: "I want there to be elia fan merch one day... I'd have cried")
6. She is passionate about art and artists, particularly enjoying Artist Alley at conventions. (Verbatim: "Artist Alley was actually my favorite place, I really, really, really, really, really, really, really love Artist Alley")
7. She experienced dangerously high CO2 levels at Artist Alley during a convention. (Verbatim: "the CO2 levels were really really really high... some people had like recordings of like 4000 ppm")
8. She has a strong desire to improve her singing and perform in a concert one day. (Verbatim: "I do want to work on my singing only a concert when one day perhaps")
9. She is a procrastinator when it comes to recording music. (Verbatim: "because I'm a procrastinator")
10. She has a deep appreciation for behind-the-scenes experiences and backstage access. (Verbatim: "it was really awesome to see things from like behind the scenes") [end of text]



1. She has a strong preference for Mexican cola over American cola. (Verbatim: "it's not american cola because american cola sucks i'm sorry i'm sorry not sorry the high fructose corn syrup ends me like it makes me yeah this is my first time at ax")
2. She is British and has experienced the Fourth of July in America. (Verbatim: "i got to experience the fourth of july as a british person in america")
3. She has a dog back home in England who is unbothered by fireworks. (Verbatim: "my dog at home in england she loves fireworks um when we have firework night she just watches them from the window with me")
4. She finds American fireworks significantly more widespread and lower to the ground than those in England. (Verbatim: "in america there's so many fireworks they're like in the streets like what did you just tab in what up you pick the perfect time um we're gonna gonna bring freedom in the form of fireworks um yeah yeah um i didn't realize american fireworks they're so like everywhere and they're really low like they're like in the street and they like go off and then they're lower than the buildings")
5. She previously attempted to cosplay as Silver Wolf from Honkai: Star Rail at a convention. (Verbatim: "it's gonna be silver wolf from hongkai star rail that picture was really you yeah did you not think it was")
6. She once forgot half of her cosplay at a convention due to poor planning and a nap. (Verbatim: "i forgot half my cosplay like an idiot um so i didn't because i was missing off of it so i'm going to have to dress up at another convention instead")
7. She pulled an all-nighter before traveling to America to record songs. (Verbatim: "i had to do these three recordings of these three songs the night before i went to america so i pulled an all-nighter okay i pulled an all-nighter")
8. She has a habit of taking long naps, even when time is limited. (Verbatim: "i was like five hours is tons of time i got time for a nap a nap a good old nap a nap heck yeah i can nap a nap i love napping i got nap time")
9. She is currently not using a mouse, relying on a touchpad for gameplay. (Verbatim: "it's called playing yumi um sorry not sorry half sorry it's yeah no sorry i'm like leaning back a bit i needed to lie down")
10. She has a fondness for cute, bunny-themed aesthetics in her living space. (Verbatim: "this is a room that i feel like one would see on like tick tock or something it's so cute it's just full of like the theme is like bunnies and i love it so much") [end of text]



1. She attended Anime Expo and interacted with other VTubers in person. (Verbatim: "I went to ax... I went with uh Ruby and she was like Elliot you better be heckin quiet your voice so loud")
2. She has a distinct voice that is easily recognizable. (Verbatim: "your voice is so distinct I was like girl I love to yap though don't restrict my yaps")
3. She wears a mask when attending conventions to maintain anonymity. (Verbatim: "I wore a mask yeah I wore a mask I was masked up the whole time")
4. She is known for being highly talkative and expressive. (Verbatim: "master yapper for realsies sorry thoughts come into my head and they come straight out of my mouth")
5. She is British and has a British accent that she cannot change. (Verbatim: "you're addicted to my accent oh that's good because it's british and it's not going anywhere")
6. She has a strong emotional reaction to being called beautiful by others. (Verbatim: "this is not include this is not me this is all the people i met okay all the people i met were incredibly beautiful")
7. She values kindness and believes people are extremely kind to her. (Verbatim: "i think people were extremely kind super super super kind")
8. She is nervous when meeting other VTubers in person. (Verbatim: "i was so nervous just meeting everyone i got to meet a bunch of them")
9. She has a habit of forgetting to turn off her stream after finishing. (Verbatim: "i'm just too organized i'm just i'm just too professional to ever forget to turn off stream")
10. She enjoys watching anime about VTubers and feels inspired by them. (Verbatim: "i watched there's a new anime this season about vtubing and i was like yo do i heckin do it") [end of text]



1. She has a childhood memory of reading children's books to young students in primary school. (Verbatim: "I had to in primary school like we didn't have enough teachers so like when it was raining they had to I had my job was to read books to children")
2. She once read a children's book about an elephant that stood out due to its unique coloring. (Verbatim: "I think it was like the elephant was like a different color to the other elephants and the other elephants were like it built like wow you're all colorful")
3. She is British. (Verbatim: "i'm british i just know the british drink")
4. She dislikes beer and does not consume it. (Verbatim: "i don't like beer or anything i don't like beer i'm sorry")
5. She has a strong desire to see a raccoon in real life. (Verbatim: "i really want to find a raccoon i don't want to find a raccoon so badly no one wants me to find a raccoon")
6. She has experienced prolonged illness that affects her vision and energy levels. (Verbatim: "my vision is so borked my eyes are extra sensitive when i'm ill oh god it's fine though maybe this is just they say getting tired")
7. She has a habit of drinking Coca-Cola, which causes energy crashes. (Verbatim: "we drink we crash we drink we crash we drink we crash we drink we crash and this is me just on coca-cola")
8. She has a history of not having insurance due to financial constraints in her family. (Verbatim: "my family were ones to never have insurance for anything which is wild i feel like we could barely afford anything")
9. She recently obtained travel insurance, which she views as a sign of financial progress. (Verbatim: "i got travel insurance yeah yes if i need anything i'll be fine this time yeah i gotta open the dumpster")
10. She is aware of and references the UK's TV licensing requirement, though she does not need it as she does not watch the BBC. (Verbatim: "you need that if you watch the bbc i don't watch the bbc so i do not need it") [end of text]



1. She was born in Germany but moved to England as a baby. (Verbatim: "so i moved to england as a baby okay i know i was born in germany but i moved to england as a baby")
2. She has a strong desire to become a talented VTuber and create fan merchandise. (Verbatim: "i want to work hard so there's fan merch of me one day")
3. She feels inspired by other VTubers and YouTubers she meets in person. (Verbatim: "i just love them so much they just inspire me you know just being around and just seeing such talented amazing people fills me with determination")
4. She struggles with imposter syndrome and self-doubt despite her efforts. (Verbatim: "i'm filled with self-doubt filled with worry filled with imposter syndrome")
5. She keeps a notebook to remember viewers' names from her early streams. (Verbatim: "i actually really really wanted to remember everyone's name... i have a notebook where i wrote down all the names of people i was trying i was genuinely trying to study and learn names")
6. She values her fans' support and feels deeply grateful for their loyalty. (Verbatim: "especially so many of you have supported me from like the start and so many of you supported me from even like my dream")
7. She has a habit of writing in notebooks and keeps multiple notebooks. (Verbatim: "i have a million notebooks and i love my notebooks")
8. She has a long neck, which she references humorously. (Verbatim: "a long neck is a sight of a goose")
9. She is motivated by the joy her VTubing brings to fans and wants to bring similar happiness. (Verbatim: "i want to be able to reach people's hearts really cool it's just so cool to see it irl")
10. She has a Twitter burner account where she posts without worry. (Verbatim: "that's just gonna just get more and more rambly um yeah which account it's my twitter yap account") [end of text]



1. She became a VTuber after experiencing a severe illness during university that lasted three months. (Verbatim: "one time i got sick um when i was at uni and i was really ill i was like like this level ill like the flu and there was like a end of term like um event and i was not very well really sick")
2. She was extremely underweight during her university years. (Verbatim: "at the time i was extremely underweight as well um yeah but at least i gotta eat the stinky cheese")
3. She has a history of avoiding medical care despite being severely ill, due to her family's belief that she shouldn't "bother" doctors. (Verbatim: "my parents like to have this um thought process of like you're not dead you don't have to go i guess they were like yeah it's just a flu fine")
4. She has a strong emotional connection to her past self, particularly her anxious and insecure younger self. (Verbatim: "i wish little elia could see you know little elia used to be so anxious and so worried and so scared")
5. She values genuine friendship and does not seek clout or popularity. (Verbatim: "me personally i never want any of that i just want friends that's it you know it doesn't make much sense to me if i want clout you just gotta work hard")
6. She has a deep affection for Taco Bell, particularly the Chalupa and deep-fried items. (Verbatim: "I know I shouldn't but I crave I crave my deep-fried Taco Bell help is this the American way")
7. She enjoys eating spicy food and strong-smelling cheese, even when ill and unable to taste or smell. (Verbatim: "i gotta eat all the spicy food yo yeah no meds at all no i didn't go to the doctors or anything my parents like to have this um thought process")
8. She has a recurring fear of being physically carried, stemming from a negative experience in school. (Verbatim: "i remember i got picked up once like princess carry style once by this like really tall girl at my school wasn't very nice and she dropped me and it hurt that sucked")
9. She has been told she looks underweight by her mother, who also comments on her physical changes. (Verbatim: "especially my mother that's my sore she was like oh my god you've lost so much weight oh my god are you okay oh my god no my god and then looked at Ellie bro and was like damn you're getting bigger yikes no mercy mother")
10. She has a habit of using blankets to comfort herself when sick, often wrapping herself up like a burrito. (Verbatim: "security gang lay down grab a blankie become a burrito and hide from the well together because it's quiet it counts as a meal") [end of text]



1. Her birthday is March 7th. (Verbatim: "my birthday's march 7th which now is actually super easy to remember because of hiking hongkai's star rail")
2. She has a dream of seeing a raccoon in America. (Verbatim: "my dream standards are i'd like to see a raccoon in america")
3. She is currently experiencing illness with symptoms including cold, shivers, fever, and a blocked nose. (Verbatim: "i'm so cold and shivery and feverish right now it's wild")
4. She has not yet had her wisdom teeth removed. (Verbatim: "i don't have my wisdom teeth taken out yet no do i have to")
5. She overspent on merchandise and experiences, particularly at AX. (Verbatim: "i may have overspent nightly at ax but survive i will survive")
6. She is considering attending VEXPO but is still undecided. (Verbatim: "i'm still debating whether i myself go to vexpo")
7. She has a strong desire to keep her current laugh even after recovery. (Verbatim: "i don't want to lose that laugh when i get better please please let me keep that laugh")
8. She has a fondness for cola, which she is running low on. (Verbatim: "oh my god when this cola runs out oh gosh that was so close i almost poured that just not into my mouth")
9. She enjoys the game Honkai: Star Rail and references it in relation to her birthday. (Verbatim: "because of hiking hongkai's star rail yo like it's wild you've already shown it")
10. She has a playful, affectionate relationship with her fans, imagining future fan meetups with plush-based games. (Verbatim: "one day when i'm big enough and there's like a heckin elia stellaria fan meetup i will i will send someone with us very special elia plush") [end of text]



1. She is currently experiencing illness, including symptoms like fever and congestion. (Verbatim: "I'm pretty sick I'm pretty sick but not in the cool way")
2. She has a history of frequently getting sick, especially during school. (Verbatim: "even when i was sick i always had to still go to school")
3. She values her community and feels emotionally supported by her viewers during difficult times. (Verbatim: "I'm just glad you guys didn't forget me")
4. She is originally from the United Kingdom. (Verbatim: "oh how i was mistaken" referring to UK cola)
5. She prefers British cola made with cane sugar over American cola containing high fructose corn syrup. (Verbatim: "this one's made of cane sugar instead of um no high fructose corn syrup in this cola")
6. She has visited the United States and is currently streaming from America. (Verbatim: "i'm in america i should play league i'm on the na servers")
7. She has a strong emotional connection to her fans, expressing gratitude for their support during her illness. (Verbatim: "thank you for spending time with sick girl me i am the sick girl")
8. She enjoys Mexican-style cola and finds it essential to her current state of functioning. (Verbatim: "mexican cola is so far the only reason i'm functioning right now")
9. She has tried and compared McDonald’s menu items in the US and UK, noting differences in taste and ingredients. (Verbatim: "the american one has a kind of peppery flavor to it and the british one doesn't have pepper in it at all")
10. She is interested in hosting themed food events, such as a "dino nuggie party," indicating a fondness for fun, shared experiences. (Verbatim: "i should host a dino nuggie party and really not sure") [end of text]



