1. She has a history of singing in choir and identifies as a set alto who tried to hide her vocal abilities. (Verbatim: "when I was in choir I don't like um being lead so like when I was french horn I was first chair french horn and when you're first chair they can notice when you get things wrong um so I thought if I'm in choir if they put me in any lead position I'm gonna be heck and noticed so I tried to hide as a set alto is it alto um for long time")
2. She was discovered in choir and promoted to soprano despite trying to hide her talent. (Verbatim: "and then they had can caught me they figured it out you know I'm not a very good liar I sweat when I lie and um I don't have a very good lying face um so they found me out and slapped me on um like soprano")
3. She enjoys singing in the shower and has a dedicated shower playlist. (Verbatim: "i'm a singing in the shower kind of girl yeah yeah yeah yeah yeah i got my shower playlist i heckin sing loud when i'm in the shower")
4. She finds karaoke extremely nerve-wracking and causes her to sweat. (Verbatim: "karaoke makes me nervous like yeah karaoke makes me sweaty")
5. She has a habit of recording herself singing in the shower, only to be disappointed by the result due to reverb. (Verbatim: "have you ever have you ever done that thing where like you're sick like so you're singing in the shower and you're like damn this sounds great and then you record yourself to be like let me hear this and you're like oh no no no it's not it sounds nothing like it did in my head when i was singing it in the shower the disappointment the first time i heckin listened")
6. She believes her singing voice is affected by drinking cola and prefers mid-temperature water for vocal health. (Verbatim: "one of the things i do need to do is not drink so much cola but thank you for popping bye thank you oh gosh uh yeah i i still haven't done a karaoke stream as as a lot of you guys um noticed because um for me i was always told to shut up when i was singing like i've i enjoy singing like it's something i have fun doing but i was always told to shut up so yeah uh coca-cola does affect singing you're supposed to drink um the best thing to drink is like water but not too cold like like um not too obviously not hot water like a like a mid")
7. She has struggled with breathing technique, especially during her time playing the French horn. (Verbatim: "i had the same issue um when i played french horn my french horn teacher would always be like elia stop breathing and i'd be like well that's rude i heckin love breathing")
8. She originally recorded a rap part in a different voice (Ellenwell's) but found it sounded too odd and re-recorded it in her normal voice. (Verbatim: "originally recorded the rap part in in ellenwell's voice and the rap part was going to be with this voice but then it just didn't sound right um you know so it sounded a bit too odd so then i re-recorded it in my um normal voice")
9. She is working on future Japanese language covers, indicating she is learning or practicing Japanese. (Verbatim: "the other ones i'm working on are in japanese so yeah um there are japanese covers incoming")
10. She has a self-awareness of her vocal limitations and is actively working to improve her singing, particularly with breath control and belting. (Verbatim: "i really need to work on my breathing um yeah my i'm sat like a shrimp wait that does so it doesn't help me um there's a bunch of things i know i could do to improve like like practicing taking in bigger breaths i had the same issue um when i played french horn my french horn teacher would always be like elia stop breathing and i'd be like well that's rude i heckin love breathing but i want to be able to to eventually do songs that have like stronger more belted kind of big notes") [end of text]



```
1. She has a strong connection to a character named Mizora who grants her powers. (Verbatim: "Mazora who grants me the power to conjure armor and cast eldritch lasts.")
2. She possesses supernatural abilities including summoning armor and casting eldritch magic. (Verbatim: "Mazora who grants me the power to conjure armor and cast eldritch lasts.")
3. She previously had the ability to summon hell beasts and festering clouds before being infected. (Verbatim: "Before I was infected, I could even call hell beasts and summon festering clouds.")
4. She believes her vampiric bite is related to blood transfusion rather than romantic or intimate acts. (Verbatim: "I thought the vampire bite thing was just like blood transfusion stuff.")
5. She is concerned about the implications of neck-biting in her current narrative context. (Verbatim: "But I'm starting to think this neck-biting thing means something else.")
6. She is aware that biting someone's neck carries suggestive or "sus" connotations. (Verbatim: "Biting someone's nape has always been kind of sus, has it?")
7. She expresses a desire to avoid romance in her gameplay. (Verbatim: "Is there a way that I don't have to romance anybody?")
8. She values being recognized for her efforts and dedication to her audience. (Verbatim: "I will work so heckin' hard for y'all.")
9. She enjoys performing covers and appreciates compliments on her voice. (Verbatim: "Your cover was wonderful. Your sound is so lovely.")
10. She has a fondness for pets, particularly dogs, and enjoys petting them. (Verbatim: "The only thing I wanna do is pet the dog")
``` [end of text]



1. She identifies as the "harem protagonist" in the game she is playing. (Verbatim: "I'm clearly the harem protagonist, right?")
2. She experiences decision paralysis when faced with choices. (Verbatim: "I am one that always has decision paralysis.")
3. She is concerned about making the "correct" choice in a game with multiple romantic options. (Verbatim: "And I feel like there's never gonna be a correct option.")
4. She is interested in a "harem route" where she can romance multiple characters. (Verbatim: "Can we go harem route?")
5. She enjoys imagining romantic pairings between characters, referring to them as "ships." (Verbatim: "Set sail my ships.")
6. She has a strong emotional reaction to fan support, particularly regarding a music cover she released. (Verbatim: "I truly was really, really, really nervous, so I really appreciate how kind and wonderful everyone's been about the cover.")
7. She plans to hug her goose plush and dog after the stream as part of her emotional release. (Verbatim: "I'm gonna go hug my goose plush, hug my dog, and then cry happy tears, it's a good plan, I stick to the plan.")
8. She is emotionally moved by fan reactions and expresses deep gratitude for the support. (Verbatim: "Thank you so much, I'm gonna go hug my goose plush, hug my dog, and then cry happy tears, it's a good plan, I stick to the plan.")
9. She is aware that looping her cover might cause fans to lose interest. (Verbatim: "Don't loop it too much. I don't want you to not like it anymore.")
10. She values fan engagement and feels motivated by their encouragement. (Verbatim: "Oh gosh, I hope I can make y'all happy.") [end of text]



1. She has a British accent. (Verbatim: "I can't get rid of my british accent when I speak")
2. She enjoys covering songs, particularly those with rap sections and fast-paced parts. (Verbatim: "I like songs that have a fast part in it like a rap part")
3. She is a fan of the Gorillaz album and specifically likes the song "Feel Good Inc." (Verbatim: "I'm a fan of Gorillaz" and "I know the rap to Feel Good Inc")
4. She has considered covering "Rap God" but wants a less offensive, kid-friendly version. (Verbatim: "I need to find like a less offensive version" of Rap God)
5. She is interested in creating a "uwubop" version of "Rap God" in a weeblish style. (Verbatim: "I'll call it the uwubop version" and "we should heckin do a uwubop rap god")
6. She values creating joyful content and aims to bring smiles to her viewers. (Verbatim: "everything I do is to try and bring some joy")
7. She has a preference for soft, sweet, and fluffy musical tones, likening a song to "cotton candy." (Verbatim: "I feel like the song feels like cotton candy")
8. She has worked on animations for her song covers, which she designed to match her vision. (Verbatim: "I got the animation specifically for the song")
9. She is open to fan suggestions and has considered doing a voting system for future covers. (Verbatim: "maybe we should do like a vote on the next one")
10. She has a close relationship with her fans, referring to them as "silly sausages" and expressing deep gratitude for their kindness. (Verbatim: "you're all silly sausages" and "you're all so kind") [end of text]



1. She has a poor musical ear and struggles with listening tests and identifying notes. (Verbatim: "I've never had a good musical ear to be honest like that's one of the reasons I chose to do music in school")
2. She finds music composition difficult and relies on a scientific, theoretical approach rather than intuitive creativity. (Verbatim: "I take a very boring approach to it I guess")
3. She admires Little Ellie Bro's musical talent, particularly his ability to hear and play music by ear. (Verbatim: "little ellie bro has has a very good musical ear and i'm very jealous")
4. She is frustrated by the gap between her mental image of music and what she can actually produce. (Verbatim: "you have this tune in your head and then you want to like compose it out and you're like damn i cannot get it from my head into reality")
5. She is bad at playing the piano due to difficulty with hand independence. (Verbatim: "my hands don't like to do different things it just doesn't it just heckin doesn't")
6. She owns a borrowed French horn that she has not returned. (Verbatim: "the French horn is borrowed that I never returned")
7. She owns a piano she bought for a "50 pound heckin great deal" and feels unworthy of it. (Verbatim: "the piano was a 50 pound heckin great deal")
8. She owns a secondhand guitar she cannot play due to fear of calluses and discomfort. (Verbatim: "I'm scared of calluses on my hands because it hurts and my hands don't like to do the movements of the guitar")
9. She compares her inability to return borrowed items to overdue library books and worries about being put on a "library hit list". (Verbatim: "I'm scared to go to the library now as well um I hope they forgive me")
10. She believes her voice has a distinctive quality that makes it easily recognizable as hers. (Verbatim: "you can like definitely be like yeah that's ellia") [end of text]



1. She has a habit of recording vocal tracks after video edits are completed. (Verbatim: "I have a few videos ready with no audio... I'll swap it out for my version after")
2. She enjoys singing covers and considers her voice to be appealing. (Verbatim: "your voice is already appealing but cheers and I hate standards for songs")
3. She has a strong aversion to phone calls, especially from family, due to past negative experiences. (Verbatim: "the only times they've ever rang me is when it's been like bad news so now i'm like extra scared")
4. She keeps her phone on "do not disturb" mode to avoid receiving calls. (Verbatim: "i'm always here but my phone's always on do not disturb so it scares me when it makes noises")
5. She has a recurring pattern of changing her phone number to avoid contact with family. (Verbatim: "older ellie bro ways ways ways changes his number over and over again to avoid phone calls from family")
6. She has a sibling (older brother) who frequently changes his phone number. (Verbatim: "i have like six or seven different phone numbers for my older brother")
7. She dreams of creating a fully animated music video in the style of anime. (Verbatim: "one of my dreams is to do like a fully animated um like music video with song you know like proper anime")
8. She believes creating a high-quality animated music video would require significant financial resources. (Verbatim: "it would cost a ridiculous amount though so that's like one of the bigger dreams")
9. She is open to covering songs from video games, such as "City Escape" from Sonic Adventure 2. (Verbatim: "i'd love to see a cover of city escape from sonic avenge 2")
10. She finds cola enjoyable but acknowledges it's not healthy, and she tries to balance it with water during recordings. (Verbatim: "cola's so heckin yummy though why the yummy gotta be bad for me") [end of text]



1. She has a dog that is currently in an unusually cuddly phase. (Verbatim: "My dog is in extra cuddly mode at the moment... she just wants cuddles all the time.")
2. Her dog wears a tiny dog nappy. (Verbatim: "My dog wears tiny little, like a tiny little dog nappy.")
3. She is preparing to release her first cover song before her official debut. (Verbatim: "I hope that, you know, releasing my first cover with you all was a nice gift.")
4. She has a plush toy of a giant goose that she hugs frequently. (Verbatim: "I'm gonna hug and hug and hug and hug and hug my giant goose plush.")
5. She is planning to release cat-themed art in the near future. (Verbatim: "Oh, maybe I do have some cat themed Elliot art to be released soon, TM.")
6. She is fond of singing and believes her singing voice sounds angelic. (Verbatim: "Your singing voice makes it sound even more angelic somehow.")
7. She is sensitive to praise and often downplays her own accomplishments. (Verbatim: "I wasn't downplaying it. I wasn't. I wasn't. I really, really wasn't.")
8. She enjoys being called "punk" by her fans as a term of endearment. (Verbatim: "I'd rather she calls us punks for the fan names.")
9. She has a strong emotional reaction to positive feedback from her community. (Verbatim: "Oh gosh. Oh gosh. Oh gosh. Oh gosh. Oh gosh. I can work harder. I'll show you.")
10. She is working on improving her confidence in her vocal abilities. (Verbatim: "I'll show you. I'll show you. Okay.") [end of text]



1. She finds horror games unsettling and difficult to play. (Verbatim: "oh god this is egging gruesome")
2. She has a strong emotional reaction to killing what she believes to be a baby. (Verbatim: "wait am i killing a baby is this is this count as a baby")
3. She is familiar with hyena biology and finds the fact about female hyenas resembling males interesting. (Verbatim: "basically it used to be an issue where they really struggled to tell for the longest time they thought that hyenas were hermaphrodites")
4. She enjoys making jokes, even when she recognizes they're repetitive. (Verbatim: "i keep making the same jokes i need to go to joke school")
5. She has a habit of using dramatic or theatrical language during gameplay, such as "sayonara" and "heckin". (Verbatim: "sayonara" and "heckin snitch of a friend")
6. She dislikes rotten food and considers it harmful. (Verbatim: "i don't want bag of rotten food ew that's bad for you don't eat rotten food for realsies")
7. She has a tendency to misinterpret game mechanics, such as how to use potions or abilities. (Verbatim: "how do i throw this like how do i how do i how do i throw it on the ground")
8. She believes people in her life have not been very kind to her. (Verbatim: "i wouldn't say people have been very kind in life but yeah")
9. She reflects on her past interactions with people, suggesting she has experienced unkindness. (Verbatim: "i just like to think that the people that the mean people i've encountered in life i'd like to think that most people aren't like them")
10. She finds the concept of "friendship points" in games meaningful and emotionally resonant. (Verbatim: "where's my friendship points a character sheet oh they don't really like me") [end of text]



NO RELEVANT INFORMATION [end of text]



1. She has a history of being blamed for messes caused by her cat. (Verbatim: "every time where's this oh oh i just jumped over there hello whoa fire and all friend this is the devil will and the paladins of tea is a devil hi look concerned um are you okay i didn't know whether these were bad flames oh good we're we're worm buddies wait are we worm buddies i don't remember you from the ship now that's a story and i'll tell it to you oh truthfully told we shouldn't stay here too long see these paladins are great heat oh worm fiery as the hell worm connection the blood war whoa we're worm buddies now it's the tadpole in our head yeah language mountains as far as the eye can see yes that explains the voices from that peak i got into your head you've made some inroads trying to get things sorted and that's no joy i'm karlak and you are hi karlak i'm ellia well met soldier yeah now that we're all pals how would you feel about helping me kill some evil bastards no a little background if your moral compass needs something to win you already know i fought in the blood war i was good at killing demons oh wait what are we killing wait what am i agreeing to played along until i could get the beep damn it i can't beep in time she's free is that these people i spoke to earlier are they in disguise wait what's a group of dopes what's the dopes oh let's see we can what shall we say here i mean she's pretty convincing the other guy offered me a sword but we can say let's send them back where they came from so you want me to kill the people hunting you why should i do your duty work well i'm here to kill you not send you back to zariel i have my own problems i don't need yours shall we send them show oh dope is just a fool oh i can take the sword when they're dead oh okay no beep yes okay thanks for your input vampire dude okay sounds like a great plan let's do this wait why can't i have oh we're gonna have to kick somebody who do we kick we gotta get i mean lazel's been mean this whole time she dog get the pet come here is a good boy i should take a play as a good boy as a good boy that's a good boy i look so proud of myself okay lazel you grumpy grumpy punk you you're staying here she speaks her mind plainly and fully show her due respect okay she's very similar to you yeah you wait for here you believe you can survive without me yeah as you say do not keep waiting okay now where's our new other friend where is she do you see the double oh there she is double lady come with me come with me yeah i know don't swear though uh level up time level up level up level up level up level up level up level up default barbarian oh bear eagle elk movement speed jump distance melee attack rolls resistance hmm i'm not gonna attack and kiss i think barrel heart would be cool wait no should i pick a different sub with berserker magic oh random magical effect i don't know if i'm keen on that berserker i do need a tank i feel like i've been missing a tank to be honest like yeah like we don't have a tank really so a tank i think would be a good idea you're gonna be a bear nice and someone had an exclamation mark mate is so mad that we brought the devil person if okay what up something important to discuss what's up been traveling together for a while now and it's just about time that i share you're gonna share something with me what's up you see i have this condition okay what's the condition what kind of condition what it comes down to is this every so often i need to get my hands on a powerful magical item okay okay what kind of item oh it just needs magic okay is weave the kind of magic they have here i'm assuming leave is like mana or yeah by that i mean it's imperative that i find i consume strands of weave at the earliest possible junction okay okay yay like live stream life stream what do you need please don't be my blood like okay take my oh oh oh he's gonna eat up he's gonna eat this oh he eats them is he just the heckin debuff of a person like which one's the useless one and which one's better the pendant pendant that's it enjoy okay i have to do it every day i was so not ready to donate every single day just like you should be ready to not donate every single day dude this takes some more stuff than heckin vampire dude okay i'm glad you're feeling better you literally eat items you're like i don't know yeah i'm just not curious right now yeah i'm happy to help that's okay what was i doing i was heading out to murder the the the punks oh she's happy let's go let's go let's go let's go murder time murder time murder time murder time murder time murder time murder time murder time murder time murder time let's go let's go let's go also thank you for watching we're watching listening to my cover arigato arigato motor time i fly first blake arigato arigato don't know every day message received that's not it did i use my spells we couldn't you might want to get oh yeah okay here's the murder thing i brought the literal devil in okay let's have a look in sight time are you telling the truth you shall use our eyes success that side look enough of this charade i know who you really are garbage? That's rude. She mad. Cool. Murder time! Murder time! Murder time! Murder, murder, murder, murder, murder time! Murder time! Murder, murder, murder, murder, murder time! Murder time! Heckin! Where's that arrow? Murder time! I missed. I missed. I missed. Yum, yum, yum, yum, yum, yum, yum. Yay! Yum, yum, yum, yum, yum, yum, yum, yum, yum, yum. Ha ha ha! Murder time! Murder, murder, murder, murder, murder time! Oh. Ow. My turn! Who shall we deal with? I think we're going to stab this one in the corner first, and then we'll deal with the rest. I can't reach the distance, can't I just go round? No? Eh? Wait. Is it literally because they're in the way? Wait, for real? Are we sims characters? You need to find a way forward. You need to find a way forward. Nice. You. Attacker. How can you miss? Oh. This punk. Okay. Going in. Not enough movement. Can't cleave as multiple for multiple people, right? In. Why do I miss? Why am I like this?")
2. She is a heavy sleeper who does not wake up to alarms. (Verbatim: "i'm a very heavy sleeper like yeah so example of my heavy sleeping is um a shelf actually fell down in my bathroom um in the night i was very surprised i don't remember hearing hearing that at all um but i feel like it should have been loud but it wasn't but it must have been because it was a hidden shelf so yeah confused hmm i have i'm the kind of person that has 10 alarms and still doesn't wake up to like any of them yeah")
3. She grew up with a cat that frequently knocked things over at night. (Verbatim: "so i grew up with a cat and cats in the night knock over everything like my cat used to go along everything that was like on a surface and just knocked down with its little paws and so in the night all i'd hear is a bunch of um like the little bell on the collar ringing all the time and everything getting knocked down and you know what sucked i always got blamed for it")
4. She has a condition requiring her to consume magical strands of "weave" daily. (Verbatim: "every so often i need to get my hands on a powerful magical item okay okay what kind of item oh it just needs magic okay is weave the kind of magic they have here i'm assuming leave is like mana or yeah by that i mean it's imperative that i find i consume strands of weave at the earliest possible junction okay okay yay")
5. She is capable of fighting with her teeth. (Verbatim: "oh okay after all you know what i am now i can fight with all my teeth can't we all fight with our teeth")
6. She is not comfortable with showing her shoulders or ankles. (Verbatim: "i don't show my shoulders i ain't no shoulder showing ankle showing wench")
7. She has difficulty with precision in games, often missing attacks. (Verbatim: "I missed. I missed. I missed. Why do I miss? Why am I like this?")
8. She is aware of her own tendency to push people away despite wanting friendship. (Verbatim: "maybe later i need to know how we'll feed you again in the future just a warning try that again and i'll destroy you um i need to know how we'll feed you in the future oh okay after all you know what i am now i can fight with all my teeth can't we all fight with our teeth technically like technically i can't we can i know what's this one my denial all right but i'll be watching sounds good glad we could agree no you can't feed on people animals only well look i'm not against you feeding on me but only if we talk about it first it's not like i want you to feed on me it's it's not like i didn't like it or anything like that like you can feed on me if you really must but shall we go sundera sundera sundera sundera sundera sundera sundera sundera sundera i'm not gonna i can sundera this


```
1. She enjoys playing tabletop role-playing games, specifically using Boater's Gate 3. (Verbatim: "I find it cute and funny how you seem to be using Boater's Gate 3 as a way to finally make your dreams come true of becoming everyone's friend.")
2. She values friendship and connection, often emphasizing the importance of allies and trust. (Verbatim: "I'm asking you to live, Will. I don't wanna hurt you.")
3. She has a tendency to become emotionally invested in in-game characters and narratives, showing empathy toward them. (Verbatim: "I see the good in you, Carmack. I promise not to lose sight of it.")
4. She is capable of strategic thinking during gameplay, often devising plans to overcome challenges. (Verbatim: "I have a plan. I have a great plan.")
5. She finds humor in lighthearted and whimsical moments, such as celebrating the word "friend." (Verbatim: "She said it! She said the word! She said the magic word!")
6. She is self-aware about her gameplay style, acknowledging when she makes mistakes or fails. (Verbatim: "I messed up guys instantly. I thought I could just murder one on the side.")
7. She expresses frustration when game mechanics don’t behave as expected. (Verbatim: "There's no railing there, though. How come she's not falling?")
8. She is familiar with game mechanics such as healing, disengagement, and status effects. (Verbatim: "You get protected. Yeah, I forgot to disengage.")
9. She enjoys using creative and playful language during gameplay, such as "Ahoo!" for dramatic effect. (Verbatim: "We just need to go, 'Ahoo!' when we do it.")
10. She has a strong sense of moral reasoning, often weighing actions based on intent and consequences. (Verbatim: "Just as much as their motivation is questionable, so is mine. Therefore, it equals out stubborn.")
``` [end of text]



