1. She has a strong aversion to phone calls and rarely answers them. (Verbatim: "I don't do phone calls very often, like, am I enjoying the week so far?")
2. She has a very poor memory for phone numbers and often forgets to save them. (Verbatim: "I'm not very good with saving numbers, I'll be honest, I'm not very good with saving numbers")
3. She was raised in a household where alcohol was completely absent due to her parents' decision to quit drinking at her birth. (Verbatim: "Actually, so many things, so many things like I didn't learn until like too late. Like, what alcohol were, I had no idea what the heck drugs were, I was so sheltered")
4. She grew up in a highly sheltered environment with limited exposure to common adult topics like alcohol and drugs. (Verbatim: "I was so sheltered, a rare W from my parents, indeed, a rare W")
5. She was extremely curious as a child and explored her home extensively, including climbing the fridge to check what was on top. (Verbatim: "I was very much like a raccoon, like going around the house with my little hands like 'I'mma go look for everything! Yippee! What's this? What's this? What's this?'")
6. Her parents had a large collection of books on diverse and unusual topics, including the kings and queens of England, clouds, Chinese zodiacs, and fables. (Verbatim: "They had a book on the kings and queens of England. They had a book on clouds. They had a book on Chinese zodiacs. They had a book on...")
7. She recalls the Encyclopedia Britannica as a significant part of her childhood home environment. (Verbatim: "It was! It was! It was! Yeah! Yeah, yeah, yeah! It was this heckin' fancy looking thing!")
8. She associates her childhood with a deep fascination for books and learning, which served as a substitute for modern internet research. (Verbatim: "It was like, yeah, it was old, I guess that's what people used for Wikipedia before Wikipedia existed")
9. She identifies as being from the South of the UK, though she refuses to disclose the exact location. (Verbatim: "I can tell you I'm from the South.")
10. She struggles with certain English pronunciation, particularly words containing the "r" sound, such as "elephant" and "aerodynamics." (Verbatim: "That word is a struggle, that word is a struggle.") [end of text]



1. She has a strong interest in science and participated in science summer camps during her childhood. (Verbatim: "yeah I was at like some summer camp like a science science summer camp so yeah we were like investigating the effects of like certain drugs on a heart")
2. She once accidentally overdosed a guinea pig's heart during a science experiment, though the heart was already separated from the body. (Verbatim: "I might have I mean the heart was pumping but I broke it yeah I broke it I broke it maybe I needed it summer camp")
3. She has participated in math competitions and was involved in math-related academic activities. (Verbatim: "I had to do a lot of math competitions I don't remember them very well but this is three this is two this is three")
4. She has experience with falconry, specifically working with owls, and found it challenging due to her lack of assertiveness. (Verbatim: "i was told i i like um a lot of assertiveness um when i used to do um what's it called falconry")
5. She finds owls to be intellectually simple, comparing their brains to a "heckin pebble" and noting they primarily think about food. (Verbatim: "an owl brain is smooth and small like like it is tiny like we're talking like a heckin pebble okay")
6. She has prepared food for animals by removing yolk sacs from dead chicks, describing the process as squeezing "toothpaste out of a tube" from the bird's anus. (Verbatim: "you basically it's like squeezing toothpaste out of a tube but out of the but like pushing it out of the the butt")
7. She has a British accent and humorously references it when joking about being a "thief" or having a machete. (Verbatim: "i'm sorry i'm a thief i'm british okay it's going in my riz museum")
8. She has a self-deprecating sense of humor about her social awkwardness and lack of popularity during childhood. (Verbatim: "I wasn't a very cool child I'm still not a very cool adult")
9. She once tutored children in mathematics and was asked if she had a boyfriend, which she responded to honestly. (Verbatim: "do you have a boyfriend and I'd be like girl I ain't even got friends")
10. She expresses excitement about the future release of 3D models for her VTuber avatar and looks forward to showing off her animated stream poses. (Verbatim: "i am so excited for when i get 3d and you guys get to see all the dumb dumb poses that i do when i stream") [end of text]



1. She has a strong fondness for cute anime girls and considers them her weakness. (Verbatim: "cute vtuber girls um i can't resist cute vtuber girls okay okay i can't resist cute vtuber girls are my weakness")
2. She experiences "cuteness aggression" and becomes intensely excited when seeing something very cute. (Verbatim: "i just get really really really hicking excited when i'm like i just i just can't cope how am i supposed to cope")
3. She enjoys playing puzzle strategy games, particularly Minesweeper, and has a notable history with them. (Verbatim: "Honestly Minesweeper is so much easier when you can actually click on things")
4. She has a recurring habit of saying she needs to "touch grass" after long streams, indicating it's a personal ritual. (Verbatim: "I don't wanna but I must the grass needs touching")
5. She finds Minesweeper extremely satisfying when successfully completed. (Verbatim: "Honestly is there anything more satisfying then unlocking a big chunk of minesweeper like cleared area")
6. She has a playful, self-aware attitude about her poor Minesweeper skills despite claiming to have "pro gaming skills." (Verbatim: "I've done nothing but pro gaming skills here now")
7. She is open to doing content involving eating bugs, showing willingness to participate in extreme or unusual challenges. (Verbatim: "anything for you guys yeah i'm not a goose what do you mean do geese eat bugs")
8. She has a preference for crunchy bacon over chewy bacon. (Verbatim: "do i prefer my bacon chewy or crunchy i prefer crunch tea yeah but i don't want to risk it")
9. She has a habit of making exaggerated, dramatic reactions to small victories or moments, such as completing Minesweeper. (Verbatim: "Oh my gosh oh my gosh oh my gosh oh my gosh oh my gosh oh my gosh oh my gosh oh my gosh It's happening it's happening it's happening it's happening")
10. She dislikes saying "bye-byes" and finds them emotionally difficult, preferring to avoid them. (Verbatim: "It's not a bye-bye because I really, really don't like bye-byes. Bye-byes really, really, really, really, really, really suck.") [end of text]



1. She dislikes saying "bye-byes" and finds them unpleasant. (Verbatim: "It's not a bye-bye because I really, really don't like bye-byes.")
2. She prefers saying "see you later" instead of "bye-bye." (Verbatim: "So, if possible, I would like to very selfishly request that it be a see you later if that's alright.")
3. She values the freedom of choice in interactions and does not want to force anyone. (Verbatim: "I can't force you, I'll never force anyone.")
4. Her primary goal during streams is to make viewers happy. (Verbatim: "I'm just here to try and make y'all happy.")
5. She does not want to make anyone unsmile. (Verbatim: "I would never want to make anyone unsmile?")
6. She finds expressing emotions through words challenging. (Verbatim: "Words are hard.")
7. She expresses gratitude frequently and sincerely. (Verbatim: "Thank you, thank you, thank you, thank you...")
8. She emphasizes the positive and uplifting nature of her streams. (Verbatim: "I'm here to try and make you guys smile.")
9. She values connection and hopes viewers have a good day regardless of time zone. (Verbatim: "I hope that whatever you're up to today, that you have an absolutely wonderful morning, afternoon, evening, good night, wherever you are.")
10. She acknowledges that not everyone will like her, and that is acceptable to her. (Verbatim: "If I'm not to your liking or to your taste, then that's okay. That is okay.") [end of text]



1. She is 50,000 years old and from England. (Verbatim: "I'm 50,000 years old and I'm from England.")
2. She has a strong skincare routine that helps maintain her appearance despite her age. (Verbatim: "I have a really good skincare routine, yeah, it's, oh, fun fact, fun fact, you know what ages you the fastest...")
3. She identifies stress as one of the biggest factors in aging. (Verbatim: "stress is apparently the, one of the biggest aging factors...")
4. She uses "premium grade copium" and "Delulu juice" as a metaphorical anti-aging remedy. (Verbatim: "my favorite anti-aging medicine, which is, it is what it is. Premium grade copium.")
5. She experienced a high level of stress during her bachelor's degree due to overworking, family issues, and financial hardship. (Verbatim: "during my bachelor's degree, when I was overworking myself and going through a lot of family stuff...")
6. She once made a nurse cry by revealing her distress during a routine check-up. (Verbatim: "I made the nurse cry when I told her about my situation...")
7. She was referred to a mental health building by a university nurse after opening up about her struggles. (Verbatim: "she pretty much just yeeted me over to the, to the, um, to the, what'd you call it, mental health building...")
8. She values student care and mental health support when choosing universities. (Verbatim: "student happiness, student care, like, that is definitely, like, a really important thing, for sure...")
9. She researched university options thoroughly, prioritizing student well-being over traditional prestige. (Verbatim: "I did so much research, like, it's funny, my old uni is still contacting me...")
10. She is a self-employed business owner of her persona as an anime girl. (Verbatim: "self-employed business owner, business owner of my business of being an anime girl...") [end of text]



1. She is a British VTuber. (Verbatim: "I'm Elias Alaria, British VTuber.")
2. She has a strong emotional connection to the game Minesweeper, recalling childhood memories of playing it. (Verbatim: "I used to just click and look for the best! I'd be like, 'Dear Iron Jesus, pray for me.'")
3. She was unaware of Minesweeper's rules and mechanics for a long time, suggesting she learned to play informally. (Verbatim: "I didn't know there were rules! I didn't know if there... If there were rules!")
4. She has a mother named Mama Ellia who used to boast about her Minesweeper skills. (Verbatim: "Mama Ellia used to really like, boast about to me, being really good at.")
5. She is afraid of moths. (Verbatim: "I'm kind of scared of moths.")
6. She finds the game Minesweeper challenging and previously struggled with it due to lack of knowledge about its mechanics. (Verbatim: "I didn't realize I had to be extra careful with it.")
7. She enjoys playing Minesweeper, especially when using the number-click-and-hold feature that reveals safe areas. (Verbatim: "That makes it so much easier! Look at that!")
8. She has a playful, self-aware personality, often making jokes about her own mistakes and inexperience. (Verbatim: "I didn't know there was a rule book! I'll be honest, I was very, very, very young.")
9. She has a fondness for brass instruments, particularly the French horn. (Verbatim: "I heckin' love the French horn. It's such a brilliant instrument.")
10. She has a humorous, self-deprecating attitude toward her past gaming habits, referencing a "Dear Iron Jesus" prayer from childhood. (Verbatim: "Dear Iron Jesus, pray for me.") [end of text]



1. She has a traumatic childhood memory involving 50 moths in a small room. (Verbatim: "Flashback to when I was sat in a room, a tiny box room, with 50 moths.")
2. She grew up with limited clothing options, wearing only hand-me-downs from her brother. (Verbatim: "I didn't have many clothes growing up, um, I only had hand-me-downs from my brother because that was most cost-efficient.")
3. She developed a strong preference for cute clothing as a result of not having them as a child. (Verbatim: "I like to get really, really cute clothes, you know, I like to get and have things that I wanted when I was little but couldn't.")
4. She has a British background and identifies with a working-class upbringing. (Verbatim: "I come from a very working class british family on my british side.")
5. She dislikes fake cheese and finds it absurd that it's marketed as a selling point. (Verbatim: "why would i want fake cheese like what in the it's an america why that shouldn't be that's like a it's not a selling point")
6. She is not fond of the taste of maple syrup and typically uses honey instead with her granola. (Verbatim: "I would normally have it with maple syrup but I don't have any maple syrup so my taste buds are british.")
7. She has a strong aversion to mystery meat, particularly ground chicken products. (Verbatim: "you're not having mystery ground chicken meat but yeah it's kind of crazy how like different how different the chicken like is")
8. She has a preference for traditional British foods like beans on toast, fish and chips, and biscuits. (Verbatim: "my diet granola beans on toast beans on potato more beans extra beans bread fish and chips biscuits no yeah yeah no pretty much the british diet's so good so real")
9. She finds the concept of "Lunchly" (a proposed product by MrBeast, Logan Paul, and KSI) cringe and unhealthy. (Verbatim: "it sounds pretty cringe it sounds pretty unhealthy like i'm pretty certain it's got like that prime drink in it and that's really bad")
10. She is aware of the nutritional shortcomings of Prime Drink and views it as a high-sugar, poorly balanced beverage. (Verbatim: "prime like scientifically speaking was like really really like it's more of a just i think i think for me if it was more transparent of like what it was") [end of text]



1. She is a British VTuber. (Verbatim: "hi i'm elias the laria british vtuber not a goose how's it going")
2. She has a strong interest in British regional accents, particularly finding the Liverpool accent difficult to perform. (Verbatim: "it's it's a difficult accent it's i don't like it like they do sound like mud creatures sorry anyone from liverpool")
3. She learned to ride a bike on a secondhand bicycle with faulty brakes and a flat tire. (Verbatim: "the bike that i used was a um bike that my brother's friend's younger brother was throwing away so we took it and it had didn't have working brakes like properly so i fell off it a lot")
4. She is envious of bikes with stabilizers (training wheels). (Verbatim: "I was always always jealous of the kids that had stabilizers I was like damn they got the extra wheels I want the extra wheels")
5. She has a fondness for Japanese convenience store food, particularly egg sandwiches. (Verbatim: "i had egg sandow i went konbini and had egg sandow")
6. She enjoys Japanese convenience store desserts, specifically mentioning a creme brulee-like ice cream. (Verbatim: "oh i also had that creme brulee they have a really nice like creme brulee um ice cream like thing that i really like")
7. She wants to create a vlog series during a road trip across England. (Verbatim: "road trip across england with streaming set up in hotels okay i need to tell you something about english hotels typically typically the internet sucks")
8. She plans to do more than just eat convenience store food during future trips, aiming for a wider variety of meals. (Verbatim: "because apparently i should do more than just go konbini and eat egg sandow all day every day which is what i did last time")
9. She is interested in beyblades and wants to organize a beyblade hacking contest with fans. (Verbatim: "i really want to pay blame i really want to go get some beyblades of somebody and like let it rip like i really want to do a beyblade hacking contest")
10. She enjoys playing Minesweeper and has learned new mechanics through gameplay. (Verbatim: "i've learned so much about mind super actually like i didn't know you could like click and it would do this thing like yeah i'm like learning so much") [end of text]



1. She is half Asian and half British, with her heritage rooted in both Asia and England. (Verbatim: "i'm half asian so i look half asian and like my friends my friends like gaijin yeah i have gaijin friends gaijin gaijin so they're like you know um")
2. She was born in Germany. (Verbatim: "fun fact that i was born i was born in germany though um yeah yeah um")
3. She has a British accent and considers herself British due to being raised in England. (Verbatim: "i'm from england like i was raised in england so i count myself as like british as opposed to like asian because i was raised in england")
4. She finds it difficult to speak Japanese and is not fluent despite taking lessons. (Verbatim: "i'm not very good at speaking japanese i'm pretty awful actually um i've done lessons and stuff but i'm pretty much i'm just like ah so like like you know")
5. She is bad at karaoke and admits her singing is awful. (Verbatim: "i'm really bad at karaoke i'm really bad at karaoke")
6. She is interested in learning to recite Shakespearean works, particularly Macbeth and Hamlet. (Verbatim: "i'm gonna write that down i'm gonna learn how to how to recite macbeth is macbeth where it's like to be or not to be")
7. She studied English literature at college between secondary school and university. (Verbatim: "i did do like english literature for a bit at college so like in between um secondary school and university")
8. She once attended a performance of Macbeth, though she did not fully understand the dialogue. (Verbatim: "i went to see i think it was macbeth we studied mostly it was like macbeth but honestly i don't know what's being said like half the time i don't understand ye olde english")
9. She has a fascination with the historical belief that Shakespeare’s works contained satire aimed at mocking the elite. (Verbatim: "there's a lot of belief that shakespeare's works were like very much satire so actually like basically the kings and the queens would like like the royals and like what you call it like the rich people would like i guess commission commission commission shakespeare or ask shakespeare for plays and shakespeare would try and find a way to mock them without them realizing they're being mocked")
10. She once got lost frequently when visiting Japan and had to message her friend to locate herself. (Verbatim: "the last time i went japan every time i went outside i had to message my friend and be like hey guess who got lost again") [end of text]



1. She holds a bachelor's degree in animal biology. (Verbatim: "my bachelor's was in animal biology")
2. She holds a master's degree in computer science with a focus on AI development. (Verbatim: "my master's was in computer science um specifically on ai like ai development")
3. She identifies as having difficulty with spatial orientation and reading maps. (Verbatim: "i read the map wrong because it had like it had the buildings and then it had the outside but then my brain like inverted it")
4. She struggles with distinguishing left from right. (Verbatim: "i do not know my lefts and rights like give me a map and i suck at reading it")
5. She has a strong interest in animal intelligence and behavioral science. (Verbatim: "there's quite a few like science books that i'd really highly recommend that are like really fun to read um and this one is about like the oh what's it called um i don't want to go all the way to my bookshop's in the other room it's like about measuring animal intelligence")
6. She is trained as an ecological surveyor. (Verbatim: "i'm also trained as a um what they called ecological surveyor so they're like the scientists that you hire to like scope out um land to be like can i build here")
7. She finds grass identification extremely difficult and considers it a personal weakness. (Verbatim: "i genuinely have memory of being in a field on my hands and hands and knees looking at grass with this stupid field guide looking at it being like guys it all looks the same i can't i can't do this")
8. She has a collection of science books, including one on neurological case studies titled *The Man Who Mistook His Wife for a Hat*. (Verbatim: "there's like um oh wait i'd love wait let me write this down there's quite a few science book recommendations um that are genuinely like fascinating reads like so the one that i really that's like not animals but it's more like um neurological science kind of it's like the man who mistook his wife or a hat")
9. She finds the origin stories of pharmaceuticals fascinating. (Verbatim: "there's a really good book on like the origin of a lot of um pharma like um what you call it drugs like the origins of penicillin and stuff i find that fascinating")
10. She admires the dedication of a researcher who spent 20 years in the wilderness studying Siberian tigers. (Verbatim: "there's a really cool one on like tigers that i really liked um about like being out in the wilderness for like 20 for 20 years this guy was like out in the wilderness for 20 years to get like record like um records of this of this um i think it was like the the siberian tiger or something like that") [end of text]



1. She has a strong connection to British culture and finds British social norms, such as weather-based small talk, instinctive. (Verbatim: "we love talking about the weather... we hecking love it")
2. She is familiar with the common misunderstanding among international students where "you're right" is mistaken as a question rather than a greeting. (Verbatim: "if someone says you're right like in passing they're not asking if you're all right")
3. She misses Taco Bell's Chalupa and associates it with her time in America. (Verbatim: "if there's one thing i miss in america i miss my chalupa")
4. She finds American food and beverages, particularly the color blue, to be overly saturated compared to British aesthetics. (Verbatim: "the colors were super saturated like super super saturated")
5. She has a fondness for the flavor "Baja Blast" from Taco Bell, though she is unsure of its actual flavor profile. (Verbatim: "what flavor is baja supposed to be like i don't even know what does baja blast mean")
6. She has experience working as a software developer. (Verbatim: "i've done first second third line support and i've been a software developer")
7. She struggles with technical issues related to streaming software, particularly with "hicking" (likely referring to "hacking" or "streaming setup") and has difficulty getting it to function properly. (Verbatim: "i've done first second third line support and i can't get this thing to hicking work")
8. She has a habit of using puns and playful language, often referring to herself as "yapping" and "sweeping" in a humorous way. (Verbatim: "i'm here to yap i'm here to yap and sweep and do bad puns")
9. She has a personal attachment to the name "Maryland," associating it with cookies due to a brand name, and imagines it as a happy, cookie-filled place. (Verbatim: "we have cookies here that are like the brand is like maryland cookies so i will always always always always picture maryland as the place of cookies")
10. She has a preference for lower-quality video output (240p) over higher-quality versions, finding the lower quality more appropriate for her stream's aesthetic. (Verbatim: "why is it in hacking like one hacking yeah why why are we in like three mega not even three megapix we got 240p here") [end of text]



1. She originally applied to study medicine at university. (Verbatim: "I originally applied for medicine at university because my parents wanted me to be a doctor")
2. She switched from medicine to biochemistry due to lack of interest. (Verbatim: "I went to biochem so I did biochem for a bit and then I was like yo I hate chemistry")
3. She dislikes chemistry because it felt too math-heavy and made her sad. (Verbatim: "chemistry got all mathsy and it made me sad so yeah")
4. She has a brother who is involved in her content, having collaborated with her on an anime discussion. (Verbatim: "my brother knows okay so ellie bro knows... I'm doing a collab with him on we're gonna be talking about anime")
5. Her father watched her stream live and saw her use a deep voice for comedic effect. (Verbatim: "my brother went to show papa ellia my father what I do... the moment that it swapped to was I like to do this joke with chat")
6. Her father never commented on the incident involving her deep voice persona, remaining silent about it. (Verbatim: "my father never said anything never brought it up never spoke about it")
7. She enjoys using voice modulation for comedic effect, particularly switching between deep and high-pitched voices. (Verbatim: "I like to swap voices quite a lot because like it's really fun to give the sort of emotional whiplash")
8. She identifies as an anime fan and has a strong preference for isekai genre. (Verbatim: "I'm a massive sucker for isekai animes")
9. She recently started watching an isekai anime about a woman who dies from overwork and is reincarnated into a fantasy world. (Verbatim: "I picked up it's about it's another isekai because you guys know I'm a sucker for isekais")
10. She finds it emotionally resonant when stories feature characters who are overly work-focused, relating to her own personality. (Verbatim: "for me a lot of people apparently like apparently I'm a bit too nice and I'm just like okay and just let people do whatever") [end of text]



