1. She has a strong preference for burgers and was recently frustrated by receiving a burger with no bottom bun. (Verbatim: "I got my burger, there was no, there was no bottom to my burger, there was just no heckin' bottom, there was no bottom, I was looking for it, I was like, but where's the bottom, where's the bottom of it, where's my heckin' burger?")
2. She identifies as not cute and often compares herself unfavorably to other VTubers, particularly Idy. (Verbatim: "I'm not cute. I wish I was, but I'm not.")
3. She has a deep admiration for another VTuber named Idy, whom she considers extremely cute. (Verbatim: "Idy's haken cuteness incarnated... I wish I wish I was as cute as Idy.")
4. She has a habit of using exaggerated, dramatic language and internet slang like "heckin'" and "bogo" in her speech. (Verbatim: "It's not that heckin' simple, it's not that simple!")
5. She has a recurring theme of self-deprecation and humor around her perceived lack of cuteness. (Verbatim: "I'm a heckin' sad, moldy potato in comparison to all the cuteness out there, okay?")
6. She references a dream in which she was told she was not cute and never would be. (Verbatim: "I remember in my was it in a dream long long ago I was always told I wasn't cute and that I was nowhere near as cute as she is and I will never be so")
7. She has a strong emotional connection to her audience, stating they help her mental health. (Verbatim: "I spent forever trying to put into words just how amazing you are and how much I care for you and how much you genuinely help my mental health but I couldn't so I flirted")
8. She has a playful, self-aware sense of humor about her own persona and online presence. (Verbatim: "You'll have to take it up with Elias Delaria's manager. Which is me.")
9. She refers to herself as the "queen" or "empress" in a joking manner, indicating she acknowledges the audience's playful teasing. (Verbatim: "You guys said you wanted me to be queen or something or empress or whatever.")
10. She has a habit of using puns and wordplay related to food, especially burgers. (Verbatim: "Top bun, bottom bun, top bun, bottom bun. Bum? Bun!") [end of text]



1. She is deeply influenced by the anime *Hunter x Hunter*, which she has rewatched at least five times and plans to rewatch again. (Verbatim: "i love hunter hunter so much hunter hunter is an anime i've rewatched at least five times and i kind of want to watch it a sixth time again")
2. Her first anime, excluding childhood ones like *Cardcaptor Sakura* and *Dragon Ball Z*, was *Bleach*. (Verbatim: "well what was my first anime i can answer that real quick it was mine was also bleach if you exclude childhood ones like cardcaptice sakura and dragon ball zed")
3. She has a strong emotional connection to her community, expressing deep gratitude and pride in their journey and accomplishments. (Verbatim: "i'm so heckin proud of you you've given so many people a reason to smile made so many vendors and put so much into growing your channel and community")
4. She identifies strongly with her VTuber persona, stating she is "pretty good at being elia because it is just me." (Verbatim: "i am elia and that i'm pretty good at being elia because it is just me")
5. She values authenticity and honesty, often emphasizing her straight-up, unfiltered communication style. (Verbatim: "i'll straight up be heckin straight up with you okay okay okay")
6. She has a fondness for maid cafe culture and expresses a desire to work in a maid cafe, despite feeling cringe about it. (Verbatim: "yo i wish i could be a maid i would love a maid cafe job")
7. She has a playful, self-aware relationship with her community's inside jokes, including being referred to as a "goose" and the "kami oshie." (Verbatim: "we are 50k sunanas we can make a country with that right hello happy 50k subs in youtube")
8. She acknowledges the emotional weight of being a public figure and expresses empathy for her viewers' struggles, even when she cannot physically comfort them. (Verbatim: "i can't hug and you might not want the personal contact so i will give you the best that i can alternative i can provide")
9. She has a deep appreciation for fan art and gifts, stating they bring her "heckin ton a super super super super ton of joy." (Verbatim: "i love all the art you make and all the gifts and all the little things like it brings me a heckin ton a super super super super ton of joy always")
10. She has a strong connection to the number 50,000, viewing it as a significant milestone that represents collective effort and growth. (Verbatim: "congratulations on 50k subs congrats for the big milestone well you're an amazing me amazing") [end of text]



1. She has a strong connection to the anime Cardcaptor Sakura, Dragon Ball Z, and Pokémon from her childhood. (Verbatim: "childhood ones like cardcaptice sakura and dragon ball zed and pokemon gotta catch em that's all true")
2. She views herself as a reflection of the positive energy and light given to her by her community. (Verbatim: "i'm not the light i'm not a light i just reflect the light that you guys give me")
3. She feels inspired and motivated by her fans, who have been a positive influence in her life. (Verbatim: "you've been one of the few positive influences on me giving me hope of a kind-hearted goose well yeah like yourself exists so this world can't be all that bad as you used to think")
4. She has a deep appreciation for cringe content and finds it enjoyable. (Verbatim: "cringe runs through my veins i love cringe cringe is delicious")
5. She has a fondness for tea, often starting her day with a cup. (Verbatim: "ah starting with a cup of tea is that tea in that cup i sure hope that's a cup of tea in that cup")
6. She has a personal profile picture featuring a teacup, which she associates with her identity. (Verbatim: "i decided to just draw a starting with a teacup for my usual youtube profile picture")
7. She has a sentimental attachment to a physical bin that was given to her during a community event. (Verbatim: "along with the banana republic and gave me the bin which i kept to this very day")
8. She has a history of drawing, which she resumed during the pandemic after a long break. (Verbatim: "i haven't drawn for years and was honestly gonna give up on drawing for good")
9. She began creating digital art after being inspired by community interactions and a specific NSFW tag request. (Verbatim: "seeing how nobody wants to commit to it i took over it myself and drew my first ever tentacle")
10. She has a self-deprecating view of her own kindness, questioning whether she truly possesses it. (Verbatim: "i don't know if i'm particularly kind-hearted i am elia yeah i don't know what kind of heart i have") [end of text]



1. She is a VTuber who reached 50,000 subscribers. (Verbatim: "congratulations on hitting another major milestone your subscriber count is nearly the amount of inhabitants in the country i come from")
2. She has been streaming for just under a year. (Verbatim: "how much you've grown since you started your journey a little under a year ago")
3. She is known for her emotional reactions and has cried during streams. (Verbatim: "i didn't want to cry on stream so i did i did my crying earlier")
4. She avoids crying on stream because people can be mean about it and was raised not to cry in public. (Verbatim: "people don't like when i cry on stream so so i try to avoid it because because people can be mean about it and also i was raised to not cry in public")
5. She has a habit of drawing Elia under a blanket. (Verbatim: "i drew an elia under a blankie blankie i suppose it's just the image that popped into my mind")
6. She finds it difficult to express emotions verbally. (Verbatim: "i'm not good with emotions and i just second squeal and slap my poor chair")
7. She is self-aware of being awkward and cringe. (Verbatim: "i'm like the deaf and i'm the definition of awkward awkward incarnated awkward with cringe through my veins")
8. She has a strong connection with her community and values their support. (Verbatim: "i'm so glad you feel safe honestly that is that is what i want people to feel like")
9. She has been inspired by her community to keep going through difficult times. (Verbatim: "you help me get my mind off things and take a break from my studies and you foster the only community where i feel completely")
10. She has a fondness for the "cheek poke" gesture. (Verbatim: "a cheek poke does help") [end of text]



1. She has a pre-debut stream that was considered a mini debut. (Verbatim: "my mini debut stream when i when i was pre-debut")
2. She struggled with self-doubt and anxiety on a daily basis. (Verbatim: "i doubt myself every day all the time every second um yeah i'm just a bundle of doubt and anxiety rocking through life yippee")
3. She has been influenced by her community to pursue a career as a teacher. (Verbatim: "when i was questioning whether to quit my job and go back to school you told me i could do it now i'm pursuing my dream of becoming a teacher")
4. She is working toward becoming a teacher. (Verbatim: "now i'm pursuing my dream of becoming a teacher")
5. She feels that her community has already paid her back simply by being supportive and present. (Verbatim: "you've already paid me back don't worry about paying me back too")
6. She is excited about a future "goose outfit" that she will receive. (Verbatim: "i'm actually quite excited for the goose outfit not because i'm a goose or anything but it's it's gonna yeah")
7. She has a second outfit in development that she will receive upon evolving. (Verbatim: "i'm gonna evolve when i get my second outfit")
8. She is known by the nickname "Silly Goose" within her community. (Verbatim: "congratulations silly goose oh what silly goose what you about")
9. She is associated with the term "Goosellia Stellaria" as a fan-created name. (Verbatim: "congrats on 50k goosellia stellaria who the heck is goosellia stellaria")
10. She has a strong emotional connection to her community, describing them as essential to her motivation and well-being. (Verbatim: "you guys have made it all heckin amazing wow back to look look or love look or look or look or look or look or look or look or look or look or look or love") [end of text]



1. She has been on her VTuber journey for about 20 years. (Verbatim: "I've been on this journey for a good 20 years soon and it feels goddamn nice to have some camaraderie along the way")
2. She was inspired by a YouTuber she deeply admired who disappeared from existence. (Verbatim: "when the first youtuber that i ever really watched popped out of existence she was very much like you")
3. She has a strong emotional connection to the idea of being kind and making people happy. (Verbatim: "i just want to make people happy i just want to be an anime girl that makes people smile")
4. She dislikes drama and anything resembling high school playground negativity. (Verbatim: "i don't like drama and i don't like like you know i don't like anything that feels like i don't know a heck in high school playground or anything like that")
5. She identifies as a flawed, broken, and anxious person. (Verbatim: "i'm a flawed broken anxious punk to say the least")
6. She was repeatedly told growing up that she was nothing special and would never achieve anything spectacular. (Verbatim: "one of the things i was always always always told growing up and was always reminded of like pretty much every day was that i'm nothing special and i'll never achieve anything spectacular etc etc")
7. She has a simple goal: to make people happy and be kind. (Verbatim: "i just want to make people happy that's it there's no i don't think i'm a complicated person")
8. She is learning to use Photoshop despite not being good at drawing. (Verbatim: "i am not too good at drawing but i am learning to use photoshop so here you go")
9. She has made two trips to Japan. (Verbatim: "as of yesterday a shock bread yeah sucking in there sucking i drew the above as it amuses me i hope you like it i love it i also wrote this it's creative writing i put off for maybe six months because brain worms feel free to read at your leisure but perhaps not right when you're reading the pad that yeah yeah yeah i won't read this on stream but it'll be my thing to read off yeah yeah yeah i want you to remember that yes while i could be anywhere else when you're streaming the place i choose to be is right here with you that's why i mean so much like like that's what i meant but i just i just appreciate just any like the fact that there's heckin time spent here and that means even you lurkers and i can just all of you just taken like here with me you're a kind soul genuine funny sometimes cheeky and overall a great person to be around you give so much to us we want to give back to you may this be an endless cycle of generosity that lifts us all into the stars")
10. She values authenticity and being herself over appearing wise or perfect. (Verbatim: "i don't like to joke about how wise i am but i don't think i'm that wise i think i'm just me") [end of text]



1. She is a VTuber who has reached 50,000 subscribers. (Verbatim: "congrats on hitting 50k subs this is an accomplishment you should feel proud of")
2. She struggles with self-perception and doubts her own uniqueness. (Verbatim: "i don't know if i am one of a kind i'm ellia")
3. She has been active as a VTuber for at least one year. (Verbatim: "it feels like it was just a few months ago that you debuted")
4. She is learning to use Photoshop. (Verbatim: "i am learning to use photoshop so here you go")
5. She is bad at drawing. (Verbatim: "i'm not too good at drawing but i am learning to use photoshop so here you go")
6. She is known for her positive attitude and uplifting presence. (Verbatim: "you always do your best to be positive watching you is always a joy")
7. She values being seen as a unique individual despite the crowded VTuber landscape. (Verbatim: "in this kind of like industry i don't know to hear that i'm like one of a kind really really does mean a lot")
8. She receives heartfelt messages from fans through a fan Discord. (Verbatim: "it's organized through the discord the fan discord and yeah thank you so much")
9. She appreciates fan-created content such as messages and secret codes. (Verbatim: "i love the heckin secret message i should have spotted it")
10. She is inspired by her fans and feels supported by them. (Verbatim: "i'll be here to support you through your journey as you reach new milestones and we'll all be here to make you smile") [end of text]



1. She has a strong emotional connection with her fans, who have helped her through difficult times. (Verbatim: "before I met you I was in a really dark place in my life and I was close to doing something irreparable to my own life had I not stumbled upon you randomly while I was crying in bed")
2. She believes in the value of self-compassion and encourages others to be kind to themselves. (Verbatim: "you should just make sure you appreciate anything you do... even just being here at all or anything at all")
3. She views herself as a "heckin punk" and embraces imperfection. (Verbatim: "we're all crappy we can all be crappy together okay no human is good we're all a bunch of punks and we all suck let's all suck together")
4. She has a deep appreciation for her community, referring to them as "the best" and expressing gratitude for their support. (Verbatim: "you guys are the best you you we are")
5. She has experienced significant mental health struggles in the past, including suicidal thoughts. (Verbatim: "I was close to doing something irreparable to my own life")
6. She values authenticity and vulnerability, often sharing personal emotional states. (Verbatim: "I'm very anxious mess and only have doubts for myself")
7. She finds joy in collaborative streams and values interactions with her community. (Verbatim: "I love this dream I loved it too I like collabs too")
8. She has a habit of treating herself as a form of self-care, such as going on a "twip" (likely a typo for "trip"). (Verbatim: "I did a big treat to you know I'm going on this twip that's a big treat")
9. She is deeply moved by fan messages and has been impacted by the emotional support she receives. (Verbatim: "I hope I hope you're in a brighter place now okay thank you for being here")
10. She has reached major milestones on her channel, including hitting 50k subscribers. (Verbatim: "congrats on hitting 50k there's a lot I want to tell you but I'll keep it short") [end of text]



1. She hosts streams that can last up to four hours. (Verbatim: "it's been almost four hours so yippee")  
2. She occasionally misses scheduled streams due to scheduling conflicts. (Verbatim: "i may not see you then um if not keep an eye out for a schedule okay okay")  
3. She values her relationship with her audience and promises to work hard for them. (Verbatim: "i promise i'll always always always work hard for you guys okay")  
4. She has a scheduled stream on Sundays, though she is uncertain about her availability. (Verbatim: "i need to double check i can even make the sunday stream")  
5. She participates in collaborative events, such as a Stardew Valley collaboration. (Verbatim: "the stardew collab this weekend is actually moved to next week")  
6. The Stardew Valley collaboration was rescheduled to the following Wednesday. (Verbatim: "that one's moved to next week... next wednesday i believe or something like that")  
7. She acknowledges and appreciates her audience's kindness and support. (Verbatim: "thank you so much for chatting with me today it was really fun i've missed chatting with you guys a")  
8. She expresses emotional vulnerability, referring to herself as "flawed" and embracing imperfection. (Verbatim: "let's be flawed and and heckin yeah yeah yeah yeah yeah")  
9. She uses a playful, affectionate farewell phrase: "bye-ski bye-ski bye-ski". (Verbatim: "bye-ski bye-ski bye-ski and a")  
10. She views her streams as a space for emotional connection and shared melancholy. (Verbatim: "keep your frown you can be fr you can be sad here we're just gonna have a heckin sad party") [end of text]



1. She plays Minecraft frequently and considers herself the most well-known Minecraft streamer in the "heckin universe." (Verbatim: "elias plays minecraft um obviously i'm the most well-known minecraft streamer in the heckin universe")
2. She owns a Minecraft server that she pays for but rarely uses. (Verbatim: "that's why i pay for a server that i never heckin use")
3. She drinks "anime girl thighs" as a beverage, which she mentions is due to having no other drinks available besides water. (Verbatim: "i'm drinking anime girl thighs if you was wondering yippee")
4. She has a strong preference for the word "say so" and uses it frequently, even incorporating it into her stream identity. (Verbatim: "i'm say so 100 percent say so 100 okay say so if you say so")
5. She references "arigato" and "kamioshi" as part of her stream language, indicating cultural or linguistic preferences. (Verbatim: "arigato arigato arigato and you know arigato arigato hello yes please collar me")
6. She humorously refers to herself as a "bad influence" regarding viewers' sleep patterns. (Verbatim: "i've probably been an awful influence regarding people's sleeping patterns")
7. She expresses self-deprecating humor about her appearance, claiming she doesn't believe she's cute despite others saying so. (Verbatim: "i dread the day you drop those from your face but but i but arigato arigato arigato and you know arigato arigato hello yes please collar me")
8. She has a recurring theme of being "colonized" by her audience, using playful and suggestive language around submission and control. (Verbatim: "why do you think i love to be colonized by you after every story who am i colonizing")
9. She has a habit of reminding herself to do laundry, indicating it's a recurring personal task she struggles with. (Verbatim: "i need to remind me to do laundry at the end of this stream")
10. She jokingly offers a "laundry stream" and sets conditions for a roommate: be nice to her and do her laundry. (Verbatim: "my standards are be nice to me and do my laundry") [end of text]



1. She is British. (Verbatim: "oh yeah british british i am british hi sorry i have to find out this way i am i'm british")
2. She attended a Catholic school as a child. (Verbatim: "you know nana elia made me go to um go to church all the time and when i was a kid like i don't know still in primary school and stuff")
3. Her first public speaking experience was reading at a church mass. (Verbatim: "my first ever attempt at speaking like public speaking was um so as you guys know i was made to go to a catholic school")
4. She studied her church reading material over 100 times to avoid mistakes. (Verbatim: "i read it like at least like i don't know a hundred times to make sure i knew every single word so i wouldn't mess it up")
5. She became nervous during public speaking and spoke very quickly. (Verbatim: "i was nervous so i i i went fast i embraced my inner sonic the hedgehog")
6. She has a strong family connection to Ireland through her English side. (Verbatim: "my english side do descend from ireland so probably related to that probably probably so")
7. Her grandmother (Nana Elia) disapproved of her joining the Girl Guides due to its ties to the Church of England. (Verbatim: "she was so mad that i became a girl guide or girl scout or whatever it's called because like brownies and girl scouts slash guides are like technically under the church of england")
8. She earned a "Help Old People" badge in her Girl Guide years. (Verbatim: "i was showing her my i help old people badge that i just earned")
9. She has a close relationship with her grandmother, who is critical of modern media and technology. (Verbatim: "nana ellie is a pro hater she is she is and i dread the day she decides to turn to turn my picture around")
10. She created VTubing as a way to redeem herself in her family's eyes. (Verbatim: "i redeemed myself by inventing vtubing that is so true") [end of text]



1. She learned honesty and direct communication from her grandmother, Nana Elia. (Verbatim: "it all comes from nana elia so oh lord she yapping again")
2. Her grandmother, Nana Elia, is known for being very fussy and particular about gifts. (Verbatim: "she's very fussy okay like things i worry about is yeah she's very easy to what you call it")
3. She has a strong emotional connection to her grandmother, Nana Elia, and visits her as often as possible. (Verbatim: "i'll try and visit my nan as much as possible but it's not always possible so you know")
4. Her grandmother, Nana Elia, is the source of her family's tradition of turning photos face down when angry. (Verbatim: "if she's done that to your photo she mad at you she's heckin mad at you")
5. She has a deep affection for the Legend of Zelda game series, with Ocarina of Time being her favorite. (Verbatim: "my favorite's ocarina of time ocarina of time is my favorite")
6. She is a dedicated gamer and owns a large Nintendo collection inherited from her parents. (Verbatim: "i've always had nintendo games in my life because my parents have such an incredible nintendo collection")
7. She is excited about the upcoming Elden Ring DLC and has preordered the collector's edition. (Verbatim: "i bought the elden ring dlc collector's edition including figurine but that won't arrive until june")
8. She sends flowers to her grandmother regularly, who often cries upon receiving them. (Verbatim: "usually when nana elia receives flowers from me she she have pee cries")
9. Her grandmother has a sensitive stomach and cannot eat chocolates, making flowers a preferred gift. (Verbatim: "i can't send her chocolates and stuff though because her stomach is very sensitive")
10. She values direct communication and rejects social "games" like delayed replies to messages. (Verbatim: "i don't play i don't play um communication games or anything of that sort") [end of text]



1. She has a fictional father named "Papa Elia" who is overprotective and part of a motorcycle gang. (Verbatim: "my dad was a motorcycle punk like a genuine like you know again tattooed again motorcycle gang whatnot like")
2. Her mother, "Mama Elia," did not continue her education beyond school. (Verbatim: "mama elia didn't go further with school i believe")
3. She was raised in a highly sheltered environment, with strict restrictions on going outside. (Verbatim: "i was basically not allowed outside")
4. Her parents were both described as "menaces" and not good students. (Verbatim: "both my parents were were both like menaces like like what is it both well papa elia got expelled from school")
5. She identifies as having a high level of academic intelligence, though she believes others may be more intelligent in different ways. (Verbatim: "i just have i just i'm very very very very very very fortunate that i my form of intelligence matches the measured form of intelligence")
6. She has difficulty with spatial navigation and frequently gets lost, even in familiar places. (Verbatim: "can i get smarter at directions i got lost earlier")
7. She is responsible for helping her siblings navigate and find their way when they get lost. (Verbatim: "there have been times where i've had to go get ellie bro because ellie bro got lost")
8. She is proficient with number pads due to past data entry work. (Verbatim: "i did data entry for a bit and then i developed super super super skills")
9. She does not answer her phone frequently and often ignores calls, even from family. (Verbatim: "none of us answer our phones we see a ring and we're like bleh bleh bleh nah nah nah")
10. She has a strong aversion to phone calls and often checks unknown numbers quickly via search. (Verbatim: "i always have to like you know i just gotta super speed google it") [end of text]



1. She has a varied professional background in IT and data science. (Verbatim: "I get a lot of that oh yeah and because of my like experience is quite like varied i also get stuff for like data like data science")
2. She was trained as a data scientist. (Verbatim: "I'm trained as a data scientist so like you know those kind of roles")
3. She previously pursued a PhD in AI but dropped out. (Verbatim: "as you guys know i was supposed to do a phd and then i dropped it because i was like hee hee ha ha time to be anime girl")
4. Her PhD was fully funded. (Verbatim: "it was fully funded as well um because because it's ai so you know that kind of stuff")
5. She declined a second PhD opportunity due to her commitment to being a VTuber. (Verbatim: "they were like hey like there's another phd opening up i know it's been like you know a bit since you know but but you know did you change your mind like would you fancy doing a phd again")
6. She values passion over obligation in her work. (Verbatim: "i do it because i love it so much you know um just tell us where you do the phd and we'd see all the time oh that sounds so much fun let me just dox myself")
7. She worked as a developer in the UK. (Verbatim: "yeah it's in england england engarland engarland")
8. She previously worked in a job that required her to be highly skilled and difficult to replace. (Verbatim: "there was one job i worked which was like it support and because of how much i did or i don't i can know but they basically needed me")
9. She refused to stay in a job despite being offered multiple raises. (Verbatim: "i was like you can't just keep trying to buy me to stay here i'm heckin going like i don't i don't like it i don't i'm not heckin passionate about")
10. She is passionate about her VTuber career and dedicates all her time and effort to it. (Verbatim: "i put literally as you guys know i put everything into into this into this job this job this this vtubing stuff i do spend like all my time and all my effort and all my passion and i love it") [end of text]



1. She has a history of being anemic and struggles with consistently taking her iron supplements. (Verbatim: "for those wondering i am very very very anemic and yet i always forget to take my iron because i have the stupid and i don't like taking it because it tastes like metal")
2. She finds iron supplements unpleasant due to their metallic taste and difficulty in swallowing. (Verbatim: "it doesn't go down the throat very nicely and they don't sugarcoat it and it sucks")
3. She has a habit of forgetting to take her iron, indicating a recurring issue with medication adherence. (Verbatim: "i always forget to take my iron because i have the stupid")
4. She is aware of her inconsistent vocal delivery and worries about it affecting her audience. (Verbatim: "sometimes i do worry that like because i'm not consistent in my voice that like people may not like the fact that like um that it's not it's not consistent")
5. She uses multiple distinct vocal styles, including a "ep voice" and a "heckin yeah" tone, which she acknowledges as varied. (Verbatim: "sometimes you're gonna get the ep voice and sometimes you're gonna get this heckin yeah")
6. She values emotional connection and authenticity in her interactions, often emphasizing sincerity in her voice and expressions. (Verbatim: "i do love using this voice when we believe in each other and our friendship and the heart of the cards")
7. She has a strong emotional bond with her editor team, expressing deep gratitude and affection for their work. (Verbatim: "my editor team is so so so good to me yeah yeah yeah yeah so thank you i should be thanking you for going into video editing")
8. She has reached 50,000 subscribers, a milestone she reflects on with gratitude and emotional weight. (Verbatim: "congratulations on 50k subs eddie you've brought all of us so much joy and laughter")
9. She has a playful, self-aware relationship with her fans' expectations, particularly around her feet and thighs. (Verbatim: "i'm not here only for feet or thighs pants well maybe but i think that's not it")
10. She has a recurring habit of referencing "bananas" as a symbol of her community and identity. (Verbatim: "thank you for always standing up for the bananas") [end of text]



1. She has a dream to make people happy and create a welcoming space for those who feel lonely. (Verbatim: "my dream is to make people happy and try and make as many people happy as i can")
2. She identifies with a past version of herself who felt sad, isolated, and longing to belong. (Verbatim: "think back to little ellie that was all sad in her little room all by herself all lonely")
3. She created her VTuber persona as a way to be the kind of supportive presence she wished existed for her younger self. (Verbatim: "now that i'm no longer little ellie i want to make that place for anyone that is currently like little ellie")
4. She values a space that is accepting and non-toxic, where people can be sad without judgment. (Verbatim: "a place where we can just be... we can have our sad days and stuff and like even if you're feeling like sad you know you're still welcome here")
5. She acknowledges that she is not edgy or cool, but rather "cringe," and embraces her authentic, unfiltered self. (Verbatim: "i'm not edgy i'm just straight up cringe so you know um if you're looking for someone cool i'm sorry you're on you found this cringe place it's me haha")
6. She has a fictional alternate persona called "Edgelord Stellaria" that she jokingly references. (Verbatim: "edgelord stellaria when does edgelord stellaria debut hehehe")
7. She has a strong emotional connection to her fan community, describing them as essential to her journey. (Verbatim: "you make us smile and laugh so much our cheeks hurt in the best way")
8. She has been active as a VTuber for nearly one year since her pre-debut period. (Verbatim: "it's also been almost exactly one year since you started as elia during your pre-debut period")
9. She received her first commissioned artwork during her pre-debut phase, which was based on a rough sketch. (Verbatim: "the art i included with my submission is actually the very first art of your commission right after seeing your mini debut back then")
10. She is planning a trip to California, though she does not wish to disclose the exact location. (Verbatim: "i'm going to california... i would rather not dox exactly where i'm going i'll be honest") [end of text]



1. She has been a VTuber for a significant period, with her streams being a consistent part of fans' daily lives. (Verbatim: "your streams have been such a big part of my day and it helped me with all the stress my education provides")
2. She values kindness and believes in its power despite challenges. (Verbatim: "i've always been told... that i'm extremely stupid for just stubbornly hoping people will be kind")
3. She has a strong belief in maintaining a kind and caring community, which she sees as central to her identity. (Verbatim: "i still want to be kind i feel like i don't know for me it just feels like there's never there's there's just not enough kindness in the world")
4. She does not hold grudges or negative feelings toward people who have wronged her. (Verbatim: "i don't have one because that would be harboring grudges and negative feelings and i just cannot be bothered with that")
5. She wishes well for people who have been unkind, believing they may be suffering internally. (Verbatim: "i just wish them happiness because i feel like the people that are mean are usually the people that need kindness the most")
6. She has a pre-debut model that she occasionally revisits for nostalgic purposes. (Verbatim: "oh my goodness wait should we should we whack out heckin pre-debut ellie for a second")
7. She created and maintains a community server for other VTubers. (Verbatim: "organizing great events making servers server for other vtubers releasing fantastic covers")
8. She is known for her dedication and consistent presence in her streams. (Verbatim: "i've always made an effort to constantly be here for as long as i camp")
9. She is recognized for her supportive and comforting presence, which fans describe as warm and soothing. (Verbatim: "your presence as warm caring comforting and soothing")
10. She has released original music covers, which are considered "fantastic" by her community. (Verbatim: "releasing fantastic covers and those are just a small part of it") [end of text]



