1. She is British. (Verbatim: "I am British, I am.")
2. She attended university in the UK and procrastinated a math exam by playing RuneScape. (Verbatim: "I procrastinated a maths exam once at uni by farming cows on runescape for like all night and then I overslept and missed my eggs worth every cow.")
3. She has experience with academic paths and considered becoming a professor but found the process too difficult, especially in England. (Verbatim: "If I was going to pursue academics, I wouldn't have been a researcher. I'd have been aiming to be a professor, but my goodness, it's so difficult to become a professor.")
4. She once missed an exam, but it had minimal impact on her overall grade. (Verbatim: "missed an exam i mean it was okay it was fine because like technically all i had to do that exam was so minimal in terms of its value...")
5. She has knowledge of AI topics, particularly convolutional neural networks, and wants to create educational content about them. (Verbatim: "this is an introduction to convolutional neural networks for anyone to understand we're we're gonna you know do my best to explain it...")
6. She finds it difficult to multitask when not fully awake. (Verbatim: "i can normally multitask but i'm just not multitasking this morning yeah i am half awake.")
7. She has a long neck, which she mentions self-deprecatingly. (Verbatim: "mine, my neck is very long, they say long neck is good, right, I have no idea for chatting.")
8. She once had a dream about collaborating with another VTuber named Nurosama. (Verbatim: "Yo, I had a dream. In my dream, I collabed with Nurosama.")
9. She expresses a desire to continue creating educational content if the audience enjoys it. (Verbatim: "i'm willing to continue this this series okay if people enjoy this pilot episode okay so yeah a pilot episode.")
10. She dislikes maps. (Verbatim: "don't worry i got you i hate maps i'm sorry.") [end of text]



1. She holds a master's degree and developed a convolutional neural network for her thesis. (Verbatim: "so yeah my my master's degree my thesis was um developing a convolutional neural network")

2. She was the valedictorian of her master's program, which surprised her. (Verbatim: "i was valedictorian somehow i st i'm still shocked by that to be honest")

3. Her master's thesis research was funded and intended to be continued into a PhD program. (Verbatim: "my thesis did you know get like the work of it got funded to be continued")

4. She declined pursuing a PhD in mathematics because she dislikes math and did not want to be financially unstable for four more years. (Verbatim: "i hate maths so hate you much... i just didn't have enough passion to do that for four more years i still didn't want to be hungry and poor for four more years")

5. She describes herself as clumsy when it comes to mathematics despite acknowledging its beauty. (Verbatim: "maths is beautiful it is it is i'm just too clumsy that it hurts")

6. She strongly dislikes calculus 3 and would rather do extreme things than retake it. (Verbatim: "i'd rather eat a bus tire than go back to calc 3")

7. She has difficulty remembering faces and reading facial expressions, indicating a minor processing issue. (Verbatim: "i can't remember faces but like a more major and um difficult part would be people that can't process it at all... i can read facial expressions not very well")

8. She experienced imposter syndrome regarding her academic credentials. (Verbatim: "whenever it came to this kind of like stuff it's definitely something that i feel imposter syndrome with")

9. She studied advanced statistics during her academic career. (Verbatim: "there's literally this one book like you know the big hiking books on like advanced statistics okay that i picked up")

10. Her thesis topic was extremely niche, and she avoids discussing it in detail. (Verbatim: "i can't go into the exact what my thesis was because it's too niche it's way too niche") [end of text]



NO RELEVANT INFORMATION [end of text]



NO RELEVANT INFORMATION [end of text]



1. She completed a master's degree in England, which lasted one year of full-time study. (Verbatim: "how many years is a master's in england it's only one year um it's full time well full time one year uh pain fun time")

2. Her bachelor's degree was in animal biology. (Verbatim: "my bachelor's was actually in animal biology")

3. She has an interest in animal brains and animal intelligence, particularly in crows. (Verbatim: "i would love to do a whole topic on animal brains animal brains are absolutely fascinating like particularly like things like i think i've mentioned a few animal brains before... the intelligence of crows the intelligence of animals")

4. She previously worked in retail. (Verbatim: "i know there might not be some smart people from when i've worked in retail")

5. She struggled with studying due to a short attention span and difficulty focusing during lectures. (Verbatim: "i always struggled with studying um so i think that's why i want to try and tailor my stuff to to to people like me that struggle with studying but still want to learn")

6. She finds electrofishing to be a clumsy and dangerous activity, having been electrocuted multiple times during a field trip. (Verbatim: "i was doing like fish surveys... i got electrocuted so much once they took me off the of the hankin zapper")

7. She has a self-described tendency to confuse left and right, including difficulty with stage directions. (Verbatim: "do you see my logic though like the logic is there... and then don't get me started on stage left and stage right confusing")

8. She aspires to become an anime girl after finishing her master's degree. (Verbatim: "what i plan to do after was become an anime girl")

9. She prefers bite-sized, digestible learning and compares effective education to a satisfying meal for the brain. (Verbatim: "i love bite-sized bits of knowledge... learning should be like a meal for your brain where you don't want to like if you overeat you feel sick")

10. She has some knowledge of AI, particularly convolutional neural networks, and is open to creating educational content on AI and other scientific topics. (Verbatim: "i did you know convolutional networks in regards to other forms of ai and stuff i'm and my knowledge is meh meh meh so yeah") [end of text]



1. She has a bachelor's degree in animal biology. (Verbatim: "my previous my bachelor's was animal biology")
2. She attended a prestigious university, though she refuses to name it to avoid doxxing herself. (Verbatim: "i can say it was a prestigious one... i won't say because you know i don't want to dox myself")
3. She once struggled with understanding machine learning concepts like CNNs and wanted to help others who face similar difficulties. (Verbatim: "this was a personal struggle of mine that i hope i can help someone else with")
4. She is interested in using AI for animal conservation efforts. (Verbatim: "i wanted to use it to help um help animals... because i really wanted to find applications of ai that would be able to help in conservation")
5. She has experience reading and critically analyzing scientific papers. (Verbatim: "one of the things that like um i used to really enjoy was keeping up with... reading recently published scientific papers and then critically analyzing")
6. She dislikes pop quizzes and associates them with anxiety from school. (Verbatim: "no quizzes those those those bring me anxiety i remember in school the absolute dread and fear")
7. She used to be known as the "smart kid" in school, which made her fear failure due to social embarrassment. (Verbatim: "when you get known as like the smart kid in class... if is this the second you do badly on something everyone's like oh my god i did better than the smart kid")
8. She does not function well on little sleep and makes many mistakes when sleep-deprived. (Verbatim: "all-nighter elia does not write very well she makes a lot of mistakes she does not write very smart")
9. She previously engaged in all-nighters to cram for exams, preferring to study just before the test. (Verbatim: "i was planning to cram it all for the one exam that mattered")
10. She feels like an imposter despite her academic background and intelligence. (Verbatim: "i already felt like an imposter like but yeah i know i've had people say like straight up like damn you lying you can't prove it") [end of text]



NO RELEVANT INFORMATION [end of text]



