1. She has a dog who is very clingy and affectionate. (Verbatim: "my dog is right here, she's actually like, she's on the bed, hello, good girl, she's so cute")
2. Her dog insists on bringing a specific squeaky toy to bed and will retrieve it if removed. (Verbatim: "she decided she really wants this on the bed with me... and then runs away, and then I'm like, I don't want this, on the bed")
3. She is a bed roller and dislikes having objects on her bed that can squeak during sleep. (Verbatim: "I'm a roller kind of person in bed, okay, I'm a roll, and if you so much as touch this toy, it squeaks")
4. She finds the presence of a squeaky toy on her bed during sleep to be disruptive and stressful. (Verbatim: "in the night I was rolling around, and then boom, squeak, wake her up, and I'm like, why?")
5. She has difficulty sleeping due to her dog’s insistence on keeping the toy nearby. (Verbatim: "she's currently like on the bed, curled up with it, she's actually decided to cover it with some of my laundry")
6. She has a habit of turning on her heating when it gets very cold, despite usually avoiding it. (Verbatim: "I turned my heating on... it was cold. I know, absolutely wild.")
7. She once left a window open, which caused extreme cold in her room overnight. (Verbatim: "the night before, I left the window open... it was absolutely freezing.")
8. She has a dry indoor environment, which causes nasal congestion and dryness. (Verbatim: "my nose is blocked because everything is dry in my place. Like the air is dry.")
9. She considers using a humidifier to combat dry indoor air. (Verbatim: "I'm thinking humidifier maybe, possibly, because yep, it's cold and it's dry.")
10. She is British, as indicated by her reference to BBC News and weather. (Verbatim: "Of course she's mentioning the weather. She is British. Of course she is.") [end of text]



1. She has motion sickness that causes nausea and the urge to vomit. (Verbatim: "If you have motion sickness, do look away because I have motion sickness and I want to throw up.")
2. She struggles with typing quickly and accurately, especially under pressure. (Verbatim: "I'm not getting any faster at the moment, my hands are getting tired I think.")
3. She finds poetry writing difficult and was never good at it in school. (Verbatim: "I was definitely not an area I was very good at when it came to, to English. Literature.")
4. She dislikes memorizing poems and finds it unfair as a test of poetry ability. (Verbatim: "why do I have to know the poems off by heart, that's a memory test, not a poetry test.")
5. She has a dog named Lila who sometimes startles her by pushing open doors. (Verbatim: "Lila's my dog by the way yeah that is my dog so she was pushing the she was like pushing through that door like hello")
6. She is British. (Verbatim: "I'm Ellia Stellaria British VTuber that now has even more RAM 64 gigabytes of fun")
7. She began using computers relatively late in life. (Verbatim: "I started using computers really late and typed like a goose pecking on a keyboard")
8. She values improving her typing skills through practice. (Verbatim: "I got some good typing practice too yeah nice nice")
9. She is excited to play the Game of Life for the first time in a future stream. (Verbatim: "I've never played game of life so how are they not showing on the screen")
10. She has a 64GB RAM upgrade installed in her computer. (Verbatim: "I'm Ellia Stellaria British VTuber that now has even more RAM 64 gigabytes of fun") [end of text]



1. She has a strong emotional connection with her viewers, expressing love repeatedly during streams. (Verbatim: "I love you. I love you. I love you.")
2. She prefers "see you later" over "bye-bye" and dislikes saying goodbye. (Verbatim: "I don't like bye-byes... I much much prefer see you later.")
3. She enjoys typing-based activities and participated in a typing stream, indicating she finds typing engaging. (Verbatim: "Pretty fun having this kind of stream.")
4. She is self-aware about her performance in typing, noting she made typos and used the stream to test herself. (Verbatim: "Was able to test myself too and see how much typos I made.")
5. She is open to new experiences, as this was her first typing stream. (Verbatim: "Obviously this is my first typing stream.")
6. She appreciates viewer interaction and feedback, expressing gratitude for their participation. (Verbatim: "I really appreciate it that you guys had fun.")
7. She values connection with her community, referring to viewers as "kamyoshi" and expressing pride in them. (Verbatim: "I'm proud to call my kamyoshi.")
8. She enjoys the idea of multiplayer typing games, like a Tetris-style typing competition. (Verbatim: "I wish they had like typing like you know like tetris tetrio multiplayer style.")
9. She has a playful, affectionate tone when speaking to her audience, using terms like "goofy celestial" and "typing like a goddess." (Verbatim: "you're the best goofy celestial message that I'm proud to call my kamyoshi.")
10. She plans to rest after the stream and looks forward to eating food. (Verbatim: "Once I get some yummy food in my belly.") [end of text]



1. She prioritizes YouTube chat over Twitch chat in multi-streaming scenarios. (Verbatim: "I would prioritise YouTube chat, why would I not prioritise YouTube chat?")
2. She is aware of and interested in multi-streaming to Twitch despite community concerns. (Verbatim: "I've mentioned a million times, and I will keep mentioning a million times. If I was to ever do anything on there, it would be multi-stream.")
3. She finds the idea of multi-streaming to be technically possible and personally appealing. (Verbatim: "Anything is possible, anything.")
4. She has been invited to join a collaborative stream team but has not yet participated. (Verbatim: "Iri has been invited. She has been given instructions and told about it.")
5. She values effort put into stream setups by others, such as a custom Twitch team interface. (Verbatim: "I know the speaker put effort into making it, and it would be sad if y'all somehow managed to convince Aidy to not join.")
6. She is concerned about community reactions to potential multi-streaming, fearing she might upset her audience. (Verbatim: "I can't tell if you're joking, because you guys get so upset, and I don't want to upset you guys.")
7. She believes YouTube's live streaming features are underutilized and poorly advertised. (Verbatim: "YouTube's streaming is a little abysmal, to be fair... people don't know, there's even a live section on YouTube.")
8. She is aware that many viewers discover her content through YouTube Shorts rather than the live tab. (Verbatim: "A lot of people found you through, found me through... shorts.")
9. She is actively trying to use Reddit more, though she is cautious about spamming. (Verbatim: "I've been trying to use reddit more... I just hope I'm not spamming it too much.")
10. She has a strong emotional reaction to thoughtful stream-related creations, such as custom interfaces. (Verbatim: "Don't cry. Don't cry when you see it. Okay. Don't not cry. But it's really cute.") [end of text]



1. She is a variety streamer who plays all sorts of games. (Verbatim: "as you know i'm a variety streamer so i play all sorts of games")
2. She has experienced negative interactions from early viewers, including being called a "loser" for streaming to no one. (Verbatim: "yeah no that really stuck with me it did and um yeah yeah it was it's really really it was really like i don't know if that person like realizes how mean that is to say")
3. She values the ability to stream without viewers and considers it a necessary skill for streamers. (Verbatim: "if you're talking to nobody i'd say yeah that's it that's a good you know they're doing good")
4. She prefers YouTube for content distribution due to better video-on-demand (VOD) retention compared to Twitch. (Verbatim: "here you've got all my all my vods wait i've read that one i know nice pic ari-gato ari-gato probably to not stream on twitch gonna ignore that")
5. She has considered using Reddit for promotion but is cautious about spamming. (Verbatim: "i just hope i'm not spamming it too much um so i stopped for a little bit because i got worried i was being annoying")
6. She is not affiliated with Twitch and does not have monetization options on the platform. (Verbatim: "i'm not even affiliate so i don't have any money earning options on there")
7. She believes that streaming to zero viewers is a valid and important practice for developing commentary skills. (Verbatim: "if you want to stream you need to be able to hold a commentary without any viewers like like you don't have to actually start streaming to practice streaming")
8. She has observed that many Twitch streams are silent gameplay sessions with little interaction. (Verbatim: "a lot of the streams on twitch are people silently playing games um")
9. She has been advised by fans to avoid Twitch due to concerns about toxic viewers. (Verbatim: "hello hello don't worry ellie we don't mind twitch it's just that it's known for toxic viewers and we were worried for you")
10. She has a fan Discord where notifications for new shorts are more reliable than YouTube's. (Verbatim: "there is i'm not in it just a disclaimer i'm not in it that there is a fan discord but i'm not in it") [end of text]



1. She refers to herself as a "celestial messenger" and "goose winged kind." (Verbatim: "you're the best banana loving goose winged kind and loving celestial messenger ever")
2. She has a strong connection to the concept of "banana" in her stream identity, frequently referencing it in polls and content. (Verbatim: "i keep doing banana polls and it's really hard because i keep losing")
3. She believes in the inherent kindness of people despite negative experiences. (Verbatim: "i like to believe in the kindness of people")
4. She experienced bullying in school due to others' behavior being driven by stupidity rather than malice. (Verbatim: "they're the bullies and they're stupid because they just thought it was funny there was no malicious intent")
5. She is aware of and has researched YouTube streaming, though she didn’t know it existed initially. (Verbatim: "i didn't know um and then and then i discovered youtube streaming much later")
6. She is open to the idea of creating a YouTube channel and doing YouTube streams. (Verbatim: "maybe i will maybe i will yeah yeah yeah yeah maybe also nice pic arigato arigato")
7. She is critical of the misconception that Twitch "Super" and "Donor" features are free. (Verbatim: "they're not they're not they're not they're heckin not you punks")
8. She values creating wholesome, comforting spaces even in toxic environments. (Verbatim: "if somewhere is bad or awful that's all the more reason to make a wholesome space amongst it all")
9. She has a sense of responsibility toward viewers who may be stuck in negative communities on Twitch. (Verbatim: "they're stuck on somewhere like twitch um they're stuck with those toxic um communities")
10. She expresses a desire to help others who may not know about alternative platforms like YouTube streaming. (Verbatim: "i was a person that didn't know about YouTube streaming you know like I didn't know and if I'm gonna try and find a little Ellie that needs help") [end of text]



1. She has a strong commitment to maintaining her membership content and cozy streams despite potential growth. (Verbatim: "I still have my membership like diary posts and things and we still have membership cozy cozy streams like you know there's there would still like none of i wouldn't drop any of that")
2. She values trust and believes in giving people the benefit of the doubt rather than assuming malice. (Verbatim: "never attribute to malice what can be explained by stupidity that is a brilliant that that clue is so true")
3. She struggles with maintaining focus and has a short attention span, especially during tasks requiring sustained concentration. (Verbatim: "oh gosh i don't have the concentration to really keep this up i'll be honest like my brain's trying to think about other things i don't have the attention the attention span that's it i don't have the attention span to keep this up")
4. She finds typing to be a fun and engaging activity, even when performance is poor. (Verbatim: "I find it fun to just yeah try feel free to give it give it um yeah my accuracy is 96 percent the sound is nice yeah it's okay")
5. She is self-aware about her tendency to misread text due to speed-reading habits and mental shortcuts. (Verbatim: "i think that's why when you check your own work you they always say like oh you should read it out loud and i'm like reading out loud's for punks i'm not gonna i'm gonna read it in my head")
6. She admits to not checking her own work thoroughly, which has led to errors in past writing. (Verbatim: "i'm also not one to check my work when i used to hunt it in so that's where my essays would always go wrong")
7. She is aware that her brain processes text by skipping ahead and using contextual guesswork rather than reading every letter. (Verbatim: "i don't actually look at all the letters yeah yeah contextual guesswork so you just pick up a few of the letters and then form the word in your head")
8. She has a habit of merging words unintentionally while typing, sometimes creating new words or names. (Verbatim: "if i merge words if i merge words that happens um which is okay because most of the time they kind of form words that aren't like um actual words")
9. She believes professional typists can reach speeds of around 100–120 words per minute, though she is uncertain about exact benchmarks. (Verbatim: "i thought professional typists are like 120 no i don't know where i'm getting my stats from")
10. She finds the act of typing fast to be a form of ASMR and enjoys the sensory experience of the typing sounds. (Verbatim: "okay we're on like 83 faster a little bit faster ah fingers unstiffify i don't know if that's a magic um ah yeah yeah yeah got this we got this we got this we're gonna become we're gonna get a nice high score of we need to get a 100") [end of text]



1. She struggled with understanding lectures due to a lack of foundational knowledge. (Verbatim: "i don't even know what to ask because i don't my levels of don't know are in the don't know level of don't know")
2. She experienced a disconnect between what professors promised would be covered and what was actually taught. (Verbatim: "they'd be like oh don't worry about this they'll cover this in second year... then the professor's like oh you would have learned this last year")
3. She found university textbooks to be excessively expensive and often unnecessary. (Verbatim: "some of them can be like over a hundred and it's insane like how expensive these books are")
4. She kept unused textbooks as paperweights and for practical household uses. (Verbatim: "i ain't ever read them i ain't ever touched them... they're very good paperweights")
5. She used a shared Google Doc to collaboratively take lecture notes with classmates. (Verbatim: "we would have a google doc of the notes of the lecture and with the combined power of multiple people we'd be able to get a good proper transcription")
6. She had difficulty taking notes during lectures and preferred self-study. (Verbatim: "it's quite hard to take notes in lectures so but it's quite easy if you collectively take notes")
7. She identifies as socially awkward and introverted. (Verbatim: "i'm a socially awkward introvert")
8. She has a mental model of social interaction as a "battery" that can run out. (Verbatim: "i can't hold extrovert elia up very much um she gets she runs out of battery")
9. She avoided social activities in university due to anxiety and panic. (Verbatim: "i would say no to social activities um but i was only saying no because it would cause me to panic")
10. She attended one meeting of the anime society at university but never returned due to social exhaustion. (Verbatim: "i tried to join the anime one and i went once and never returned because it drained me too much") [end of text]



1. She has a strong aversion to socializing in office settings and declined after-work drinks with coworkers. (Verbatim: "I'd be like no and they'd be like what and i'd be like no thank you i would like to go home and play video game bye")
2. She worked as a developer in a corporate environment where socializing after work was expected. (Verbatim: "when i was a developer they were very much like we're going to the pub after work would you like to come")
3. She refused to attend office events due to not being allowed to bring her dog and concerns about COVID-19. (Verbatim: "they didn't want me to bring my dog into the office and i was like but you want me to go into the office but you don't want me to bring my dog")
4. She has a dog that is very clingy, possessive, and jealous of other animals. (Verbatim: "my dog's quite clingy um she's very very clean clingy and a bit on the possessive side")
5. She has a severe fear of deep water and panics when her feet can't touch the bottom. (Verbatim: "the second i reach like water where my feet don't touch the floor i start panic crying and i'm deceased like the end like r.i.p she's gone")
6. She struggles with trusting snorkeling goggles because they don’t seal properly and fill with water. (Verbatim: "the goggles have to be like really like um really attached right to your face and if you go down into the water and it's not tight enough on your head the water like fills into the goggles")
7. She finds it difficult to afford social outings and has been judged for not being able to spend small amounts like five pounds. (Verbatim: "that's like my weekly food budget at the moment i have zero monies and they'd be like i don't believe you")
8. She lived in a very small studio apartment in London with minimal space, including a bed placed in a kitchen. (Verbatim: "i remember seeing like a literal kitchen with a bed just slapped in the middle of it and i was like that's not a studio that's a kitchen with a bed in it")
9. She has a preference for Tesco meal deals, particularly the chicken wrap, and enjoys eating garlic bread. (Verbatim: "get me that chicken wrap please um yeah the best thing would be like I could turn up to a lecture and something someone would bring in their like dog")
10. She values having her dog present during stressful times and finds comfort in animals, especially during exam season. (Verbatim: "when the university did the dog puppy day... students could visit the puppy room and de-stress by chilling with all the puppies") [end of text]



1. She has a dog that interacts with her during streams. (Verbatim: "yeah aura definitely needs to meet my dog one day yeah yeah yeah yeah yeah what's the animal one thing")
2. She experiences early darkness in England, which affects her routine. (Verbatim: "because it's been getting dark so early in england i've been i've been closing my blinds to avoid seeing it get dark so early")
3. She dislikes the word "program" and finds it difficult to type. (Verbatim: "i don't want to type the word program i don't want to type the word program")
4. She is concerned about her posture while typing, specifically avoiding "shrimping" (hunching over). (Verbatim: "maybe maybe it works better if i'm not sat like a massive shrimp maybe maybe and i don't have")
5. She has tried using different fonts, including OpenDyslexic, to aid readability. (Verbatim: "should i do it as open dyslexic for people to help like yeah oh i moved the microphone away")
6. She is aware of and has experimented with typing test modes like "master" and "blind" mode. (Verbatim: "master fails if you press an incorrect key so you have 100 accuracy")
7. She has a preference for certain keyboard layouts and displays, including key map visibility. (Verbatim: "page key map displays your current layout while taking a test and reacts to show do you want to see do you want to see my keyboard")
8. She has experienced physical exhaustion and needed rest, indicating past fatigue issues. (Verbatim: "i was very very like bodily exhausted i guess it was a word like my body you felt tired um and I managed to get that rest which is really good")
9. She is sensitive to environmental cues like windows and curtains, which can trigger her dog’s behavior. (Verbatim: "my dog has moved and she's literally like at the window like ew you said something about a window a curtain something about this yes this open this this this yes open this i see you")
10. She has a habit of closing her blinds due to early darkness in her location. (Verbatim: "i've been closing my blinds to avoid seeing it get dark so early") [end of text]



1. She has confidence in her data entry skills. (Verbatim: "I'm a beast when it comes. That's something I can be confident in.")
2. She owns a Logitech G715 keyboard with Lightspeed technology. (Verbatim: "I've got the Logitech keyboard, what is it, Logitech, Logitech, G715, Lightspeed, which I really like very much...")
3. She recently upgraded her PC with 64GB of RAM. (Verbatim: "I got 64 gigs. I got 64 gigs of RAM to upgrade.")
4. She finds motion-based or fast-paced visual modes disorienting and causes motion sickness. (Verbatim: "If you have motion sickness, do look away because I have motion sickness and I want to throw up.")
5. She has difficulty seeing small text on her screen due to glare. (Verbatim: "I can't see! The words have got away! I can't see so far! The screen's got the slight glare from the heckin' window...")
6. She once had to explain to her bank that sending money to an anonymous individual in Britain was not suspicious. (Verbatim: "My bank still thinks sending money to an anonymous individual in Britain was a little suspicious.")
7. She has a habit of adding words to spelling games to make them more manageable. (Verbatim: "I'm going to add a few words... I'm going to add a few words...")
8. She finds certain spelling game modes intimidating and emotionally distressing. (Verbatim: "It's inducing panic... I'm sorry! I'm sorry, words! Please chill out!")
9. She is familiar with the concept of "double letters" in spelling challenges. (Verbatim: "Okay, we're doing doubles now.")
10. She has a strong reaction to the word "wonot" appearing repeatedly in a game. (Verbatim: "Wonot? Wonot? Wonot? Wonot?") [end of text]



