1. Elia has wings that are very large, though she rarely shows them. (Verbatim: "I have wings, yes, I do, I just never show them because they're absolutely mahusive, right, like, my wings be giant.")

2. Elia likes hats and cats. (Verbatim: "Ellie likes her hats. I do. I like hats and cats.")

3. Elia participated in Aura’s charity concert and performed in a song, which she describes as a significant effort. (Verbatim: "Boy, I worked really, really, really, really, really, really, really, really, really heckin' hard on, on the... summer concert thingy.")

4. Elia values detailed and kind vocal guidance, having previously struggled with re-recording songs without proper feedback. (Verbatim: "I've had things in the past where, like, I've had to re-record songs and stuff... I had to re-record it, like, three, four times. And, yeah, I just, well, a mess.")

5. Elia admires Aura’s supportive and coaching-like approach during the concert preparation. (Verbatim: "Aura gave such a detailed and kind explanation as to the parts, and also guidance on how to redo it the correct way. So it was like, it felt like having like a vocal coach teach me.")

6. Elia refers to unscheduled streams as "gorilla streams," indicating her preference for spontaneous content similar to Twitch culture. (Verbatim: "A gorilla is going to be, like, out of nowhere. I feel like on Twitch, it's a lot more common to just start streaming, right?")

7. Elia experiences anxiety and worry, especially about audience turnout for her streams. (Verbatim: "I get worried with gorillas, because I'm like, Will people turn up? Will people turn up?")

8. Elia plans to attend Vexpo as a guest, indicating future public appearances. (Verbatim: "I'll be at Vexpo, yo. Like, as a guest.")

9. Elia uses the term "Zatsudan" to refer to casual chatting during streams. (Verbatim: "What's a Zatsudan? A Zatsudan's just chatting.")

10. Elia expresses that she missed her audience, showing emotional attachment to her community. (Verbatim: "I straight up missed you guys.") [end of text]



1. She experiences anxiety and worry about her audience leaving if she doesn't stream. (Verbatim: "I'm like anxious and worried. And I'm like, yo, if I don't stream for even like one day, what if you guys heckin' leave me?")

2. She describes herself as being in a "clingy" phase and expresses emotional neediness toward her audience. (Verbatim: "I'm in clingy Elia phase, so... You know. What up? It's your girl.")

3. She played the French horn in an orchestra during her school years. (Verbatim: "I have not read sheet music since I was in heckin' orchestra... What instrument did I play in orchestra? I played the French horn.")

4. She can read sheet music, a skill she developed during her time in orchestra. (Verbatim: "I can read sheet music, luckily, so...")

5. She owns and plays a melodica, which she recently rediscovered and is attempting to learn. (Verbatim: "It's a melodica. Yeah! So we've got the melodica in here.")

6. She previously played Elden Ring frequently, indicating it as a recent recurring game activity. (Verbatim: "Because we've done a lot of Elden Ring this week.")

7. She participated in a concert event for Ori and sang during it, though she clarifies she is not a professional singer. (Verbatim: "I should add the disclaimer, I'm not a singer." and "Thank you for singing today.")

8. She owns an ocarina and has considered doing an ocarina-themed stream. (Verbatim: "When's the next ocarina stream? Ocarina as in I play the ocarina or I play Ocarina of Time.")

9. She has a drawer dedicated to musical instruments, indicating an interest in collecting or playing them. (Verbatim: "I now have an instrument drawer.")

10. She collaborated with or interacted with other VTubers, specifically mentioning "V data girls" and "Speaker" in a Discord setting. (Verbatim: "I was showing, um, I was a little cool with the V data girls. So like, um, we were all in, in discord together watching was concert.") [end of text]



1. Her father, whom she calls "Papa Elia," was a trumpet player and allowed her to play brass instruments because of his own background. (Verbatim: "Papa Elia was actually okay with that, because the reason I played brass instruments, and the reason I was allowed to, is because Papa Elia used to play brass instruments. He was a trumpet player, so he was actually okay with that.")

2. She played the French horn to grade six level in the ABRSM music examination system but did not reach grade eight. (Verbatim: "I was grade six, which isn't fantastic to be honest. I never got to grade eight, which is like the maximum grade for the ABRSM.")

3. She was first chair in an orchestra but disliked the experience. (Verbatim: "But I was first chair, but I hated it.")

4. She owns a French horn that is currently rusty and needs tuning and maintenance. (Verbatim: "The problem is it's actually, I could just whack it out. Like, but it's very rusty and I feel like I should buy something to de-rust it and it needs tuning.")

5. She is considering or expressing interest in doing a French horn streaming series. (Verbatim: "You want my 3am French horn stream? I would, honestly, if it wasn't so late right now, I would whack out the French horn.")

6. She associates her current favorite color with purple, saying "it's my color now." (Verbatim: "Um, you know, but it's my color now. Purple.")

7. She has experience playing melodic instruments and refers to her setup as "Elia's Piano Bar, a.k.a. Elia's Melodica Bar." (Verbatim: "Welcome, welcome to Elia's Piano Bar, a.k.a. Elia's Melodica Bar.")

8. She believes the timbre of a French horn reflects the player's skill and experience, and that electronic versions cannot replicate its personality. (Verbatim: "The timbre of which the French horn has varies based on how much experience the French horn player has... you wouldn't be able to do that because there's so much personality when you play the French horn.")

9. She mentions the challenge of playing the French horn on stream due to its reflective surface causing glare. (Verbatim: "I need, like, just play piano instead. Oh my god, you can buy it and it's cool. Wear a mask? That doesn't cover me fully.")

10. She previously found old sheet music and film-related items in her French horn case before throwing them away. (Verbatim: "I found some sheet music in my... what do you call it? In my French horn case, but I threw it away. I had some film stuff, like, yeah, like, mmm, mmm, mmm.") [end of text]



1. She plays the melodica and associates time spent with her audience with playing it. (Verbatim: "And by 'spend time with me', I mean 'spend time with me while I play the melodica', like, 'cause that's what I want to do right now.")

2. She struggles with reading piano sheet music and finds it difficult to play by ear. (Verbatim: "Like I can recognize the notes, but my fingers just don't know where to go because I really suck at piano.")

3. She is envious of people who can play music by ear, especially her little brother who has that skill. (Verbatim: "My little brother has that skill I'm jealous of anybody that does have that skill... I am so incredibly jealous of you because my ear sucks.")

4. She dislikes complex key signatures in sheet music, particularly those with many sharps. (Verbatim: "When I see a scary key signature I die" / "three hashtags those hashtags make me sad.")

5. She has a strong preference for treble clef and dislikes bass clef. (Verbatim: "bass clef can go in the bin" / "don't you talk badly about my heckin treble clef.")

6. She enjoys music from *The Legend of Zelda: Ocarina of Time*, especially "Song of Storms" and Kakariko Village theme. (Verbatim: "love the Zelda music it sounded like one in the ocarina of time" / "what'd you call it um kakriko kak the village... Kakariko village sheet music.")

7. She is interested in playing the Wii Shop Channel theme music on melodica. (Verbatim: "I want to do that one next yeah yeah yeah yeah... wii shop menu is that it is that it i want to do that one next.")

8. She expresses frustration with SVG file formats when trying to access sheet music. (Verbatim: "what's a heckin svg file what am i supposed to do with this make it png oh my god that didn't work.")

9. She values audience presence over monetary support. (Verbatim: "I don't want your money. I want you to spend time with me.")

10. She refers to herself in a playful, self-deprecating manner regarding her musical abilities. (Verbatim: "i can give you um slightly okay streamer that's trying her bestest.") [end of text]



1. She began learning to read music at the age of six. (Verbatim: "i was taught to read music from like um how old would i been like six which is a bit late but yeah i'd say yeah six when i was six that was when i first had to start learning")

2. She feels she started learning music later than ideal, especially compared to other Asian children. (Verbatim: "six is late for asians... yo i was babysitting kids that were learning from like four like i should i should have learned earlier")

3. Her only method of playing music is by reading sheet music, as she lacks aural skills. (Verbatim: "the only way i know how to play music is by looking at and reading it like... i'd rather have the ears than have to be reliant on reading")

4. She has an Asian mother. (Verbatim: "oh yeah i felt like i learned late so i have an asian mother")

5. She plays the melodica and considers it an instrument she can bond with. (Verbatim: "penlight emoji here an instrument i can bond with i bond with")

6. She expresses a strong desire to become good at playing the melodica. (Verbatim: "i don't want to become rich i want to become good melodica")

7. She dislikes reading music in complex key signatures, such as A major with multiple sharps. (Verbatim: "i hate it um yeah... i suck at reading in different")

8. She admires Keyboard Cat and believes she will never be as skilled. (Verbatim: "yo no way i will never be as good as keyboard cat")

9. She enjoys the song "Megalovania" from Undertale and loves it very much. (Verbatim: "arigato arigato i love megalovania so much")

10. She finds it difficult to play music while reading sheet notation due to coordination challenges. (Verbatim: "because i need to i need to remember where the keys are but i also need to look at the music") [end of text]



1. She struggled with music and chose it as a school subject out of spite to get better. (Verbatim: "I took drama and music along with like you know all the other regular like subjects... I sucked at them um and I was like screw it I don't want to be bad.")

2. She played the trombone starting at around age five or six. (Verbatim: "The first instrument I played was... I originally started on the trombone at about the age of five slash six.")

3. Her arms were too short to play the trombone comfortably when she first started. (Verbatim: "I also remember my arms being too hecking short... they didn't have any euphemiums available so I just really struggled on the trombone for a while.")

4. She later switched from trombone to cornet, and eventually played the French horn. (Verbatim: "Years heckin later I then got to um I got to move to the cornet... I did most of on french horn.")

5. She can sight-read music more easily on French horn than other instruments. (Verbatim: "I would be able to so i can sight read a lot easier if i was playing this on french horn.")

6. The first song she ever learned on an instrument was "When the Saints Go Marching In." (Verbatim: "This was the first piece of music I ever learned... it goes [plays] that was it this is the first one it's when the saints go marching in.")

7. Her parents encouraged her to learn music to improve her chances of getting into a top university. (Verbatim: "The reason why um my parents really wanted me to learn music was because they said it could help me get into university.")

8. As a child, she was more interested in playing with Legos than focusing on academic pressure. (Verbatim: "I was literally there looking at some kid playing with legos and i'm like i want to play the lego lego i want to play lego.")

9. She has difficulty with music and does not consider it one of her strengths. (Verbatim: "Music is not my forte at all in the slightest like I wish I was better at music but it was definitely something I never picked up easy.")

10. She once ate glue when she was six years old. (Verbatim: "When I was six I was eating glue.") [end of text]



1. She is a British VTuber. (Verbatim: "I am Elias Delvaria British VTuber not a melodica player.")
2. She plays the French horn and considers it her main instrument. (Verbatim: "I am a french horn player so I normally play french horn.")
3. She chose to learn the French horn because it was listed in the Guinness World Records as the most difficult instrument to play. (Verbatim: "at the time it was in the guinness world record book as the most difficult instrument to play so that is why that is why i chose to learn french horn because i wanted the challenge.")
4. She previously tried playing other brass instruments but switched to French horn after her arms became too short to continue playing trombone. (Verbatim: "i had to drop it from my my arms being too short.")
5. She has experience with ABRSM music exams, which included sight reading, key signature recognition, music theory, and describing played music using terms like crescendo and staccato. (Verbatim: "You have to do sight reading. You have to do key signature recognition... having to describe the music or something.")
6. She enjoys orchestral film music and has attended live orchestra performances of film soundtracks, including *The Lord of the Rings: The Fellowship of the Ring*. (Verbatim: "I've been to watch lord of the ring it was the lord of the rings fellowship of the ring... all the music... is played live of an orchestra right there.")
7. She frequently plays *The Cruel Angel's Thesis* from *Neon Genesis Evangelion* on taiko drums at Japanese arcades. (Verbatim: "when i play the taiko drums in at the at the japanese arcades i'm like yo where where the evangelion opening because i want to play this.")
8. She always sings *Snow Halation* when going to karaoke in Japan. (Verbatim: "whenever i go to karaoke in japan i'll always sing snow halation like every single time.")
9. She owns a small collection of instruments including a melodica, kalimba, kazoo, and ocarina. (Verbatim: "in here we have uh the kalimba yeah we have the kalimba and then also in here i also have um i also have this i don't the kazoo... that is a ocarina.")
10. She cannot play by ear and must read sheet music to perform. (Verbatim: "i can't play by ear i just have to read the problem is i have to look down on my hacking keyboard because i can't i don't know where my fingers are going.") [end of text]



1. She played the French horn in the past and struggled with breath control. (Verbatim: "that was my issue when i used to play the french horn my teacher would always be like yo ellie could you just stop breathing")
2. She lived in student halls during her first year of university in the UK. (Verbatim: "when i lived in student halls i lived in student halls for the first year of university")
3. She has an interest in music and can play the melodica. (Verbatim: "i would be playing this right now melodica but i can't because i need my hand to use the mouse")
4. She owns a spare melodica mouthpiece and is open to others playing. (Verbatim: "sweet i've got a replaceable got two mouthpieces sweet in case anyone wants to play also play it there's a spare")
5. She finds it difficult to sit still and mentions being restless. (Verbatim: "sorry my hand i i i'm i can't sit still i just can't as you can tell")
6. She aspires to become a Twitch Partner. (Verbatim: "the only reason the reason twitch has my focus is because i need to apply to be partner")
7. She enjoys playing and referencing the song "Megalovania" frequently. (Verbatim: "arigato for not leaving while i play megalovania over and over and over and over again")
8. She plans to host Minecraft-themed co-working streams and build projects in Minecraft. (Verbatim: "we're gonna have co-working next week we're gonna have some zatsu related to Minecraft")
9. She likes the idea of building a sakura-themed house in Minecraft. (Verbatim: "i would like sakura um a sakura themed house i just need to design it")
10. She jokingly claims to be 69,420 years old, implying a celestial or ancient persona. (Verbatim: "I am 50,000 years old now... actually sixty nine thousand four hundred and twenty") [end of text]



1. She used to play League of Legends competitively or extensively, which gave her thick skin against online toxicity. (Verbatim: "being a leaky must have been bad for you... i developed toxic resistance")
2. She became a VTuber after realizing not everyone online is mean, and she deeply appreciates kindness from her audience. (Verbatim: "when i became vtuber i was like wait not everybody acts like a league of legends player how wonderful... i shall appreciate everybody and their kindness so much")
3. She owns a French horn and has had it for a long time, indicating a history with music. (Verbatim: "i need to maintenance my current french horn it's so old i've had that french horn forever")
4. Her favorite instrument is the human voice. (Verbatim: "my favorite instrument of all time is your voice")
5. She is fascinated by the neurological effects of music, especially on people with dementia, animals, and plants. (Verbatim: "i would love to go like deep dive into that... music can have such a unique like neurological effect")
6. She has lived in or visited England and has firsthand experience with cows in fields. (Verbatim: "in england we have a lot of fields with cows um and i've been in a lot of those fields with cows")
7. She finds cows inquisitive and somewhat scary, noting they may approach noise and even nibble on people. (Verbatim: "cows are scary we don't want to mess with cows... they might start nomming on you which has happened before")
8. She procrastinated unpacking after moving, leaving her suitcase from her first Japan trip in her living room for months. (Verbatim: "i had my suitcase from my trip to japan in my living room for a couple of months... i didn't unpack the first japan trip until i came back from my second japan trip")
9. She went on two trips to Japan, with the first one being slightly colder than the second. (Verbatim: "the first trip it was slightly colder i guess yeah um i had two different suitcases so i took a different suitcase um on my second trip")
10. She enjoys singing and wants to record more of it, indicating it's a valued talent or aspiration. (Verbatim: "i really need to record so much singing i'm so behind on my singing recording") [end of text]



