1. She has a history of struggling with waking up due to oversleeping and alarm fatigue, indicating she is not a morning person. (Verbatim: "I'm not much of a morning person... I like to turn off all my alarms. Maybe I need more. I don't know.")

2. She suffers from anemia, which contributes to her extreme tiredness and frequent napping. (Verbatim: "I only nap now because I'm really anemic... the level of tired I get I can't move my body kind of levels.")

3. She takes iron supplements to manage her anemia but avoids taking them with tea. (Verbatim: "I'm gonna make sure I take my iron tablets... not right now though because I'm drinking my morning cup of tea.")

4. She grew up in a household with thin walls, where her parents (Mama and Papa Elia) would react angrily to her weekend alarms. (Verbatim: "the house I grew up in with Mama and Papa Elia had very thin walls... I would get shouted out for my alarm [on weekends].")

5. She associates alarm clock noises with stress and panic, a reaction developed from childhood experiences. (Verbatim: "I think I've been raised to have a natural panic when I hear an alarm clock... it's the same kind of panic you see in my horror game streams.")

6. She once lived in the jungle for research purposes under harsh conditions, including no electricity, outdoor living, and dangerous wildlife. (Verbatim: "my peak stress point was... when I was doing my research in the jungle living feral with like no electricity... accidentally sleeping with a snake... chased by the giant monkey.")

7. She has experience with coding and data analysis, specifically using R and R Markdown for reports. (Verbatim: "I had to run some analytics in R and produce a R markdown file.")

8. She enjoys eating chocolate cereal for breakfast, referring to it humorously as her "adult breakfast." (Verbatim: "I had my adult breakfast of chocolate cereal.")

9. She drank English breakfast Yorkshire tea with milk and one sugar, indicating a preference for this type of tea. (Verbatim: "the tea I have is a English breakfast Yorkshire tea with milk and I went for one sugar.")

10. She cooked a beef steak with black garlic butter, thick-cut chips, and onion rings, showing a habit of home-cooked meals rich in red meat for health reasons. (Verbatim: "I had steak... with this yummy garlic butter... black garlic butter... home cooked meal with thick cut chips and onion rings... got that red meat for that iron.") [end of text]



1. She studied French as a GCSE subject starting in year 7 or 8, and her French is now very rusty. (Verbatim: "I picked French because I had to... my French is very rusty because they made me do French early along with another GCSE so I did it when I was in year 7/8 yeah so that's when I started getting them GCSEs")

2. She attended a school that pushed students to take many GCSEs early. (Verbatim: "my school were very much like 'you gonna get as many as possible' and I was like I don't understand what I'm doing")

3. She lives in England, where air conditioning is not commonly installed in residential buildings. (Verbatim: "yeah i don't have ac here i don't have they don't really have ac in england it's not really a thing to have in residential buildings")

4. She owns a large collection of plushies, referred to as "plushie mountain," which reaches above desk height. (Verbatim: "i literally have a actual mountain of plushies... it literally goes from the floor up to like where my piece like beyond my desk height")

5. She has a grandmother named Nana Elia, whom she cares for and helps with errands. (Verbatim: "my brothers will do is help her with anything... i'll make sure i get her nuts")

6. Nana Elia has mobility issues and uses a walker, a mechanical armchair with remote controls, and assistive tools like a reacher and long shoe horn. (Verbatim: "she was very slow um walking before but with her new walker she goes zoom zoom... It's like her armchair. It's like does all this like has this like remote control and it does all this stuff")

7. Nana Elia struggles with reading due to poor eyesight and is transitioning to audiobooks. (Verbatim: "she can't really read anymore like she can't see very well um so she's looking into audiobooks")

8. She is concerned about Nana Elia’s excessive Facebook use, believing it may not be healthy. (Verbatim: "I'm worried about how that affects her. 'Cause from what I know, scrolling Facebook doesn't seem very healthy.")

9. She dislikes the idea of asking fans for money and refuses to set up a donation platform like Throne. (Verbatim: "i never want you to feel any pressure or anything of that sort... no fund no no no no no no no no no")

10. She values humility and strives to remain humble. (Verbatim: "i don't ever want to um what you call it um never wanna be up myself i want to stay remain humble as possible") [end of text]



1. She is British. (Verbatim: "no not the apology tax but i'm want i'm british we apologize for everything it's in our nature")

2. She dislikes emotional manipulation and finds it upsetting when people are treated as objects. (Verbatim: "i never want you to think that i don't know i feel like i feel like something i really really dislike is manipulation specifically emotional manipulation i don't like that kind")

3. As a child, she experienced emotional invalidation when she cried, as her father ("papa elia") often told her she was "fake crying" even when she was genuinely sad. (Verbatim: "i remember a lot as like a kid there'd be times where i was sad and i would be genuinely crying and papa elia would say no you're just fake crying")

4. She has difficulty managing emotions and finds crying emotionally taxing, though she sometimes uses emotional acting to release built-up feelings. (Verbatim: "emotions are difficult also i think i think actually when i do acting like if i'm doing voice acting and there's like a sad part i always find it really easy to to act out crying")

5. She wants to pursue VR streaming and create a chibi version of herself for use in VR. (Verbatim: "thank you br i was thinking for vr i want to get a chibi chibi elia to work in vr that would be cool")

6. She currently has financial constraints due to unresolved payment issues from her past job, limiting her ability to spend on stream upgrades. (Verbatim: "i can't actually spend much monies at the moment because there's some money stuff to sort out with my pasta job")

7. She aims to provide the best possible streaming experience for her audience and prioritizes spending on stream improvements and viewer-related content. (Verbatim: "the only things i've really been getting is stuff for to improve the stream and and stuff's for you all anyway")

8. She does not swear in real life and feels that swearing doesn't suit her; even her fake swearing is just her pressing a button without saying actual swear words. (Verbatim: "i don't even swear when i fake swear to y'all okay you got me you caught me in 4k")

9. She values kindness and wants her viewers to be kind to themselves, emphasizing that there is no pressure to do anything for her. (Verbatim: "just for you to be kind to yourself because yeah that really is you know yeah yeah")

10. She associates her emotional expression with her dreams, suggesting that much of her emotional processing happens subconsciously. (Verbatim: "i think most my emotions probably get let out in my dreams") [end of text]



1. She has experienced tendinitis in the past. (Verbatim: "i've had tendinitis before and i think it's pretty similar to that")
2. She is currently dealing with foot pain that requires rest. (Verbatim: "oh my foot's i think i just need to rest it um")
3. She compares her current foot issue to tendinitis, noting it only hurts when used. (Verbatim: "it only hurts when i use it so right right now it don't hurt")
4. She owns dogs, implying she has pets and walks them despite her foot pain. (Verbatim: "i've um been doing little walks because obviously i have dogs so i have to do it")
5. She believes in taking things slowly and views her VTubing journey as a marathon, not a race. (Verbatim: "i think i've been told it's not a race it's a marathon or something like that")
6. She prioritizes long-term sustainability over rapid content output. (Verbatim: "i don't want to go full full speed with my content just yet until i get my proper form")
7. She expresses deep appreciation for her audience, calling them "the bestest" and meaning it wholeheartedly. (Verbatim: "no honestly i mean it with like oh my heart when i say you all are the bestest okay")
8. She has a playful persona involving "nomming" her viewers at the end of streams. (Verbatim: "Yeah, I nom you all at the end of the stream Because you're so delicious")
9. She drinks tea as her current source of energy, noting she lacks caffeine. (Verbatim: "Although I'm lacking on the caffeine, I'm running on cup of tea right now.")
10. She values audience interaction and reassures viewers it's okay to be "friend-zoned," emphasizing viewer happiness. (Verbatim: "if you're scared about friendzoning me you you you don't have to be it's okay no hard feelings as long as you's happy") [end of text]



NO RELEVANT INFORMATION [end of text]



1. Her avatar design consistently features hair buns, which she strongly associates with her identity. (Verbatim: "it's nice because this temp model has hair buns that's why i wanted this model... and i'll have hair buns in my next form as well yeah yeah yeah yeah yeah yeah yeah hair buns")

2. She refers to her future forms or evolutions as having "buns," suggesting a recurring theme in her lore. (Verbatim: "all forms will have buns nobody shall be bunless no no no no no no no")

3. She once worked in an office job and disliked Tuesdays due to the workweek structure. (Verbatim: "um as a day like when i used to work in the office because it'd be like you walk in monday's the first day wednesday's the middle day thursday's almost friday friday is like yay the weekend")

4. Tuesdays became a positive day for her because of her meme streams, which brought her joy. (Verbatim: "trying to do paimon's place oh i look forward to the tuesdays a lot though for these meme streams... thank you... yeah tuesdays are now a good day i used to hate tuesdays")

5. She enjoys taking baths and likes to use bath bombs, bath salts, and scented products to enhance the experience. (Verbatim: "when i do have baths i go all out... i like to make my bath pink yeah or a purple or whatever color other bath bombs are... bath salts are the ones that make it smell nice")

6. She has a preference for pink or purple baths, often using colored bath products. (Verbatim: "i like to make my bath pink yeah or a purple or whatever color other bath bombs are")

7. She mentions not having rubber duckies in her bath, implying she might consider getting them. (Verbatim: "oh i don't have any rubber duckies oh maybe i should get a rubber ducky")

8. She once tried living on ramen and 30p garlic bread, which made her very ill. (Verbatim: "you cannot live on 30p garlic bread also tried and tested doesn't work you end up becoming very ill can confirm i've been there")

9. She humorously identifies herself as "emergency food," indicating a self-deprecating or playful aspect of her persona. (Verbatim: "isn't ellie an emergency food it counts if there was an emergency where you had to eat me i would be your emergency food")

10. She admits to having difficulty with reading and processing text, suggesting a possible learning challenge. (Verbatim: "my brain no worky it's doing its bestest to read but i'm not always the bestest at putting letters together") [end of text]



NO RELEVANT INFORMATION [end of text]



1. She identifies as a celestial messenger, not a bird or goose. (Verbatim: "I'm not a pega goose... I'm a celestial messenger.")
2. She has experience with Unity and C#, and knows Python and Ren'Py. (Verbatim: "My experience is if Unity... Yeah, I also know Python and Rempy.")
3. She is British. (Verbatim: "I'm British.")
4. She has a mixed heritage, being half-rich and half-Asian. (Verbatim: "my accent's all over the place... because um yeah half rich half Asian and a mess.")
5. She loves cats and used to have one she grew up with. (Verbatim: "cats are my favorite I love cats I miss my old cat very much.")
6. She has practiced meowing to try to communicate with cats. (Verbatim: "I give you a full variety of cat meows that I've been practicing all my life.")
7. She suffers from anemia. (Verbatim: "wait anemia one three what are these imposters... we'd be anemic buddies for anyone that's also anemic.")
8. She drinks tea and cola, and considers chocolate an essential part of her adult breakfast. (Verbatim: "my adult breakfast is as adult as it gets it's chocolate you don't let kids have chocolate for breakfast logic you can't deny.")
9. She finds stress difficult to manage, especially when things are emotionally significant to her. (Verbatim: "Elia's stress management is like a war vet facing neighborhood police. It's very... difficult for me to get stressed.")
10. She hopes to gain more game development experience in the future. (Verbatim: "I hope I can get more experience.") [end of text]



1. She previously applied for a job at McDonald's but was rejected. (Verbatim: "i did apply for mcdonald's and they rejected me maybe they i don't know why")
2. She wanted to work at McDonald's partly because she wanted free burgers. (Verbatim: "i really wanted the free burgers um i got denied i got denied yeah sad")
3. She was a student at the time of her McDonald's application and was struggling financially. (Verbatim: "i was starving a student at that time okay i needed food and i was like this is a win-win")
4. She eventually pursued modeling instead of food service work. (Verbatim: "no i had to go model instead")
5. She grew up with a black and white short-haired cat, specifically a tuxedo cat. (Verbatim: "my old cat the cat i grew up with was a short hair was a short-haired cat yeah it was a black and white cat")
6. She is considering getting a long-haired cat in the future, such as a Norwegian Forest Cat, to avoid replacing her childhood pet. (Verbatim: "if i was to get another cat i wouldn't want to get one similar to my old cat... i could get like um a super fluffy cat")
7. She has an uncle who owns a British Shorthair cat that she finds cute but shy. (Verbatim: "my uncle does have a british short hair he's super cute he's super cute yeah but super shy though")
8. Her birthday coincides with a family barbecue tradition at her uncle’s house. (Verbatim: "i get to see it when because it'll be at my uncle's when they do the family barbecue for nana elia's birthday")
9. She expresses a strong fondness for chicken burgers and Coca-Cola. (Verbatim: "i'm gonna get so much chicken burger and coca-cola heck yeah")
10. She mentions being 151 centimeters tall in a self-deprecating joke. (Verbatim: "even if i was a worm even if i was a 151 centimeter worm") [end of text]



1. She likes the color orange, particularly for Super Chat. (Verbatim: "the number on my free super chat controls the super chat color i like orange")  
2. She is part British. (Verbatim: "technically i am british because i'm part british yeah yeah yeah")  
3. She has previously worked three jobs at once, which she describes as extremely tiring. (Verbatim: "i've been there i've done the three job life it's extremely tiring")  
4. She enjoys chicken burgers and refers to eating one as a "feast". (Verbatim: "i need to go eat a chicken burger a feast one may say")  
5. She has a preference for cookie cola and looks forward to drinking it. (Verbatim: "i look forward to getting cookie cola")  
6. She mentions having an upcoming 10-hour stream the next day, indicating a recurring streaming schedule. (Verbatim: "i will be back tomorrow for a 10 hour breath of the wild 10k celebration stream")  
7. She refers to her viewers affectionately and says spending time with them makes her happy. (Verbatim: "while spending time together makes me happy")  
8. She jokes about having a husband, though it is likely part of her VTuber persona. (Verbatim: "yeah have you guys seen my husband around here")  
9. She expresses concern about her eyesight after long streams, suggesting she may need to see an optician. (Verbatim: "i think i need an optician after this because my eyes can't focus on anything but you")  
10. She denies that starlings are her favorite birds and reacts strongly to someone impersonating her to spread that idea. (Verbatim: "tried to get me to say starlings are my favorite hey hey you can't steal my identity that's illegal") [end of text]



1. She had to complete a coding report in R and produce an R Markdown file as part of her final degree, under difficult conditions without internet access. (Verbatim: "i had to do a coding report so i had to run some analytics in r and produce a r markdown file... this report actually counted towards the final degree")

2. She endured a highly stressful three-month jungle expedition where she had to perform daily four to five-hour jungle treks, even if injured. (Verbatim: "i had to do my four to five hour jungle treks every day... i was there for about three months")

3. During the jungle expedition, she had no internet, limited electricity via a generator, and had to code and write academic reports without resources like Stack Overflow or online citations. (Verbatim: "there was no internet we had laptops and we had a generator... write a report essay with citations without the internet")

4. She used her personal Switch console during the expedition by secretly plugging it into the shared generator power, prioritizing it despite being told to use electricity only for essential tasks. (Verbatim: "i plugged in my switch that i'd brought with me... i was thinking well this is really important")

5. She avoided cold showers whenever possible and greatly values warm water, especially after months of only cold river water during the expedition. (Verbatim: "warm water in the shower so good yo... i don't like cold cold showers even if i'm all sweaty")

6. She found washing clothes manually in the river extremely difficult and unpleasant, and disliked being constantly dirty and smelly during the jungle trip. (Verbatim: "manual laundry sucked washing your clothes in the river is difficult as heck yo... everyone was perma stinky")

7. She was frequently bitten by mosquitoes during the jungle expedition, particularly getting a large bite in the center of her forehead, because she avoids touching her face to protect her skin. (Verbatim: "i had a big big big mosquito bite right in the middle of my forehead... i have quite the habit to not touch my face because it's not good for your skin")

8. She wore two long braids (called "plats" in British English) during the jungle trip to prevent her hair from getting caught, and avoided a single braid due to its association with a stereotypical anime "red flag" hairstyle. (Verbatim: "i kept my hair in like like two long plots yeah... i didn't want that anime hairstyle that red flag anime hairstyle")

9. She wore a large bucket hat during the jungle expedition that was given to her by "Papa Elia," indicating a familial or mentor figure with that nickname. (Verbatim: "i had papa elia's big bucket hat yeah yeah it was... he was like you can have this for your adventure")

10. She is from England, as indicated by her use of British English terms like "plats" for braids and "fringe" for bangs, and her clarification that "bangs" is not commonly used in England. (Verbatim: "we call it fringe fringe... in england yeah no one says bangs here") [end of text]



NO RELEVANT INFORMATION [end of text]



1. She previously worked a job in England where she had to greet customers repeatedly for eight hours a day. (Verbatim: "I once had a job where I basically just had to stand at the door and say hi how's it going over and over and over and over and over and over and over again for like eight hours a day")

2. She found her previous retail job in England boring because British customers generally did not respond to friendly greetings. (Verbatim: "that one was quite a boring job when i had to stand there because nobody in in england nobody wants to be welcomed")

3. She is from South England. (Verbatim: "but i am south england i don't know how it is up north")

4. She believes customer service in South England is less friendly compared to American standards. (Verbatim: "down here in the south we don't talk to each other but it's nothing personal it's nothing personal it is just how the people are")

5. She has experienced confusion from British service workers when Americans tried to engage in friendly conversation. (Verbatim: "the waitress the the the the the lady was like hey hey you're answering my question and you're giving me a question back and you want to answer you want a conversation because i didn't sign up for a conversation with you")

6. She makes an effort to pronounce viewers' names correctly but acknowledges she may have butchered some. (Verbatim: "i'm so sorry if i butchered anybody's name")

7. She is concerned about her throat and takes care of it by drinking water during long streams. (Verbatim: "i have some more water though i don't want to hurt my throat")

8. She believes lukewarm water is best for her voice. (Verbatim: "They say that the best thing for your throat is... Not hot water... Not cold water... Just... Just lukewarm water")

9. She refers to her community with branded terms like "Stella Stabs," "Stella Stamps," and "Stella Letters." (Verbatim: "Thank you so much for the Stella Stabs")

10. She uses the phrase "Oki-Doki" to indicate her throat is fine. (Verbatim: "My throat is 'Oki-Doki'") [end of text]



1. She gets distracted very easily in daily life. (Verbatim: "yeah i get distracted very easily um what was i trying to do i was like oh that was it i was trying to make my beans on toast the other day and i put the toast in and i went to get the beans then i saw i had my a parcel... i completely forgot about my toast")

2. She enjoys making and eating beans on toast, and prefers to time it so the butter melts perfectly. (Verbatim: "if you time it with the toast you can then get this delicious layer of like melted butter on it")

3. She owns a dog named Stelila (or Lila) who becomes very sad when she leaves. (Verbatim: "she gets really sad when i leave... she howls when i leave")

4. Her dog Stelila has a growing collection of animal-shaped toys, including a duck, moose, sloth, avocado, and mini dog. (Verbatim: "now she has a duck a moose a sloth um an avocado a mini dog... her little animal cut the animal collection is building")

5. She went shopping with someone named Nana Elia over the weekend and tested a walker. (Verbatim: "that was one thing nana elia pointed out to me when i went out with her on the weekend we were trying to go from like one end of this shop to the other end... we went to a store to to test out her walker")

6. She considers getting a cat in the future but is unsure about handling two pets. (Verbatim: "i don't think i could handle two dogs like what if i had two dogs pulling on the lead then that's just a sled... a cat would be nice but i don't think i could handle two dogs")

7. She once owned a cat in the past, but it is no longer with her. (Verbatim: "another one has been found i don't know how one gets a cat actually um because the only cat i ever had was")

8. She values her viewers as individuals and does not want them to feel invisible. (Verbatim: "i don't want people to feel like just one of many... super easy to feel invisible right? so i don't want anyone to feel that")

9. She mentally responds to chat messages even if she can't speak them aloud during streams. (Verbatim: "i do respond i do read your messages... in my head i do respond")

10. She remembers when viewers mention going to work or class and hopes they have a good day, even if she doesn’t say it live. (Verbatim: "i do think i hope you have a wonderful day at work wonderful day at class etc you know i think it i might not always say it but i do read it and i do think it") [end of text]



1. She owns a dog named Stelila, who is a pedigree. (Verbatim: "zelilah is a pedigree um yeah zelilah is a pedigree")

2. She adopted her dog Stelila from previous owners who were strict about finding a loving home, not one interested in breeding. (Verbatim: "the previous owners of stelila were also um quite strict on who who got stelila... she wanted the dog to just have a happy home")

3. She lives in England, where pet adoption processes are very strict. (Verbatim: "if you want to adopt anything from a shelter or anything in england they are extremely strict")

4. She does not have a lot of money, which she believes helped her appear genuine during the dog adoption process. (Verbatim: "i didn't even realize she was like a full pedigree... throwing in my lowball offer up yo i can i can i'd like a dog please")

5. She is very attached to her dog and considers her “the bestest best girl.” (Verbatim: "the bestest best girl in existence is my dog yes i'd say my dog is the bestest best girl")

6. She dislikes the idea of breeding dogs for profit and supports ethical pet ownership. (Verbatim: "she didn't want the dog to just be bred to have more dogs for someone to sell")

7. She has a fictional character or alter ego named Elenoir, for which she requested a special mode. (Verbatim: "i remember sending the elenoir one over and i was like can i have one like this... who is this and i was like ah yeah i should explain that")

8. She does not eat bananas, despite joking about being a “banana queen.” (Verbatim: "i'll be like i don't even eat bananas")

9. She values emotional connection and kindness, often expressing gratitude for her supportive community. (Verbatim: "i feel like i could say i have the most wholesome community... i'm very very very thankful for so i'll work hard for you all")

10. She struggles with self-doubt but is committed to self-improvement and hard work. (Verbatim: "i am one that is full of faults but i'll keep working hard maybe one day what what one day one day i'll be amazing") [end of text]



1. Elia Stellaria's origin is tied to the "first banana," and her alternate form, Elenoir, comes from the "second banana," implying a fictional lore involving seven bananas and multiple forms. (Verbatim: "the elenoir form comes from the second banana and i came from the first banana... me would need seven forms though")

2. She has a fictional royal title: "Elia of the house Delaria, first of her name, Queen of the Starlings, and this banana's lady of the seven bananas and protector of the sauce." (Verbatim: "elia of the house delaria first of her name queen of the starlings and this banana's lady of the seven bananas and protector of the sauce")

3. She refers to herself as having an "other form," suggesting a transformation or alternate identity within her lore. (Verbatim: "my other references have been my like other form you know so it was literally like yeah yeah yeah")

4. She is working on developing a more expressive rig for her VTuber model, particularly wanting better mouth movement and expressiveness. (Verbatim: "i need to make sure i get a pout or like more mouth movement i want to have like what what yeah")

5. She plans to commission wallpapers for her members and intends to regularly post them in a members-only folder. (Verbatim: "i will commission um wallpapers for you all... i'll post the members folder regularly")

6. She identifies with having a "VTuber mama" and is actively seeking a "VTuber papa," referencing common VTuber community roles. (Verbatim: "even if i have vtuber mama i won't move if i don't get a vtuber papa")

7. She is considering adding a "VTuber sister" to her lore or network in the future. (Verbatim: "i think i think yeah to be cool which would be cool yeah yeah yeah yeah yeah")

8. She created a "lurky emote" to make viewers feel safe and welcome, acknowledging that overthinking can prevent people from chatting. (Verbatim: "i made the lurk emote as like a you know safer feel free to spam that whenever it just means uh hi i'm here")

9. She describes herself as spontaneous and expressive in her movements. (Verbatim: "i am spontaneous... i feel like i move a lot and i'm quite expressive")

10. Her mini debut was on the 14th, and she is planning a larger, more developed debut in the future. (Verbatim: "this is like my mini debut is on the 14th... i'm working on a better debut at the moment a better debut a bigger one") [end of text]



1. She has had both a "mini debut" and plans for a "proper debut," causing uncertainty about which event counts as her official anniversary. (Verbatim: "So I don't know which one counts. The formal one. The formal. The formal. The formal.")

2. She prioritizes her audience's well-being and repeatedly emphasizes self-care and self-worth. (Verbatim: "I will say it a million times over. To look after yourself. Be kind to yourself. And remember. That you deserve. Love, happiness. And. To exist.")

3. She has a habit of forgetting things and mentions having a bad memory. (Verbatim: "Sorry, my memory quite bad.")

4. She read a book titled *101 Things You Need to Know and Some You Don't*, which included the fact that salt was historically used as currency. (Verbatim: "I remember reading it in this book called 101 Things You Need to Know and Some You Don't, I think.")

5. She used to manage her finances carefully during university using spreadsheets due to limited funds. (Verbatim: "I actually, um, have a million, million spreadsheets where I organized my monies, it was particularly important, um, back at uni.")

6. She has considered working at McDonald's as a backup plan if her VTuber career fails. (Verbatim: "Whenever I go past McDonald's, I look at the side and I'm like, 'Oh, they're hiring.' So if anything all goes bad, I guess I'll go there and get free burgers.")

7. She expresses a preference for burgers over ramen, and humorously mentions surviving on ramen if necessary. (Verbatim: "I'll survive on ramen." / "I don't want a banana. I want a burger.")

8. She is concerned about financial stability but reassures her audience she would speak up if she were struggling. (Verbatim: "I would let you know if there were any troubles of 'Oh no, I can't afford food, I have to start doing this part-time.'")

9. She enjoys sharing and thinking about wishes for her audience, referring to herself as a "wishful thinker." (Verbatim: "Maybe I'm a wishful thinker. I like to think of wishes for you all.")

10. She associates green with her chat community, who refer to themselves as a "green wall of chat." (Verbatim: "We are now free, green wall of chat! I can confirm you have successfully built a wall.") [end of text]



1. She previously worked in the IT sector within the financial software and financial industry. (Verbatim: "I used to do a lot of. What you call it. IT in financial software. And in the financial industry.")

2. She cannot legally give financial advice due to her past experience in the financial industry. (Verbatim: "You have you cannot give financial advice. They get that it's it's a illegal illegal.")

3. She dislikes accounting software and finds it painful to look at. (Verbatim: "I don't like accounting software it hurts me. Seeing accounting software hurts me.")

4. She expressed interest in possibly doing a budgeting stream to teach viewers about financial self-care. (Verbatim: "Maybe I should do a budgeting stream. Teach y'all about how to not dono. And how to not super. And how to look after yourselves.")

5. She lived in a flat with a communal bin area and did not need to take out the bins herself. (Verbatim: "I live in a flat, so we have like a communal bin area, so it doesn't matter. I don't have to take the bins out or anything like that.")

6. She wanted to learn Spanish but was unable to choose it in school due to scheduling conflicts. (Verbatim: "I wanted to learn Spanish, but in my school, they didn't actually give me a choice when they should have between French and Spanish.")

7. She was required to learn French in school and ended up taking it early, alongside another GCSE. (Verbatim: "I picked French because I had to... I did it when I was")

8. Her French language skills are now very rusty due to lack of use since school. (Verbatim: "my French is very rusty because they made me do French early along with another GCSE")

9. She felt left out during school team selections due to being bad at sports and often being a last pick. (Verbatim: "I suck at sports, so I was like last pick, and it was like, I wonder what it'd be like to be someone's first pick")

10. She values being an "Oshii" and considers it a high honor, likening it to being chosen first in a team. (Verbatim: "I feel like being an Oshii is, is of the highest honor... it gives me an extra doki-doki happy feeling.") [end of text]



