1. She has a Samoyed dog who is described as a "snow dog" and looks like a snow fox. (Verbatim: "my dog is a snow dog. She's a little snow dog. She looks like a snow fox.")
2. She enjoys wearing Uniqlo's thermal clothing, particularly their thermal trousers, which she finds very warm and comfortable. (Verbatim: "I heckin' love Uniqlo, and their thermal range is heckin' amazing...")
3. She finds cold weather extremely uncomfortable and has difficulty tolerating it, especially without proper warm clothing. (Verbatim: "It's so cold. It's so cold. It's so cold.")
4. She used to dislike the cold intensely due to growing up without access to warm clothing. (Verbatim: "I used to hate the cold so much because growing up I never really had any, like, warm clothes...")
5. She drinks tea with caffeine in the morning, which helps her feel energized and "thrives." (Verbatim: "I've made no mention of golf or anything, so, yeah, oh well, but it was yummy, I had my cup of tea, cup of tea, which has caffeine, and caffeine makes me thrive...")
6. She struggles with getting out of bed in the morning and finds it hard to make a fist due to lack of strength. (Verbatim: "Oh, maybe I will get my blankie, I will get my blankie, I want to get my blankie, I keep looking over to it...")
7. She finds it difficult to maintain an "evil laugh" and feels she lacks the energy or intensity for dramatic villainous roles. (Verbatim: "I really need to work on my evil laugh it's really lacking in the evil laugh level evil laughness...")
8. She enjoys the feeling of being fully relaxed in the morning, especially after waking up from sleep. (Verbatim: "In the morning, you're all, like, bleh, like, like, gicking marshmallows, chilling, you know?")
9. She has a strong emotional attachment to a blanket (referred to as "blankie") and often feels drawn to it in the morning. (Verbatim: "I keep looking over to it, like, blankie, blankie, blankie, I hear you calling for me...")
10. She finds the sensation of a cold shower initially unpleasant but becomes very comfortable once inside. (Verbatim: "you know when you have a shower or something, and it's really cold, and you're like, you're like, I don't want to get in the shower... but I know it's good, but, and it's always good once I'm in...") [end of text]



1. She was offered a scholarship to a private school during primary school but her parents declined. (Verbatim: "I could have got in on a scholarship... my parents rejected it because they didn't want me to go to a private school.")
2. Her parents preferred she attend the same school their generation attended. (Verbatim: "They wanted me to go to a school that... they that they what was it the school that papa elia went to.")
3. She was not raised in a manner that uses formal or posh speech. (Verbatim: "I was not raised in this manner I was not raised where people spoke like this.")
4. She finds formal speech to feel fake when she uses it. (Verbatim: "When I speak well I speak of I feel fake because I do not I was not raised in this manner.")
5. She has a strong preference for cute things, particularly kawaii-themed items. (Verbatim: "I just heckin love cute things cute things make my heart go yeah yeah yeah yeah.")
6. She owns a pink bunny-themed tray that she uses while sitting on the sofa. (Verbatim: "I have a tray I have a cute pink tray with a bunny on it.")
7. She has a matching set of cute British animal-themed kitchenware, including a bread bin and mug. (Verbatim: "I have a matching uh bread bin and and and do I have any other matching stuff oh and a matching mug yeah.")
8. She dislikes being called mean or insulting nicknames. (Verbatim: "I just think they're mean words um but yeah yeah yeah yeah so I will reinsert it with blah blah blah.")
9. She is comfortable treating people of all genders the same and does not differentiate based on gender. (Verbatim: "I'll just treat guys the same as girls you know I'll just treat them like and I'll try and treat girls how I'd probably just treat like guys it's all the same.")
10. She believes people should be treated as people regardless of gender, citing a lack of focus on physical differences. (Verbatim: "I don't see faces or things very well... I just treat people like people like yeah people are people so I don't think I should act any differently.") [end of text]



1. She celebrates her birthday on a day when she receives a special stream from her fans. (Verbatim: "happy six months i love you i'm so glad i can spend my birthday day off with everyone here")
2. She values being with her fans on her birthday and enjoys having a day off to celebrate. (Verbatim: "happy birthday happy birthday i hope you have a super super super wonderful day off")
3. She has a strong emotional connection to her fanbase, referring to them as "stananas" and expressing affection for them. (Verbatim: "thank you happy six months i love you i'm so glad i can spend my birthday day off with everyone here")
4. She has a preference for both "starling" and "stanana" versions of her donor alert, indicating she values both identities or fan groups. (Verbatim: "i need both i can't just have one... i love both starling and stanana okay")
5. She is actively involved in fan-driven voting events and has a pre-determined timing for ending polls to ensure fairness. (Verbatim: "i figured i'd have to end it at a good point which would be best to like Decide that so it didn't feel unfair, you know?")
6. She has a habit of watching the anime *Hunter x Hunter* multiple times, having already completed it six times. (Verbatim: "i think i'd do another watch through of hunter hunter it's only been five let's make it six")
7. She enjoys watching and reacting to memes with her audience, finding joy in shared humor. (Verbatim: "i had fun with the ones i looked through today and i look forward to looking through more next week")
8. She has a recurring schedule involving singing lessons every Tuesday. (Verbatim: "as you know tuesdays are singing lesson days")
9. She identifies with the concept of being a "party animal" despite not having been one before, suggesting a playful self-image. (Verbatim: "ladies i was a party animal i've never been a party animal before")
10. She is aware of and acknowledges the existence of fan-made identities or avatars such as "starling" and "stanana," indicating a layered fan culture around her persona. (Verbatim: "i need both i can't just have one... i love both starling and stanana okay") [end of text]



1. She is a British VTuber. (Verbatim: "hi welcome welcome i'm elias the laria british sorry vtuber yay")
2. She streams twice a day, with a morning "zatsu" stream and an evening stream. (Verbatim: "i normally stream twice a day this is my morning zatsu and then i usually have an evening one")
3. She has a singing lesson to attend, which limits her ability to extend streams during raids. (Verbatim: "i do have a singing lesson i have to go too unfortunately")
4. She enjoys beans on toast and recommends it highly. (Verbatim: "i actually actually really recommend it like no no don't smash my like button no no don't get their expectations high if you say i have fantastic content they're going to expect fantastic content and i don't know if i can provide that")
5. She finds horror games or intense content intimidating. (Verbatim: "i'm too scaredy-cat for this! Please, someone hold my hand!")
6. She is fond of chicken burgers and looks forward to eating one. (Verbatim: "i just really excited to go get a chicken burger i'm gonna go eat")
7. She prefers "see you later" over "bye-bye" as a farewell. (Verbatim: "it's a it's not a bye-bye because we don't like bye-byes it's a see you later")
8. She humorously references British punishments and cuisine as part of her persona. (Verbatim: "you will have some british cuisine and you will learn and become obsessed with the deliciousness that is beans on toast")
9. She has a playful, theatrical style of interaction, including dramatic calls to action like "go on a journey". (Verbatim: "would you like to go on a journey yeah we're gonna double it and pass it to the next person yay")
10. She is self-aware about her content quality and avoids overpromising. (Verbatim: "i don't know if i can provide that") [end of text]



1. She has a strong emotional attachment to watching anime, particularly Shinchan, and was deeply upset when a power outage cut off an episode mid-episode. (Verbatim: "I was watching Shinchan having a great time like yeah and then boom it stopped it turned off mid-episode and i was so so upset at the universe")
2. She considers internet access essential, to the point of prioritizing it over survival in a hypothetical zombie apocalypse. (Verbatim: "don't get rid of the internet like get rid of the internet um you know i need that i need that")
3. She owns a collection of Blu-ray discs, including Full Metal Alchemist: Brotherhood and Konosuba, which she keeps as backup entertainment during internet outages. (Verbatim: "i have full metal alchemist brotherhood konosuba um oh i don't know it's in the other room")
4. She received her Blu-ray collection from a friend named Ellie Bro during a period of internet disruption, indicating a meaningful personal connection. (Verbatim: "the dear kindness of ellie bro providing me the blu-rays for me to not go insane um during that time")
5. She has a candle lighter that she keeps within reach and uses regularly, preferring it over matches due to convenience. (Verbatim: "it's in it's in reach um yeah no don't you want it on hand like you know don't you want it on that")
6. She is cautious with candles due to having a dog, and avoids using too many to prevent fire hazards. (Verbatim: "i don't want to set everything on fire um yeah it's right here in my hand people people it's really good")
7. She recalls childhood memories of her family’s stove not working properly, requiring the use of a gas lighter to ignite it. (Verbatim: "our stove didn't actually work properly so you it was really like you had to um it was always such a pain")
8. She once had a dream in which she deliberately set fire to cooking oil in her kitchen as a solution to clean it up. (Verbatim: "i had a dream about setting stuff on fire last night actually um i like spilled oil like cooking oil in the kitchen")
9. She is aware that lighting oil on fire is dangerous and explicitly warns viewers not to replicate the action from her dream. (Verbatim: "do not do that by the way i'm lying there's no big brain in that by the way just to clarify")
10. She has a strong preference for girly-smelling candles and enjoys their "girly frequencies." (Verbatim: "i like them nice girly smells you know them girly frequencies") [end of text]



1. She has sensitive eyes and prefers dark mode visuals to reduce eye strain. (Verbatim: "i have quite sensitive eyes when it comes to light and i feel like when it comes to watching the letters of comfort it's probably someone in a dark room")
2. She wears sunglasses when the sun is out, though not frequently due to England's weather. (Verbatim: "i wear sunglasses a lot well not a lot just when the sun's out")
3. She enjoys rain, particularly gentle, steady rain that falls straight down. (Verbatim: "the good kind is like the chilled kind where it's just like the one that you picture on like a nice rainy day")
4. She dislikes harsh, windy rain with horizontal drops that soak through raincoats and cause discomfort. (Verbatim: "that rain is just just pain but if it's like simple rain just simple rain like then then i i i actually don't mind walking in that")
5. She once got completely soaked through a raincoat during a university trip in the English countryside. (Verbatim: "i was doing this like um little trek with my university through like i don't know some english countryside and it's tipping down and yeah like i was completely soaked through and through")
6. She has a cold-weather sensitivity and warns others to avoid dropping body temperature after getting wet. (Verbatim: "make sure you stay you don't drop too far in body temperature i don't catch the flu okay yeah yeah yeah yeah yeah")
7. She has a preference for a gentle, calming visual style in her content, especially for her "Letters of Comfort" series. (Verbatim: "i've changed the thumbnail so it's more gentle um and yeah yeah yeah so basically it felt like i spammed you guys because i really still have like like seven ish videos at the same time")
8. She updated her channel's graphics and thumbnails to maintain a consistent, gentle aesthetic. (Verbatim: "i've updated the graphics i've updated the thing so it's all consistent consistent style and i've changed the thumbnail so it's more gentle")
9. She enjoys eating a breakfast of granola, yogurt, maple syrup, strawberries, and blueberries. (Verbatim: "my adult breakfast is actually an adult breakfast it's a heckin what you call it um like a granola cereal yogurt maple syrup and strawberries and blueberries")
10. She finds plain water unappealing and desires sweetness in her drinks. (Verbatim: "water is not meant to taste like artificial sweetener what why no no i want sugar i want sugar") [end of text]



1. She has a strong preference for raincoats designed to keep her dry rather than warm. (Verbatim: "it's designed to keep you dry but yeah oh hell stands are in in summer what hey i'm not seeing them in summer")
2. She lives in a place with frequent rain and sunshine, leading to frequent rainbows. (Verbatim: "we get we get a lot of rainbows here that's one plus you get in in england do you have lots of rainbows um because our weather is just all over the heck in place")
3. She finds rainbows uplifting and emotionally comforting. (Verbatim: "so i gotta see a big rainbow it is it makes me smile and and sometimes you get the double rainbows")
4. She once bought children's shoes by mistake, thinking they were small adult shoes. (Verbatim: "i just didn't realize it was a man shoe um i was like this would look really cute if it was super small")
5. She was embarrassed by the experience of buying children's shoes in public but found it less awkward than buying men's shoes in her size. (Verbatim: "it was less embarrassing than than picking up the men's shoes and asking if they had it in my size")
6. She is critical of pricing fairness in shoe stores, noting that smaller shoes are not priced proportionally. (Verbatim: "it's like half the size if it's half the size can't it not be half the price like you know like what it's not fair")
7. She once encountered used, dirty Converse shoes in a storage box at a store while shopping. (Verbatim: "inside this box were used converse like like very very clearly used converse and i wasn't buying converse okay like it had like stones in the soul and dirt all over it")
8. She has worked in retail, where she encountered difficult customers and awkward situations. (Verbatim: "i've worked in retail fun fun times fun times oh yay oh yay i feel like everyone should work in retail at one point")
9. She recalls a customer who asked her to fold a 60-inch television into a bag. (Verbatim: "can't you fold it up i was like eh fold like fold fold fold like like you want me to fold it up")
10. She is small in stature, which has influenced how she handles carrying heavy items. (Verbatim: "the same way i carried it but you're stronger um and you have no idea how many times people ask me like how do i carry that out of here") [end of text]



1. She values content quality over frequency and prefers releasing content all at once rather than spreading it out. (Verbatim: "I'm gonna release it all at once because I want them to have my content now because my content is like the same feeling I have when I do any of you get like this when you like buy someone a present and you're really excited to give it to them")
2. She finds it difficult to keep secrets or spoilers, often giving them away during member streams. (Verbatim: "when I do my member streams I just end up um giving spoilers because that's the only place I like to give spoilers")
3. She has a Google Ads account that remains suspended, preventing her from running advertisements. (Verbatim: "my heckin google ads account is still suspended")
4. She actively studies advertisements for content research, analyzing how they maintain viewer attention. (Verbatim: "I actively consume the adverts to see what's going on who's advertising where what are their adverts like do they work on me")
5. She believes in giving people the benefit of the doubt and assumes good intentions, especially in cases like backseating. (Verbatim: "I don't think it comes from a bad place um that kind of thing and yeah i also um do keep my streams family friendly")
6. She does not have an over-18 rule on her streams and prefers a family-friendly environment. (Verbatim: "i don't have a over 18 rule um yeah well i know that um mozu does and will insta insta bonk you that kind of thing")
7. She dislikes being "bonked" and does not approve of aggressive moderation tactics like instant bans. (Verbatim: "i don't like bonking people okay i like to yeah um yeah yeah yeah yeah")
8. She enjoys the feeling of excitement when sharing content, comparing it to giving a gift. (Verbatim: "i'm that kind of person where i get really excited and yeah yeah yeah yeah yeah i want to just like yeah get the present i keep you")
9. She has a strong emotional connection to her content and feels a personal attachment to its release. (Verbatim: "i want them to have my content now because my content is like the same feeling i have when do any of you get like this when you like buy someone a present")
10. She is open to receiving content from fans and encourages "spamming" with new uploads. (Verbatim: "please do spam us with more content you don't know the amount of times i just randomly check youtube or twitter just to check because i missed you") [end of text]



1. She has a community mascot named Stanana, which is yellow. (Verbatim: "the stanana is the yellow one")
2. She has a community mascot named Starling, which is purple. (Verbatim: "the starling is this purple one")
3. She enjoys Final Fantasy XIV and has paid for it, currently at level 70. (Verbatim: "i ended up paying for it like it's now level 70")
4. She finds the word "punk" amusing and frequently uses it. (Verbatim: "i just i just i found the word punk funny and i can't stop saying it")
5. She has a strong emotional connection to the concept of embracing cringe. (Verbatim: "you shall be embraced yeah yeah there's that always happens")
6. She appreciates rainbows and finds them uplifting. (Verbatim: "i see a gorgeous rainbow every single day and it really makes my day so much better")
7. She has a playful, self-aware attitude toward internet slang and meme culture. (Verbatim: "i can't stop saying it it keeps happening to me and i can't stay in it's lit fam")
8. She is familiar with the term "rage farming" and acknowledges its political context. (Verbatim: "it's about intentionally provoking political opponents... to elicit angry responses")
9. She has a fondness for the word "confuddled" despite questioning its legitimacy. (Verbatim: "i don't even know what i'm trying to say it feels so fast but also feels so long too also i don't think confuddled is an actual word")
10. She is involved in community elections for her fanbase's identity. (Verbatim: "surprise election time yay oh my goodness wow what a surprise wow get heckin bamboozled") [end of text]



1. She has strong facial muscles due to training her eyebrow muscles. (Verbatim: "i have very good eyebrow control i can i can truly um go like with both like i it was it was in in things that i thought would be cool to learn like that would make me cool")
2. She has strong mouth muscles from playing the French horn. (Verbatim: "i have the strong mouth muscles from the french horn")
3. She is proud to be the "simp" for her fans. (Verbatim: "i'm the simp here okay it's me i'm the simp it's me it's me okay")
4. She enjoys crispy chicken burgers. (Verbatim: "i like crispy chicken i like i like a crispy chicken burger")
5. She dislikes spicy food. (Verbatim: "i don't like spicy i don't like spicy like like yeah it very much disappoints")
6. She once ate a spicy chicken burger that made her nose runny and caused discomfort. (Verbatim: "it was the it wasn't wasabi no it was um it was i don't know what it was like so basically i bought you can buy like these like you can buy breaded chicken like breaded chicken burger so i bought breaded chicken burger um but i didn't realize it was spicy breaded chicken burger so it was just like chili or something")
7. She prefers mayo on her fries/chips. (Verbatim: "i had chips with mayo on the side but again what you guys cool fries i just i can't but the mayo did help")
8. She has a temporary model from Nizima that she used before upgrading. (Verbatim: "this is just a temporary model from nizima um")
9. She upgraded from an older model to a more expressive, expensive one costing a couple of thousand. (Verbatim: "this one costs like 60 buckaroos and my current model costs like a couple of thousand we're sticking with the expensive option okay")
10. She feels restricted by her old model due to limited facial expressions. (Verbatim: "i felt very restricted in my old model because i didn't like you don't get all these little facial actions that you know that i feel like i'm one to express myself with my face") [end of text]



1. She is British. (Verbatim: "why am i streaming at five in the morning because i'm british")
2. She keeps butter at room temperature in a glass butter dish with a cow-shaped lid. (Verbatim: "i have a glass butter dish i'm gonna try and but look they get so many cute ones i'm kind of tempted to get a cute one")
3. She prefers eating butter on sandwiches and considers it essential. (Verbatim: "whenever i make a sandwich i always always always always have butter like it's not a sandwich if there's no butter in it")
4. She is familiar with American units of measurement like "stick of butter" but does not use them. (Verbatim: "i've never seen a stick of butter but i have a cookbook that literally uses it like it's a unit of measurement")
5. She has a fondness for cola and used to enjoy drinking it from glass bottles during a "fancy" phase. (Verbatim: "i used to be so fancy i used to have my monocle and my top hat and that mustache and i would say hello governor and and and then whack out my glass bottle of cola")
6. She finds delivery services unreliable, especially for basic groceries like cola and milk. (Verbatim: "i have just i don't know why delivery is so hard okay so like i usually try and order maybe these glass bottles but they didn't turn up the last few times")
7. She has a nostalgic attachment to a past "fancy" persona involving a monocle, top hat, and mustache. (Verbatim: "i used to be so fancy i used to have my monocle and my top hat and that mustache")
8. She enjoys the Doom soundtrack and finds it energetic and motivating. (Verbatim: "the doom soundtrack is heckin awesome though it's such a hype like i don't know it just gets you like yeah i can do this let's heckin go kind of feeling")
9. She has a Zelda-themed cookbook that uses American measurements, which she finds confusing. (Verbatim: "i have an american cookbook it's um it's a what you call it a zelda themed a zelda themed cookbook it's really cool but i can't figure out how to make anything inside of it")
10. She is aware of the British/American terminology differences regarding "chips" and "crisps". (Verbatim: "chips are what you guys call fries and what you guys call chips is what we call crisps") [end of text]



1. She has a strong preference for Coke Zero and is distressed by attempts to substitute it with other drinks. (Verbatim: "how dare they try and sub how could they substitute my precious coke zero for literally any other drink like excuse me")
2. She dislikes the taste of Pepsi Max and finds it "funny." (Verbatim: "i don't actually like pepsi max i'm sorry if anyone does it's okay if you do i just find it tastes funny")
3. She experiences sugar crashes after drinking regular cola due to its high sugar content. (Verbatim: "i will literally be like a small child that's had too much sugar and then i will crash a nap")
4. She is addicted to the caffeine in her drinks and does not want to give it up. (Verbatim: "it's definitely the caffeine i think that i need")
5. She has a deep affection for plushies and considers herself a "plushie connoisseur." (Verbatim: "i am a plushie connoisseur connoisseur connoisseur")
6. She owns a large collection of plushies that she refers to as "plushy mountain." (Verbatim: "my little plushy mountain has fallen by the way")
7. Her Samoyed dog sleeps among her plushies and occasionally gently removes them from her grasp. (Verbatim: "my dog has recently started sleeping among all my plushies it's so cute")
8. Her dog is known to gently "yeet" plushies off the bed and is a "sock thief" who tries to steal socks and slippers. (Verbatim: "she just she knows she can't damage them like she knows she can't i'll tell her off if she's like you know dares be aggressive but she'll gently carefully grab with her mouth and gently yeet")
9. She once won a white fluffy dog plushie from a crane game in Japan and brought it back with her. (Verbatim: "i saw a crane game machine with this white fluffy dog plushie inside and i ran to the crane machine i won it actually")
10. She has a strong emotional attachment to her dog and once used a plushie as a substitute while away in Japan. (Verbatim: "i had my dog substitute with me while i was in japan because i was there for like a month") [end of text]



