1. She is originally from England. (Verbatim: "we don't have everything bagels in England.")
2. She currently resides in America. (Verbatim: "pizza's different here in america it's like they sell um deep pan pizza you know like uh thick thick thick thick thick pizza")
3. She enjoys eating bagels, particularly toasted with toppings like cream cheese, salmon, and chives. (Verbatim: "I got an everything bagel... And it's got like cream cheese, chives, salmon, I don't know what else, stuff.")
4. She likes cinnamon and raisin bagels toasted with butter. (Verbatim: "what's really nice buying like a cinnamon and raisin bagel and toasting it and then putting butter on it and it's melted and it's so good")
5. She dislikes overly seeded bagels and finds seeds getting stuck in her teeth unpleasant. (Verbatim: "I don't like, I'm not a fan of all the seeds. Like, um, do you ever get the seeds going between your teeth and it hurts...")
6. She recently injured her ankle while bouldering, resulting in severe swelling and pain. (Verbatim: "my ankle is so borked it's like next level borked... i rolled on my ankle and it definitely i definitely heard a very loud crack")
7. She is hesitant to seek medical attention despite her injury. (Verbatim: "do i need to see a doctor probably but i'm not")
8. She has seen and loved the movie *Everything Everywhere All at Once*. (Verbatim: "also, yes, I've seen everything everywhere all at once, and I love it.")
9. She makes a connection between the "everything bagel" in the movie and the real-life everything bagel, interpreting it as a reference. (Verbatim: "it now makes so much more sense why everything's on the bagel in it, because of everything. It's a reference to the everything bagel.")
10. She prefers her bagels crunchy on the outside when toasted. (Verbatim: "I don't really like my bagel soft. I like them like crunchy on the outside a bit.") [end of text]



NO RELEVANT INFORMATION [end of text]



1. She considered applying to American universities but was deterred by high international student fees. (Verbatim: "i remember looking at a lot of them i i did actually want to go to um an american university... but turns out that's for rich people because yeah i basically wanted to look at... harvard and yale and stuff... but yeah no international student fees heck no i couldn't afford british international fees like hecking wild")

2. She almost participated in a year-abroad program but couldn't due to family circumstances. (Verbatim: "i actually um almost went to... a year abroad is you could do it like you know in america but because of like family circumstances and stuff i couldn't i couldn't go abroad at that time so i didn't but i wanted to")

3. She was valedictorian during her time in school. (Verbatim: "i've already told you guys i was um i was valedictorian yo so it wouldn't")

4. She is from England and references British cultural elements, such as hills instead of mountains and donkey rides on beaches. (Verbatim: "we have a lot of big hills i would say... we have mountains in the lake district but it's only 978 meters"; "it's a british thing to have donkeys on the beach and then donkey rides")

5. She worked at a zoo in the past, where she looked after horses. (Verbatim: "i've looked after horses but that was when i was working at the zoo and they had horses there")

6. She has ridden a donkey as a child, recalling it as a traditional British beach activity. (Verbatim: "i've ridden a donkey because like i don't know if it's still a thing i remember being super super little... you go to the beach and then there's donkey rides... that's like a typical beach activity")

7. She has ridden a camel, which she describes as an unpleasant experience due to the heat. (Verbatim: "i have been on a camel though i have been on a camel that was an awful time it was boiling hot and and i had this bottle of water that it heated up so i had this bottle of basically hot water i was melting")

8. She associates skiing and horse riding in England with wealthy people and recalls identifying "rich kids" by their ski tans. (Verbatim: "there's two hobbies that are that are very clearly like expensive... one is skiing and the other one's horse riding... you could tell who the rich kids were at school because after summer they would come back with a... ski tan")

9. She is interested in trying horse riding one day despite never having ridden a horse. (Verbatim: "i would love to try horse riding one day i've looked after horses but... i've never ridden a horse")

10. She compares the Russell Group universities in England to the Ivy League in the US and mentions Oxford, Cambridge, and other specific institutions. (Verbatim: "ivy league schools that kind of thing because i think ivy league is the say is the the equivalent of ivy league in england is our um what are they called russell group") [end of text]



1. She was valedictorian in school. (Verbatim: "i was valedictorian yo so it wouldn't um yeah")

2. Her parents wanted her to study medicine at university, but she ultimately chose a different path. (Verbatim: "my parents originally wanted me to go to universities for medicine and i was like okay parents whatever you want... and then i got to it and i was like i don't want to do this")

3. She aspired to become a VTuber, which was her true career desire. (Verbatim: "to be a vtuber instead exactly exactly that is what i actually wanted to be")

4. She attended a Catholic school during her childhood. (Verbatim: "i went to a catholic school so it's the one that fought the dra- fought fought the dragon")

5. She has a strong interest in having a large freezer to store frozen food, especially frozen pizzas. (Verbatim: "i want to one day have a big freezer if i could ever have my own place where i have i buy my own freezer i'd make sure i buy one of those big ones and fill it with frozen pizzas")

6. She currently lives in England and has a small freezer in her flat, limiting her ability to store frozen food. (Verbatim: "my freezer in england is too small that it doesn't fit pizza inside so i never have frozen pizza because it doesn't fit inside my tiny tiny freezer that i have in my flat")

7. She is familiar with a UK frozen pizza brand called Chicago Town Pizza. (Verbatim: "we have a brand we have a brand of pizza that you can get in england called called chicago town pizza")

8. She associates Delaware with the anime My Hero Academia, indicating it as a source of her knowledge. (Verbatim: "i actually think that might be why because i i can't think of any other reason why i would know delaware i actually think it's from my hero academia")

9. She struggles with the pronunciation of American state names, such as Illinois and Georgia. (Verbatim: "i've never said that state out loud because i wasn't 100% certain on how it was pronounced")

10. She finds horse racing in England culturally fascinating due to the fashion and traditions, though she has never attended. (Verbatim: "i find i find the the racing in england fascinating because it's like a place you dress up in fancy hats i've never been") [end of text]



NO RELEVANT INFORMATION [end of text]



1. She grew up in areas of England where social interactions were hostile and eye contact could lead to threats. (Verbatim: "Cause like, I'm fine with that. That's kind of like the areas I grew up in England. Um, you know, you don't greet each other. And if you look slightly in that direction, it's what you looking at me. You start on me... every time I did eye contact, I'd get threatened by strangers.")

2. She has difficulty with eye contact due to past experiences with strangers threatening her. (Verbatim: "eye contact is hard because every time I did eye contact, I'd get threatened by strangers.")

3. She is from England and has a British accent she finds difficult to change. (Verbatim: "Hello, I'm from England." / "I can't get rid of my accent. I'm sorry.")

4. Her mother used to play a PlayStation One game called *Jersey Devil*, which she watched as a child. (Verbatim: "my mother would play this game that she really liked on the playstation one... it was called jersey devil... i used to just watch her play it.")

5. She associates M&M's with Detroit, possibly indicating a humorous or memorable association with the city. (Verbatim: "Yo, M&M's from Detroit.")

6. She expresses a liking for chalupas and Taco Bell, associating them with the word "chupacabra." (Verbatim: "when i first read chupacabra i thought you wrote chalupa and then i thought of taco bell because that's yummy.")

7. She humorously lists "Miku, McDonald's, Ka-chow, then the B-movie" as her favorite states, indicating a fondness for Vocaloid (Hatsune Miku), fast food, and pop culture. (Verbatim: "My favorite, my favorite states are Miku, McDonald's, Ka-chow, um, then the B-movie.")

8. She is unfamiliar with basic U.S. geography, such as not knowing Montana is a real state. (Verbatim: "I didn't know it was a place. Like for, I didn't know it was a state. I'll be honest. I was never getting that.")

9. She has an interest in drawing, though she self-deprecates her artistic skills. (Verbatim: "I'm gonna draw it for you... I tried, I tried... I hope you guys enjoy my art, it looks so bad.")

10. She references Rick Astley’s “Never Gonna Give You Up,” indicating familiarity with or participation in internet rickrolling culture. (Verbatim: "we're used to it now because we're no strangers to love when we know the rules.") [end of text]



NO RELEVANT INFORMATION [end of text]



1. She is from England. (Verbatim: "I'm from England, and in England, we are known for our potatoes, so, I will.")
2. She is currently in America. (Verbatim: "I thought it was appropriate to do it while in America, you know?")
3. She plans to return to England soon. (Verbatim: "I will be back in England soon!")
4. She wants to create a tier list of American food places she has tried. (Verbatim: "I want to do a tier list of all the different food places I've been trying in America!")
5. She injured her ankle while bouldering. (Verbatim: "So I was bouldering and I climbed to the top and then I was trying to climb down and then I lost my grip and I slipped and then I rolled my ankle.")
6. The bouldering wall she fell from was a beginner-level V2. (Verbatim: "It was a- they have like the rankings and it was like a V1" / "No, V2, I think it was a- it was a V2 wall?")
7. She is scheduled to participate in a collab soon but feels unprepared. (Verbatim: "Am I ready for the collab? No." / "I'll be there. I'll be there. I'll be there.")
8. She is collaborating on a cover of the song "Q" with Kitty Spica, performing Mori Kalaipi's part. (Verbatim: "I'm doing a cover of Q with Kitty Spica and I'm doing Mori Kalaipi's part in that song.")
9. She mentions having a "draining shift," suggesting prior work or tiring activity. (Verbatim: "Thank you for helping me through a draining shift.")
10. She has a self-deprecating view of leadership, joking she'd be a "terrible queen" or "clumsy Empress Overlord." (Verbatim: "Not good enough to be a queen." / "You can't have a clumsy- clumsy Empress Overlord now, can we?") [end of text]



1. Her birthday is March 7th. (Verbatim: "My birthday is March 7th.")
2. She has been on Twitch for at least 6 months. (Verbatim: "Happy 6 months on Twitch.")
3. She refers to herself humorously as the "cute silly goose." (Verbatim: "6 months with the cute silly goose. Who? Couldn't be me.")
4. She experiences discomfort and nervousness about wearing swimsuits. (Verbatim: "the only hard part about swimming, is the swimsuit part, yeah, makes me nervous")
5. She once struggled with changing into a swimsuit, sitting for 10 minutes due to fear. (Verbatim: "I tried to go swimming and I sat there for like 10 minutes being like, I need to change into my swimsuit. But I'm scared.")
6. She mentions having to rest her brain between streams due to long streaming schedules. (Verbatim: "I need to rest my brain just a tiny little bit.")
7. She plans to do a quiet speaking zatsu stream at 1am. (Verbatim: "see some of you at 1am tonight when we do a quiet speaking zatsu.")
8. She intends to try learning Morse code in a future stream. (Verbatim: "there's also tomorrow when we're going to try and learn Morse code.")
9. She dislikes saying "bye-bye" and prefers "see you later." (Verbatim: "it is not a bye-bye because I don't like bye-byes. Bye-byes.")
10. She once identified as a cat, referencing her past VTuber identity. (Verbatim: "It's because I was a cat.") [end of text]



1. She is from England and is currently abroad, planning to seek medical help only after returning home due to cost concerns. (Verbatim: "i'm not gonna do that until i'm back in england because um i heard it's expensive here")
2. Healthcare in England is free, including ambulance services, unlike in her current location where costs are a concern. (Verbatim: "in england it's cheaper to call an ambulance because it's free")
3. She has travel insurance that could cover her current injury but is unsure whether to use it. (Verbatim: "i do have travel insurance should i use it like is it worth")
4. She has never broken a bone, fractured, or sprained anything before this incident. (Verbatim: "i've never broken a bone or fractured or sprained myself actually")
5. She tends to avoid asking for help when injured because she doesn’t want to be a burden. (Verbatim: "the last thing i want to do is be a bother right like i don't want to be a bother at all")
6. She mentions knowing only one county in the UK, implying she lives in or is closely associated with that area. (Verbatim: "i'll only know about the places i like the the area i live it'll be like... wonder why she knows that one")
7. She acknowledges being inconsistent with self-care despite encouraging her viewers to practice it. (Verbatim: "for someone who tells us to look after ourselves you're horrible at it straight up")
8. She is capable of hopping on one foot and standing on the ball of her foot to avoid using her injured ankle. (Verbatim: "if i stand on the ball of my foot i can avoid using my ankle")
9. She expresses a dislike for false advertising, specifically referencing "everything bagels" not actually containing "everything." (Verbatim: "seeds are not everything absolute absolute false advertisement right")
10. She enjoys cute snacks and has an interest in them, noting when donors send visually appealing ones. (Verbatim: "i'm more interested in that really yummy looking snack... we have an eye for really cute snacks") [end of text]



1. She is British and acknowledges her British identity. (Verbatim: "being british makes you feel things i feel like it normally makes people feel anger")

2. She is currently visiting California, which is her first time in America. (Verbatim: "yeah because that's where i'm visiting right now um being british makes you feel things")

3. This is the first time in her life she has traveled to the American side of the world. (Verbatim: "this year is the first time in my life i've like this side of the world like we're talking like the whole america side")

4. She has only been to California in the United States, and has not visited any other U.S. states. (Verbatim: "i've never been to any of these at all only here um only here only here")

5. She mentions using the term "love" in a way typical of some regions in England, especially in service interactions. (Verbatim: "in England um some places I like to use the word love... like in restaurants and stuff um how you doing love")

6. She expresses difficulty with geography quizzes that require typing in names or clicking locations. (Verbatim: "i really struggle trying to find a quiz that let me type it in and guess where it's at")

7. She previously streamed chess, which she found mentally draining. (Verbatim: "yo those chess streams i used to do drained my brain so hard")

8. She injured her ankle and decided to rest it instead of continuing to go bouldering. (Verbatim: "i will rest even though i really don't want to be left out and i really want to continue bouldering")

9. She is self-deprecating about her responsibility and leadership abilities. (Verbatim: "don't put me in charge of anything i'm not very good with responsibilities")

10. She wants to visit Florida someday and is curious about its reputation. (Verbatim: "i want to visit florida one day is florida truly like how they say florida is") [end of text]



1. She is British and currently residing in California, in the process of adopting American cultural traits. (Verbatim: "hello hello i'm ellia salaria british vtuba currently in california becoming american")

2. She attended university in England, where she grew her own coriander and named her plant "Corey in the house." (Verbatim: "fun fact i used to grow a lot of my own coriander um when i was at uni and i had this little coriander plant... i gave it a name because i like to name my plants and my coriander plant was called corey in the house")

3. She has a strong interest in neuroscience and the human brain, stemming from a summer outreach program during her teenage years. (Verbatim: "i was on a summer camp thing at this university and they had like a little bit where we looked at um neuroscience because i was quite fascinated by neuroscience i'm really fascinated by the brain to be honest")

4. She has handled human brains donated to science but has never worked with full cadavers. (Verbatim: "i've dealt with brains i've dealt with brains yeah so i've like dealt with human brains that were donated to science but i've never dealt with like the full body")

5. She participated in an outreach program related to medicine and anatomy, and missed the opportunity to visit a university morgue. (Verbatim: "i actually missed out on the day that well i was at this you know another another um not camp it was like an outreach program and i was supposed to go to the morgue but i didn't")

6. She dislikes brussels sprouts, likely due to a genetic sensitivity that makes them taste bitter. (Verbatim: "i dislike brussels sprouts but apparently they're trying to remove that taste from brussels sprouts so it sells better... no i've i hate brussels sprouts")

7. She finds cilantro (coriander leaves) to be a favorite herb, in contrast to her aversion to brussels sprouts. (Verbatim: "if you have a gene for coriander slash cilantro um you might find it tastes like soap... yeah cilantro is the leaf coriander is the seeds")

8. She is not squeamish about gore or horror content, attributing her composure to her scientific background. (Verbatim: "i'm not one to get squeamish mostly because i'm a scientist")

9. She played *Mortuary Assistant* in a previous stream and is not easily disturbed by its horror elements, though she reacts to jump scares. (Verbatim: "wait yeah i was playing mortuary assistant um was it last stream and yeah um you guys have noticed i don't really like i don't know i don't really react to i react to jump scares")

10. She once practiced an American accent, indicating an interest in linguistic variation or performance. (Verbatim: "i was practicing my american accent yee whore") [end of text]



1. She is British and has a British accent, though she sometimes forgets she's perceived as British. (Verbatim: "yeah i do actually have quite a small nose i've been told" / "yes at times i forget i forget you're british")

2. She has a small, "inward" nose, which she contrasts with the stereotypical large English nose often depicted in anime. (Verbatim: "my nose is like uh it's not because you know you get two types of noses right you get the ones that go out and the one that goes in i've got an inward in a small boop on the end")

3. She likes French pastries, baguettes, and crepes, which is why she wants to keep France in a fictional world takeover scenario. (Verbatim: "i really like french bakeries i like french french pastries and baked goods" / "france is the one i want to keep i would like to keep the baguettes")

4. She has a meet-and-greet and panel appearance scheduled at VExpo. (Verbatim: "i do have a meet and greet at vexpo" / "i believe i'm doing a panel and some meet and greets")

5. She cannot swim but has participated in various water activities, including kayaking, canoeing, and river rafting in England. (Verbatim: "i can't swim so um" / "i've done like canoeing kayaking and all of that")

6. She is afraid of water entering her eyes and finds swimming goggles uncomfortable, often feeling water gets through even when her eyes are closed. (Verbatim: "when you close your eyes does water get through" / "my eyes are sensitive my eyes are super sensitive")

7. She has tried swimming in a pool wearing a red bikini, which was the only size available in her size at the store. (Verbatim: "i bought a um swimwear bought some swimwear and i tried swimming in a swimming pool and i didn't drown" / "it was a bikini um yeah they only had one... it was red")

8. She expresses a desire to visit Hawaii one day, describing it as a "magical summer place." (Verbatim: "i want to visit hawaii one day um because it doesn't feel like a it just seems like a magical place like a magical summer place")

9. She has done snorkeling but distrusts snorkel masks and goggles due to past discomfort and fear of them leaking. (Verbatim: "i've been snorkeling um but i don't trust goggles and i don't trust snorkel mask things")

10. She attended a school in England where American history was minimally taught, recalling only that Virginia was the first English settlement. (Verbatim: "they didn't i don't remember much about i don't remember we didn't learn much about america to be honest um virginia and then is there um uh") [end of text]



1. She attended a Catholic school in the past. (Verbatim: "so i went to a catholic school so we had to we had to recite the prayer um the prayer of the virgin mary and our father")

2. She has an injured ankle from a bouldering accident. (Verbatim: "my ankle is borked from when i fell when i was bouldering... my left ankle is like swollen like crazy")

3. She almost accidentally posted a photo of her feet online while trying to share an injury update. (Verbatim: "i went to go post it on twitter then i realized i'm not posting feet pics like")

4. She had a recent collab with a VTuber named Ruby. (Verbatim: "who i had the collab with... not yesterday the day before")

5. She associates Maryland with a brand of cookies from England. (Verbatim: "i only know Maryland because yeah there's a brand of cookies that you can get in England and they're called merryland cookies")

6. She pronounces "Maryland" as "Mary-land" and prefers that pronunciation. (Verbatim: "mary and then land the land of mary... maryland the heck i prefer maryland")

7. She is familiar with American geography and holidays but admits limited knowledge. (Verbatim: "i don't remember much about... america to be honest um")

8. She references Washington DC as "the state of confusion" and describes it as a special district separate from states. (Verbatim: "it's its own little square like the state of confusion is the state that I live in by the way")

9. She mentions she is not celebrating her birthday during the stream. (Verbatim: "it's not my hecking birthday")

10. She recalls religious practices from school, including reciting the Hail Mary and the Our Father. (Verbatim: "we had to do the hail mary before lunch and then we had to do the our father after lunch") [end of text]



1. She can transform into a cat, and it happens very quickly. (Verbatim: "i became a cat oh i can become a cat in less than a second")
2. She has a fictional or playful origin involving eggs growing in a wider space, possibly related to her lore. (Verbatim: "that's where the eggs grow so that's why there's a wider space")
3. She once attended a gaming convention in Las Vegas as a robot, but wants to visit in person. (Verbatim: "i went to vegas as a robot but i want to go in person")
4. She has never been to Las Vegas in person but wants to go, especially for events like Evo. (Verbatim: "i want to go to vegas one day i've never been")
5. She is interested in visiting Las Vegas for its restaurants and replica landmarks like the Eiffel Tower. (Verbatim: "i want to see like all the apparently it's got a bunch of really good restaurants... and then there's also um like like a bunch of like fake version of monuments like the eiffel tower")
6. She is not a party person despite acting like one sometimes. (Verbatim: "i'm extrovert ellie only acts like a party person but is not a party person at all")
7. She has never shouted at someone in her life and struggles with anger. (Verbatim: "genuinely don't think I've ever shouted at someone in my life")
8. She has never been in a physical fight and has never been punched. (Verbatim: "i have never been in a fight in my life actually um like a like an actual fight i'll be honest like i've never i've never been punched or anything of a sort")
9. She grew up with brothers and was protected from fighting with them. (Verbatim: "when i used to fight with my brothers they weren't allowed to to fight me actually")
10. She has never held a gun and it’s something she wants to try, though it’s not a priority. (Verbatim: "hold up you got oh wait i still haven't held a gun before i still need to try that that's american right") [end of text]



1. She was extremely short during secondary school and experienced a significant growth spurt at the end of it. (Verbatim: "I was really really really really short and small in school... I had a growth spurt at the end of secondary school so I was ridiculously short like straight up tiny.")
2. She weighed about three stone (approximately 44 pounds or 20 kilograms) throughout secondary school until her growth spurt. (Verbatim: "All through school I was about... three stone... which is about 20 kilos... 44 pounds.")
3. Due to her small size, people often picked her up and treated her like a much younger child, even though she was in Year 11. (Verbatim: "People loved picking me up... I couldn't get from one class to another without some punk picking me up being like hee hee yeet.")
4. She was frequently mistaken for a younger student, such as a Year 7, despite being in her final year of secondary school. (Verbatim: "I used to get like people pat me on the head and be like oh my god what a cute little year seven and I'd be like I'm year 11 I'm like four years older than you mate.")
5. She compares her younger self to anime characters who are tiny despite being older, like the character from *Ouran High School Host Club*. (Verbatim: "I feel like I was you know like in animes where there's like the heck in mascot tiny kid character... that's me for real.")
6. She wore hand-me-down school uniforms from her brother, which did not fit well and included oversized blazers with large shoulder pads. (Verbatim: "I was wearing hand-me-downs for my brother... a tiny short girl in a uniform... with this blazer with shoulder pads that are mahusive.")
7. She attended a school in England that followed the UK education system, with Year 7 to 11 being secondary school. (Verbatim: "We have year one when you're five and then it goes all the way up to year 11... year seven to 11 for secondary school.")
8. She currently considers her height to be normal, having grown significantly after her growth spurt. (Verbatim: "I'm not that short now I'm actually not normal sized.")
9. She has a self-given nickname or persona from her youth: "chibi ellie," referencing her extremely small stature. (Verbatim: "Chibi ellie was real like yeah it was tidy tidy tidy.")
10. She humorously recalls being so small that others would joke about putting her in bins or carrying her away in bags. (Verbatim: "Small ellie into the pingu bin you go... pick up ellia pick up ellia put ellia in bag carry ellia away.") [end of text]



NO RELEVANT INFORMATION [end of text]



