1. She owns a dog who is very attached to her and enjoys helping in the kitchen, especially with knives. (Verbatim: "she insisted on helping mostly because she really really likes my knives like she loves my knives she was like no no let me do it I want to I want to use the knives")

2. She is proud of her cooking skills, particularly her roast potatoes, which she describes as crunchy on the outside and fluffy on the inside. (Verbatim: "I am very proud of the roast potatoes I made. They were super super crunchy on the outside and fluffy on the inside.")

3. She cooked a traditional British Christmas dinner, including Yorkshire puddings, roast potatoes, turkey, broccoli, carrots, parsnips, sprouts, and cauliflower cheese. (Verbatim: "I cooked... Yorkshire puddings, roast potatoes... broccoli, carrots... turkey with some cranberry and some cauliflower cheese.")

4. She owns a high-quality Japanese knife that she loves and brought from Japan. (Verbatim: "I got a very fancy a very fancy Japanese knife all the way from Japan and yeah I love that knife.")

5. She refers to family members as "mama elia," "papa elia," "little ellie bro," and "older ellie bro," suggesting a close but possibly complex family dynamic. (Verbatim: "mama elia and um little ellie bro come around... papa elia and my older ellie bro turned up")

6. Her younger brother had not spoken to her father for years, but they reconnected during Christmas, which she helped facilitate. (Verbatim: "little elie bro and my father spoke for like the first time in years... it was awkward... I was like heck to the no you are not [leaving]")

7. She dislikes playing Monopoly, especially in family settings, because she believes it causes conflict. (Verbatim: "I was like please no... I'm trying to connect the family not trying to break it... monopoly... capitalism and breaking up families let's go")

8. She played Mario-themed board games during the holidays, including "Blow Up Shaky Towers," which involves balancing characters on a tower. (Verbatim: "we played... Blow Up Shaky Towers... you place the characters on it to like balance it out and then whoever makes the ball drop loses")

9. She wears Christmas-themed attire and plans to keep it on until the 12 days of Christmas have passed. (Verbatim: "I'm still in my christmas gear... up until the 12 days of christmas then i will change back into regular gear")

10. She enjoys role-playing while cooking, such as wearing an apron and getting into the "role of chef." (Verbatim: "i like to get into the role of chef") [end of text]



1. She is British. (Verbatim: "yeah like i'm british i can't even do that there's a lot of british people out there")
2. She has a self-perceived lack of unique talents compared to other VTubers, feeling she is not particularly known for gaming, computing, singing, or art. (Verbatim: "oh i don't know i'm not the gamer i'm not the computer person i'm definitely not the singer i'm not the artist like i can see why people get about me but yeah i'll figure it out")
3. She has experience in coding and working on visual novel scripts, particularly with dialogue systems. (Verbatim: "i had already written like a lot of the code... i cleaned it up before sending it over to her")
4. She has collaborated with other VTubers like Rempi, Speaker, and Mozu on creative projects. (Verbatim: "mostly has worked with rempi before... speaker sent me hers she had it all in already ready for me to just copy and paste over")
5. She recommends Rempi as a good starting point for visual novel development and is open to doing tutorial streams on it. (Verbatim: "i'd say if you want to start anywhere rempi is definitely a really really nice place to start... i'd be okay with like doing like a rampai tutorial set of streams")
6. She likes lizards and finds them cute, referring to them as "little dragons." (Verbatim: "lizards are so cute they're these little cute little things... they're little dragons yeah yeah lizards are chill")
7. She dislikes moths and appreciates lizards for eating them. (Verbatim: "i don't like moths i don't like moths the lizards the lizards were funny though because like... they eat the moths and i'm like heck yeah you get them")
8. She has experienced jungle toilets with potential wildlife, including spiders and lizards, which she found terrifying. (Verbatim: "the scariest toilets i've been in were the ones in the jungle um because you don't know if there was gonna be a spider in the toilet cuz my hecking goodness that's terrifying")
9. She once screamed upon seeing a moving sign in a bathroom, only to discover a lizard behind it, but ultimately was unbothered. (Verbatim: "i did scream um because i was sat down on the toilet and there was this sign... it started moving... turns out i was a little lizard so it was okay")
10. She has a habit of drinking cola, which she enjoys. (Verbatim: "oh i've got cola with me delicious delicious delicious delicious") [end of text]



1. She attended Catholic school for most of her life. (Verbatim: "i had to go to catholic school pretty much most my life so yeah")
2. She dislikes spicy food and does not eat it. (Verbatim: "i didn't want any hot the hot sauce anyway because i don't eat spicy")
3. Her favorite type of chocolate is white chocolate. (Verbatim: "yes i love white choco white choco")
4. She is interested in baking and specifically wants to make millionaire shortbread. (Verbatim: "i've been wanting to make millionaire shortbread for a while so yeah")
5. She received a kalimba as a gift and plans to play it. (Verbatim: "i got a kalimba i got a kalimba it's in the other room but i'm gonna play it")
6. She received a cup warmer as a gift and wishes she had used it to keep her tea warm. (Verbatim: "i got a cup warmer to keep my tea warm honestly i wish i could have used")
7. She participated in a Secret Santa and gifted Iri pins, a funny mug, and socks. (Verbatim: "i bought her these pins that say this is fine... and then i got her a weird mug... and then i thought i got some socks")
8. She finds the traditional gifts of gold, frankincense, and myrrh strange, especially myrrh as a baby gift. (Verbatim: "why mer... perfume for funerals exactly... what kind of gift is that for a baby")
9. She associates herself with a goose, referring to herself as a "celestial messenger cave goose." (Verbatim: "i'm truly bad down bad for the best bestest celestial messenger cave goose ever")
10. She is hesitant to set up a PO box for fan gifts due to safety concerns but is considering it. (Verbatim: "i can try and set up a po box maybe for birthday maybe i don't know how to set those up") [end of text]



1. She is from England, as she references regional language differences. (Verbatim: "we don't call it candy in england heck no what the only the closest we've got the candy is candy floss")

2. Her mother is named or affectionately called "mama Elia" and usually works on Christmas. (Verbatim: "i feel like mama but mama elia normally works christmas and she specifically took the whole of christmas... off")

3. Mama Elia took Christmas and the days before and after off work for the first time in many years. (Verbatim: "she specifically took the whole of christmas and the whole day before and the day after off um for the first time in i don't know however many years")

4. She has a dog that was spoiled with many Christmas gifts. (Verbatim: "my mother bought my dog so many so many presents... a whole basket of toys a million different treats")

5. She considers VTubing her full-time job and works on it constantly. (Verbatim: "i do this full time... i work on this 24/7. i have no life but vtubing")

6. She uses Windows Movie Maker to edit videos. (Verbatim: "working on my movie maker skills yeah my movie maker skills in windows movie maker my beloved")

7. She streams twice a day on average and creates various types of content. (Verbatim: "i stream twice a day on average... i post a lot of shorts i try and do covers")

8. She previously pursued a master's degree. (Verbatim: "it wasn't that long ago where i'd be like i don't know just like when i was doing my masters")

9. She looks up to other VTubers and was inspired by them before becoming one. (Verbatim: "i remember just watching vtubers just wishing like and hoping that i can be like as incredible as as they all are")

10. She hopes to make a positive impact and bring happiness to others through her work. (Verbatim: "i just want to make people happy and yeah i am i'm very much inspired by the hard work of all the people") [end of text]



1. She quit her full-time job as a developer to become a VTuber, calling it the biggest risk of her life. (Verbatim: "i took the biggest risk in my entire life when i quit my full-time job as a developer")

2. She holds a master's degree in data science and considers it her backup qualification. (Verbatim: "after i got my master's degree because then i had the backup of being a trained data scientist")

3. She is British and refers to herself as a "weird british girl." (Verbatim: "just just a weird british girl")

4. She previously worked at a zoo for a year, though the job did not pay well. (Verbatim: "i did work at the zoo for for a year and um yeah it does not pay")

5. She used to tutor children in mathematics as a side job. (Verbatim: "i used to do a lot of tutoring um tutoring was one of my side jobs of tutoring children mathematics")

6. She jokes about being a celestial messenger and ageless, claiming she has "solved aging" for herself. (Verbatim: "i'm a celestial messenger excuse do i have an expiry date" / "yep i've i've solved aging but then i forgot after i fixed it for just myself")

7. She expresses interest in creating teaching-style content but feels uncertain about her expertise. (Verbatim: "i've always thought about doing some kind of like teaching-ish content but i just never thought i would be like you know i wanted to be good enough")

8. She plans to make Japan trip advice content in the future. (Verbatim: "i do still plan to do japan trip advice")

9. She associates the "X" in "Xmas" with kisses, referencing the British tradition of signing letters with "x" for a kiss. (Verbatim: "yeah yeah yeah x's are kisses in england if you put an x at the end it's supposed to be a kiss")

10. She has a playful alter ego named Eleonoi, who has red eyes, in contrast to her usual appearance. (Verbatim: "Wait, does Eleonoi have red eyes? I can't remember") [end of text]



1. She received a mini tea set and a large box of assorted teas as a gift, which included flavors like chamomile and earl grey. (Verbatim: "She got me um a tea set a mini a very very very small teapot... there's um i think there's like chamomile earl grey um we can literally have a tea party if you'd like guys.")

2. She expresses interest in hosting a future tea party stream where viewers can join in tea tasting. (Verbatim: "we'll have a tea party um if if it's okay... i think i will make sure i post a list of all the teas we'll be trying um during during the stream.")

3. She mentions that cold weather may affect the timing of planned events like the tea party. (Verbatim: "i don't know when the tea party is it might have to be when the weather is a little bit less freezing um but yeah it'll be in in the future.")

4. She has a fondness for cozy environments and values feelings of comfort and warmth during streams. (Verbatim: "i feel very cozy cozy when i'm with you all... i hope that you guys also feel cozy and i hope that i can at least make you smile.")

5. She previously created and shared a 2D animated version of her “starting soon” screen as a membership gift. (Verbatim: "i give you a 3d not 3d a live 2d animated version of the wallpaper from the starting soon screen.")

6. She made a special Christmas gift available to non-members via a link on her Santa Baby cover video. (Verbatim: "on the christmas eve stream... i've also made it available i put a link on the santa baby cover if you would also like um if you'd also like that as a wallpaper.")

7. She once dressed or portrayed herself as a present for a “very spicy christmas gift” in early December. (Verbatim: "there was also a very spicy christmas gift right at the beginning of december um where i became the present.")

8. She struggled with a cold around Christmas time, worrying about getting sick due to a busy schedule. (Verbatim: "i was so worried i was so so so so worried okay like my throat was so swollen like i could feel it i could feel like myself on the verge of a flu.")

9. She associates Christmas with bad memories and has historically not liked the holiday. (Verbatim: "to be honest it's not a day i've ever liked too many bad memories... i'm sorry to hear about the bad memories.")

10. She values rest and self-care as part of recovering from illness. (Verbatim: "remember rest is really really really good medicine like and willpower yeah and and keeping yourself warm.") [end of text]



1. Her name "Stellaria" is derived from the idea that her audience are stars who brighten her life, and she reflects their light like the moon. (Verbatim: "I'm Stellaria because the light comes from you all being my sunshine and the sun is a star and therefore you all are the stars that brighten my life and therefore the name Stellaria works.")

2. She describes herself as a "messy punk." (Verbatim: "i'm just i'm just a messy punk")

3. She initially did not expect to be financially supported or spoiled by her audience and only hoped to make enough to survive as a VTuber. (Verbatim: "i didn't come into this expecting to be spoiled or wanting to earn like a lot... all i want is enough to like you know survive and i'll be so unbelievably happy")

4. She manages herself without a manager and believes she gives herself good advice, though sometimes assigns too much work. (Verbatim: "we all manage ourselves... i think i'm a good manager to myself i think i give myself too much work sometimes but that's on me because i am my manager")

5. She is part of a professional yet independent VTuber group that collaborates on projects while maintaining individual independence. (Verbatim: "we're independent but very professional group... we work on projects together and we work together... but we also do our own independent thing at the same time")

6. She values the group dynamic as a middle ground between solo independence and corporate agencies, helping avoid loneliness in VTubing. (Verbatim: "i feel like v that is like a very good middle ground between like independent and corporal... you're still independent but you also get to not be lonely because you got the buddies")

7. The group is working on a visual novel project that requires significant organization and collaboration. (Verbatim: "the visual novel thing wouldn't be possible if it wasn't a group there's so much to organize for all of that")

8. She expresses difficulty comprehending being financially spoiled, as her initial goal was only to afford basic survival through VTubing. (Verbatim: "peak happy was just being able to do this full time wait what like like wait what how... my brain cannot cope or understand or fully comprehend being able to like just afford things and be spoiled like this")

9. She is stubborn and suggests she might not take direction well from others. (Verbatim: "i'm a little stubborn you know i'm a little stubborn if someone tells me")

10. She jokes about having a healthy liver due to not drinking alcohol, implying she does not consume alcohol. (Verbatim: "i don't drink so it's probably in great condition like yeah") [end of text]



1. Her full name is Elia Stellaria. (Verbatim: "hi elia stellaria at your service")
2. She has a bachelor’s degree in science and biology. (Verbatim: "my bachelor's degree was science um and biology")
3. She has a master’s degree in AI and machine learning. (Verbatim: "my master's was was like um in ai and machine learning")
4. She is her own manager. (Verbatim: "me my manager which is me myself and i do")
5. She moved out from her family home and learned to cook and clean independently. (Verbatim: "then i moved out and i was able to do my own cooking and cleaning and all sorts")
6. Her mother discouraged her from helping in the kitchen while growing up. (Verbatim: "mama elia is the like she'll be like cooking... and i'll come along and be like mama elia do you need any help... and she's like oh no no no no i don't need any help")
7. She has a younger brother who recently resumed speaking with the family after years. (Verbatim: "my little brother was finally speaking with them after a couple of years")
8. She finds the phrase "bah humbug" funny and associates it with sweets. (Verbatim: "oh yeah it's such a such a such a such a great funny saying bah humbug... a humbug is a sweet it just makes me want the sweets")
9. She did research on YouTube’s algorithm change regarding Shorts from the previous year. (Verbatim: "i did my research for shorts... it was of december last year that they bridged that gap")
10. She studied human and animal development during her university education. (Verbatim: "i remember the whole module i did on like um human development because i did a whole module on it") [end of text]



1. She had a difficult childhood kitchen environment with broken appliances and a complicated gas stove system. (Verbatim: "we had a very specific method to use the stove at my parents... the ignition like thingy didn't actually work so you had to get like a separate tool to get that running")

2. She felt excited and amazed when she first experienced a fully functional kitchen after moving out for university. (Verbatim: "when i first moved out i discovered that people have kitchens with that actually have functioning things inside i was amazed by an oven that could work")

3. Her family had planned to renovate their kitchen, which was designed and saved for, but the renovation was ultimately cancelled. (Verbatim: "we were supposed to have the kitchen fixed... it was very very very exciting and then that got cancelled yeah because because of things")

4. She currently has a modern and functional kitchen that she considers "fancy," despite having a microwave from a bin. (Verbatim: "my kitchen's good now it's so good... it's a fancy kitchen even if some people may not say it's fancy just because the microwave is from the bin")

5. She prefers gas stoves with open flames over flat electric hobs, missing the visual and sensory experience of fire while cooking. (Verbatim: "i find that very odd i miss the flames i miss being able to use like um a wok... where's the heat where's the fire")

6. She aspires to be financially responsible and fulfill her dream of creating the kitchen she once envisioned. (Verbatim: "one day i'll make that kitchen come true one day... just yeah be financially responsible")

7. She struggled with loneliness and felt like an outcast during her school years, describing herself as "the weird girl" that nobody wanted to hang out with. (Verbatim: "nobody wanted to hang out with the weird girl... that was me for a very long time")

8. She finds it hard not to feel like she’s not doing enough, indicating ongoing self-doubt despite her success. (Verbatim: "it's so hard to not think that i'm not doing enough")

9. She believes kindness is lacking in the world and makes a conscious effort to be kind because she doesn’t know what others are going through. (Verbatim: "i always want to try my best is to be kind just just because i don't know what's going on with y'all")

10. She finds meaning in knowing people now want to spend time with her, contrasting her current community with her isolated past. (Verbatim: "the fact that so many people want to spend time with me now is just like something i'd never been able to convince myself back then could happen") [end of text]



1. She lives in England. (Verbatim: "we don't have earthquakes in england")
2. Her building was crashed into by a car on Christmas Day, which shook the entire building. (Verbatim: "christmas day i thought there was like an earthquake because like the whole building shook... turned out someone had crashed into the building")
3. She does not have a chimney in her actual residence. (Verbatim: "my actual place has no chimney")
4. She is currently taking professional singing lessons. (Verbatim: "i'm still having professional singing lessons")
5. She lacks confidence in her singing and feels she performed poorly at a recent Christmas concert. (Verbatim: "i really wish i put more effort in into singing and i just felt like mine was really awful")
6. She aspires to sing as powerfully as Mozu and to belt out notes confidently. (Verbatim: "i want to be able to belt out notes... mozu is such an inspiration i want to be able to belt out and sing like mozu")
7. She wants to host karaoke streams in the future but is not yet confident enough. (Verbatim: "i really want to gain the confidence to do karaoke streams i really really really do")
8. She refers to her artist as "artist mama," suggesting a close or playful working relationship. (Verbatim: "with my artist mama... she's so spicy")
9. She expressed discomfort with overly revealing outfit designs, specifically rejecting a "boob window." (Verbatim: "i do not want a boob window... we keep me covered mama")
10. She acknowledges receiving financial support from fans and feels deeply grateful, even overwhelmed by the kindness. (Verbatim: "thank you for everything you do for us and i want to pay it back... just even just one person being so kind is already spoiling me") [end of text]



1. She previously worked at a jewelry counter where she used ring sizers. (Verbatim: "i remember i used to work um in one of the stores i worked i worked the jewelry counter and the jewelry counter had all these like had one of those ring measure thingies")

2. Ring sizes in her region are measured using letters, such as i, j, k, l, m, n, o, p. (Verbatim: "we have it in letters we have it from like what is it like i can't remember the first letter but it's mostly like you know i j k l m n o p kind of those letters")

3. While working at the jewelry counter, a customer once came in to resize a wedding ring because he had guessed his bride’s ring size incorrectly. (Verbatim: "one time this person turned up... wanted to get a ring like resized and changed because... the ring was the wrong size and that the bride was very upset")

4. She finds it funny when people panic after getting a ring sizer stuck on their finger. (Verbatim: "people would freak out because they put their finger through and then they couldn't get it off but that was always a whole other thing")

5. She has a painting of a deer in her apartment, and the deer is named Elia. (Verbatim: "i also have a painting of a deer in my apartment my deer is named elia")

6. She jokes about having a warm body temperature and being used as a source of warmth instead of a heated blanket. (Verbatim: "i think i have a warm body temperature i think i don't know maybe maybe maybe")

7. She once had a dream where she woke up with the phrase "big ben is the center of the universe" stuck in her head. (Verbatim: "i once had a dream and i woke up with the words big ben is the center of the universe stuck in my head")

8. She owns a toy pig named Lila, which was mistaken for a goose by fans. (Verbatim: "the toy that i got lila you all said it was a goose um but your guess was actually incorrect um it's actually a pig")

9. She jokes about wanting to see a hand reveal to get the right measurements for a wedding ring. (Verbatim: "i know i'm definitely looking forward to your hand reveal stream i need to look at those beautiful fingers so i can get the right measurements for your wedding ring")

10. She considers herself deeply devoted to her fans, humorously referring to her attachment as an addiction. (Verbatim: "people are gonna think we're not this just not not just a cult but some kind of addiction thing going i'm the one addicted to you all though") [end of text]



1. She has a fear of surprise-based games, which she associates with childhood trauma. (Verbatim: "when i was little i remember hiding behind the sofa from from this kind of game because i was i don't know why i just thought actually yeah i just i don't know what i thought i thought it would like jump out and unalive me or something")

2. She visited Universal Studios Japan and brought back Mario-themed tins as souvenirs. (Verbatim: "i had this mario tin i brought back some mario tins um from japan when i went to universal world")

3. She dislikes being startled by pop-up mechanisms in games, calling them her "deepest fear." (Verbatim: "it's me your deepest fear")

4. She has a brother referred to as "ellie bro" who owns an old Pokémon board game. (Verbatim: "older ellie bro had the box um and yeah the box is still the same")

5. Her family played board games together, indicating shared traditions or bonding experiences. (Verbatim: "papa elia and both my brothers ate it... true bonding experience")

6. She played a childhood game called Pop-up Pirate and found it terrifying. (Verbatim: "there's a pop-up pirate version in england where it's like a barrel and there's a pirate inside and you like put the little swords in and then the pirate pops out")

7. She has a preference for the color pink, choosing the pink trainer in a Pokémon board game. (Verbatim: "i played the pink one obviously")

8. She finds certain board games emotionally brutal due to mechanics that allow players to sabotage each other. (Verbatim: "this game is brutal i've never i've never seen a game with such brutality")

9. She has a family member nicknamed "papa elia" who participated in game sessions with her. (Verbatim: "papa elia won and i was like yeah here you go here's your here's your special prize")

10. She is reluctant to eat questionable food, even if others insist on sharing the experience. (Verbatim: "i'm not eating it you guys can go without me like yeah yeah yeah") [end of text]



1. Her birthday is approximately 10 weeks away from the time of the stream, placing it in early March. (Verbatim: "Birthday is in... Soon though... January... February... It's the beginning of March... 10 weeks away")

2. She has a dog that she frequently interacts with and enjoys hugging. (Verbatim: "I've been hugging my dog a lot")

3. Her father used to be a butcher and had knowledge about different meat cuts. (Verbatim: "because my dad used to be a butcher... So knows about like, meats and stuff")

4. She dislikes eating unusual or offal meat parts, finding them disgusting, though her dog enjoys them. (Verbatim: "It was really disgusting... Disgusting, but my dog loves it")

5. She grew up in an environment where whole chickens were purchased, and her mother was unbothered by the process of preparing them. (Verbatim: "Mama Ellie would always buy a whole chicken... She was like, she'd be like why don't you guys just have chickens available")

6. She expresses discomfort with limited meat variety in her region, noting a cultural preference for chicken breast over other cuts. (Verbatim: "we're really not adventurous with meat... They'll literally replace chicken thigh with chicken breast")

7. She has a nostalgic connection to certain foods her father mentioned, such as pig brain mushed for sandwiches, though she finds the idea unappetizing. (Verbatim: "I wanna say pig brain... Mushed... For a sandwich... It does not sound nice though")

8. She enjoys spaghetti and has mentioned it as a food she likes. (Verbatim: "cupcake country buy yourself a bowl of spaghetti okay spaghetti sounds good i like spaghetti")

9. She is nervous about trying new and unfamiliar content for her streams, indicating she often steps out of her comfort zone. (Verbatim: "the streams I have lined up are... All things I'm not used to doing... So I am very nervous")

10. She values her supporters deeply and feels emotional about their presence, especially over meaningful milestones like 8 months of streaming. (Verbatim: "These eight months have been really special because of you... Thank you for existing and helping me get through this year") [end of text]



1. She has been active as a VTuber for at least 8 months. (Verbatim: "Happy 8 months... Thanks for the 8 amazing months.")
2. She considers her time as a VTuber challenging, referencing "the two toughest mumps of my" (likely a mispronunciation of "months"). (Verbatim: "Thank you for being a lovely refuge in what has been the two toughest mumps of my.")
3. She struggles with overworking and feels guilt when not working. (Verbatim: "My issue is I feel guilty whenever I'm not working.")
4. She is working on improving her physical and mental health by taking breaks. (Verbatim: "It's something I'm working on. It's something I'm I'm working on not overworking.")
5. She expresses a fondness for foxes and finds them cute, despite their tendency to eat chickens. (Verbatim: "I like foxes. I think they're cute.")
6. She mentions living in England, where foxes are common. (Verbatim: "We have tons of foxes here in England.")
7. She has a playful alter ego or persona referred to as "Farmer Elia." (Verbatim: "Farmer Elia might sneak out a little bit.")
8. She enjoys singing and is open to covering songs, including clean versions of rap songs. (Verbatim: "I can kind of sing Rap God... If there was an UU version of Rap God, I would.")
9. She references a desire to create or perform a "wholesome" version of songs without swearing. (Verbatim: "When M&M releases a wholesome song with no s- no- no swears?")
10. She values her community's happiness and sees her role as providing protection and care. (Verbatim: "I shall protect and I shall also care for you all. That's my job.") [end of text]



NO RELEVANT INFORMATION [end of text]



1. She does not drink alcohol and has no interest in it, finding it unpleasant and not worth the hangover. (Verbatim: "i just don't like um i don't i don't like like i don't see much point in it for myself if that makes sense like um you get hung over the next day right i don't want to lose my next day and the drinks don't taste very nice they taste like bad so yeah")

2. She previously worked as a developer before becoming a VTuber. (Verbatim: "when i was a developer i remember getting a christmas present um from the company")

3. She is British and references cultural norms in England, such as binge drinking in parks and the term "boxing day". (Verbatim: "in england um the way that you see alcohol here is um only people drinking very excessively and binge drinking")

4. She is competitive by nature, especially when playing games. (Verbatim: "you know me i'm quite competitive i like to try and win")

5. She dislikes losing items in games, especially when they are recovery-related and essential for gameplay. (Verbatim: "i kept losing my items and i was like no and then ironically the items i'd be losing would be the ones that would help me recover my pokemon")

6. She has a family nickname for her grandmother, whom she calls "nana elia". (Verbatim: "i always buy my nan or grandma or whatever people call cool said person in their family but i call her nana elia")

7. Her grandmother is over 90 years old and lives in a cold house. (Verbatim: "she's 90 something like she's not going out okay like she went out christmas day but every day before that she's she's pretty much home")

8. She once received a bottle of gin as a Christmas gift from her company, which she still has unopened because she doesn’t drink. (Verbatim: "i got i don't drink so i still have this and i don't know what to do with it but i have this bottle of gin and i'm just like i don't want it")

9. She had a negative experience with delivery services when a gift for her grandmother was left in or near the bin. (Verbatim: "they wrote they wrote in the bin again because and I actually looked in the bin and actually found it around the side like hidden behind it")

10. She associates excessive drinking in England with negative social behavior, especially during her student years. (Verbatim: "when i was a student i did not like having to deal with the drunk students heck no they're just in the way") [end of text]



1. She created a free visual novel game using Ren'Py, which took significant time to code despite not being technically complex. (Verbatim: "it took a lot of time it's not that it was difficult per se it's more just like the the kind of thing isn't like technically impressive but it does take a lot of time to to code all the stuff")

2. She worked until 5 AM on Christmas Day to finish the visual novel for her audience. (Verbatim: "i was up until 5am um trying to get that visual novel sorted for you guys")

3. She was unable to release the visual novel by Christmas despite wanting to, which made her sad. (Verbatim: "i'm so sorry that i couldn't release it in time for christmas like i really genuinely wanted to release it for christmas and i was so sad that i couldn't")

4. She encountered technical difficulties with the web build of her visual novel due to version incompatibility in Ren'Py. (Verbatim: "it turned out I'd coded the whole thing on like a older version of Rempi and I was like pain")

5. The visual novel was released on itch.io and the rbd.moe website, with Windows, Mac, and web versions. (Verbatim: "we actually also have it on the website um rbd.moe website")

6. She has a grandmother, referred to as Nana Elia, who is in her 90s and lives in England. (Verbatim: "even though she's 90 something she's still using her ipad and things")

7. Nana Elia is an artist who paints animals in pastel and watercolor, and the VTuber owns an original painting of a red squirrel from her. (Verbatim: "she paints so she's an artist so she does lots of painting and she painted a reindeer... i have the original of the squirrel")

8. Nana Elia previously knitted jumpers for the VTuber and her siblings when they were children. (Verbatim: "she used to knit she used to knit jumpers um for me and my brothers when we were younger")

9. Nana Elia had a medical issue where she couldn’t feel her fingers due to nerve problems, but it has since improved. (Verbatim: "she was suffering from this thing where like she couldn't feel her fingers um for a while like the nerves in her fingers had gone")

10. The VTuber expresses deep affection for her grandmother and hopes she remains healthy. (Verbatim: "i would like her to live forever um please oh gosh i do i do hope she stays um like healthy") [end of text]



1. She is involved in coding and development work for her projects, including DLC and Linux builds. (Verbatim: "i'm the coder yeah i know but i i do it out of love yo")

2. She identifies as British and humorously claims GMT as the correct time zone. (Verbatim: "okay obviously the correct one is gmt it's a british one")

3. She has difficulty pronouncing certain words, such as "crème," which she often mispronounces as "crispy cream." (Verbatim: "is it crispy cream i call it chris crispy crispy crispy cream")

4. She is not in charge of business decisions and prefers not to charge for content, though others manage pricing. (Verbatim: "i am not business lady so if i had it my way i wouldn't charge")

5. She experiences high levels of stress and has been overworking, leading to exhaustion and sleep issues. (Verbatim: "i am overworking myself um yeah i think oh gosh i keep passing out and sleeping")

6. She plans to take a scheduled break from January 5th to 12th to rest and recover. (Verbatim: "from the 5th until the 12th i will be taking some time off")

7. She values her collaborative streams and refuses to stop them despite negative feedback. (Verbatim: "i'm not gonna cancel my collabs they will still happen")

8. She is sensitive to emotional blackmail and stands firm against manipulative criticism. (Verbatim: "i do not appreciate any form of emotional blackmail")

9. She intends to watch the film *The Boy and the Heron* in theaters with her family. (Verbatim: "tomorrow i am going with family to go see the boy and the heron at the cinema")

10. She is preparing pre-recorded content to be uploaded during her time off. (Verbatim: "i will be preparing content to post during that time so if you see anything uploaded i am prepping that") [end of text]



1. She is a celestial messenger, though she jokes her powers are not very strong. (Verbatim: "i am still human slash celestial messenger celestial messenger powers are not that strong okay")

2. She has a grandmother she refers to as "nana elia" and values time with her. (Verbatim: "i couldn't cancel plans with my nan like not not nana elia like not nana elia i wouldn't cancel plans with nana elia")

3. She takes professional vocal lessons as part of her regular weekly routine. (Verbatim: "i do have professional vocal lessons and i also have my japanese classes as well um to work on too separately")

4. She is studying Japanese as part of her regular weekly routine. (Verbatim: "i do have professional vocal lessons and i also have my japanese classes as well um to work on too separately")

5. She plays the acoustic guitar and is working on improving her skills. (Verbatim: "i was also trying to learn how to play and yeah it's it's it's not as um what you call it like the guitar is recorded separately to the singing")

6. She owns a cheap, non-fancy acoustic guitar that she chose partly for its cuteness. (Verbatim: "definitely didn't just pick what was um cutest did me or id decide um i've had santa baby in the works for a while actually")

7. She released a cover of "Santa Baby" with self-made art and video, which she had been working on for a long time. (Verbatim: "also the cover i did a cover of santa baby i released that for for christmas... the video was being worked on for the whole time as well")

8. She struggles with self-confidence, often stemming from comparing herself to other VTubers. (Verbatim: "a lot of my lack of confidence probably stems from me comparing myself to others")

9. She is inspired by other VTubers despite her insecurities and wants to keep improving. (Verbatim: "I'm also extremely inspired by the others you know so yeah I fluctuate between being like to I'm so inspired by them")

10. She identifies as flawed and emotionally vulnerable, describing herself as "a complete mess in absolute shambles." (Verbatim: "I am very flawed and very broken and a complete mess in absolute shambles so thank you for being here with such a mess of a person") [end of text]



1. She spilled cola on her keyboard, causing the 't' key to register other letters randomly. (Verbatim: "i also spilled cola all over my keyboard by the way um so when i type the letter t it also types the letters u and q at the same time")

2. She remembers the digits of pi up to a significant number, indicating a memorization skill. (Verbatim: "3 1 4 1 5 9 2 6 5 3 5 8 9 7 9 3 2 3 8")

3. She has plans for a big project she wants to complete by next Christmas for her audience. (Verbatim: "i already have a great idea of some big project i want to do and i want to do that over the year and have that ready for you for next christmas")

4. She is organizing her moderator team, indicating responsibility for community management. (Verbatim: "such as organizing our moderators um which will be soon")

5. She identifies as a British YouTuber. (Verbatim: "i'm elias delaria british youtuber not a goose")

6. She humorously denies being part of or leading a cult, referencing community in-jokes. (Verbatim: "we're not a cult we're definitely not a cult")

7. She mentions a symbolic banana associated with her "celestial messenger powers" in lore. (Verbatim: "it's just what gives me my celestial messenger powers")

8. She expresses fear of being used as fuel or burned, likely part of her fictional persona or lore. (Verbatim: "don't put me into the fire... i don't think i burn very efficiently to energy")

9. Her computer has trouble with Steam, which causes performance issues when opened. (Verbatim: "Steam goes brrrr! And it's like, 'Oh, I'm updating!'")

10. She refers to herself as "maidenless" and jokes about keeping away "maidens," possibly referencing relationship status or persona lore. (Verbatim: "heck yeah keep them maidens away no hot vtubers in my way") [end of text]



1. Her celestial messenger powers are linked to bananas. (Verbatim: "bananas or it's just it's just what gives me my celestial messenger powers")
2. She has a familial connection to farming through her auntie, who once owned a farm. (Verbatim: "my auntie had a farm for a bit and i used to visit")
3. As a child, she enjoyed chasing chickens and frogs on her auntie’s farm. (Verbatim: "i used to just chase the chickens... i used to like to try and chase frogs and catch frogs")
4. She frequently fell during childhood but never broke a bone. (Verbatim: "i fall a lot... very very very surprising um i'm tough i'm tough")
5. She attempted dangerous stunts as a child, such as jumping off high furniture and balancing on planks. (Verbatim: "i used to jump off and like pretty much get off that bed every possible way... place it on the edge of a ledge and balance on it")
6. She tried to imitate cats when landing from jumps but found it painful and ineffective. (Verbatim: "i wanted to be like a cat but like i thought i only have two feet... that hurts don't do that")
7. Her brother encouraged her childhood shenanigans and was better at climbing. (Verbatim: "my brother would encourage my shenanigans... ellie bro would always be on the roof like running around")
8. She did not eat pasta growing up and only tried it after moving out. (Verbatim: "i didn't actually eat pasta until until i moved out")
9. She initially disliked spaghettios and assumed all pasta would be the same. (Verbatim: "i didn't like spaghettios and i thought maybe i wouldn't like pasta because i didn't like spaghettios")
10. She has a British background, referencing UK floor numbering (ground floor vs first floor). (Verbatim: "in england we don't call the first floor isn't we have the ground floor and then the first floor") [end of text]



1. She initially disliked pasta due to a negative experience with Spaghettios but later discovered she enjoys real pasta. (Verbatim: "wouldn't like pasta because i didn't like spaghettios so i always thought pasta would be exactly like spaghettios and i just never really ate pasta um and i ate it and i was like wait no this is actually delicious")

2. Rats ate her pasta while she was at university, limiting her ability to eat it during that time. (Verbatim: "i didn't even get to have that much pasta at uni because the rats ate it all")

3. She enjoys garlic bread and considers it a delicious pairing with pasta. (Verbatim: "it's great with like um garlic bread like garlic bread and pasta and like that'd be delicious")

4. She has a degree and a master’s degree from a university in England, where master’s programs last one year. (Verbatim: "i already got my degrees" and "master's degrees are only one year in england")

5. She pursued her master’s degree partly to delay entering the real world and adult responsibilities. (Verbatim: "definitely didn't just get these to avoid the real world honestly... because that's why i did it")

6. She previously worked as a developer in the tech industry but found it unfulfilling due to lack of appreciation for backend work. (Verbatim: "i remember spending like weeks on like fixing this bug related to this button and the back end of things... and yeah like they'd be like well it's just it's just like... how did you take so long to do one simple thing")

7. She transitioned into VTubing and is happy she did, especially after being offered a PhD position she chose to decline. (Verbatim: "i was like no i'm really happy i'm really really happy i didn't tell them happy being an anime girl but happy")

8. She enjoys playing Stardew Valley and focused heavily on farming during her master’s year. (Verbatim: "i played a heckin ton of stardew valley that year and it was so good... ended up with such a great farm")

9. She is currently involved in developing visual novels with simple dialogue systems and finds it more satisfying than her previous development work. (Verbatim: "it's just nice simple um nice simple visual novel like dialogue yeah is nice is nice and you get to see the pretty work after you write it")

10. She once wrote messy code with disorganized comments, including notes to herself like “please can this work,” and later tried to clean it up. (Verbatim: "there's literal moments of me writing to my code like it's a letter being like please can this work on nagaishimasu") [end of text]



