1. She once mistook "Google" for "goggles" when first using the internet as a child. (Verbatim: "i thought they said google so i went on to like google google.com or something like that or and i just remember looking at this website with like goggles and i was like what the heck am i supposed to do here")

2. Her first internet experience involved her parents letting her use the computer alone, leading to her downloading viruses and junk. (Verbatim: "they left me to to my own devices because that's what you do... fast forward a bit i've absolutely overloaded the computer we have computer viruses and downloaded absolute utter crap")

3. She searched for games to play online during her early internet use, which later inspired her to put Pokémon cards inside her PC. (Verbatim: "i looked for games to play... then led to my future self or was it yeah putting pokemon cards inside the pc hoping to")

4. She has a recurring joke or interest in the toy "Bop It" and has considered doing a stream playing it. (Verbatim: "i still wanna get a bop it one day... one day i'll get to play bop it and not just make jokes about it")

5. She once overslept because she was stuck in a dream where she was waiting for a McDonald's delivery that never arrived. (Verbatim: "i didn't wake up from my dream was because in my dream I'd ordered McDonald's and I was waiting for it to arrive and it didn't and I guess I couldn't wake up until my order arrived in my dream")

6. In the same dream, she ordered McDonald's twice, and the first order was unsatisfactory—a salad mixed with a few fries. (Verbatim: "I'd actually ordered McDonald's twice in this dream... they'd run out of fries and like gave me like some weird like salad mixed with a few leftover fries")

7. She associates the number 666 with bad luck, calling 40,000 minutes “a cursed number of minutes” and noting it equals 666 hours. (Verbatim: "that's a cursed number of minutes that's 666 um spooky spooky")

8. She recalls YouTube originally having a 10-minute video limit, which required content to be split into multiple parts. (Verbatim: "once upon a time... youtube videos were a maximum of like 10 minutes i want to say 10 minutes and if you wanted to watch anything you'd have like part one of three")

9. She finds it frustrating when YouTube causes streaming issues, personifying it as "YouTube-kun" being mean. (Verbatim: "Um, YouTube-kun, why must you be so mean? Why? Why? Why? Why?")

10. She has a nostalgic memory of early YouTube, including the absence of ads and the use of stars for ratings. (Verbatim: "once upon a time when youtube looked very very different when there were no adverts and things had stars") [end of text]



1. She had a dog that passed away after reaching old age and living a good life. (Verbatim: "dogs passed away um but it reached it reached old age like it did reach a very old age... it was a brilliant dog")

2. She was not allowed to walk the family dog because it was too hyper and she was considered too small to handle it. (Verbatim: "i wasn't actually allowed to walk that dog um um because it was too hyper... they thought i would get pulled away by the dog")

3. Her older brother was responsible for walking the family dog. (Verbatim: "only my my um my older brother was allowed to help with walking the dog")

4. The family dog had an extremely high jump, capable of reaching the top of her head when it jumped. (Verbatim: "the dog could always like reach the top of my head when it jumped it had such an insane jump")

5. As a child, she accompanied her brother on a walk with the dog, during which the dog scared a little girl by jumping over her multiple times in a field. (Verbatim: "the dog decides that it would be perfect to use her as like a um jumping thing... she jumped out of her skin like she was terrified")

6. She had to apologize to a child and her parents after the family dog frightened the child during a walk. (Verbatim: "i had to like apologize a lot um because the girl started crying... she was very upset um yeah so i had to apologize")

7. The family dog was very cheeky and would try to eat anything it found, including non-food items. (Verbatim: "it got to a point where um this dog was so cheeky that it would um try and like eat anything it found okay")

8. The dog wore a muzzle not because it was aggressive, but to prevent it from eating everything, which caused people to mistakenly fear it. (Verbatim: "owners might put a muzzle on the dog but not for biting... the muzzle's there because this dog can't control itself around food")

9. She believes people should not judge a dog by its muzzle, as it may not indicate aggression. (Verbatim: "don't judge don't judge a dog by its muzzle okay... it's not like it's it's like a code of shame")

10. The dog never harmed anyone and was completely harmless despite its intimidating appearance. (Verbatim: "never ever hurt a person ever") [end of text]



1. She values her "zatsu dance" and membership streams and does not want to give them up. (Verbatim: "i don't want to give up my zatsu dance and chatting with you all")

2. She streams frequently, averaging around 10 streams per week. (Verbatim: "i think with like on average 10 streams a week")

3. She wants to make people happy and help others who are similar to her. (Verbatim: "i want to make people happy i want to help any little ellie's out there")

4. She previously kept a physical diary but stopped because she tended to write too much. (Verbatim: "whenever i used to have an actual physical diary before i stopped writing those because they became my own")

5. She has a habit of writing long, detailed messages or entries. (Verbatim: "i see a message about was it larp larp that sounds really fun i've never done one but i don't think")

6. She played the French horn and has experience with other brass instruments like trombone, euphonium, trumpet, and cornet. (Verbatim: "i played other brass instruments i played um was it like trombone um euphonium and trumpet cornet")

7. She needs to rebuild her lip muscle strength to play the French horn again due to lack of practice. (Verbatim: "i need to become unweak i need to re-strengthen the lip muscles")

8. She understands the technical aspects of brass instruments, including mouthpiece size and fingering techniques. (Verbatim: "the french horn has i believe the smallest mouthpiece... you need to really really tighten your lips")

9. She once thought learning French horn would be cool, though she acknowledges it's not commonly seen that way. (Verbatim: "ended up learning french horn thinking that would be cool um it's not by the way uh but to me it is")

10. She is interested in doing a future stream featuring French horn playing once she maintains the instrument and regains her skill. (Verbatim: "i would i want to do a french horn playing stream okay i just need to to maintenance my french horn it's rusty as heck") [end of text]



1. She is a celestial messenger from the stars. (Verbatim: "my wings i'm a celestial messenger i'm from the stars")
2. Her method of travel is flying at the speed of sound, as she cannot drive. (Verbatim: "i'm a celestial messenger like that's how i can't drive so i gotta deliver my post somehow and i believe the best way is flying flying around at the speed of sound")
3. She is interested in trying LARP (Live Action Role-Play) but has never done it and believes it might not be common in England. (Verbatim: "larp that sounds really fun i've never done one but i don't think i don't know if they're a thing here in england")
4. She dislikes jump scares and is easily startled, describing herself as a "naturally nervous nervous mess." (Verbatim: "maybe like um psychological maybe like i don't like things with jump scares jump scares i don't like because i'm a jumpy person")
5. She prefers watching anime and avoids scary films, though she finds horror plots fascinating from a survival logic perspective. (Verbatim: "if i'm watching something like first off it needs to be anime and and then and then it has to be not scary")
6. If she had to be an animal, she would choose a monkey with dexterous hands so she could still play video games, though she also repeatedly says she wants to be a cat. (Verbatim: "if i had to be an animal cat i personally be one of those cute monkeys with dexter's hands so i can still play video games cat i want to be one of those cute monkeys")
7. She used to write excessively for homework and always wrote a lot in school. (Verbatim: "wrote way too much okay in like homework and things i always used to write tons like")
8. She values financial responsibility and frequently emphasizes the importance of good financial habits. (Verbatim: "it is very important to me that you look after yourselves financially um like for realsies like for real for real")
9. She enjoys creating and reading long, rambling diary entries and is considering writing one herself. (Verbatim: "maybe i'll write a diary entry tonight yep yep now the 100 extra of you are gonna gonna read it um oh gosh prepare for a ramble")
10. Her favorite emote is the "peeking" one, which she associates with lurking in chat. (Verbatim: "my favorite emote by the way i think some of you already know my favorite emote is the little peeking one the little like hello i've been lurking") [end of text]



1. She does not know how to drive. (Verbatim: "i don't i don't drive so i if i finished like a long shift i'd have to get the bus back")
2. She has a strong dislike of long work shifts and finds them tiring. (Verbatim: "wait 48 hour shifts oh gosh oh gosh no oh i just want to relax with you all and i feel bad that you had to do these long shifts")
3. She used to work long shifts in a job before transitioning to remote work. (Verbatim: "i remember having long shifts and like the thing that would really um suck when i used to have to do long shifts anywhere")
4. She developed a lot of patience from waiting for unreliable buses in England. (Verbatim: "i think a lot of my patience actually developed from from waiting for buses i'll be honest like i'm pretty certain i gained a lot of my patience there")
5. Public transportation in England, especially buses, is often late, doesn't show up, or is too full to board. (Verbatim: "buses in england aren't very good at being on time um like they're not they don't turn up um most of the time they don't turn up")
6. She suffers from travel sickness and cannot read or look at her phone on moving vehicles. (Verbatim: "i get travel sick really easily so um if i was to read i can't read or really look at my phone very much when i'm on on a moving vehicle")
7. She requires a window seat on buses to avoid feeling sick. (Verbatim: "i'd always have to make sure i have a window seat as well like um for a bus if i couldn't see out the window i genuinely get really sick")
8. As a child, she often got sick on school bus trips and would vomit, which affected her social reputation. (Verbatim: "i used to always be that kid that would throw up um which definitely didn't help with the whole like you know already not popular")
9. She used to take up to two hours to commute to work via bus, despite it being only a 10–15 minute drive by car. (Verbatim: "it would take me it would take me two hours to get there or if i'm lucky like an hour and a half")
10. She previously worked as a developer and transitioned to working from home, which she is very grateful for. (Verbatim: "when this whole work from home thing came and i was still working as like a developer i was so thankful") [end of text]



1. She previously worked as a software developer before becoming a VTuber. (Verbatim: "whole work from home thing came and i was still working as like a developer i was so thankful")

2. She had a negative work experience with a previous employer who showed no concern when she was on a bus that caught on fire. (Verbatim: "my manager saying they really need me in and i'm like i'm not choosing to to be on the bus that's on in flames here like excuse me")

3. She used to commute long hours via public transport, often leaving at 7 AM for a 9 AM start to ensure punctuality. (Verbatim: "if i started at nine i would usually leave at seven even if it wasn't a two-hour journey... because then be mad if you're late")

4. She had to walk 30 minutes to an earlier bus stop to secure a seat due to overcrowding on buses near her workplace. (Verbatim: "i'd actually have to walk for like um usually about 30 minutes... just so i could get a seat on the bus")

5. She experienced a bus catching fire while she was riding it, specifically at the back where she was seated. (Verbatim: "the bus caught on fire okay like full flames... it was the back of the bus that set up on fire")

6. She felt guilt over being late to work due to unreliable public transportation despite her strong work ethic. (Verbatim: "i would just feel so guilty when when i was late because i genuinely would be trying but sometimes the bus just doesn't turn up")

7. She was once written up at jobs for being late, which was outside her control due to transit issues. (Verbatim: "i've actually been like written up because i've been late and things you know")

8. Her difficult past work experiences were a key motivation for becoming a VTuber. (Verbatim: "if my previous jobs didn't suck so much... i wouldn't be here with you guys right now")

9. During secondary school, she fraudulently used an expired male student's bus pass to ride for free. (Verbatim: "someone gave me their old bus pass... i did get caught like once or twice one for it being expired")

10. She ran away from transit authorities when caught using a fake bus pass during her school years. (Verbatim: "they were like i'm gonna have to confiscate that and i was like... and then i ran i was like good luck chasing me punk") [end of text]



1. She has experience working at a zoo and looked after pigs and monkeys. (Verbatim: "I looked after pigs when I was at the zoo... I used to look after little monkeys...")
2. She believes pigs are very hygienic and organized animals, contrary to popular belief. (Verbatim: "pigs are very hygienic... they have specified zones for like this is like the toilet area and this is like the other area...")
3. She finds monkeys, especially lemurs, to be very unclean and mischievous. (Verbatim: "the heckin lemurs and their poop throwing... the little monkeys... would jump to the edge and then pee...")
4. She has a humorous aversion to being peed on by animals and jokes about not peeing back. (Verbatim: "don't you try and mark me you punk... i'm not gonna pee back... how would that even work i'm a girl...")
5. She enjoys puzzle streams and intends to do them weekly, though subject to change. (Verbatim: "the idea is to do a puzzle zatsu... every week but obviously... subject to change.")
6. She had a dream that she interpreted as a warning against ordering McDonald's. (Verbatim: "i feel like my dream was a warning to not order mcdonald's.")
7. She plans to play *Disco Elysium* in a future stream, portraying a "superstar hobo cop." (Verbatim: "we'll be playing disco elysium... i am um superstar hobo cop where i will be picking up rubbish...")
8. She recognizes the word "Elysium" from the game *Hades*, which had been bothering her. (Verbatim: "i remember where i've heard the word elysium... it's one of the levels in in hades...")
9. She returns to streams approximately every seven and a half hours. (Verbatim: "i'll be back in seven and a half hours...")
10. She values her audience’s company and worries her voice might become annoying over time. (Verbatim: "thank you for keeping me company... i can imagine my voice getting annoying after a while.") [end of text]



1. She broke the family PC as a child while trying to find a secret Pokémon game by inserting Pokémon cards into the computer. (Verbatim: "i broke the family pc um i was a hankin menace um i was trying to help i was trying to help... putting pokemon cards inside the pc hoping to unlock a secret pokemon game")

2. She accidentally deleted a system32 file, contributing to the family PC's damage. (Verbatim: "i can confirm um i have deleted a system 32 file um that's a different story but but yes um i have fallen for it")

3. She has retractable wings, which allow her to sleep comfortably despite having wings on her back. (Verbatim: "can confirm wings are retractable um so that's how that's how this happens")

4. She struggles with and is easily scared by horror or spooky games. (Verbatim: "i really don't cope well with scoop scoopy games scooby games... i don't cope well with i wish is one of those things i wish i was better at")

5. When scared, her instinctive reaction is to "yeet" whatever is nearby, including her headphones. (Verbatim: "my instinct is like if i were to get attacked just throw whatever's in my hand... my poor headphones get yeeted every time i get scared")

6. She gets highly immersed in games, which contributes to her fear during horror games. (Verbatim: "i get too immersed i think i get too... i feel like i'm there and i know i know like i know it's not real and i feel so stupid but i when i'm like ah")

7. She is indecisive, which led to having two mascots instead of choosing one. (Verbatim: "why do i have two mascots um definitely nothing to do with my absolute indecisiveness and inability to to choose things")

8. She once forgot to start her laundry and only turned on the washing machine two days later, nearly running out of clothes. (Verbatim: "i basically left it all ready to just press on when i went past it in the morning... it took across two days but you know i managed to turn the washing machine on")

9. She identifies with or is referred to as an "empress," though she questions the title humorously. (Verbatim: "am i an empress am i an empress wait empress empress empress empress")

10. She is part of a group called "Videtta" with other VTubers, and they take turns hosting collaborative streams. (Verbatim: "we take turns hosting um basically we take turns hosting the collab... this time it's gonna be hosted on our little devil's channel") [end of text]



1. She is easily susceptible to adrenaline rushes, possibly due to a past medical experience involving a shot. (Verbatim: "maybe this is like the the what happens from being like a shot in you know you become susceptible to easy um easy adrenaline rushes")

2. She is afraid of horror games and her instinct is to hide in a corner when scared. (Verbatim: "my instinct in scary games is to hide in a corner like just sit down and hide in a corner")

3. She tried VR when her brother ("Ellie bro") owned a headset, but found it uncomfortable due to the weight. (Verbatim: "ellie bro had a vr thing for like a little bit and then sold it... i've tried vr... the headset was really heavy")

4. She played a VR rock climbing game and became scared of falling, realizing how much she relies on her eyes for balance. (Verbatim: "i played a rock climbing game which i got scared with because i thought i'd fall and realized how much i rely on my eyes")

5. She played a scary VR escape game set in an office that locked down, though she cannot recall the name. (Verbatim: "the other thing i played was like a um a escape game... you're in like an office and um and then and then there's like um you get locked")

6. She really wants to play Beat Saber but is hesitant to invest in a full VR setup just for that game. (Verbatim: "i really really really really really want to play beat saber... but i feel like i can't get a whole vr setup just to play beat saber")

7. She considers herself a professional at hide and seek, joking that she won because people forgot her. (Verbatim: "i'm a professional when it comes to hide and seek definitely not that people forgot me")

8. She debuted less than a month before this stream. (Verbatim: "no it's too soon for 3d model when did i debut like not even it's not even been a month")

9. She had a long pre-debut period before officially starting her VTuber activities. (Verbatim: "thank you for for yeah this is a bow i'm getting blind oh this is my chest yeah um i appreciate it and yeah we're at the beginning of a journey")

10. She has plans for something cool related to her channel, though it is not a 3D model. (Verbatim: "i have something cool planned um um yeah i have been making sure you guys eat well with events and things") [end of text]



1. She dislikes kidney beans and is sick of eating beans in general due to having to eat them frequently as a child. (Verbatim: "I don't like kidney beans... I had to have them a lot um when I was little and now I'm just sick of them sick of the beans.")
2. Her favorite type of beans is baked beans. (Verbatim: "my favorite beater hind baked beans yes is this my face yes it is my face.")
3. She once had a pumpkin explode in her living room due to mold and decomposition after forgetting to carve it. (Verbatim: "i had a pumpkin explode had moldy pumpkin everywhere... it basically just exploded itself like just kaboom.")
4. The pumpkin explosion occurred at her home while she was alone, and it left a strong smell and mess. (Verbatim: "i live alone and i didn't have my dog so yeah like i have no other explanation than it did it to itself... it was gross because it was moldy.")
5. She visited Ueno Zoo in Japan and had a memorable experience with ring-tailed lemurs and marmosets reacting to her whistle. (Verbatim: "this was at um ueno zoo and and they just like were all chilling there and then i whistled... they all just like turned and were like.")
6. She can mimic a high-pitched whistle that communicates with marmosets and has tried it at zoos to see which animals react. (Verbatim: "i can like communicate with them with a high whistle like that... that's my high-pitched whistle it was the only whistle i could do for like the longest time.")
7. She was disappointed she couldn’t see the elephants and polar bears up close during her visit to Ueno Zoo because they were closed early. (Verbatim: "i didn't get to see the polar bear the polar bear had already been like like like put away for the day um so that was really sad.")
8. She gives advice about planning zoo visits around individual animal viewing times, based on her experience at Ueno Zoo. (Verbatim: "they have individual animal times so like for example if you visit make sure when you're planning... popular animals may be closed early.")
9. She compares herself to a small monkey, specifically a marmoset, and jokes about being one. (Verbatim: "i'm a small monkey makes a noise like um like that that's a small monkey noise that's like um a marmoset.")
10. She has a tub of spoiled beans in her fridge that she is avoiding because it has developed mold and looks like a "new ecosystem." (Verbatim: "there's a tub of beans in my fridge and it scares me because you got them really really really bad um and i think they're growing like like a new ecosystem.") [end of text]



1. She previously worked at a zoo. (Verbatim: "yeah and there's been a few cases where like luckily my dog's really used to... when i worked at the zoo")
2. While working at the zoo, she participated in animal interaction sessions with children involving bunnies. (Verbatim: "i was put on to like cover for somebody for like the interact with kids thing... where we'd bring out like the bunnies and have a class or whatever")
3. She has a dog that is exceptionally gentle and friendly, especially with children. (Verbatim: "luckily i my dog is super super friendly... my dog is very good luckily like really relaxed will not react or freak out")
4. Her dog came from a previous home that had small children, which contributed to its gentle behavior around kids. (Verbatim: "basically my dog came from another home and the home that my dog came from originally had small children")
5. She regularly cleans her dog’s face, including eye discharge, to keep it clean. (Verbatim: "i always like clean her eyes like i'm always touching like her face i clean her little like eye gunk whatnot")
6. She finds small children intimidating and sometimes scary. (Verbatim: "do you guys find children scary sometimes... i am completely in my right to be terrified of these small children")
7. She grew up in an area where children played outside near her house, which contributed to her wariness of them. (Verbatim: "the area i sort of what you call it um like grew up in like where my parents house is")
8. She once witnessed a young girl using extremely foul language toward a van passing by, which shocked her. (Verbatim: "the girl on the pink bike started shouting like the foulest language at this van... mostly the c word that she was she was using")
9. She prefers staying indoors to avoid interactions with children. (Verbatim: "thus continued my life indoors um where i would not be a bother to anybody")
10. She currently lives in a more student-dominated area with fewer children, though she occasionally hears them. (Verbatim: "my area now is more studenty so there's not really well there's a few small children you've heard them through the window sometimes") [end of text]



NO RELEVANT INFORMATION [end of text]



1. She has a complicated relationship with her mother, whom she calls "mama elia," and often feels she has to take on a parental role. (Verbatim: "i feel like more often than not i'm my mother's mother most of the time")

2. She dislikes being told she's wrong and associates this with her mother's behavior, warning others never to correct her. (Verbatim: "never never okay top level advice never tell mama elia she's wrong ever okay even if she is")

3. Her mother does not listen well, often pretends to understand things without actually doing so. (Verbatim: "she won't know because guess what she wasn't listening")

4. She expresses a desire to be mothered and cared for, rather than always being the caretaker. (Verbatim: "i wanna be mothered mothered is that the word i don't know like yeah i don't know but then at the same time i have to")

5. She identifies closely with anime girl culture and expresses a desire to remain that way. (Verbatim: "maybe it's part of the reason i'm weird and just an anime girl and don't want to be anything else anytime soon")

6. She believes her mother would have bullied her if they had attended school together due to their opposing personalities. (Verbatim: "if we went to school together... she would bully me like one thousand percent")

7. Her father, "papa elia," was a rebellious punk who didn’t attend school much. (Verbatim: "papa elia was a punk that didn't really go to school... too busy rebelling or whatever against something somewhere")

8. She values her debut date as the official starting point for her VTuber journey, not pre-debut activity. (Verbatim: "i'll be counting it from official official debut okay")

9. She enjoys iced coffee. (Verbatim: "iced coffee iced coffee so yummy")

10. She humorously acknowledges fans referring to her community as a "cult," but insists they are not one. (Verbatim: "not a cult not a cult not a cult we're not a cult though just remember that") [end of text]



1. Her surname is Stellaria. (Verbatim: "that's my surname yo")
2. She is deeply fond of and romantically in love with her own persona, Elia Stellaria. (Verbatim: "i'm down bad for my ocean my future with ellia stellari i'm so madly in love of her")
3. She pronounces "YouTube" as "Youtube" and strongly prefers this pronunciation over others. (Verbatim: "i can't bring myself to say it with a t... it just sounds so wrong too wrong")
4. She owns HyperX headphones that emit a male voice alert when the battery is low. (Verbatim: "i have these like hyper x headphones... and it's like this man voice")
5. She wishes the low-battery alert on her headphones could be in the voice of Hatsune Miku instead of a male voice. (Verbatim: "can i make it miku i would be much happier if miku could jump scare me instead of this random man voice")
6. She frequently experiences low headphone battery and is often startled by the alert. (Verbatim: "my battery's always running low i'm like on power saver mode permanently")
7. She has flat feet. (Verbatim: "my feet are flat that is that is truths dial")
8. She does not own any weapons and imagines herself as weaponless. (Verbatim: "i don't own a bow or an axe i'm pretty weaponless aren't i")
9. She jokes that if she ever had an axe, she would only use it for dramatic effect, not for actual chopping. (Verbatim: "the only usage i would have would be to hold it up to someone and say you have my axe and that would be it")
10. She expresses a desire to plan fun celebrations for her community in the future. (Verbatim: "i want to try and plan something fun for the celebrations then we can keep having super fun celebration streams") [end of text]



1. She dislikes being compared to a chihuahua and does not want to be seen as a small, yappy dog. (Verbatim: "no i'm not wait you guys don't think of me as a chihuahua right like that's like the one dog breed i don't want to be i don't want to be a small chihuahua")

2. She expresses a fondness for pomeranians, calling them "cute as heck" and comparing them to mini samoyeds. (Verbatim: "a pomeranian i want a pomeranian a pomeranian would be cute as heck to have like it'd be like a mini mini samoyed")

3. She believes in embracing cringe and thinks life is better when people stop worrying about being uncool or awkward. (Verbatim: "i just feel like life is happier when you learn to embrace cringe... just embrace it like it's cringe be cringe but be free")

4. She finds passion and enthusiasm more admirable than coolness, especially when someone is unapologetically excited about their interests. (Verbatim: "if i fight if like i like somebody is free of cringe and like doesn't get cringed by what they're passionate about... that's the coolest thing")

5. She has a personal connection to cocker spaniels through Nana Elliot, who owned one that was extremely energetic and hyperactive throughout its life. (Verbatim: "nana elliot used to have a cocker spaniel and it was so cute it was rescued... it acted like a puppy its entire life")

6. She mentions having messy or large hair that can block parts of her view during streams, joking that puzzle pieces might be buried in it. (Verbatim: "maybe it's maybe it's buried underneath all of speaker's hair over here")

7. She associates pink with a missing puzzle piece, indicating a possible awareness or liking of the color. (Verbatim: "it's got a little pink bit in it so that's why i'm pretty certain it's in speaker's hair")

8. She admires huskies for being talkative, cute, and expressive, even attempting a husky impression. (Verbatim: "a husky you think i could be a husky they do the funny noises and they're hecking cute like they're very talkative dogs")

9. She values emotional authenticity and joy, celebrating when viewers report smiling or feeling a "spark of joy." (Verbatim: "you must have smiled right or or at least like like that little feeling in your face like like a little a little little spark of joy")

10. She references having strange or unpleasant dreams, such as McDonald's not arriving or zombie apocalypses. (Verbatim: "better dreams than mine where mcdonald's doesn't ever arrive because or zombie apocalypse dreams") [end of text]



