1. She identifies as an introvert despite being able to perform as a social extrovert. (Verbatim: "I'm 1000 a um introvert but I've taught myself to quote right in my left hand")
2. She has a new VTuber form that will debut in two months. (Verbatim: "my new form which will be in my debut which will be in two months")
3. She met up with a friend named ID during a trip to the UK. (Verbatim: "I met up with my buddy id um and then we did some london exploration")
4. She visited Birmingham for the first time during her trip to the UK. (Verbatim: "I've not actually been to birmingham properly before so it was really like my first time in birmingham too")
5. She attended AnimeCon UK, which was her friend ID’s first convention. (Verbatim: "it's the first time they've done this convention so we didn't know what to expect")
6. She experienced severe exhaustion after returning from her trip, requiring multiple hours of sleep. (Verbatim: "I was so heckin exhausted I fell asleep on the sofa and then I fell asleep in bed")
7. She uses her own Discord server as a personal planner and organizer. (Verbatim: "I have my own discord server where it's just me nobody else and I use it to as a planner basically")
8. She has a habit of using alcohol (soju) to help with social anxiety in online spaces. (Verbatim: "I had uh liquid courage um yeah liquid courage so so yeah I was fueled by soju")
9. She considers herself a "professional extrovert" due to past job requirements. (Verbatim: "I can be a professional extrovert I've worked jobs which have required me to be like a professional extrovert")
10. She has a strong emotional attachment to her fans, describing herself as "down bad" for them. (Verbatim: "I'm heckin down bad for you all it's it's i'm down bad horrendous") [end of text]



1. She has a strong desire to attend future UK anime conventions and wants to experience Weatherproofs (likely a misspelling of "Weatherspoons"). (Verbatim: "next time there's a uk con we should go killio we should go we should go")
2. She was inspired by a Nijisanji panel featuring Anna Luca and Meloko to consider future convention appearances. (Verbatim: "i'd like to do a convention appearance um and also seeing all the like of kai stuff")
3. She dreams of one day seeing a fan cosplay as her and would want to take a picture, though she’s unsure how to approach it without revealing her identity. (Verbatim: "maybe one day i'll see a elia cosplay and and my heart will heckin melt")
4. She has a habit of planning her projects in a personal Discord server with organized categories and channels. (Verbatim: "i have a discord where it's just me myself and i with tons of it's how i plan all my stuff")
5. She enjoys bacon, egg, and sausage sandwiches, particularly when the egg is sunny side up. (Verbatim: "i had i had i mean i recommended it but she didn't take my recommendation i recommended and what i had was a um bacon and egg sandwich and it was delicious")
6. She has not tried scotch eggs, despite being aware they are a British food and finding them potentially delicious. (Verbatim: "i've never had a scotch egg ah i keep forgetting i need to try one")
7. She finds scotch eggs to be smelly and is hesitant to try them due to fear of being called smelly. (Verbatim: "scotch eggs are smelly that'd be like oh no i don't want to get called smelly")
8. She appreciates the joy that fans and cosplayers bring to events and wants to bring similar joy to others through her work. (Verbatim: "i want to work hard so that maybe i can bring people um as much joy as is they bring in people")
9. She values being quiet and discreet in public, especially at conventions, to avoid being recognized as a VTuber. (Verbatim: "i made sure to keep my laugh nice and quiet")
10. She is motivated by the energy and enthusiasm of fans at conventions and wants to grow into a big VTuber who can inspire others. (Verbatim: "i want to work hard become big vtuber and then bring heckin joy") [end of text]



1. She visited the Sherlock Holmes Museum in London. (Verbatim: "we went to the sherlock holmes museum on baker street um yeah so that was really hecking cool")
2. She has a physical copy of a Sherlock Holmes book she is reading. (Verbatim: "i actually have a physical book for um where did i put it though keep it in here i think you keep it in one of these drawers")
3. She enjoys rereading classic literature, specifically Sherlock Holmes. (Verbatim: "it made me want to reread um my sherlock holmes book that i got um but i was heckin awesome")
4. She has a habit of making detailed to-do lists for her projects and commissions. (Verbatim: "the little projects inside that i'm working on and like keep track of commissions and stuff like that")
5. She values making others feel included and not left out, especially in group settings. (Verbatim: "i don't want anyone else to ever feel that sad so i feel like that's like the thing that feels my having to you know not be the my usual self")
6. She has experienced social anxiety or discomfort in past school settings. (Verbatim: "in school it was always like trying to like make friends and you get those circle of people and you don't want anyone to like feel like they're outside that circle")
7. She once felt left out during school and doesn't want others to experience that. (Verbatim: "i just end up getting left out and stuff from back in school and things you know so i don't know")
8. She has taken on a caretaking or supportive role in group situations, such as acting as "onee-san" to help others feel comfortable. (Verbatim: "i had to fill in the like um i had to fill in basically the onee-san role to make sure that like id was okay")
9. She finds it emotionally taxing to maintain an extroverted persona in social settings. (Verbatim: "i don't know i feel like the times in life where i have been the like quiet one and stuff and i've not had i just end up getting left out")
10. She has a strong desire to ensure everyone in a group has a good time. (Verbatim: "i want to make sure everyone is happy um so i appreciate that you will") [end of text]



1. She has a tendency to take on responsible roles, often acting as a "mom" figure despite personal discomfort. (Verbatim: "for example for mama elia i've always had to act like a mom or mama elia")
2. She experiences significant anxiety and social exhaustion, which affects her energy levels and desire to engage socially. (Verbatim: "i'm a very anxious person and yeah i don't know i don't know")
3. She values kindness in people above shared interests, considering it the most important trait. (Verbatim: "the most important thing is if a person is kind so they're good people")
4. She has had negative experiences with unkind people during her school years, which shaped her appreciation for good people. (Verbatim: "i know i got quite unlucky at school with a lot of not so kind people")
5. She has a deep appreciation for her audience and feels profoundly grateful for their support. (Verbatim: "it's definitely i don't know i feel like with anything bad that happens it just makes me appreciate the good things")
6. She believes people can still be good even if they’ve made mistakes, emphasizing intention and growth over past actions. (Verbatim: "i think it's about it's not just about the actions it's about the intentions and the knowledge of it and how you treat things now")
7. She enjoys spending time with her dog and seeks comfort in being physically close to her pets. (Verbatim: "i just want to curl up with my dog and just either way")
8. She has a collection of plush toys and enjoys creating a personal space with them. (Verbatim: "why i have all my plushies so i can make my little plushy kingdom")
9. She plans to visit Japan and has booked an onsen stay, intending to relax and recharge. (Verbatim: "i can confirm i have booked the onsen stay yeah yeah obviously i'm not gonna say where and when but but um")
10. She has a close friend from college who is extroverted, socially comfortable, and understanding of her social needs. (Verbatim: "she's a friend from college that sort of understands that i'm a one really bad at replying and two really like strange") [end of text]



1. She values emotional authenticity and rejects toxic positivity. (Verbatim: "I'm not gonna ignore that because I feel like when it comes to like that kind of thing people are like no I have to be good I have to be this perfect kind being and it's like no no like we're all human here")
2. She believes difficult times help appreciate happy moments more. (Verbatim: "if I didn't go through all the times I wouldn't be so you know appreciative of of what I have now")
3. She views sadness as a natural state that doesn't require immediate resolution. (Verbatim: "sometimes it feels like you fall into a hole and like you can't get back out of that hole and everything's dark and you're kind of sad")
4. She encourages gradual recovery from emotional struggles rather than forced positivity. (Verbatim: "you don't have to jump out of the hole you can just take it step by step out of that hole")
5. She identifies with the metaphor of "cave geese" to represent shared human vulnerability. (Verbatim: "we're all gonna be cave geese I did not just say geese")
6. She has a dog that sheds heavily, causing household mess. (Verbatim: "my dog is shedding and I thought it calmed down but she's like now shedding at double the second speed there's fluff there's fluff everywhere")
7. She owns a footstool to maintain proper posture while sitting at her desk. (Verbatim: "I have a little footstool for my from for my for me to get that proper posture")
8. She practices the Asian squat for comfort, which surprised her father. (Verbatim: "I actually um asian squat a lot and papa elia was really confused")
9. She has a close relationship with a character referred to as "papa elia" who is likely a family member or significant figure. (Verbatim: "papa elia was like I didn't teach you how to do this")
10. She enjoys giving thoughtful gifts, such as an owl-themed mug and coaster for Father's Day. (Verbatim: "I got papa elia a father's day present of an owl mug yeah a mug with a painting of an owl on it") [end of text]



1. She has a fondness for owls. (Verbatim: "earlier out likes owls little ellie bro likes ducks")
2. She dislikes being associated with geese. (Verbatim: "i'm not a goose yeah there we go i did not say it")
3. She appreciates her audience's support and values their presence. (Verbatim: "i honestly really really really really appreciate it i you know i when i say i'm down bad for you there's no lie okay like there's no heckin lie")
4. She refers to her fanbase as the "Wood Squad". (Verbatim: "thank you wood squad")
5. She acknowledges that time zones are a challenge for her audience. (Verbatim: "time zones are my enemy our enemy")
6. She enjoys receiving donations and messages from viewers. (Verbatim: "i will be reading supers and donos next stream")
7. She is motivated to work hard to show her appreciation for her fans. (Verbatim: "instead of trying to describe it i will just work extremely heckin hard to show it instead")
8. She has a playful, self-aware sense of humor about her own quirks. (Verbatim: "i didn't say it you thought i was gonna say it but i didn't say it")
9. She enjoys eating and encourages her viewers to eat as well. (Verbatim: "okay i need to go do stuffs eat lunch you all need to eat food too")
10. She mentions seagulls in her environment. (Verbatim: "see you later from me and my seagulls outside") [end of text]



1. She has a history of agoraphobia. (Verbatim: "i am agoraphobic um but i did get a lot of help from the doctors and stuff um for that")
2. She experiences physical symptoms of anxiety in crowded places, including chest tightness and nausea. (Verbatim: "my chest gets all like super tight and then i feel sick and it's like")
3. She has taken on a protective, big sister role for someone she refers to as "id" during social events. (Verbatim: "i was like extra extroverted to to help her feel more comfortable um yeah yeah yeah yeah")
4. She has a dog named Lila who is very good with children and has brought emotional comfort to strangers. (Verbatim: "my dog was looked after by my brother who um basically lived in my flat while i was gone")
5. She values making others feel welcome and happy when they interact with her or her dog. (Verbatim: "i just hope that i make them feel welcome enough and happy when they do talk to me you know")
6. She has experienced emotional moments where strangers connected with her dog due to personal loss or first-time dog interactions. (Verbatim: "it's happened twice now with two different people where someone will be really sad and then see see the dog")
7. She has difficulty communicating with animals about her return, as they cannot understand human language. (Verbatim: "you can't tell animals like i'm gonna be back in like a few days but they don't speak english")
8. She feels emotionally overwhelmed after social events and requires significant recovery time. (Verbatim: "as soon as i got home i was so um super super drained um because i had to bring out super energy")
9. She has been involved in social events in large cities like London and Birmingham, which she finds overwhelming. (Verbatim: "london's scary birmingham scary they're both scary places full of people")
10. She has participated in Twitter Spaces events, which were mentally taxing but important to her. (Verbatim: "i haven't done anything this social in such a long time um and yeah you like it was the twitter space okay speaker") [end of text]



1. She experiences severe motion sickness during travel, especially when seated facing backwards. (Verbatim: "I got the backwards seat and oh gosh oh gosh I felt so sick I felt so sick")
2. She has difficulty with physical movement when feeling unwell, particularly after consuming dairy-heavy drinks like bubble tea. (Verbatim: "drinking a drinking a heckin um ton of milk tea when your stomach's like is is is is not a good idea")
3. She enjoys playing rhythm games like Dance Dance Revolution and Taiko Drums, despite struggling with them when unwell. (Verbatim: "i love those i love those um and maybe an id at them")
4. She prefers Japanese cuisine, specifically tonkatsu, when dining out. (Verbatim: "i got tonkatsu and they also have bubble tea so i have bubble tea as well")
5. She dislikes consuming bubble tea when her stomach is sensitive, as it worsens her nausea. (Verbatim: "bubble tea was a mistake um that i shouldn't have made um yeah drinking a drinking a heckin um ton of milk tea when your stomach's like is is is is not a good idea")
6. She has a history of being late due to transportation issues, such as a cancelled train. (Verbatim: "my train was cancelled i'm not gonna be there please i don't want to lose you i'm on my way")
7. She is prone to anxiety during travel disruptions, especially when unable to contact others. (Verbatim: "i was like spam messaging her i was like please let me know if you receive this i'm gonna be late")
8. She has a habit of wearing shorts underneath her dresses for practicality. (Verbatim: "i always wear shorts underneath um yeah i always wear shorts underneath side no fair um")
9. She is sensitive to crowded spaces, particularly when unable to move or find a seat. (Verbatim: "it was so packed that like we had people like stood up like this was like a super packed super um train so like getting up was not gonna happen um")
10. She has a strong emotional reaction to being late or missing planned meetups, showing a deep desire to maintain connections. (Verbatim: "i don't want to lose you i don't want to lose you i'm on my way") [end of text]



1. She owns a Roland electric piano that she purchased for £50 from her former retail manager. (Verbatim: "she sold it to me for 50 buckaroos so five zero pounds")
2. The piano she bought is a heavy, electric Roland model with proper piano keys and is connected to her computer via MIDI. (Verbatim: "it's a roland an electric roland piano um and um yeah yeah it was a heckin great deal")
3. She has difficulty playing piano due to limited finger dexterity and small hand size, despite having long fingers. (Verbatim: "my hands aren't very good or fingers aren't very good at doing the positions for the chords like maybe i got small hands or something")
4. She has played brass instruments such as the French horn, trumpet, and trombone, which require less hand dexterity than piano. (Verbatim: "i've only ever really played brass instruments so i've not really needed that much like dexterity in my hands")
5. She has a strong muscle memory for scales like the chromatic and major scales from her brass instrument training. (Verbatim: "my hands automatically do it they're doing it right now and like or just or just the major scale cdmg")
6. She has a piano in her living room, while her PC setup is in her bedroom, making live piano streaming difficult. (Verbatim: "my piano is in the living room um so it's kind of hard to do a piano stream or learn piano stream because i have to like have a pc set up in the other room")
7. She acquired the piano after dying in a League of Legends game and messaging her former manager during the 50-second death timer. (Verbatim: "i was playing league of legends okay um and i died it in game and it was quite late in game so the death count was heckin long okay so i had like 50 seconds and i was like what the heck am i gonna do for 50 seconds while i'm dead and i was like i'm gonna go on my phone and that's when i saw this little piano")
8. She believes the piano is worth around £700, though she acknowledges it may be worth less as the model is no longer produced. (Verbatim: "i assume 700 just because the current price of like the latest versions are about more than double that so i'd assume it'd be like half the price at least because it's old")
9. She received free towels from her former manager when picking up the piano, as it was raining and she needed to protect it during transport. (Verbatim: "she put a bunch of towels on top and was like yeah use this to cover it to take it to the car and then and then she was like oh you can just keep those")
10. She worked in retail prior to becoming a VTuber, where she was employed under a manager who later sold her the piano. (Verbatim: "she was my old manager from when i work from from when i was working retail") [end of text]



1. She has a strong preference for light, fluffy cakes over heavy ones. (Verbatim: "I prefer light fluffy cakes personally")
2. She enjoys tea paired with cake, considering it a perfect combination. (Verbatim: "tea and cake is heckin delicious okay like even if you're not fancy i recommend tea and cake")
3. She dislikes overly sweet drinks when paired with sweet desserts, as it can overpower the flavor. (Verbatim: "if i also have coca-cola and cake whichever one have more sugar would would keep its taste and then the other one the other one um would lose its flavor")
4. She tried frozen yogurt for the first time and found it underwhelming despite high expectations. (Verbatim: "i thought it was gonna be like mind-blowing or something but it was just frozen it was frozen yogurt")
5. She has a fondness for chocolate, particularly thick chocolate desserts. (Verbatim: "i had this like chocolate really really thick chocolate thing")
6. She values treating others generously, especially close friends, and sees it as a meaningful act of care. (Verbatim: "i wanted her to have a good time so i treated her to to yummy foods and yummy drinks")
7. She once had her bank card temporarily frozen due to unusual spending activity from a last-minute karaoke booking. (Verbatim: "we've locked it i was like a card bank bank sir bank bank excuse me")
8. She is not physically strong and acknowledges her small stature and weakness. (Verbatim: "i'm small and weak like i know i had to take the onesan role of big sister but but i myself i'm i'm i'm i'm not strong")
9. She is comfortable crossing roads in London without designated crossings, relying on traffic conditions and pedestrian right of way. (Verbatim: "you just check if there's no cars and then you go like you look right left and then right and then you cross like yeah yeah it's simple")
10. She has a habit of walking long distances, though she notes she’s more accustomed to it than some others. (Verbatim: "i'm used to walking around everywhere um but yeah id was not used to it") [end of text]



1. She dislikes nuts and finds their taste unappealing. (Verbatim: "I don't like nuts... they just i just don't like them.")
2. She is not allergic to nuts but simply does not like their taste. (Verbatim: "I'm not allergic... I just don't like them.")
3. She has tried many types of nuts, including peanuts, cashews, pistachios, almonds, and macadamia nuts. (Verbatim: "I've tried pistachio... I've tried macadamia... I've tried so many nuts.")
4. She enjoys peanut butter and chocolate together. (Verbatim: "peanut butter is good with chocolate that's it.")
5. She likes Nutella despite its nut content due to its high sugar content. (Verbatim: "nutella has enough sugar for me to not care basically.")
6. She dislikes marzipan and coconut, though she likes coconut milk as an ingredient. (Verbatim: "I don't like marzipan... I don't like coconut... I like coconut milk when I'm making a curry.")
7. She does not like bananas, especially when they are crunchy. (Verbatim: "I don't like banana... bananas betrayed me when they were crunchy.")
8. She feels guilty about spending money, especially on herself. (Verbatim: "I still feel so guilty I'm not used to yeah I don't know it felt odd...")
9. She values self-care and encourages her viewers to prioritize themselves. (Verbatim: "you put yourself first okay you do you put yourself first...")
10. She is appreciative of her fans' support and feels deeply grateful for their contributions. (Verbatim: "I just want you all to be happy okay just remember that you know you you put yourself first...") [end of text]



1. She has a traumatic experience with crunchy bananas. (Verbatim: "bananas betrayed me when they were crunchy okay that's what the banana gets for being crunchy okay okay i eat one banana and it goes crunch and then i say banana betrayal no forgive no no bananas i don't mind banana milkshake i don't mind banana flavored stuff but actual bananas i am eternally traumatized and refused")
2. She dislikes eating actual bananas but enjoys banana-flavored products. (Verbatim: "but actual bananas i am eternally traumatized and refused i i get scared")
3. She enjoys deep-fried foods, particularly deep-fried bananas and banana fritters. (Verbatim: "yeah wait can you get deep fried nuts i know you can get you can get deep fried snickers right you can get like deep deep fried mars bars and stuff um i've tried a deep fried mars bar and that was like so so so so sickly um yeah apparently it's supposed to be a good thing but i tried it and it was it wasn't it felt like unhealth so wait can i get deep fried deep fried nuts deep fried nuts no they're not covered in batter how am i supposed to eat this this is just a regular looking nut they don't look they don't look like they're covered in it")
4. She is half English and half Asian. (Verbatim: "as you know um i am half english half asian so i always had like a mix of like asian meals and english meals")
5. Sunday was traditionally reserved for a large English meal in her family. (Verbatim: "one of the rules that we always had was that sunday sunday was always the day for a traditional big english meal")
6. Her family alternated between Asian and English meals throughout the week, with Sundays always being English food day. (Verbatim: "we'd alternate between like asian dish english dish asian dish english dish asian dish english dish but even if it if the order was messed up sunday was always gonna be english food day")
7. Fridays were traditionally fish and chips day in her household. (Verbatim: "fridays sometimes fridays would be fish and chip day because because british people like to have fish and chips on friday so so friday fish and chips is a thing")
8. She enjoys traditional Sunday roast dinners with beef, Yorkshire pudding, vegetables, and gravy. (Verbatim: "i got a roast dinner i was so full yeah yeah got a traditional sunday roast so that was i was very full after that")
9. She has a dog named Nana Elia. (Verbatim: "i went for a meal yesterday for father's day because you know it's father's it was father's day in england um yesterday so i went for a meal with um with um papa elia nana elia my dog and um ellie bro")
10. She gave her grandmother a kid-sized meal at a restaurant, which she found sweet and thoughtful. (Verbatim: "she didn't mind she was happy with the size um but yeah yeah yeah yeah she got um she wanted fish and chips like you know um um what you call it like battered fish and chips but yeah got the kids meal size um oap old age pensioner right is that what that stands for i oap you usually get like oap sized stuff it is old age old age pensioner yeah so you get like oap discount oap bus pass oap sized meals she she did get um a free ice mini kid sized ice cream tub as well um which was included in the kids meal um we didn't go to mcdonald's we went to a restaurant um yeah yeah she got chocolate ice cream as well jackin loved it and she got a little orange juice it was actually perfect um yeah it was all the perfect size um for for nana elia um yeah yeah yeah yeah um i think um her local fish and chips has oap sized meals uh yeah yeah so they um they gave her a tiny orange juice which is perfect size tiny fish and chips perfect size and a tiny ice cream pot perfect size and then i got a roast dinner i went for a traditional roast a traditional roast dinner with yorkshire pudding a bunch of vegetables some roast potatoes some beef and and a ton of gravy and it was heckin yummy yeah i got roast dinner i was so full yeah yeah got a traditional sunday roast so that was i was very full after that no i didn't get a kid's size i got a regular size") [end of text]



1. She was raised in England. (Verbatim: "i was raised in england i was raised in england i wasn't i was just i i i didn't get anywhere near as much exposure to other languages as i should have")
2. She was taught from a young age to speak in a proper accent to avoid appearing from a rough area. (Verbatim: "as a small child i was always taught i was always taught to try and speak proper to try and act like i wasn't raised in a rough area")
3. She can speak in a well-spoken, news presenter-style accent when trying to be formal. (Verbatim: "i can speak proper for as long as possible um proper being the rp kind of more well spoken kind of you know um what do you call it news presenter kind of level")
4. She considered becoming a news presenter before deciding to become a VTuber. (Verbatim: "it was one of the things i thought about but then i was like wait a second the news is hacking miserable um i'd much rather entertain people")
5. She has difficulty reading non-English languages, particularly Chinese. (Verbatim: "i can't read i was like she's pointing at stuff but i i can't read it like")
6. She struggled to order food at a Korean barbecue restaurant due to not understanding the menu's Chinese translations. (Verbatim: "i had no idea what to order for them like zero idea i was like what the heck do i order like what do they want i don't know")
7. She once had to rely on a waitress’s recommendations when ordering food because she couldn’t read the menu. (Verbatim: "i took all the um recommendations and yeah who knows what we ate i don't know what we ate")
8. She has a habit of overpacking her suitcase due to unpredictable weather. (Verbatim: "usually if i'm packing for anywhere in england i bring multiple outfits because i don't know how the weather is gonna be")
9. Her suitcase broke at a train station due to overpacking and improper zipping. (Verbatim: "my suitcase um yeah my brand new one um we managed to fix it but basically i did the thing where you over pack a suitcase")
10. She owns an iPhone and has difficulty charging it due to incompatible cables. (Verbatim: "i have an iphone okay i have an iphone um and the plug the bit where it plugs in the charger that i brought i didn't bring my usb plug") [end of text]



1. She has a strong fear of seagulls, which she describes as "heckin terrifying menaces." (Verbatim: "seagulls are heckin terrifying menaces")
2. She once witnessed a seagull attempt to swallow a whole apple, which caused her concern for the bird's well-being. (Verbatim: "i was really worried about it it was just there like kind of yeah on this rock near me being like")
3. She recalls a childhood memory where her father (referred to as "papa elliot") told her to observe nature's survival of the fittest when a seagull ate an apple she had. (Verbatim: "papa elliot do i help the seagull and he was like no you will just watch it")
4. She has been robbed of food by seagulls in the past, including an instance where a seagull took an apple mid-bite. (Verbatim: "the only thing that i've been robbed of by a seagull was an apple")
5. She is aware of the dangers of seagulls in the UK, noting that people are advised to protect their food due to frequent thefts. (Verbatim: "there was like people walking along eating their food and the seagull swoops down and just takes just takes the food")
6. She has had a negative experience with seagulls while walking with her dog, who was also mobbed. (Verbatim: "me and my dog got mobbed by some seagulls and yeah")
7. She finds the seagulls in England particularly aggressive and dangerous compared to those elsewhere. (Verbatim: "the heckin seagulls in england are terrifying like we have so many signs")
8. She once stayed in a hotel with a maze-like layout and encountered fire doors that triggered alarms when opened. (Verbatim: "it's like a heckin maze inside and um and um there's a chat about the fire alarm")
9. She has a habit of collecting British VTubers, referring to it as "my collection" and expressing interest in future meetups. (Verbatim: "i'm trying to collect them all this is my yeah yeah yeah you would love to")
10. She references a past workplace where seagulls nested on the rooftop and blocked a fire exit, making it unsafe to use. (Verbatim: "one of the workplaces i worked in had seagulls nested on the rooftop um which actually blocked the fire exit") [end of text]



