1. She does not feel like an adult despite claiming to be one. (Verbatim: "i don't feel like an adult yeah it was either i eat or um i add like i'll be like i'm here in like 10 to 15 minutes")

2. She ate breakfast on stream for the first time during this broadcast. (Verbatim: "sorry that's the first time i've eaten um on like like breakfast eating breakfast on stream with you guys because i am i don't normally")

3. She dislikes making loud eating noises and is self-conscious about it, recalling her father’s criticism. (Verbatim: "i'm just hearing the voice of my father in my head telling me i'mma send you to clown school if you keep making so much so much noise")

4. She owns a pink bunny-themed bowl that she loves and uses for meals. (Verbatim: "it's my cute little bunny bowl it's this cute circle ball with a bunny on it and it's so cute and it's got pink on outside")

5. She owns a mug with a cat design that says "Are you kitten me?" and received it as a Christmas present long ago. (Verbatim: "i've got my um orange juice here it's in my class that says are you kitten me and it has a little cat on it because i got this as a christmas present a long time ago")

6. She is from England and notes that most people there are unaware of Thanksgiving. (Verbatim: "half of us don't even know it's thanksgiving well no i'd say about majority of people in england won't know today's thanksgiving")

7. She has a specific mood requirement for eating crumpets and hasn’t had them in a while. (Verbatim: "i have to be in a very specific mood for crumpets i think yeah yeah yeah")

8. She is aware of and cautious about online shopping scams, especially on Amazon. (Verbatim: "products on amazon are figuring a way around around this um method that people are using okay so what they're doing instead is that... they're using [coupons] instead")

9. She uses browser extensions to check product price histories and fake reviews. (Verbatim: "there's an extension for fake amazon reviews yo i need to find that because like although on the plus side it does make me go to actual like um you know blog review websites")

10. She dislikes the prevalence of fake reviews and marketing tactics online. (Verbatim: "i can't trust amazon reviews because of all the fake ones because you buy something and they try and like bribe the person that's like got the item to be like give us a five star review") [end of text]



1. She considered pursuing a PhD and an academic career but ultimately chose VTubing due to lacking the same level of passion for academia. (Verbatim: "i wanted to find something where i had a similar amount of passion and i find that i have that passion when it comes to vtubing")

2. She views intellect as not solely defined by academic achievement and believes one can be highly knowledgeable in a niche area without being broadly "smart." (Verbatim: "a phd means you're extremely smart in a very niche area okay like a very niche topic so they may not be smart in other aspects but they're very knowledgeable on a certain subject")

3. She has a master's degree and knows people from her program who continued on to PhDs. (Verbatim: "most of the people i did my master's degree with are off doing phds right now")

4. She finds mathematics difficult and refers to it as her "behated pain pain." (Verbatim: "maths go brain goes okay next one")

5. She has a strong passion for VTubing, which she describes as something she thinks about 24/7. (Verbatim: "i spend every moment 24 7 just thinking about you know vtubing what i can do what i can work on how i can make you guys happy")

6. She has considered the possibility of doing academic research on VTubers or gaming, acknowledging that such topics have been studied before. (Verbatim: "i know people that have done like theses on league of legends and stuff")

7. She expresses admiration for video editing and believes she could excel at it, even suggesting it as an alternative career if not a VTuber. (Verbatim: "if i can't be vtuber i could be a 10 out of 10 video editor couldn't i")

8. She identifies metaphorically with being a lizard, referencing "lizard sitting" as a recurring theme or joke, though not literally her species. (Verbatim: "i am lizard i am a lizard sitting")

9. She once made a video using Windows Movie Maker and enjoyed it, expressing nostalgia and a desire to do more video editing. (Verbatim: "i loved using movie maker like oh movie maker our beloved")

10. She believes passion is essential for succeeding in demanding paths like academia, and applies that same standard to her own work as a VTuber. (Verbatim: "i do recommend it if it's something that if it's a topic and that you truly have passion for and and you truly enjoy academia") [end of text]



1. She has a wireless headset that previously caused audio delay. (Verbatim: "it's so off time it was back when i had my wireless headset and there was a delay between the sound and what i could hear")

2. She considers updating her Throne page and is a Throne partner. (Verbatim: "I believe this is me asking for... recommendations or suggestions for Throne things... I am a throne partner")

3. She has a wishlist on Throne where select items can be purchased with a 10% discount using a specific code. (Verbatim: "get 10% off select gifts from Ellia's wishlist with code ELIASCELARIA10")

4. She does not want to eat "Goose Pellets" and strongly rejects the idea. (Verbatim: "I will never eat a Goose Pellet, okay")

5. She expresses excitement for the release of *Half-Life 3* and plans to play the series in order starting from *Half-Life 2*. (Verbatim: "i just wait for half-life 3 to come out and then i can play the half-life games and then and then it'll lead very nicely into the third one")

6. She is eagerly waiting for news about the game *Silksong*. (Verbatim: "ahhhhhh pain silksong where are you i'm waiting i'm waiting")

7. She previously used a "Song of Munch" as her stream's ending theme. (Verbatim: "this was actually just after a stream once... it used to be the ending song")

8. She is open to trying the game *Goose Goose Duck* but has not played it yet. (Verbatim: "Oh, I'll have to try it sometime... I've not played Goose Goose Duck")

9. She jokes about being associated with geese but denies being a real goose or a duck. (Verbatim: "it's not real though it's not real it's not real okay gozel is not real no that wasn't a face reveal")

10. She references being away in Japan for a month. (Verbatim: "It was a month, it was a month indeed") [end of text]



1. She has a fictional backstory involving being an alien with a UFO and the ability to fly. (Verbatim: "I can fly with the help of my spaceship... don't report me or they'll conduct scientific experiments on me because I have a UFO.")
2. She was once very ill with the flu during an outing, experiencing fever and dizziness, but pushed through to keep plans. (Verbatim: "I was actually really ill with the flu... I had a fever and I was dizzy and I was basically forcing myself out.")
3. She feels anxious about her audience forgetting her during breaks from streaming. (Verbatim: "I was so scared... I was gonna come back and y'all might have forgotten me.")
4. She greatly enjoys the movie *Interstellar* and appreciates its scientific accuracy. (Verbatim: "Interstellar is a great film I really enjoyed... they tried to be as accurate as possible when it came to the science.")
5. She has a fondness for trains and has expressed interest in being a train driver. (Verbatim: "Trains are so heckin cool... if I could be a train driver that makes a train do that I think I would be considered a very good train driver.")
6. She attended college in England, where she frequently interacted with vending machines. (Verbatim: "I remember at college there used to be a vending machine where I would try and get Maltesers.")
7. She has a preference for Coca-Cola and misses having access to vending machines that sell it. (Verbatim: "I do miss having a vending machine where I can get Coca-Cola whenever I want.")
8. She dislikes unreliable and expensive vending machines, especially those that fail to dispense items. (Verbatim: "They're just unfairly expensive... and half the time they don't work.")
9. She once considered enabling surprise gifts on her channel with controlled categories, including for Christmas. (Verbatim: "I was thinking I could turn that on for Christmas... I can control the categories and what gifts they are.")
10. She identifies as kind and caring toward her community, referring to them as "precious starlings and stananas." (Verbatim: "You're both really special to me, my precious starlings and stananas.") [end of text]



1. She has been officially diagnosed with agoraphobia and has undergone therapy for it. (Verbatim: "i've had like therapy for it and stuff it's like officially diagnosed")
2. She experiences panic attacks when outside due to her agoraphobia. (Verbatim: "i do get like panic um i do panic and things when i'm outside sometimes")
3. She is British, as she identifies herself as a British VTuber. (Verbatim: "banana community post i'm ellia stellaria british vtuber")
4. Her birthday is on June 29th. (Verbatim: "oh no your birthday's june 29th i'm sorry june 29th isn't real")
5. She struggles with being hard on herself and considers herself her harshest critic. (Verbatim: "um can confirm i am my harshest critic")
6. She tries her best to ensure others are happy when spending time with friends. (Verbatim: "i really do try when i'm out with people like with friends... trying to make sure everyone's happy")
7. She has a tendency to be clumsy and makes mistakes, which she acknowledges and apologizes for. (Verbatim: "i'm clumsy and i'm stupid and i'm dumb and i'm a mess oh i try and not make mistakes")
8. She values kindness and emphasizes self-care and being kind to oneself. (Verbatim: "one is look after yourself and two is be kind to yourself and to others")
9. She previously dealt with a bad flu that worsened while trying to socialize with friends. (Verbatim: "how my flu got even worse because yeah i remember i was i was just sat there on the side")
10. She does not celebrate Thanksgiving, so she created her own "thanks memeing" tradition to express gratitude to her community. (Verbatim: "in england we don't have um thanksgiving so this is this is my way of giving thanks to to the community") [end of text]



1. Her favorite cereal is Scuff Cereals. (Verbatim: "scuff cereals my favorite cereal scuff cereals okay")

2. She has a fictional identity as a celestial messenger with celestial messenger wings, not a swan or goose. (Verbatim: "not a goose these are celestial messenger wings i'm not a swan either these are celestial messenger wings")

3. She previously used a temporary model before her official debut. (Verbatim: "if you're wondering who that was that was my old temporary model before i debuted okay")

4. She dreams about streaming. (Verbatim: "i'll be honest i do dream of streaming")

5. She went to Japan for about a month in July and describes it as the "trip of the lifetime." (Verbatim: "so i went for like like a month in july... it really was trip of the lifetime")

6. She wanted to visit a tourist lake near Mount Fuji but missed the opportunity. (Verbatim: "i didn't get to visit the lake which is a shame... i didn't actually get to go to the lake so that can't be me")

7. She emphasizes being kind to herself and others as a core personal rule. (Verbatim: "rule number zero is to be kind to myself and others")

8. She expresses deep gratitude toward her audience for their support, including votes, messages, and donations. (Verbatim: "i'm always so thankful for your votes shorts and songs to take it easy")

9. She struggles with CAPTCHA tests, finding them frustrating and difficult due to monitored mouse movements. (Verbatim: "I spent 30 minutes on that capture... it monitors your mouse movements so apparently maybe my mouse movements are a bit too robot like")

10. She considers her purpose as a VTuber to be making others happy, and strongly discourages fans from sacrificing their well-being for her. (Verbatim: "i'm literally the reason i'm here is to try and make you happy okay... please do not do that i'm serious never never never") [end of text]



1. She has a recurring habit of being late and considers it part of her character. (Verbatim: "I'm never on time have I ever been on time it's part of my character trait.")

2. She identifies herself as clumsy and describes herself as a "clumsy stupid mess that's always late." (Verbatim: "if you want a clumsy stupid mess that's always late then maybe you're in the right place.")

3. She tried to be punctual in the past but claims it is not in her nature. (Verbatim: "I've spent my entire life trying to be punctual it's just not in my nature.")

4. She has a strong emotional connection to her community and prioritizes their well-being. (Verbatim: "please remember rule number one you have to look after yourself.")

5. She experienced disappointment in her relationship with her parents, stating she is used to disappointing them. (Verbatim: "it's okay if you're disappointed I'm used to disappointing my parents every single day.")

6. She participated in the 2023 r/place art event and had a square placed in her name. (Verbatim: "did you know that on the 2023 r place canvas you had your own square it's towards the top right above majima.")

7. She expresses deep appreciation for kind gestures from her community, such as fan art or memes. (Verbatim: "thank you thank you thank you I love it I can love it.")

8. She plans to continue content like "thanks memeing" in follow-up streams, indicating recurring segments. (Verbatim: "we'll have to have thanks meeming part two electric boogaloo the sequel that everybody wanted coming this soon tm.")

9. She streams for extended durations, with this one lasting four and a half hours. (Verbatim: "thank you so much for spending this very very very very short four hour and 30 minutes stream.")

10. She hosts member-exclusive watch-along streams later in the evening. (Verbatim: "we have a members watch along a member stream um later this evening.") [end of text]



NO RELEVANT INFORMATION [end of text]



1. She has a self-perception of being messy and anxious. (Verbatim: "i'm an overthinking anxious punk that this is silly but not in the fun way")
2. She describes herself as a disorganized person, referring to her desk and overall state. (Verbatim: "i'm a mess i'm a mess i'm a mess")
3. She used to work in retail, which gives her flashbacks when discussing customer reviews. (Verbatim: "i have flashbacks working in retail i have them flashbacks")
4. She enjoys drinking orange juice, iced coffee, energy drinks, and eating cookies and Special K bars. (Verbatim: "i've got orange juice i've got iced coffee i've got cookies and i've got special k bars and i've got an energy drink")
5. She is not comfortable receiving compliments or thanks. (Verbatim: "i'm not very good at receiving thanks um i i'm not willing to receive compliments or anything of the sort")
6. She celebrates Christmas and emphasizes its importance to her. (Verbatim: "we're very very very big on christmas")
7. She does not celebrate Thanksgiving and is unfamiliar with the concept of “thanks receiving.” (Verbatim: "if you don't celebrate thanksgiving are you per chance thanks receiving i've never heard of that holiday")
8. She expresses self-deprecating humor about her appearance, calling herself unique rather than beautiful. (Verbatim: "maybe i just look unique")
9. She has a habit of doing a pre-activity chat segment she calls “pre-activity zatsu.” (Verbatim: "i would like to do my pre-activity zatsu okay always always")
10. She mentions blowing her nose on stream and notes that some people, including her family, find it unpleasant. (Verbatim: "i blew my nose it's kind of gross um like like well people people like don't like it when people blow their nose or maybe that's the thing here or specific to the people like my family") [end of text]



NO RELEVANT INFORMATION [end of text]



1. She has a dog who is adopted and very important to her. (Verbatim: "It's my dog. It's an actual photo of my dog. For those that haven't seen my dog, here she is.")
2. Her dog is fluffy and softer than she looks. (Verbatim: "She's so fluffy. Can confirm! Okay. She looks soft. And she's even softer than she looks.")
3. Her dog is playful and treats toys like babies, sometimes trying to trade them for food. (Verbatim: "She's adopted a new baby toy... It's this, um, cuddly moose... she tried to trade it yesterday for dinner.")
4. She struggles with anxiety and depression. (Verbatim: "Maidens are financial stability, anxiety, and depression. I'ma push them... Anxiety and depression Maiden, I'ma push them.")
5. Financial stability is important to her and she wants to keep it. (Verbatim: "Financial stability Maiden can stay. Anxiety and depression Maiden, I'ma push them.")
6. She enjoys Among Us and is skilled at playing as the imposter. (Verbatim: "Elliot during the entire among us collab of being imposter she won those rounds like a pro.")
7. She has a habit of drinking orange juice. (Verbatim: "I'm going to have some more orange juice.")
8. She experiences emotional overwhelm from community kindness. (Verbatim: "My heart wasn't ready. My heart was ready for memes. It wasn't ready for such kindness.")
9. She is working on overcoming anxieties about interacting with content. (Verbatim: "I'm working on it, I am, I am, yeah, yeah, yeah, I'm overcoming my own anxieties of not being able to, you know, um, you know, I want to like things, I want to respond to things.")
10. She values her community deeply and feels unworthy of their support. (Verbatim: "I don't know what I did to deserve such wonderful community.") [end of text]



1. She identifies as a girl. (Verbatim: "I'm a girl, right? Really? Really? Really?")  
2. She has a fictional character named Ellen (or Eleanor) who steps on her and brings her happiness. (Verbatim: "Then I think about Ellen while stepping on me and it makes me happy.")  
3. Ellen is planning a debut and will have specific streams to avoid sudden tone shifts. (Verbatim: "She is planning to debut and then you'll have Ellen while specific streams where you'll know...")  
4. She previously used a temporary model before her official debut. (Verbatim: "That's my temporary model, before I debuted.")  
5. She went to London for a few days. (Verbatim: "Chat, I'm going to London for a few days, but I'll be back.")  
6. She spent about a month in Japan prior to the stream. (Verbatim: "Wait, this was before I went to Japan for like a month, guys.")  
7. She enjoys helping others in *The Legend of Zelda: Tears of the Kingdom*, especially with Koroks. (Verbatim: "In Tears of the Kingdom, I help them. Very, very, very much.")  
8. She likes iced coffee and once drank a very caramel-flavored one. (Verbatim: "I'm going to have some iced coffee next... That's very caramel super caramel.")  
9. She refers to herself as a "strong independent woman" in a humorous context. (Verbatim: "I am a strong independent woman, I don't need help opening this.")  
10. She denies being a goose and instead claims to be "Seiso." (Verbatim: "I am not a goose. I am Seiso!") [end of text]



1. She once tried to insert a Pokémon card into a floppy disk drive as a child, believing it could access a secret Pokémon game. (Verbatim: "I tried to put a Pokemon card in it because it was the perfect fit... I was trying to find a special secret Pokemon game.")  
2. She has a childhood memory involving an older sibling or figure named "Older Ellie bro" who encouraged the idea of inserting Pokémon cards into a computer. (Verbatim: "And older Ellie bro would convince me that it was a good idea.")  
3. She associates the game Doom with "Papa Elia," suggesting a personal or fictional lore element tied to her family or origin. (Verbatim: "But with Doom, it's Papa Elia.")  
4. She is British and references London, including a past incident where a thief stole her phone there. (Verbatim: "That's when ID stole my phone. Um. In London.")  
5. She celebrates reaching every 10,000 subscriber milestone by treating herself to Five Guys, ordering a cheeseburger, fries, and a milkshake. (Verbatim: "Whenever I reach a 10k amount I celebrate by treating myself to five guys... a little cheeseburger and little fries and a milkshake.")  
6. She previously held endurance streams to celebrate milestones (e.g., 10 hours for 10k, 15 for 15k, 30 for 30k), but has since discontinued the practice due to health concerns. (Verbatim: "I did do 30 hours for 30k... but from now on I think that's the end of that trend.")  
7. She attended Anime Con in June of the previous year and attended a panel by Miji-sanji EN members while remaining anonymous. (Verbatim: "I went to Anime Con, um, back in, like, June last year... They don't know I'm a B-Tuber too.")  
8. She aspires to one day host her own panel at a convention and be recognized as a VTuber. (Verbatim: "Maybe one day I can have panels... It's me, Elias Deloria, British VTuber.")  
9. She mentions a fictional or meme-based concept called "position number four," which appears to be a recurring in-joke or pose associated with her community. (Verbatim: "This is position number four... Elias Thelaria Kabidons you in my favorite position.")  
10. She references having a giant 2-meter goose as a pet or companion, though she says she "can't confirm" it, suggesting it may be part of her lore. (Verbatim: "Can't confirm I have a giant 2 meter goose.") [end of text]



1. She previously performed as a VTuber named Roboelia and was recognized at a convention in that form. (Verbatim: "Honestly, there's no words to describe the joy when like you're at a convention as a robot and you're recognised...")

2. Her fictional origin lore is that she is a celestial messenger who flew down to Earth but got hit by a truck in the sky, injured her wings, and now is scared to use them. (Verbatim: "my lore is that I flew down to earth being the celestial messenger I am and got hit by a truck in the sky... now I'm scared to use my wings")

3. She enjoys the food item "five guys" (the restaurant), specifically the small cheeseburger because the big one is too large. (Verbatim: "I like to have five guys, not five real guys, the food... only the small cheeseburger, because the big cheeseburger is too big")

4. She played multiple brass instruments in school: trombone, euphonium, cornet trumpet, and French horn, which she ultimately chose. (Verbatim: "I started playing... trombone, the euphemium, the cornet trumpet... and yeah, French horn. French horn is what I landed on in the end")

5. She has never played the tuba but would like to try it one day. (Verbatim: "That's the one brass instrument I've not had the opportunity to play... I would like to try and play the tuba one day")

6. She went on a research trip to a rainforest where she received field first aid training, and the protocol there was essentially fatalistic due to lack of medical access. (Verbatim: "when I went to the rainforest I had to do some first aid training... pretty much the solution to everything any injury is um you're dead")

7. She finds flat floors comforting, especially after experiencing difficult, pathless, thorny terrain in the rainforest. (Verbatim: "i just really appreciate flat floor... the floor is a lie everything's a lie you take a step and you boom into like some some random place")

8. She owns a large two-meter goose plushie, which she brought back from Taiwan and keeps on her sofa. (Verbatim: "I have the two meter big goose... It lives on my sofa")

9. She has a dog that she walks regularly, and the dog cuddles the goose plushie when she is away. (Verbatim: "I have a dog that's why I got the dog... my dog cuddles up to it")

10. She is a relatively quiet person in public and worries about being recognized, especially if she laughs loudly. (Verbatim: "I'm a pretty quiet person, so... my brain's like, be careful about laughing in public, girl") [end of text]



1. She has a fear of butterflies and finds them scary despite their appearance. (Verbatim: "I don't like butterflies please anybody please I don't like this someone help please the heckin butterflies the butterflies oh my goodness literally at one point... eh he's a big ass butterfly on my head")

2. She dislikes moths even more than butterflies and considers them her enemy. (Verbatim: "oh i hate moths though like butterflies are okay ish but moths are my enemy okay moths no like no no nope no no no no")

3. She stayed still around insects as a child because her father ("papa elia") told her it would prevent moths from hurting her. (Verbatim: "um yeah yeah honestly a swarm of any bug can be really terrifying right... papa elia that told me to stay still would be like don't worry the moths won't hurt you just stay still")

4. She climbed Mount Fuji and described parts of the trail as very steep, requiring her to climb on all fours. (Verbatim: "this is exactly how I climbed Mount Fuji... there's some parts that are really vertical like like a really really high gradient where um you do you're pretty much on on all fours trying to climb up")

5. She previously used a temporary model before her official debut. (Verbatim: "this is my temporary model that I had before debut by the way if you're wondering who the heck is this person um that's me")

6. She is obsessed with the *Ace Attorney* game series and used to create her own OCs and game cases based on it. (Verbatim: "i used to be obsessed um with with um with ace attorney very very very much like absolutely next level obsessed like making my own um oc's making my own game versions of it")

7. She enjoys detective-style games and mystery narratives like *Ace Attorney* and *Danganronpa*, particularly liking the role of the detective. (Verbatim: "i like the detective aspect i like the who done it you know like like any sort of like sherlock holmes kind of thing where you're like who who who's the imposter")

8. She does not like being the imposter in games and prefers being the detective. (Verbatim: "except for i don't like being the imposter i like being the detective you know")

9. She wants more *Danganronpa*-style games to be released and expresses a strong desire for new entries in the series. (Verbatim: "i want another game to come out like that like yeah yeah yeah yeah... give me these students murdering each other um give me video game please")

10. She has an interest in playing *L.A. Noire* but hasn't played it yet. (Verbatim: "la noire is on my list i haven't played la noire um that's the one with the doubt right") [end of text]



1. She holds a master's degree and was planning to pursue a PhD before becoming a VTuber. (Verbatim: "I've got my master's degree and the original plan was me to go on to do a PhD... and then I said no I'll be a VTuber um and thus I'm here.")

2. Her parents had high expectations for her to pursue a PhD for prestige and family ambition. (Verbatim: "I was gonna go to do a PhD... fulfill all of my parents like dreams and ambitions or whatever.")

3. She previously worked as a software developer before becoming a VTuber. (Verbatim: "when I was a developer I convinced the company I worked for to buy me a gaming chair.")

4. She struggled with stress and lack of passion during her academic career, feeling she pursued it to please her parents. (Verbatim: "as a student I was starving and stressed and struggling... I was doing it because I was always told to do it you know and that it made my parents happy.")

5. She has lived in England and is familiar with the UK PhD application process. (Verbatim: "this is for a phd in england um so i don't know how yeah.")

6. She declined a recent offer to return for a PhD position at a university. (Verbatim: "they were like um you know could you do you fancy can we tempt you to come back... and I was like no but thank you.")

7. She believes being a VTuber is the highest achievement, above even earning a PhD. (Verbatim: "right at the top of the pyramid here um is actually vtuber vtuber comes right at the top.")

8. She experienced physical discomfort from poor seating while working from home early in her career. (Verbatim: "I remember when I had to have like a dining table chair... it would really cause like my neck to hurt a lot.")

9. She values ergonomic work setups and successfully had a company provide her with a gaming chair during her developer job. (Verbatim: "the company they work for would fund like a table like an actual desk... they got me a secret labs chair.")

10. She recognizes the emotional challenges after completing major academic milestones, such as post-PhD uncertainty. (Verbatim: "there's like there was a term for like post phd... the down that you feel after getting your phd.") [end of text]



