1. She identifies as an introvert despite coming across as an extrovert. (Verbatim: "can confirm i come across as an extrovert but i am very much an introvert")

2. She has a low social battery and finds constant collabs potentially overwhelming. (Verbatim: "i don't think my social battery will uh survive um if if if it's uh yeah yeah i gotta consider my my social battery")

3. She lives in a one-bedroom flat and spends most of her time in her room as a full-time YouTuber. (Verbatim: "i have my flat it's just a one bed flat and you're just like constantly in the same environment")

4. She is planning a trip to Japan next month that will be content-oriented. (Verbatim: "i'll be very very very out of that headspace next month because next month is um japan japan oh my god")

5. She wants to buy Beyblades and potentially collaborate using them during her Japan trip. (Verbatim: "i want to get beyblades and off collab with beyblades")

6. She owns a webcam and a non-portable desk mount setup for her hand cam. (Verbatim: "i've got my webcam but my setup for my camera is like pretty much like yeeted into my pc")

7. She is considering purchasing a portable camera stand in Japan for future trips. (Verbatim: "i could buy a cheap one in japan um are they that much cheaper in japan... i could use it for like future trips as well")

8. She has created checklists for things to bring and content ideas for her Japan trip. (Verbatim: "i made two little things in my ellia's liner um there's like a checklist of things to bring and then content ideas as well")

9. She jokes about using a goose with a camera as a streaming idea, showing an interest in creative content. (Verbatim: "what if i was able to train a goose... and somehow attach a camera to it like a selfie camera and be like be free goose off you go goose")

10. She uses caffeine, such as Coca-Cola, to boost her energy for streams. (Verbatim: "the caffeine from this coca cola will fuel me and then i'll be hyped") [end of text]



1. She has a scar on her hands caused by burning her palms as a child, which created extra lines and a textured appearance. (Verbatim: "i burned my hands as a kid like my palms so there's a lot of lines it's like extra liney")
2. The scar is more noticeable when she tans and makes her hands appear wrinkly, causing her self-consciousness. (Verbatim: "my scar is only visible when i tan" and "it makes my hands look weird because it's like and i think this is what made the")
3. She avoids wearing gloves during trips because they are annoying, despite concerns about revealing her scar. (Verbatim: "i can't be bothered with gloves the whole trip" and "they're really annoying to wear")
4. During a palm reading in Japan, the reader was confused by the unusual number of lines on her hands due to the scarring. (Verbatim: "i think that confused the lady because i have so many lines on my hands")
5. The palm reader noted she had the hands of someone who transitioned from academic/studious work to a creative career, which matched her real-life path. (Verbatim: "you had the hands of someone that used to do very like technical um work like studious work like academic like work and then moved to something more creative")
6. The palm reader suggested she is well-suited for business or leadership roles, such as being a CEO. (Verbatim: "you could be really good at like business yeah business business like you know like um ceo like leading business gal")
7. She has a poor health line in her palm reading, with the reader warning she must actively look after herself to live a long life. (Verbatim: "you can look after yourself and live a long life there's also a chance you don't look after yourself and you don't")
8. She frequently drinks Coca-Cola, which the palm reader seemingly noticed or sensed during the reading. (Verbatim: "she could feel the coca-cola coming through me running through my veins like yeah she said it was like there's two lines or something")
9. She identifies as British. (Verbatim: "i'm british all british are cinderes")
10. She struggles with sleep posture and physical discomfort upon waking, such as neck and shoulder pain, which makes her feel like she is aging. (Verbatim: "i woke up have you ever just slept like the wrong way and woke up with like your neck kind of hurting") [end of text]



1. She had a sheltered childhood and was protected by her parents. (Verbatim: "you gotta remember i was a very protected child i was very sheltered okay like my parents did not want me going outside")
2. She has a self-described tendency to be clumsy, which she views as a hazard rather than cute. (Verbatim: "i'd rather be reliable i'd much much much rather be reliable... it's a hazard to society and i'd rather be reliable")
3. She worked in IT support and as a developer, with experience in first, second, and third-line support. (Verbatim: "i have worked um first second and third line support and i've been a developer so i'd say i'm well versed in helping")
4. She once caused a lab accident by leaving a tap open during a titration, spilling acid on her shoes. (Verbatim: "i just kind of forgot and left the tap open while i was set well while i was setting things up and poured it all onto my shoe")
5. She has accidentally caused kitchen fires while cooking, such as when frying sausages. (Verbatim: "i literally felt like a character from the sims when i was trying to make like fried sausages and the whole pan just set on fire")
6. Her cooking results are unpredictable—either a disaster or incredibly delicious. (Verbatim: "when i cook it'll either be an absolute disaster or incredibly delicious one way or the other")
7. She once accidentally put cumin instead of cinnamon on homemade donuts, ruining them. (Verbatim: "i got mixed up and accidentally put cumin on my donuts awful")
8. She identifies as British and notes she rarely swears, which she finds unusual for someone from England. (Verbatim: "especially since for a british person i don't swear it's just kind of wild")
9. She plans to visit Japan and wants to go to arcades, konbini, maid cafes, and themed cafes like a Pokémon café. (Verbatim: "i need to yeah um look up cute cafes to go to you know like a pokemon cafe or something... oh i'll definitely do maid cafe")
10. During university, she lived with a group of girls who nicknamed her the "older brother" due to her gaming habits and providing IT help. (Verbatim: "they were like oh you're like the older brother i was like why am i a guy and they were like well you know you just stay up in your room all day playing games and you help us with like IT stuff") [end of text]



1. She previously worked in IT support and experienced gender-based discrimination, which led her to test using a non-feminine or male name to reduce workplace pushback. (Verbatim: "the number of back and forths was reduced by so much like oh god i tested that theory so hard as well so sad i was like the difference like i mean i had to do more stuff because like if i signed it like elia they'd be like back and forth like questioning")

2. She moved from an IT support role to a development team within her workplace. (Verbatim: "even when i moved teams to like the development team they'd call up and specifically ask for me because they wanted to chat with me")

3. She found that some users called the support line not for help but specifically to chat with her, which made her question her professional boundaries. (Verbatim: "they call again like another day and specifically ask for me and i be like oh okay... no they just they just want to chat and i'm like this no that's that's not what this is")

4. She struggles with remembering people’s names and admits to being “heckin face blind,” though she is good with voices. (Verbatim: "i can't remember the name of the support person ever like ever... yo i'm like heckin face blind i don't remember anything ever i try i'm good with voices")

5. She has difficulty with social interactions and feels she lacks understanding of how to express herself appropriately. (Verbatim: "i did not get the social guidebook of how to express oneself y'all pain pain... the way i express my heart and my intentions is a mess typically because like i'm stupid")

6. She plans to announce a major project during her one-year VTuber debut anniversary stream. (Verbatim: "i'll announce the big project at my um anniversary okay then i can tell you guys i'm so excited so excited yeah yeah yeah")

7. She has an upcoming trip to Japan, which she refers to as both a content trip and a relaxation opportunity. (Verbatim: "i'm excited i'm excited but i will be spending it together because it is a content trip yeah i know i know i know")

8. She worked on organizing administrative tasks and creative projects behind the scenes, describing it as “cooking” for her audience. (Verbatim: "i'm cooking for you guys i'm cooking so hard and i'm so hyped like yeah yeah yeah yeah yeah it's very exciting")

9. She once considered using a voice changer when using a non-feminine name professionally to maintain consistency. (Verbatim: "and then i had to go on cool with them and then you're like oh oh they're gonna know... oh i need a voice changer i need a voice changer yeah")

10. She jokes about her personal hygiene but claims she showers and imagines she smells like daisies. (Verbatim: "I shower today can't be stinky no no no never stinky I smell like daisies") [end of text]



NO RELEVANT INFORMATION [end of text]



1. She identifies as an introvert despite coming across as an extrovert. (Verbatim: "can confirm i come across as an extrovert but i am very much an introvert")
2. She experiences a "social battery died" day after trips, needing alone time to recharge. (Verbatim: "every time i go on a trip i always have like a um social battery died kind of day where i'm like i'm going to do nothing and be inside")
3. She previously worked as a developer in a small office environment. (Verbatim: "when i worked in an office the ceo was an extrovert and the ceo genuinely couldn't get his hecking head around the fact that introverts existed")
4. She found office work difficult due to constant interruptions from non-development staff. (Verbatim: "you bring in a developer into the office and they get swarmed by people in support or sales or anyone that needs help")
5. She was called a "wizard" by coworkers due to her role as a developer. (Verbatim: "they call us the wizards and they're like if we need help we'll go to the wizard")
6. She used to dress in smart casual clothing at the office, feeling like she was "cosplaying as a functional human being." (Verbatim: "literally feels like cosplaying as a functional human being today")
7. She once fixed a laptop by spinning it around in a 360 motion, which impressed her coworkers. (Verbatim: "then i span it around and then i span it again and basically did like a 360 and then i opened it and then i pressed the power button and it turned on")
8. She believes some laptops have loose components that require physical movement to function properly. (Verbatim: "sometimes when you move them the parts just need like like percussion therapy is real percussion maintenance is real")
9. She has experience discussing laptop hardware, including Apple products like MacBook Pros and Airs. (Verbatim: "they straight up told me it was like don't get the pro... it's not designed to be moved")
10. She is planning or preparing for a trip to Japan. (Verbatim: "i've got my laptop all ready for japan") [end of text]



1. She has worked in retail and has extensive experience dealing with difficult customers. (Verbatim: "i've worked in retail i've done too many jobs in retail i know i know i know they're serious because the most awkward thing to happen in retail is when someone asks a dumb question...")

2. She used to feel anxious about returning items to stores but overcame it after working in retail. (Verbatim: "one thing i used to be really scared of was returning stuff to the shop... then i worked in retail and my god the people the things that some people try and return is hilarious")

3. She owns a Lenovo laptop, indicating brand preference or current use. (Verbatim: "lenovo is what my laptop is you know my laptop is a lenovo laptop so it could match")

4. She is interested in improving her multitasking setup with portable monitors for future use. (Verbatim: "i feel like it'd be useful for like future things as well and things something i should have probably had like back when i was like")

5. She has considered or planned a trip to Japan. (Verbatim: "you're also planning a japan trip let's hikin go")

6. She wants to be able to play League of Legends, suggesting it is a game of interest. (Verbatim: "I need to be able to play League of Legends")

7. She expresses skepticism toward online reviews, especially on Amazon, due to fake or unreliable content. (Verbatim: "you can't trust reviews on the internet anymore right like it's so sad amazon's plagued with heck and fake reviews")

8. She has a history of overthinking and self-doubt, particularly in customer service situations. (Verbatim: "thinking wild it's always the smartest people who have the most self-doubt and the dumb people that really don't care they'd be overthinking we'd be overthinking")

9. She once lived or imagined living off-grid, referencing a caravan lifestyle without electricity. (Verbatim: "she lived in like this caravan um this caravan thing so like she was like completely like off grid or something i'm pretty sure")

10. She finds humor in absurd customer behavior from her retail days, suggesting a coping mechanism and storytelling tendency. (Verbatim: "sometimes it was funny though sometimes it was just like dumb but in a funny way where like this was really common this happened at least four or five times") [end of text]



1. She worked as a cashier in the past. (Verbatim: "it was the thing that made me feel happy when i was a cashier was the person after the mean person")

2. She had a difficult social experience in high school, feeling like an outcast and being bullied. (Verbatim: "i did not do well in high school socially um i'm like the last thing we can have is things be like high school no i will not i would not like to be a social outcast with no friends being bullied thank you very much")

3. She strongly values kindness, especially toward service workers. (Verbatim: "i always try and be extra extra nice to anyone that works in any form of service or just any kind of work i guess")

4. She has a personal rule of always wearing shorts underneath skirts for practicality and modesty. (Verbatim: "i literally actually can't go out in a skirt without shorts on underneath like i can't actually remember the last time i've done that")

5. She used to jump a fence on her way to the bus stop during school, which influenced her habit of wearing shorts. (Verbatim: "i had to jump this massive fence in the middle and so to jump the fence it was like you gotta have shorts on")

6. She loves crane games and is drawn to collecting plushies. (Verbatim: "heck yeah I'm a sucker for crane games" / "I brought home so many plushies")

7. She recommends using travel vacuum bags with a manual pump for packing plushies and puffy clothing. (Verbatim: "you can buy these and i recommend this for trips to japan... it's like a special pump with a screw at the bottom and then it can you can use it")

8. She has traveled to Japan multiple times and plans content-focused trips there. (Verbatim: "didn't i just get back from japan i should film more stuff this time this one's a content only trip")

9. She finds upskirting a serious issue and has noticed prominent warning signs against it in Japanese train stations. (Verbatim: "last time i went to japan... it had like a really long escalator and all up the escalator it had these signs warning people about upskirting")

10. She is based in England, where strong winds influence her clothing choices. (Verbatim: "i'm in england so there's always like big gusts of wind always like so unexpected") [end of text]



1. She felt forgettable during school, once being marked absent despite being present. (Verbatim: "i got marked absent from school once even though i was there... i'd be like here they're like oh not here i'm i'm like here here like i'm here")

2. She grew up in a quiet household and was taught to be extremely quiet, which contributed to her stealthy presence. (Verbatim: "my family always taught me to be extremely quiet so i'll blame let's blame my um let's blame my parents for that one")

3. She developed hyper-vigilance as a child, learning to identify family members by their footsteps on the stairs. (Verbatim: "you could tell which family members coming up the stairs based on like their walking pattern... ah yes that's my brother oh yes that is my mother")

4. She associates her awareness of footsteps with past trauma and hyper-vigilance to avoid trouble. (Verbatim: "why would one need to be so hyper aware of who's coming up the stairs... cuz yeah like you gotta be hyper attentive as to avoid getting in trouble")

5. She used to work as a fast food delivery driver. (Verbatim: "seven months years ago i worked for a fast food driver")

6. She has a strong attachment to a large goose plushie, which she considers essential and refers to as "Glute's goose plushie." (Verbatim: "glute's goose plushie is essential even with vacuum packed though")

7. She struggles with volume control when speaking, having gone from speaking too quietly to too loudly. (Verbatim: "i'm the cringe memory of saying here too quietly and then saying here way too loudly... oh damn that was loud")

8. She finds crochet extremely difficult and considers herself unbelievably bad at it. (Verbatim: "i am so unbelievably bad crochet hurts me how lack of any sort of skill that i have it is wild how bad i am at crochet")

9. She uses an iPhone for VTubing due to its superior face-tracking technology and does not own a second phone like many other VTubers. (Verbatim: "i only have one phone... iphone has the best face tracking technology")

10. She has visited Japan multiple times before and plans to travel there again in October. (Verbatim: "i've been fine the last few times I've been fine so I'll be fine again... october japan autumn packing list") [end of text]



1. She dislikes British snow, finding it unattractive and mucky. (Verbatim: "british snow is very sad and it's not very pretty it's kind of mucky looking and uh it's not it's just not very nice")
2. She has a strong preference for konbini (convenience store) food, especially egg sandwiches. (Verbatim: "i can love egg sando yeah i guess i gotta try like um what is it um yeah")
3. She enjoys creme brulee ice cream available at Japanese convenience stores. (Verbatim: "there's this ice cream you can get that i really really enjoyed last time it's like creme brulee")
4. She is afraid of roller coasters and found Fuji Q terrifying. (Verbatim: "i'm scared of um roller coasters yay and fuji q is what i went to last time that was so scary that was so scary that was terrifying")
5. She previously climbed Mount Fuji during a visit to Japan. (Verbatim: "climbed mount fuji um you know i've done i've done some pretty good um yeah like outdoorsy activities")
6. She lived in a rainforest for a couple of months as part of her life experiences. (Verbatim: "i lived in the rainforest for a couple of months")
7. She visited a shrine in outer Tokyo and participated in traditional rituals like buying a fortune and hanging a wish. (Verbatim: "when i went to the shrine last time i made sure i got myself a fortune i did the prayer and i did the little um what do you call it the little like tableau things which you write on and then you hang it and you put up a wish")
8. She prefers to avoid touristy spots in Japan and would rather explore less crowded places. (Verbatim: "i prefer i personally prefer to avoid like the main touristy spots because they have tourists")
9. She is hesitant to listen to her own voice, especially in karaoke settings. (Verbatim: "i've never listened back on a karaoke twitter space because i'm too scared of hearing my own voice which is funny to say as a streamer")
10. She is interested in vlogging and considering buying pink vlogging equipment, though she jokes about not wanting to choose based solely on aesthetics. (Verbatim: "there's ones that come in pink now what about pink ones though um I shouldn't just buy it because it's pink I shouldn't just buy it because it's pink") [end of text]



1. She is afraid of roller coasters and found her visit to Fuji Q terrifying. (Verbatim: "fuji q is what i went to last time that was so scary that was so scary that was terrifying")

2. She has visited Team Lab Planets and found it immersive but noted it was crowded with people taking photos. (Verbatim: "team lab planets i've done team lab planets it's really really cool... everyone's just like walking in barefoot and then you're just walking in the water")

3. She prefers to experience art installations thoughtfully rather than for photo opportunities. (Verbatim: "i like to go to like these art things and sort of appreciate the art and the feeling that it's supposed to give you")

4. She is self-conscious about being shy and easily embarrassed when filming in public. (Verbatim: "i get embarrassed so easy though i'm so shy")

5. She is British and makes a comment about British people not showing excitement easily. (Verbatim: "i'm british excited okay the british don't show their excitement that easily")

6. She has small feet and struggles to find adult shoes that fit, often being redirected to children’s sections. (Verbatim: "i've got tiny feet... every time i there's like the little drop down of like the sizes and i'd select four and then the website would change to the kids website")

7. She is of average height and denies being unusually short, though fans often tease her about it. (Verbatim: "i'm not that short i'm like normal height i'm i'm i'm the tallest in peter")

8. She drinks cola frequently, mentioning having consumed multiple 1.5-liter bottles. (Verbatim: "i got another 1.5 liter bottle of cola guys another one... how many big bottles have i gulped down i don't know i'll try and count it")

9. She plans to film vlogs during future trips but is cautious about doxxing herself or others. (Verbatim: "the vlogs be for videos or streams um they're gonna be videos because i'll have to check through the videos to make sure i didn't dox myself or anyone else")

10. She intends to buy comfortable walking shoes, specifically considering Nike Motiva, for future travel. (Verbatim: "it recommends these nike motiva shoes let's have a look see... i'm gonna have to find maybe i'll do that like when i'm traveling") [end of text]



1. She has a history of working multiple jobs at once, which was very stressful. (Verbatim: "especially it was super stressful the few times i was working those three jobs at a time and having to get from job a to job b and job b to job c")

2. She is a fast walker, confirmed by other VTubers she has met in person. (Verbatim: "i'm the fastest walker because apparently i'm a fast walker as confirmed by both speaker and ivy and anyone else that has met with me irl")

3. She gets easily lost, especially in Japan, despite being expected to lead the way. (Verbatim: "every time i went outside i was like wow i'm lost that was fast... i think i'm supposed to be leading the way")

4. She finds navigating crowds in England more stressful than in Japan due to lack of directional flow. (Verbatim: "the crowds in Japan don't stress me anywhere near as much... in england it's a struggle because no one has any hiking direction but in japan there's like a flow")

5. She prefers to buy items in Japan that are unique to the location or cheaper than in England, like Uniqlo products. (Verbatim: "if it's like a brand and I have that brand in England and I could buy that brand in England why would I buy it there you know unless there's a price difference")

6. She dislikes stressful shopping when items are essential and feels pressure to find them. (Verbatim: "i don't want to risk it like you know yeah i get i i don't like stressful shopping you know where it's like if i don't have this i'm food that is")

7. She used to stay up all night playing League of Legends and would nap at her job to compensate. (Verbatim: "because i stayed up all night playing league of legends... i'd work super hard and reward myself with that nap that i so desperately needed")

8. She values efficiency and jokes that being lazy makes her work faster. (Verbatim: "find a lazy person because they'll be efficient because that is me")

9. She plans to do a bento cooking stream and wants to make cute food like Pikachu cookies. (Verbatim: "i want to make a bento bento cooking stream... i want to make some pikachu cookies")

10. She is British and sometimes feels her accent becomes more pronounced. (Verbatim: "the british debuff is real mate like oh gosh i feel like i'm sinking too far into my accent a bit") [end of text]



1. She is from England. (Verbatim: "no i'm from ingerland")
2. She has climbed Mount Fuji in the past. (Verbatim: "i've physically literally climbed mount fuji i do not wish to relive that")
3. She enjoys making origami, specifically paper cranes. (Verbatim: "i like making paper cranes")
4. She has ADHD and mentions caffeine use as a form of self-medication. (Verbatim: "fun fact people with adhd often use caffeine to self-medicate")
5. She previously traveled to America, where her AirPods died due to battery issues. (Verbatim: "they died of battery when i was in america")
6. She owns a Nintendo Switch and plays games like Super Smash Bros. (Verbatim: "i was trying to find the cartridge for smash brothers")
7. She finds the story of Hachiko very sad and emotionally impactful. (Verbatim: "the story of hachiko will always make me sad")
8. She has visited the Harry Potter studios, implying familiarity with the franchise. (Verbatim: "we literally have the studio where it was recorded here")
9. She is interested in trying unique or unusual experiences, such as dining alone in a cubicle restaurant. (Verbatim: "dine alone in a cubicle restaurant oh my god guys i need to do that")
10. She once attended a gaming cafe in Japan and found the fake British pubs there inauthentic. (Verbatim: "they have like fake British pubs in Japan awful not it's not anything like a British pub") [end of text]



