1. She is British and emphasizes British tea culture. (Verbatim: "I'm British. It is English breakfast. English breakfast is THE tea.")
2. Her favorite tea brand is Yorkshire Tea, which she considers superior. (Verbatim: "Specifically, I use Yorkshire tea." / "Favorite tea band anything other than Yorkshire is blasphemy.")
3. She takes her tea with one teaspoon of sugar and milk, preferring a lighter color for more milk. (Verbatim: "I have one teaspoon of sugar, and a bit of milk." / "I like it kind of like, on the lighter side because I really like milk.")
4. She once babysat for a Chinese family and had a cultural misunderstanding about being offered hot water. (Verbatim: "This was the Chinese family I used to um do babysitting for... I got given a cup of hot water like like just hot boiling water and I was like what am I supposed to do with this cup of hot water.")
5. She has a habit of offering tea to guests, reflecting a British cultural norm. (Verbatim: "Fun fact, if you go to England, it really is traditional to always offer a cup of tea if someone comes to visit you.")
6. She has had digestive issues she suspects are from old butter kept since April. (Verbatim: "I think it's my butter because I've had it since like April and it's September.")
7. She enjoys stroopwafels and eats them by placing them on top of a hot mug of tea to melt. (Verbatim: "A waffle on top. A stroopwafel or whatever it's called... the heat from the tea shall melt the waffle.")
8. She has a messy sleeping pattern and often sleeps only 3–4 hours. (Verbatim: "I had... About four. No, like three-something.")
9. She wants to create a VTuber flag and has been practicing her signature. (Verbatim: "I want a flag... I've been working on my signature.")
10. She once considered doing a thigh-squishing challenge stream but jokes her thighs aren’t strong enough. (Verbatim: "I wanna see what level of fruit I can squish... I don't... my thighs are not strong enough.") [end of text]



1. She considers herself clumsy and has been called "cursed" by her parents because things she touches break. (Verbatim: "everything you touch breaks and i'm like oh my cursed like")
2. She lives in a one-bedroom flat in the UK and feels she doesn’t deserve such a nice place, describing it as too fancy and mold-free. (Verbatim: "i shouldn't be living in such a nice place... there's not a speck of mold it's kind of wild")
3. She moved into her current residence when she became a developer and plans to downgrade her living situation in the future. (Verbatim: "i moved into this place when when i became a developer... the plan is to move and downgrade probably by quite a bit")
4. She has an "organized mess" — her room is cluttered but she knows where everything is, often placing items in unusual spots like the fridge or on plushies. (Verbatim: "i can find everything it might be in a honestly like it'll be like oh where's my keys oh i remember i put them in the fridge")
5. She wants to be a VTuber forever and is committed to working hard to sustain her career. (Verbatim: "i'd like to be um a vtuber forever and i'll work hard to try and keep that dream going")
6. She can cook and acknowledges she should do more of it, indicating it’s a skill she possesses but doesn’t use frequently. (Verbatim: "can elia cook yeah yeah i can cook i need to do more cooking")
7. She is grateful to her fans and feels deeply privileged, vowing never to take her success or their support for granted. (Verbatim: "i never ever want to take what I have for granted... I hope that like with my hard work I can really really demonstrate how much I appreciate it")
8. She once aspired to go into journalism but changed her mind after a negative school experience where she lost a competition despite putting in significant effort. (Verbatim: "there was a time i really want i thought i wanted to go into journalism... they picked her because she was the teacher's son's girlfriend")
9. Her favorite food is bananas, which she explicitly states she loves. (Verbatim: "I love bananas, bananas I love language")
10. She plans to announce a major personal investment or project around her debut anniversary in March, which will be the most expensive thing she’s ever invested in. (Verbatim: "for next year round march for my birthday i'm gonna announce what it is... the most expensive thing i've ever invested in") [end of text]



1. She experienced nepotism in an academic setting, where a teacher's son's girlfriend was chosen over her despite equal or better work. (Verbatim: "they picked her because she was the teacher's son's girlfriend... i was like okay i don't like this i'd like to go do science instead")

2. She values hard work and fairness, expressing disappointment in systems where connections matter more than merit. (Verbatim: "i just want to work hard make friends and have a good time... i wish the world was simply you know work hard be rewarded")

3. She strongly dislikes networking and the idea of using people for personal gain, finding it morally repulsive. (Verbatim: "i really really hate the idea of like... networking what bleh bleh people are not to be used")

4. She has a negative view of favoritism, especially in educational environments, recalling a college teacher who focused only on certain students. (Verbatim: "oh my gosh i had that in english college... she literally only focused on like these three students and the rest of us were treated like literal trash")

5. She identifies as a middle child and relates to the associated traits such as independence and feelings of alienation. (Verbatim: "i could tell i was middle child because you're also middle child and we share the same energy")

6. She describes herself as having "middle child energy," including being independent, less family-oriented, and feeling forgotten. (Verbatim: "strong sense of independence yeah less family orientated yo feelings of alienation yo")

7. She became a VTuber partly as a way to combat loneliness and build meaningful friendships online. (Verbatim: "it makes me so happy to have friends on the internet for real... i would be extremely lonely otherwise")

8. She believes in the goodness of people and strives to be kind, though she sometimes questions her own nature. (Verbatim: "i really just appreciate having friends and i like to believe in the good of people")

9. She does not believe in toxic positivity and accepts negative emotions like sadness and anger as valid and necessary. (Verbatim: "i don't want toxic positivity here... it's okay to be sad it's okay to be angry")

10. She has a cynical view of the world but channels her frustration into finding joy and spitefully enjoying life. (Verbatim: "mine's towards the world it sucks and thus that hatred breeds spite to try and find joy in this stupid world") [end of text]



1. She identifies as human. (Verbatim: "oh gosh me human I am human yeah that's me human")
2. She has experience looking after goats. (Verbatim: "I looked after goats I looked after goats")
3. She was nervous around goats because they were not on leashes and had to be led with a bucket of food. (Verbatim: "it always made me really really nervous because like it's it's one of those where it's like um it's like when you walk a dog they like animals are receptive to the energy you give")
4. She is scared of grabbing goats by the horns after hearing a story about someone causing injury doing so. (Verbatim: "i was about to say the story i'm about to say was like um in the lunchroom one of the people turned up absolutely covered in blood... oh yeah one of the goats like i grabbed it and the horns popped off")
5. She is not a morning person and dislikes getting up early. (Verbatim: "i'm not a morning person... i just didn't yeah")
6. She believes negative emotions like sadness and anger are valid and important. (Verbatim: "they're not bad emotions even if they're negative it's okay to be sad it's okay to be angry i never want to invalidate those")
7. She thinks she is a negative person, despite others seeing her as positive. (Verbatim: "people think i'm a positive person i think i'm a negative person um i'm very much like yeah")
8. She has a fear or strong discomfort regarding the outdoors, which she jokingly refers to as being "kidnapped by the scary outdoors". (Verbatim: "yeah i know i got kidnapped the scary outdoors")
9. She does not eat cherries or fruit due to concerns about cyanide in cherry pits. (Verbatim: "yeah yeah I don't eat cherries or fruit so I'm safe")
10. She experiences lightheadedness and takes medicine for it, possibly related to lack of sleep. (Verbatim: "I need to take my medicine I'm still really lightheaded... maybe it's the lack of sleep though as well") [end of text]



1. Her mother does not know she is the VTuber Elia Stellaria. (Verbatim: "let's see mama elia doesn't know i'm elia stellaria yeah")
2. She is planning to travel to Japan next month. (Verbatim: "mama elia doesn't know i'm going japan next month")
3. Her father, referred to as Papa Elia, has undergone personal growth and is now more progressive. (Verbatim: "papa elia actually is reformed but there's no there's no guarantee you know papa elia went through like you know character development arc to be less like you know yeah reformed reformed yeah and is now much more progressive person")
4. She grew up in England and has strong familiarity with its countryside, wildlife, and public transportation. (Verbatim: "i'm very uh farmer alias from the country now")
5. She frequently saw a fox on her way to work when she had an office job. (Verbatim: "i remember every day i would see one on my way to work when i used to work in the office")
6. She finds raccoons unbelievable and jokes they aren’t real. (Verbatim: "raccoons aren't real i don't think they're real they're not they can't be real")
7. She expresses fear and discomfort regarding nighttime country roads in England due to lack of lighting and animal collisions. (Verbatim: "night time country roads england night time terrifying because like there's no lampposts there's no light there's no light")
8. She considers herself PG-13 or "pretty goose" in terms of content rating and sponsorship-friendly. (Verbatim: "i think i'm pretty pg 13 right i mean yeah yeah yeah yeah rated e for ellia")
9. She is working on a music project involving nine songs, some of which are collaborations. (Verbatim: "there's nine nine in the works um not all of them are solo though some of them are like um some of them are collab ones")
10. She aspires to improve and become the best VTuber, referencing a "delulu" (delusional) level of ambition. (Verbatim: "it just means i need to improve improve and become the best the very best like no one ever was") [end of text]



NO RELEVANT INFORMATION [end of text]



1. She once babysat and was asked to read a bedtime story, but the book was in Chinese and she had to improvise. (Verbatim: "i was babysitting a bedtime story they'd be like elia elia elia elia can you read this book for me and i'd be like okay and then i'd open up the book they hand me and it's all in chinese and i'm like well time to wing it once upon a time in a far away land")

2. She dislikes beer and finds it tastes bad. (Verbatim: "i don't like beer though beer tastes bad bleh bleh bleh bleh bleh bleh bleh bleh bleh bleh bleh")

3. She enjoys drinking tea, although she drinks it slowly. (Verbatim: "i'm enjoying this tea though" / "i'm a really slow tea drinker")

4. She identifies as being 5'1" tall in real life. (Verbatim: "i'm 5-1 irl")

5. She describes herself as a slow eater and acknowledges others find it annoying. (Verbatim: "i take so long to drink and eat people find me so annoying because of that though")

6. She likes melon and finds melon-slice patterns cute. (Verbatim: "i like melon" / "do you think my dress looks like a melon slice")

7. She has a preference for "wishi dresses," which she describes as her beloved. (Verbatim: "wishi dress is my beloved")

8. She has hosted mini events on her Discord server for her community. (Verbatim: "i have like little mini events on my discord so they can find me free class that way")

9. She once accidentally drank a tea she did not enjoy. (Verbatim: "i was not enjoying that tea i accidentally um so that didn't last very long")

10. She believes water quality in the UK is worse in the south and best in the north. (Verbatim: "wait up north the water is better damn i need to head up to the north yeah i think water quality goes north is better then it gets worse in the south and then it's the worst around london i believe") [end of text]



1. She identifies as a frog girl. (Verbatim: "i'm a frog girl so it's just like it doesn't really make sense when you think about it")
2. She wants to be a cat girl and desires a cat tail. (Verbatim: "i want to be a cat girl so badly i'm a frog girl so it's just like it doesn't really make sense when you think about it")
3. Her favorite anime include *One Piece*, *Dragon Ball Z*, *Sailor Moon*, and *Hunter x Hunter*. (Verbatim: "i love one piece i love it", "dragon ball z yeah yeah yeah", "i watch sailor moon", "hunter hunter favorite arc which one")
4. *Dragon Ball Z* is one of her all-time favorite series that she re-watches non-stop. (Verbatim: "that's the one i keep re-watching like non-stop")
5. She enjoys older anime rather than recent seasonal releases. (Verbatim: "i watch a lot of the older stuff so i watch sailor moon i watch one piece i watch dragon ball")
6. She hasn’t watched new anime in about three to four years, with the last show being *Dr. Stone* Season 1. (Verbatim: "i haven't watched only in like three or four years silly", "the last time i watched like a show was uh what's that one show but dr stone the first season")
7. She likes *Tokyo Mew Mew*, describing it as “basically sailor moon but you take on the characteristics of an animal,” and calls it one of her all-time favorites. (Verbatim: "one of my all-time favorites i love this show it's so cute")
8. She believes *One Piece* has a slow start but becomes good after the first 50 episodes. (Verbatim: "it's okay to hate it for the first 50 episodes but after that you'll like it")
9. She finds certain *One Piece* arcs, like Arlong Park, boring. (Verbatim: "dude arlong park was so boring shut up i hated arlong park")
10. She expresses interest in catching up to the *One Piece* manga. (Verbatim: "I'm gonna catch up to the manga") [end of text]



1. She has a habit of buying mugs as souvenirs from Japan because she finds them useful. (Verbatim: "it's the thing i buy most like souvenir wise like in japan because i'm like this is useful")
2. She owns at least six mugs and acknowledges having too many. (Verbatim: "i think i have six mugs")
3. She has a large collection of plushies, with a “mountain” of them next to her bed and two shelves above it. (Verbatim: "i have a big big mountain of plushies next to my bed like me and my window side and then i have two shelves of plushies above my bed too")
4. She keeps additional plushies stored in her coven (likely a closet or storage area). (Verbatim: "and then i have more in my coven as well")
5. She owns a 22-inch (55 cm) mega bean plush, which is one of her favorite items in her room. (Verbatim: "the mega bean plush which is like... 22 inches... that's a chunky boy... one of my favorite things in my room")
6. She owns a large goose plush that is two meters in size and does not fit anywhere else but on her bed. (Verbatim: "i've got this um two meter goose plush on the bed because that doesn't fit anywhere")
7. She likes tea and owns a “conno super mug” that she finds cute. (Verbatim: "i'd like it yeah it's a conno super mug it's cute")
8. She previously watched *Hunter x Hunter* on Netflix in England, but was frustrated that it didn’t include all episodes. (Verbatim: "i remember they had hunter hunter on netflix for a bit in england but they had such a random number of episodes it was like 90 something so it didn't actually like it's so weird")
9. She uses Crunchyroll to watch anime and sometimes downloads episodes for offline viewing. (Verbatim: "i always have to like when i go i have to like download for the offline like crunchyroll usage")
10. She accesses Crunchyroll through her aunt’s account, as her aunt pays for the subscription. (Verbatim: "my aunt pays for it also i just use her account it's on crunchyroll") [end of text]



1. She is not a goose, despite being frequently called one by her chat community. (Verbatim: "i'm not a goose which is kind of wild um you're not a goose oh no another one that's been gaslit by the community i thought you were a goose")

2. Her official VTuber origin title is "celestial messenger," though the community often overrides it with memes. (Verbatim: "i knew that knowing you that um for real i like was it debuted i'm like celestial messenger and everyone was like goose goose goose goose")

3. She identifies as a frog, referencing it humorously and repeatedly. (Verbatim: "i'm a frog i'm not a anything wait chat and frog okay you little")

4. She has difficulty learning piano due to her hands not being able to move independently. (Verbatim: "my hands don't like to do different things i can't i can't separate my hands like you know like to do like the left and right they just get it they want to match")

5. She grew up drinking limeade, which she found unpleasant and was mocked for at school. (Verbatim: "limeade isn't it wait sprite the bottle's green but but the drink itself is like transparent oh it is green... the kids at school used to say i was drinking like pee")

6. She enjoyed Barista Bros chocolate milk drinks as a child, which have since been discontinued. (Verbatim: "oh wait did you ever have like what was that one barista bros three spurs what's it called like a chocolate milk... i think they got discontinued")

7. She was very sheltered growing up, which led to her being deeply immersed in anime. (Verbatim: "i wish i had a friend like that growing up though yeah i was very sheltered hence all the anime yippee")

8. She prefers Coke Zero but has recently been drinking apricot-strawberry flavored Red Bull. (Verbatim: "i'm a coke zero actually no i've been drinking this like apricot flavored was it apricot strawberry red bull recently and it's really nice")

9. Her community frequently sends her digital gifts and has created numerous in-jokes, including fictional taxes. (Verbatim: "my makeup taxes for like everything they're like here's your no tax tax here's your morning tax here's your do that they do that i even know how many taxes they've invented at this point")

10. She associates the phrase "don't slap the baby" with a childhood family video involving her brother and a tennis ball. (Verbatim: "that saying comes from um my family were watching like you know there's like old family videos from like when you're a baby... my older brother coming up to me as a baby and then slapping me and then my mother being like don't slap the baby") [end of text]



NO RELEVANT INFORMATION [end of text]



1. She has a bachelor's degree in animal biology. (Verbatim: "my bachelor's is in animal biology")
2. She has a master's degree in computer science with a focus on conservation applications. (Verbatim: "my master's is in computer science but like applying... in a conservation kind of applications to kind of keep with the animal biology")
3. She conducted field research involving frogs in rainforests at night. (Verbatim: "i've done some work with frogs but not dissections more like going out to look for frogs and like do some like frog collecting at night in the rain forest")
4. She dislikes frog dissections and finds them unpleasant. (Verbatim: "i've never done a frog dissection i've only mostly done fish please never do one please")
5. She owns a Labrador dog. (Verbatim: "um a labrador")
6. She previously had a Samoyed dog, whose pictures she still keeps on her PC. (Verbatim: "i have um samoyed yeah yeah yeah yeah big fluffy cloud")
7. She has a strong interest in frogs, including collecting frog memes and frog-related content. (Verbatim: "i just like looked through my hacking i don't know why i have so many hacking frog memes")
8. She studied at university where many of her experiences were frog-related. (Verbatim: "it was at uni we did a lot of like everything was frog related")
9. She does not like scary or disturbing stories involving animals being harmed. (Verbatim: "i didn't like that story oh it was a really big frog I didn't like that")
10. She humorously identifies as a scientist due to her academic background. (Verbatim: "i'm a scientist trust the process yeah i that's where the knowledge comes from") [end of text]



1. She had a dream about playing Mario Kart and experiencing a glitch where her position dropped drastically. (Verbatim: "I was playing Mario Kart in my dream... I came 79th, which was insane.")  
2. She identifies as a scientist and nearly pursued a PhD in mathematics. (Verbatim: "I am a scientist, actually, the PhD I was supposed to do was in mathematics.")  
3. She humorously refers to herself as potentially being "Dr. Elia," a doctor of mathematics. (Verbatim: "Hello there, um, Dr. Elia at your service.")  
4. She has a strong dislike or fear of mathematics despite her academic background. (Verbatim: "maths is the ultimate villain... I feel like I've spent most of my life trying to run away from maths.")  
5. She values self-care and advocates for productive resting. (Verbatim: "I'm a very, very strong advocate for productive resting.")  
6. She mentions having a habit of taking long naps, up to 13 hours. (Verbatim: "I nap for like 13 hours. Which is my great plan today, I'mma nap so hard.")  
7. She drinks energy drinks, possibly as part of her streaming routine. (Verbatim: "I'm drinking this energy drink, so we'll see what crashes first.")  
8. She has a self-deprecating view of her multitasking ability, claiming she only has "one brain cell." (Verbatim: "I only have, like, one brain cell.")  
9. She emphasizes kindness and self-care as core community values. (Verbatim: "Rule zero... be kind to yourself, okay, and to each other... rule one is to look after yourself.")  
10. She once ate rancid butter, indicating a disregard for food safety or a joke about poor self-care. (Verbatim: "I'm just eating rancid butter... I have a stomach made of steel, it's okay.") [end of text]



1. She has a resting "bee face" that makes her appear angry or upset even when she is not. (Verbatim: "I think I must have the strongest cheek muscles ever... I've had people be like, 'Oh, yeah, Ellia, I saw you... you looked like you were so extremely pissed off.'")

2. She previously worked as a programmer. (Verbatim: "Elia, ex-programmer.")

3. She lives in England. (Verbatim: "No, I live in England.")

4. She identifies with cat-like energy and considers cats her spirit animal. (Verbatim: "I do feel like, um, cats are my spirit animal... it'd be like a cat or I, yeah.")

5. She describes having "Golden Retriever Energy" in real life despite her cold appearance. (Verbatim: "I've been told recently, apparently I have, like, so, like, what's it called? Golden Retriever Energy? IRL?")

6. She struggled with social interaction in college due to her perceived cold demeanor. (Verbatim: "A lot of people in, like, college and uni and stuff would be, like, oh, you know, I was really scared to, like, talk to you, um, because of, you know, my resting face.")

7. She has difficulty with basic arithmetic and mixing up mathematical symbols despite being capable with complex problems. (Verbatim: "My teachers would always be like, Elia, I don't understand. Like, you can do the complicated stuff, but you get the basic stuff wrong.")

8. She frequently confuses left and right and mixes up numbers. (Verbatim: "I get lefts and rights mixed up and my numbers.")

9. She suspects she may have undiagnosed dyscalculia or ADHD but has not been formally assessed. (Verbatim: "Have I been checked for it? No... Wait. Should I have done a check for dyscalculia?")

10. She was once described as having been "mute" in the past, suggesting a shy or quiet personality earlier in life. (Verbatim: "To, from, from, from girl that was, like, mute? To, I don't know.") [end of text]



