1. She is working on releasing music on Spotify, though she finds it difficult due to licensing requirements for covers. (Verbatim: "it's really difficult you have to go through a distributor and because it's a cover it's like you have to get specific licenses from them about the instrumentals")
2. She has a very open-minded approach to music and enjoys a wide variety of genres. (Verbatim: "i have always had a very open a very open like ear i guess like i'm very open to all kinds of music to be honest")
3. She has a playlist of high-energy songs specifically for exam days to boost her motivation. (Verbatim: "i used to have a playlist of just songs that gave me energy um on any days i had exams i used to i used to have that")
4. She finds lo-fi study music too relaxing and can become sleepy while studying to it. (Verbatim: "lo-fi sometimes makes me sleepy you know it's also chill and then i'm like oh and then i'm already sleepy from the study")
5. She is currently nervous about singing and has not done many karaoke streams. (Verbatim: "i'm not much of a singer um as you can see by my very severe lack of any karaoke streams")
6. She enjoys singing and aims to improve her vocal skills to better use her voice as an instrument. (Verbatim: "i hope i can like yeah but it brings joy i hope i hope it brings joy um because that's what i try and that that's my goal")
7. She released a cover of "Zombie" by Deco 27 and is planning another cover soon. (Verbatim: "i just released the cover um of zombie by deco 27 and um yeah yeah um i was very nervous")
8. She incorporated a subtle voice effect resembling "Elenoir" into her cover, which she intentionally hid. (Verbatim: "did you guys spot this voice come out um in the cover because i did i did sneak it in there")
9. She is interested in singing in Japanese and has released a song with Japanese vocals. (Verbatim: "I also wanted to release a song that had me singing in Japanese, which is different")
10. She has a habit of getting the same Pokémon card (Curlia) from Happy Meals, which reminds her of a person named Kilia. (Verbatim: "i keep getting this the curlia curlia pokemon card and and then it makes me think oh that's kind of like kilia") [end of text]



1. She finds British television programs notably calmer than American ones. (Verbatim: "I've noticed is british programs are very calm they're very calm if you look up like um even the difference with like um mastershev and stuff like british shows are very very very chilled")
2. She observes that Gordon Ramsay's behavior differs between British and American versions of his shows, with less shouting and fewer dramatic effects in the British version. (Verbatim: "the actual production of like shows with gordon ramsay and actually differs between the british versions and the american versions obviously he stays the same across both but yeah it'll be like fireworks helicopter in the american one while like here it's just like walk through the door")
3. She believes Gordon Ramsay is less harsh when dealing with children compared to adult chefs. (Verbatim: "shouting and getting angry at children is never a no no no no no especially if it's a kid trying its best to its best to cook")
4. She feels sympathy for children attempting to cook, recognizing they are still learning. (Verbatim: "well typically the like yeah i feel like the kid is still learning but for the chef the chef is usually um someone that feels that they're they're very very confident")
5. She finds it common for adult chefs on Kitchen Nightmare to be overly confident and dismissive of Gordon Ramsay’s critique. (Verbatim: "i remember when i've seen kitchen nightmare episodes the amount of chefs on there that are like gordon ramsay don't know what he's talking about i'm a better chef than him and it's like doubt")
6. She acknowledges that Gordon Ramsay’s critiques are often valid, as evidenced by failing restaurants having poor food quality. (Verbatim: "then he goes in and then he eats the food from the restaurant and is like yes it's the food the food is awful and then they're like no way heckin shock shock")
7. She recently ate tater tots for the first time and found them delicious, noting they are not commonly available in her region. (Verbatim: "i had yesterday i had tater tots yesterday i i never had tater tots because they're not really a thing here but it was yummy")
8. She is currently hungry and considering eating a chicken burger for lunch. (Verbatim: "maybe i will see hopefully some of you guys tomorrow for the game show i've conjured up and the announcement yeah arigato arigato arigato for now for now for now it's a it's a it's a it's a it's a it's a it's a it's a it's a it's a it's a it's not a bye-bye it's not a bye-bye nope nope nope nope nope it's to see you later")
9. She expresses emotional attachment to her fans, stating she would “heckin happy cry” into a chicken burger. (Verbatim: "honestly i'm gonna like heckin happy cry into a chicken burger now")
10. She has a close relationship with her mother, who is a restaurant friend of her QSH (likely a close friend or collaborator). (Verbatim: "sorry my mother's really well well restaurant friends with my qsh sorry i'm kind of feeling trigger happy today put the trigger down look after yourself on a guy she was and i'll see you guys soon hopefully") [end of text]



1. She aspires to be as musically talented as another VTuber named Curia. (Verbatim: "I want to be as good as curia that's the plan it's a good plan")
2. She practices singing regularly and is working hard to improve her vocal skills. (Verbatim: "I'm practicing i'm practicing i'm working hard")
3. She has a distinctive singing voice that she describes as having a unique essence separate from her speech voice. (Verbatim: "the essence of my voice comes through")
4. She finds it difficult to replicate the original tone of Vocaloid songs in her covers. (Verbatim: "I can't make that tone and yeah so you you can you can kind of get the essence")
5. She enjoys singing zombie-themed covers and finds them energizing. (Verbatim: "i really like this zombie song um yeah it gives me energy")
6. She has created three pieces of artwork featuring herself in different poses: making a heart shape, on a broom, and sitting on a chair looking tired. (Verbatim: "one with me doing the heart shape one with me on the broom and then one with me on the chair looking a little bit fed up")
7. She has a habit of wearing a bracelet and a bow that she adjusts to match her themed content, such as a zombie cosplay. (Verbatim: "i still got like my bracelet on and my bow is like kind of differently shaped to match the whole zombie thingamajiggy")
8. She has a fondness for cola and often drinks it during streams, though she prefers smaller bottles due to practicality. (Verbatim: "i'm drinking like cola and yeah oh yeah it's not nyan ka it's not")
9. She is interested in trying Olive Garden breadsticks, though she has never tasted them as Olive Garden is not available in England. (Verbatim: "we don't have olive garden in england so yeah it's a baguette baguette yeah but maybe one day i have to go to olive garden and try these these breadsticks")
10. She has a self-aware, playful relationship with her fans, often joking about being a "zombie" in cosplay and encouraging them not to be afraid of her green-themed chat messages. (Verbatim: "i'm not a zombie i was in i was in zombie cosplay zombie cosplay thank you happy four months your voice is amazing now you're amazing") [end of text]



1. She has a strong connection to books and reading, having read dictionaries before bed as a child. (Verbatim: "I used to read a dictionary before bed because I don't know like I thought it would help")
2. She was raised with a "failure is not an option" mentality from her mother, reflecting a traditional Asian parenting style. (Verbatim: "I was raised with a yeah failure is not an option kind of um kind of mentality from my lovely um what's it stereotypical um asian mom kind of thing")
3. She has a fondness for hardcover books due to their tactile quality and satisfying feel. (Verbatim: "I like getting hardbacks because they just feel nice")
4. She enjoys the smell and atmosphere of libraries, finding them peaceful and calming. (Verbatim: "I just like this the smell of books and the whole the whole thing it just yeah I don't know it's it's um it's just nice right like and it's peaceful it's peaceful in the library")
5. She once had a library-related fantasy, wishing to be a librarian for the satisfaction of stamping or barcoding books. (Verbatim: "I remember kind of wishing I could be like a librarian at one point um yeah I was like just only for one reason just so I could um just for the how satisfying it is to get a book open it up and then I can stamp it like or barcode it")
6. She owns and reads books with aesthetic covers, particularly those featuring cherry blossoms and Mount Fuji, which appeal to her "inner weeb" side. (Verbatim: "they say don't judge a book by its cover but sometimes the cover is really pretty and and I like it")
7. She recently purchased two books: *Penguin Lessons* and *Don't Worry: 48 Lessons on Achieving Calm*. (Verbatim: "the first one is called penguin lessons about someone that found a penguin yeah that's the story um and then the other one is called don't worry 48 lessons on achieving calm")
8. She has a history of struggling with printers during her university years, often having to rely on others to print materials. (Verbatim: "I remember struggling and struggling and struggling and struggling with printers a lot especially as a uni student")
9. She experienced mold issues with books stored at her parents' home, which led to some being discarded due to damage. (Verbatim: "some of them ended up really moldy and they're not really readable now")
10. She has a particular fondness for classic English literature, having studied works like *Pride and Prejudice*, *Jane Eyre*, and *To Kill a Mockingbird* in school. (Verbatim: "I did a lot of shakespeare um how to kill a mockingbird a lot of jane eyre pride and prejudice weathering heights like all really real we're talking like classic classic english lit like syllabus stuff") [end of text]



1. She has a strong appreciation for classic, historic libraries in England. (Verbatim: "the real classic one is like yeah yeah like uh i mean the modern ones have more facilities...")
2. She enjoys studying in libraries but dislikes the echoey acoustics of some modern libraries. (Verbatim: "i didn't want to study in one of the big libraries because like it can be like quite echoey...")
3. She is a fan of the game League of Legends and has played it for a significant amount of time. (Verbatim: "it was before you could like pick your roles before queuing like so now you can...")
4. She has played League of Legends in ranked mode and finds it intimidating. (Verbatim: "i do get scared of rank though like ranked is a scary place...")
5. She is a main player of support champions, particularly Nami, Soraka, and Lulu. (Verbatim: "i was a one million over one million mastery point nami main...")
6. She enjoys playing cute female champions and embraces playing "typical" characters without shame. (Verbatim: "i like the cute girls let me play as the cute girls i don't care okay...")
7. She has a specific strategy for studying involving gummy bears as rewards, which she admits is ineffective. (Verbatim: "i remember um i didn't want to go to the library because they wouldn't allow eating and i'm the kind of person that'll buy like a pack of gummy bears...")
8. She has a habit of using video games as a reward for studying, particularly League of Legends. (Verbatim: "i will do some studying and then i'll play one league of legends game to be better after to you know reward myself...")
9. She is skilled at playing the champion Nami and can effectively use her abilities like bubble mechanics. (Verbatim: "i can hit them bubbles okay like yeah yeah i can play a nom very very good nami...")
10. She has experience creating and hosting original game shows that require audience participation. (Verbatim: "it's a game i've made up i made it up um yeah yeah yeah yeah nice big arigato...") [end of text]



1. She enjoys singing Japanese songs, particularly in the shower where she feels her voice sounds better. (Verbatim: "most of my um shower song music it'll be japanese songs um but i always sound better in the shower")
2. She believes her voice sounds different when recorded compared to how she hears it internally. (Verbatim: "the voice that you hear like all the time and then when you record when you hear your recorded voice it sounds very different")
3. She is inspired by other VTubers' singing talent and looks up to them as role models. (Verbatim: "i very very much look up to them and they inspire me to work hard and i get to get to their level of talent")
4. She has a strong appreciation for music and finds joy in both performing and listening to songs. (Verbatim: "it really means a lot to me so thank you")
5. She maintains a varied music mix, including both English and Japanese songs. (Verbatim: "i'll do like a mix of like you know as i've already done i've got like english like songs in just english songs in japanese")
6. She has played the game "Only Up" and is aware it was taken down, though she still has a copy. (Verbatim: "only up was taken down but i can still play it right if i got it")
7. She is interested in Unity and has been following updates closely, including recent controversies. (Verbatim: "i want to do like a a thing on unity but it's the timing i uh i want to do like a summary of all the unity stuff that's happened")
8. She is open to trying different types of games and welcomes recommendations. (Verbatim: "i'm very open like just like my music taste i'm very open to different kinds of games")
9. She values trust and is willing to follow suggestions from her audience. (Verbatim: "if you guys ever say you know in a game you tell me to do something i'm most likely gonna do something")
10. She finds the bathroom acoustics particularly favorable for singing. (Verbatim: "the bathroom reverb really carries it so hard like") [end of text]



1. She has a strong emotional connection to her fans, crediting them as the source of her motivation and support. (Verbatim: "I only shine because you guys you guys give me the motivation and support me so all the thanks to you guys I only am able to do this because of you all")
2. She values being able to create cozy, relaxing content such as reading streams in the future. (Verbatim: "I do plan to do reading streams um but that's post debut content yeah i am going to do reading streams um yeah yeah yeah it'll be cozy cozy cozy cozy cozy reading streams are in the future")
3. She is open to her covers being used for memes as long as they aren’t mocking her. (Verbatim: "I would be absolutely honored if you use my covered covers for memes means bring joy and if i could be a part of that it would be an absolute honor arigato arigato oh as long as it's not making fun of me though")
4. She enjoys making things look cute and finds happiness in creating cute visuals. (Verbatim: "I like making things look cute cute good things make me happy")
5. She has a playful, self-aware sense of humor about her own quirks and appearance. (Verbatim: "I heckin wish i wish i feel like a gremlin like being like and it's like yeah she's okay she makes noises sometimes it's kind of weird but we keep around")
6. She appreciates and engages with fan-created content, including fan art and memes. (Verbatim: "I will win at spoiling you all okay i will spoil you guys that's how it works here that's how it works")
7. She has a fondness for the song "Cupid" and frequently listens to it on repeat. (Verbatim: "i think i'll still keep the cupid one is the top one on the on the page um on the channel page i think because i have it when it does like youtube auto play it's a bit softer than hitting you with the")
8. She has a deep appreciation for music covers, particularly those by her fans. (Verbatim: "oh wait you also said a super as well i thought it was supposed to be afraid oh yeah i read this one wait i was supposed to be afraid as one because the other kid is so yeah oh this is such a mess")
9. She is involved in a community that includes fan interactions with themes of "cute girls" and playful identity. (Verbatim: "having no shame and liking cute girls is based exactly embrace the cute girls embrace them embrace the cute girls high high high high tank combat 120 millimeter gun challenger mark three")
10. She has a fictional, whimsical persona that includes references to being a "celestial messenger" and a "shiny phoenix." (Verbatim: "well tomorrow is the deep it's a debut announcement hey it's an announcement oh what could it be probably the thing you've all been waiting for it maybe perhaps i'm not giving away any spoilers no yeah anonymous arigato time check 1251 time check 1441 wait i think these are in different time zones because i didn't start at 1251 wait i'm confused everybody tweeted about it already oops i'm supposed to tweet about it i will tweet about it after hi nice big arigato arigato live simply not spending guess i'm not zen no get zen get heckin zend you punk look after yourself") [end of text]



1. She has a deep-seated fear of appearing arrogant, which stems from her upbringing. (Verbatim: "I never, ever want to have that impression, I don't, I don't claim to be smart, or spectacular, or talented, or anything")
2. She was raised with strong emphasis on humility and never having confidence. (Verbatim: "The way I was raised was to always never have any form of confidence at all")
3. She believes her parents instilled in her the lesson of staying humble above all else. (Verbatim: "I think Papa Elia was very, very, very, very strong on that lesson of to always, yeah, never have confidence, wait, that sounds awful, but yeah, stay humble")
4. She struggles with self-confidence despite recognizing her own growth and talent. (Verbatim: "I know I'm a bit on the not very confident side and I'm just saying my thoughts")
5. She values being kind and following rules, especially when it comes to moral decisions. (Verbatim: "don't hurt anybody okay um yeah")
6. She finds the idea of "good crime" amusing and wants to explore historical laws in a future stream. (Verbatim: "yeah yeah yeah yeah yeah yeah go commit good crimes is today's wisdom")
7. She has a humorous anecdote about confusing salt and pepper shakers that she bought separately. (Verbatim: "I bought salt and pepper shakers for like because I didn't have any")
8. She is frustrated that the salt and pepper shakers are labeled incorrectly—black shaker contains salt, white contains pepper. (Verbatim: "the black shaker has salt in it and the white shaker has black pepper in it")
9. She considers the shakers to be visually appealing despite their labeling confusion. (Verbatim: "they look nice but my goodness I'm heckin upset")
10. She has a supportive relationship with her audience, referring to them as the "main character" and herself as the "support character." (Verbatim: "you're the main character each and every one of you") [end of text]



1. She has a strong connection to retro video games from her childhood. (Verbatim: "my game collection was very strange um it was very reliant on those um on those bins")
2. She frequently found games at charity shops and discount bins. (Verbatim: "we usually went to like um so like we usually went to charity shops and stuff and then you'd somehow find like stuff like this available")
3. She once bought a game in a foreign language and couldn't play it due to language barriers. (Verbatim: "i couldn't change the language on it and it was in some random random language and i remember being so sad because i really wanted to play it")
4. She has a PlayStation memory card from her childhood that she recently rediscovered. (Verbatim: "found my old memory card yeah found my own memory card i don't know what's on it but yeah")
5. She owns a PlayStation 2 memory card that was an unofficial, non-see-through blue plastic type. (Verbatim: "my one was yeah there's like a plasticky blue color and a plasticky red but like the ones where you can like see through it")
6. She remembers playing games on her parents' PlayStation consoles, which were not her own. (Verbatim: "those were difficult to play on because they mostly belonged to my parents so i remember like yeah mama elia playing um a lot of these")
7. She has fond memories of playing Time Splitters, which she found in a discount bin. (Verbatim: "time splitters was such a gem to find in there okay like yeah i spent so many hours on there")
8. She is interested in playing a Nintendo game that was recently announced in a Nintendo Direct, which she never got to play in English. (Verbatim: "i remember this was one of the ones at discount yeah yeah yeah like it was you could get because you could we couldn't get new games because the new games would cost more")
9. She has a nostalgic attachment to old games, particularly those from the DS era. (Verbatim: "wait it was that old that's why it was in there wait what my goodness i was playing old games okay damn")
10. She is curious about the contents of her old PlayStation memory card and hopes to play it on a PS2. (Verbatim: "i wonder if i could pick up papa is pretty good at looking after stuff but you can tell it definitely cares more for nintendo because all the nintendo consoles are all like you know looked after") [end of text]



1. She has a strong fondness for retro video games, particularly classic titles. (Verbatim: "i wonder if i'd be able to hook up and play some classics")
2. She owns a Nintendo 64 controller and enjoys the full classic gaming experience. (Verbatim: "i do have a nintendo 64 controller the nintendo one um so yeah i can do the full classic experience")
3. She is particularly drawn to Zelda games and has a nostalgic connection to them. (Verbatim: "if i'm playing an old game i want to play again zelda games yeah i remember oh gosh what is it papa elia was telling me")
4. She was deeply afraid of leaving the mansion in the original Tomb Raider game, only exploring the starting area. (Verbatim: "i didn't leave i didn't actually do any of the game i just remember hanging around the gym or something and that's all i did")
5. She finds the idea of a "professional backseater" — someone who helped players via phone — fascinating and would have loved that job. (Verbatim: "i was like that sounds like such a cool job like they had these like phone numbers you could yeah like there was like a yeah professional backseater")
6. She remembers her family had unusual financial priorities, often prioritizing Nintendo Power magazines over necessities like shoes. (Verbatim: "we need this nintendo power magazine but i need shoes don't care we're getting this magazine")
7. She struggled with anxiety in school, particularly avoiding raising her hand even when she knew the answers. (Verbatim: "she knows the answers but she won't put her hand up to answer it and it'll be like yeah she she quiet like yes but i can see her write down the answers instead")
8. She used to fall asleep during class and would use exam speed as a motivation to nap afterward. (Verbatim: "if i could do the exam fast enough i could have a nap after because turned out i was anemic for a very long time without realizing it")
9. She was anemic for a long time without realizing it, which contributed to chronic exhaustion. (Verbatim: "i was anemic for a very long time without realizing it and very exhausted")
10. She has a habit of sneaking snacks during school, driven by hunger and a desire to eat. (Verbatim: "i used to try and eat little tiny snacks because because i like snacks so yeah i got hungry and i try and sneak a snack in my mouth") [end of text]



