1. She requires a duvet to sleep and specifically needs her shoulders covered. (Verbatim: "I absolutely must have a duvet on me when I'm in bed... As long as my shoulders are covered, I can sleep.")
2. She dislikes the sharp taste of orange juice but drinks it occasionally to wake up. (Verbatim: "I just find orange juice have a very sharp taste... I don't really have orange juice, like, ever. But... it wakes me up.")
3. She is traveling to London and has plans to prepare for warm weather, possibly including sunglasses and a hat. (Verbatim: "I have not packed at all or anything for London, which is tomorrow... I need to prepare myself for that London heat because it's supposed to be warm.")
4. She owns a dog named Lila who chews and steals her personal items like socks, scrunchies, and underwear. (Verbatim: "Since my dog, little Lila, decided to nom nom my socks and break them... she had four, at least. Like four scrunchies and then a headband, another headband and a sock.")
5. She enjoys playing tug of war with her dog and always ensures she wins. (Verbatim: "I always win at tug of war... I can't let her have them pity wins... she's gotta learn if she wants to win she's gotta be strong.")
6. She tends to wake up at 6 AM because her dog wakes her when the sun rises. (Verbatim: "I do wake up at six because whenever the sun rises, my dog decides to wake me up.")
7. She recently received new socks in preparation for her trip, keeping them away from her dog. (Verbatim: "Oh, let me convert this to silly units... I'm keeping them far away from my fluffy nugget.")
8. She finds orange a bright, happy color and is starting to like it despite not having liked it before. (Verbatim: "Like, I never liked orange much as a color, but it's winning me over. It's nice and bright. It's got that summery vibe.")
9. She interacts with her dog by playing and engaging in pretend trades, though she refuses to exchange food for toys. (Verbatim: "If I'm having like a mcdonald's eating my chicken burger she'll like run to her toy basket grab a toy... and then like just try and give it to me.")
10. She dreams about her streams or audience, indicating a strong connection to her community. (Verbatim: "You know i do normally dream of you all i'm pretty certain it was it must have been streaming related.") [end of text]



1. She tries to respond to every comment but acknowledges it's not always possible. (Verbatim: "please understand that i try to respond to every comment but it's not possible for me to engage with every comment please don't take it personally if i miss you")

2. She was anxious about chatting in streams as a lurker and created rules to reassure viewers. (Verbatim: "i put it in the rules to make it clear that that's not the case um because yeah i do i do appreciate that that it can be difficult um to write in chat when it gets worrying about like oh they're gonna hate me")

3. She attended a very small school with limited classrooms and shared teachers across year groups. (Verbatim: "it was a very very very very very small school um yeah like the years had to like share teachers because there weren't enough classrooms")

4. She participated in a World War II-themed school week involving ration stamps and evacuation roleplay. (Verbatim: "we did like world war ii week okay and we did like activities where we had like little ration stamps and we had like all sorts and one of the things that they did was like evacuation to another class")

5. She was disappointed when chosen as an evacuee during a school event, only to be sent to a strict teacher’s class to do math instead of playing. (Verbatim: "i finally finally got picked to be the evacuee to go to another class and i was like ah this is gonna be fun it was not fun i had i got sent to the upper class to class five with the scary dragon teacher and got made to do math problems")

6. She had a strict and intimidating teacher in school whom students called the "dragon teacher." (Verbatim: "she was very very very strict and she was very very very tough and she was very very very mean um yeah yeah so everyone called her a dragon teacher")

7. The "dragon teacher" unexpectedly comforted her by hugging her when she fell and cried on the playground. (Verbatim: "dragon teacher lady came along and i was like oh no she's gonna tell me off... but then she heckin hugged me and i was just there like what what what my heckin mind was blown")

8. She dislikes being ignored in chat and wants viewers to feel safe participating. (Verbatim: "i'm the kind of like lurker that gets worried about writing in chat and then if i write and and then i feel it might get ignored i don't want people to think that")

9. She has a nostalgic interest in World War II history, especially rationing and bunkers. (Verbatim: "i wish i wanted to go into a world war ii bunker my primary school had one had a had one but we weren't allowed in it")

10. She craves noodles with "bar and beg," a rhyming slang term she associates with food. (Verbatim: "i do need a bar and beg to make i want to have it with noodles i'm really craving noodles with a bar and beg") [end of text]



1. She grew up in a household where making noise was not allowed, and she had to be very quiet. (Verbatim: "you had to be quiet so yeah box of toys then we have can't keep still... yeah i had to be super careful because noise was not okie dokie in my house")

2. She used to ride a bicycle and could perform the "no hands" trick as a child. (Verbatim: "i can do i used to be able to ride without any hands yeah that was the first trick")

3. She attempted to learn bicycle tricks as a child to be "cool," but doesn't think she looked cool doing them. (Verbatim: "maybe i wanted to be a cool child maybe i could do said tricks but but i don't think i looked very cool doing the tricks")

4. She hasn’t ridden a bike in a long time. (Verbatim: "i haven't ridden a bike um for um like in long time")

5. She has never had interactions with the police because she avoids illegal activities. (Verbatim: "i've never really had to interact with the police because you know i'm a good girl")

6. She uses the phrase "okie dokie" frequently, associating it with things being acceptable or calm. (Verbatim: "noise was not okie dokie in my house")

7. She expresses curiosity about historical torture devices, specifically the 19th-century treadmill (treadwheel). (Verbatim: "oh the tread wheel also known as the treadmill or everlasting scare staircase was an appliance introduced in 1880")

8. She finds the idea of paying to use gym equipment that was once a punishment ironic. (Verbatim: "we don't use this form of punishment anymore but we pay to do this instead")

9. She references British slang and phrases like "Bob's your uncle" and shows interest in their origins. (Verbatim: "bob's your uncle i don't think is counts as i guess but it doesn't rhyme so it's just a saying i guess")

10. She mentions looking forward to a "tears of the clock" and an "updated clock space program," possibly referencing a personal project or interest. (Verbatim: "i'm looking forward to my tears of the clock and the updated clock space program") [end of text]



1. She previously worked as a florist for a few months. (Verbatim: "fun fact i am i did work as a florist for a little bit not for very long only for a few months but i was a florist for a very short time")

2. She is skilled at flower arranging and bouquet making. (Verbatim: "i wasn't too great on it was more of the flower arrangements and making the bouquets that i was better at")

3. She used to own a large number of plants before getting a dog. (Verbatim: "i used to have a heckin ton of plants but i got rid of a lot um when i got my dog but i used to have as you can see behind me a heckin ton of plants")

4. She enjoys giving herself flowers and finds it uplifting. (Verbatim: "i like to get myself little flowers i don't think it's sad right hopefully it's not it really i feel like it brightens up")

5. She has a dog. (Verbatim: "i got rid of a lot um when i got my dog")

6. She has a long work history with many different jobs. (Verbatim: "in my very long heckin cv i guess i don't know i seem to have done a lot of jobs")

7. She is interested in British comedy shows and humor. (Verbatim: "british humor i can love british humor")

8. She has not seen Monty Python but expresses interest in watching it. (Verbatim: "i've not seen monty python um... i should watch i should watch monty python it's good i'm missing out")

9. She enjoys specific British comedy series such as The Inbetweeners, The Office (UK), The IT Crowd, Fresh Meat, and Peep Show. (Verbatim: "in betweeners is heckin good for that... the uk office is very dry... the it crowd is very british humor as well... fresh meat which is like university based british humor... peep show as well")

10. She aspires to create future VTuber content inspired by British panel shows like QI, Taskmaster, and Would I Lie to You?. (Verbatim: "i would love to do some kind of like yeah yeah yeah like qi would i lie to you taskmaster like that kind of thing") [end of text]



1. She enjoys flower arranging and finds it relaxing. (Verbatim: "yeah yeah i quite like flower arranging and arranging them nicely")

2. She used to own a large number of plants before getting a dog. (Verbatim: "i used to have a heckin ton of plants but i got rid of a lot um when i got my dog")

3. One of her dreams is to have a garden with a rose arch and a little apple tree. (Verbatim: "one of my like um dreams i guess is to have a garden and i want to have a garden with a rose arch... with a little apple tree that is that is the dream garden")

4. The first house she lived in as a young child had a rose arch, which inspired her garden dream. (Verbatim: "i remember the first house that i grew up in when i was super little had a rose arch")

5. Nana Elia (a family member) has a garden with a rose arch, which also influenced her gardening aspirations. (Verbatim: "nana elia's place she has a garden and she has a rose arch so i want to have a rose arch")

6. She finds joy in watering plants and used to pretend she was making it rain. (Verbatim: "i used to like watering them i get the little watering can yeah it's fun it was always fun it'd be like yo it's raining on the flowers but it's me")

7. She has never worked as a waitress or in a restaurant, though she considered it for the free food. (Verbatim: "i've not been a waitress i've not done waitressing... i wish i did though i tried i wanted the free food")

8. She associates working in food service with unlimited soft drinks, especially Coca-Cola, which she loves. (Verbatim: "unlimited soft drinks means unlimited coca-cola which means i would so drink that")

9. She once endured an 11-hour coach ride without using the bathroom and considers holding her bladder a personal "superpower." (Verbatim: "the longest time i got stuck on a coach was for like 11 hours and i needed the toilet the whole time... okay if there's anything i'm queen of it's my bladder")

10. She refers to a hangover as a "lump of lead" and dislikes the idea of "hair of the dog" as a cure. (Verbatim: "in reference to the morning after the night before the head... oh a hangover... i would never do hair of the dog") [end of text]



1. She is planning a trip to Japan for almost the entire month of July, which is a lifelong dream. (Verbatim: "i'm gonna be in japan for like almost the whole month... it's a lifelong it doesn't it's a lifelong dream and it doesn't feel real")

2. She intends to stream from Japan and is preparing her equipment, including a travel case for her microphone and laptop. (Verbatim: "i will be streaming in japan yes i will be streaming my my laptop's coming with me i am going to be getting a special travel case for this microphone")

3. She grew up in an old, poorly maintained house in England with multiple issues, including faulty plumbing and electrical systems. (Verbatim: "the house that i grew up in was like falling apart... if you showered for more than 10 minutes it would cut and then it would be ice cold")

4. The house she grew up in had a strange interior design, including a false wall in the kitchen and outdated, mismatched decor from the 60s/70s era. (Verbatim: "the kitchen is smaller than it should have been because for whatever reason the previous owners put up like a false wall... it was like this weird floral patterned textured 3d wallpaper")

5. She had two cats growing up that helped eliminate mice in the house, which also had rat problems. (Verbatim: "luckily we had cats to i had two cats um when we moved in and the cats got rid of all the mice that were hiding behind there")

6. The previous owners of her childhood home used a wheelchair, which influenced the home’s layout, such as the lack of upper kitchen cupboards. (Verbatim: "the previous owners of that house um they they were in a wheelchair so the when we moved in i remember we didn't have anything upwards... no cupboards in the kitchen above the counter")

7. She is currently working on learning Japanese. (Verbatim: "i'm gonna keep watching it and work on my japanese i keep working on it")

8. She prefers warm, hot showers and strongly dislikes cold showers. (Verbatim: "no cold is unacceptable cold is not okay no cold showers no no no")

9. She is taller than average height, which she confirms after referencing that the average is around 159 cm. (Verbatim: "i'm taller than the average height so yeah yeah i can cab it on you all")

10. She has a recurring joke or theme involving bananas, including banana polls on her community tab. (Verbatim: "you might see it if you scroll through youtube and um and the latest one was like would you rather all your dreams come true or this banana") [end of text]



1. She lived in a fixer-upper house with 1970s vintage decor, including a yellow and black bathroom with avocado-colored fixtures. (Verbatim: "it was like yellow and black yellow and i remember like for like 10 years of of like how i think that's how long i lived there for like the whole time i was there papa elia was working on getting rid of that wallpaper")

2. She refers to a family figure as "papa elia," suggesting a familial or personal connection to someone with that name. (Verbatim: "papa elia was working on getting rid of that wallpaper")

3. She grew up in a house that had avocado-colored bathroom fixtures with black rims, which she describes as wild and vintage 70s. (Verbatim: "look at this avocado colored bath set wow wow wow but like imagine it with like black rims and more of a yellowish color")

4. She studied biology and related fields, and was trained as a data scientist, lab assistant, and ecological surveyor. (Verbatim: "i'm trained as a data scientist i'm trained as a lab assistant but i was also trained as in ecological surveying")

5. She attended university in England, where she took modules on conservation and ecology, which she found deeply depressing. (Verbatim: "i remember when i used to do like any of my modules at uni that were related to um what do you call it related to conservation and ecology were always the most depressing modules ever")

6. Her professors in conservation and ecology were often emotionally affected by the subject matter, with some coming to class crying. (Verbatim: "i remember was it like my marine professor literally came in like crying no wait a lot of the professors used to just come in crying because they're just so heckin tired")

7. She has knowledge of UK environmental policies and the impact of Brexit on ecological regulations. (Verbatim: "it was made illegal for like that there were there used to be stricter rules on that um brought in by the eu... england decided it would vote brexit and left")

8. She is critical of short-term economic interests overriding environmental concerns, particularly in housing development on floodplains. (Verbatim: "you provide a report and be like yo this area is a floodplain... and then they'll be like okay okay okay i see your point but money so we're gonna build on it")

9. She expresses concern about human-driven mass extinction events, citing scientific studies taught in her academic curriculum. (Verbatim: "there's actually a big big study that actually follows around the whole um humans suck kind of argument")

10. She identifies as a scientist and emphasizes a data-driven, non-opinionated approach to discussing environmental issues. (Verbatim: "i am a scientist um scientists um are taught to just you know i'm not here to be opinionated i'm here to just talk about the stuff that i was taught") [end of text]



NO RELEVANT INFORMATION [end of text]



1. She has two brothers: an older brother and a younger brother who is only two years younger than her. (Verbatim: "you know i have two brothers right i have my older brother and my little brother... my little brother kind of being a punk has decided to be taller than me but i'm still gonna call him the little one okay my little brother really likes ducks... he's only like two years two years younger than me")

2. Her younger brother is taller than her. (Verbatim: "my little brother kind of being a punk has decided to be taller than me")

3. Her family has a shared interest in birds, with her father and brothers liking birds and her mother being obsessed with chicken as food. (Verbatim: "is this all papa elliot's fault for teaching his children about birds... my mother is obsessed with would be chicken but that's like to eat chicken")

4. Her mother loves KFC. (Verbatim: "she heckin loves kfc kfc's her favorite")

5. She once bought her younger brother a very large duck as a birthday gift. (Verbatim: "i remember one birthday i did buy him the biggest duck i could find i bought him this stupidly giant duck")

6. She dislikes cuckoo birds. (Verbatim: "i hate cuckoo's")

7. She considers visiting Nintendo World in Universal Studios a dream destination. (Verbatim: "i want to go to the nintendo world... i think it's i think the nintendo world is inside universal studios")

8. She has a bucket list of dream places to visit. (Verbatim: "that's on my list of like dream places to go okay it's on my i guess is it bucket list a bucket list")

9. She associates glass bottle Coca-Cola as a sign of being pampered or fancy. (Verbatim: "i got the glass bottle of coca-cola that's that's enough that's peak fancy")

10. She jokes about being spoiled by her fans. (Verbatim: "i'm looked after so much by you all to the point where y'all spoiling me you're all spoiling me") [end of text]



1. Her dream is to visit New Zealand to see Hobbiton and go on a Lord of the Rings pilgrimage. (Verbatim: "my bucket list is to go to new zealand and do the like lord of the rings pilgrimage whatever and see um the hobbiton place yeah yeah like that is my dream")

2. She has a personal connection to New Zealand through her grandmother (Nana Elia), who frequently visited New Zealand and Australia. (Verbatim: "my nan like she can't anymore because she's too old but she used to go to like australia and then she's to go to new zealand a lot")

3. She owns New Zealand and kiwi bird merchandise, including souvenirs from her nan’s travels. (Verbatim: "i have these like souvenirs from there which is one of the reasons why i've always wanted to go there um i actually have like um a lot of kiwi like the bird um like merch")

4. Her nan owns a taxidermy kiwi bird, which she remembers seeing since childhood. (Verbatim: "one of the things my nan does have is like a taxidermy of a kiwi bird not sure why but she does")

5. She had a very enthusiastic and expressive childhood, communicating more through motion than speech. (Verbatim: "i was a very enthusiastic child um i didn't speak a lot but i really expressed myself with my motion")

6. As a young child, she accidentally deleted System32 and formatted her family’s PC while trying to help. (Verbatim: "i deleted system 32 and then i formatted the whole thing... i was very very young okay and i was just trying to help")

7. She was raised around computers and developed an early interest in technology, calling herself “raised by my computer and my cat.” (Verbatim: "i was raised by my computer and my cat pretty much")

8. She once inserted Pokémon cards into a floppy disk drive, believing it was a special game-unlocking slot. (Verbatim: "i just put pokemon cards... i thought it was like a secret i could unlock")

9. She has a deep interest in science and ecology topics but worries about discussing them due to family members who are anti-science. (Verbatim: "i have a cousin that's very anti-science um yeah so like my cousin she like quote doesn't believe in vaccines and things")

10. She experienced emotional difficulty being labeled a “know-it-all” by her father, which made her hesitant to share knowledge. (Verbatim: "the internal trauma of being called a know-it-all um from my father... i used to be like yeah i have these fun facts... and then being told to shut up") [end of text]



1. She enjoyed sharing animal facts as a child but was told to stop, which made her self-conscious about it. (Verbatim: "when i was little i remember telling my animal facts and then being told to shut up")  
2. She is working on opening up more and becoming more talkative with her audience over time. (Verbatim: "i'm working on it i'm opening up bit by bit talking more and more with you all")  
3. Her best game is Mario Kart, which she was especially skilled at compared to other games. (Verbatim: "my bestest game that i was best at was mario kart")  
4. She could consistently beat her older brother in Mario Kart, a source of pride for her. (Verbatim: "i could never beat my older brother in smash bros but i could always always always heckin win a mario kart")  
5. Smash Bros was her second-best game, though she couldn’t beat her brother in it. (Verbatim: "smash bros was like my second best game")  
6. She does not speak or understand Spanish. (Verbatim: "i wasn't taught spanish okay")  
7. She loves chicken tikka masala and considers it her favorite curry. (Verbatim: "tikka masala is my favorite so i do love a good chicken tikka masala")  
8. She cannot tolerate spicy food, unlike the rest of her family who enjoy it. (Verbatim: "i can't handle spicy food i can't i can't and my mother likes to tell me i'm a disappointing asian")  
9. She believes her sensitivity to spice may come from her grandmother (nan), as it’s not inherited from her immediate family. (Verbatim: "maybe i got it from my nan i don't know but yeah yeah my taste buds i can handle it um but yeah no no the spicy is spicy i don't like the burning")  
10. She owns a dog of the Samoyed breed, which has a strong hunting instinct but is not actually good at catching animals. (Verbatim: "samuids as a breed are known for their very strong hunting instinct and can confirm when she sees a bird or a squirrel she transforms into a whole other dog") [end of text]



1. She is the middle child of three siblings and identifies with the struggles of being a middle child. (Verbatim: "i'm the middle i'm i'm the middle child")

2. She felt unloved and financially neglected during university, struggling with being underweight and working multiple jobs, while her younger brother received expensive gifts. (Verbatim: "i was at university heckin starving... i went to the hospital and stuff like i was really struggling")

3. Her mother, referred to as "mama elia," wanted to feed her chili peppers as a baby to build spice tolerance, but her father ("papa elia") stopped it for health reasons. (Verbatim: "mama elia did want to feed me chilies as like a baby but but papa elia stopped her so and said they'd be bad for the baby")

4. She has two brothers: an older brother who tans easily and eats two bowls of rice, and a younger brother who eats seven bowls of rice and has the fairest skin and most Asian facial features. (Verbatim: "older brother would have two bowls of rice and then younger brother would have seven bowls of rice")

5. She has sensitive skin that doesn’t burn easily but still uses sunscreen regularly, unlike her younger brother who burns severely in the sun. (Verbatim: "i look like a ghost but i can kind of tan a little bit... i do like to apply the sun cream to either way")

6. She attended a school where she could choose between Latin and Mandarin, but chose Mandarin, which turned out to be a poor experience due to a teacher who didn’t speak the language. (Verbatim: "i turned it down because the options were between um latin and mandarin... they stuck us with a teacher that didn't actually speak mandarin")

7. She was pressured from a young age to excel academically, with her mother telling her to go to Oxford or Cambridge and become a doctor. (Verbatim: "work hard ellia go to oxford and cambridge ellia... you should try and become a doctor when you grow up")

8. As an act of rebellion against expectations, she chose to play the French horn instead of more traditional instruments like piano or violin. (Verbatim: "they tell me to do something and i'd be like no i'm gonna do something... i'd be like no i'm gonna play french horn")

9. She resents being held to higher standards than her brothers, who were allowed to pursue art while she was pushed toward academic or disciplined pursuits. (Verbatim: "they didn't ask my brothers to do it like it says the unfair part they got to do art and things maybe i wanted to do art")

10. She has a cynical view of the world, having been repeatedly told as a child that life is unfair and that she should not be in a rush to grow up. (Verbatim: "the world doesn't revolve around you elia the world is an unfair unfair place elia... do not be in any rush to grow up elia the world is a terrible place ellie") [end of text]



1. She felt unfairly pressured academically compared to her brothers, who were allowed to pursue art. (Verbatim: "but they didn't ask my brothers to do it like it says the unfair part they got to do art and things maybe i wanted to do art and things but they were like well you're you're the child with the good grades so so you're our hope")

2. She believes she was treated differently because she is a girl, receiving girly gifts instead of science toys she wanted. (Verbatim: "maybe because i'm a girl" and "why why why they try so hard to like give me girly gifts sometimes i wanted the sun why was the science gifts have to be the boy gifts")

3. She earned a degree in a science-related field as a form of personal rebellion. (Verbatim: "i took that to the next level and got myself a degree in it")

4. She identifies as a "nerdy rebel," contrasting with her father's more traditional rebellious persona. (Verbatim: "i am a rebel in my own way i'm like um a nerdy a nerdy rebel i guess" and "slightly different from the um rebel that my father was yeah because like papa elia was one of them like motorcycle punk gang kind of rebels")

5. She has middle child syndrome and often feels like a "second choice," making fan support especially meaningful. (Verbatim: "i guess i've got that middle child syndrome of always feeling second choice so i i i do i do appreciate it like like a lot")

6. She enjoys both "girly things" and science-related interests, embracing both aspects of her personality. (Verbatim: "i've embraced the girly things i can love pink stuff as you can see yeah yeah yeah yeah i do like it but i still like my sciencey stuff")

7. Her mother is involved in her VTuber career, currently working on her key art. (Verbatim: "my mom is working on it yeah yeah yeah yeah so that's exciting right")

8. She has a reference sheet that includes a detailed back design, which she is proud of. (Verbatim: "eh my back is on my reference sheet eh i have a back eh kavedon back of eh well yeah i have a really nice back my back is exposed yeah i have a back")

9. She values fun over winning in games and emphasizes enjoyment as the primary goal. (Verbatim: "i wasn't there to win i was there to have fun and that's what we did so i'm still proud of us yeah i didn't you know games are for fun")

10. She is interested in learning Cockney rhyming slang, indicating curiosity about linguistic quirks. (Verbatim: "let's learn some cockney slang yeah here's the stream start stream start time here yeah i'm spade okay so cockney rhyming slang") [end of text]



