1. She owns a Samoyed dog, which is a medium-sized female that appears smaller once its fluff is removed. (Verbatim: "I have a Samoyed, which is, like, usually a big fluffy dog, but the females are quite a bit smaller than the males... if you remove all her fluff, she would look a lot smaller. She's, like, mostly fluff.")

2. Her dog strongly dislikes other dogs and becomes aggressive or jealous around them. (Verbatim: "My dog was being a little, absolute, massive bum... Don't be a hegging punk when it comes to the other dog. Like, just be nice. She's not, so she's currently in the other room.")

3. She has experience dog-sitting for her neighbor. (Verbatim: "I am dog-sitting, again, for my neighbor, okay?")

4. Her dog looks drastically different and is perceived as unattractive when wet, unlike her usual fluffy appearance. (Verbatim: "She came out looking like a mess... they were like, 'Oh my goodness, get this scary monster away from me!'")

5. She compares her dog’s experience to a reversed ugly duckling story due to the change in people's reactions based on appearance. (Verbatim: "oh it's like the ugly duckling but bad but bad but backwards backwards the ugly duckly story is bad 'shouldn't judge people based on looks heckin ducks'")

6. She finds it unfair that dogs or people are treated differently based on their looks. (Verbatim: "she gets to experience the unfairness of the world that treats people or dogs differently. That treats dogs differently based on how they look, you know?")

7. She took her dog to the beach, where the dog enjoyed being in the water despite not being a strong swimmer. (Verbatim: "I took her to the beach once and she got in the water... she can't really swim, well, she can swim, she does love water.")

8. She is easily confused and acknowledges this about herself. (Verbatim: "I'm easy to guess, I'm also very easily confused.")

9. She is attempting to develop a distinctive evil laugh for her persona but is still working on it. (Verbatim: "evil laugh is still in progress it's currently undergoing prototype stage of figuring out what exactly it should actually sound like")

10. She uses the term “heckin’” frequently as part of her speech pattern, indicating a playful, internet-savvy personality. (Verbatim: "It's heckin' December tomorrow.") [end of text]



1. She owns a two-meter-tall goose plushie that her viewers gifted to her. (Verbatim: "so i own this two meter goose plush um yeah not not not out of choice you guys you guys got it for me")

2. She refers to her female viewers as "maidens." (Verbatim: "where are my maidens maidens where where where where")

3. Her current audience consists of approximately 8% female viewers in the last 28 days. (Verbatim: "it's about eight percent in the last 28 days")

4. She released her first musical cover and expressed gratitude for the positive reception. (Verbatim: "i don't this is the first cover i put out so it means a lot to you guys like it so much thank you")

5. She humorously references a future version of herself being elderly and watching long anime series. (Verbatim: "in the far far far far far far far future and there's elderly elia like oh i'm one of them old old people... i'll watch all of one piece and i'll watch all of all of naruto")

6. She has a dog that is energetic and reacts strongly to small animals like rats, birds, and squirrels. (Verbatim: "my dog she's a little hunter she's like let me get away don't hold me back i need to get the rat")

7. She once encountered a situation where a woman was frightened by a rat in her path, and her dog scared the rat away. (Verbatim: "a rat had run into like the middle of the path and this this woman was terrified... i was like yeah walk right up to it and then um scared scared the rat away and voila i saved the maiden")

8. She is concerned about rats potentially being diseased and does not want her dog to catch them. (Verbatim: "i don't ever want her to catch one though because like i'd be worried you know")

9. She jokes about being short and denies it, calling those who say she’s short “a bunch of lion punks.” (Verbatim: "yeah yeah no i'm not sure if anyone tells you i'm short they're lying bunch of lion punks")

10. She has planned a future viewer election event but has not yet revealed the details. (Verbatim: "i've already planned and sorted out the next election in terms of like the voting") [end of text]



1. She has a strong affinity for the anime *Fullmetal Alchemist: Brotherhood*. (Verbatim: "i love full metal alchemist like when um this seems like uh mv mv tries tries to mimic b in like um i know this one it's where hukai hukai is on they're split up basically")

2. She re-watched *Fullmetal Alchemist: Brotherhood* recently and considers it a favorite, despite newer anime surpassing it in ratings. (Verbatim: "when i re-watched it recently though so like we watched i've i've seen i can add another re-watch of brotherhood on because i've already done it um again")

3. She disapproves of attacking others to elevate oneself, especially in the context of VTuber raids. (Verbatim: "you don't attack others to bring yourself up never ever ever ever ever like never never push others down to bring yourself up")

4. She participated in a storytelling stream called "Storyteller's Dream" where she created a character named Edgar. (Verbatim: "this was from my storyteller's dream okay like yeah wow okay this was also bad i'll explain this for those that didn't make the storyteller's dream")

5. In her storytelling, she repeatedly "unalived" a character named Edgar, indicating a recurring narrative choice. (Verbatim: "i write down this is me i'm my deaf now and i've written down the word edgar and guess what edgar blue haired guy unalived and then i just keep writing out edgar basically")

6. She has a signature hoodie that is permanently available for purchase and requested a jumper version with the pattern on the front. (Verbatim: "yeah yeah yeah um there's also a jumper version because i know some people might not like the pattern just being on the back um the jumper version has the pattern on the front so that's something i specifically requested")

7. She recognizes people by smell, a trait she mentions having used in school, though others laughed at her for it. (Verbatim: "you can smell people you can smell them like it's a thing... i did that in school and then they laughed at me but i was like no for realsies though")

8. She believes her heightened sense of smell may compensate for difficulty recognizing faces. (Verbatim: "maybe my smelling ability is just to make up for my lack of seeing faces i'll be honest")

9. She used to commute to work by bus in England, which she found extremely uncomfortable due to lack of air conditioning and poor heating. (Verbatim: "i remember being freezing on the bus on the way to work in winter... public transport in england during summertime they're like little ovens that bake people")

10. She is currently taking weekly singing lessons to improve her voice. (Verbatim: "i'm having my singing lessons weekly and yeah something's worth turning into something") [end of text]



1. She grew up in a house that was quite moldy, which affected her books. (Verbatim: "the house i grew up in was quite moldy um but yeah yeah i'm still scared i should probably face face my judgment one day")

2. She borrowed books from a library in the past and never returned them because they got moldy. (Verbatim: "i checked out some books from a library once yeah so i never brought them back... i just felt so embarrassed to bring back moldy books")

3. She feels guilty and anxious about not returning the library books and jokes about facing consequences. (Verbatim: "i probably should go back and um pay i don't know it's been over a decade... they come to my deaf ed yo it's my haken funeral and they're like where's the books though")

4. She used to have a computer setup on a dresser or cupboard instead of a desk. (Verbatim: "my old setup used to be is it like like this... it's not a desk you tell that to my mother")

5. Her mother gave her the dresser used for her computer setup as a gift. (Verbatim: "it was mama ellie's present to me")

6. She is accustomed to sitting with both legs up due to her old setup lacking leg room. (Verbatim: "i like having um i'm basically really used to having both my legs up i'm not used to having um this space under my desk")

7. She once stayed up past midnight to move to a new apartment the day before her debut stream. (Verbatim: "your debut was on a day i needed to move so i stayed up past midnight the day before to carry my stuff to my new apartment")

8. She experienced back and shoulder pain after moving, which she mentioned in relation to her debut. (Verbatim: "may have to head may have had back and shoulder pain very much thank you")

9. She plans to do future streams and content involving setup ratings for other creators. (Verbatim: "i'd love to do that um definitely something i'll do in the future")

10. She has a fictional character named Eleanor who is expected to debut in February and will appear in full streams. (Verbatim: "this character will debut in estimated february... we can do full streams with eleanor") [end of text]



1. She lived in the jungle for a couple of months. (Verbatim: "when i lived i lived in the jungle for a couple of months")
2. She dislikes butterflies and finds them scary and invasive. (Verbatim: "no but i don't like butterflies i don't i don't like i don't like them they fly and they fly at me and they try to land on me and they're just all up in my business and they're heckin all ah really scary")
3. She once adopted a spider with a red marking and kept it near her living space. (Verbatim: "basically adopted one of these little little spiders with the little red red thing")
4. She watched a spider she kept fight a praying mantis for entertainment while in the jungle. (Verbatim: "i watched spider spider chan fight praying mantis chan for like the longest time and i took a video of it")
5. She has a habit of squatting in the "Asian squat" or "slav squat" position, which she finds comfortable. (Verbatim: "i'm used to sitting like l... yeah the slav squat yeah they're like i think it's also known as asian squat right")
6. She used to play League of Legends in a specific physical setup that required her to sit with her legs up. (Verbatim: "yeah i used to play league of legends like this")
7. She finds horror content unsettling, as she avoided watching "Courage the Cowardly Dog" because it looked terrifying. (Verbatim: "i haven't actually i don't think i've seen any episodes of it but i think i never wanted to because it looked pretty terrifying")
8. She expresses interest in having afternoon tea with her viewers someday. (Verbatim: "i hope that one day we can have tea together okay we shall have tea together and it'll be fantastic you know afternoon tea")
9. She owns a Nintendo Switch, which she used while living in the jungle. (Verbatim: "when my nintendo switch runs out of battery and the generator is not on for another day")
10. She refers to her past avatar/model as her "old model" or "old face." (Verbatim: "oh this one's related to my old model") [end of text]



NO RELEVANT INFORMATION [end of text]



1. She took a four-week trip to Japan, which is unusual for her as she rarely takes time off. (Verbatim: "Great edit that's um that's when I think that's when I returned when I returned from Japan after being away for like four weeks")

2. She typically streams twice a day and feels disconnected if she misses even a day. (Verbatim: "I don't normally take time off... I like streaming twice a day okay if it's not I feel like I haven't seen you guys")

3. She finds it difficult to stay inactive and tried being inactive for five days, but it didn’t help with her issues. (Verbatim: "i've tried being inactive for five days it's not the inactivity is clearly not fixing my")

4. She enjoys Coca-Cola and often consumes it during streams. (Verbatim: "me saying i'm gonna grab some coca-cola")

5. She has a dog that she describes as a "heckin mean little punk" towards other dogs. (Verbatim: "even though my dog's an absolute bum and absolute heckin mean little punk towards this other dog")

6. She engaged in dog-sitting, indicating experience with caring for other dogs. (Verbatim: "i'll be oh don't cry don't cry don't cry okay i'll be one second um hi sorry sorry sorry sorry sorry um i'm back")

7. She participated in a seven-month celebration event, suggesting a milestone in her streaming career. (Verbatim: "happy seven months thai suki dayo honk")

8. She is sensitive to jump scares and finds certain memes terrifying. (Verbatim: "this scares me okay this scares this is styling propaganda")

9. She values kindness from her community and feels deeply moved by their support. (Verbatim: "you heckin want me okay like when you guys are so heckin kind no idea how how how my heart goes")

10. She adheres to cultural norms in Japan, such as not walking while eating, which she followed during her trip. (Verbatim: "you know how like it's like um uh not rule like a culture thing to not walk and eat in japan") [end of text]



1. She has lived in or spent significant time in England, where walking while eating is common. (Verbatim: "it's really really really common here for people to eat and walk in england")

2. She climbed Mount Fuji and recommends it as a beginner-friendly mountain. (Verbatim: "i do recommend mount fuji as a beginner mountain it's really really nice")

3. She emphasizes the importance of maintaining a steady pace when climbing mountains. (Verbatim: "slow and steady wins the race is extremely applicable to mountain climbing")

4. She was overtaken by elderly people and small children while climbing Mount Fuji, but continued at her own pace. (Verbatim: "getting overtaken by older folk... you may also get overtaken not just by elderly folk but also um small children")

5. She was impressed by the cleanliness of Mount Fuji, noting she saw no litter during the entire climb. (Verbatim: "the whole climb up and the whole climb down i didn't see a single piece of litter like none absolutely none")

6. She owns a dog and has walked it in areas with aggressive seagulls. (Verbatim: "last time i had an issue with seagulls i was walking my dog and me and my dog were getting mobbed and i ran home")

7. She warns that seagulls in England are highly aggressive and will attack to steal food, even from adults. (Verbatim: "seagulls will literally take food from your mouth... they'll attack you to get you to drop your food")

8. She mentions that most birds in England are protected by law and it is illegal to harm them, especially swans. (Verbatim: "it's illegal to hurt most birds... yeah especially swans i believe")

9. She has two community mascots named Stanana and Starting, which are central to her fan community. (Verbatim: "i have my two community mascots we have stanana and we have starting")

10. She values self-care and frequently reminds her audience to "look after yourself." (Verbatim: "always remember rule number one look after yourself okay") [end of text]



1. She has a familial connection to someone named "mama elia," who keeps mementos like snippets of her hair from childhood. (Verbatim: "mama elia has has like she's quite the hoarder... she'll keep like broken")

2. A young cousin (around 3 or 4 years old) became very attached to her during a visit to "ajaland," holding her hand and insisting on staying with her. (Verbatim: "when i went to ajaland to see some of my family my cousin has this very small child... she's really sweet and she's really shy")

3. Her cousin’s child adores Minions, and mistook her ability to mimic Minion sounds as "speaking Minion," leading to a strong bond. (Verbatim: "i didn't know you spoke minion she adores minions no wonder she adores you you're able to speak her language")

4. She mimics sounds made by others, such as a child making Minion noises, suggesting an ability or habit of vocal imitation. (Verbatim: "i guess i was just repeating the sounds back to her")

5. She has visited "ajaland" to see family, indicating a personal connection to the place or people there. (Verbatim: "when i went to ajaland to see some of my family")

6. She received videos from family showing the young cousin expressing affection, such as saying "I love Elliot." (Verbatim: "i get sent little videos where she's like i love elliot i'm like oh oh bless her")

7. She mentions a childhood memory involving her first haircut, the snippet of which was kept by a maternal figure. (Verbatim: "i got a snippet of my hair from my first haircut i don't i don't know where where it is or or what but but like yeah yeah")

8. She grew up in England, where sweets are traditionally less sweet than American ones, and she references British cultural norms around food. (Verbatim: "one thing i've heard is that they're like one thing i do need to actually i'm not really had many american sweets because like the the british palette's really different apparently")

9. In England, cotton candy is called "candy floss," and traditional sweets are often sold in jars at seaside shops. (Verbatim: "we do have cotton candy here in england we don't call it cotton candy though we call it candy floss")

10. She expresses interest in creating a real-world brand or merchandise line called "Scuff Studios." (Verbatim: "i know you can buy american cereals though from um... one day i can make scuff studios a real thing um") [end of text]



1. Elia’s mother (Mama Elia) used to cut her and her brother’s hair until she accidentally snipped her brother’s ear, after which she was banned from doing haircuts. (Verbatim: "mama elia used to cut mine and my brother's hair until papa elia banned her because she was cutting... she snipped heckin wrong and snipped the ear... then she was banned from doing haircuts for her children")

2. Elia’s father (Papa Elia) took over haircuts for her brother, giving him buzz cuts, while Elia had to go to a hairdresser. (Verbatim: "from then on papa elia did the hair cutting for ellie bros and i had to go to a hairdresser... papa elia's like hairstyle of choice... you get the shaver and go all over the head... boom you get in your buzz cut")

3. Elia had a traumatic experience with ear piercings, resulting in multiple issues. (Verbatim: "i had enough ear scares with like all the issues i had when i had to get when i got my ears pierced and had a bunch of issues with that")

4. Elia is currently learning Japanese and has been taught that Japan originally lacked a writing system and adopted Chinese kanji, leading to differences in meaning. (Verbatim: "in my japanese lessons i've been learning about like um the origin of like kanji... japan didn't have a writing system for a really long time and they were like yo they've got a writing system over there in china... they were like a yo yoink")

5. Elia finds the linguistic connection between Japanese and Chinese kanji interesting, citing examples like “bed” and “floor” being similar, though she hasn’t fact-checked the information. (Verbatim: "a ton of them are so similar but yeah just enough that you can see... like i'm just relaying what i've been taught")

6. Elia was part of a group called “ELP” with fellow VTubers Utano Pandora and Lily, who has since graduated. (Verbatim: "together we were elp e l p... the one on the right is our dear friend utano pandora the one in the middle lily lily's graduated")

7. Elia enjoys playing Monopoly and has fond memories of playing it with her former group ELP. (Verbatim: "we were vibing we were vibing in monopoly oh we miss those times")

8. Elia dislikes eating noises and usually tries to cover them up because her family doesn’t like them. (Verbatim: "my family they don't like the eating noise you know so i usually try and cover up with um um it is in habit")

9. Elia likes traditional bubble tea, specifically brown sugar milk tea with tapioca, and enjoys fruity flavors like mango, watermelon, and guava. (Verbatim: "i like the traditional i like hagen milk tea with um tapioca... they always have really interesting flavors you know like honeydew or watermelon or all the fruity kinds")

10. Elia has been trying to eat healthier and cook more at home, though she occasionally treats herself to delivery food. (Verbatim: "i've been trying to eat more healthy to be honest... i've been cooking a lot basically") [end of text]



1. Her birthday is in March. (Verbatim: "My birthday is in March.")
2. She struggles with feeling guilty about spending money on herself, even for food. (Verbatim: "I feel kind of bad... I don't know, it feels odd... I'm not used to being able to, like, um, and eat food whenever I want.")
3. She has a habit of prioritizing work over self-care and personal time. (Verbatim: "I work 24-7... I want to work hard for you guys.")
4. She believes she is not used to luxury and feels uncomfortable enjoying it. (Verbatim: "I'm not used to luxury, okay. I've only ever been pretend fancy.")
5. She enjoys anime and considers it part of her self-care routine. (Verbatim: "no anime for mom no you can't say no anime / that is part of looking after myself i need my my anime please don't take it away from me.")
6. She tries to eat healthier and cook more at home instead of ordering takeaways. (Verbatim: "I'm trying to eat healthier... have more home-cooked food.")
7. She has cooked coconut-based curry and sweet corn fritters, indicating an interest in cooking. (Verbatim: "I tried to make like a really mild coconut based curry... along with sweet corn fritters to go with it.")
8. Her only income comes from her audience support. (Verbatim: "The only income I get is from... from you guys.")
9. She feels she never has enough time and wishes there were more hours in the day. (Verbatim: "I wish there were more hours in the day. And then I could do more.")
10. She plans birthday events for her audience, suggesting a tradition or recurring activity. (Verbatim: "I'm planning fun things for my birthday for you guys, okay?") [end of text]



1. She used to meticulously calculate the most cost-efficient way to shop for food, including price per gram and maximizing deals. (Verbatim: "I used to stand there and work out what would be the most efficient way to spend my money... dividing it into per gram. What's more worth per gram of food and things like that to get the best out of everything.")

2. She has a habit of overthinking and analyzing everyday decisions, especially related to value and efficiency. (Verbatim: "It's just weird to not do maps in the supermarket anymore.")

3. She experiences guilt when feeling happy, as if she doesn’t deserve it, and finds her current happiness suspiciously overwhelming. (Verbatim: "That's why I feel Heiken guilty for being so happy... I'm heckin' suspiciously happy. I'm like, 'Yo, something bad's gonna— if this was a film, this— this— something bad's gonna happen guys. I'm scared.'")

4. She refers to herself as a "Hengen mess" or "Heiken mess," suggesting a self-perception of emotional chaos or disarray. (Verbatim: "Thank you for remembering when I'm a Hengen mess.")

5. The phrase "Mimalia" means "I can do it" in the language of the Ikwere tribe of Nigeria, which she associates with her personal mantra. (Verbatim: ""Mimalia" means "I can do it" in the-... Language of the Ikwere tribe of Nigeria")

6. She identifies with the role of a "celestial messenger," implying a fictional or symbolic origin tied to her VTuber persona. (Verbatim: "I just have everything in the world as a celestial messenger")

7. She struggles with feeling worthy of love and support, believing she must earn affection and care. (Verbatim: "I gotta earn. I gotta- I gotta be worthy daho.")

8. She admits to being a hypocrite regarding self-care, urging others to take care of themselves while failing to do so herself. (Verbatim: "I know I'm a hypocrite. Rules for thee, not for me.")

9. She considers herself extremely bad at being a spy, humorously rating herself 0/10. (Verbatim: "Never hire, not hire, never ask Ellie bro to be a spy... worst spy ever gonna give him a 0/10 on TripAdvisor")

10. She drinks bubble tea frequently and enjoys it, particularly noting a milky milk tea she finds "heckin delicious." (Verbatim: "bubble tea bubble tea bubble bubble tea it's bubble tea indeed... milky milk tea i'm drinking you right now... you're heckin delicious") [end of text]



1. She has a dog named Lila who is possessive and exhibits jealousy towards other dogs and plushies. (Verbatim: "My dog has a jealousy issue. A jealousy issue." / "She's currently sat next to me getting head pats." / "This is the dog that doesn't like me having even plushies.")

2. She is currently dog-sitting a second dog while her own dog, Lila, is present. (Verbatim: "I'm dog-sitting at the moment." / "And the dog I'm dog-sitting is like over there.")

3. One of her dogs is a Samoyed; the other dog (Lila) is a mix that includes poodle. (Verbatim: "One is a Samoyed." / "The dog is like a mix of poodle and something.")

4. She is preparing for an internship and recently went through finals. (Verbatim: "I've been busy with finals and prep for my internship, so I just want to send this.")

5. It has been seven months since a significant milestone, possibly related to her VTubing career. (Verbatim: "Damn, seven months. I can't believe it's been this long.")

6. She appreciates emotional support from her fans and values their messages. (Verbatim: "Eli, if you think you're not worthy, we're here to tell you otherwise. You deserve to be happy and healthy...")

7. She likes pushing herself and values self-improvement. (Verbatim: "I like the idea of pushing myself." / "I want to keep trying more, though.")

8. She once misunderstood a hug emote as a film-related emoji for a long time. (Verbatim: "I didn't realize this was a hug. I thought... it was this like but in blue and it took me way too long to realize what it was.")

9. She is unfamiliar with certain modern emoji or internet slang, jokingly being called a "boomer." (Verbatim: "elia's a boomer and she doesn't know what emojis mean")

10. She is aware of British messaging customs, such as using "x" to denote kisses at the end of messages, which her "mama Elia" uses. (Verbatim: "mama elia does that... it's supposed to be kisses") [end of text]



1. She owns a dog that does not have a typical "dog smell" and is easy to care for due to its special fur. (Verbatim: "my dog does not smell like dog my dog smells like I don't know whatever the this the was it when I do it when I brush her she has like a um what you call it like a like a conditioner spray that I spray in")

2. She has experience dog-sitting, including managing dogs while streaming. (Verbatim: "sorry it's all good um yeah yeah yeah I took the dogs into the other room um opened the window so they can have a look out of it and gave them a tree")

3. She shares fun animal facts during streams, indicating a habit or interest in animal behavior. (Verbatim: "oh no okay fun fun animal fact because you love you guys you guys love my fun animal facts right")

4. Dogs are receptive to human yawns, which she presents as a known fact she endorses. (Verbatim: "if you yawn your dog will also catch the yawn... it shows that they're really attentive to your face")

5. Cats typically do not catch yawns from humans, though she acknowledges possible exceptions. (Verbatim: "cats do not um yeah or maybe they can but typically they don't")

6. She refers to herself humorously as "Mama Elia," suggesting a playful persona related to spice tolerance. (Verbatim: "but that's what mama elia always told me... mama ellie is the kind of person to just eat chilies like just just sit there and nom them")

7. She has a personal connection to exam stress, indicating past academic pressure. (Verbatim: "i know i used to be when you have parents that make you think that is the whole world will end if you don't pass")

8. She believes post-exam guilt and stress are common and wants to comfort others experiencing it. (Verbatim: "I hope you can relax um you've earned it... time spent worrying about something you can do absolutely nothing about is probably time wasted")

9. She has a habit of reviewing memes from months prior, suggesting a recurring content pattern. (Verbatim: "it is july 2023 alia is now reviewing memes from early april... it's heckin november i'm so ahead of schedule")

10. She tells personal stories during streams that often make viewers emotional, though she considers them happy and funny. (Verbatim: "i have these stories i think they're pretty okay i think they're on the haha funny side um but a lot of you seem to to cry") [end of text]



