1. She is reluctant to go outside and finds public outings uncomfortable. (Verbatim: "I'm nervous... I'm not used to being outside.")
2. She has a hidden, more vulnerable side that she keeps secret from others. (Verbatim: "If you dare show anyone this side of me I will literally end you...")
3. She refers to herself as "Elenoise" in a private context, suggesting a nickname or alternate identity. (Verbatim: "Elenoise that's me not okay so as fun as it is...")
4. She is uncomfortable with small talk and prefers direct action over conversation. (Verbatim: "I'm used to no talk just action so it feels very weird to be in public and have to do this small talk thing.")
5. She enjoys being in cozy, private spaces like a basement. (Verbatim: "I do that for two reasons one it's cozy and two it's it's it's a bit...")
6. She has a preference for cute, whimsical environments, though she pretends to dislike them. (Verbatim: "There's a lot of decor that is a bit different to my usual taste, there's little heart balloons...")
7. She is not naturally affectionate and dislikes being touched, especially head-patting. (Verbatim: "Don't pat me on the head... Don't you dare try and fluster me.")
8. She views her fans as pets and enjoys asserting dominance over them. (Verbatim: "you're lucky I'm letting you sit at the table... pets usually sit on the floor...")
9. She is wary of being seen in public and feels self-conscious when people are watching. (Verbatim: "People are looking at us... why are they looking at us?")
10. She has a strong sense of secrecy and insists that certain moments must remain confidential. (Verbatim: "This whole scenario... this is just one big secret, don't you dare tell anybody...") [end of text]



1. She has a white fluffy dog. (Verbatim: "she has this cute white fluffy dog i don't have one i have you guys so you know like but sometimes you have to discipline your pets and i'm disciplining you now")
2. She is referred to as "Ellie" by others. (Verbatim: "oh you mean ellie i don't know where she is she's probably doing something stupid like normal")
3. She is described as "an absolute idiot" and "dumb" by another character. (Verbatim: "she's an absolute idiot of course of course you can spend time with Elia she's no threat she's dumb I don't even know what to call her she's just kind of stupid")
4. She is known for running around a field with her dog. (Verbatim: "probably just running around a field with her dog or something like a real dog see i don't have a dog like she does")
5. She is perceived as non-threatening by another character. (Verbatim: "she's no threat she's no threat at all also I believe someone said this was is this pre-recorded it's not it's live I'm right here")
6. She is associated with a character named Eleanor who is portrayed as a manipulative figure. (Verbatim: "you've been sneaking out of the basement haven't you you have i'm not stupid you've been sneaking out and you've been going to not only go outside but you've been going to see other girls and aka is not going to fix this")
7. She has a relationship with a character who claims to be her owner and enforces strict control. (Verbatim: "you're welcome to answer it in full honesty okay and you will right you will answer it with the utmost honesty right you shall how would you like to be punished for escaping for looking in other directions")
8. She is capable of entering locations through unconventional means, such as the roof. (Verbatim: "I snuck in! I snuck in through the roof!")
9. She is described as being able to act "edgy" and spending time in the bathroom. (Verbatim: "She acts like... She acts like... She acts like she purposely is like, 'Look at me, I'm so edgy, I'm spending all my time in the bathroom.'")
10. She is capable of being emotionally affected by others' actions, as shown by her reaction to being tricked. (Verbatim: "Oh. She was just messing with you. Okay. Okay. Yeah, yeah, yeah. You've been heckin' bamboozled.") [end of text]



1. She has a close relationship with a character named Eleanor, who lives in a basement and is described as having a "sundere/yandere" personality. (Verbatim: "She acts like she wasn't. She tries to go, like, Sundare-ception...")
2. She once accidentally broke a guinea pig heart during a school science experiment. (Verbatim: "I accidentally slipped and put too much of the drug in it and I broke it...")
3. She participated in educational outreach trips for underprivileged children during her childhood. (Verbatim: "I used to go on those a lot they're like summer camps but they also used to do like outreach days...")
4. She has a habit of secretly collecting dakimakuras featuring her fans. (Verbatim: "She spends a lot of money on dakimakuras with you guys that's it that's the secret...")
5. She is known to give honest smiles and make people laugh genuinely. (Verbatim: "she does give you honest smile though i'm sure you did actually get some honest laughs out of her as well right")
6. She has a playful, teasing dynamic with another character named Hot Emma, referencing a past game. (Verbatim: "that's a reference to yesterday's game by the way guys um for those that weren't there...")
7. She is described as being very careful with emotional or romantic language due to literal interpretations. (Verbatim: "you're breathtaking but watch out for the literal for the literal misunderstandings that can occur...")
8. She once had a moment where she was caught blushing and imagining headpats from fans. (Verbatim: "I see her when we're home, blushing in her room, squealing, and picturing getting headpats from you guys.")
9. She has a secret fondness for headpats, despite acting like she doesn’t like them. (Verbatim: "She does like headpats. Just saying.")
10. She is self-aware of her tendency to be overly dramatic or intense in her expressions. (Verbatim: "She's so edgy. Let me have a look at you. Ooh, I got my eye on you.") [end of text]



1. She has a bachelor's degree in animal science. (Verbatim: "my bachelor's is in animal science")
2. She has a master's degree in artificial intelligence. (Verbatim: "my master's is in ai")
3. She previously studied biochemistry before switching to biology. (Verbatim: "i was originally a biochem student um and then i swapped to just biology")
4. She finds inorganic chemistry particularly difficult. (Verbatim: "i really did not like inorganic chemistry at all at all i'm sorry i just didn't i didn't like")
5. She is interested in animal intelligence and believes human measures of intelligence are limited. (Verbatim: "there are other forms with animals that should be used um it's definitely a topic i want to go into")
6. She finds the concept of non-human intelligence fascinating, citing bees and ants as examples. (Verbatim: "bees are able to have able to communicate and explain things like distance and direction of of pollen to each other")
7. She works with convolutional neural networks (CNNs) in her professional field. (Verbatim: "the stuff i work on is cnn's um yeah cnn cnn's are like my my area")
8. She is cautious about revealing details of her work to avoid doxxing. (Verbatim: "i'm not going to answer any questions at all regarding which area because i'm not going into doc city")
9. She has a dog that wears hats. (Verbatim: "they have hats on my guys i know fan of us arigato arigato area you are still my kind lovely and cute kamuyoshi")
10. She enjoys drinking tea regularly. (Verbatim: "well how many times do i drink tea daily well") [end of text]



1. She has a recurring illness affecting her throat, which she experiences during streams. (Verbatim: "oh dear oh dear oh dear and creeper please just take care of yourself you silly goose")
2. She enjoys drinking tea, typically consuming two to three cups daily. (Verbatim: "two or three cups of tea a day i guess")
3. She frequently consumes cookie cola and gamer subs, which she believes affects her tea intake. (Verbatim: "if i wasn't drinking cookie cola all day and gamer subs then i would be able to fit in some more tea")
4. She has a strong preference for crème brûlée, which she finds rare and highly desirable. (Verbatim: "as much as i love chicken burgers creme brulee is such a like rarity to find")
5. She has visited Paris twice, both times during school trips. (Verbatim: "actually no i've actually been to paris twice it seems to be a really common a common city for british schools to go to")
6. She identifies as British and recalls being recognized as an English tourist in France. (Verbatim: "it would be like the first time was with like my french class and obviously we were learning french and um obviously we understood some french and all we heard a lot was french people saying in french them all english tourists")
7. She finds horror games intimidating and admits to being scared easily. (Verbatim: "I'm too scaredy-cat for this! Please, someone hold my hand!")
8. She believes sleep is the best remedy for illness. (Verbatim: "favorite strategy to get over sick is sleep it off yes i also say that is the best that is the best best best best best best best way to get over any illness just sleep it sleep it away")
9. She has a close, playful relationship with another VTuber named Ellen, who appears in her streams. (Verbatim: "Ellen was as well thank you and Ellen always wanting us non try and spoil you guys as much as possible")
10. She shares a birthday with another VTuber named Elina, referring to them as twins. (Verbatim: "happy birthday it's not her birthday we have the same birthday we're twins yes that's why we look almost the same") [end of text]



1. She struggles with remembering to take her iron supplements. (Verbatim: "i'm very very very very very very very very very very bad at taking my iron")  
2. She appreciates reminders about taking her iron and does not consider them nagging. (Verbatim: "don't worry about nagging me i won't ever consider that a nag like is okay")  
3. She reads all chat messages during her streams and mentally holds onto them to address later. (Verbatim: "i do read all the messages that come through um and as you can see sometimes my brain just holds on to the message to make sure i address it later")  
4. She experiences dizziness and mental overwhelm during streams, describing herself as "a bit dizzy and a mess." (Verbatim: "um it's fine i'm fine just just yeah one second i'm just a bit dizzy and a mess")  
5. She has recurring zombie apocalypse dreams involving combat and confusion between delivery personnel and zombies. (Verbatim: "i had another zombie dream by the way guys and another zombie apocalypse survival dream but it was terrifying i was engaged in combat in my dream")  
6. She once dreamed of trying to order McDonald's during a zombie apocalypse, unsure if the delivery person was human or a zombie. (Verbatim: "i was also trying to order a mcdonald's i couldn't tell if it was the delivery guy or the zombies but you know i tried")  
7. She owns a ring that is marketed as an "engagement ring" but is actually intended to keep one alert. (Verbatim: "i got this ring it's supposed to keep you alert or something but they call it an engagement ring")  
8. She humorously interprets the ring’s purpose as keeping someone "engaged in combat" or "with attention." (Verbatim: "oh wait is that what it's for eh wait here take it my lady wait is that what it's for oh oh i never thought about it that way to keep one engaged to keep one with attention engaged in combat who am i fighting eh")  
9. She feels emotionally overwhelmed and describes herself as a "complete mess" during streams. (Verbatim: "i'm a complete mess yeah oh i'm sorry i'm a mess i'll be your mess if you would like a mess i'll be your mess")  
10. She has a habit of underestimating stream length, thinking she’ll keep it short but ending up streaming for nearly two hours. (Verbatim: "i was like okay i'll just keep it to like half an hour like just a bit over half an hour elenoir and then half an hour after but i don't know how this happened but") [end of text]



