1. She previously worked as a developer. (Verbatim: "What I used to do a lot when I was a developer was have, like, my work on one screen, and then... streams on the other.")

2. She enjoys watching or having streams, K-dramas, anime, TFT, and League of Legends as background content while working. (Verbatim: "streams on the other, yeah, or anything to distract me, like, um, kdrama, anime, tft, league of legends, or streams.")

3. She plays League of Legends and has played it late into the night. (Verbatim: "I definitely wasn't up last night playing League of Legends.")

4. She plays Teamfight Tactics (TFT), though she performed poorly in a recent session. (Verbatim: "Oh my TFT went terrible last night by the way, I thought I'd play it last night.")

5. She prefers bottled water over tap water, especially in her location in England, which she finds chalky and unpleasant. (Verbatim: "tap water can be good in England, but not, not where I'm at.")

6. She owns and uses a Brita water filter to improve the taste of her water. (Verbatim: "Wait, I do have a Brita filter. It's like, it's like in my fridge. Let's try this.")

7. She has a habit of typing quickly and sometimes mashing the keyboard when chatting. (Verbatim: "Sometimes, I just mush the keyboard and hope for the best and hope people understand what I'm gonna say.")

8. She does not consider herself cute, despite others saying so. (Verbatim: "I'm not cute. I wish I was cute.")

9. She speaks or pretends to speak cat language, saying "nyan-nya" and referring to herself as cringe in a self-aware way. (Verbatim: "Nyan-nya, nyan-nya, nyan-nya, nyan-nya. Nyan. Nyan. I speak cat.")

10. She associates Twitch with easier streaming setup compared to YouTube, particularly regarding waiting rooms. (Verbatim: "Twitch, use lucky and much easier because I don't have to set up a waiting room for Twitch.") [end of text]



1. She finds great joy in eating food, especially chicken bake, when hungry. (Verbatim: "Super happy after I ate that chicken bake. I hope the amount of joy I can bring people is the amount of joy that I get after I eat food and I was hungry.")
2. She has a self-perceived contradiction between appearing organized and actually being a mess internally. (Verbatim: "I've been told by people when they first know about me, they're like, 'Oh yeah, you know, you seem really organized, really well-kept together, you do all this stuff.' And I'm like, 'I do the stuff, but I am a mess.'")
3. She identifies as a procrastinator. (Verbatim: "Organized? Not organized. I'm a procrastinator.")
4. She previously quit playing League of Legends for 10 years before reinstalling it, but dislikes playing the jungler role. (Verbatim: "Speaking of League, I was clean for 10 hecking years and because of you I instilled it again and then uninstilled it when they wanted to force me to play Junkler.")
5. She believes jungling is bad for the soul and that junglers are unfairly blamed in games. (Verbatim: "Jungling is bad for the soul." / "Jungle diff, jungle diff, jungle diff, it's the jungler's fault.")
6. She struggles with anxiety and overthinking, especially about whether people will attend her streams. (Verbatim: "I'm an overthinking anxious bum! So thank you.")
7. She finds it very difficult to get out of bed in the morning due to how cozy it feels. (Verbatim: "Like, getting out of bed is so difficult. Like, my bed is so cozy in the morning, but— Getting up the stream.")
8. She has a habit of streaming frequently and describes herself as addicted to streaming. (Verbatim: "I'm addicted. I'm addicted.")
9. She dislikes saying "bye" and prefers "see you later" because she finds goodbyes unpleasant. (Verbatim: "I don't want to say bye. I don't want to say bye, okay? I'm going to be a see you later, okay?")
10. She refers to herself as "sappy and cringe" but embraces it as part of her persona. (Verbatim: "I am a bit sappy. Sappy and cringe, but I'll be your sappy cringe.") [end of text]



1. She refers to herself as a 2D VTuber and denies being a "fleshtuber." (Verbatim: "wah wah wah my schedule does just say stream happy face it really does hey i'm good i'm good i hope you guys are gooder though yeah yeah let's say yet another scrub thank you thank you have you six months wait no i did not i did not just admit i'm a goose i did not i did not i'm ep sorry i'm rubbing the sleep out of my eyes i did not just i did not i didn't just no i didn't i didn't i didn't just i didn't that didn't happen undo a control set")

2. She identifies with the nickname "sneaky samurai" and considers herself sneaky. (Verbatim: "remember i am the sneaky samurai yeah yeah i can cancel the announcement stream i can yeah screw it be gone")

3. She has a habit of falling asleep and missing scheduled tasks, such as posting tweets on time. (Verbatim: "that's because i'm stupid and i scheduled it for like an hour later and i fell asleep")

4. She once responded to messages with "moo" instead of "no" while half-asleep. (Verbatim: "actually i wrote i was supposed to type no but i wrote moo to them and then i posted it i wrote moo")

5. She has a fascination with cows and jokes about owning one as a pet. (Verbatim: "cows do love to lick cows cows like to num num num num num... can confirm i have been numbed on by a cow i was in a field surrounded by cows")

6. She played Harvest Moon on Nintendo DS and remembers a specific game-over event involving a dog attacking the mayor. (Verbatim: "oh harvest ending I remember this so vividly yeah at the beginning when the mayor is being attacked by your dog if you choose not to save him the game ends like like it will just straight up straight up end")

7. She finds the Harvest Moon DS game-over scene memorable and disturbing despite being a kids' game. (Verbatim: "it's so weird like I just remember being sat there in like disbelieve being like wait game over like yeah no no more store I can't wait I want to see what")

8. She jokes about naming her hypothetical pet cow "Burger," "Steak," or "Meatball." (Verbatim: "i would have a pet cow and be like this is steak this is burger this is meatball this is ground beef")

9. She references playing or being familiar with Stardew Valley and Story of Seasons. (Verbatim: "stardew and story of seasons oh my god stardew oh guys do you remember like which which harvest it was like harvest moon on the nintendo ds")

10. She expresses self-deprecating humor about her mental state, claiming to operate at "half capacity." (Verbatim: "i'm operating at half capacity i'm stuck in moo moo") [end of text]



1. Her name is Elia Stellaria, and she is a British VTuber. (Verbatim: "hi i'm elias delaria british vtuber not a goose")

2. She holds a master’s degree in artificial intelligence. (Verbatim: "my background's in ai so like my master's degree is in ai")

3. She studied at university (uni) in the UK, where she experienced financial difficulty. (Verbatim: "I was at uni um yeah yeah sometimes just picking it randomly was good but from one pound right that's wild I was like heck yeah because I think I bet on like at least 10 different games or something stupid")

4. During university, she placed a random accumulator bet on football (soccer) with one pound and won 87 pounds. (Verbatim: "I just kind of ticked whatever I fancied and I did that and then you just like bet like one pound like one pound and um yeah yeah I won once I won once and I think I got like 87 pound or something")

5. She has a background in AI and was previously asked to build bots for stock market monitoring, which she declined. (Verbatim: "people try and like want me to to build them what's it called um bots to like do stuff for like i don't know monitoring the stock market and stuff i don't i can know that's because my background's in my background's in ai... hmm for free no that's a lot of effort")

6. She enjoys playing gacha games, particularly Honkai: Star Rail, and has had good luck with pulls, such as obtaining the character Robin quickly. (Verbatim: "i miss honkai star rail i've been not playing it just for you guys... you guys helped me get robin pretty fast actually")

7. She previously took a break from streaming to travel and is now returning to a regular streaming schedule. (Verbatim: "i went for a little traveling phase um so yeah yeah i'm still learning")

8. She plans to go on a content-based trip to Japan in October, during which she intends to vlog, take photos, and possibly play Minecraft. (Verbatim: "i have no plans to go anywhere there'll be lots of streams it's here right now... i have a japan trip but it's a content-based trip that's been organized um where i actually want to do lots of vlogging and stuff")

9. She dislikes the mayor character from Harvest Moon due to his rudeness, particularly how he criticized her farm. (Verbatim: "dude i forgot what a douche the mayor was he's so rude now i remember why i clicked no he was so mean about my farm")

10. She once had a dream about eating an egg sandwich (egg sandal), indicating a possible fondness or recurring thought about the food. (Verbatim: "i had a dream about egg sandal last night by the way i had a dream about egg sandal but like i went and bought an egg sandal and then i ate it") [end of text]



1. Her birthday is in March. (Verbatim: "the plan is currently birthday like yeah birthday birthday birthday which is in march")

2. She has black wings, which she usually hides. (Verbatim: "i have black wings yeah yeah yeah yeah yeah yeah yeah she did always has i just normally hide them")

3. The audience has influenced or created her "goose" lore, which she did not originally intend. (Verbatim: "you guys hold power to to actually change my lore because my lord i i genuinely i genuinely never set myself as a goose")

4. She refers to herself metaphorically as the moon, reflecting the light (energy/love) given by her audience. (Verbatim: "i'm like the moon okay i just reflect i just reflect the light that y'all give me okay")

5. She has previously done a 24-hour capped donation stream (donathon). (Verbatim: "i've only done one donathon is elia which was 24 hours capped")

6. She once dreamed of doing a 48-hour capped donation stream. (Verbatim: "and the other one was in a dream that was 48 hours capped")

7. She jokes that self-care means not donating to her, but later clarifies that her real self-care is the joy her audience brings. (Verbatim: "self-care is giving all your money to your oshi" and "you guys are my self-care okay")

8. She mentions working on a big project, suggesting future content or channel developments. (Verbatim: "big big big project I'm working on")

9. She has a recurring joke or reference involving bananas, which viewers are encouraged to bring. (Verbatim: "i say this like i didn't challenge you guys to bring the biggest banana possible")

10. She imagines creating a self-parody gacha game that only features herself. (Verbatim: "i'll make my own gacha game it's called ellia stellaria and like there's nothing to the game it's just it's just a gacha and there's only one option") [end of text]



1. Her birthday is on March 7th. (Verbatim: "my birthday's in march march 7th easy to remember think honkai star rail")

2. She likes drinking cola daily. (Verbatim: "i drink cola every day")

3. She feels most comfortable wearing a mask. (Verbatim: "i like wearing mask mask mask that's high that's where i feel most comfortable i feel most comfortable wearing mask")

4. She plans to revamp her lore and is working on a "big project" for her birthday. (Verbatim: "i'm gonna try i'm gonna yeah yeah yeah oh my goodness it's written in capitals um miss ellia i will not tolerate such slander as to imply you are not cute")

5. She references "goose" as a potential element in her lore, possibly hinting at a goose-related origin or theme. (Verbatim: "the goose lore is not real i don't even know i feel like i have to rewrite my lore at this point to include goose")

6. She once attended Anime Expo in cosplay. (Verbatim: "it was when i went to anime expo here it is here it is are you ready i'm sorry in advance it's gonna be immersion break")

7. She owns multiple 3D models, including a chibi model, a color-change model, and an old temporary model. (Verbatim: "i have my chibi i have the color change i have my old temporary model")

8. She is interested in virtual signings for merch, possibly using a wall with holes or 2.5D presentation. (Verbatim: "or i become one of those wait what's it called what were they called is it 2.5 d where they like half exist in their 3d form")

9. She does not consider herself a waifu and believes her viewers deserve better. (Verbatim: "i'm not a waifu wait a second yeah you guys deserve much better much much much better")

10. She wants to build a new custom keyboard and is passionate about keyboard customization. (Verbatim: "i'm gonna do keep wait how do i just do it right now wait i want to buy get new keys i want keys keys keys") [end of text]



1. She is British. (Verbatim: "in france we do yeah we stole it from the french because i'm british")
2. She has an interest in custom or cute keyboard keycaps and wants to build a tactile keyboard. (Verbatim: "i want to get some thucky keys bucky i want to get some thucky keys... i want to find some cute keycaps")
3. She struggles with decision-making when buying items and tends to go down extensive research rabbit holes. (Verbatim: "i'm really indecisive so like when i want to like buy something i really struggle... i go down some like weird research rabbit hole and don't buy anything in the end")
4. She mentions liking the idea of having Elia-themed custom keycaps. (Verbatim: "i wonder if i can get like custom elia themed keys i don't know with like my stuff on it i don't know that would be cool")
5. She gets cold easily and is not a warm person physically. (Verbatim: "i'm not a very warm person i wish i was warm i'm always cold to be honest")
6. She enjoys eating chicken bakes, a frozen pastry with chicken, commonly bought from UK supermarkets like Sainsbury's. (Verbatim: "i'm gonna put a chicken bake in the oven... i have the ones from where did i get it from there's sainsbury's yeah sainsbury's")
7. She references UK-specific brands and stores such as Greg's, Iceland, and Sainsbury's, indicating familiarity with British retail. (Verbatim: "you get them at greg's... i have the ones from... sainsbury's")
8. She mentions the British tendency to adopt French words, referencing "cafe" and "restaurant" as examples. (Verbatim: "we stole cafe we stole restaurant um yeah yeah we're a bunch of thieves")
9. She acknowledges the stereotypical rivalry between the British and the French as "friendly banter." (Verbatim: "it's like a stereotype for the british and the french to not get along... um technically i guess yeah because england's an island and the french... it's like a yeah")
10. She expresses hunger and a preference for pancakes, though she doesn’t have any available. (Verbatim: "what should i eat hmm what should i eat i'm really hungry a little bit lightheaded um what should i eat um um pancake yeah i don't have any pancake") [end of text]



1. Her name is Elia Stellaria, and she chose it because she likes names that end in "ia". (Verbatim: "i just saw the name i thought it was cute i like names that end in ia like hence my name elia")

2. She enjoys French pastries such as pan au chocolat and has some stored in her freezer. (Verbatim: "i actually have um pano chocolate in my freezer")

3. She associates quiche lorraine with British summer parties and views it as part of British food culture. (Verbatim: "we stole that and made it part of our british summer parties like we were like this is this is part of the british like selection")

4. She prefers homemade lasagna and finds the idea of it very appealing. (Verbatim: "i love lasagna homemade lasagna makes my mouth water")

5. She mentions that authentic Chinese food in England can be identified by a menu in Chinese and cash-only payment. (Verbatim: "the only way to find real chinese food in england... one the menu is not in english it's all in chinese um and two for some reason they only take cash")

6. She identifies British Chinese food as a distinct, localized cuisine different from actual Chinese food. (Verbatim: "chinese food in england is not chinese it's british like absolutely it's the same cuisine")

7. She is entering a phase of prioritizing herself and learning to say no to collaborations. (Verbatim: "i'm entering my phase of learning to say no... i want to focus on me")

8. She humorously refers to herself as "mama elia," suggesting a nurturing or maternal persona. (Verbatim: "and i get mama elia and i'm like mama elia here is the menu for your small child please read and communicate")

9. She compares herself to a dog when distracted by the smell of food, indicating a playful self-image. (Verbatim: "i'm just a heckin dog i'm like why am i like this")

10. She expresses embarrassment easily, as shown when she repeatedly says she feels shy or embarrassed. (Verbatim: "恥ずかしい恥ずかしい恥ずかしい本当に恥ずかしい") [end of text]



1. She was bullied at school and would have preferred going to "clown school" instead. (Verbatim: "i remember thinking honestly i'm getting bullied at school right now like send me to clown school i'd love to go to a different school yeah")

2. She has a strong preference for eating chicken bake, which she finds delicious and comforting. (Verbatim: "yo that's delicious oh my god heck yeah oh yep that's it that's the food that's so good chicken bags are so good")

3. She is extremely sensitive to hot food, identifying with the term "cat's tongue," meaning her tongue is sensitive to high temperatures. (Verbatim: "can confirm i think i have a cat's tongue like i'm super sensitive to temperature when it comes to food")

4. She has a deep affection for Super Mario 64 and considers it a beloved childhood game. (Verbatim: "i love super mario 64 and i was literally looking up mario 64 last night thinking i really want to play mario 64")

5. She grew up in a household where Nintendo was highly valued, indicating she was raised as a "Nintendo kid." (Verbatim: "you know me i was raised nintendo nintendo kid like well got nintendo parents so like who are obsessed with nintendo")

6. She struggles with social anxiety, particularly around unexpected visitors, and panics when someone knocks on her door. (Verbatim: "if someone's knocking at my door i'm like instinct hide hide hide hide run hide run hide")

7. She becomes extremely happy when receiving food deliveries, more so than in many other situations. (Verbatim: "the only time i don't panic is if it's food then i become the happiest person in the universe")

8. She owns a physical copy of Super Mario 64 for the Nintendo 64, likely stored at her father's place. (Verbatim: "i'm pretty certain i still have i still i have mario 64. it'd probably be at papa ellie's though because i think they had at least they had a few copies")

9. She is British, as she introduces herself as a "British vtuber" during the stream. (Verbatim: "hi allow me to introduce myself my name's alias delaria british vtuber")

10. She expresses interest in playing *Black Myth: Wukong* in the future, though she believes she might not be good at it. (Verbatim: "i'm gonna wait for it to be a bit less busy of people playing it and then i'll pick it up... i feel like i'd be bad at it") [end of text]



1. She has a strong affinity for Stardew Valley, calling it her "beloved" and praising its soundtrack. (Verbatim: "stardew my beloved yo the stardew soundtrack is absolutely fire though for real")

2. She played League of Legends extensively in the past, particularly during the era of the old client, pink wards, and rune pages. (Verbatim: "i played league when it was like the old client when it was pink wards and the rune pages")

3. She considers herself a "seasoned veteran" of League of Legends. (Verbatim: "i am yeah a seasoned veteran of league")

4. She played League of Legends on a very low-performance laptop, which caused extremely long loading times. (Verbatim: "my pc couldn't handle playing like anything really it was this tiny tiny tiny laptop")

5. She humorously acknowledges that her slow loading times likely frustrated other players in her lobbies. (Verbatim: "people probably hated me in their lobby oh my god yeah")

6. She used to spam the in-game laugh as a non-toxic way to express herself, finding it cute rather than tilting. (Verbatim: "i'm not toxic but i do like to spam my laugh um because the laughs so cute")

7. She expresses interest in doing a karaoke stream, specifically an "old school emo karaoke." (Verbatim: "i want to do old school old school emo karaoke if i was to do that yeah")

8. She has a recurring dark humor theme in her content, referencing "the sweet embrace of death" and "yearn for the urn." (Verbatim: "stay away from the sweet embrace of death it's mine it's mine you can't take it")

9. She struggles with voice impressions, particularly for characters like Twitch from League of Legends and Mario. (Verbatim: "my league impressions are not on point no")

10. She has been a streamer for at least 16 months, as acknowledged by a member message. (Verbatim: "thanks for the 16 months of smiles as a member") [end of text]



