1. She is not 50,000 years old, jokingly reacting to a fan comment. (Verbatim: "My 50k years old. Damn. You'd think I'd be a bit wiser if I was 50,000.")
2. She refers to herself humorously as a "GooseTuber" but clarifies she is not actually a goose. (Verbatim: "Your favorite GooseTuber. It's not me, because I'm not a Goose.")
3. She identifies as a socially anxious introvert despite appearing social online. (Verbatim: "I know I come across as a very social person but I am not I am a socially anxious introvert punk.")
4. She experiences constant fear and describes herself as "living in a permanent state of fear." (Verbatim: "yo i live in a permanent state of fear yeah fear fear fear fear you wouldn't believe it")
5. She is independent and does not have a manager, though she jokingly pretends otherwise. (Verbatim: "i got no manager i got no like there's there's nothing to be like yo elliot you must must must do your 50k celebration")
6. She has met several fellow VTubers in person and was impressed by how beautiful they were. (Verbatim: "i do you know i have been able to meet quite a few quite a few maidens um irl which is um and and what i've discovered is damn heckin vtubers are beautiful beautiful beautiful people irl")
7. She does not consider herself an approachable person but hopes her chat feels welcoming. (Verbatim: "i don't know if i'm an approachable person or i i must be approachable if if if if yeah")
8. She is not a singer and declined to hold a karaoke concert for a milestone. (Verbatim: "i'm not a singer uh so um yeah um go man go man more thighs is always good")
9. She planned milestone rewards for subscriber goals, including socked feet at 50k and bare feet at 200k. (Verbatim: "50k we agreed that you guys would get to see um my feet with socks on... 200 it was 200k 200k for bare feet")
10. She has multiple scheduled streaming time slots but struggles with choosing the best one. (Verbatim: "I have multiple stream time slot thingamajiggies, I'm like which which one would be good") [end of text]



1. Her purpose is to be British, which she states is a requirement. (Verbatim: "i have to be it's a requirement but it's okay heck yeah")
2. She identifies as a celestial messenger, not an angel. (Verbatim: "not angel just a celestial messenger")
3. She has a fictional persona involving stealing hearts, though she clarifies viewers need their hearts to live. (Verbatim: "i'm gonna steal your maidens haha" / "i can't steal your hearts no you need them to pump the blood around your body")
4. She previously struggled with workaholism and is now consciously working on not overworking. (Verbatim: "i'm really working on this not overworking thing and horror week is over yeah")
5. She practices "productive resting" and prioritizes self-care over constant content creation. (Verbatim: "i've been really focused on things like productive resting and not like as in like trying to look after myself")
6. She has 16 individual creative projects in progress, in addition to group projects. (Verbatim: "i still have my 16 projects yes my 16 individual projects on top of well those are the individual ones")
7. She plans to go on an adventure in America, where she will also create content. (Verbatim: "adventure ellie art continues this year with america where i can like you know just i know technically technically we're going to be making content there")
8. She wishes she could write in her membership diary more often. (Verbatim: "i always want to write my diary more my membership diary i will")
9. She has a dislike for the lack of a dedicated membership post feature on Twitch compared to YouTube. (Verbatim: "i wish there was an equivalent for twitch like there's twitch subs but there's no like like on youtube you can do like posts that are only those that have the membership")
10. She enjoys playing League of Legends, calling it "impeccable" and "so good". (Verbatim: "impeccable league of legends so good") [end of text]



1. Her birthday is on March 7th. (Verbatim: "Not until March 7th")
2. She is not physically strong in her arms and cannot do a single push-up. (Verbatim: "I can't do a push-up a single push-up I can't do one")
3. She used to be obsessed with DDR (Dance Dance Revolution) and loves the game. (Verbatim: "I used to be obsessed obsessed with ddr like ddr was life i love ddr so much")
4. She has taken dancing lessons but does not consider herself good at dancing. (Verbatim: "i have done dancing lessons i wouldn't say i'm good at dancing but i can kind of dance")
5. She is open to doing a 3D dancing stream despite lacking confidence in her skills. (Verbatim: "3d dancing stream soon um you guys are gonna cry when you see my attempt")
6. She can lift about 20 kilograms, such as her dog, but finds bodyweight exercises like push-ups difficult. (Verbatim: "I can lift my dog like I can lift 20 something k max")
7. She expresses interest in doing a Ring Fit Adventure week but wants custom art for thumbnails first. (Verbatim: "I really want to get some ring fit art for it so I'm waiting for that first")
8. She jokingly identifies as a "talking blob" and plays with the idea of being a non-human entity. (Verbatim: "I am a talking blob")
9. She owns a duvet filled with goose feathers, which led to a recurring joke about her being a goose. (Verbatim: "My duvet is full of goose bath")
10. She humorously claims to be "married to b-tubing," indicating dedication to her VTuber career. (Verbatim: "Yeah, I'm married to b-tubing") [end of text]



1. She is planning a trip to America to create content and try American food. (Verbatim: "Oh my goodness, I'm looking forward to our America planning stream... we're gonna plan the content and think about like what stuff I need to try.")

2. She owns a webcam stand and intends to use a hand cam during her trip to America. (Verbatim: "I want to do hand cam while I'm out there basically.")

3. She received advice from a streamer named Mozu about American fast food and is using it to prepare for her trip. (Verbatim: "Mozu has already given me... we went through our own mini like tier list of like american fast food so she's giving me her recommendations.")

4. She expresses a desire to collaborate with Spectra, specifically by having afternoon tea together in a “very British” way. (Verbatim: "we still need to go for our tea together please onagai shimasu yo spectra... any of the most british way possible.")

5. She owns a variety of teas and has a Twining gift box given by her mother, which she is working through. (Verbatim: "I have a whole tea set like of all these different kind of teas like a twining gift box um that i got given by my mom.")

6. She identifies with British culture and often gives voice characters British accents during streams. (Verbatim: "so you'll find if i do any streams that have any kind of voice acting everybody gets a british accent.")

7. She does not like brown sauce and is unfamiliar with the brand “Daddy’s Brown Sauce.” (Verbatim: "i don't like brown sauce so i don't know the brand.")

8. She values helping others and considers it a core motivation for her streaming. (Verbatim: "I do want to help whenever whenever I can... if I can help then I did good.")

9. She has self-deprecating humor about lacking charm and calls herself a “dork” and a “hammer.” (Verbatim: "what the heck is supposed to be my answer to that question um i'm a dork nah i'm a hammer.")

10. She previously agreed to a fancy reveal at 2 million subscribers, captured in a clip. (Verbatim: "i have a clip of you non-jokingly agreeing to do fancy reveal at 2 million.") [end of text]



1. She was born in Germany. (Verbatim: "i was born in germany")
2. She has an interest in British culture and identifies with it, mentioning a desire to organize British VTuber gatherings in London. (Verbatim: "we'll go tesco's nando's spoons um we'll go get some daddy sauce")
3. She knows a small amount of Polish, including some rude words taught to her as a joke. (Verbatim: "ah wiem nie wiem wiem nie wiem tak tak and then i can't say the other polish i know because apparently it's very rude")
4. She associates herself with the "comfy" and drama-free side of VTubing, inspired by slice-of-life anime. (Verbatim: "i just really want to build the side that's not not got drama and is just about you know anime girl having fun")
5. She loves the anime *Yuru Camp* and cites it as an inspiration for her content. (Verbatim: "some place kind kind of yuru camp i love yuru camp yuru camp")
6. She refers to herself metaphorically as "the moon" that reflects the light (support) from her audience. (Verbatim: "i'm not the light i'm not the light i'm just the moon okay just the moon i just reflect the light that you guys give me")
7. She has a self-deprecating sense of humor about having "negative riz" (charm). (Verbatim: "i have negative riz like yeah i have i definitely have negative absolutely negative")
8. She mistakes bags for cats on occasion, indicating a recurring humorous personal anecdote. (Verbatim: "because i've done that like three times and it's sad every time")
9. She expresses deep gratitude toward her supporters and is motivated by their happiness. (Verbatim: "all my focus goes into that... to make you guys happy")
10. She aims to be kind and stay true to her intentions, emphasizing personal growth over perfection. (Verbatim: "i will go forward with the best intentions try and be kind always to everyone") [end of text]



1. Her real name is Elia Mao. (Verbatim: "My name is Elia Mao.")
2. She is British, and has expressed surprise that people don’t know this. (Verbatim: "I'm surprised people don't know I'm British.")
3. She dislikes being called "Alele" or any variation of that nickname, which she says is not her name. (Verbatim: "Do not call me Alele. Alele's not my name.")
4. "Ellie" is a known short form of her name Elia. (Verbatim: "my name is Elia shortened to Ellie.")
5. She previously gave up on watching VTubers due to drama, implying she returned after finding a more positive community. (Verbatim: "I gave up on watching vtubers because of all the drama and you showed me it's not all like that.")
6. She aspires to collaborate with Kyoto Animation, calling it "the dream." (Verbatim: "yo kyoto animation collab that would be the heckin dream the dream the dream.")
7. She struggles with memory and organization during streams, describing it as taxing on her brain. (Verbatim: "this takes up so much brain power for me to i can remember i have to go through the donors and then remember which ones i've said.")
8. She does not consider herself a good singer. (Verbatim: "sorry i'm not a singer i'm not a singer i uh i uh.")
9. She finds American history difficult because it wasn’t taught to her in school. (Verbatim: "I don't know about American history. They never taught it to me in school.")
10. She has a fictional alter ego or character named "Eleanor," described as tired, negative, and drinking "espresso depressors." (Verbatim: "Eleanor would be way too tired for that... Yo, yo, Eleanor's character is heckin' drinking them espresso depressors all day every day.") [end of text]



1. She has limited knowledge of history, particularly American history, due to her education in England focusing mostly on English history. (Verbatim: "We only got taught a few things in England about English history... I don't actually know nothing about American history.")

2. She finds life in England expensive, boring, and dislikes the weather. (Verbatim: "How hard is life in England? It's expensive and the weather sucks and I'm kind of bored because there's not much to do.")

3. She expresses a desire to move to Japan in the future. (Verbatim: "When am I moving to Japan? I don't know... But that would be nice. Adventure.")

4. She jokes about being bad at ruling or leadership, rejecting a title of queen. (Verbatim: "I don't think I can handle the responsibilities of a queen or a ruler. Would not be a very good ruler.")

5. She mentions having family members scattered across the country, making it hard to gather them. (Verbatim: "My windows are scattered across the country. So it's hard to gather them.")

6. She identifies as British. (Verbatim: "British, unfortunately.")

7. She plans to read fan messages (possibly from a Padlet) while eating, and anticipates it will make her emotional. (Verbatim: "I wanna read it, like, probably while I eat or something... and then cry.")

8. She is working on her 3D model for streaming. (Verbatim: "No, um, the 3D is in works. It's in works, like...")

9. She enjoys spending time with her chat and finds their compliments overwhelming and kind. (Verbatim: "You guys are so silly and so kind... You literally spoil me with compliments, like, honestly, it's taking wild.")

10. She aspires to continue streaming even if her circumstances change. (Verbatim: "I would still stream. You know I would always still stream.") [end of text]



1. She has not yet submitted her Twitch partner application despite having access to it for months. (Verbatim: "honestly i've had partner application available from like week two... but now it's been months and i'm like you've been watching for a long time now but this is the first time i comment in live chat")

2. She finds re-watching her own content difficult and emotionally taxing. (Verbatim: "oh my goodness like when i have to select to improve my content i have to go back and re-watch my content and oh i feel so bad")

3. She values creating a positive and comforting space for her audience despite life's difficulties. (Verbatim: "life sucks keeps throwing awful crap at people... but we're still gonna be here... be happy in spite of the fact it keeps trying to make us unhappy")

4. She loves flower pressing as a hobby and finds joy in preserving flowers. (Verbatim: "i love like flower pressing um and then i thought hmm so so what would be a mating version of this")

5. She once misunderstood the term "mating press" and associated it with flower presses due to her familiarity with the latter. (Verbatim: "i didn't know what mating press was... i thought hmm so so what would be a mating version of this")

6. She believes there is no such thing as too much butter and enjoys using it generously. (Verbatim: "there's no such thing as too much butter like i can love putting but i need to buy some butter")

7. She streams on both YouTube and Twitch and makes an effort to engage with both communities. (Verbatim: "i do hope that um that you guys in twitch do feel involved i know that i come from youtube but i... i do read both chats")

8. She is still learning about Twitch-specific features and culture, such as emotes and channel points. (Verbatim: "i'm still learning about twitch... there's a whole like emote culture that i'm still learning about")

9. She jokes about being made of "cringe" and having it run through her veins. (Verbatim: "cringe runs through my veins and i don't know like yeah what which means a.o. a.o cannibalism yeah")

10. She humorously refers to herself as "the laurian one," possibly indicating a lore or persona element. (Verbatim: "here's elia's the laurian one elia's the laurian uh it was on this stream okay") [end of text]



1. She has a degree in animal biology and a master's in AI and computer science. (Verbatim: "My degree is in, my bachelor's is animal biology, and my master's is in AI and computer science, so.")

2. She previously worked at a zoo. (Verbatim: "when i worked at the zoo we had this thing like called um like the the like um it sounds really bad it was called the crusher")

3. She enjoys flower pressing as a hobby. (Verbatim: "i love like flower pressing")

4. She was raised around computers and a cat, implying a tech-influenced upbringing. (Verbatim: "i'm like basically raised by a computer and a cat")

5. She is unfamiliar with certain internet cultures and slang, having focused on academic study instead. (Verbatim: "when people were learning about these terms i was clearly studying just studying just straight up studying")

6. She has never been on Twitter until becoming a VTuber. (Verbatim: "i've never been on twitter really to be honest like i never had like was it just never on twitter until until like being vtuber")

7. She is planning to do streams from America in the future. (Verbatim: "you guys are gonna be getting america streams soon and i'm very excited for those")

8. She dislikes being in a hypothetical rubber room with geese, indicating a fear or strong aversion. (Verbatim: "I do not want to be in a rubber room with geese, do you know how terrifying that would be")

9. She refers to her artist as "art mama," indicating a close or affectionate relationship with her merch artist. (Verbatim: "my art is by my art mama")

10. She expresses discomfort with cold temperatures and feels her VTuber outfit doesn't provide enough coverage. (Verbatim: "i'm cold mother i'm cold i'd be freezing out there") [end of text]



1. She is half British and half Asian, born in Germany. (Verbatim: "okay, so she is half British, half Asian, born in Germany.")
2. She is 15 years old. (Verbatim: "So, I am, like, 15 years old, I got to.")
3. She earned her French GCSE three years early. (Verbatim: "I had to do them three years early. So normally you would do them in, like, year 10.")
4. Her French is very rusty despite having passed the GCSE. (Verbatim: "French is definitely so, so, so, so, so, so, so rusty.")
5. She wishes she could have learned German, as her father speaks it, but it wasn’t offered at her school. (Verbatim: "Oh, I would have learned German if I could have, but they didn't offer German at my school.")
6. She has a unique British accent that some mistake for Australian, and she was taught to modify it to sound more refined. (Verbatim: "My accent is one of a kind... my parents wanted me to to come across better off than i was.")
7. She was raised to suppress her natural working-class accent to avoid appearing less affluent. (Verbatim: "my parents wanted me to to come across better off than i was... they care very much about image.")
8. Her natural accent involves relaxing her mouth and speaking with minimal movement. (Verbatim: "to do my natural accent is really hard because i actually have to actively relax my mouth...")
9. As a child, a friend destroyed her favorite Pokémon the First Movie poster, which remains a painful memory. (Verbatim: "she like did a tiny tear in it and i got really upset and then she tore it more... i'm still heckin sad it was so cruel.")
10. She deeply loved Pokémon as a child and carried a Pokémon the First Movie VHS everywhere in a tiny backpack. (Verbatim: "i really love pokemon the first movie i really did... i would only keep one thing in this backpack pokemon the first movie.") [end of text]



1. She identifies strongly as British and emphasizes her British heritage. (Verbatim: "i do you say hi i'm british elias no i say hi i'm elias delaria british vtuber part of the data")
2. She was born in Germany and has some Asian parentage, but was raised in England. (Verbatim: "elia was born in germany with some asian parentage" and "although i was born in germany i was raised in england")
3. She holds British citizenship. (Verbatim: "i have british citizenship i have british british citizenship")
4. She jokingly claims to be 50,000 years old, though clarifies it's not true. (Verbatim: "i'm not 50 000 year old it's not possible it's not allowed")
5. She is learning Japanese and finds it difficult, but is making progress. (Verbatim: "still trying to learn how to read in japanese which i'm getting there")
6. She previously took German lessons but fell behind and is not currently studying it. (Verbatim: "it was like a term so i did a term of lessons and then i fell behind")
7. As a child, she wanted to be happy when she grew up, and when prompted for a job, said she wanted to be a Super Saiyan. (Verbatim: "ellie i want to be i want to be happy" and "i want to be a super saiyan")
8. She is part of a group called Videro and plans to travel to Japan with three other girls in October. (Verbatim: "the four of us are going to japan in october")
9. She considers herself a goose as part of her online persona, though playfully denies it. (Verbatim: "you're a goose and that's better" and "i'm not a goose i am stay so stop slipping the fingers")
10. She wants to do a Japanese-only collab stream with her group before or during their trip to Japan. (Verbatim: "we attempt to do a collab the four of us and we can only speak japanese like only speak japanese") [end of text]



1. She previously worked as a teaching assistant for a primary school, assisting children around six to seven years old. (Verbatim: "I was like a what you call it... teaching assistant for like a primary school so we're talking like six seven year olds.")

2. She has a talent for mimicking sounds and communicating playfully with young children, even being told she can "speak minion" with her cousin. (Verbatim: "you're just really good at speaking minion with her... i just reciprocate the noises that she did to me.")

3. She struggles with distinguishing left from right but uses the concept of clockwise and anti-clockwise to navigate directions. (Verbatim: "i don't know left and right i know clockwise and anti-clockwise... north east south west is a clockwise sort of thing.")

4. She attended university in England and forgot to bring her screwdriver one year, forcing her to use a knife for screwing tasks. (Verbatim: "at uni when i was at uni i forgot to bring my screwdriver... whenever i had to like screw or unscrew something i would have to use a knife.")

5. She owns a two-meter goose plushie that is bigger than her and keeps it on her bed. (Verbatim: "i have a two meter goose plush on my bed.")

6. She has multiple large plushies, referring to her collection as "plushie mountain one and plushie mountain two." (Verbatim: "i do have plushie mountain one and plushie mountain two.")

7. She is British and has lived in England her entire life, expressing curiosity about living elsewhere. (Verbatim: "i've always lived in england... it says i'm british unfortunately.")

8. She plans to move out of her current residence in June and is concerned about finding a new place with enough space for future VTubing activities like VR. (Verbatim: "i have to move out of my place in like june... i gotta make sure that wherever i move to i gotta make sure i have like space.")

9. She lacks confidence and expresses low self-worth, questioning why people would want to spend time with her. (Verbatim: "my lack of self-worth oh yes one of my many issues... no i'm just honestly i'm just just thankful enough anyone wants to spend time with me.")

10. She once received around 30 marriage proposals from young students in the form of farewell cards when leaving her teaching assistant role. (Verbatim: "that day I got like I don't know like in 30 30 wedding proposals from a bunch of small children.") [end of text]



1. She has a strong preference for Twitch's "sniffer" emote, calling it her favorite. (Verbatim: "sniffer sniffer sniffer sniffer sniffer I'm sorry youtube no sniffer for you but twitch sniffer sniffer sniffer")

2. Her parents had hoped she would become a doctor, but she became an anime fan instead. (Verbatim: "they were so close to greatness and they were like yes we can finally have our doctor child before she got consumed by anime and became anime girl")

3. She grew up in a household with limited hot water, only 10 minutes at a time, due to a weak boiler. (Verbatim: "we had an issue with our shower where there's only ever 10 minutes of hot water at a time")

4. She has long hair, which makes cold showers especially painful when washing shampoo out. (Verbatim: "i've got long hair and the water is too cold pain")

5. She dislikes being cold and gets cold very easily, sometimes freezing up physically. (Verbatim: "i get cold very easily um i don't like being cold i'm like the kind of person where like... you literally freeze")

6. She went on a school trip in primary school that included surfing, but she was removed from the class due to being too cold. (Verbatim: "i got kicked out of that surf class pretty much even before they could figure out i couldn't really swim because... i was just too cold and ill looking")

7. She cannot swim well and requires floaties for reassurance, though she can "kind of swim." (Verbatim: "i can kind of swim but i like having floaties just for the reassurance that i don't drown")

8. She has almost drowned twice in her life—one time her fault, the other due to someone who should have helped her. (Verbatim: "there are two times where i've almost drowned i really should just not be in the water")

9. She lived in Japan and observed local social behaviors, such as men approaching girls with pickup lines. (Verbatim: "when i was in japan because it's like a thing when like people try out like if guys try to hit on girls they go up and they're like")

10. She uses a blank stare and running away as a tactic when uncomfortable, especially as a foreigner using a "gaijin card." (Verbatim: "look at them blankly run like like what what what just give them a blank look of and then run") [end of text]



1. She often gets lost and is unaware of her surroundings, leading friends to describe her as a "lost sassy child." (Verbatim: "i'm not very aware of my surroundings so like it's more like we gotta guide i go we gotta guide this lost sassy child through life")

2. She has frequently nearly been run over while crossing roads, though she’s never been hit, attributing it to the "hegan universe trying to isekai me." (Verbatim: "the amount of times i've been like i can pulled off the road because i keep getting almost run over is um quite a lot actually")

3. She relies on her hearing to detect oncoming traffic, which may be ineffective against electric cars. (Verbatim: "sometimes i like to be spicy and use my ears which is why i think most of the cars that have almost run me over are electric")

4. She grew up in England, where pedestrians have the right of way and jaywalking is not a concept. (Verbatim: "jaywalking isn't a thing like in england so you just you just you just go onto the road")

5. She tends to take risky shortcuts, such as dark alleyways, believing them to be faster despite others finding them scary. (Verbatim: "yeah girl boss of numerous childhood trauma stories... the fastest way back is through the through an alleyway so shortcuts")

6. She has met several VTubers in person and wonders about their real-life impressions of her. (Verbatim: "i've met quite a few vtubers now like irl and i wonder i wonder what the heck their impressions are like")

7. She describes herself as clumsy and has a habit of walking into walls. (Verbatim: "yeah clumsy and often gets lost")

8. She wants to be seen as a reliable elder sister figure rather than a fragile "baby girl." (Verbatim: "i want to be reliable i want to be i want to be reliable on a son i want to be a reliable reliable elder sister character now")

9. She has a self-deprecating personality and worries she incites concern in others. (Verbatim: "is there ever a story where you're not worried about me like do i just incite worry into into people's hearts")

10. She identifies with cat-like traits, referencing herself as a "domestic house cat" and using "meow" frequently. (Verbatim: "More like a domestic house cat") [end of text]



1. She is British. (Verbatim: "i'm heckin british")
2. As a child, she used to eat large amounts of sugar, including mixing icing sugar with water and consuming it directly. (Verbatim: "do i have time no i need to... like straight up grab a spoon get the icing sugar a bit of water and just eat the whole box")
3. She has a strong liking for golden syrup and would still drink it if available. (Verbatim: "what about the fact i used to just drink golden syrup... i could still drink golden so i could still do that if i had a box of icing sugar and some golden syrup")
4. She used to wish for friends every day as a child, indicating a lonely past. (Verbatim: "the kind of time traveling we're technically time traveling... that used to wish for friends every heckin day")
5. She believes in giving people chances and tries not to judge others, valuing trust and goodwill. (Verbatim: "i like to give people chances you know i like to believe that i like to believe in the good of people")
6. She has a brother, referred to humorously as "Ellie Bro," and has discussed doing a collab with him. (Verbatim: "how am i supposed to do the ellie bro collab... ellie bro collab will be i did try and get it arranged sooner")
7. She played League of Legends and finds it cute, despite others teasing her for it. (Verbatim: "why why why what you got against my league of legends there's a bunch of cute girls in it like i see no issue")
8. She mentions having fans refer to her as "Ellie" or "Elia," suggesting a possible name variation or nickname. (Verbatim: "elia delaria fans that was it... hi ellia how are you doing today")
9. One of her most popular tweets features her thighs, which became a meme and donor goal. (Verbatim: "it's my number one most liked tweet that's my hit tweet... my hacking irl immersion breaking thighs")
10. She has expressed surprise and deep gratitude at gaining 50k fans, reflecting on how far she’s come. (Verbatim: "50k fans and many vtuber friends i'm so happy... little ellie will be so confused and bamboozled by by her future for sure") [end of text]



