1. She identifies as a dorky British anime girl. (Verbatim: "I'm just a dorky British anime girl that wants to bring happy times.")
2. She is deeply committed to her role as a VTuber and loves streaming with all her heart. (Verbatim: "I love streaming and being a vtuber with all my heart and I'm just doing my best to make the world a tiny bit brighter and happier.")
3. She aims to create a comfortable, fun, and kind streaming environment for everyone, including herself. (Verbatim: "I want my streams to be a comfortable and fun space for everyone and that includes me.")
4. She has struggled with parasocial relationships and actively discourages them for the well-being of her audience. (Verbatim: "I've told you guys to not be parasocial with me because i want you to be happy.")
5. She expects boundaries to be respected and finds it uncomfortable when people equate drunk streams with romantic or sexual expectations. (Verbatim: "It makes me sad and uncomfortable that some of you expected my drunk stream to be sussy and demanded an apology because it wasn't a one-on-one drunk date with Elliot.")
6. She has been told she is overly lenient compared to other VTubers and is working on being stricter with boundaries. (Verbatim: "I've been told I'm a lot more lenient than a lot of other people... and I need to be putting my foot down.")
7. She manages her own content and acts as her own manager. (Verbatim: "i'm also my own manager so that's also hacking wild.")
8. She values kindness, compassion, and thinking about others, though she acknowledges it can be taken too far. (Verbatim: "You're also kind and compassionate to a fault. You're always thinking about others, even when you perhaps shouldn't be.")
9. She dislikes toxic behavior and expectations being forced upon her during streams. (Verbatim: "Do not be toxic do not force uncomfortable expectations on me and be kind.")
10. She believes happiness should not depend solely on her and wants her audience to find genuine, independent joy. (Verbatim: "I don't want you to be dependent on me... i want you to be happy and i feel like having that happiness depend on me is not going to truly bring you happiness.") [end of text]



1. Her name is Elia. (Verbatim: "hi it's me ellia")
2. She lived in England as a child and experienced its cultural norms, such as the lack of bidets. (Verbatim: "it was such a big issue in england like it was just pure hysteria")
3. She visited a science museum where she saw a rotary phone on display. (Verbatim: "i went to a science museum and they had the um they had a rotary phone")
4. As a very young child, she accidentally called emergency services (999) while at her nan’s house. (Verbatim: "i was like 999 and then i called and and the magic was someone did answer")
5. She spoke to emergency operators during the accidental call and told them she was bored. (Verbatim: "i was like i'm bored biggest emergency of all time")
6. She used to lack social anxiety as a small child, making her more inclined to interact with strangers. (Verbatim: "back then i didn't have a social anxiety so let's heckin go")
7. She has a grandmother ("nan") who had a landline phone with emergency numbers written on a sticker. (Verbatim: "she had this like she had a landline phone... it had some numbers written on it it had the emergency service numbers like on a sticker")
8. She was fascinated by phones as a young child and curious about how they worked. (Verbatim: "i was really really really little... and i was like oh what's this and i was like oh it's a phone you use it to call people")
9. She once caused her nan to become angry after using the landline to call emergency services. (Verbatim: "that's when my nan snatched the phone... she was so angry she was")
10. She associates Japan with advanced toilets, including bidets and seat warmers, and dreams of owning one. (Verbatim: "if I ever ever ever ever ever hashtag dream of my I think my own place I want a fancy toilet like it was worldwide damn") [end of text]



1. She was very young when she didn’t understand the concept of addresses, indicating she is likely reflecting on early childhood experiences. (Verbatim: "lucky for her i was not i was really really young i like hadn't been taught like addresses yet like we're talking like super young")

2. She attended school in the UK, as she refers to classroom experiences and uses British spelling and context. (Verbatim: "actually i still remember being taught addresses at school like it was in class one")

3. As a child, she believed only one person could live on a given road, showing a childhood misunderstanding of shared addresses. (Verbatim: "you can't live on that road i live on that road... only one of us can live on that road because that's my road")

4. She had difficulty understanding that other children could have the same parent titles (like “mum” or “dad”), thinking those were unique names. (Verbatim: "wait my mum's called mum your mum can't be called mum because my mum's called mum")

5. She recalls being confused when children in her class had the same first name, and they resolved it by using the first letter of the surname like usernames. (Verbatim: "the way that we solved it was just like how you would solve someone with like the same username they just took the first letter of their surname")

6. Her family owned a PS2 Slim, not the original bulky model, indicating her exposure to gaming consoles during childhood. (Verbatim: "my family had the ps2 slim um i believe")

7. She damaged her Nintendo DS by pressing too hard on the screen while playing Pokémon Ranger. (Verbatim: "i may have gone a bit too hard... pokemon ranger i may have gone a bit too hard")

8. She played Pokémon Ranger extensively, particularly struggling to catch legendaries by drawing circles. (Verbatim: "i think i was trying to catch like a legendary and i had to draw so many circles")

9. She never experienced the Xbox Red Ring of Death or PlayStation Red Screen of Death, suggesting she didn’t own those consoles. (Verbatim: "except for i didn't get to experience these so i'm trying to think what like what i experienced was")

10. She remembers a childhood incident where she picked up the phone and caused her grandmother to panic, apologizing profusely to the caller. (Verbatim: "snatched the phone and was like what are you doing... she was like i'm so sorry i'm so sorry i'm so sorry this is my granddaughter she's very stupid") [end of text]



1. She had a childhood experience of inserting Pokémon cards into a computer’s floppy disk drive, believing it would unlock secret games. (Verbatim: "i used to just feed the computer pokemon cards turns out you should not do that that that that can break things")

2. She comes from a family where she has at least one older brother who introduced her to disturbing content like *Happy Tree Friends*. (Verbatim: "my older brother showed me" and "me and my brothers played this a lot")

3. She has a documented history of poor luck (bad RNG) in games, which she describes as a family trait shared with her brothers. (Verbatim: "guess who has similar rng in games surprise surprise my brothers")

4. As a child, she was not heavily supervised online and was allowed freedom to explore the internet, though she didn’t encounter particularly disturbing content. (Verbatim: "my parents were just like go be free go do whatever we're not going to supervise you on the computer")

5. She really wanted a Beyblade as a kid and eventually convinced her mother to buy her a rare red, fire-themed one. (Verbatim: "i really really wanted a beyblade as a kid" and "i got it was red it was like a fire themed beyblade")

6. The day she brought her Beyblade to school for the first time, Beyblades were banned because one had injured a student. (Verbatim: "the day that I took it into school was actually the first day that beyblades were banned")

7. She has a nostalgic connection to Pokémon games on the Nintendo DS and considers them cute despite their sometimes brutal fan interpretations. (Verbatim: "it's such a cute game they have it on the nintendo" and "the pokemon world is ruthless")

8. She played the Pokémon Master Trainer board game with her brothers during Christmas, which became so long and frustrating they just wanted anyone to win. (Verbatim: "we were supposed to play it like after that pokemon game but that pokemon game lasted so long we were like oh god no")

9. She owns but has never opened or played a Pokémon Monopoly set. (Verbatim: "i got given pokemon monopoly as well and i still haven't opened or played it")

10. One of her dreams is to organize a collab in Japan where she gets a group of cute girls to play Beyblade with her. (Verbatim: "i'm gonna do a off collab gather bunch cute girls and then make them play beyblade with me") [end of text]



1. She was not allowed to play with Beyblades as a child because they were banned at her school for being dangerous. (Verbatim: "the beyblades were a risk so I am I never got to you I didn't get to let it rip... beyblades were illegal at school and thus no beyblade for me")

2. Her childhood Beyblade was red, dragon-themed, and she considered it "the coolest thing in the universe." (Verbatim: "I know it was red like it was red fire like it might have been it was like kind of dragon themed honestly it was the coolest thing in the universe")

3. She has an older brother who shares memories of her childhood and with whom she has done a content collaboration. (Verbatim: "I wonder it was a beyblade that was red and a message yo do you remember what beyblade I had as a kid" and "thanks the dinner I'm messaging like my IRL brother I've done a collab with him before")

4. Her parents are no longer together and both gave her nearly identical gifts with the same motivational quote for Christmas. (Verbatim: "my parents are not together anymore... they ended up buying me basically the same present... both had the same quote on it")

5. The quote on both of her Christmas gifts was "sometimes you forget you're awesome so this is your reminder." (Verbatim: "the quote it says is sometimes you forget you're awesome so this is your reminder")

6. She feels her parents and brother are currently in a "feeling guilty" phase and trying to make up for past relationship issues or trauma. (Verbatim: "I think they're all in their um feeling guilty kind of phase")

7. She took on a caretaking or responsible role in her family from a young age, describing herself as "the mother of the family." (Verbatim: "I've always been like um the mother of the family in that I held all the responsibilities the responsibilities yeah I was the responsible one")

8. She enjoys eating a specific type of Pokémon-themed candy with two flavors, particularly preferring the heart-shaped ones. (Verbatim: "I have these little candies these little sugar things that Pokemon peaceful place... I have been instinctively just eating the hearts")

9. She has a strong desire to see or meet a raccoon in real life, especially during her visits to America, but has been unsuccessful despite多次 attempts. (Verbatim: "I want to I really really want to I've tried so hard I need to next time I go America again I will continue my search for the raccoon")

10. She injured her foot while bouldering during a trip to California, which prevented her from going camping, and the injury still occasionally causes discomfort. (Verbatim: "I was actually supposed to do some camping... but I basically kind of um actually I think it's what'd you call it better now I injured my foot... it still hurts a little like if I touch like it bruised") [end of text]



1. She is British and grew up in a village in England. (Verbatim: "do you think the raccoons could tell that i was british" / "this was like in my village where i lived")
2. She encountered a chicken while walking home from school during her time in secondary school. (Verbatim: "i was walking home from school and um i was just walking down this like little street and there was just a chicken just there existing")
3. She once found a chicken on the street and was mistaken for a chicken thief by its owner. (Verbatim: "they thought i was a chicken thief like they straight up were like it's my chicken i'm like oh good great that's fantastic")
4. She has had personal experience with people owning chickens in rural England. (Verbatim: "it's quite common for people to own chickens in england... people will have chickens people just have chickens")
5. She worked with someone on a developer team who had a highly secured chicken enclosure with night vision cameras. (Verbatim: "someone I worked with that was also like in the what is it um developer team... they had the most like extreme hacking security setup for these chickens ever")
6. She has owned cats in the past, including one intelligent cat that refused to chase laser pointers. (Verbatim: "one of my cats was really smart... looked at the laser looked at me and basically just like knew not to chase it")
7. One of her former cats would hunt small animals like birds and mice but bring them home alive instead of killing them. (Verbatim: "the only thing my cat would actually play with was actual real animals that it brought in from the outside... it just brought them in knocked out and was like look a bird")
8. She finds raccoons very cute and is particularly fond of their hands. (Verbatim: "i just like their cute little they're just with their cute little hands and they're so cute")
9. She has seen various wild animals in England, including foxes, hedgehogs, deer, rabbits, and chickens. (Verbatim: "i've run into quite a few animals like i always run into like foxes hedgehogs deer rabbits um i found a chicken once")
10. She played *The Witcher 3* briefly but didn’t get far due to being busy with work at the time. (Verbatim: "i got up to this weird little i don't know if it was a side i think it's a side quest where like this lady is like i need to get my pan and that's it") [end of text]



1. She has visited Japan and eaten various Japanese convenience store foods. (Verbatim: "the main foods i ate in japan last time was egg asando ice coffee and creme brulee ice cream")  
2. She loves creme brulee ice cream available at Japanese convenience stores like 7-Eleven. (Verbatim: "i love love love love love love love having in japan the creme brulee ice cream")  
3. She enjoys melon pan (melon pon) and especially liked a Mount Fuji-shaped version sold at the fifth station of Mount Fuji. (Verbatim: "the best melon pon i had wasn't actually melon pon shaped... they have this little like restaurant which only sells this fuji-san shaped melon pon")  
4. She struggles to finish a whole melon pan because they are too big. (Verbatim: "i struggled to eat a whole melon pon because like they're so big")  
5. She is interested in trying natto again when she visits Japan, despite not having strong feelings about it. (Verbatim: "i'm gonna have to eat natto again when i go japan because i know speaker really wants me to try and have more natto")  
6. She has a habit of learning how to say "chicken" in the local language when traveling to new countries. (Verbatim: "whenever i go visit places i look up the word chicken in in the language")  
7. She has traveled to France and learned the French word for chicken. (Verbatim: "when i went to france i learned you know pure")  
8. She considers herself easily bribed, especially by food. (Verbatim: "one thing you must know about me i'm very easily bribed")  
9. She jokes about being a procrastinator and would delay saving the world if she were a protagonist. (Verbatim: "if i was a protagonist i would still be a procrastinator i would be like oh my god you've got like 60 days to save the world and i'm like so you're saying what like 59 days to relax")  
10. She is interested in doing a room review stream around her birthday in March. (Verbatim: "i was thinking maybe more towards like um birthday or something i might do might do a room review... towards march") [end of text]



1. She enjoys eating energy jellies and relies on them as a convenient, tasty food source. (Verbatim: "i love energy jellies i that was the other thing i lived on... energy jelly is much much younger just tastes like jelly it tastes like jelly")

2. She dislikes foods with grainy or bitty textures, such as huel, coconut, or pulpy orange juice. (Verbatim: "the texture made me really sad it was just too like bitty i don't like bitty tasting things")

3. She strongly dislikes sand due to its coarse texture and the way it ruins food. (Verbatim: "i hate sand it's coarse gets everywhere it ruins the sandwich")

4. She once ate a Fuji-san-shaped melon pan as a snack before climbing a mountain. (Verbatim: "this was the snack that i got for myself before i started my journey up that mountain")

5. She has climbed a mountain, indicating an experience with hiking or outdoor adventures. (Verbatim: "before i started my journey up that mountain")

6. She previously tried Huel, a protein-based instant meal in England, but disliked its taste and texture. (Verbatim: "i've tried instant meals in england we have like um was it like huel... i did not like the taste of it at all")

7. She expresses a desire to buy new clothes, particularly jeans, and would prefer to do so in Japan. (Verbatim: "if i'm going to rebuy any clothes though i'd want to do it in um in japan")

8. She has experienced weight loss, as her jeans no longer fit and have become too big. (Verbatim: "turns out they don't fit me i need to get new ones... now my jeans are too big sad")

9. She finds it difficult to fall asleep despite feeling tired, due to her brain becoming active at bedtime. (Verbatim: "you go to bed and then your brain's like heck yeah wide wake wide wake think think think")

10. She played Magic: The Gathering in the past, though only casually. (Verbatim: "you asked if i played magic the gathering i answered that i did a little") [end of text]



1. Her streaming purpose is to help people who feel lonely and sad, especially those like her younger self. (Verbatim: "I stream for people like little elia like me when i was like younger just sag alone dark room world sucks kind of feeling and wanting to make it feel like we're not so it's not so bad that's all.")

2. She identifies as a family-friendly streamer and emphasizes wholesome content. (Verbatim: "i am the streamer yeah yeah yeah yeah yeah yeah the members post should have been a community one... we have fun but we still are family friendly.")

3. She is British. (Verbatim: "i am british after all.")

4. She dislikes expectations for suggestive or inappropriate content, especially during drinking streams. (Verbatim: "i'm not here to fulfill and in terms of sus i can confirm there were a lot of comments about people expecting me to be sus when drunk and that is yeah i'm not i'm not stupid basically.")

5. When drinking, she becomes protective of others, especially girls, and takes on a "son mode" to prevent them from being taken advantage of. (Verbatim: "i go on a son mode um yeah i go on a son mode that is that is the kind that i am... i will look after them and protect them.")

6. She values clear boundaries and being honest about her limits as a streamer. (Verbatim: "i'll be clear with my boundaries... make it super super super clear.")

7. She used to be quiet in school but now gives off "golden retriever energy" in real life. (Verbatim: "in school I was like you know quiet and whatnot but apparently I give off like golden retriever energy like IRL.")

8. She aims to be authentic, stating she is the same person on and off stream. (Verbatim: "people that like VTubers that have met me IRL notice that I'm literally the same as I am on stream as I am off stream.")

9. She finds it sad when people express hate or dislike, believing indifference is worse than hate. (Verbatim: "the opposite of um the opposite of love is actually indifference... it would make me sad to think that people would waste their energy and time being hateful.")

10. Her favorite date is February 15th, though it is not confirmed as her birthday. (Verbatim: "the only date that I like is february 15th.") [end of text]



1. Her birthday is on February 15th. (Verbatim: "hello hello hello hello the only date that I like is february 15th... mumps it is it is your birthday i got it happy birthday yeah for february 15th")

2. She has memorized many digits of pi, though she used to know even more. (Verbatim: "pie is 3.141592653589793238... i need to bring that out whenever i can... i used to know at least 10 more digits")

3. She struggles with maintaining a healthy sleeping pattern and often streams late at night. (Verbatim: "i need to fix my sleeping pattern guys i need to sleep i need to sleep oh gosh... it's 2 44 a.m that counts as morning right")

4. She identifies as a people pleaser and struggles with anxiety and overthinking. (Verbatim: "i'm an overthinking anxious kind of punk... very very very dedicated people pleaser... i'm really good at overthinking i'm a professional")

5. She values setting firm personal boundaries despite fear of backlash. (Verbatim: "i'm very firm with my beliefs... i will stand firm even if i get things... i stick to my this is my stream i choose my music")

6. She has a habit of using self-deprecating humor when feeling emotionally vulnerable. (Verbatim: "um oh oh oh oh no oh oh no um... quick more self-deprecating humor can cover this")

7. She played in a school band and stayed after school for band practice. (Verbatim: "one time i had to stay after school a bit longer for you know for band or something")

8. She associates certain foods and drinks with her streaming persona or comfort items. (Verbatim: "the elias delarius starter pack socks boobah and antidepressants and some iced coffee and some coca-cola and a chicken burger")

9. She is not Australian and cannot do accents well, despite some viewers mistaking her accent. (Verbatim: "people are gonna confuse me as Aussie I think some people do... no I can hardly speak English or do any accents")

10. She wants her channel to be a fun space, believing that a streamer’s happiness is essential for an enjoyable stream. (Verbatim: "streams where it's very clear that the streamer is not happy are not fun... they come hand in hand people can sense my depression") [end of text]



NO RELEVANT INFORMATION [end of text]



1. She did not have friends in school and did not feel cool. (Verbatim: "i didn't have friends in school i wasn't cool still not cool")
2. She has experience working in office and professional jobs, and distinguishes that persona from her streamer self. (Verbatim: "i do have experience in like offices and professional jobs and fun fact i don't act like a like my stream self when i do this")
3. She worked multiple jobs at the same time while attending university, including retail work in a rough area. (Verbatim: "i was working my three jobs at the same time and it was like very like stressful and i was still like um at uni and stuff")
4. She worked in retail and once walked out of a shift due to a difficult customer. (Verbatim: "i straight up walked out i didn't get fired or anything okay but i was working and i was really tired... i was like absolutely not and then my manager was like where are you going ellie")
5. She finds human behavior frustrating and has a generally negative worldview, despite trying to appear positive. (Verbatim: "i actually am a very negative person... the world sucks world is mean and cruel and unfair")
6. She is an overthinker and experiences anxiety. (Verbatim: "i'm an overthinker and i get anxious")
7. She believes everyone should have to work a customer-facing job to develop empathy. (Verbatim: "i feel like the world does anyone else agree with me on this would you think the world would be a better place if everybody had some experience in like a customer facing job")
8. She worked in shops in England, though she notes Walmart is not present there. (Verbatim: "i've worked shops in like a rough area... we don't have walmart in england")
9. She identifies as blunt and has been told she can seem fragile at times. (Verbatim: "i've been told sometimes i can be really blunt and other times i get told i'm obviously like quite fragile")
10. She values clear boundaries and believes in addressing toxic behavior directly rather than letting it fester. (Verbatim: "you have to address it like yeah cut the root cut the root... don't let it fester don't give it too much spotlight") [end of text]



1. She attended a strict Catholic secondary school where students were expelled for pregnancy and staff were fired for divorce or pregnancy outside marriage. (Verbatim: "i went to a very catholic school... one for getting pregnant without a spouse and one for getting a divorce without an annulment")

2. Her primary school was in a small village and had only four classrooms initially, with very small class sizes. (Verbatim: "my primary school like so i went to a primary school in like a small village and we had we had like four classrooms... some of these years only had like 10 people in it")

3. She transitioned from a very small primary school to a much larger secondary school, which felt overwhelming at first. (Verbatim: "i went from that into a much bigger school um where i was like what you guys have enough classrooms for each year like yo that's wild")

4. She is afraid of butterflies and moths, experiencing a freeze response when encountering them. (Verbatim: "i don't want to move because one thing that i worry about is like even though i'm scared of butterflies and moths and all of that")

5. When scared, her instinctive reaction is to freeze rather than fight or flee. (Verbatim: "i think i've said before fight flight freeze i freeze and um i don't move yeah and i don't want to move")

6. She grew up living with her parents and had interactions with her father about insects in the house. (Verbatim: "this was back at like my parents and i was like father papa ellia help there's a moth in my room")

7. She keeps her hair in a ponytail. (Verbatim: "because i always have my hair in a ponytail so you can imagine like the butterfly like like sitting on top of my head")

8. She has previously mentioned her fear of insects before on stream. (Verbatim: "i think i've said before fight flight freeze i freeze")

9. She expresses strong opinions on social and scientific issues, such as environmental impacts on wildlife. (Verbatim: "the rivers are kind of making the fish into female fish... we need fish gender justice")

10. She is comfortable discussing scientific topics like sexual dimorphism and biological sex determination in animals. (Verbatim: "there's ways to influence it in other species yo fish are so fascinating fish can straight up change gender") [end of text]



1. She once had a traumatic experience where her long hair wrapped around her neck while sleeping, causing her to choke. (Verbatim: "my hair which was I was being allowed to grow out for a bit um wrapped itself around my neck in the night and I was choking")
2. As a result of the choking incident, she was made to keep her hair short for a long time afterward. (Verbatim: "and then onward I was made to have short hair for quite a while")
3. She has experienced recurring nightmares involving being killed and waking up terrified, possibly linked to past trauma or her childhood environment. (Verbatim: "recurring nightmares um nightmares that involved a lot of getting unalived and waking up um terrified")
4. She lived in a house that her mother believed was haunted, partly due to it being unusually cheap and associated with the previous owner’s death. (Verbatim: "mama elia strongly believed that it was um yeah because she said there was a ghost that lived there")
5. She once dealt with a severe moth infestation, counting and killing 50 moths that entered through a vent in her small, moldy room. (Verbatim: "the maximum number of moths i got to because i counted i counted i counted um it got to 50")
6. She refers to her mother as "Mama Elia" and has a habit of humorously referencing her mother’s superstitions. (Verbatim: "mama elia strongly believed that it was um yeah because she said there was a ghost")
7. She identifies as Asian and has been compared to the girl from *The Ring*, which she found potentially racist given she was the only Asian girl people knew. (Verbatim: "is this racist cuz like I'm the only heckin like Asian girl they know")
8. She was a quiet, socially isolated child in school, often described as weird and friendless. (Verbatim: "I was just like the super quiet kid in class the was weird and didn't have any friends")
9. The anime *Kimi ni Todoke* (To Me) holds deep emotional significance for her and has made her cry multiple times upon watching and rewatching it. (Verbatim: "an anime that's really close to my heart is um kimi ni to doke and that's why I remember I when I first watched kimi ni to doke I broke down so hard")
10. She prefers having long hair despite the choking hazard, stating “long hair is fantastic” aside from that risk. (Verbatim: "I like having long hair minus when it tries to strangle me in my sleep other than that long hair is fantastic") [end of text]



1. She typically sleeps about 13 hours a day. (Verbatim: "i had about 13 hours sleep i would say um no tiktok just kept recommending me the usual")

2. She struggles with restless leg syndrome, which causes her legs to shake frequently. (Verbatim: "i have restless leg syndrome by the way... leg shaking i'm permanent leg shaker")

3. She drinks Coca-Cola regularly and refers to it affectionately, though acknowledges it may contribute to dehydration. (Verbatim: "it's a judah coke absolutely not cola would never ever ever ever ever ever ever ever betray me")

4. She frequently uses TikTok, which often recommends her content related to ADHD, autism, depression humor, and Asian mom experiences. (Verbatim: "tiktok just kept recommending me the usual um so um yeah it's the oh my god put a finger down adhd edition put a finger down autism edition")

5. She identifies with or suspects she may be on the autism spectrum, referencing "tism talk" and repeated algorithmic targeting. (Verbatim: "if i ended up on this side you're on you're on tism talk and i'm like why am i here why is this how does this keep happening")

6. She has experience dealing with difficult people, comparing it to working in retail with demanding customers. (Verbatim: "i've actually had people come to me for advice on like how i deal with like demanding people... imagine you're working in retail again and you have that customer")

7. She finds communication difficult and is nervous about expressing herself due to the risk of being misunderstood. (Verbatim: "not very good with words words communicating is difficult because at the end of the day you can take you can technically take any sentence anything that anyone says and take it in a twist")

8. She is British, as she mentions being a "weird British girl." (Verbatim: "you've been recommended some weird British girl oh dear")

9. She enjoys receiving support from her community and finds it meaningful, especially given how fragile support can be. (Verbatim: "it does mean it really does mean a lot because it's kind of like it's weird to think that um was it the fragility how fragile some people's support can be")

10. She is not good at deception-based social deduction games like Among Us or Goose Goose Duck. (Verbatim: "i think you guys have seen me try and play like among us or goose goose duck or lockdown protocol i'm awful i'm straight up a terrible terrible terrible villain") [end of text]



1. She identifies as British and jokes that British people make the best villains. (Verbatim: "everyone knows british people make the best villains oh yes absolutely it's because we sound like...")
2. She frequently gets lost in real life, even when others assume she knows where she’s going. (Verbatim: "i'm like no i've what i i can confidently walk in a direction that yeah where are we dropping boys")
3. She has visited Japan multiple times and gets lost there often, sometimes needing help from a friend named Ruby. (Verbatim: "you can ask ruby like every day was just like her getting a message from me being like hey i got lost again help help i'm lost")
4. She has a calm demeanor that others notice, even when she internally feels panicked or in shambles. (Verbatim: "i've been told i'm quite calm even when i don't think i'm calm")
5. When scared in games, her reaction is polite pleading rather than screaming, which she attributes to British behavior. (Verbatim: "whenever i get like attacked in game i'm like no sir please don't do this sir don't do it sir sir sir please stop")
6. She believes she lacks social intelligence and attention, often forgetting to check basic things like if her phone is charging. (Verbatim: "socially i believe i lack in the in that department" and "can confirm i lack in the attention department")
7. She jokes about being “stupid” and collects different forms of stupidity like Infinity Stones to snap away half her intelligence. (Verbatim: "i'm collecting all the forms of stupidity like they're hacking infinity stones and i'm gonna put them all in this gauntlet")
8. She sometimes feels like a mess internally while appearing composed externally, referencing the “I’m fine” meme. (Verbatim: "they don't know i'm actually a mess on the inside yeah they don't know uh insert internal screaming")
9. She has a habit of accidentally leading groups despite having no idea where she’s going. (Verbatim: "they're like oh when are we getting there and i'm like getting getting where i don't know where i'm going")
10. She associates Britishness with polite savagery—sounding polite while delivering cutting remarks. (Verbatim: "possible to sound polite while being a savage are they it's quite an art") [end of text]



1. She struggled with attention during her time as a student. (Verbatim: "you'd think with like how long i like was a student for i'd be able to pay attention to something")
2. She finds British three-pin plugs particularly painful to step on, more so than LEGO. (Verbatim: "on a scale of one to lego this is like more painful than lego i would say to step on one of these truly truly hurts")
3. She has expressed a desire to learn how to juggle but lacks hand-eye coordination. (Verbatim: "yeah i would say i'd put them in that order um yeah no because like you don't bleed from the uh from the lego and the and the three pin")
4. Her mother can juggle, which inspired her interest in learning. (Verbatim: "my mother can juggle and she used to always just like oh i don't know i don't have the hand-eye coordination maybe")
5. She attended university and studied a field involving computational science or computer science. (Verbatim: "yeah i had to use it a lot at uni um yeah linux linux linux linux")
6. She frequently used Linux during her university studies, especially for computational tasks. (Verbatim: "you have to pretty much use that if you do any sort of like um computational science for sure like you are not getting through cop sci without without using that")
7. She has experience with dual-booting systems, likely related to using Linux. (Verbatim: "the double boot the")
8. She owns both a desktop PC and a laptop, and has encountered issues with Windows power settings. (Verbatim: "it's a tower it's like an actual plugged in pc" and "i had to make sure i changed all those settings on my on my laptop")
9. She is aware of phone battery health and checks it on her Apple device. (Verbatim: "on apple you can check battery health and check the percentage of its health")
10. She jokes about her life being in shambles, indicating a self-deprecating view of her organizational habits. (Verbatim: "you think my pc is in shambles you should see my life") [end of text]



1. She studied computer science and had to use Linux for tasks like dual-booting and partitioning laptops. (Verbatim: "getting through cop sci without without using that like i had to use it my penguin the penguin thing... the double boot the partitioning yeah i had to do that to the laptop")

2. She previously had access to a campus high-performance computing (HPC) cluster, which required using Linux to operate. (Verbatim: "when i had access to the super computer or like the hpc whatever you want to call it you can only operate it through that... you need it when using campus hpc clusters")

3. She currently uses Windows as her operating system. (Verbatim: "but currently i'm using windows just because it turns out there's like another cola")

4. She has a strong preference for Coca-Cola, frequently consuming it and referring to it affectionately. (Verbatim: "coca cola my beloved it's so yummy")

5. She is a fan of the Ace Attorney video game series and was deeply obsessed with it, creating fan content like original cases and characters. (Verbatim: "i was so obsessed with the ace attorney games it was ridiculous like i was making like my own little fan cases and my own ocs and my own versions of the game")

6. She is a fast reader, especially when playing story-heavy games with a lot of text. (Verbatim: "when i play those kind of games that have a lot of reading i'm a very um a very fast reader like super fast i'll just be hitting speed clicking through it")

7. She owns a Nintendo 64 controller, indicating an interest in retro gaming. (Verbatim: "we've got my nintendo 64 controller")

8. She owns self-help or humor books, including "Go the F*** to Sleep." (Verbatim: "we've got my go the f to sleep book here")

9. She takes iron tablets, which may indicate a health routine or dietary need. (Verbatim: "got some iron tablets")

10. She acknowledges having a messy workspace habit but expresses intention to clean it, suggesting a self-awareness of disorganization. (Verbatim: "i will try i will try and clean my desk not right now maybe in the morning") [end of text]



1. She loves playing League of Legends. (Verbatim: "i love league of legends")  
2. She studied biochemistry, then switched to biology, animal biology, and later computer science. (Verbatim: "i did biochem for a bit um and then i swapped to just biology and then i swapped to animal biology and then i went over to computer science")  
3. She took a university module on poisons and found it fascinating. (Verbatim: "don't ask why i did a module on poisons i was just fascinated by it")  
4. She has an interest in advertising and finds commercials a fascinating form of media. (Verbatim: "i find adverts a really fascinating form of media like yeah i want to see the difference")  
5. She once genetically modified a plant in a lab to have a three-pronged fork instead of a regular fork. (Verbatim: "all i did was play with its genes so that instead of a fork it would be a three-pronged fork")  
6. Genetically modified organisms (GMOs) created in class had to be destroyed afterward. (Verbatim: "we did have to burn them afterwards")  
7. She references creating “elite copium,” a fictional high-grade coping substance, as part of her humor and persona. (Verbatim: "it's copium of the highest quality premium grade copium elia grade copium")  
8. She previously did an eye-tracking stream and still has the equipment set up. (Verbatim: "yeah my eye tracker i do have that still set up and everything")  
9. She once accidentally created a fruit fly (Drosophila) with abnormally long legs while attempting to engineer paracetamoid resistance. (Verbatim: "oops i made a drossophila with abnormally long legs when trying to make paracetroid resistance")  
10. She finds the topic of dosage and toxicity in poisons scientifically interesting, noting that everything can be a poison in the right dose. (Verbatim: "everything is a poison in the right dose at least that's what i learned when i was doing a um module on poisons") [end of text]



