NO RELEVANT INFORMATION [end of text]



1. She once wanted to be a ballerina but never took ballet classes due to the cost. (Verbatim: "I did want to be a ballerina but... no because ballet classes are expensive so I never go to do ballet classes.")  
2. She has small feet and can fit into children's shoe sizes, specifically UK size 4. (Verbatim: "my feet are small so... I can buy children's shoes because of my size sometimes.")  
3. She is an adult, not a child, despite her small size. (Verbatim: "am I a child no I'm an adult.")  
4. She has a background in computer science and was expected to pursue a PhD. (Verbatim: "our little comp sci PhD student has really changed path.")  
5. She is dexterous with her feet and believes she could unscrew a bottle with them. (Verbatim: "can I unscrew a bottle yeah I probably could I think I'm pretty dexterous with my... feet.")  
6. She enjoys playing DDR (Dance Dance Revolution) and loved it in the past. (Verbatim: "yo ddr I love ddr though ddr was such like a... I loved ddr for sure.")  
7. Her favorite colors are pink and purple. (Verbatim: "I really like the color pink I also really like the color purple.")  
8. She is working on releasing singing covers and has them in the works. (Verbatim: "I have covers in the work I have a lot in the works.")  
9. She does not want to be known as a "foot VTuber" and fears it could become her legacy. (Verbatim: "I don't want to get known as the foot tuber... this is not my legacy.")  
10. She made a bet that she would show bare feet if she reached 200,000 YouTube subscribers, which she considers unlikely. (Verbatim: "the stupid bet that I made... was at 200k subscribers... bare feet yeah... that is like a million miles away.") [end of text]



1. She is British. (Verbatim: "I would not pretend to be British, mate.")
2. She has tiny feet. (Verbatim: "I have tiny feet I do I do I do I do")
3. She speaks Japanese to some degree. (Verbatim: "oh my Japanese is put on Arigato nihongo jousu né nihongo jousu desu ne desu ne desu ne")
4. She was worried about being mocked for her feet. (Verbatim: "I was genuinely so worried about this dream just because I thought you might all be mean about my feet")
5. She does not want to be known as a "foot tuber" or associated with foot content. (Verbatim: "i don't want to become the foot tuber like we just got to sneak by")
6. She refers to her streams as "zatsu" or casual/random content. (Verbatim: "regular regular zatsu regular zatsu")
7. She owns many socks, including thigh-high socks. (Verbatim: "yeah these are thigh high socks like yeah i mean i did buy a lot of socks")
8. She is not muscular and describes her legs as "squishy". (Verbatim: "i got squishy legs because i'm not very heckin muscular")
9. She participated in a "Feet Friday" stream due to a bet, not personal interest. (Verbatim: "what compelled me to do this stream a bet a bet compelled me")
10. She dislikes being algorithmically recommended or gaining attention from unintended audiences. (Verbatim: "i don't want to get algorithmed") [end of text]



1. She has a British accent and claims to be from Britain, though she jokes about it. (Verbatim: "I speak well, but I'm actually from farmer, I can, I have a farmer accent, that's my natural accent.")
2. She is half Asian, a fact she mentions casually during the stream. (Verbatim: "Oh dear, well technically I'm half... I'm half Asian yeah, so yeah.")
3. She tries to hide her natural British accent when streaming. (Verbatim: "But yeah, so I try to hide my, my, my natural British accent.")
4. She lives alone, which allows her to do unusual or silly streams without being judged in person. (Verbatim: "good thing I live by myself then ha ha this is what you can do when you live alone guys not get judged except for by all the people on the internet.")
5. She expresses a desire to make people happy through her streams. (Verbatim: "I just want to make people happy yeah I just want to make people happy.")
6. She has been streaming on Twitch for at least five months as of this stream. (Verbatim: "thank you for the 5 months on Twitch, thank you very much, I love you.")
7. She owns a mini keyboard, specifically a small-sized one. (Verbatim: "This is a mini, mini, mini keyboard.")
8. She does not want to become known as a "sock reviewer," rejecting it as a potential niche. (Verbatim: "I don't want to become a sock reviewer.")
9. She jokes about setting an impossible auction price for her socks, suggesting 10k as a minimum. (Verbatim: "minimum 10k, babe.")
10. She denies being part of a cult, repeatedly emphasizing that her community is normal. (Verbatim: "We're not a cult. We're not a cult. We're not a cult.") [end of text]



1. Elia Stellaria's origin story is that she is a celestial messenger who came to Earth to deliver letters of comfort but was hit by an "isekai truck in the sky," reincarnated as a British girl, and regained her powers by finding her "magic banana." (Verbatim: "my law is that i'm a celestial messenger that brings letters of comfort to people then realized people don't really read letters now so then decided to come down to earth to use the internet but on my way down to earth i got hit by an isekai truck in the sky and then i got reincarnated as a british girl and then i found my my celestial powers back by finding my magic banana")

2. She identifies as British, having been reincarnated as a British girl in her lore. (Verbatim: "got reincarnated as a british girl")

3. Her current role is that of a celestial messenger who uses the internet to connect with people. (Verbatim: "decided to come down to earth to use the internet")

4. She refers to herself humorously as the "first goose VTuber" and references a fictional "Goose Bible" with mock religious reverence. (Verbatim: "first goose vtuber" and "honk chapter 5 verse 22 what in the goose bible is this")

5. She has a self-proclaimed principle that life is short, so one should have fun without hurting anyone. (Verbatim: "life is short okay life is short have fun have fun not hurting anybody we're good")

6. She owns a keyboard that was a gift from her mother, which lacks a number pad, and she keeps it out of sentimental value despite missing the number pad. (Verbatim: "this was a present from my mother so i felt bad i don't want to replace it")

7. She mentions having a collab with her brother, referred to as "Ellie bro," indicating a familial relationship and collaborative content. (Verbatim: "collab with my brother we'll have the ellie bro reveal")

8. She claims to have "toe wiggle like things," suggesting expressiveness or dexterity with her toes as a noted trait. (Verbatim: "i have toe wiggle like things right")

9. She denies creating recurring weekly themes like "Feet Friday" or "Socks Off Saturday," but the joke is repeatedly referenced by chat. (Verbatim: "we don't we don't we don't you you lie for oh gosh okay")

10. She expresses discomfort at being objectified or "collected like a puzzle," emphasizing her identity as a VTuber, not a "Feetuber." (Verbatim: "don't think you can bamboozle me guys feet tuber no vtuber vtuber not feet tuber") [end of text]



1. Elia has small feet, which she has never lied about. (Verbatim: "elia has the short feet foretold in the legends" and "honestly i'm glad i've never lied about my foot size")
2. She expresses embarrassment when showing her feet or ankles during streams. (Verbatim: "i'm dying of embarrassment right here" and "this isn't a leg reveal this isn't a leg reveal this is this is just my feet slash ankles")
3. Her family occasionally watches her streams. (Verbatim: "can i know does my family watch my stream my family is gonna be on this stream later tonight")
4. She is self-conscious about chat looking at her toenails. (Verbatim: "what do you try to look for my toenails for look away look away")
5. She refers to herself as being in a constant state of blushing. (Verbatim: "i am in a constant state of blush i i literally am i i genuinely genuinely genuinely am")
6. She considers herself not a goose, rejecting the idea of "Goosellia" lore. (Verbatim: "there's no lore because i'm not a goose")
7. She jokes about potentially doing a recurring "Foot Friday" stream with guests. (Verbatim: "i should do it" in reference to "imagine if i had like a regular a regular foot friday and i had guests come on")
8. She mentions wearing thigh-high socks during streams. (Verbatim: "these socks go all the way up to the middle of my thighs")
9. She implies she might consider appearing at the UK VTuber Expo. (Verbatim: "can we meet the feet at the uk vtuber expo i'm almost tempted i'm almost i'm almost")
10. She values creating fun, silly memories with her audience. (Verbatim: "i just want to say thank you for being the kind of goose who goes out of a comfort zone to do silly things like this to make fun memories") [end of text]



1. She refers to her fans as her "feettuber home," suggesting a thematic or community identity centered around feet content. (Verbatim: "I'm glad I found my feettuber home.")
2. The decision to show her feet on stream originated from a joke or bet that became real, not a planned content strategy. (Verbatim: "Well, I didn't decide to show feet, did I not create the goal out of a joke? A joke that became real, a bet that was met.")
3. She emphasizes that her feet are part of her and not separate sentient beings, despite playful chat suggestions. (Verbatim: "They're not separate beings to me, they're my feet. It's me, punk.")
4. She has a self-described tendency to go far outside her comfort zone for her audience. (Verbatim: "I'm so out of my comfort zone.")
5. She identifies as a "lady of my word," indicating a personal value of keeping promises. (Verbatim: "I'm a lady of my word, okay?")
6. She dislikes the phrase "spreading the piggies" and finds it weird. (Verbatim: "Why? I don't like that phrase. It sounds weird.")
7. She has a playful fictional persona involving geese, referencing goose feet and their functionality. (Verbatim: "Do you know, goose feet are more than just adorable and good for waddling around. They're versatile and incredibly useful to goose.")
8. She claims anime girls don’t sweat, humorously denying experiencing sweat despite being an anime-styled VTuber. (Verbatim: "Yeah, I've never sweated in my life.")
9. She values modesty and dignity, refusing to remove her socks on stream even under pressure. (Verbatim: "No, I have my modesty and dignity to maintain here.")
10. She jokes about needing permission from a pastor or priest for certain actions, implying a humorous or fictional association with Catholicism or religious rules. (Verbatim: "I'll ask my pastor if I can do it. I'll get permission from my pastor a local priest.") [end of text]



1. She identifies as a cat. (Verbatim: "I'm a cat. Meow.")
2. Her feet are named Leftaria and Rightia. (Verbatim: "It's Leftaria and Rightia. Leftaria and Rightia.")
3. She is flexible and can use her feet to open and lock doors. (Verbatim: "I can open doors with my feet... Yeah, just like when your hands are full and you want to open the door, you just lift your leg and then you open the door.")
4. She expresses herself with her feet and has been told she is expressive with them. (Verbatim: "I mean, people have been saying I'm really expressive with my feet, but I don't know what that means, so...")
5. She does not have smelly feet and denies any odor. (Verbatim: "I don't have smelly feet.")
6. She references having a dream about shortening a stream but extended it due to audience interaction. (Verbatim: "I had a dream. I was going to do it, but you guys said no.")
7. She finds humor and entertainment in absurd or playful concepts, such as "Irish handcuffs" (drinks in both hands). (Verbatim: "I got them Irish handcuffs on, guys.")
8. She embraces philosophical or poetic ideas, such as "If I am my foot, I am the sun," interpreting it as a metaphor for interconnectedness. (Verbatim: "It's a way to show that everything in the universe is connected and the concept of self can be more fluid than one might think.")
9. She dislikes saying goodbye and avoids using the word "bye-bye." (Verbatim: "It's not a bye-bye because I don't like bye-byes.")
10. She refers to herself humorously as not being a "feet tuber" or "Toshi," indicating awareness of audience jokes about her content. (Verbatim: "I'm not a feet tuber. I'm not a Toshi.") [end of text]



NO RELEVANT INFORMATION [end of text]



