1. She has flat feet due to a short ligament in her foot. (Verbatim: "it's too short so so I think yeah yeah yeah yeah although like my foot does have a curve it's technically flat feet and that it just like kind of goes down because the ligament's too short or something or something")
2. She developed tendinitis during school while playing netball as team captain. (Verbatim: "I got tendinitis when I was having like um back in school I got tendinitis and the doctor was like Elia Elia no exercise and I was like hmm but I'm playing netball and I was team captain")
3. She created an anime-style biology teaching game to help with her studies. (Verbatim: "I actually made a um biology an anime biology teaching game yeah")
4. She lost a significant amount of work when her laptop died unexpectedly. (Verbatim: "that laptop just full-on died it and then i lost everything it lost everything got nothing just just it was all gone it was just gone like all all of it gone the whole thing")
5. She learned the importance of backing up files after losing her game project. (Verbatim: "the lesson of if you have any kind of big project back it up back up the files i beg you back up the files")
6. She has experienced power cuts in student halls due to using the oven clock. (Verbatim: "it would just like cut the power but they didn't care")
7. She has a habit of drinking Coca-Cola and keeps multiple cans on her desk. (Verbatim: "I made sure to stock up on Coca-Cola. We gotta play our game of how many Coca-Cola cans are on Ellia's desk today?")
8. She enjoys making and consuming high-protein milkshakes, specifically white chocolate flavor. (Verbatim: "A white chocolate flavor high protein milkshake.")
9. She has a history of being trusted with a paper guillotine in primary school. (Verbatim: "I was the guillotine girl. I remember I had special responsibility.")
10. She has a fictional identity as a celestial messenger who has not yet regained her wings. (Verbatim: "I am, although full of energy, physically I am deaded, oh my goodness. So, I spent yesterday walking, walking, trekking, trekking? Walking.") [end of text]



1. She created her VTuber persona with a name that was originally going to be "Stellaris" but changed due to copyright concerns. (Verbatim: "originally it was gonna be like stellaris and then i was like no wait that's a game i can't yeah")
2. She put significant effort into developing her VTuber identity, working intensely for several days to finalize her branding and content. (Verbatim: "i genuinely was me working my butt off for them like six days yeah")
3. She is a procrastinator who thrives under pressure, believing she performs better when facing tight deadlines. (Verbatim: "i thrive under pressure like anyone that's a procrastinator")
4. She has a long-standing habit of watching entire anime or series in one sitting due to the urge to "just finish one more episode." (Verbatim: "i remember my main thought when i was a student was like um i can't wait to get my exams out the way so i can play games without the guilt")
5. She has played League of Legends for a long time and has never uninstalled it from her computer. (Verbatim: "i'll be honest i still have this league of legends on my pc i've never uninstalled it ever so")
6. She reflects on the emotional toll of losing multiple games in a row in League of Legends, describing it as an "awful day." (Verbatim: "i remember that one day i procrastinated play legal day and lost 20 games in a row that was an awful day")
7. She values self-kindness and believes people should be kind to themselves, especially when struggling with self-worth. (Verbatim: "being kind to yourself is important and i think that's good because like i feel like saying be kind to yourselves a lot better than saying i mean hmm")
8. She believes in karma and finds irony in wishing bad karma on others, as it may lead to receiving it oneself. (Verbatim: "if you wish bad karma on somebody then you would get bad karma yourself for wishing bad karma on others")
9. She emphasizes empathy and acknowledges that one cannot fully understand another person’s hardships or experiences. (Verbatim: "you don't know people's hardships and it's impossible to fully imagine somebody's full life")
10. She references the philosophical concept "I think, therefore I am" and connects it to the idea that only one’s own thoughts are certain. (Verbatim: "i think therefore i am is the philosophical thingamajiggy") [end of text]



1. She has a habit of having creative thoughts at 4 a.m. (Verbatim: "most of my ideas come at like 4 a.m.")  
2. She frequently experiences insomnia and writes ideas down at 2 a.m. or 4 a.m. (Verbatim: "I'll either struggle to sleep and then write it at like 2 a.m or I wake up at 4 a.m and then I think of something")  
3. She has a strong mental focus on improving content for her audience, often thinking about it constantly. (Verbatim: "my brain just thinks 24 7 about how to make things good for you all")  
4. She keeps a notebook to record ideas she can't retain in her mind. (Verbatim: "I've been writing out a big notebook of all the things I want to do")  
5. She has participated in a survival-style outdoor challenge in a jungle environment. (Verbatim: "oh yeah you should have seen ellie in the jungle")  
6. She found the jungle trek physically demanding due to long walking distances and lack of safety gear. (Verbatim: "it was like oh it's a four to five hour walk there and a four to five hour walk back")  
7. She avoided grabbing a thorny vine while navigating a slippery ledge in the jungle. (Verbatim: "I avoided the vine with my tiny fingers")  
8. She has strong finger strength developed from years of playing video games. (Verbatim: "all them years training playing video game came in handy from strong finger hand time power")  
9. She was chased by a giant monkey in the jungle due to fruit attracting wildlife. (Verbatim: "it went after the fruit that was in the kitchen area and it was like ah ah")  
10. She once attempted to scare off the monkey by making loud noises with wood. (Verbatim: "we found like some wood and just went like that as loud as we could") [end of text]



1. She was frequently told to "shut up" by her parents during childhood. (Verbatim: "As someone who was raised always being told to shut up by her parents")
2. She believes her voice may have been perceived as annoying due to being told to be quiet often. (Verbatim: "It means a lot that you all actually don't mind me speaking / I always thought I must have had quite an annoying voice")
3. She struggled with social communication in school due to being an introvert and overthinking. (Verbatim: "I was mostly mute because I just overthought everything that I was gonna say")
4. She experienced difficulty speaking in conversations because she would overanalyze her words and reactions. (Verbatim: "by the time I thought of what I was gonna say the conversations would have moved on")
5. She continues to struggle with overthinking after speaking, often replaying conversations in her mind and cringing. (Verbatim: "that night actually like think back to everything I said and then cringe at myself")
6. She has a tendency to overanalyze how others might interpret her words, even when her intentions are good. (Verbatim: "I just lie there like oh gosh I'm so stupid / okay brain's like okay it's time to run through everything you did wrong today")
7. She has a habit of mentally reviewing her day’s interactions and worrying about miscommunication. (Verbatim: "I have to convince myself to be like okay have to remember ellia I can't go back and change those conversations")
8. She values kindness and good intentions as guiding principles in communication. (Verbatim: "to always go forward with good intentions was was the kind of thing I had to like remind myself")
9. She once had a painful 50-minute walk after being misled about the distance to a food place. (Verbatim: "google maps says it's over 50 minutes like five zero like excuse me")
10. She has a chibi design as a PNG file that she plans to share with fans when monetized. (Verbatim: "I have a chibi as a png / when I get monetized you will get the chippies") [end of text]



1. She has a fictional backstory involving reincarnation from being a celestial messenger in the stars. (Verbatim: "maybe you knew me when i was a celestial messenger back up in the stars before i tried to come down to earth and and got reincarnated maybe maybe")
2. She is working on creating a reference sheet for her VTuber model design. (Verbatim: "i'm still working on getting an actual reference sheet yeah i haven't but but i can try")
3. She has commissioned artwork for her VTuber persona under the alias "stelartia". (Verbatim: "i've commissioned some nice art for you all yeah and then yeah i need to get a reference sheet though")
4. She has a recurring theme of a "magic banana" that she keeps in her hair buns. (Verbatim: "they're a very required feature of my head if you unlock my buns you'll find mini bananas")
5. She enjoys banana-themed foods, including banana buns and banana bread. (Verbatim: "if it's like banana bread i'd like that please")
6. She has a fondness for the game "Punk" (likely referring to "Punk" or "Punk: The Game"), which she plans to play in a future collab. (Verbatim: "it's a fun little game i don't know if anyone will know it but i think it's a fun little game")
7. She has a preference for cheese and jam sandwiches, though she hasn't tried marmite or Branston Pickle. (Verbatim: "cheese and jam i've never heard of that i could maybe i could maybe get it if it was like sweet chili")
8. She is interested in game development and plans to create a free game when she has time. (Verbatim: "game development funds no no funds needed it'll be free game and develop just when i'm find some time")
9. She has a habit of storing small snacks, particularly mini bananas, in her hair buns. (Verbatim: "they're not removable that's where i store mini bananas")
10. She has a strong emotional connection to her fans, referring to her debut as a deeply meaningful experience. (Verbatim: "to be an oc is to be truly truly truly truly an honor so so i got i i will do my bestest to be the bestest oc for you") [end of text]



1. She believes she was reincarnated as a half-British, half-Asian girl after falling from the sky and being unalived. (Verbatim: "I got reincarnated as a half-British, half-Asian girl and was like... Yabba! I can send my messages!")
2. She was a celestial messenger who traveled to Earth and fell, which caused her to be unalived. (Verbatim: "You weren't celestial messengers that traveled to Earth and tripped on air and then fell.")
3. Her primary motivation is to make people happy and bring them joy. (Verbatim: "All I want to do is make people happy. And I don't think that's a bad thing to want to do.")
4. She values emotional support and believes her audience deserves love and care. (Verbatim: "The fact that you're all here and you're all getting through all the tough things in life... you deserve all the love and support.")
5. She has a childhood memory of being excited to see a bunny rabbit, posing in a strange way. (Verbatim: "It's just me next to this bunny rabbit like sort of just like doing this weird pose towards it and I don't know why I was just really excited to see this bunny.")
6. She has a baby passport photo from when she was about six months old, which she finds confusing and sad-looking. (Verbatim: "I look very sad... I look confused and sad.")
7. She has a baby photo where she appears to be smiling, which she describes as looking like a dork. (Verbatim: "I look like a dork in my baby passport picture.")
8. She has a strong dislike for game monetization models that involve multiple paid tiers. (Verbatim: "I don't like that kind of stuff. So no, it's going to just be free.")
9. She believes bananas can bounce and jump, attributing this to magic rather than logic. (Verbatim: "We'd all just accept collectively that bananas can jump. And that bananas can bounce.")
10. She finds it difficult to find the right word for "nutritionized" and settles on "nourished." (Verbatim: "Nourished! That's it! Thank you. Thank you.") [end of text]



1. She has a strong belief in kindness despite being told the world is unfair since childhood. (Verbatim: "that the world is unfair and i was like i don't know i've been told that since i was like three")
2. She values appreciation for what she has and believes in being kind as a response to life's hardships. (Verbatim: "that's all the more reason to be kind")
3. She is working on improving her singing skills. (Verbatim: "i was working on the singing i'm working on the singing")
4. She plans to have a major debut event after a preparation period of several months. (Verbatim: "it takes a while but yeh wah wah soon tm tm trademark")
5. She has not yet reached her final form and currently uses stick-on wings. (Verbatim: "i haven't reached my final form yet when i do i will be able to gain the power of light")
6. She envisions her final form granting her the power of light. (Verbatim: "when i do i will be able to gain the power of light")
7. She identifies as a magical banana girl and enjoys the concept of being a magical girl. (Verbatim: "i'm a magical banana girl magical girl magic magical banana")
8. She does not consider herself a fighter or superhero in the traditional sense, preferring a support role. (Verbatim: "i'm much more of a support kind of player")
9. She dislikes the idea of being a villain and believes villains see themselves as heroes. (Verbatim: "a villain is a hero in their own mind right it's like from their perspective the other person's the villain kind of deal")
10. She has difficulty distinguishing between similar concepts, such as ripe and unripe, left and right, or 6 and 8. (Verbatim: "Is ripe or unripe? Unripe. Ripe? It's like lefts and rights.") [end of text]



1. Her birthday is March 7th. (Verbatim: "Yeah, March 7th.")
2. She finds it emotionally difficult to acknowledge her own birthday because she feels it takes attention away from her viewers' special days. (Verbatim: "I feel bad if I take a day because it's about you guys.")
3. She experiences difficulty distinguishing between left and right. (Verbatim: "Mostly lefts and rights I get mixed up.")
4. She has previously eaten unripe fruit and experienced stomach discomfort as a result. (Verbatim: "I've eaten unripe fruit and had a bad belly from it, so... hehe, hehe, hehe...")
5. She is aware that the number 88 has a negative connotation in certain online contexts, though she is unsure of the exact meaning. (Verbatim: "I still don't understand what is sus about 88... I'll leave that for now.")
6. She is planning to play League of Legends again and is concerned about being rusty due to not playing in a while. (Verbatim: "I do plan to play league of legends I just want to get slightly less rusty.")
7. She has a tendency to wink frequently, though she does not know why. (Verbatim: "Why do I wink so much I don't know why.")
8. She finds the concept of "infinity plus two" to be illogical and impossible. (Verbatim: "There's no such thing as infinity plus two no that's illegal.")
9. She enjoys expressing affection and gratitude toward her viewers, often referring to them with emotional warmth. (Verbatim: "I can't help the love you the devil ready... I think that's okidoki's")
10. She has a playful, self-aware sense of humor about her own quirks and online culture references. (Verbatim: "I shall stop googling it because I was entering sussy territory there") [end of text]



1. She is a celestial messenger from the stars. (Verbatim: "I'm ellia ellia i'm a celestial messenger from the stars")
2. She has a mini debut that occurred on a Friday. (Verbatim: "this is my donor reading stream" – context implies mini-debut was Friday)
3. She enjoys puns and believes the answer to any pun-related question is always yes. (Verbatim: "if there's ever a question involving puns the answer is always yes")
4. She finds chocolate sprinkles highly appealing and would eat anything with them. (Verbatim: "i'd eat anything with chocolate sprinkles on it")
5. She has a fondness for banana fritters and finds them mouth-watering. (Verbatim: "banana fritter though my mouth be watering")
6. She is comfortable with being described as cringe and embraces it. (Verbatim: "yeah i'm also cringe but i hear people embrace cringe so that's why i i'm cringe")
7. She appreciates being called a "family friendly voice" and associates it with a "mommy voice". (Verbatim: "i am a family friendly voice a very very very family friendly voice after all it's a mommy voice")
8. She humorously references studying to become a "banana queen" and plans to learn more about bananas. (Verbatim: "i shall study to be a suitable queen one day i'll work hard")
9. She has a playful, self-aware habit of becoming less restrained when tired, especially after long streams. (Verbatim: "when i start getting a bit sleepy i kind of become a bit less restrained on the suzy side")
10. She values kindness toward oneself and promotes it as a core principle. (Verbatim: "you will be kind to yourself you will be very kind to yourself") [end of text]



1. She has a strong preference for warm environments and finds being cold unpleasant. (Verbatim: "I like being warm. Being cold is cold.")  
2. She experiences motion sickness when on boats and cannot tolerate being inside them. (Verbatim: "I get seasick on boats. So, if I'm on a boat, I have to... actually be outside of the boat.")  
3. She invests significant effort into maintaining pleasant personal scent through researched choices in perfume, deodorant, and hair care. (Verbatim: "I invest a lot into smelling nice... I did research into what would be good for like making my hair smell nice.")  
4. She blushes occasionally, though her blush is mild and not as intense as others, possibly due to her mixed heritage. (Verbatim: "I go slightly red... Maybe it's because I'm half...")  
5. She enjoys reading stories aloud and has considered doing a dedicated bedtime story stream. (Verbatim: "I did put on my mini debut that I do want to read stories to you all.")  
6. She finds her lower-pitched voice easier to use and more natural than higher pitches, though she struggles to maintain it consistently. (Verbatim: "The lower pitch is just breathy and a bit easier to do, but still not my natural voice.")  
7. She values kindness toward oneself as a core principle, emphasizing self-kindness over kindness to others. (Verbatim: "Be kind to yourselves, onnagai shimasu.")  
8. She has a deep emotional connection with her audience, describing them as "a really nice warmth on a cold day." (Verbatim: "You're like a really nice warmth on a cold day.")  
9. She has a particular fondness for the color purple, which she associates with softness and calm. (Verbatim: "I like purple. Purple is like a soft color.")  
10. She believes her eyes appear beautiful because they reflect the beauty of her viewers. (Verbatim: "The reason my eyes look so beautiful is because they reflect you.") [end of text]



1. She finds joy in making others happy and considers their happiness her own. (Verbatim: "My happiness is very simply Is to make all the people around me happy")
2. She values positive energy and warmth, which she draws from her audience. (Verbatim: "my positive energy and warmth comes from you all")
3. She has a strong sense of fairness and wants to ensure net happiness in her decisions. (Verbatim: "when faced with a decision, I'll always do whatever's best for net happiness")
4. She references a "banana study" and expresses interest in doing a fruit-themed educational stream. (Verbatim: "you made me want to do a fruit study stream about fruit i will one day one day")
5. She humorously claims bananas are a herb, not a fruit, and is researching the topic. (Verbatim: "bananas are a herb related to ginger but also a berry weird huh")
6. She enjoys emotional moments in anime, particularly a scene in Klant that makes her cry. (Verbatim: "there's one moment in klanat that always makes me cry")
7. She has a playful, imaginative mindset, as shown by her idea to give a banana wings. (Verbatim: "wait wait a second you just gave me a brilliant idea what wings let's let's give the wings")
8. She uses the term "reflect" as a metaphor for her emotional power, calling it her "ultimate power." (Verbatim: "reflect is my ultimate power")
9. She has a fondness for plushies as substitutes for physical hugs. (Verbatim: "i'll hug my plushies is substitute but they're actually hugs for you all")
10. She is aware of and references political themes in viewer interactions, though she claims not to be involved in them. (Verbatim: "elia is not responsible for this message vote starlings to fly to the stars") [end of text]



1. She lived with a group of female housemates during her university years. (Verbatim: "i had lived in a house with a bunch of girls um in my second year")
2. She was assigned the "tech bro" role in her university house family dynamic. (Verbatim: "i was given the bro tech bro role and i was like wait why i don't want to be tech bro i'm a girl")
3. She has a strong fear response to jump scares in video games, particularly from champions like Rengar. (Verbatim: "i screamed i screamed i screamed i screamed i screamed and um then my housemates came running up the stairs")
4. She identifies as a support player in League of Legends, with a focus on champions like Nami, Lulu, and Smaka. (Verbatim: "in terms of my champion pool it's nami lulu smaka and every typical girl champion on the planet")
5. She once accidentally set a microwave on fire while trying to make popcorn. (Verbatim: "i just put the popcorn in the microwave looked away for a second looked back and was like wait why is it smell kind of smoky")
6. She has a history of dealing with malfunctioning electronics, including a PC that was damaged by ash and water. (Verbatim: "the bottom bit was wet because the area was a bit flooded on the floor and i was like mama ellie this is covered in ash and it's wet")
7. She once found spiders living inside her PC, which she discovered while cleaning it outdoors. (Verbatim: "i opened it up and was like oh spiders it was dusty um luckily they were the cute little spiders not the scary ones")
8. She has a habit of cleaning her PC outdoors during summer days to avoid indoor mess. (Verbatim: "i waited until a nice summer day took my pc outside and opened it up")
9. She is uncomfortable with large spiders, though she tolerates small ones. (Verbatim: "but the big ones not the big ones no no no no no but it's spiders but yeah that would have")
10. She has a strong emotional reaction to receiving free food, recalling a moment when she cried after being given a cupcake. (Verbatim: "i was walking along and i was so hungry i was so hungry and i walked past and then they were like do you want a cupcake and then i cried i was so emotional") [end of text]



1. She has a strong emotional connection with her fan community, referring to them as "starlings" and expressing deep gratitude. (Verbatim: "I love you, I love you, I love you, I love you, I love you, my starlings!")
2. She values self-care and encourages her viewers to prioritize their well-being. (Verbatim: "The most important thing is you looking after you")
3. She has a dream of taking a long trip to Japan and plans to book it as soon as she obtains a passport. (Verbatim: "I will! I promise I'll book it as soon as I can!")
4. She mentions needing a UK passport, indicating she may be based in or associated with the United Kingdom. (Verbatim: "I need a passport though and UK passport office takes 5M!")
5. She expresses a desire to wear special socks for her fans, with a planned reveal at 50,000 donations. (Verbatim: "my socks are to be revealed at i don't know like 50k")
6. She has a playful, affectionate relationship with her fans, often using terms like "daisuki" and "darling" to express endearment. (Verbatim: "darling daisuki mate mate mate mate mate mate mate mate")
7. She values authenticity and personal preference in how she addresses her fans, emphasizing correct names. (Verbatim: "I always want to make sure people get called the names that that you know you know their preference")
8. She has a fondness for ketchup packets, referring to them as friends rather than food. (Verbatim: "ketchup packets are friends not food")
9. She enjoys watching anime, particularly "cute girls do cute things" content. (Verbatim: "about to finish watching cute girls do cute things anime")
10. She is emotionally expressive and deeply moved by her fans' support, often becoming tearful during streams. (Verbatim: "Oh gosh, oh gosh, it's karma! Arigato! Arigato!") [end of text]



1. She has a strong emotional connection to Japan and considers visiting Japan a long-held dream. (Verbatim: "Japan trip's dream? A dream that I didn't think would come true.")
2. She has spent years watching videos about Japan, indicating a deep fascination with the country. (Verbatim: "I've watched so many, so, like, non-stop videos and years just videos about Japan.")
3. She is deeply appreciative of her fans, referring to them as her "sunshine" and expressing immense gratitude. (Verbatim: "You're the ones that have done so much for me. You're the ones that are my sunshine.")
4. She values her fans' support and believes they deserve recognition and rewards. (Verbatim: "You all deserve. You all deserve. Like...")
5. She is willing to give up personal belongings, including clothing, to show her appreciation. (Verbatim: "You can have my shorts. You can have my skirt. You can have my socks.")
6. She has a habit of emotional outbursts during streams, often expressing overwhelming gratitude and affection. (Verbatim: "Oh gosh, oh gosh, oh gosh, oh gosh, oh gosh...")
7. She streams for extended durations, with one stream lasting 7 hours. (Verbatim: "Thank you so much for spending 7 hours with me.")
8. She plans to stream again in exactly 12 hours, indicating a consistent streaming schedule. (Verbatim: "My next stream will be in exactly 12 hours.")
9. She enjoys using Japanese phrases like "Arigato" and "Daesuki" in her interactions. (Verbatim: "Arigato! Daesuki! Daesuki!")
10. She has a tendency to get emotionally overwhelmed, often needing to hug her plushies afterward. (Verbatim: "I need to surround myself in my plushies and hug them.") [end of text]



1. She lived in the jungle for about three months. (Verbatim: "so i lived in the jungle for about three months and yeah yeah it was very chill")
2. She kept a spider as a pet during her time in the jungle. (Verbatim: "i basically kept um as like a kind of bug catching pet when i um when i lived in the jungle")
3. She named one of her jungle spiders "Spidey". (Verbatim: "the one outside my my quote room slash not really a room that one i should i think i just called it spidey")
4. She had another spider in a shower-like area with pumped river water that she also kept. (Verbatim: "the one in the shower i can't remember i think i think we all well i say shower it was it was like that was another widow that just chilled in the corner")
5. She gave the shower spider a British name, possibly "George". (Verbatim: "i think we could i want to say it was called like we gave it like a british name like george or something i can't remember")
6. She finds large scorpions less threatening than small ones. (Verbatim: "big scorpions are okay yeah like it's the little ones that are like that are like deadly")
7. She once found a large scorpion, about the size of her hand, in her living space. (Verbatim: "it was a big scorpion um kind of scary though didn't want to mess with it yeah about the size of my hand")
8. She has a habit of wearing thermal trousers even in unexpectedly warm weather. (Verbatim: "i wore i wore my thermal trousers so like my proper winter trousers")
9. She recalls being frequently surprised by unexpectedly long nature walks during childhood. (Verbatim: "i remember basically when i was little the amount of times that i've been bamboozled is too many times where it'd be like elia let's go for a little walk")
10. She identifies as someone who prefers nature-based activities over social ones. (Verbatim: "the only activity that would be okay would be one that involved nature because then there were no people") [end of text]



1. Her birthday is March 7th. (Verbatim: "my birthday is march 7th style yeah march 7th")
2. She has small feet, equivalent to UK size 4, sometimes fitting UK size 3. (Verbatim: "i have uk size 4 and sometimes i fit uk size 3")
3. She enjoys wearing high-heeled wedges and chunky shoes, particularly chunky boots. (Verbatim: "i like to wear high-heeled wedges though i don't really wear high heels very often i wear chunky shoes i wear chunky chunky chunky shoes")
4. As a child, she imitated Disney princesses by walking on her tippy toes and using books to practice posture. (Verbatim: "i used to walk around on my tippy toes because i thought that would make me like a princess")
5. She had a childhood fascination with becoming a super saiyan and desired a tail to transform into a great ape under the full moon. (Verbatim: "i wanted a tail i wanted to have the saiyan tail and then look up at the moon and become become the big ape")
6. She used to try flying as a child, possibly linked to a belief in celestial messenger instincts or having wings. (Verbatim: "i used to try and fly a lot um which maybe is why i climbed a lot but oh well i still need to learn how to fly")
7. She climbed trees as a child but no longer considers it acceptable to do so now. (Verbatim: "used to climb them trees though it's not so acceptable for me to climb trees anymore")
8. She values kindness, even when it didn’t change others’ behavior, and sees it as important for her personal identity. (Verbatim: "i look back and i think i'm still glad i was kind to them you know i'm i want to look back and be able to to be like i want to be a kind person")
9. She has a playful, self-aware attitude toward claw machines, acknowledging they are rigged but still enjoys playing them. (Verbatim: "i know it's a scam i know this claw machine is gonna take my money and i could technically buy this plushie for much cheaper from an actual shop but but i want to get scammed")
10. She has a natural voice and a deeper, more effortful "saucy" voice that she uses occasionally. (Verbatim: "this is my normal voice um this is like a sort of deeper voice that i'll just bring out sometimes") [end of text]



1. She has a strong preference for skirts and thigh-high stockings as clothing. (Verbatim: "i'm a thigh highs are life believer and skirts floaty floaty skirts are life")
2. She once participated in a product review focus group where she received free chocolate after being led into a building by a woman with a clipboard. (Verbatim: "i went with them and i did get free candy i didn't follow them into a van though i followed them into this suspicious building but it was all legit because it was just um product was it was like a focus group product review thing")
3. She experienced foot cramps while working retail due to standing for long periods. (Verbatim: "i used to get foot cramps quite a lot like when i used to work retail i have to stand up all the time")
4. She believes in making as many people happy as possible and sees her purpose as contributing to others' happiness. (Verbatim: "i wanna make you happy and i wanna that includes as many people as i can um always do what i can to make as many people happy as possible")
5. She has a habit of eating banana peels, though she acknowledges it's unusual. (Verbatim: "although apparently i ate that banana skin on i i don't i've never met anybody that eats bananas skin on")
6. She has a personal connection to the idea of being offered candy by strangers, recalling a childhood fear instilled by her mother. (Verbatim: "mama ellie always told me that there'd be some like person of a van offering me like candy it didn't happen")
7. She lives in England and finds it expensive and impractical to drive due to being a shut-in. (Verbatim: "it's expensive in england and i have nowhere to drive because i'm a shut-in")
8. She enjoys the idea of making banana peel smoothies with her viewers during summer. (Verbatim: "we should do when it's summer time we can make smoothies together yeah yeah that'll be fun that'll be fun yeah yeah that would be fun we can make these banana peel smoothies")
9. She values inclusivity and does not want her viewers to feel pressured to donate. (Verbatim: "i don't want anyone to ever ever ever ever ever ever ever ever ever ever feel any pressure or feel like you know oh i'm not supporting as much")
10. She has a deep appreciation for potassium and its health benefits, particularly for muscle and heart function. (Verbatim: "potassium is needed by all the tissues in the body... you need it for the muscles") [end of text]



1. She lives in England. (Verbatim: "it gets really windy in england")  
2. She wears shorts underneath her skirt for practical reasons due to windy weather. (Verbatim: "i would not ever go out without shorts underneath my skirt always because it's way too windy")  
3. She has a strong awareness of her own imperfections and embraces them as proof of being human. (Verbatim: "any scuff is 100 and million percent not intentional um so i try i try but yeah it does happen it does happen um i guess it confirms to you all that i'm not a machine it's like um yeah yeah yeah yeah yeah yeah it's proof it's proof that i'm not an ai")  
4. She enjoys being with her audience and finds their presence uplifting, often smiling during streams. (Verbatim: "you're all making me all happy because like my face hurts from smiling so much when i'm with")  
5. She identifies with the character Misaka from *A Certain Scientific Railgun* for practical fashion choices. (Verbatim: "what's her name from railgun is an icon what's her name no gun misaka misaka yeah yeah yeah yeah she knew what was up")  
6. She has a playful, self-deprecating attitude toward her own mistakes and awkward phrasing. (Verbatim: "that was that was supposed to be the like insert phrase here but insert something it is a difficult difficult lemon difficult to be fully say")  
7. She is aware of and references the UK’s television licensing system and its requirements. (Verbatim: "in england you have tv license so we have like uh if you want to watch bbc bbc1 bbc2 bbc3 bbc4 all those all those if you want to watch the bbc you have to have a license for it")  
8. She once had a TV license inspector visit her home, which she handled by showing her tidy house. (Verbatim: "one time they actually turned up on my doorstep and they were like we'd like to check about this tv stuff you say you don't need a license i would like to check that's like yeah i actually cleaned for once so so so so yes you can actually come in")  
9. She owns a Nintendo Switch and uses her TV primarily for it, not for watching broadcast TV. (Verbatim: "yeah but it's plugged into the nintendo switch so hey it's not for that it's for switch")  
10. She is aware of and references the upcoming coronation of the King of the United Kingdom. (Verbatim: "the king's coronation is in three weeks here in england and we have two bank holidays") [end of text]



1. She has a sensitive tongue and dislikes spicy food because it causes discomfort, runny nose, and tears. (Verbatim: "in terms of food spice i have a very sensitive very sensitive tongue yeah yeah yeah i have pick up the flavors um so i don't like the burning feeling of spice")
2. She prefers the "Peri Tamer" spice level at Nando's, which she describes as extra extra mild. (Verbatim: "i got the kids one um no shame no shame none zero none at all yeah embrace what you like")
3. She has never eaten a jalapeño and avoids spicy foods due to physical discomfort. (Verbatim: "jalapeno no i've never had a jalapeno or really eaten i don't i don't know there's i find there's different kinds of spicy right")
4. She finds the idea of learning Morse code intriguing and would like to learn it, though she doesn't know if it's universal. (Verbatim: "i really i always think it'd be cool to learn morse code but do they have different morse codes or is it all all is it all um universal across the world")
5. She is fascinated by vintage technology such as rotary phones and pagers, and finds them fun and interesting. (Verbatim: "i really want i i know why why um why i sort of knew it is because i really wanted one")
6. She remembers visiting a science museum and being confused by a rotary phone, which she calls a "spinny spinny phone". (Verbatim: "i remember i went to a science museum at the science museum they have one of these wait wait wait um how are they called google i don't know what they're called i'm gonna call them the spinny spinny phone")
7. She had a childhood fascination with typewriters and found them cool and vintage. (Verbatim: "i was that kid that also wanted a typewriter because it looked cool to have")
8. She is a fan of The Legend of Zelda series and associates the Ocarina of Time melody with SOS. (Verbatim: "it's the ocarina yeah yeah ocarina um say like the legend of zelda series will always be my favorite always always always it's the s o s unless it's the other way around then it's o s o")
9. She enjoys drinking cola and finds it delicious. (Verbatim: "more cola more cola delicious also wait what does also mean")
10. She is aware that people often mistakenly believe the entire past was in black and white, not just television. (Verbatim: "i wasn't one of these people but i know a lot of people that would think that because all the old tv is is in black and white they assumed like this is kids by the way this is like younger kids um they would be like the past was in black and white like the whole world was black and white") [end of text]



1. She was reincarnated as a half-Asian, half-British baby in her fictional lore. (Verbatim: "there is my reincarnation, where I got reincarnated as a half-Asian, half-British baby")
2. Her birthday is March 7th, which she also refers to as "Banana Awakening Day" in her lore. (Verbatim: "my birthday's March 7th, but, yeah, I guess we call it the banana, magic banana day")
3. She has a fictional backstory involving unlocking "celestial messenger memories" during a "banana unlock" event, which marked her mini debut. (Verbatim: "which is my mini debut, where I founded the banana, and I unlocked my celestial messenger memories")
4. She worked at a zoo, where she cared for monkeys and meerkats. (Verbatim: "that's what I was told when I was working at the zoo")
5. She learned that feeding monkeys fruit is harmful because it's overly sweet and fattening, similar to junk food. (Verbatim: "due to humans selectively breeding fruit to make it sweeter, we've made it so that they're actually really fattening for monkeys")
6. She found meerkats to be very difficult to care for due to their sharp claws, teeth, and tendency to dig through shoes and knock over buckets. (Verbatim: "they were a mahusif pain", "they would always try and dig through my, like, try and dig through my shoes")
7. She recalls that meerkats were fed live worms and crickets, which many visitors refused to handle. (Verbatim: "the meerkat food would be live, um, worms and live crickets")
8. She does not personally eat insects, though she acknowledges efforts to encourage insect consumption. (Verbatim: "I've never eaten one myself, but I've heard that they try to encourage people eating insects")
9. She has a strong emotional connection to the "magic banana" as a central symbol in her lore and stream content. (Verbatim: "it's the Day the Banana Awakening, yes, yes, yes, that'll be it, it's the banana, oh, banana awakening")
10. She created a community name for her fans called "Starlets" during this stream. (Verbatim: "I like Starlets. Starlets or Starlights? Starlets? Starlights? Star... Starlets.") [end of text]



1. She has a pet cat that is very friendly. (Verbatim: "yeah she's very friendly though she's very friendly")
2. She enjoys puns and finds them joyful. (Verbatim: "puns are life puns are brilliant I heckin love puns")
3. She has a strong preference for chicken burgers as a good luck charm. (Verbatim: "i can love chicken burgers...eating chicken burger is is my good luck charm")
4. She once struggled with shot put during secondary school due to its heaviness. (Verbatim: "i remembered that day because it was so embarrassing...i just couldn't throw it it's so heavy")
5. She has a pre-exam ritual involving mental math to calm her nerves. (Verbatim: "my pre-exam ritual would be to warm up my brain by doing like one plus one is no one plus one is two")
6. She has a history of working in retail jobs. (Verbatim: "i've worked a lot of retail jobs and one of my managers was one of those like um gym bros")
7. She is afraid of being mugged and avoids going out due to safety concerns. (Verbatim: "i am not a gym bro i am much much much much much smaller than that so i'm like yo if this person's getting mugged what about me")
8. She believes she was targeted in a self-defense class for being perceived as weak. (Verbatim: "the instructor she was like okay guys if you were an attacker which of the two would you attack and they were like and obviously people were like ah the littler one")
9. She finds cricket balls to be very heavy and dangerous. (Verbatim: "cricket balls are harder and heavier than baseballs i've never held a baseball hey i don't know but either way heavy heavy heavy")
10. She has a strong emotional attachment to a banana, referring to it as "banana band" and expressing joy when it returned. (Verbatim: "ah it was rough when i thought the banana was gone forever but i was really happy when i found out the banana band was being lifted") [end of text]



