1. She has a pet mosquito that she refers to as her "emotional support pet." (Verbatim: "It's my emotional support pet. I'm allowed to have it.")
2. She enjoys playing the game "White and Melon." (Verbatim: "I wanna play White and Melon game!")
3. She has a book about different types of clouds. (Verbatim: "I have a book about all the different kinds of clouds.")
4. She is interested in cloud science and the relationship between cloud shapes and weather patterns. (Verbatim: "You can figure out what kind of weather and clouds it's gonna be based on shape.")
5. She finds it difficult to use a Switch capture card despite owning one for two years. (Verbatim: "I've had it for two years and I've never been a switch to my child.")
6. She is familiar with the technical requirements for using a Switch capture card, including needing at least two HDMI cables. (Verbatim: "You need at least two HDMI.")
7. She has a habit of working on thumbnails in advance, even before the stream begins. (Verbatim: "I was working on it before the stream.")
8. She has participated in a co-working stream setup, indicating she values collaborative work environments. (Verbatim: "We're here for co-working.")
9. She has a preference for working in a library-like setting with group rooms. (Verbatim: "We've booked one of those. Do you have in your libraries that you can book, like, group rooms?")
10. She has a strong interest in creating educational content about weather and clouds. (Verbatim: "I want to watch you talk about all the different kinds of clouds.") [end of text]



1. She has a cat named Speaker. (Verbatim: "oh don't mind speaker by the way on the screen um she's there she's my cat")
2. She is anxious and shy. (Verbatim: "i'm anxious i'm shy and and it's it's it's hard but i want to try")
3. She values her community's supportive and non-toxic nature. (Verbatim: "i appreciate you guys not being toxic you know it means a lot")
4. She has been a VTuber for five months. (Verbatim: "happy five months thank you for thank you for everyone who's always given memberships it's my fifth month for free")
5. She streams two times a day. (Verbatim: "lucky for thee i stream an excessive amount and do two streams a day so i think it's okay")
6. She has participated in multiple collaborative streams with other VTubers. (Verbatim: "all the girls i've collabed with have been wonderful")
7. She feels grateful for her community's encouragement in making new friendships. (Verbatim: "i really appreciate how my community is really really really encouraging actually")
8. She has a private diary accessible to members. (Verbatim: "being a member gives you access to my to my very private diary")
9. She is self-aware of her cringe personality, especially in member-only streams. (Verbatim: "no you gotta hear me be cringe you get you you thought you thought i was cringe but this is only a fraction of my cringe power")
10. She is open to making friends and values social connections despite her shyness. (Verbatim: "it's scary and i get scared easy and be so scary scary i'm anxious i'm shy and and it's it's it's hard but i want to try and like um like make friends") [end of text]



1. She uses Paint Tool Sai for digital art and has used it for about a decade. (Verbatim: "I've been using Paint Tool Sai for like a decade now and I still haven't changed it")
2. She has used GIMP, Paint.NET, and MS Paint in her artistic development. (Verbatim: "My progression was I went from MS Paint to GIMP")
3. She prefers not to use Clip Studio Paint due to stubbornness, despite having it. (Verbatim: "I have Clip Street of Paint, I'm just too stubborn")
4. She is concerned about Clip Studio Paint potentially switching to a subscription model. (Verbatim: "I'm just hoping they don't ever change it to subscription")
5. She owns Procreate but does not know how to connect it to her computer. (Verbatim: "I have that, I just don't know how to connect it to the computer")
6. She has a fondness for squashy candies, particularly those similar to Percy Pig. (Verbatim: "I was just eating some squashy like thing I was eating these like Percy Pig things")
7. She enjoys Bakewell tarts and specifically likes the icing, though she has never had a cherry Bakewell. (Verbatim: "I just like it for the icing" and "I've never had a bakewell")
8. She has eaten squashies frequently during visits to Norway. (Verbatim: "When I was in Norway I ate so much squashy")
9. She finds the web version of the Suika game to be ugly. (Verbatim: "It is ugly" and "That face, it's beautiful She's very unhappy")
10. She is aware of and has attempted to access the Japanese version of the Suika game, which requires a Japanese account and gift card. (Verbatim: "You have to get a Japanese account and then buy it through your Japanese account") [end of text]



1. She enjoys almond flavor in food and drinks, though she dislikes whole almonds. (Verbatim: "I love almond flavor but for the longest time I didn't know it was almond flavor...")
2. She has a strong aversion to pecans due to their resemblance to cockroaches and unpleasant texture. (Verbatim: "the reason I don't like pecans is because I always imagine their cockroaches when I eat them...")
3. She finds pecans unappealing despite their popularity in her region. (Verbatim: "I'm actually not a big fan of pecans even though they're really popular here...")
4. She is not a fan of nuts in desserts, particularly when they are whole or physical. (Verbatim: "I don't like almonds when they're physical only in flavor...")
5. She enjoys maple pecan pie, though she clarifies this is not a literal preference for pecans. (Verbatim: "I love maple pecan plots yeah this one this one...")
6. She prefers English breakfast tea over all other types, including green tea and matcha. (Verbatim: "oh it has to be there's no other tea...")
7. She finds matcha to be more like a creamy drink than tea, especially when mixed with pineapple juice. (Verbatim: "matcha to me is it's almost like not like tea it's like a creamy drink...")
8. She likes combining pineapple juice with matcha over ice. (Verbatim: "i like pineapple juice with matcha on on ice so it's like iced which might sound like sacrilege...")
9. She enjoys bacon with pancakes and maple syrup, particularly American-style pancakes. (Verbatim: "i had bacon with pancake yeah like together or like separate together and maple syrup...")
10. She has a habit of making jokes about her own name being associated with "mumps" due to the hashtag #melia. (Verbatim: "i like a million mumps that's not me it can't be me um oh my god i feel that yeah uh...") [end of text]



1. She has a strong bite and prefers to chew ice cream and lollipops rather than lick them. (Verbatim: "I can do it with top teeth only but not bottom teeth i i die um if i look at ice cream my teeth hurt")
2. She uses a teal background for her thumbnails and has maintained a purple-themed aesthetic since revealing her new look. (Verbatim: "mine have been ever since i revealed my new look it's mostly been like teal background so it's like i'm orange so my background is teal")
3. She is aware of her facial expressions and has a noticeable concentration face that involves pursing her lips. (Verbatim: "i've realized i am i like um what you call it when you like purse your lips like i do that when i concentrate")
4. She has a lazy eye that causes one eyelid to be half-closed at times. (Verbatim: "but also she has a very bad lazy eye right now so whenever her eyelid is half closed i don't know")
5. She is familiar with using and organizing model expressions, having created a dedicated folder for them. (Verbatim: "i made a whole p you don't use your model i use i love using models i did a whole old organized folder of expressions though")
6. She has a preference for purple and believes she has too much purple in her branding. (Verbatim: "do i have too much purple theme going on no that's impossible not enough you're right more purple")
7. She is concerned about the visual impact of thumbnails when viewed at small sizes. (Verbatim: "because no one no one ever really sees the thumbnail up close unless you click on the waiting room")
8. She values the schedule page on her website and uses it more than creating new schedules. (Verbatim: "i actually i basically use that more than i make a schedule so it works it's a schedule like like it does work really well at least i think i've had good feedback")
9. She has a dog that refuses to pee anywhere but on grass. (Verbatim: "my dog does exclusively pee on grass though can confirm um yeah she refuses to pee anywhere else")
10. She once had a dog that only pooped on pavement, believing grass was too wet for its feet. (Verbatim: "one of them uh would only poop on people why why i don't know why we made okay time to go potty and they would only stay on the pavement they thought the grass was too wet for their feet") [end of text]



1. She enjoys salted caramel ice cream. (Verbatim: "usually i go for like salted caramel ice cream if it's available")
2. She misses a specific Kinder chocolate-flavored ice cream she had in Europe. (Verbatim: "one ice cream i really like the flavor of that i had when when i was in europe but i don't haven't got it here in england")
3. She likes banana pudding ice cream with hot caramel and vanilla cookies. (Verbatim: "banana pudding ice cream so they have it where they have banana pudding and they put like cookie like vanilla cookie in it and then you and then what i love to use hot caramel on top")
4. She distinguishes between modern banana flavor and retro banana flavor (like Laffy Taffy). (Verbatim: "there's like actual banana flavor and then there's like fake banana from the like previous banana species that was used like the small banana species")
5. She has a fondness for ice cream cones and enjoys licking them with precision. (Verbatim: "you make sure you're drinking like this like a smoothie a drink that's dripping all over you")
6. She finds it more natural to eat sorbet with a spoon than ice cream in a cone. (Verbatim: "it makes more sense for using sorbet than it does for like ice cream in a cone")
7. She has a model with short hair and glasses in her avatar collection. (Verbatim: "wait where's my short hair shirt hair wait do you have how do you look with glasses")
8. She previously used a "bean mouse" model with a bean mouth. (Verbatim: "i used to have a bean mouth on my model but the new one doesn't")
9. She has a green screen setup for streaming. (Verbatim: "i made a green screen so they can put us somewhere more appropriate")
10. She has a custom avatar model that includes a dark, emo aesthetic. (Verbatim: "i have to go to a new model emo time emo time this might be kind of messed up we'll see") [end of text]



1. She has a half-birthday celebration. (Verbatim: "oh it's my half birthday wait is your half birthday yeah yeah wow what does one do on a half birthday")
2. She once had a vivid and disturbing dream involving a blonde lady chasing her through a shopping mall and a skiing area. (Verbatim: "i was in a shopping place with my family and then there was this this lady this blonde lady that just kept trying to kiss me and i was so scared i kept running")
3. She experienced a nightmare after falling asleep to a video about a blonde lady murderer. (Verbatim: "i fell asleep to this um this video where somebody was talking about this like blonde lady murderer and i saw the picture of this lady before i fell asleep and had a whole nightmare about her")
4. She cannot taste sour flavors due to an illness two years prior. (Verbatim: "i got ill like two years ago and ever since then i can't taste sour anymore")
5. She has a fear of horror content, as evidenced by her reaction to a scary dream. (Verbatim: "that's literally the scariest game i've ever had just make sure you never go oh my god what you ever saw this blonde lady in your dream like irl yeah")
6. She is capable of creating thumbnails and has experience with editing tools. (Verbatim: "i made the thumbnail but i need the title and and i don't know how other people have got it")
7. She is skilled at managing and coordinating co-working streams. (Verbatim: "you're going to show us the great work oh fiddlesticks oh i didn't realize you're a fiddle sticks man")
8. She has a playful, self-aware sense of humor about her online persona and interactions. (Verbatim: "i'm the master cloud she's the big brain behind this operation of muzu's eating weird things she may be a serious cloud but her brain is cumulonimbus")
9. She has a strong connection with her audience, often referencing their influence on her content. (Verbatim: "you're the reason i did it yeah you're the reason you told me to can't believe it was you the mastermind behind everything")
10. She enjoys singing and playing piano. (Verbatim: "so far i'm thinking oh singing piano") [end of text]



1. She has no physical ears and is aware of this fact. (Verbatim: "I don't have any ears... I checked I moved my hair yesterday and I was like yeah no I ain't got any")
2. She dislikes the idea of having goose ears and denies any connection to geese. (Verbatim: "I'm not related to geese at all... why would I have goose ears?")
3. She enjoys playing the game House Flipper and finds it relaxing. (Verbatim: "I like flipping the houses... it's really really relaxed like you just like read that you're just sorting out these houses")
4. She has a toothbrush that sings the song "Dynamite" by BTS when used. (Verbatim: "I used to have a toothbrush that's saying dynamite... it would sing and it used to sing dynamite")
5. She prefers breakfast as her favorite meal of the day. (Verbatim: "Breakfast is my favorite meal of the day I look forward to breakfast")
6. She has experienced insomnia, as evidenced by joining a stream at 4 a.m. (Verbatim: "I got in call at like 4 a.m.")
7. She is familiar with and enjoys K-pop culture, referencing idols and dance videos. (Verbatim: "those videos where they like zoom in on kpop idols when they're dancing")
8. She enjoys puzzles and plans to create a puzzle featuring her and her community. (Verbatim: "I'll do this as my puzzle... it'll be a picture of all of us")
9. She has a habit of creating detailed, time-consuming thumbnails with many elements. (Verbatim: "mine's pretty complicated... it's got like eight bajillion things")
10. She has a preference for the character Shadow the Hedgehog from Sonic, though she acknowledges it may not fully match her personality. (Verbatim: "Can I be Shadow the Hedgehog? I want to be cool") [end of text]



1. She has a strong ability to identify people by their scent. (Verbatim: "I remember people thinking it was really weird in school because I could like identify people based on smells")
2. She can detect pheromones, a rare human trait. (Verbatim: "oh damn in the air we have whoa ellie you mean that i'm so glad speaker stays with us")
3. She has a cat named Nana. (Verbatim: "my nan has a cat nana elia has a cat")
4. Her cat is a Siamese breed. (Verbatim: "it's a siamese cat yeah it's so muscular")
5. She once played Minecraft for a week straight without stopping. (Verbatim: "i was like one time i played minecraft for a week straight and that's all i did")
6. She avoids playing Minecraft due to fear of addiction. (Verbatim: "i think it's because i know it will i will spend every second on it if i let myself get addicted")
7. She dislikes horror games, especially jump scares. (Verbatim: "i hate horror games i hate getting jumpscare so so much")
8. She finds the game *Stray* to be both scary and emotionally impactful. (Verbatim: "it's so scary oh it's so difficult it's so scary i thought it was a cute cat game i keep dying")
9. She has a history of intense focus and isolation during gaming sessions. (Verbatim: "i never did a pc and i just sat in front of it and i barely ate any food and i didn't shower")
10. She is aware of her own tendency to become deeply absorbed in games. (Verbatim: "it's like you know this is bad for you and if you get addicted to this you're gonna be addicted") [end of text]



1. She identifies as a cat-like being, often referencing cat ears and tail transformations. (Verbatim: "oh wait i didn't realize we were supposed to wear cat ears i'm sorry let me find my ears")
2. She has a strong preference for white cat ears, which she considers ideal. (Verbatim: "white cat ears that'll do")
3. She enjoys role-playing and is confident in her ability to perform in text-based roleplay scenarios. (Verbatim: "i'm an expert role player i will get it down")
4. She is fond of the Sonic the Hedgehog franchise and has a specific preference for Rouge the Bat. (Verbatim: "she'd be rouge rouge the bat rouge oh yeah yeah obviously yeah yeah yeah")
5. She has a playful, self-aware sense of humor about her own appearance, particularly regarding her ears and tail. (Verbatim: "oh my god those ears are so cute they're so cute")
6. She enjoys co-working streams and finds them productive and enjoyable. (Verbatim: "it was really very fun we should do this more")
7. She is comfortable with and open to fan-created content, including potentially explicit fanfiction, as long as it's consensual and she’s not expected to publicly react. (Verbatim: "yeah i think that'd be okay like obviously anything saucy um doesn't get um like i don't publicly react to it")
8. She has a fondness for corn on the cob, which she describes as "explosive" and delicious. (Verbatim: "it was corn on the cob and it was explosive")
9. She enjoys eating chicken burgers and often pairs them with watching content during streams. (Verbatim: "i can watch something while i eat chicken burger")
10. She has a playful, affectionate relationship with her viewers, referring to them as "hobo club buddies" and expressing camaraderie. (Verbatim: "me and my hobo club buddies yeah we're gonna look for the trash together to afford rent for the night") [end of text]



