1. She considers eating Haribo star mix for breakfast to be a symbol of adult independence. (Verbatim: "You wouldn't let a child have this. Therefore, it's an adult breakfast.")
2. She enjoys drinking pink cordial, specifically a summer fruits flavor. (Verbatim: "I also have my pink squash. Or I guess you call it cordial. My pink cordial.")
3. She regularly goes on long walks, often lasting around two hours. (Verbatim: "I went on a two hour walk to be fair.")
4. She walks with her dog, who has strong prey drive and becomes intensely focused on squirrels. (Verbatim: "When she sees them squirrels, she goes hecking wild.")
5. Her dog exhibits behavior identical to the dogs in the movie *Up*, particularly in reaction to squirrels. (Verbatim: "That is literally my dog. My dog sees a squirrel and literally goes, and like just, just transforms into the dog from up.")
6. She finds steep hills physically challenging and has considered bringing measuring tools like a protractor and bubble level to measure incline. (Verbatim: "I'll bring a protractor... I'll bring a bubble and a protractor.")
7. She has a strong sense of humor about her dog’s behavior and the absurdity of her own situation. (Verbatim: "She's supposed to be the sled dog. Hey, it's all messed up. It's all the wrong way around.")
8. She has a habit of napping deeply, to the point of losing track of time and forgetting what she did. (Verbatim: "I ended up napping so hard, like, so hard.")
9. She once paid off a significant sleep debt by sleeping for an extended period. (Verbatim: "I think I finally paid it off, I spent yesterday mostly asleep.")
10. She has a fondness for anime and references ongoing story arcs like "beach episode" and "onsen episode." (Verbatim: "We haven't had our beach episode yet or our onsen episode...") [end of text]



1. She is prone to emotional crying during streams due to strong positive feelings. (Verbatim: "you all do make me happy cry")
2. She consciously holds back emotional reactions to avoid being judged negatively. (Verbatim: "i don't want to be judged badly or crying and i know there's people out there that do that")
3. She plans to stream regularly during her upcoming trip to Japan. (Verbatim: "i will stream as much as i can at least i'm happy i can at least guarantee a stream date or two")
4. She intends to take many photos while in Japan to share with her audience. (Verbatim: "i want to take lots of pictures for you all")
5. She has difficulty performing various British regional accents, including Scouse, Manchester, Newcastle, Geordie, and Essex. (Verbatim: "i can't do scouse i can't do manchester i can't do newcastle i can't do geordie i can't do essex")
6. She can perform a posh (RP) accent, likely due to exposure during university. (Verbatim: "i can do the posh accent but that's because i was surrounded by a bunch of posh folk while i was at university")
7. She finds it difficult to pronounce certain words, such as "Welsh," and admits she cannot do the Welsh accent. (Verbatim: "most definitely could not do welsh ever")
8. She enjoys reading aloud from classic literature, such as *The Adventures of Sherlock Holmes*. (Verbatim: "i'll pick a random page from this beautiful adventures of sherlock holmes")
9. She has a habit of using playful, self-deprecating humor about her own quirks and flaws. (Verbatim: "i'm a silly nugget but i'm your silly nugget")
10. She is aware of her volume levels and worries about disturbing neighbors. (Verbatim: "i do worry about my neighbors sometimes at least i think i have neighbors and if i do sorry") [end of text]



1. She has a distinct voice that she believes is due to her parents' influence. (Verbatim: "I don't know if it's distinct. But... Is a voice. I don't know. I just have a strange way of speaking. But I think that's definitely my parents' fault.")
2. She was told she was unique as a child, but not in a positive way. (Verbatim: "I remember as a kid I was always told I was unique. I don't think they meant it in a nice way though.")
3. She struggles with replying to messages due to overthinking and fear of consequences. (Verbatim: "you end up just leaving it because you're like maybe i'll just leave it a bit longer because i don't want to face such consequences")
4. She has difficulty with timely communication and often delays responses. (Verbatim: "i thought i replied and then and then you're like well i can't really reply now because then i'm gonna have to say why i've not replied for so long")
5. She enjoys eating sweets to keep her stomach quiet and happy. (Verbatim: "i've been feeding it sweets yeah to keep it happy to keep it quiet")
6. She has a habit of overthinking social interactions and feels awkward about them. (Verbatim: "i'm just awkward like i'm not ghosting them i'm just i'm just bad i'm just an overthinking bum")
7. She has a soft, cozy bedroom setup with very soft bedsheets. (Verbatim: "My bedsheets are pretty soft. I make sure to get super soft to make it super cozy.")
8. She is currently unable to access Coca-Cola due to a delayed order. (Verbatim: "i ordered it too late so i won't arrive until tomorrow so i gotta survive until tomorrow")
9. She has a strong preference for sweet flavors, particularly in snacks and drinks. (Verbatim: "luckily i have these sweets and that should be enough sugar to get me through")
10. She is self-aware of her tendency to ghost people unintentionally due to social anxiety. (Verbatim: "i'm like a ghost but i'm not ghosting i'm just just awkward like i'm not ghosting them") [end of text]



1. She is afraid of moths and other flying insects. (Verbatim: "I'm scared of Moths, I don't want to be scared of you.")
2. She finds flying insects with poor coordination particularly distressing. (Verbatim: "All these flying, flying punks with their lack of coordination scare me.")
3. She is uncomfortable with insects landing in her mouth, eye, or hair. (Verbatim: "I don't want them to land in my mouth or my eye or my hair.")
4. She dislikes cicadas intensely. (Verbatim: "I heckin' dislike cicadas.")
5. She has a fear of bats, though some types are less concerning. (Verbatim: "Bats, also, koi. Things that don't have much control when they're flying and can fly into my face.")
6. She believes ladybirds (not ladybugs) are also unsettling. (Verbatim: "Yeah. I've never seen a cockroach fly. Do they fly? We don't really have cockroaches here.")
7. She is not from England, as she references the lack of cockroaches there. (Verbatim: "You don't really get cockroaches in England, I don't think.")
8. She has a strong aversion to being physically stabbed, despite using "stab" metaphorically. (Verbatim: "There's one cure. It's being stabbed on.")
9. She has a self-deprecating sense of humor about her online persona and interactions. (Verbatim: "Stab and love is my Chronicle? Right.")
10. She references a fictional "eleum" substance that causes transformation into a goose. (Verbatim: "If you have too much eleum, you become a... Goose...") [end of text]



1. She worked at a zoo. (Verbatim: "When I worked at the zoo, there was a skunk")
2. She has experience rescuing animals from illegal pet trade. (Verbatim: "illegal skunks, they get rescued from an illegal pet trade")
3. She is familiar with skunks and their care, including handling de-scented ones. (Verbatim: "The one I looked after was de-scented, but it wasn't de-clawed")
4. She wears special boots when handling certain animals due to safety concerns. (Verbatim: "I always had to wear these silly boots to go in with it")
5. She opposes the practice of de-clawing animals. (Verbatim: "it's not good to declaw it's not good to decent no no no no no")
6. She believes animals like skunks and raccoons should not be kept as pets. (Verbatim: "you're not supposed to have skunks here... it's illegal")
7. She values healthy, mutual support in relationships. (Verbatim: "The kind of love where it's like you help each other... encourage each other to make the best of what you have in life")
8. She emphasizes self-prioritization in all forms of love. (Verbatim: "Always, always, always, always put yourself first, okay?")
9. She has a strong emotional reaction to fans expressing affection. (Verbatim: "you all know how to make me blush thank you all so heckin hard")
10. She has a playful, affectionate relationship with her fans, referring to them as "punks" and "Ellie." (Verbatim: "I'ma punk the heck out of you") [end of text]



1. She values emotional authenticity and encourages viewers not to suppress their emotions. (Verbatim: "You don't have to hold yourself back from crying on stream if you don't want to.")
2. She believes intentions behind actions are more important than the actions themselves. (Verbatim: "I think it's because intentions are important. And if someone tries to fill in the intentions for you, then they can always make the intentions bad, no matter the action.")
3. She is concerned about the negative effects of crying on her skin. (Verbatim: "Everything's bad for the skin and I gotta keep my skin smooth. It's really bad for the skin. Tears are bad for skin.")
4. She has a strong emotional connection to her fans, stating she stays strong "because of you all." (Verbatim: "I'll be strong. Make sure these eyes don't water too much. ... to be strong because of you all, so thank you.")
5. She references a "banana" as a symbolic moment tied to her early online presence. (Verbatim: "p.s. the banana is how i found you during the time of tears before your mini debut")
6. She enjoys sweet foods, particularly mentioning sweets and a "sweet" as part of her personal indulgence. (Verbatim: "i'll have a sweet i gotta have another one another one")
7. She has a fondness for potatoes, specifically gratin potatoes, and is adamant about their correct naming. (Verbatim: "yeah yeah this is gratin we don't call this scalloped potatoes that's gratin")
8. She is passionate about the distinction between "chips" and "crisps," refusing to change her stance. (Verbatim: "i will never change my mind on that yeah yeah yeah yeah yeah never i'll die on that hill")
9. She appreciates beans on toast, calling it "heckin delicious." (Verbatim: "along with beans on toast being heckin delicious")
10. She has a playful, imaginative connection to geese, expressing she would willingly become one for her partner. (Verbatim: "for you i'd happily become a goose for the rest of my life as long as i get to go") [end of text]



NO RELEVANT INFORMATION [end of text]



1. She lived in a large house with nine other girls during her second year of university. (Verbatim: "for my second year i lived in a big house big house it was like a converted bnb with in total there was 10 of us and i lived with nine girls")
2. She was socially awkward and stayed in her room most of the time during university. (Verbatim: "i basically stayed in my room the whole time yes yes even in even in pools i always stayed in my room actually")
3. Her housemates would occasionally trick her into going on walks by pretending to go to a pizza place. (Verbatim: "they'd be like we're gonna go to pizza hut and i'd be like heck yeah heckin love pizza hut and then we'd start walking")
4. She once made a fancy instant noodle dish with broccoli, chicken, and an egg, which impressed her housemates. (Verbatim: "i would get little bits of like broccoli and like little bits of chicken and like an egg and then i'd have that")
5. She lived on noodles and garlic bread during university due to financial constraints. (Verbatim: "i couldn't afford food really to be honest um i was living on noodles and garlic bread")
6. Her housemates were fans of The Great British Bake Off and would host their own bake-off challenges based on the show's themes. (Verbatim: "they liked baking they're really really really big fans of um the great british bake-off")
7. She received baked goods from her housemates even when she didn’t participate in the bake-offs. (Verbatim: "if i couldn't make it they would then go to my door and then knock on the door and then give me the food")
8. She once ate a pasta dish made with only pasta and ketchup, with no other ingredients. (Verbatim: "there was no sauce i'm pretty certain it was just pasta and ketchup and that was the whole dish")
9. She found a tortilla wrap with Biscoff spread to be an unusual but not entirely unappealing meal. (Verbatim: "they insisted it was heckin delicious but let me show you the biscoff the biscoff thing i make sense but i'm like why would you spread it on on a on a tortilla wrap")
10. She has an interest in trying American food, which she finds fascinating despite its unhealthy appearance. (Verbatim: "one day i do want to try out american food though american food always fascinates me like it's just fascinating") [end of text]



1. She has a white duvet, white pillows, and plain white sheets for her bed. (Verbatim: "i got plain white sheets plain white pillows and a plain white duvet also because my dog's white so it makes sense that if it's white you don't get to see all the fluff")
2. Her bed setup is intentionally all white to match her hair and her white dog. (Verbatim: "to match my hair i got plain white sheets plain white pillows and a plain white duvet also because my dog's white so it makes sense")
3. She is planning to stream from Japan in late July or early August. (Verbatim: "when i come back like yeah yeah yeah when when we hit um like late july um or like early august is gonna be like boom boom boom boom boom boom boom um i will be streaming in japan")
4. She has confirmed internet access at her accommodations in Japan will be sufficient for streaming. (Verbatim: "i've actually received um a message back from one of the places i'm staying in to confirm that that the internet will be good enough for me to stream")
5. She is excited about creating a Twitter Spaces chat waiting room during her Japan trip. (Verbatim: "there's a lot i want to set up while i'm there so things like a chat waiting room that we can use um yeah like a twitter space with a special special chat room while i'm you know where you just you just know where to go")
6. She is concerned about spending too much time away from her audience and wants to stay connected. (Verbatim: "what if you move on my heart's not ready my heart's not ready you know vanilla's best tag and tear can go in the bin")
7. She plans to schedule content in advance for when she returns from Japan. (Verbatim: "i'll be scheduling content um yeah i'll still be there and and yeah i'm gonna schedule heckin ton of stuff so so yes yes yes")
8. She is addicted to a game or app called "chattyum" and finds it highly addictive. (Verbatim: "ellium chattyum chattyum is heckin addictive can confirm i am addicted to chattyum")
9. She experiences strange side effects from a substance called "ellium" that she consumes. (Verbatim: "ellium gives weird side effects like i don't know what's somewhere insert weird side there's some weird side effects that are so weird i can't even say it")
10. She humorously warns that excessive ellium use can turn someone into a goose. (Verbatim: "you gonna become a goose okay that's it that's what happens you become a goose you don't just become a regular goose you become a goose okay that's what happens when you take too much ellium") [end of text]



1. She is working toward her debut as a VTuber. (Verbatim: "We're in the... Pre-debut stage.")
2. She is shy when it comes to singing. (Verbatim: "I'm really shy when it comes to singing, to be honest.")
3. She plans to do karaoke before her debut, though not immediately. (Verbatim: "I would wanna do karaoke, like, funsies, um, for, before I, before, before, before the stream, but, quantity, quantities go down for, for a few weeks, um, yeah, yeah, or maybe I could do a Twitter space at karaoke...")
4. She uses a GoXLR audio interface for streaming. (Verbatim: "I've got a GoXLR currently plugged in.")
5. She owns a Focusrite audio interface that she needs to set up. (Verbatim: "But I actually have, what you call it, a Focusrite? Focusrite that I need to plug in and sort that out.")
6. She has been working on writing a script for an ASMR collaboration. (Verbatim: "I technically commissioned her for a script.")
7. She feels bad about repeatedly asking for updates on a script she commissioned. (Verbatim: "I feel bad messaging about it more than twice, you know?")
8. She is open to fans writing a script for her if she doesn’t receive the original one. (Verbatim: "I could ask you all. That could work.")
9. She has a preference for pink-colored eyes in her character design. (Verbatim: "yeah it sees everything cute so it looks at you all the time... yeah it's a cute pink color")
10. She has a fictional connection to "bun land" and enjoys the concept of large buns. (Verbatim: "I should have asked for the biggest buns in all the bun land.") [end of text]



1. She has a history of getting sick easily, especially in crowded or enclosed spaces like airplanes. (Verbatim: "I get stressed even when it's not COVID time and there's coughing people because I catch illnesses easy.")
2. She is concerned about her immune system, noting she stays indoors a lot. (Verbatim: "I go I stay inside a lot so maybe my immune system isn't fantastic.")
3. She has experienced a flight during the COVID-19 pandemic on a plane full of coughing people. (Verbatim: "I had to do one flight during COVID times when I was, when, when I had to, oh gosh, I was on a plane full of coughing people.")
4. She enjoys creating content around being sick, including recording ASMR-style illness sounds. (Verbatim: "if I get ill I can make it ill asmr I'll be like please please help pascadette i'm ill")
5. She has a specific vision for a "sick episode" trope, inspired by shoujo anime, where she would be bedridden and have others bring her notes. (Verbatim: "I gotta have a stereotypical um sick episode and i gotta make sure i keep my umbrella up in the rain")
6. She has a VTuber "mama" who created her official key art. (Verbatim: "this is art from my vtuber mama that i can use for um merchant things")
7. She plans to use her official key art for future member content and updates. (Verbatim: "so yeah i'll be putting this in the members folder it's on my to-do list to update the members folder today")
8. She has a strong emotional connection to her fanbase, expressing love and missing them frequently. (Verbatim: "i love you and i miss you did you hear that one")
9. She is preparing for a future return from Japan, planning a "welcome back" stream and related content. (Verbatim: "this is just the mini the mini back for um what you call it practice for when for when i have a proper welcome back from from when i go japan and come back this time")
10. She has a specific aesthetic preference for her art, including long hair and a fluffy look. (Verbatim: "look at the long hair oh yeah happy pose yeah got my little bag guys so looking fluffy") [end of text]



1. She has a dog named Lila who is allowed on her bed. (Verbatim: "lila my dog is allowed on my bed")
2. She is afraid of moths and finds them scary. (Verbatim: "moths are scary you guys are the light not moths i'm not a moth just because you guys are lights and i'm attracted to you doesn't mean you're a lamp and i'm a moth no no")
3. She is also afraid of butterflies, which she finds scary. (Verbatim: "i don't like butterflies either butterflies always go up to me they're so scary like ah like oh gosh")
4. She has a strong dislike for being kidnapped, citing hunger and the inability to nap as reasons. (Verbatim: "i don't want to get kidnapped i don't think i'd be very good at being kidnapped because i get hungry imagine how many chicken burgers you'd have to get to kidnap me")
5. She does not consider herself elegant and feels she doesn't match the image of a Disney princess. (Verbatim: "i don't know what princesses do what do they do they they do stuff elegant elegant am i supposed to wait what if i end up like princess peach or something")
6. She is currently in a pre-debut phase and not yet using her final model. (Verbatim: "this is the pre-debut chilling time this is the chilling time and and soon we hit the big big time big time soon")
7. She feels restricted in her current form due to limited facial expressions, particularly unable to pout. (Verbatim: "you can't see me pout you can you can kind of see a bit of my expression but yeah i feel like um how do i describe it like restricted")
8. She is excited about her future debut and looks forward to being able to show her full range of expressions. (Verbatim: "i'm so excited i'm so excited like to to be in my proper form you know like very very very excited then i'll truly be here properly")
9. She is currently unable to produce content at full capacity due to not having her final model. (Verbatim: "i don't have a model to work with and i don't want to make content with my temporary model you know so yeah i need to")
10. She plans to build up her energy and rest before her official debut. (Verbatim: "i'll make sure i fill up that sleep sleep battery beforehand but yeah hello there hello there general kenobi") [end of text]



1. She values socializing and ensuring others are happy and "okie dokie artichokey." (Verbatim: "to keep making sure everybody's okie dokie artichokey and happy and vibing")
2. She has experienced extreme mental exhaustion after social events, requiring several days of sleep to recover. (Verbatim: "i've not felt that mentally exhausted for a long time long long time")
3. She consumes soju, particularly the grape flavor, to help with social confidence during events like karaoke. (Verbatim: "the grape flavor is yummy but yeah i was like okay this will assist me")
4. She finds being hungover unpleasant and avoids drinking to prevent dehydration and next-day discomfort. (Verbatim: "i don't like being dehydrated and i don't like feeling like git the next day")
5. She has a habit of taking iron tablets but sometimes forgets, especially when not eating before bed. (Verbatim: "i did forget to bring it oh i know i did take it with me actually")
6. She is British and avoids taking iron with tea due to dietary restrictions. (Verbatim: "because i can't have it with tea and i'm british so yeah")
7. She prioritizes the happiness of her community and considers it her main goal during streams. (Verbatim: "that's the priority that was always the priority and always will be")
8. She has a strong emotional connection to her sofa, which has become a frequent napping spot. (Verbatim: "i napped yesterday i remember that sofa of mine is getting heckin so many naps")
9. She humorously refers to herself as a "soju butterfly" when under the influence of soju during social events. (Verbatim: "i will become a soju butterfly and and fly")
10. She has a fictional character named "Ellie Bro" created by her community, which she acknowledges and playfully competes with. (Verbatim: "apparently ellie bro looks like this definitely not cooler than me though") [end of text]



1. She has a birthday on June 17th. (Verbatim: "It was on the 17th, but I want it from you if it's okay.")
2. She expresses a desire to do a large-scale meme review stream, calling it a "meme-durance." (Verbatim: "It's going to be a meme-durance. It's going to be a big meme-durance stream.")
3. She plans to host a "clip stream" at some point, which she refers to as "Clippy time stream." (Verbatim: "I also want to do a clip stream as well. Yeah, yeah, yeah. Clip. Clippy.")
4. She has a tendency to feel overwhelmed and needs time to recover from social interaction. (Verbatim: "I've recovered little bit by little bit especially with you all thank you for helping me recover.")
5. She has experienced confusion due to technical glitches, particularly with YouTube Super Chats appearing twice. (Verbatim: "Yo, weird YouTube glitch where all super chats are sending twice wild")
6. She identifies as a real girl, not an AI. (Verbatim: "I'm not an AI. I'm a real girl.")
7. She enjoys expressing affection through platonic love, referencing a past moment where she received "offline donors" who said "love you platonically." (Verbatim: "I remember like what is it there was like a moment where I received a bunch of offline donors at one point where a bunch of you were like love you platonically")
8. She has a habit of apologizing for not being able to attend events or streams due to exhaustion. (Verbatim: "I had to sleep yesterday. I literally had it in my calendar. Sleep. Sleep.")
9. She has a playful, affectionate relationship with her audience, referring to them as "my LSU" and expressing joy in their presence. (Verbatim: "Can I get a happy birthday from my LSU?")
10. She has a recurring theme of delayed or belated celebrations, particularly birthdays, and humorously extends the concept to "happy birth week" and "happy birth year." (Verbatim: "Happy delayed birthday. I'm sorry I didn't scream on your birthday.") [end of text]



1. She has a strong emotional connection to her audience and values their presence, even when they are silent. (Verbatim: "just being here will always be more than enough always")
2. She reads member messages before bed and when she wakes up, indicating a nightly routine of engaging with her community. (Verbatim: "i read them in bed... and then when i wake up the first thing i do is i get my phone and then i read it")
3. She feels deeply appreciative of her fans' efforts to reach out, even briefly, and considers their time valuable. (Verbatim: "the fact that you all have such busy lives and you choose to spend even like a moment with me means a lot")
4. She has a preference for headpats and hugs, expressing a desire for affectionate gestures from her fans. (Verbatim: "i just want headpats that's all just headpats and the hug yeah that would be nice")
5. She is aware that her VTuber model is publicly available and can be used by others, with modifications possible via platforms like Nizima and Etsy. (Verbatim: "this model is available for anyone to use... it's on etsy and nizima")
6. She has made adjustments to her default VTuber model's parameters, such as the smile, to personalize her appearance. (Verbatim: "i did some adjustments to the parameters um to change the smile and stuff")
7. She dislikes being replaced or imitated, emphasizing the importance of authenticity and self-acceptance. (Verbatim: "you wouldn't want to replace me because you as yourself is much much much much much better")
8. She enjoys trying to make tempura at home, though she finds her own attempts fall short of restaurant quality. (Verbatim: "I like to try and make Tempura at home but... But he's not as good")
9. She is currently experiencing a warm climate, specifically mentioning she is in England and feels overheated. (Verbatim: "i'm in england and i'm melting")
10. She has a history of using a Rickroll link that was automatically detected and changed by YouTube. (Verbatim: "YouTube tells on me anyway... so it's a snitch") [end of text]



