1. She became a VTuber because her brother introduced her to the concept. (Verbatim: "ellie bro was the one that introduced me to vtubers and i was like that's cool becomes vtuber i want that too yay and here i am")
2. She has a real-life brother who is involved in her streaming setup and is referred to as "my real real real brother". (Verbatim: "theo guy is literally my bro yes yes actually my real real real brother")
3. She is passionate about Beyblades and had a specific red salamander-themed Beyblade as a child. (Verbatim: "this was the Beyblade I had this is the Beyblade I had are you ready are you ready to see my beyblade")
4. She remembers her Beyblade being banned at school along with other items like Pokémon cards and Yu-Gi-Oh! cards. (Verbatim: "your school band beyblades and yugioh cards yo pokemon cards as well right i'm assuming pokemon cards yugioh cards bay blades the whole shebang")
5. She associates the banning of Beyblades with a traumatic incident involving a girl dying from an umbrella in the anime "Another". (Verbatim: "another's been out for a while um a girl is it a girl some punk falls down the stairs onto an umbrella and the umbrella impales her and then she dies the end")
6. She wants to recreate her childhood Beyblade experience by collabing with the Videra girls in Japan. (Verbatim: "I'm gonna make him do a Beyblade stream with me and we're gonna off collab it and we're gonna film it and we're gonna just take and go wild")
7. She believes the Beyblade anime "Beyblade: Let It Rip" is from the early 2000s. (Verbatim: "this is like super super super old um yeah so i really wanted a beyblade and the day i got one was the day they got banned from school")
8. She has a strong emotional connection to her childhood Beyblade and wants to obtain the same model again. (Verbatim: "I need to make sure I get the same salamander Beyblade when I go to Japan")
9. She finds YouTube chat integration extremely difficult and painful to set up. (Verbatim: "YouTube chat just takes, like, um, a lot more effort and struggle and pain")
10. She uses a custom external program called "sigma nuts" to enable custom CSS for YouTube chat integration. (Verbatim: "i'm just going to download this thing called sigma nuts i wish i was joking that's actually what the program's called") [end of text]



1. She is a British VTuber. (Verbatim: "my name is elias lavaria british vtuber and we're talking about anime today")
2. She has watched over 500 full-length anime series. (Verbatim: "i've seen about a bit over 500 full-length anime series not including shorts or movies")
3. She frequently rewatches anime she loves, such as Hunter x Hunter and Skip Beat. (Verbatim: "i've seen about what was it like six times or something like stupid i think i rewatched skip beat at least like 10 times")
4. She is a dedicated fan of anime openings and considers some to be "bangers." (Verbatim: "norigami opening's a banger um")
5. She dislikes anime openings that contain spoilers. (Verbatim: "there are cases where the opening will have spoilers and it makes me so sad")
6. She regrets accidentally watching the second season of Higurashi before the first. (Verbatim: "don't watch the second season of that one um yeah umeneko no nakukoro ni yeah higurashi")
7. She found the movie "Clannad After Story" emotionally overwhelming. (Verbatim: "i was an absolute shambles absolute shambles after story hits hard guys")
8. She believes "Violet Evergarden" has a particularly emotional episode. (Verbatim: "there's this one very very particular episode of violet evergarden where um yeah that had me in absolute shambles")
9. She considers "Grave of the Fireflies" to be one of the most depressing anime. (Verbatim: "grave of the fireflies is literally like really really really really peak sad")
10. She has watched and been deeply affected by "Silent Voice" multiple times. (Verbatim: "silent voice makes me cry every time yeah dude kept people kept telling me pancreas is good it is good i'm happy yeah sure top of the scale really") [end of text]



1. She has a strong emotional reaction to sad media, sometimes feeling so depressed she wants to stay in bed for days. (Verbatim: "really really really peak sad really huh it made me want to not get out of bed for like a day or two")
2. She is deeply affected by emotionally heavy anime and avoids watching them unless prepared. (Verbatim: "i really wanted to watch um i still remember i'm pretty glad i accidentally downloaded the wrong plastic memories to watch")
3. She once went on a school trip to which she had to apply for a special scholarship. (Verbatim: "i had to write like a big letter to this um to this funding board to give me like a special scholarship to avoid this like little week on trip")
4. She forgot to bring a coat on a school trip, which made her extremely cold and contributed to her sadness. (Verbatim: "i didn't bring a coat i was so cold it was so cold so i was already really sad from the fact i was freezing because i forgot to bring a coat on this trip")
5. She enjoys watching anime with a specific tone featuring intelligent, strong female protagonists with romantic elements. (Verbatim: "i really like um what you call it it's like i feel like it's got a very specific tone to it in that you have these sort of like smart strong like female protagonists but there's still like a love interest")
6. She is a fan of the anime *Apothecary Diaries* and hopes for more content, especially featuring the character Mau Mau. (Verbatim: "more apothecary diaries please i need more adventures of mau mau")
7. She is aware that the author of *Apothecary Diaries* was arrested for tax evasion but is relieved they are allowed to continue writing. (Verbatim: "I believe the author got arrested for tax evasion but I think I was reading somewhere that like sorry squeaky chair I'm getting real cozy I'm getting cozy um because we're hitting midnight oh wait no we've hit midnight I'm like Cinderella I think I think the author is still being allowed to write though like she's got it fixed and can go back to drawing yippee")
8. She regrets that the manga *Act Age* was never continued due to the author’s arrest. (Verbatim: "there was like one manga that i really liked that will never be continued um it was called act age and um yeah no that's never oh act age was taking good but no the author got heckin arrested oh shame that was a bad one that was yeah no that was uh yeah no i can't remember the exact reason i just know it involved a girl was it a high school girl or something")
9. She is saddened by the death of an author that prevented a series from continuing. (Verbatim: "or like and then there's like the sad scenarios like was it you know x boku ss oh was it i think i think it was the author for that one right the author for that one passed away so either Xbox OS will never be continued so yeah")
10. She enjoys comfort food, particularly beans on toast with cheese. (Verbatim: "I'll put cheese on it just for you just for you that makes dogs when you know you've got some real fancy beans on toast") [end of text]



1. She has a Minecraft server that she owns. (Verbatim: "elia has a minecraft server technically i am the owner and the yeah i'm the owner of the vide that i won")
2. She is working on managing her stress and overworking tendencies. (Verbatim: "I've been doing a big mental reset of like you know realizing hey i wonder why i'm so stressed")
3. She believes she was raised to equate productivity with self-worth. (Verbatim: "my brain tells me the only way i have value is to be productive oh my gosh")
4. She finds cringe humor important and wants to increase her cringe levels. (Verbatim: "We gotta cringe max, okay. Cringe maxing time.")
5. She has played Monkey Island 1 and 2 on floppy disks as a child. (Verbatim: "my parents had Monkey Island 1 and 2. But they were on floppy disk and the computer I was like...")
6. She is not a fan of horror games or scary content. (Verbatim: "the squeak was me upping my cringe levels" — implies discomfort with intense or unsettling content)
7. She enjoys playing games like League of Legends and Final Fantasy. (Verbatim: "I'll speak to you only in League of Legends talk and brain rot.")
8. She is interested in the release of *Silksong* and *Game of Thrones* Season 2. (Verbatim: "i'll start playing minecraft when silksong gets released and no game no life season two comes out")
9. She has a strong emotional connection to her audience, often expressing concern for their well-being. (Verbatim: "if you've not been here for a while I just hope you're okay")
10. She values quality and quantity in her work, aiming to achieve both. (Verbatim: "i want to do quality and quantity because i'm like anyone can do quality anyone can do quantity but how many people can do quality and quantity like now") [end of text]



1. She celebrates her birthday on the day of this stream. (Verbatim: "apparently today is my birthday it's so nice to see you right after i wake up")
2. She identifies as an orange cat in terms of personality, though she personally sees herself as black and white. (Verbatim: "i feel like i'm not very orange cat like well maybe it's interesting how one can perceive oneself compared to how others perceive you know like i personally would not see myself as an orange cat but it turns out a lot of people do")
3. She enjoys eating lasagna. (Verbatim: "i do like lasagna and i like sleeping but i feel like that's that's that's a lot of people like lasagnas and like sleeping")
4. She has a habit of snoring and sometimes drools while sleeping. (Verbatim: "i'm a snore i snore i'm a snorer or a little snorer i've been told dear oh dear i'm also dribble blah blah i wake up and be like oh no i dribbled on my pillow")
5. She is interested in purchasing a weighted blanket, ideally around 10% of her body weight. (Verbatim: "i gotta buy ones 10% my body weight so i i was looking into that")
6. She prefers blankets with beads and stuffing to prevent bead movement. (Verbatim: "oh oh i'll look into that and then i'll be down bad for my way to blanky why why can't it mean something nice")
7. She has a strong preference for not buying children's sized weighted blankets. (Verbatim: "i don't want to buy a children's one but if i go by that if i go by that accord um they're all children's sides")
8. She has a deep affection for anime, particularly One Piece, which she watches regularly. (Verbatim: "i'm about 1118 episodes behind on one piece um let's see how far am i behind")
9. She finds the end of an anime series emotionally painful due to the lack of future episodes. (Verbatim: "there's a special special pain to that indeed where yeah you want me to call ellie bro if ellie bro reprise i can't talk can i")
10. She has a recurring habit of researching products extensively without making purchases. (Verbatim: "and then i spend too long researching and i don't end up buying anything") [end of text]



1. She is a white and purple cat. (Verbatim: "i'm actually a white and purple cat")
2. She has a distinct voice that people find appealing, particularly in her current vocal form. (Verbatim: "it's interesting because it's not even in my other voice it's just in this voice like i have this voice")
3. She has a 3DO and enjoys gaming, particularly getting easily excited by new games. (Verbatim: "i do actually have a 3do and stuff i just i get hyped very easily")
4. She is currently studying computer science at the master's level. (Verbatim: "my master's was computer science")
5. She completed a bachelor's degree in animal biology. (Verbatim: "my bachelor's was in animal biology")
6. She has a PhD in anime girls being VTuber. (Verbatim: "phd in anime girls being btubar")
7. She struggled with a genetics module during her bachelor's degree and disliked it. (Verbatim: "i hated it so i wish you all the best because i did not i actually remember my genetics exam and i hated it")
8. She once used watching anime as a reward while studying, which led to her getting distracted and falling behind. (Verbatim: "i will reward myself and watch one episode of anime when i finish this chapter and so i did and i started watching um assassination classroom")
9. She finds voice-based ASMR uncomfortable due to emotional whiplash from voice switching. (Verbatim: "the emotional whiplash between the voices is just too much for us to bear")
10. She has a strong emotional connection to the game League of Legends, despite being bad at it. (Verbatim: "i'm like so bad like it's kind of hilarious because even though i'm like yeah league of legends") [end of text]



1. She has a history of procrastination and poor study habits, often choosing to watch anime over studying. (Verbatim: "I didn't study much that day at all don't even remember that's the thing i can't even remember what the heck i was supposed to what what exam it was even for")
2. She once played 20 consecutive ranked League of Legends games and lost all of them, which deeply affected her emotionally. (Verbatim: "i played 10 ranked games and i lost every single one and then i played 10 more and i lost another 10 and then i cried")
3. She previously worked a full-time job as a developer or programmer with a second monitor, allowing her to watch anime while working. (Verbatim: "i was working for like tickets or like programming or whatever i can have another screen and just be like i'm working hard i'm working so hard and then yeah i am the anime")
4. She used to have a more structured sleep schedule when she was more productive in life. (Verbatim: "i remember having such a good sleep schedule when i was a productive member of society")
5. She has a tendency to write essays or academic work that others find unusually intelligent for her, leading to disbelief from teachers. (Verbatim: "elias delaria you did not write this and i was like but but i did they were like this doesn't sound like you this sounds too smart")
6. She identifies as being perceived as not intellectually capable despite having strong writing and analytical skills. (Verbatim: "do i look do i act like i don't")
7. She values kindness more than intelligence in people, believing it is a smarter choice to be kind. (Verbatim: "i'd rather be around a kind person than a smart person because a smart person would know but it is smart to be kind")
8. She has a fondness for the anime *Assassination Classroom*, which she watched in bulk during a study break. (Verbatim: "so i got to one page and turned the episode and then i watched it and i was like you know what and then i got out some really high grade copium i was like okay so like if i just watch all of assassination classroom")
9. She enjoys watching anime with English dubs, particularly noting that the English dub of *Lucky Stars* was good. (Verbatim: "yeah uh not usually a dub hater i just some dub like i personally prefer subs but i do i do appreciate like a good dub sometimes")
10. She recalls switching from dubbed to subtitled anime when dubbed episodes were unavailable, specifically during her viewing of *Code Geass*. (Verbatim: "i ran out of episodes and i was like i need to know what happens like i need to know i need to i need to like even though technically subtitles like maybe the voice") [end of text]



1. She has experienced negative reactions from others due to her strong emotional acting in the past. (Verbatim: "because my acting was good apparently if you act good people then think badly of you")
2. She has had a dream where she voiced a character in a visual novel, specifically a sad scene. (Verbatim: "i had like a dream where i talked through or voiced through a visual novel")
3. She struggles with the perception that her emotional expression might be seen as inauthentic or "fake" by others. (Verbatim: "that means that whenever you're sad means you're always fake and i'm like no but like the acting like it i don't know why it caused me so much trouble back then")
4. She is interested in voice acting for anime or games in the future. (Verbatim: "would you want to voice an anime or game one day yes yes absolutely yes")
5. She finds emotional anime monologues particularly powerful and impactful. (Verbatim: "we need to do like a thing where we just review like best like an emotional anime monologues")
6. She has a large head and prefers larger hat sizes, which she jokes is due to having a big brain. (Verbatim: "my head's quite large my body cries in larger hat size but that just means there's a big brain in there maybe")
7. She has been to Japan before and plans to revisit, using past experiences to prepare for future trips. (Verbatim: "i can also use my knowledge of when i've been before")
8. She is interested in playing the visual novel *Katawa Shoujo*, though she has not played it yet. (Verbatim: "have you guys ever played um katawa shoujo is that what it's called")
9. She is aware that *Katawa Shoujo* contains adult content and is concerned about streaming it on platforms like Twitch. (Verbatim: "it's banned on twitch two years ago")
10. She values subtitles when watching anime, even if the dub quality is poor, because they help her understand the story. (Verbatim: "i'd rather have subtitles to help like yeah those performances though are awesome") [end of text]



1. She has a habit of staying up very late, often until 4 AM, despite intending to go to bed. (Verbatim: "boom 4am every heck in time every heck in time")
2. She struggles with falling asleep and finds it difficult to stop scrolling or engaging in light activities before bed. (Verbatim: "i'm just gonna watch some anime i'm just gonna read a bit of manga i'm just gonna catch up on some manga i'm just gonna scroll a little bit")
3. She dislikes saying goodbye, finding it sad and emotionally heavy. (Verbatim: "i hate bye-byes okay bye-byes suck so much okay bye-byes are sad")
4. She enjoys drinking Coca-Cola before bed, despite knowing it’s not ideal. (Verbatim: "nothing says i'm about to go to bed than doubting a ton of coca-cola right")
5. She has a strong emotional connection to her viewers, often expressing affection and care through her stream. (Verbatim: "i wish you a super super super wonderful birthday yeah birthday happy happy birthday yeah")
6. She values her "yap works" (likely referring to her live streams or chat interactions) and expresses gratitude toward her audience. (Verbatim: "thank you so much for that yo brilliant i don't take credit for that at all")
7. She has been streaming for seven months as of this stream. (Verbatim: "can't believe it seven months already")
8. She uses the phrase "for now for now for now for now" as a recurring expression, possibly indicating a temporary or indefinite pause. (Verbatim: "for now for now for now for now")
9. She finds comfort in routines involving anime, manga, and light digital consumption before bed. (Verbatim: "i'm just gonna watch some anime i'm just gonna read a bit of manga")
10. She identifies with being emotionally expressive and self-aware about her coping mechanisms. (Verbatim: "yeah i'm coping so hard i'm so good at it though") [end of text]



1. She has a Beyblade from her childhood that she never got to use in school battles. (Verbatim: "when I went to Japan last so hopefully but I never got to use it at school I never got to truly battle")
2. She lost all her Beyblade battles against her brothers. (Verbatim: "I only got to battle my brothers with this and I'll be honest I kept losing")
3. She believes bananas grant her celestial messenger powers and enable flight. (Verbatim: "my lore is that they give me my celestial messenger powers yes yes yes yes that is how i have wings that is how we fly")
4. She worships bananas and thighs in her personal belief system. (Verbatim: "we worship two things in this house we worship bananas and thighs so yeah yeah yeah")
5. She has difficulty with basic arithmetic and counting. (Verbatim: "counting is hard yeah um which is ironic because i think a lot of people actually don't believe me when i say that my doctorate was supposed to be in mathematics")
6. She claims to have a doctorate in mathematics, though she struggles with mental math. (Verbatim: "my doctorate was supposed to be in mathematics um which is wild because i i actually think there's there's people out there that don't believe me")
7. She finds it difficult to divide numbers by 10 and once resorted to multiplying by 100 and dividing by 1000 to compensate. (Verbatim: "i forgot how to divide kind of by 10 so the way i was divided then i started doing something else because i was like how do i divide by 10")
8. She once forgot how to spell the letter "y" and struggled to recall its final letter. (Verbatim: "i forgot how to spell the word y i wrote wh and i was like what's the last letter what's what's the last letter")
9. She has a poor grasp of the Japanese language despite having taken lessons. (Verbatim: "my nihongo is not jose at all gomena sorry it's really bad i've had lessons but i need to improve on it")
10. She has a habit of drinking large amounts of Coke Zero from a 1.5-liter bottle. (Verbatim: "it's a 1.5 liter bottle of coke zero let's heck and go um wait do i drink this from the bottle is that okay") [end of text]



1. She has a hidden farmer accent that occasionally surfaces when she speaks. (Verbatim: "do you know i am i have a farmer accent hidden deep down um which i try to hide from there but comes out a bit more if i'm oh oh farmalia farmarelia farmarelia at your service um")
2. She once considered streaming as a farmer in a field with a farmer hat and combine armister. (Verbatim: "i whack open a webcam and i'm actually like sat in a field with a little farmer hat and a combine armister and i'm like yo what up it's your girl farmer ellie today we're doing an irl stream on the farm and we're gonna get them crops go and we got some taters to get got my dungarees on yeah")
3. She used to be very outdoorsy but became less so after discovering anime. (Verbatim: "i used to be very outdoorsy until um i discovered anime")
4. She discovered anime through watching Dragon Ball Z and later watched Bleach as her first full anime. (Verbatim: "the first anime that i watched was bleach yeah it was bleach so um anybody was like yeah i think you should watch this and i was like okay i was like whoa")
5. She enjoys watching fan-subbed anime, particularly older ones with low-quality subtitles. (Verbatim: "i remember trying to find i was so desperate for the newest episode of something where i was trying to find any sort of like subtitles available and i was watching it and they straight up had so like imagine this is like the screen and then like above like an actual like window capture of windows notepad and actually just like typed out like the words of the lines like a genuine like white box was on the top of the screen")
6. She has a strong fondness for the anime Lucky Star and would be interested in rewatching it. (Verbatim: "i haven't watched lucky stars in so so so so long i love lucky star it's such a classic but yeah yeah the fan subs oh my gosh")
7. She is interested in voice acting and would be open to working on a project like a bridge series. (Verbatim: "i would love to though like um be able to do i you know i do love the idea of voice acting if anyone ever needs me from a bridge series yo you want some weird bridge punk hello what up it's your girl elia stalmaria um that'd be fantastic i would i would give it my all")
8. She enjoys abridged anime series and considers them funnier than the originals. (Verbatim: "some of the abridged ones are really funny though like people make some absolute gold")
9. She is planning to announce a major project on her one-year debut anniversary. (Verbatim: "i think i'll announce my big project when i do my one year debut anniversary i think that would be fun")
10. She uses a personal Discord server to organize her projects, tasks, and creative work. (Verbatim: "i use discord and i make my own like personal server where it's just me in it and um and i use it to keep track of all my projects and like basically use it as like a planner") [end of text]



1. She has a strong emotional reaction to age ratings in video games, recalling crying for an hour as a child when unable to play a game due to being one year too young. (Verbatim: "I was in shambles I was in absolute shambles so so I kept crying not old enough I'm not old enough I'm too young by one year")
2. She was allowed to play Monkey Island 3 despite it being rated 11+, with her father (referred to as "Papa Elia") granting permission due to its puzzle difficulty being suitable for her. (Verbatim: "Papa Elia was like don't worry Elia I will allow you to play it and I was like whoa for real you'll allow me to break the law the law oh gosh")
3. She has a fondness for Coke Zero, which she drinks during streams. (Verbatim: "I'm gonna have some more coke the coke zero um let's take and go yippee")
4. She is fixated on Super Mario 64 and regrets not having her Switch to play it. (Verbatim: "I can't play super mario 64 which is my current fixation and i need to find i need to find another one")
5. She enjoys playing and completing games in sequence, referencing "Super Mario 65" through "Super Mario 70" as part of a playful, ongoing narrative. (Verbatim: "completed it completed it mate i completed it and then i completed super mario 66 super mario 67 super mario 68 didn't bother with super mario 69 and then completed super mario 70")
6. She finds numbering schemes confusing, particularly with Xbox consoles, and expresses frustration with their naming (e.g., Xbox 360 vs. Xbox One). (Verbatim: "numbering scheme still stresses me out to this day by the way xbox xbox 360 xbox one it's not xbox one mate it's xbox three but xbox 360 has the three in it")
7. She has a deep appreciation for physical media, particularly disc drives, and is upset by their removal from newer consoles. (Verbatim: "how dare they remove disc drive disc drive chan did not deserve removal like yeah it didn't just have dvd support right it had um blu-ray support")
8. She is planning a trip to Japan, indicating future travel aspirations. (Verbatim: "I'm going to Japan soon")
9. She has a British background, as indicated by her use of British slang and self-referential humor about sarcasm. (Verbatim: "I'm just British")
10. She has a strong emotional connection to Christmas and the concept of Santa Claus, recalling her childhood belief and eventual realization of the truth. (Verbatim: "I figured it out actually it was pretty old it's like yo what you using the same wrapping paper for and like what you using the same handwriting for") [end of text]



1. She is British and identifies as Southern British. (Verbatim: "as you can tell I'm southern british and southern british indeed yes")
2. She has a strong fondness for Greggs, particularly their mozzarella breaded cheese items and chicken tendies. (Verbatim: "I actually went to Greggs and got these... It was really really nice, it was really good")
3. She enjoys home-cooked food and finds it more enjoyable than outside food. (Verbatim: "Home cooked food is at least several times better than outside food.")
4. She has a past habit of cooking and baking extensively during university. (Verbatim: "I used to make a lot. I used to cook so much. I used to only cook.")
5. She used to bake frequently when living with her parents but stopped due to lack of people to share her baked goods with. (Verbatim: "I used to try and do a lot of baking even though they did not like me in the kitchen or like")
6. She has a desire to host cooking or baking streams with other VTubers in the future. (Verbatim: "I do want to try and do cooking stream once I'm home I'll figure it out")
7. She dislikes black pudding, which she describes as a blood sausage. (Verbatim: "I don't like black pudding I don't think a lot i don't actually know a lot of british people that like black pudding")
8. She finds the northern English accent and culture intimidating, indicating a cultural distinction between the south and north of England. (Verbatim: "the north scares me like as you can tell i'm southern british")
9. She enjoys British classics like chicken tikka masala and would like to make a homemade curry. (Verbatim: "oh i want a curry maybe like a like a chicken tikka masala a good old british classic")
10. She has a nostalgic connection to cooking as a joyful experience tied to sharing food with others. (Verbatim: "a big joy of cooking is like um you know watching someone eat the food that you've made") [end of text]



1. She has a strong interest in anime and often references anime-related content. (Verbatim: "overwatch is everyone's favorite anime right right yeah nerf this")
2. She enjoys playing video games, particularly Overwatch and Beyblade. (Verbatim: "maybe one day I'd love to voice in a game one day")
3. She has a fondness for the character Widowmaker from Overwatch and finds her voice lines memorable. (Verbatim: "oh I can't do french r's though croissant")
4. She is interested in creating custom Beyblade designs and has a personal connection to the concept. (Verbatim: "we should decorate it elia stellaria style")
5. She has a deep appreciation for the Beyblade anime universe, including its fantastical elements. (Verbatim: "i've heard of this wait i'm gonna try and find a picture this is true i believe this is true")
6. She has a playful fascination with religious figures being reimagined as anime characters. (Verbatim: "oh gosh bet okay casting changes were made but it's gonna be so worth it trust it yo it's me your boy jesus")
7. She has a nostalgic connection to watching anime during her childhood, often recalling moments of parental disapproval. (Verbatim: "i'm having like right now i'm having all the flashbacks of like watching anime at home and the look of disappointment on my parents face")
8. She has watched anime such as How Not to Summon a Demon Lord, Food Wars, and Fire Force. (Verbatim: "how not to summon a demon lord and my parents walked in at like the worst possible scene ever")
9. She has a particular memory of being caught watching a scene from How Not to Summon a Demon Lord that she considered extremely embarrassing. (Verbatim: "the scene is like um where i'll see if i can find a scream cap of it how not to summon a demon lord")
10. She has a humorous and imaginative mindset, often blending pop culture with religious or mythological themes. (Verbatim: "i want riniko as jesus va um i'll vouch for you") [end of text]



1. She has a strong tolerance for expired food and has consumed it regularly. (Verbatim: "expired food from uni yo expired food most my life")
2. She believes her stomach has a "cast iron" constitution and is highly resistant to food poisoning. (Verbatim: "i have so much i have like a stomach of steel though right it's like building up resistance")
3. She uses furniture and kitchenware sourced from dumpsters, including a microwave and table. (Verbatim: "i got my microwave and table from a dumpster yes")
4. She enjoys eating burgers and considers them a source of happiness. (Verbatim: "this is so good what the heck oh my god let's take it go")
5. She takes small bites to make her food last longer. (Verbatim: "fun fact i take tiny bites i've been told i have a very small bite")
6. She has a close relationship with her mother, who works in a food shop and helps her obtain discounted expired food. (Verbatim: "my mom my mom works in a shop and it sells food so she gets to do that thing like have you seen the anime bento where they put like the little sticker on and make it cheap")
7. She is a fan of the anime *Fate: Heaven's Feel* and has been embarrassed when family members walked in during intimate scenes. (Verbatim: "your family walked in on that scene with shira and saka sorry i peaked it's it's um it's a right of way if you're an anime fan i think okay even if it's not family you gotta have like someone judge you right")
8. She enjoys the anime *Food Wars! Shokugeki no Soma* primarily for its food preparation and culinary education. (Verbatim: "i love that anime the food part's really really good like it's actually really fascinating to learn about the food you're like it looks delicious")
9. She finds the anime *That Time I Got Reincarnated as a Slime* emotionally impactful, particularly the character Amelia's arcs. (Verbatim: "i think i only remembered up to the last season because the thing that remained in my head was the stuff with the bunnies")
10. She identifies with the idea of building resilience through repeated exposure to challenging experiences, using food as a metaphor. (Verbatim: "every time you eat yeah you get like plus one food resistance right") [end of text]



1. She enjoys watching anime, particularly isekai and shoujo genres. (Verbatim: "I've always loved blue, it's just such a calming color for me.")
2. She is a fan of the anime "86: Paranormal Investigator" and considers it one of her top recommendations. (Verbatim: "86 was like such i feel like 86 deserves so much more love 86 deserves all the love")
3. She has read the light novels for "86" and was deeply engaged with the story. (Verbatim: "I finished 86 binged it so hard and then i went and read all the light novels i was that hooked")
4. She recommends "Land of the Lustrous" and appreciates its emotional depth and art style. (Verbatim: "I really enjoyed land of the lustrous yeah land of the lustrous was really nice I would like more of that")
5. She is a fan of "Chihayafuru" and considers it a sports anime despite its card game theme. (Verbatim: "i love chiharufuru i love chiharufuru i'm not like i i don't think i'd ever be able to play the actual karuta but i count chiharufuru as a sports anime")
6. She has watched and enjoyed the anime "Sake" despite not understanding the plot. (Verbatim: "i watched this anime and i was like that was fun i still have no idea what's going on")
7. She has watched the entire anime about mahjong but still does not know how to play. (Verbatim: "i watched the entirety of um an anime about mahjong i still have no idea how to play mahjong")
8. Her mother plays mahjong, though she does not plan to learn from her. (Verbatim: "my mother likes to play mahjong actually but i'm not having her teach me i feel like she would not be um she would not be that good")
9. She believes season two of "The Devil Is a Part-Timer!" was of poor quality and damaged the series' reputation. (Verbatim: "the quality drop was just so so so real it hurt i was like oh i'd rather sometimes sometimes guys it's better to not have a season two")
10. She expresses strong disappointment over the lack of season two for several beloved anime, including "Neverland" and "Seven Deadly Sins." (Verbatim: "never had a season two seven deadly sins didn't they can exist right um oh what other ones are there psychopath season two it didn't exist that didn't exist") [end of text]



1. She enjoys watching sports anime for motivation. (Verbatim: "as someone who's not a sporty person i very much recommend sports animes for when you're feeling very demotivated")
2. She finds inspiration in the determination shown in sports anime like Haikyuu and Blue Lock. (Verbatim: "watching haikyuu and like just seeing them try so hard like for their team or for their sports")
3. She has watched and appreciates the anime Blue Lock, which influenced her gym workouts. (Verbatim: "blue lock was the anime that i'd watch at the gym so because and then my my running pace at the gym would match whatever the heck was happening in blue lock")
4. She has visited Japan and observed the popularity of certain anime through local merchandise and advertising. (Verbatim: "what i find interesting is every time i go to japan is seeing what a sentence to say i cry sorry i appreciate it very much that i can even say that sentence")
5. She is currently working on learning to sing the ending theme of Free! Run. (Verbatim: "i'm working on learning how to sing the ending to free run")
6. She has a preference for anime with high-quality animation, especially in gacha games. (Verbatim: "some gacha games have some really hecking great animation to them though like i'm a sucker")
7. She is a fan of the anime Link Click and considers it a good and emotional story. (Verbatim: "link click is really good i still need to watch the second season but it was like they actually had like a big thing for anime expo")
8. She has watched Free! and found it emotionally impactful. (Verbatim: "i enjoyed free for the swimming yeah yeah yeah yeah if your first time catching a stream found me through my cover")
9. She is interested in learning how to play mahjong. (Verbatim: "we should learn mahjong then we should learn mahjong it would be interesting")
10. She has difficulty with 3D animation in anime, finding it off-putting when used randomly. (Verbatim: "the cgi is really off-putting and and they use it a lot for like even like really short tiny scenes") [end of text]



