1. She is the middle child in her family. (Verbatim: "I'm the heckin middle child yeah... do you not feel the middle child energy radiating off me?")

2. As a child, she put seven teaspoons of sugar in her tea to make it palatable. (Verbatim: "seven teaspoons of sugar... I really wanted to drink tea with the rest of my family but I didn't like it so I just put seven teaspoons of sugar until it tasted more like sugar")

3. She now drinks her tea with only one teaspoon of sugar. (Verbatim: "I have one teaspoon now")

4. She has never had a cavity, which she attributes to strong teeth genes. (Verbatim: "I've never had a cavity okay it's okay I have very strong teeth genes I think")

5. She grew up in a British household where drinking tea was a common family practice. (Verbatim: "I don't know if this is a British thing but I had to learn how to drink tea... everyone else in my family that was drinking tea")

6. As a child, she was responsible for making tea and coffee for visiting family members every Sunday. (Verbatim: "whenever my nan nana elia would come visit every single sunday and um and that's when i would be made to go make tea and coffee for everybody")

7. She once drank golden syrup straight as a child, treating it like a beverage. (Verbatim: "there's a short that covers my story about drinking golden syrup and just eating sugar")

8. She initially misunderstood espresso, thinking it was a small or children's version of coffee due to its size. (Verbatim: "I look back at the shot, and I'm like, oh no, I've ordered a coffee for babies... This must be for small children")

9. She once ordered a double espresso thinking it would be a larger, "full-sized" coffee, not understanding the meaning of the term. (Verbatim: "double espresso, nice, that's probably for a larger child, or maybe an adult, I shall get it, and finally get my full-sized coffee")

10. She owns a coffee machine and has tried making lattes and latte art at home, though her attempts are "very abstract." (Verbatim: "I've got this coffee machine... I've been trying to make like lattes, do latte art... my latte art is very abstract, by the way") [end of text]



1. Her birthday is in March. (Verbatim: "just keep this in your pocket for when it is your birthday my birthday is not until march")

2. She is British and acknowledges that Thanksgiving is not a traditional holiday in England. (Verbatim: "thanksgiving's not a thing in england um no so but it's it's an interesting day")

3. She struggles with pronouncing certain English words, such as "celebratory." (Verbatim: "celebratory celebratory so celibacy oh i don't know i'm confused words are hard okay")

4. She has difficulty with the Japanese language, particularly reading and understanding phrases. (Verbatim: "oh can i read any of this desu all i can read is desu")

5. She relies on internet tools like Google Translate and DeepL for translations. (Verbatim: "who can't read ellia can't paste search the internet will tell me my answers yay internet relying on internet")

6. She feels guilty about not being able to keep up with meme submissions from fans. (Verbatim: "i just feel bad that like people are having to wait months and months and months so i should just do this")

7. She plans to host a recurring long meme review stream called "Thanks Memeing." (Verbatim: "we're gonna have thanks memeing and we shall look at memes all day on the the great holiday of thanks memeing")

8. She intends to take Sundays as a dedicated rest day and avoid social obligations. (Verbatim: "sunday will be my rest day and nobody shall take that from me i will not be visiting family i will not be visiting anybody")

9. She uses the slang term "down bad" but was unaware of its actual meaning and was embarrassed upon learning it. (Verbatim: "i'm so embarrassed to be using it for like so much so much all the time i've been using it with another")

10. She identifies as an "English British girl" learning English, indicating self-awareness of her linguistic quirks. (Verbatim: "celebrate the english british girl learning english yay") [end of text]



1. She has been to Japan and misses Japanese konbini (convenience stores). (Verbatim: "i know i've been to japan but she still likes to send like videos for me to be like watch this... i miss the konbini i miss all the bentos that they have")

2. She is currently taking singing lessons. (Verbatim: "oh gosh i'm really late oh gosh i have singing lesson today guys")

3. She expresses a strong affection for Megumin from Konosuba, including owning figurines and a cosplay. (Verbatim: "i have so many megamin figurines and a megamin cosplay i want to be megamin")

4. She wants to develop a "Chun-E" arc for her persona, involving spellcasting and lore. (Verbatim: "I can't wait to start my Chun-E arc. Then I can cast spells... I'll reveal under my eye patch the power hidden within my eye")

5. She is considering evolving her VTuber persona in either a "chunny" or more casual direction. (Verbatim: "one direction is to go more chunny or the other direction is to go more casual")

6. She previously mentioned bubble tea as a memorable experience, recalling her first time trying it. (Verbatim: "happy six months Ellie do you remember your first time getting bubble tea i do i remember being like what the heck are these bubbles")

7. She finds it difficult to accept compliments and reacts with self-doubt. (Verbatim: "oh gosh oh gosh i doubt myself i doubt i have doubt but thank you")

8. She is interested in creating themed content, such as a stream takeover for International Banana Day. (Verbatim: "I'll just let the banana take over the stream that day, I think")

9. She has a Japanese teacher who assigns her videos about daily life in Japan to watch. (Verbatim: "my japanese teacher she sets me like videos to watch about... the daily life of someone in japan and stuff")

10. She enjoys parasocial and community interaction, referring to it as a "codependent parasocial relationship." (Verbatim: "final for us thanks for this codependent parasocial relationship we're all in you'll make us happy") [end of text]



NO RELEVANT INFORMATION [end of text]



1. She grew up in a household with different rules for boys and girls, experiencing gender-based double standards. (Verbatim: "some good old-fashioned misogyny where um where the rules were different because they were boys um to me who is who's girl")

2. She has two older brothers, referred to as the "ellie bros," who were given more freedom than she was as a child. (Verbatim: "both early bros were considered responsible enough to like be able to walk outside on their own um and i i was not")

3. As a child, she was forced to have short hair and often wore hand-me-down clothes, making her feel scruffy and unkept. (Verbatim: "i'd literally be the scruffiest looking child as well i'd be like this kid in like her heckin hand me downs with her with her little short hair that she was forced to have")

4. She didn’t care about appearance as a child because she felt there was no one to be presentable to. (Verbatim: "why do i have to look nice um and it wasn't until i was older when i figured out that um turns out people treat you differently they treat you differently based on how you look")

5. She learned to make various teas and coffees for her family members, each with specific preferences. (Verbatim: "i used to have to learn how to make everyone's teas and coffees and like everyone had it like um what was it um like how they liked it")

6. Her mother ("mama elia") drinks coffee and does not like tea. (Verbatim: "mama elia has coffee she doesn't like tea")

7. Her father ("papa elia") takes his coffee with two teaspoons of sugar and some milk. (Verbatim: "papa elia has two two two teaspoons of sugar and some milk")

8. Her grandmother ("nana elia") prefers her tea milkier and uses sweeteners instead of sugar, which she brings herself. (Verbatim: "nana elia prefers hers on the milkier side and has sweeteners no no sugar she prefers she prefers sweeteners which she brings herself wherever she goes")

9. She discovered late in life that people are treated differently based on appearance, which she describes as an "awful lesson." (Verbatim: "i discovered that awful that awful lesson much later on like too too too too too too too late")

10. She expresses interest in learning Japanese, particularly by reading children's books with hiragana, possibly on stream. (Verbatim: "Reading Japanese kids' stories to learn how to read hiragana. Hiragana on stream.") [end of text]



1. She is learning to read, type, and write in Japanese. (Verbatim: "I'm gonna learn how to read, and then I'm gonna learn how to type, and then I'm gonna learn how to write.")  
2. She has a dog that she walks regularly. (Verbatim: "I was walking my dog, I was walking my dog, just strolling around.")  
3. She was haunted by the repeated sight of a banana left mysteriously on a ledge during a walk. (Verbatim: "I see there on the ledge... a banana, just, just a banana, just there, just on the ledge, menacingly.")  
4. She has difficulty pronouncing certain English sounds, particularly the "R", and is self-conscious about it. (Verbatim: "I have an issue with the way I pronounce them... I gotta hold back my R's.")  
5. She attempts to speak in Received Pronunciation (RP) to sound more formal or "fancy". (Verbatim: "I speak RP. I need to be able to speak RP.")  
6. She once worked her first office job providing phone support, where she struggled with her first customer call. (Verbatim: "I had my first, um, first, like, office job, and it was, like, my first day on the phones.")  
7. She was not trained to assist customers from Northern Ireland during her first office job, which caused a problem during a support call. (Verbatim: "I was only taught how to deal with the English customers... not people in Northern Ireland.")  
8. She became overwhelmed and nearly in tears during her first customer service call due to lack of training and the caller’s anger. (Verbatim: "I was there, like, almost in tears, okay? This was my first call.")  
9. She finds strong Scottish, Irish, and Welsh accents difficult to understand. (Verbatim: "I'll be honest, I struggle with Scottish and Irish and yeah. Scottish, Irish, Welsh accents when they're really, really strong.")  
10. She has a dark sense of humor and acknowledges it can be inappropriate at times. (Verbatim: "I have an awful sense of humor. Yay! Haha! Sorry for your loss.") [end of text]



1. She had a traumatic first customer service call at a job in England, where she became nearly tearful and felt she failed badly. (Verbatim: "This was my first call. I'm much better now, but, like, I was, like, in tears almost, being, like, I'm not trying to go home early...")

2. She worked in an office environment in England/Europe and observed strict employment protection laws compared to American offices. (Verbatim: "I found very interesting... the rules about like firing are extremely strict in England and Europe.")

3. She has worked in customer service and retail jobs prior to her VTubing career. (Verbatim: "same with one of my retail jobs, I remember being sat there talking about Nintendo and Smash Brothers for a while, and then I got hired.")

4. She identifies as a natural introvert but has developed an "extrovert Ellie" persona to navigate social and professional situations. (Verbatim: "I'm an introvert, through and through, I just have extrovert Ellie that can come out...")

5. She struggled with social anxiety and had to train herself over many years to appear more extroverted. (Verbatim: "it took many, many, many years of training... little do you know, there's a socially anxious mess under here.")

6. She believes raises should be mandatory and match inflation, criticizing companies that do not provide them. (Verbatim: "i feel like that it should be mandatory i feel like countries should have a mandatory raise...")

7. She did not receive any formal education in economics or personal finance during school. (Verbatim: "we didn't have it as an option for gcse definitely didn't have any personal finance classes didn't know what taxes were.")

8. She experienced emotional neglect or negative messaging from her parents during childhood. (Verbatim: "my parents only taught me how to dislike myself... we'll use dislike to make it a bit more gentler on the heart.")

9. She once had a manager who quietly took over a call when she was emotionally overwhelmed, which she initially misinterpreted as disapproval. (Verbatim: "she just took the phone off me and was like... go, go, it's okay... I thought it was a, wow, you suck, go home.")

10. Her job interviews in the past were unusually casual, involving discussions about Domino's Pizza and Nintendo instead of formal questions. (Verbatim: "we spoke about Domino's Pizza for about like an hour, she was really lovely, and then I got hired.") [end of text]



1. She is working on improving her credit score to eventually buy a house. (Verbatim: "i've been trying to like sort out credit score and stuff so i can um so i can eventually maybe one day get a house")

2. Fraudulent accounts were opened under her name when she was very young, possibly by her parents. (Verbatim: "stuff that was under my name that is not actually me was actually said parents pretty certain it's quite illegal")

3. She had a confusing interaction with a credit agency (likely TransUnion) about fraudulent activity from when she was four years old. (Verbatim: "i literally explained to them i was like yo look at the year look at my birth date i would have been four now surely a four-year-old can't take out... credit")

4. She learned how to make tea recently and considers it a valuable skill she has acquired. (Verbatim: "i did learn how to make tea so i did learn i did learn a lot")

5. She is very cautious with financial and legal matters and always reads terms and conditions thoroughly. (Verbatim: "i'm also the kind of person to read the terms and conditions like heavily even if it's 12 pages")

6. She grew up in England, where the age of adulthood is 18. (Verbatim: "when they're like 18 or something which is adult here in england")

7. As a young child, she frequently woke up at 4 or 5 AM and watched TV alone, sometimes climbing to reach the remote. (Verbatim: "little ellio used to wake up at 4 or 5am and and get bored... i have a memory of trying to like climb some cupboards to try and get to the remote")

8. She had a bunk bed (top bunk only) as a child and often rolled off it onto the floor. (Verbatim: "i remember getting a bunk bed like where it's just the top bunk and i used to roll off that a lot onto the floor")

9. Her parents’ room shared a very thin wall with hers, allowing them to hear her easily, unlike her brother’s room which had better sound insulation. (Verbatim: "the wall between my room and my parents room was basically like super thin so you know they could hear like they could hear me typing on a keyboard through that")

10. She recently received a raise at work, possibly tied to changes in the minimum wage. (Verbatim: "yeah i also just got a raise earlier but it was a bit different i believe they could increase in pre-factual minimum working wage or something") [end of text]



NO RELEVANT INFORMATION [end of text]



1. She grew up with very stressed parents who prioritized work, which influenced her perspective on work-life balance. (Verbatim: "it's okay i think for me though it's because i grew up with very very very very very stressed parents and to me i saw a lot of like um you know um them putting work as a priority")

2. Her mother, referred to as "mama elia," works for a large company where she was seriously injured due to structural failure and improper installation, leading to a workplace injury lawsuit. (Verbatim: "she did suffer a very very very painful workplace injury that was definitely the fault of the company")

3. She has a strong emotional reaction to videos of her mother’s injury, finding them distressing and refusing to watch them. (Verbatim: "mother i don't i don't want to see these videos of you getting injured this brings me nothing this brings me no joy")

4. She streams full-time and credits her audience for enabling her to do so, expressing deep gratitude for their support. (Verbatim: "the fact i'm able to do so many streams and do this full time is completely completely thanks to to you guys")

5. She is concerned about burnout and has considered limiting her streaming schedule despite being capable of doing multiple streams a day. (Verbatim: "we also need to stop burnout ellie")

6. She frequently dreams about food, especially chicken burgers and Japanese sweets, but often wakes up right before eating them. (Verbatim: "i have a lot of dreams where i have yummy foods i'm about to eat it and then i wake up")

7. She does not experience taste in her dreams, as she never reaches the point of actually eating the food. (Verbatim: "do i have taste sense i don't think so because i've never gotten to the point where i've gotten to eat anything")

8. As a child, she once had a traumatic dream where a cup around her neck felt like it was strangling her, which mirrored reality when her long hair wrapped around her neck while sleeping. (Verbatim: "in my dream that it felt like the cup string was like strangling me... my hair had wrapped itself around my neck and I was being strangled by my own hair IRL")

9. Due to the hair-strangling incident, her parents took her to get a haircut the next day and she was not allowed to have long hair again. (Verbatim: "they took me to the hairdressers the next day and and and made me have short hair")

10. She expresses empathy toward people who suffer from nightmares, having experienced distressing dreams herself, and hopes others can have peaceful dreams. (Verbatim: "i hope that anyone watching that does have nightmares i hope those nightmares go eventually") [end of text]



1. Elia does not suit a bob cut, based on repeated comments from people in her life. (Verbatim: "bob cuts don't suit me everyone in my life decided to really point that out to me... oh short hair doesn't really suit you elia i liked you better with long hair")

2. She once had to keep her hair short enough that it wouldn’t go around her neck, likely due to a medical or institutional requirement. (Verbatim: "i had to keep my hair short enough that it wouldn't go around my neck basically")

3. She avoided having her head shaved and negotiated for a different haircut, which she describes as vase-shaped. (Verbatim: "did i go bald after the hair thing no um i managed to convince them to not shave my head... it was maybe a like a vase shape")

4. Thanksgiving is the week after the stream, and she mentions it is not her birthday. (Verbatim: "next week thursday is thanksgiving... rule number one is it's not my birthday")

5. Elia and Aura are obsessed with yakiniku and enjoy searching for yakiniku places in England as a hobby. (Verbatim: "me and aura are slightly obsessed of yakiniku... that's why it's mine and or his favorite hobby")

6. She finds wagyu beef extremely expensive and was shocked by a £125 price tag for it at a restaurant. (Verbatim: "125 pound wagyu and it was like what why is it so expensive")

7. Elia wants to play Yakuza 0 and potentially do a “Yakuza week” where she plays the game exclusively for a week. (Verbatim: "i feel like hmm I could do like a yakuza week in the future where all I do is play yakuza for the entire week")

8. She has never done purikura (photo booth stickers) and expresses strong interest in trying it. (Verbatim: "I've never done puri kura I wanna puri kura can we can we I would wait I want to do that that sounds really fun")

9. Elia is learning to read Japanese, specifically starting with hiragana, and wants to read children’s books to improve. (Verbatim: "I want to read some Japanese children's books that are in hiragana so I can learn how to read")

10. Her favorite characters in the Yakuza series are Kazuma Kiryu and Goro Majima. (Verbatim: "kazudaria and majimora gx order perfect that's my favorite my favorite characters of all time") [end of text]



NO RELEVANT INFORMATION [end of text]



