1. Her birthday is March 7th. (Verbatim: "it was 7th of march also i'm glad to hear you like the new animated emotes")
2. She grew up attending Catholic school. (Verbatim: "so i grew up going to like a catholic school and stuff so for easter i used to have to do a lot")
3. She has a close relationship with her family, including her father and brother. (Verbatim: "papa elia and ellie bro come around the other day and drop off a bunch of easter eggs")
4. She enjoys white chocolate the most. (Verbatim: "i got a white chocolate lint because i really like white chocolate")
5. She received Easter eggs from her parents, including a white chocolate one. (Verbatim: "i got a white chocolate lint because i really like white chocolate")
6. She once forgot to inform her father about her trip to Japan. (Verbatim: "i may have forgotten to tell to tell my own father")
7. Her father expressed disappointment over her not being in a relationship. (Verbatim: "all my children all of my children are single i do not have hope for any grandchildren do i")
8. She finds it difficult to maintain consistent sleep patterns due to time changes. (Verbatim: "i lost that hour i lost that hour that hour was gone away into the air gone time lost")
9. She is familiar with religious traditions like Stations of the Cross. (Verbatim: "i don't know stations of the cross i don't heckin know but yeah i i was at catholic school")
10. She has a playful, self-aware relationship with her fictional family lore, including a humorous reference to her father setting fire to a church censer. (Verbatim: "apparently when papa elia was younger papa elia decided to set fire to that and and decided to almost set fire to the church") [end of text]



1. She has a strong preference for the colors purple and pink. (Verbatim: "I like black pink and purple but as you can tell from my scene I really like purple and pink.")
2. She enjoys cute and girly aesthetics, even in gaming choices. (Verbatim: "I have no shame in my love of cute things... I want to play the cute girly characters.")
3. She favors monochrome clothing, particularly black, white, and gray. (Verbatim: "Most of my clothing is black and white... my entire wardrobe's taking monochrome.")
4. She appreciates Star Guardian skins in League of Legends. (Verbatim: "The star guardian skins are one of my favorite skin lines on league.")
5. She has a planned custom goose outfit that is currently being developed. (Verbatim: "My goose outfit is being sorted next... I was waiting for her to finish with this before giving her more work.")
6. She values emotional authenticity and sincerity in her interactions with fans. (Verbatim: "I will always care... my intention is always to try and make you guys happy.")
7. She struggles with self-perception, often downplaying her own worth. (Verbatim: "I don't think I'm precious you're silly you're very silly you're silly I'm just this mess.")
8. She has experienced moments of questioning reality and emotional overwhelm. (Verbatim: "I feel like I was very very much questioning reality and that none of it was real.")
9. She is currently dealing with mild nausea, possibly due to illness or diet. (Verbatim: "My stomach's feeling a bit... I'm feeling a bit nauseous.")
10. She is actively working on expressing gratitude to her supporters. (Verbatim: "I will genuinely do my best to express my thanks.") [end of text]



1. She has a two-meter-long goose plush that resides on her bed. (Verbatim: "i have my bed and on my bed there's a two meter goose plush")
2. She owns a stuffed turtle but currently does not have one. (Verbatim: "i need a stuffed turtle none i already have a two meter goose on my bed")
3. She previously used a mattress from her sofa, which she removed due to indecision about a new mattress. (Verbatim: "i have the mattress taken out of my sofa so my sofa had a mattress in it so i took that out")
4. She experiences decision paralysis when trying to choose a mattress. (Verbatim: "i went down like the rabbit hole of trying to pick a mattress and then i got confused and i didn't and i reached decision paralysis")
5. She values comfort in a mattress but is unsure about the best type due to the variety of options. (Verbatim: "it's comfortable ish maybe it's part of the reason i'm not slept too well")
6. She has friends from college who visited her apartment and did not comment on her anime and gaming memorabilia. (Verbatim: "they did see my room they hadn't seen my flat before... they didn't make any comments on anything")
7. Her friends from college are aware she likes anime and games but do not understand her interests. (Verbatim: "they know i like anime and games and stuff they don't understand it it goes beyond them")
8. She is currently planning a horror week for her streams. (Verbatim: "because i'm currently planning my horror week")
9. She is considering using jump scare alerts for major donors during her horror week. (Verbatim: "i need to like find out what the heck's going on yeah maybe i need monday to figure out some stuff like my schedule so maybe horror week starts on tuesday")
10. She has a history of being bad at being mean during streams, finding it difficult to maintain a harsh tone. (Verbatim: "i was bad at being mean i really didn't want to be mean it's very hard to be mean when you don't want to be mean") [end of text]



1. Her birthday is March 7th. (Verbatim: "my birthday was back 7th march")
2. She identifies as a celestial messenger. (Verbatim: "i'm a celestial messenger")
3. She recently returned from a trip to Japan. (Verbatim: "i was away in japan so i've just come back")
4. She prefers scones over crumpets. (Verbatim: "i prefer scones yeah yeah yeah scones for sure")
5. She enjoys baking, specifically scones. (Verbatim: "maybe i'll bake scones next maybe maybe happy belated")
6. She has struggled with sleep schedule issues due to jet lag. (Verbatim: "i'm still jet lagged but i scheduled this stream to try and fix my jet lag")
7. She feels she is not inherently positive but strives to be. (Verbatim: "i wouldn't even consider myself positive")
8. She views herself as the moon, reflecting the light of her fans. (Verbatim: "i'm not a light i am like the moon okay anything any brightening of your day that i do is just a reflection of the light that you guys give to me")
9. She has released music covers, including one of "Paranoia" by Heart. (Verbatim: "i released the cover of paranoia by heart still for my birthday")
10. She is working on multiple solo music covers. (Verbatim: "i am working on one two three three solo covers right now that should be done soon soon") [end of text]



1. She refers to herself as the moon and her fans as the stars. (Verbatim: "yes delaria because you guys are the stars and i'm the moon okay")
2. She feels undeserving of the support she receives from her fans. (Verbatim: "I still don't feel like I deserve it I work on trying to feel like I do")
3. She struggles with accepting compliments. (Verbatim: "i don't cope with compliments i don't i worry y'all be messing with me")
4. She values kindness and strives to be kind despite feeling she can sometimes be "stupid" in her efforts. (Verbatim: "i don't i don't i'm try i try i do try but i'm i have the stupid so sometimes you know even if i try really hard to be kind and caring sometimes i can be stupid")
5. She believes there is not enough kindness in the world and finds negativity exhausting. (Verbatim: "i feel like there's not enough like kindness in the world to be honest")
6. She avoids engaging in drama and prefers to maintain a positive but not toxic outlook. (Verbatim: "life's too short for drama you know life's too short for drama")
7. She aspires to be an anime girl who makes people happy. (Verbatim: "i just want to be anime girl that makes people happy")
8. She has a strong emotional connection to her fans, describing them as essential to her emotional well-being. (Verbatim: "the joy that i give you is the joy that you give me")
9. She has experienced periods of personal life issues that have limited her ability to do what she wants. (Verbatim: "especially at the moment when there's so much more I want to do but I can't do it because of you know personal life issues")
10. She has a deep appreciation for her editors and feels bad for not giving them work recently. (Verbatim: "i feel bad because i'm not really giving them any work recently because i just haven't done any work at all while i've been away") [end of text]



1. Her real name is Elia Delaria. (Verbatim: "my name is elias delaria you punk")
2. She has a distinctive, high-pitched laugh that she acknowledges as unique. (Verbatim: "i have a weird laugh i'm just glad you guys seem to like it for some reason")
3. She is aware her laugh has been compared to Jimmy Carr, though she hasn't looked it up yet. (Verbatim: "i need to look that up oh gosh but thank you so if i can confirm my birthday was eventful and joyful")
4. She identifies as a VTuber and is part of a group called "id" (likely referring to a VTuber collective). (Verbatim: "i'm ellius the laria not a goose also part of the data the same group as id it's in the same group with id")
5. She has a tendency to become cranky when hungry or when waking up on the wrong side of the bed. (Verbatim: "sometimes i get cranky and stuff and sassy etc because sometimes i get hungry and sometimes i get you know just woke up on the wrong side of the bed etc")
6. She avoids being angry because it takes too much energy and she believes life is too short to waste on hate. (Verbatim: "it's so much energy to be mad and you waste so much energy being hateful and life's too short to do that")
7. She values kindness and positivity, preferring to focus on appreciating good people rather than spreading negativity. (Verbatim: "i'd rather focus that onto more positive things and appreciating people that are nice and things like that")
8. She is self-aware of being perceived as a "bundle of joy" by her fans, though she sometimes doubts this image of herself. (Verbatim: "i hope i can be a bundle of joy i don't know if i am sometimes i worry i get cranky and stuff")
9. She finds her own voice soothing and has been told it helps some viewers fall asleep. (Verbatim: "apparently my voice can be soothing i fell asleep on stream for my birthday")
10. She has a playful, self-deprecating sense of humor, joking about being a "silly goose" and not being worthy of the praise she receives. (Verbatim: "i call you guys silly goose you know i'll call you guys silly goose from now on okay") [end of text]



1. Her birthday is on March 7th. (Verbatim: "my birthday was seventh march")
2. She has a Twitch channel, though she hasn't streamed on it much recently. (Verbatim: "i started modi streaming but i haven't done it too much recently")
3. She identifies as a "celestial messenger" who was reincarnated after being hit by a truck. (Verbatim: "a celestial messenger that got hit by a truck and reincarnated as a half half half mixed well mixed-raced british girl")
4. She has a fictional title of "Over Goose" which she finds unsettling due to the image of a giant goose. (Verbatim: "apparently there's over goose over goose the nani nani why is it over goose i just picture a really giant goose and that kind of scares me")
5. She enjoys wagyu burgers and plans to have a wagyu burger meetup with another VTuber named Spectra. (Verbatim: "i need to message spectra and organize our wagyu burger meet up and eat wagyu burger with spectra")
6. She has a fondness for Five Guys burgers and plans to treat herself to one when she hits 50k followers. (Verbatim: "when i hit 50k i can treat myself to a yummy meal i'll treat myself to like five guys")
7. She has a fondness for the game League of Legends and intends to continue playing it. (Verbatim: "I'm not gonna stop playing League.")
8. She has a skill in playing the French horn, though she hasn't played in a long time and feels rusty. (Verbatim: "i really should pick up the french horn again i feel like you guys might like a french horn stream but i don't know i don't know technically it's one of my specialist skills but i do love the french horn")
9. She has a strong connection to her fanbase, referring to them as "kamiyoshi" and expressing deep gratitude for their support. (Verbatim: "you're the cutest and most precious kamiyoshi i could ever wish for daisuki")
10. She has a playful, self-deprecating view of herself, often downplaying her own accomplishments. (Verbatim: "i'm not i'm not awesome i'm not i'm a mess") [end of text]



1. She is not particularly talented but believes hard work can overcome lack of talent. (Verbatim: "I'm not a particularly talented person. I'm just someone that just wants to work really hard and that's it.")
2. She has a strong sense of self and values authenticity over pretense. (Verbatim: "I'm not trying to like, pretend to be someone I'm not, I'm just straight up being me.")
3. She feels undeserving of admiration and struggles with self-worth despite receiving praise. (Verbatim: "I can't picture anyone looking up to me though.")
4. Her core identity is defined by perseverance and effort rather than innate skill. (Verbatim: "Working hard... Is my... Is my thing...")
5. She has a deep emotional connection to her community, referring to them as "silly geese" and expressing gratitude for their support. (Verbatim: "You guys are my silly geese.")
6. She once completed a 30-minute honking challenge as a stream reward, which she found extremely difficult. (Verbatim: "30 minutes of honking... Why did I think that was a good idea?")
7. She views her heart and dedication as potential defining traits, though she is uncertain if they are her "iconic part." (Verbatim: "The iconic thing is my heart?")
8. She has a playful, self-deprecating sense of humor, joking about being a "goose" and her own perceived flaws. (Verbatim: "My talent's being a goose, you heckin' want me.")
9. She has a history of overcoming personal doubt, stemming from feeling unappreciated by the world. (Verbatim: "part of that stems back from spite of the world for being like, 'Why couldn't I be talented?'")
10. She is motivated by the desire to inspire others who feel talentless to keep pushing through effort. (Verbatim: "I hope I could inspire anybody that feels like they don't have any talent, you know, to just blast through it with hard work.") [end of text]



1. Her birthday is on March 8th. (Verbatim: "my birthday is tomorrow 8th of march so we're almost birthday twins")
2. She identifies as British. (Verbatim: "i'm british i would like to be mild i don't know i don't know i don't know")
3. She does not drink alcohol regularly, only on special occasions. (Verbatim: "special occasions only yeah special occasions only the show yeah yeah yeah only once but not on stream")
4. She dislikes the taste of most alcoholic drinks, comparing them to nail polish remover. (Verbatim: "why would i drink something that tastes like what i imagine nail polish remover would taste like")
5. Her preferred drink is Cookie Cola. (Verbatim: "i like drinking cookie cola and that's it")
6. She has a preference for fruity drinks that don't taste like traditional beverages. (Verbatim: "i prefer drinks that don't taste like drinks... fruity kinds the clients that don't have the taste of it")
7. She finds it difficult to fit in culturally, feeling she doesn't belong in either British or Asian social contexts. (Verbatim: "i'm also fake asian person i don't fit in anywhere can't eat the spicy food can't drink the beer what's the heck in point of me right")
8. She is self-aware of not being naturally cool or confident. (Verbatim: "i don't give off cool vibe i'm not a cool person i don't think i think i struggle to pull off cool i don't keep my cool very well and i'm not very confident")
9. She has a habit of being nervous during hand cam segments. (Verbatim: "I was so nervous So I'm glad you like my hands")
10. She is interested in improving her hand cam presentation by getting properly done nails. (Verbatim: "I am tempted for the next handcam to actually get my nails done nicely, you know?") [end of text]



1. She dislikes doing laundry and finds it extremely tedious. (Verbatim: "it's so hard it's so difficult difficult ever difficult I don't wanna I don't wanna I don't wanna")
2. She only irons clothes if she is going out and cares about the outfit. (Verbatim: "I'll iron it only if I am going out with that outfit and then I'll iron it on the day that I need it")
3. She has a long-standing distaste for ironing due to childhood chores. (Verbatim: "maybe that's why I have so much distaste for it I'm like I've done enough! I'm so tired of it!")
4. She used to help her mother with ironing and laundry as a child. (Verbatim: "I used to always help with the ironing and the laundry with my mom")
5. She owns an iron and an ironing board. (Verbatim: "Do I have an ironing board? Of course I have an ironing board.")
6. She has a washing machine and tumble dryer combined unit. (Verbatim: "I have like a washing machine slash tumble dryer combined")
7. She does not have a garden, so she cannot use a washing line. (Verbatim: "I don't have a garden so I don't have a washing line")
8. She refers to a drying rack as an "error" (likely a regional or colloquial term). (Verbatim: "we call it an error here, we call it an error in England")
9. She is aware of regional differences in household appliance terminology. (Verbatim: "why are they all so different yeah yeah")
10. She has a strong emotional connection to the act of receiving birthday messages and gratitude. (Verbatim: "oh my goodness guys... oh yeah thank you thank you paying it forward for snoring goose") [end of text]



1. She identifies as an anime girl and desires a 2D life over a 3D one. (Verbatim: "i want to be anime girl i want to play video game i want to watch anime you know a 2d over 3d life sir")
2. She has a family with multiple siblings, including a youngest brother who carries their father's hopes and dreams. (Verbatim: "we've decided um yeah his life commentary his life commentary is just um what's the word like disappointment it's like sir you've forgotten a very key point here you you raised these children")
3. She acknowledges that life is inherently difficult and unfair, and she does not believe in toxic positivity. (Verbatim: "life is awful life is mean life is unfair and there are so many like terrible terrible things okay and when we say what's the point there is no point but we're just here chilling")
4. She values emotional honesty and believes it's valid to be upset with the world. (Verbatim: "you're you're upset at the world is valid that's the main thing here okay")
5. She has a strong emotional reaction to her birthday donors and anticipates crying during streams. (Verbatim: "i am epi deprived like i am gonna i'm going to probably cry but it'd be fine like yeah yeah yeah yeah yeah")
6. She created a "swear Elia voice pack" that she describes as awkward and cringe-filled, and it is available for free. (Verbatim: "the swear elia voice pack is out it's the most awkward thing you'll ever listen to in your entire life")
7. She plays League of Legends regularly and finds it beneficial for her mental health. (Verbatim: "league is always good for my mental health said no one ever")
8. She is a positive player in League of Legends and does not get angry while playing. (Verbatim: "i don't get angry from league like i do not get angry from league so that would not work i'm a positive league player and yes that is real")
9. She has difficulty sleeping due to emotional distress, which affects her ability to maintain her regular streaming schedule. (Verbatim: "i haven't been able to resolve the jet lag because i haven't been able to sleep because of just like life sucking hard")
10. She has a personal connection to the game Doki Doki Literature Club and has played it once, acknowledging its difficult themes. (Verbatim: "ddlc people have recommended ddlc um which we could do i know it covers some very difficult topics but yeah like i played it once i've only played what i played i played it once") [end of text]



1. She has a close relationship with her artist, referred to as "art mama." (Verbatim: "so yeah this is art by my art mama so this is the same artist that made that made this model you know so it's the yeah same artist art mama")
2. She identifies as a celestial messenger. (Verbatim: "i'm a celestial messenger")
3. She has a long-standing preference for chicken burgers, which has persisted since college. (Verbatim: "i was like but like chicken good lettuce good bread good like chicken lettuce bread bad that's just not very fair like like why can't i combine them i mean oh good it's all good like like yeah it's not just a phase okay i like chicken burgers like")
4. She has difficulty accessing food late at night due to limited restaurant hours. (Verbatim: "i can't order chicken burgers at night like it's really it's really lowering my chicken burger intake by quite a lot because i can't i can't order it like nothing's open")
5. She finds fish and chips restaurants unhelpfully closed during late-night hours. (Verbatim: "the fish and chips near me does not want business okay like like they're just never open")
6. She has a habit of sleeping between 5 PM and midnight, then waking up at midnight. (Verbatim: "i've been asleep between 5pm to midnight and then i wake up at midnight")
7. She has a habit of going outside to maintain social connections with normie friends. (Verbatim: "i wanted to make sure that i actually go outside")
8. She values low-maintenance adult friendships that don't require frequent contact. (Verbatim: "they're very low maintenance the kind where you don't have to see them in a very very long time")
9. She has been through personal difficulties in her real life that her friends have noticed and supported her through. (Verbatim: "life has been tough and yeah um they they wanted to make sure that i was okay basically with things going on in my irl life")
10. She has an alt Twitter account where she posts random thoughts. (Verbatim: "for those that follow my alt i have an alt twitter account that i just sort of put random thoughts on") [end of text]



1. She has a dog that she has not talked about much in streams. (Verbatim: "I will discuss my dog at a later point yeah as you noticed i've not really talked about her much")
2. She is considering adopting a nocturnal lifestyle and shifting her streaming schedule to later at night. (Verbatim: "maybe starting later at night so like instead of a 9pm stream starting at like 10 or 11")
3. She is part of a group called Videre with three other streamers who all stream at the same time. (Verbatim: "i'm in a group called videre there are four of us and three of us stream at the same hecking time")
4. She has a birthday that was recently celebrated, and she received donations and a birthday marker from fans. (Verbatim: "the first dono from my birthday i wonder if i can oh it doesn't let me replay it i'll just read them out loud")
5. She once streamed for 24 hours and dozed off during the stream. (Verbatim: "i dozed off for two hours like i dozed off at the end as well um i yeah i wouldn't be able to do a 24 hour stream again")
6. She has difficulty staying awake during long streams and tends to pass out after extended streaming sessions. (Verbatim: "i'm a very ep person like as you can tell i'm very ep and even though i do like long streams i pass out after them")
7. She apologized for merch selling out quickly and for a miscommunication about its release time. (Verbatim: "i do apologize again for the issues regarding merch that happened on my birthday like i thought like it was supposed to be released at a certain time")
8. She plans to offer handwritten notes with future merch orders, despite having poor handwriting. (Verbatim: "i think i will try and do it for whatever merch i do next um like yeah so so i hope that's okay")
9. She is not a plant and does not photosynthesize, despite joking about being one. (Verbatim: "i'm not a plant i'm not a plant you punk i don't photosynthesize i yeah i do not photosynthesize")
10. She has a playful, self-aware persona that includes humorous self-deprecating comparisons to food and objects. (Verbatim: "i'm your favorite cinnamon bun cinnamon bun i'm a cinnamon bun cinnamon bun") [end of text]



1. She is a mixed-race British girl. (Verbatim: "I'm a British girl that is mixed race")  
2. She has a celestial messenger origin story in her fictional lore. (Verbatim: "I'm just your average celestial messenger that got hit and isek hired by a truck in the sky and then became a british girl")  
3. She does not consider herself worthy of being called a queen. (Verbatim: "I'm not a queen I'm really not I'm like the opposite of a queen like very far from royalty")  
4. She changed her profile picture for a week after her birthday. (Verbatim: "I had to change it for my birthday for like a week")  
5. She feels deeply thankful for her audience's presence and support. (Verbatim: "I'm just genuinely genuinely thankful you're here at all")  
6. She believes her work stems entirely from a desire to make her fans happy. (Verbatim: "All of it literally all of it just stems from me wanting to make you guys happy")  
7. She is passionate about her streaming career and views it as her calling. (Verbatim: "This is this is my calling like you know I love streaming so much")  
8. She values emotional connection with her audience over financial gain. (Verbatim: "I would be so I am content with just earning enough to like to like live")  
9. She feels loved and cared for by her community, despite self-perceived flaws. (Verbatim: "I'm the one that feels loved and cared for and and yeah like I'm the one that doesn't feel alone because of you guys")  
10. She has a personal belief in the importance of self-care and encourages her fans to prioritize their well-being. (Verbatim: "I genuinely do mean it when I say I want you to look after yourself") [end of text]



1. She values kindness and strives to be as kind as possible despite not knowing others' struggles. (Verbatim: "all I can do is try and be as like kind as I can because I don't I don't know how hard it is for you")
2. She has experienced social exclusion and anxiety from being left out during school. (Verbatim: "I was the kid in school that was left out so I don't want anyone to ever feel like that")
3. She dislikes the feeling of being unable to join social circles, especially in group settings. (Verbatim: "you can't enter a circle because it's closed and you're like hi hi hello hello")
4. She identifies with anxiety around initiating conversation in online spaces. (Verbatim: "I don't say anything and I'll type it out and I'm like no way if I write like like I don't know hello or something and everyone's gonna hate me")
5. She emphasizes the importance of creating a welcoming environment where newcomers feel safe to participate. (Verbatim: "I don't want the community to ever feel like a circle")
6. She believes in the value of quiet confidence over loud confidence. (Verbatim: "quiet confidence is walking into a room comfortable with yourself and you don't have to prove yourself to anyone")
7. She acknowledges that she is not the best at anything, but still strives to do her best. (Verbatim: "I'm not the best youtuber by a long shot like I don't have the most talent or anything like that but I'm still here because I want to be here")
8. She was raised in an environment where academic excellence was expected. (Verbatim: "I was raised in a way where my grades always had to be the best")
9. She finds it difficult to accept her own perceived lack of cuteness. (Verbatim: "I'm not cute. I'm not. I wish I was. I'm not. I wish I was.")
10. She values authenticity and self-acceptance, especially regarding awkwardness and cringe. (Verbatim: "having the self-confidence to embrace your own awkwardness is hard but so worth it") [end of text]



1. She values open communication and honesty in relationships. (Verbatim: "I'm very big on communication and being honest with you guys okay so if it's something that's too far I'll straight up say it okay")
2. She has difficulty with anxiety and overthinking after conversations. (Verbatim: "I'm the kind of person to have conversations with people and then lie in bed at night replaying said conversations and being like I've messed up everything")
3. She struggles with interrupting others during conversations due to excitement. (Verbatim: "One of them is I have a habit of interrupting people in conversations accidentally one because my brain gets excited")
4. She tends to get lost in her own tangents and forgets to ask follow-up questions. (Verbatim: "The other one is getting caught up in my own tangent where I forget to ask a question back")
5. She was raised in a household with brothers and wore hand-me-downs, leading to a tomboyish upbringing. (Verbatim: "I grew up with brothers so I don't know I feel like I was very growing up I probably came across as quite tomboyish")
6. She has a strong emotional reaction to being praised by her community. (Verbatim: "you guys broke me because the next donor is from kyle guys I think we broke her silly goose")
7. She feels she lacks charm and questions how she might be perceived as charming. (Verbatim: "how does one charm I don't know I don't know but by existing")
8. She has a dream where she was told to use a "cute" voice for VTubing. (Verbatim: "in a dream of mine I was told to that it would be better if I used a fake voice um one that was cuter")
9. She dislikes being associated with financial misconduct, despite false rumors. (Verbatim: "sometimes it's a little frustrating it's a little frustrating it's yeah like I'm not that kind of person")
10. She grew up in a financially stressful environment due to parental arguments. (Verbatim: "I grew up with parents that were constantly like arguing about finances") [end of text]



1. She is a British VTuber. (Verbatim: "hi i am elias the laria a british vtuber")
2. She holds a master's degree in AI. (Verbatim: "my master's degree is in ai")
3. She graduated top of her class. (Verbatim: "i graduated top of my class")
4. She comes from not very validating parents. (Verbatim: "i come from very not very validating parents")
5. She is financially responsible and careful with money. (Verbatim: "i am financially responsible i'm very careful very very careful with my money")
6. She has experience managing her mother's finances. (Verbatim: "i look after my mother's money")
7. She has lived through periods of financial hardship. (Verbatim: "i've always had to be extremely careful with money because when you don't have a lot it's like a lot to")
8. She enjoys using spreadsheets to manage her finances. (Verbatim: "i love my spreadsheets um yeah i had so many spreadsheets")
9. She is currently facing a rent increase that has forced her to consider moving. (Verbatim: "my rent went insane it did it woke up one day and chose violence")
10. She has considered relocating to Japan. (Verbatim: "which is then now an opportunity for me to be like hmm do i live somewhere else do i live in japan") [end of text]



1. She has a brother named Ellie Bro who once accidentally showed her live stream to their father. (Verbatim: "my brother ellie bro decided to show my show papa ellia my stream once and like turned on turned it on the tv okay")
2. Her father, Papa Ella, does not watch her streams due to an embarrassing moment that occurred during a live broadcast. (Verbatim: "there's a reason there's a reason my my dad papa ellia doesn't watch my streams okay")
3. She experienced a moment of intense cringe when her father saw her live stream, describing it as "cringed and died times infinity plus one." (Verbatim: "when ellie bro told me i had king cringed and died times infinity plus one")
4. She has struggled with dark times in her life and has been supported by her fans during those periods. (Verbatim: "i'm sorry to hear that you had dark times and i'm but i'm glad i could be there to support you through it")
5. She values emotional connection with her fans and believes they deserve love and support. (Verbatim: "you guys are the ones that deserve the love and support in the world")
6. She identifies as a 2D person and embraces her identity as an anime girl. (Verbatim: "little ellie your path is 2d you will become an anime girl")
7. She has a strong emotional drive fueled by past negativity and being told she was worthless. (Verbatim: "being told i'm worthless and whatnot etc")
8. She views spite and being proven wrong as powerful motivators for success. (Verbatim: "spite is a really big fuel um you know of like being told i'll never achieve anything")
9. She believes the opposite of love is indifference, not hate, and aims to achieve that through self-focus and success. (Verbatim: "the opposite of love isn't hate it's indifference and you can achieve that indifference by focusing on yourself")
10. She has a history of practicing voice changes exclusively during live streams, not in everyday life. (Verbatim: "the only practice i really i only ever really do these voice changes on on stream like i only do these on stream i don't do these like normally") [end of text]



