1. She has a dog that she takes to the vet every six months for checkups. (Verbatim: "I had to take my dog to the vet yesterday, um, for her regular checkup.")
2. Her dog is small and slightly overweight, possibly due to winter weight gain. (Verbatim: "She's just a tiny, tiny, tiny, tiny, tiny, tiny bit overweight. Um, I think she gained some, uh, winter, winter fat.")
3. She enjoys giving her dog treats, especially when the dog performs tricks. (Verbatim: "When she does the tricks, I want to give her the treats.")
4. She eats Milky Way Magic Stars as part of her morning routine, which she considers an "adult breakfast." (Verbatim: "I got- I have Magic Stars this morning. Not Milky Stars. Um, yeah. This is my adult breakfast.")
5. As a child, she used to sort Milky Way Magic Stars by their facial expressions, believing cuter faces tasted better. (Verbatim: "I used to pick out the one with the sunglasses and the one that has the cute eyes and put them aside.")
6. She recently received a new passport after her old one was pre-Brexit. (Verbatim: "My old passport was pre, was pre Brexit, I believe. So I had the old passport. Now I have this new one.")
7. She found the delivery person for her passport to be suspicious due to wearing a hoodie and large sunglasses. (Verbatim: "The person that turned out to deliver this was honestly genuinely shady, okay this person had not just a hoodie on they also had these big sunglasses and literal, literal shade.")
8. She plans to travel to Japan and intends to stream from there, indicating a future travel goal. (Verbatim: "Now I can book I can book Japan we can go to Japan let's go Japan.")
9. She has difficulty finding suitable bowls and prefers to physically feel them before purchasing. (Verbatim: "I need, well, I guess I can measure it, but like, how do I know if they're the right thickness or like a good bowl?")
10. She values physical interaction with objects like bowls, comparing it to the way one might feel cloves. (Verbatim: "I have to actually go feel it like cloves, I guess.") [end of text]



1. She has a celestial body with special powers, including the ability to remove numbers from the universe and change road laws. (Verbatim: "I have the power to remove numbers from the universe and change road laws very very very specific powers")
2. She believes in the importance of self-care and encourages her viewers to eat nutritious food instead of relying solely on ramen. (Verbatim: "Ramen is yummy but it's not nutritious and I want you to be healthy")
3. She humorously claims to function only on caffeine and relies on cola, tea, and coffee for energy. (Verbatim: "I only function on caffeine I think")
4. She has a strong emotional connection to her fans, emphasizing that their presence is enough and that there is no obligation to donate. (Verbatim: "Just being here and allowing me to try and make you smile is already enough")
5. She values kindness and believes in creating a safe emotional space, metaphorically describing her support as a "castle" to protect viewers from life's hardships. (Verbatim: "It's a metaphorical castle to protect you from all the bad things life throws your way")
6. She has a playful, self-aware persona that includes fictional celestial powers and whimsical world-building. (Verbatim: "I am the road laws yeah yeah yeah it's part of my celestial powers actually")
7. She expresses concern about viewers donating their entire paychecks and urges them to take care of themselves financially and physically. (Verbatim: "Donating the whole paycheck of the month don't eat ramen")
8. She has a fondness for tacos and considers them a healthy and enjoyable treat. (Verbatim: "Have a taco or something")
9. She acknowledges that she is not the best VTuber, despite being praised by fans, and humbly rejects such titles. (Verbatim: "I can't be the best, they're not free")
10. She is deeply invested in her community's well-being and repeatedly emphasizes emotional support and mental health. (Verbatim: "I need like a button to it because I gotta keep saying this over and over") [end of text]



1. She has a dog that becomes excited when the word "walk" is said aloud. (Verbatim: "can't say the word out loud or my dog will freak out and think that she's actually going on one")
2. She enjoys the concept of "emergency food" and humorously discusses being eaten in a metaphorical sense. (Verbatim: "if i was an emergency food that had to be eaten then i guess i would enjoy being sacrificed for the greater good")
3. She references chasing frogs as a childhood activity. (Verbatim: "I used to chase frogs lots when I was little")
4. She expresses appreciation for her viewers and values nurturing, reciprocal relationships. (Verbatim: "the kind of love where you encourage each other to be better and to enjoy life that's the kind i want")
5. She believes everyone is capable of amazing things and wants to help others find their own strengths. (Verbatim: "i hope that you can find your amazing thing and my thing will be maybe to help you")
6. She identifies as a "celestial messenger" in her self-perception. (Verbatim: "I'm a celestial messenger I'm built if")
7. She humorously claims her survival depends on helium and ketchup packets. (Verbatim: "the only thing i need to survive is my daily dose of helium and a ketchup packet for each meal")
8. She has a strong emotional connection to the idea of frogs, referencing "frog Wednesday" fondly. (Verbatim: "the whole frog Wednesday thing is close to my heart")
9. She values self-care and believes in prioritizing oneself over others in relationships. (Verbatim: "the kind where you put yourself first and yeah that's that's the most important thing to me")
10. She expresses admiration for other VTubers like Mozu and Deli Noir, though she jokes about wanting to "lock them in the basement." (Verbatim: "Delu Noir would be like just lock them in the basement and they won't leave") [end of text]



1. She has experienced bullying in the past. (Verbatim: "i used to get bullied i realized that they weren't trying to be malicious to me personally")
2. She believes kindness is important and values being kind to others. (Verbatim: "i feel like it's the most it's important though right like like be kind like not stabbing each other")
3. She plays League of Legends and observes that players often take out frustrations on others. (Verbatim: "i've played a lot of league of legends and a lot of the time they're taking out their frustrations incorrectly")
4. She believes that insults in games do not improve a player's skill. (Verbatim: "i've never seen someone been like oh yes yes yes i am i am utter trash and i should uninstall the game you're right let me start playing like a professional player")
5. She values empathy and understanding others' intentions. (Verbatim: "i feel like a lot of misunderstandings and difficulties in life come from solely the misunderstandings of someone's intention when they may have been trying to be kind")
6. She has a habit of reflecting on her own behavior and self-improvement. (Verbatim: "i think i'm assertive enough yeah i feel like it's being kind with the understanding of what the other person's intentions were")
7. She enjoys storytelling and considers it a talent. (Verbatim: "your storytelling ability is a real talent")
8. She has been streaming for about a month. (Verbatim: "it's only been like almost a month i'd say since i started streaming")
9. She finds comfort in being kind and encouraging, even when it's difficult. (Verbatim: "i know it can be hard to be kind but i feel like it's the most it's important though right like like be kind like not stabbing each other")
10. She aspires to be well-mannered, elegant, intellectually strong, and empathetic. (Verbatim: "i particularly admire your well-mannered elegant elegant intellectual strength and your extraordinary empathy for others i hope to be those things") [end of text]



```
1. She has a voice that is central to her identity, possibly indicating a vocal-based persona or role. (Verbatim: "I am the voice, and the voice says...")
2. She expresses care and affection toward her audience, suggesting a nurturing or emotionally supportive presence. (Verbatim: "Take care of yourself, I love you...")
3. She emphasizes the authenticity of her presence, implying a sense of realness despite being a virtual persona. (Verbatim: "No, it's real, it's real!")
4. She uses a poetic or ritualistic tone when introducing herself, hinting at a stylized or mystical self-presentation. (Verbatim: "Hello, I am... wait...")
5. Her self-introduction includes a pause and hesitation, possibly indicating a deliberate, introspective, or dramatic persona. (Verbatim: "Hello, I am... wait...")
6. She conveys a message of emotional connection and concern for her viewers' well-being. (Verbatim: "Take care of yourself, I love you...")
7. Her voice is portrayed as having a distinct, meaningful presence—possibly even a guiding or comforting one. (Verbatim: "I am the voice, and the voice says...")
8. She associates her identity with a message of care and love, suggesting a core theme in her persona. (Verbatim: "Take care of yourself, I love you...")
9. She repeats "it's real" for emphasis, possibly reinforcing authenticity or emotional truth in her character. (Verbatim: "No, it's real, it's real!")
10. Her introduction includes a layered, almost performative structure, indicating a crafted and intentional self-presentation. (Verbatim: "Hello, I am... wait...")
``` [end of text]



1. She has a fan-made banana-themed game titled "Banana Class" that she helped create with a collaborator named Mirror. (Verbatim: "let's go to the gaming wow the void gosh we don't ever see the void now do we um yeah yeah it's the void yeah okay can you see you can't see it hey there we go yo this is the banana game it's the banana game it's the banana game")
2. She previously worked as a developer and had to create her own API from scratch for a financial software integration project. (Verbatim: "when i was a developer um i had to actually create my own api from the scratch for this thing i was working on i don't want to go into it because that's doc city yo but it was something related to like um financial software integrations")
3. She takes cybersecurity seriously and has her games reviewed by a trusted individual named Stellar Bro before going live. (Verbatim: "don't worry i had stellar bro check through it before for anything just ran a couple of tests on it to check through it all but yeah don't worry don't worry")
4. She is learning to draw cute animals using a book titled *How to Draw Really Cute Animals*. (Verbatim: "i got this book it's called how to draw really cute animals so i'm gonna learn how to draw some really cute animals")
5. She has a habit of creating challenges for her viewers, such as a high-score competition with a prize of a goose drawing. (Verbatim: "challenge highest score score gets a bad gets a bad drawing of a goose from me screen shot below proofs poofs winner in one week in next tuesday's hashtag umemalia review")
6. She has a personal connection to the moon, noting that her banana character in the game resembles the moon. (Verbatim: "the moon the moon the banana really does look like a moon though doesn't it")
7. She owns a hair accessory that resembles a banana, which is inspired by the game's design. (Verbatim: "like if you look at it you can see why my hair accessory")
8. She is currently working on a new version of her banana game with a different artist after the original background artist became ill. (Verbatim: "my one is daddy shoes because the artist i had to make the background got ill so i had to get i got another one um but hopefully that'll be done yeah but but but yes so so")
9. She is interested in creating a database system to prevent cheating in future challenges. (Verbatim: "hmm yeah yeah yeah yeah if if instead of a text text thing that can be changed with it or i trust yeah i trust thee there we go i fixed it guys look this fixes everything i fixed it meet there we go")
10. She enjoys playing games with her viewers and has a recurring Tuesday meme review segment. (Verbatim: "on tuesdays we look at memes um but for the first part of this i have i have two special memes to look at") [end of text]



1. She has a very particular face care routine that she maintains diligently. (Verbatim: "i have a very very particular face care routine although this bit's not great right now because because my dog my dog makes my skin bad")
2. She keeps her face completely dry during showers, avoiding getting water on her face. (Verbatim: "does anyone else do this does anyone else keep their face completely dry when they shower because i don't like getting my face wet when i shower")
3. She washes her face separately from her shower, using a special routine to maintain smooth skin. (Verbatim: "i don't get it i don't wanna it's what i just have to stand in the cold like also like um so i have a um uh does anyone else do this")
4. She has a history of not having acne during school and other periods of her life. (Verbatim: "i remember like all through all through school and stuff like yeah i didn't get i didn't get any i didn't get any acne or anything")
5. She uses moisturizer that also functions as sunscreen. (Verbatim: "my moisturizers also my moisturizer is also uh sun cream yeah um and yeah yeah yeah i have a very very particular face care routine")
6. She finds it difficult to keep her face dry during showers due to her hair getting very wet and heavy. (Verbatim: "what makes it difficult is my hair always gets really wet and heavy so i got i got my big crown maybe i come a little closer come a little closer oh my wings")
7. She has a long-standing habit of being cautious about her skin health, which she started early in life. (Verbatim: "i remember like all through all through school and stuff like yeah i didn't get i didn't get any i didn't get any acne or anything")
8. She owns an expired passport with a corner cut, making it technically invalid. (Verbatim: "You can't use- the old one's technically not legal to use though because they cut the corner.")
9. She notes the change from "Her Majesty's Passport Office" to "His Majesty's Passport Office" following the change in monarchy. (Verbatim: "So, I guess that makes sense because we have a king now instead of a queen.")
10. She has a strong, practiced neck from maintaining her face and hair dry during showers. (Verbatim: "yeah yeah yeah i got a strong neck yes yes yes it's well practiced from keeping my hair dry in the shower a hair dry head dry face dry face dry and then what makes it difficult is my hair always gets really wet and heavy") [end of text]



1. She has wings that can appear wonky or misaligned. (Verbatim: "my wings are wonky i'm looking kind of a mess")
2. She sits on the bathroom floor after showering, using a bath mat with designated areas for stepping and sitting. (Verbatim: "i don't use i don't you have like a long bath mat and you use one side to step on and you sit on the other side")
3. She takes a bath in a bath shower setup and often sits inside while deep conditioning her hair. (Verbatim: "i also sit in the shower yeah yeah yeah i am i have one of them bath showers bath showers")
4. She deep conditions her long hair twice a week, leaving the conditioner on for about three minutes. (Verbatim: "it's like twice a week i'll do this um you basically apply the deep conditioner and then you have to like leave it on for three minutes")
5. She listens to music during hair care routines, typically playing one song that lasts about three minutes. (Verbatim: "i usually let one song play because that's usually about three minutes")
6. She values cleanliness and has a routine focused on staying clean and well-groomed. (Verbatim: "i have quite a routine to stay nice thing nice and clean clean that's the word i was like cleanse cleanse cleanse")
7. She is a YouTube Partner but not a Twitch Partner. (Verbatim: "i'm a youtube partner by the way... i'm not a twitch partner no no no")
8. She is researching the possibility of simulcasting on Twitch and YouTube, noting that YouTube allows it more easily than Twitch. (Verbatim: "i'm gonna be i'm youtube partner i'm youtube partner i'm not on twitch i'm not moving")
9. She has a community with two factions: Starlings and Stananas, which are equal in status and alternate monthly on her desk. (Verbatim: "the starlings and the stananas are our community names um you just pick whichever one you like the sound of more")
10. She believes in the importance of accepting that plans rarely go as expected and that life often disrupts even the best-laid plans. (Verbatim: "nothing will ever go to plan you'll make a plan you'll make a plan but it will not go to plan") [end of text]



1. She has a "mini debut" phase where she briefly attempted to fit into society as a normie. (Verbatim: "as described in my timeline um on my mini debut i had a small a short normie phase as one may call it where i attempted to fit into society and then gave up um")
2. She has difficulty being trusted by her former normie friends due to frequent mispronunciations and incorrect advice. (Verbatim: "i can see why they might not trust me on meme when they asked me to what was it um for the wi-fi")
3. She once mistakenly said the Wi-Fi password was "chang emma" instead of "changed me." (Verbatim: "what's the password and i was like it's chang emma")
4. She believes the word "meme" was coined by Richard Dawkins in his 1976 book *The Selfish Gene*. (Verbatim: "the word me oh the word meme was coined by Richard Dawkins in the 1976 book the self")
5. She owns a physical copy of Richard Dawkins' *The Selfish Gene*, though she admits she didn’t read it fully. (Verbatim: "oh I have that book oh I don't remember that I didn't really read it properly fully")
6. She is aware of the 1921 comic as a possible early example of an expectation vs. reality meme structure. (Verbatim: "is it this from this 1921 cartoon? this is from the 1920s")
7. She finds it difficult to get others to believe her about basic facts, such as how to dress for a casual restaurant. (Verbatim: "i told them i was like yeah it's not pronounced me me it's pronounced memes and i just remember them saying 'nah you wrong'")
8. She has a habit of mispronouncing common words, which has led to skepticism from her peers. (Verbatim: "i can see why they might not trust me on meme when they asked me to what was it um for the wi-fi")
9. She is interested in the origins and definitions of memes, including historical and academic perspectives. (Verbatim: "the oxford english dictionary defines memes as images videos or texts that are copied and spread by internet users")
10. She is considering creating a custom emote that says "I'm not a goose" to clarify her identity. (Verbatim: "i need one that says i'm not a goose") [end of text]



1. She is anemic and takes iron supplements. (Verbatim: "I'm really anemic, um, and I was taking, like, the over-the-counter kind of iron")
2. She recently resumed taking a high-dose iron supplement of 210 milligrams. (Verbatim: "my new ones are 210, 210, yo, it's over 200, which is more of the amount I need")
3. She previously took a 16-milligram over-the-counter iron tablet. (Verbatim: "that one was 16, 16 milligrams? 16, like the over-the-counter 16")
4. She cannot take her iron supplement with tea, milk, or eggs due to reduced absorption. (Verbatim: "it says here it is advisable not to take your medicine with tea eggs or milk as this may reduce the effect of the tablet")
5. She is British and drinks tea frequently, which complicates her iron intake routine. (Verbatim: "I'm British, I only have tea all the time")
6. She grew up in a rough English village with notable crime and low educational attainment rates. (Verbatim: "I was actually raised in quite a rough area... one of them rough english villages where there's a few crimes going on")
7. She was surprised to learn her upbringing was considered underprivileged based on statistics. (Verbatim: "they brought out all these stats and stuff and they'd be like um yep so you come from an area where it's very unlikely people get past secondary school education")
8. She has a dog that steals her underwear, tights, and scrunchies. (Verbatim: "she raided my laundry basket and made a stash of my underwear under the sofa")
9. Her dog follows her into the bathroom, which she interprets as normal dog behavior. (Verbatim: "whenever i go bathroom she like follows me and he's like don't worry i keep watch")
10. She is considering getting a water filter to improve tap water quality. (Verbatim: "i thought maybe then i'll drink yeah filtered good water maybe it'll be yummier") [end of text]



1. She has a dog named Delilah who is a "snow dog" with cat-shaped ears and appears to be a fluffy, polar bear-like breed. (Verbatim: "this is my dog she's a snow dog she's a derpy snow dog yeah she got the little fluff fluff and the little cat shaped ears")
2. Her dog is nearly two years old and is described as intelligent but also a "sock panty stealing punk." (Verbatim: "she's almost almost two almost two she's a little puppy i guess i guess she's not much of a pop pop pop pop pop she does i i had to go through so much effort to teach her how to bark because like she just refused")
3. She is considering getting her dog spayed but is not making a decision yet due to breed-specific timing requirements. (Verbatim: "they won't spade her until she's two because of her breed but yeah kind of want the tiny tiny puppies but i don't know")
4. She has a strong desire to visit Japan and is planning a trip, possibly lasting three weeks, to explore Tokyo and surrounding areas. (Verbatim: "i'm so excited to book a trip yes yes yes yes and i don't know how long i should go for though because like my dog can't come with me but i can get a look after")
5. She is interested in visiting Japan during the summer, despite having missed the cherry blossom season. (Verbatim: "it was the other bit i was struggling with because obviously it recommends around the um time with the blossoms but i've missed that you know so it's whether i go sort of in the upcoming summer")
6. She finds horror games frightening and had a nightmare involving a horror game the previous night. (Verbatim: "i had a nightmare last night i was in a horror game it was scary scary that show yeah yeah yeah")
7. She has a preference for oversized, cozy hoodies and considers buying a men's extra-large hoodie for comfort. (Verbatim: "i want to get like um oh you know be good actually it's quite warm though oh i was thinking it'd be good to have one of them big hoodies you know like something oversized and cozy cozy that would be nice")
8. She lives in a building in England that retains heat, making it difficult to cool down during warmer months. (Verbatim: "the building i live in and a lot of buildings in england are um designed to really keep heat in yeah or at least where i live seems to be really always quite warm")
9. She has a habit of becoming nocturnal during extreme heat, as she avoided using appliances like the oven in the past due to added heat. (Verbatim: "last summer i didn't even want to like turn on the oven or anything because i didn't want to add to the heat and i used to i used i became nocturnal then maybe i can't become nocturnal again when it's summertime because yeah yeah")
10. She enjoys creating and editing memes, particularly ones with messages about self-care and kindness. (Verbatim: "i want to edit your memes so it says like like you know take care of yourself be kind to yourself looking after yourselves surely that's what should be on top not this love for selves") [end of text]



1. She has a strong emotional connection to her audience, fearing they might have moved on if she were absent for three weeks. (Verbatim: "my heart wouldn't cope... you all would have moved on and I come back like guys I'm back and you be like who the heck are you")
2. She is excited about receiving a new character model and is currently awaiting the PSD file for rigging. (Verbatim: "I'm just waiting to receive the psd file and then we move on to the rigging stage")
3. Her artist, referred to as "artist mama," created a large number of expressive facial animations for her character. (Verbatim: "my artist mama gave me a heckin ton of expressions like I basically just said hey could I just have um like the regular set of expressions")
4. She has a fondness for the concept of "loosey-goosey," recalling it as an old expression from her childhood related to relaxing movements, possibly in a school dance context. (Verbatim: "it's really old right it's an old expression... like a teacher said it in school when I was really little")
5. She remembers being bullied at school, though she does not elaborate on the circumstances. (Verbatim: "and I wonder why I was bullied at school")
6. She has a strong memory for mathematical constants, specifically the digits of pi, and practices reciting them. (Verbatim: "I still got it I almost forgot it last time but don't worry we're gonna keep that in my brain")
7. She has a particular aversion to unexpected crunch in food, especially recalling a traumatic experience with a crunchy banana. (Verbatim: "I still I will forever remember crunchy banana stomach")
8. She is motivated by a desire to bring joy to her viewers, often expressing that her happiness comes from making others happy. (Verbatim: "I want you to be happy that's why I'm here")
9. She values the idea of infinite happiness, referencing "infinity plus one" as a symbolic expression of boundless joy. (Verbatim: "infinity plus one bold can't beat that it's the ultimate number")
10. She is currently working toward unlocking full RGB color options in her stream setup, which she believes will come with her new character model. (Verbatim: "once I have my new form I think that's when we can unlock more rgb colors") [end of text]



1. She enjoys eating crunchy taco shells with lettuce, tomatoes, beef, and sour cream. (Verbatim: "crunchy tacos some lettuce some tomatoes some beef you go and then yeah slap some sour cream on it")
2. She dislikes spicy food and does not like adding spice to her tacos. (Verbatim: "i don't even make my nuts spicy because i don't like spice")
3. She has a habit of making a specific noise when practicing proper tongue posture. (Verbatim: "i used to always accidentally make this noise")
4. She used to practice mewing (correct tongue posture) regularly but has become less consistent recently. (Verbatim: "i used to do it lots and i used to always accidentally make this noise")
5. She believes proper tongue posture can improve breathing and jawline definition. (Verbatim: "your whole tongue is supposed to be on the top... it's supposed to help it's supposed to be good frizz")
6. She used to play the French horn and has considered returning to it. (Verbatim: "i was looking this up you got tongue posture can really help with like your breathing and stuff and also affects your your chin mewing here i used to do it i used to do it but it's like this")
7. She finds public eating of tacos difficult due to their messiness. (Verbatim: "i feel like i would struggle to eat a taco in public because it's messy")
8. She has weak eyesight in bright sunlight. (Verbatim: "my optician did say I have very weak eyes to sunlight")
9. She identifies as someone who lives indoors and may be socially reclusive. (Verbatim: "maybe that's because I live inside like a big shut-in")
10. She is aware of and uses the term "shady" to describe herself in relation to light sensitivity. (Verbatim: "So I go in the bin... We're all shady") [end of text]



