1. She is a British VTuber. (Verbatim: "I'm Elias Delaria, British VTuber.")
2. She refers to herself as a paladin and uses a sword as part of her persona. (Verbatim: "I'm a paladin." / "You trust me with this blade. And with this blade I shall fight.")
3. She has a tendency to procrastinate and is not naturally tidy, despite her parents' efforts to teach her otherwise. (Verbatim: "I believe my parents really, really, really tried to make me into a tidy person. And they just didn't. They also tried to make me not into a procrastinator or all of that...")
4. She identifies with the Pokémon nature "scuff," indicating she sees herself as messy or imperfect by nature. (Verbatim: "If I was Pokemon, mine would definitely say scuff.")
5. She enjoys eating burgers, fries, and chicken nuggets. (Verbatim: "I got myself a burger. Um... And I got some fries. And I had some nuggets earlier.")
6. She has a fondness for the word "Koro" and expresses liking it. (Verbatim: "Koro好き!")
7. She likes wearing ponytails and feels she is currently embracing that style. (Verbatim: "I got a new ponytail! Yippee! I like ponytail. Yeah, I'm living my ponytail life now.")
8. She owns a katana prop or replica, but jokes about it being illegal in Britain. (Verbatim: "In Britain, no one can own a katana. Don't tell the police about this sword of mine, okay?")
9. She plans to do a big cleanup or personal "cleansing" to recover and redeem herself after periods of exhaustion. (Verbatim: "I need to give myself some time off soon so I can, like... redeem myself. I don't know how else to describe it. Do a big cleanse.")
10. She associates cozy environments with her streaming identity and values that aesthetic. (Verbatim: "Also my nice new room and my nice new cozy cozy time.") [end of text]



1. She previously worked as a software developer. (Verbatim: "i remember i got to do that as a developer as well")
2. She has experience working in jobs with strict UK employment laws and probation periods. (Verbatim: "in england you have to i think you have to i can't remember the exact process but i know it involves um it involves written warnings warnings of management like like meetings a work improvement program")
3. She strongly dislikes commuting and is grateful to work from home now. (Verbatim: "i don't know how to express how much that means to me but it means so much to not have a commute because my commute is my bed to this chair")
4. She used to play League of Legends after work at 5:30 PM regularly. (Verbatim: "5 30 slap that laptop close yeet open up league of legends i'm like whoa 5 30 bye i no longer exist to you")
5. She has a strong stance on being paid for overtime or being on call outside work hours. (Verbatim: "if you want me to work till 6 p.m pay me till 6 p.m because like that's out of work hours")
6. She finds waiting for delayed buses extremely frustrating, recalling a time she waited two hours. (Verbatim: "i was in shambles i just i don't know what there's something just very very painful about waiting for a bus that's supposed to have turned up multiple times")
7. She dislikes rail replacement buses and associates them with discomfort and illness. (Verbatim: "oh rail replacement buses i hate rail replacement buses i'd have got a bus then pain pain")
8. She has knowledge of UK HR practices and corporate culture, having been close to an HR employee. (Verbatim: "i was really good friends with the hr lady um at my one of the jobs i worked at and i just found it fascinating")
9. She is familiar with corporate jargon and passive-aggressive email language, which she finds amusing. (Verbatim: "corporate talk is actually hilarious like have you guys ever done like corporate talk like it'll be like as per my last email aka why didn't you read what i last said")
10. She has encountered workplace references that used euphemisms to criticize former employees. (Verbatim: "they were like a very interesting interesting and weird personality... this individual is very special") [end of text]



NO RELEVANT INFORMATION [end of text]



1. She is a British YouTuber and VTuber. (Verbatim: "make sure you check out my name is elias tomaria i'm british youtuber")
2. Her full name is Elia Stellaria. (Verbatim: "my name is elias tomaria" – assumed phonetic/spoken variation of "Elia Stellaria")
3. She has a short attention span. (Verbatim: "i have no attention span")
4. She grew up in England, where the show "Robot Wars" was the common name for combat robotics competitions. (Verbatim: "we called it robot wars in england")
5. She is interested in designing her own combat robot in the future. (Verbatim: "i always thought it'd be really fun to try and design my own little murder robot")
6. She finds it emotionally difficult to watch robots fight, expressing empathy for them. (Verbatim: "i feel bad for the robots")
7. She previously intended to stream Mario but changed plans last minute. (Verbatim: "wasn't this supposed to be a mario stream sometimes things in life just don't go according to plan")
8. She enjoys watching combat robotics videos, particularly BattleBots or Robot Wars. (Verbatim: "i want to see oh my god oh my god can we can we watch some some like robot wars")
9. She has a nostalgic connection to the cartoon "Danger Mouse." (Verbatim: "i want to watch danger mouse oh my god this is so cute")
10. She owns multiple outfit variations for her avatar, including a ponytail, twin tails, a hood, and a sword. (Verbatim: "this is my new ponytail... i also have twin tails... there's also a hood... this is my new sword") [end of text]



1. Her full name is Elia Stellaria. (Verbatim: "my name is elias the laria and i am a british vtuber with no attention span at all")
2. She identifies as a British VTuber. (Verbatim: "my name is elias the laria and i am a british vtuber with no attention span at all")
3. She has a fictional persona that combines cuteness with a love for violence. (Verbatim: "i guess yeah he seems cute and insicent but craves extreme violence")
4. She dislikes and mocks overly flashy or loud American TV shows. (Verbatim: "my father papa elia really doesn't like american tv he always found it very like too loud and extra")
5. She grew up not being allowed to watch American TV due to her father’s preferences. (Verbatim: "wasn't allowed to watch a lot of american tv um growing up my father papa elia really doesn't like american tv")
6. She appreciates authentic, low-key, and naturally presented British television. (Verbatim: "we make it nice and authentic people that authentic authentic experience make it feel that little extra real")
7. She has discussed wanting to organize viewer interaction events. (Verbatim: "i want to do viewer ones i've been in discussion with modera with my moderas um to try and like organize that")
8. She has debuted new hairstyles and outfits recently, indicating attention to her visual presentation. (Verbatim: "yeah i just debuted a new hairstyle and another new hairstyle and an outfit")
9. She references a fictional or humorous familial figure named "Papa Elia." (Verbatim: "my father papa elia really doesn't like american tv")
10. She expresses fascination with cultural differences in media, especially between UK and US formats. (Verbatim: "i want to see like america compared to england i want to see like the difference") [end of text]



1. She is British and attributes her self-deprecating humor to her upbringing in the UK. (Verbatim: "yo i'm british like it's in my nature it's in my nature i was raised this way")

2. She attended university in the UK and lived in student halls during her final year. (Verbatim: "at uni though i did set fire to the microwave once" and "i had like i was in student halls for final year")

3. She grew up having school lunches consisting mainly of sandwiches, such as jam, cheese, or tuna, along with a snack and sometimes fruit. (Verbatim: "mostly at my lunch i had was it cheese sandwiches jam sandwiches um tuna sandwiches")

4. Her family experienced financial difficulties, though they were not officially eligible for certain support due to technicalities. (Verbatim: "if your family are struggling but only in certain circumstances... you are not eligible")

5. She received scholarships during her education due to financial hardship. (Verbatim: "i still managed to get scholarships and stuff but for like certain things it was like yeah difficult")

6. She enjoys British football chants and appreciates their harmonization and coordinated lyrics. (Verbatim: "i love how harmonized british chants are and they all have the same tone and pitch")

7. She played League of Legends during university and took it seriously, losing LP when her study setup lost power. (Verbatim: "i'm losing so much lp like do you not have any sympathy my dear housemates")

8. She prefers using a plugged-in desktop computer over a laptop, especially for studying and gaming. (Verbatim: "i'm not a laptop person am i no i'm a plugged in computer kind of person")

9. She accidentally set fire to a microwave at university due to a popcorn bag, losing her dinner. (Verbatim: "by some sheer miracle um the microwave the popcorn bag just set on fire")

10. She adopted a nocturnal lifestyle during university, staying up at night and avoiding daytime lectures. (Verbatim: "i was very like nocturnal okay because i didn't really turn up to lectures because i didn't have to") [end of text]



1. Her species is an elf, as she has elf ears. (Verbatim: "I wanted ears, and I thought, 'Oh, if I'm getting ears, I might as well get nice pointy ears.'")

2. Her goal as a VTuber is to make people happy in a non-toxic way. (Verbatim: "My oath to try and make people happy... That is my oath. That is why I'm VTuber.")

3. She has a nocturnal sleeping pattern and struggles with time zones. (Verbatim: "I'm just living like nocturnal... I say this like I'm not even in my own time zone right now.")

4. She previously worked a nine-to-five job and procrastinated by leaving tasks for Monday. (Verbatim: "that's monday elia's problem and then monday elia comes along and is like why must i forsaken myself")

5. She enjoys playing League of Legends. (Verbatim: "i'm literally up playing league of legends")

6. She uses a Discord server with only herself in it to store long-term project ideas. (Verbatim: "i have like a discord server that only has me in it and and that's where i keep hold of all my long-term projects")

7. She keeps a sticky note on her PC for urgent tasks she needs to do. (Verbatim: "i have a sticky note on my pc of stuff that i need to do that i've not done")

8. She likes cola and ice cream, often consuming them late at night. (Verbatim: "i'll have ice cream later i have cola now and i call it to yap and eat ice cream at the same time")

9. She jokes about being her own villain due to procrastination. (Verbatim: "i am my own greatest villain heck yeah future me probably hates me")

10. She appreciates surprises and enjoys giving her audience unexpected content. (Verbatim: "I love the surprises.") [end of text]



1. Her birthday is on March 7th. (Verbatim: "my birthday is march 7th")
2. She wants to bring non-toxic, self-loving happiness to her audience and emphasizes self-care. (Verbatim: "I want you guys to take care of yourself... love yourself first and foremost")
3. She used to walk on her tiptoes and practice walking like a princess as a child. (Verbatim: "little ellia used to uh walk around on her tiptoes and want to be a princess")
4. She practiced walking with books on her head to learn proper posture like a princess. (Verbatim: "i used to put books on my head and be like i will learn to walk properly")
5. She grew up with two brothers and often wore hand-me-down clothes, which were mostly boys' clothes. (Verbatim: "when you have two brothers it makes sense just buy clothes for the eldest to then get hand-me-down to the middle child to get hand me down to the youngest")
6. She did not have many dresses growing up due to cost inefficiency. (Verbatim: "i didn't have many dresses growing up because it wasn't cost efficient")
7. She identifies as a real girl, not an AI VTuber. (Verbatim: "i'm a real girl")
8. She is planning a special birthday celebration for herself this year, overcoming past anxiety about organizing birthdays. (Verbatim: "i'm planning something awesome awesome super awesome... i'm actually going to go all in we're planning something this time")
9. She values both of her streaming communities equally and is committed to multi-streaming despite challenges. (Verbatim: "i want to make sure you guys feel like there's attention on both of you both of you okay")
10. She believes in the possibility and value of successful multi-streaming and wants to prove it can work. (Verbatim: "i want to prove multi-streaming can be can be good and can be possible") [end of text]



1. She struggled with burnout during her bachelor's degree due to overworking. (Verbatim: "I remember I used to think doing my best was like spending every second and every waking hour on the thing that I should be doing my best at... it ended up just like burning me out.")

2. She prioritizes mental health and self-care to perform her best. (Verbatim: "I learned like wait... I can't do my best if I'm not at my best.")

3. She played Stardew Valley and League of Legends as part of her self-care routine during her master's program. (Verbatim: "During my masters I played a load of Stardew Valley a lot of League of Legends I did many many breaks.")

4. She graduated top of her class in her master's program. (Verbatim: "I graduated top of my class let's go yippee.")

5. She used to believe she wasn't allowed to be happy unless she reached certain goals. (Verbatim: "I remember in my exams it was really really really like difficult and then when I went to go do my master's I took a different approach... I wasn't allowing myself to be happy because I I'm not allowed to be happy unless I reach a certain goal.")

6. She is working on being more entertaining, fun, and attentive during streams. (Verbatim: "I'm still trying to be better be more entertaining be more fun be more I don't know attentive.")

7. She wants her streams to feel comfortable and inclusive, especially for lurkers. (Verbatim: "I want to make you guys feel like you're a part of it make it feel comfortable for lurkers.")

8. She takes breaks during streaming to play games like League of Legends to maintain her well-being. (Verbatim: "If you notice that I take some breaks and play League of Legends and stuff that's me productively wrestling.")

9. She believes enjoyment and happiness should not be conditional on achievement. (Verbatim: "You're allowed to enjoy the day okay even if you didn't achieve anything or whatever you're still allowed to be happy and enjoy yourself without feeling guilty.")

10. She is committed to continuous improvement in her streaming career. (Verbatim: "I'm working on it I'm getting there step by step stream by stream but I will try my best.") [end of text]



1. She gave up mathematics as part of the "terms and conditions" of becoming a VTuber, humorously claiming it's a required sacrifice. (Verbatim: "i had to sacrifice mathematics to become a vtuber it's um it's part of the terms and conditions of becoming a vtuber you have to give up mathematics")

2. She was supposed to pursue a PhD in mathematics but chose not to, calling it dodging a bullet. (Verbatim: "for some irl lore um i was supposed to go do a phd in mathematics dodged a bullet with that heck yeah that'd have been awful")

3. She dislikes mathematics and finds the idea of doing a PhD in it unappealing. (Verbatim: "um but i don't even like maths so it sounds disgusting that's because it is")

4. She is British and acknowledges her British identity with humor. (Verbatim: "am i british yes yes i am my sincerest apologies i cannot lie to thee i am")

5. She is half Asian and half English, and inherited her father’s British palate. (Verbatim: "i'm half so i'm half asian half english and i definitely inherited my father's palate")

6. She cannot handle spicy food and has a sensitive palate to strong flavors. (Verbatim: "can't handle spicy food and have a very sensitive taste to strong flavors")

7. She was born in Germany but left immediately and does not speak German. (Verbatim: "fun fact um i was born in germany but i left like immediately and don't know anything at all")

8. Her passport lists Germany as her place of birth, which has caused confusion at airports. (Verbatim: "it's on passport as well yeah let me check oh it has place of birth")

9. She has a degenerate sleeping schedule, often sleeping during the day and streaming at night. (Verbatim: "it's 2:44 a.m. heck yeah I'm thriving I'm thriving")

10. She snores, drools, and moves a lot while sleeping, making her a messy bed partner. (Verbatim: "i snore a little bit and i roll a lot... i'm such a messy sleeper i'm like hanging puddle on my pillow") [end of text]



1. She has a strong aversion to the smell of petrol, which reminds her of feeling ill during car travel. (Verbatim: "the smell of petrol and the smell of like cars and stuff remind me of being in a car and when i'm in a car i get travel... it's not good memories it's just a lot of memories of being ill")

2. She had an unusually strong sense of smell as a child and could identify classmates by their individual scents. (Verbatim: "i could tell people apart based on how they smelled... each kid in school had their own scent so you could just like distinguish stuff off it")

3. She was considered a "weird kid" in school for mentioning that people had distinct smells. (Verbatim: "i was always told i was a weird kid because i could tell people apart based on how they smelled")

4. She has a sensitive palate and can detect even small amounts of spicy ingredients in food. (Verbatim: "the amount of times mama Elia has tried to like sneak chili or something spicy into my food... I know what you're doing I can taste it")

5. She dislikes being tricked or "bamboozled," and expresses strong self-awareness about feeling cringe. (Verbatim: "you've been bamboozled so bad I'm so cringe oh gosh... I'm reaching levels of cringe that I didn't think were possible")

6. She associates smells strongly with memories and emotions. (Verbatim: "smells have such a strong attachment to feelings like or memories")

7. She believes her sensitive sense of taste may be linked to her formerly strong sense of smell. (Verbatim: "maybe my my sensitive nose is part of the reason why I have such a sensitive tongue")

8. She finds pole dancing physically challenging but references having practiced it. (Verbatim: "good thing i worked on those pole dancing skills... pole dancing is so hard")

9. She refers to someone named "mama Elia," suggesting a familial or caretaker figure in her life. (Verbatim: "mama Elia has tried to like sneak chili or something spicy into my food")

10. She enjoys long pre-game chat sessions, indicating a habit of extended pre-stream interaction. (Verbatim: "love my five-hour pre-game zatsu") [end of text]



1. She is reasonably tall but not tall enough to reach certain shelves, and is taller than a hobbit. (Verbatim: "tall but not tall enough yet to reach certain shelves but reasonably tall")

2. She has surprisingly small feet for her height, which others have noted as strange. (Verbatim: "i have surprisingly small feet for my height i've been told that it's kind of strange how small my feet are")

3. She dislikes ponytails and has expressed hatred toward them. (Verbatim: "no i hate ponytail it's life ponytail it's life")

4. She has a strong emotional connection to Pikmin, recalling crying as a child when her Pikmin died. (Verbatim: "i remember literally crying because i was really young when i played it and i just remember the screams of the pikmin getting eaten by the bugs")

5. She loves The Legend of Zelda: The Wind Waker and eagerly awaits its re-release or remaster. (Verbatim: "i love the legend of zelda wind waker i want to play it so much like so so so so so much")

6. She is eagerly anticipating the release of Hollow Knight: Silksong. (Verbatim: "silksong where are you absolute pain we'll get silksong one day right guys")

7. She enjoys Hollow Knight and appreciates that it has multiple endings, though she has only unlocked one. (Verbatim: "i love hollow night it's such a beautiful fun game and there's like seven different endings i believe i've only got one of them before")

8. She enjoys N64-style games and currently has an "N64 mood," indicating a preference for retro Nintendo games. (Verbatim: "i've got the very like uh what you call it um n64 mood at the moment")

9. She expresses care for her audience's well-being, emphasizing the importance of eating proper food over junk like ketchup packets. (Verbatim: "you're not eating ketchup packets you're eating proper food sustenance with actual like substance to it right")

10. She associates emotional reactions with gameplay, feeling guilt and incompetence when her in-game characters die due to her actions. (Verbatim: "i felt so bad for them bless them rest in pieces the pikmin punks") [end of text]



NO RELEVANT INFORMATION [end of text]



1. She experiences loneliness and misses a close friend from her past. (Verbatim: "So today I was feeling extremely lonely even more than usual / I look back at things that had my only friend in them and cried knowing I barely see them anymore")

2. She lives alone. (Verbatim: "I'm like 70% certain I have ice cream / Cuz I'm the kind of person to take the ice cream out of the box and then leave the box in the freezer / And then be like oh my god, who left an empty box in the freezer and then I'm like yo I live alone")

3. She has a habit of misplacing or forgetting where she puts things, especially food. (Verbatim: "I'm the kind of person to take the ice cream out of the box and then leave the box in the freezer / And then be like oh my god, who left an empty box in the freezer")

4. She enjoys eating ice cream. (Verbatim: "I have ice cream / That I'm gonna eat")

5. She plans to watch anime after the stream. (Verbatim: "I want some ice cream / and to watch some anime / which i will do")

6. She refers to herself humorously as "Detective, Ellia." (Verbatim: "Detective, Ellia / Hanging wild")

7. She identifies herself as her own biggest fan or supporter ("greatest animator"). (Verbatim: "I am my greatest animator")

8. She expresses a strong emotional reliance on her streams and interactions with viewers to cope with difficult feelings. (Verbatim: "thank you for keeping me busy today daesuki")

9. She has a playful, energetic farewell catchphrase: "Aggressively cute!" (Verbatim: "Aggressively! / Cute!")

10. She dislikes saying goodbye and prefers "see you later." (Verbatim: "it is not a bye-bye cause bye-byes suck") [end of text]



1. She enjoys eating chicken nuggets and discovered they can be cooked in five minutes using an air fryer. (Verbatim: "i can make chicken nuggets in my air fryer in in in five minutes and i was like what excuse me what")

2. She has a fondness for smiley face-shaped potatoes, which she considers a “fancy” and mature food despite their playful appearance. (Verbatim: "i had these little potato smiles because you know i'm a really mature adult that has really mature food")

3. As a child, her parents refused to buy smiley face potatoes or Lunchables because they were seen as expensive and not cost-effective. (Verbatim: "my parents would never never get them because they're like why would we pay extra for food in the shape of like stuff when it's just food")

4. She never had Lunchables as a child due to their high cost, though she expresses a nostalgic desire to try them. (Verbatim: "i've never actually had a lunchable um because my parents said that it was it was it was very expensive and not very cost effective")

5. She recalls British school lunches being poor quality, especially after health reforms, and remembers one particularly disappointing watery pasta meal she saved bus money to buy. (Verbatim: "i remember i saved up my bus money to to buy it and i was so sad it was so it was so watery it was like the sad watery passed a pot")

6. Her school had a vending machine that only offered unappetizing healthy options like bruised fruit and exploding yogurts, which she found awful. (Verbatim: "they'd replaced everything in the vending machine with just random random healthy items so talking like a bottle of water")

7. She strongly dislikes liver and once refused to eat it for nearly four hours at the dinner table as a child. (Verbatim: "liver is something i absolutely cannot eat okay it was it was cooked for me once by my parents and honestly... i think it was like almost four hours i was sat there like i'm not eating it")

8. Her parents enforced a rule that she couldn’t leave the dinner table until she finished all her food, leading to prolonged standoffs. (Verbatim: "my parents would be like oh you can't leave you can't leave the dinner table until you finish all your food")

9. She values minimizing food waste and believes using the whole chicken, including bones and skin, is sensible and respectful to the animal. (Verbatim: "same dude it's it's like food waste like what you want to just throw it away like you killed that chicken mate eat it all")

10. She enjoys chicken skin and finds it delicious, contrasting with people who dismiss it as undesirable. (Verbatim: "i love chicken skin put a load of chicken skin in here that's delicious") [end of text]



1. She was a middle child and often felt forgotten. (Verbatim: "yo fellow middle child what up it's me also middle child middle child middle child heck yeah i was forgotten quite a bit um i was a middle child i was a middle child")

2. She was labeled the "smart child" in her family and faced high academic expectations. (Verbatim: "i was also the smart child um yeah yeah yeah yeah yeah yeah so it was more like oh we don't need to take care of her she takes care of herself")

3. Her parents expected her to get top grades but discouraged her from studying, preferring she do chores instead. (Verbatim: "they wanted me to get top grades but they didn't want me to to study which was the weirdest part they would rather i be cleaning like or doing chores")

4. She had a cousin of the same age, and their parents constantly compared them academically. (Verbatim: "i have so i have like a cousin that's like the same age as me... they'll be like oh let's pit these two up against each other and compare them constantly")

5. She disliked being made an example of by teachers and had difficult experiences with some educators. (Verbatim: "oh I hate it being made an example of yes I had a lot of mean teachers I'll be honest")

6. She struggled with attention and focus in school, often doodling or zoning out during class. (Verbatim: "i don't have a very big attention span so i used to doodle a lot um like a lot like i'd have my notebook and i would just doodle on it")

7. She sometimes zones out to the point of being mentally absent despite having her eyes open. (Verbatim: "my eyes are open but I'm not looking through them like does that make sense like the eyes are open but you're not you're not there you're just gone")

8. She found school and university lectures difficult due to her inability to focus as a listener. (Verbatim: "I'm not a listen learner okay okay like even at uni I just remember being sat there and be in my head I'd be like okay Ellie what are we gonna do today we're gonna listen to the professor")

9. She used to do other students' homework for them, viewing it as "free XP" like in a video game. (Verbatim: "i would do their homework... i considered it like a video game okay i wanted the free xp give me your homework")

10. She resented the generational mindset of enduring hardship and passing it on, vowing to break the cycle. (Verbatim: "i don't we must continue the generational trauma until until morale rises like like i don't understand gotta break that cycle i don't get it") [end of text]



1. She has had multiple close calls with traffic while crossing roads, including nearly being hit by cars five times in one 30-minute walk. (Verbatim: "i got almost run over five times that day like every single road i was like i was actually trying to safely cross the road i don't know how it kept happening")

2. She once walked home from Nando’s because she spent all her money on food and couldn’t afford the bus. (Verbatim: "i think at the time i was walking from nando's... i used all my money on the chicken and i don't have enough for the bus so i'm gonna walk")

3. She fell out of trees frequently as a child due to climbing and being clumsy. (Verbatim: "like i used to like climbing trees as a kid and i used to get stuck and i used to fall a lot because i'm quite clumsy")

4. She got stuck on top of a large metal container and had to jump down because she didn’t have her phone. (Verbatim: "i climbed on top of one of those um containers you know like the big big containers... and i got stuck and i didn't have my phone and i was there for like an hour and then i had to figure out how to like jump down")

5. She fell down three flights of stairs, slid all the way down, and was badly bruised but felt more confused than hurt at the time. (Verbatim: "the furthest i've fallen i accidentally um fell down some stairs but it was like three flights of stairs and i went all the way down... i think i had like adrenaline i didn't hurt and then i realized i was so bruised")

6. She slept on a top bunk bed without the bottom bunk and frequently rolled off it while sleeping. (Verbatim: "i had for a little bit while growing up and i like rolling around in my sleep... the amount of times i rolled off that bed was too many too many times")

7. She has a surprisingly high pain tolerance and tends to hide her pain to avoid bothering others. (Verbatim: "i've been told i have quite a high like surprisingly high pain tolerance... i'm pretty good at hiding said pain if that makes sense mostly because i don't want to be a bother")

8. She dissociates during scary experiences like roller coasters, becoming silent and mentally checking out. (Verbatim: "if you stick me on something scary like a zipline or roller coaster i go dead silent i just straight up dissociate from existence")

9. She went on several roller coasters at Fuji-Q Highland, including one with 3.1 g-force acceleration and another that reaches 130 km/h. (Verbatim: "i went on fujiyama it's supposed to be like it's certified as a one of the largest roller coasters with no overturns... the fujiyama one goes at 130 kilometers per hour")

10. She relates to cheetahs, describing herself as working at 0% or 100%—either completely inactive or working at extreme speed for short bursts. (Verbatim: "i resonate with cheetahs because like they're they're zero or 100 and that's how i work i'm either napping doing absolutely nothing rotting away or working at 100 at super speed") [end of text]



1. She attended university in England and studied a demanding course with over 10 modules, requiring extensive study. (Verbatim: "back in school in uni i would be classed as like overachiever... i had so many modules as well it wasn't even that i had half amount of modules i still had like like over 10 modules")

2. She struggled financially during university and could not afford to go out or attend trips. (Verbatim: "i can't afford it... i couldn't afford the third option i'll be honest um the third option there the party option that costs money alcohol is expensive")

3. She worked multiple jobs while studying at university to support herself. (Verbatim: "i didn't have a lot of money i was working like all these jobs i was trying to study")

4. She played League of Legends frequently during university as a way to cope or relax. (Verbatim: "i remember at uni i did have to study... but like my goodness it was it was a struggle... i played a lot of league")

5. She identifies as a procrastinator and believes working under pressure improves her performance. (Verbatim: "procrastination is a good skill because then you can deal with last minute issues... pressure makes diamonds okay")

6. She had a breakdown when she dropped her cottage pie on the floor, which symbolized her stress and hunger during university. (Verbatim: "i was on the floor like on my hands and knees next to this cottage pie in absolute shambles... crying like and then and then my um my housemate walked in")

7. She lived with nine other girls during her second year of university, who were wealthy and did not understand her financial limitations. (Verbatim: "this was second year uni i shared with we have nine other girls... the only issue was that they were all incredibly rich")

8. She felt isolated and misunderstood by her wealthy housemates when she couldn't afford an end-of-year trip to Greece. (Verbatim: "they wanted to go to greece or something... i can't afford to do that... they just thought i didn't want to go with them")

9. She does not come from a financially supportive family and cannot rely on her parents for money. (Verbatim: "i could call my parents right now and you could listen to them laugh like why didn't i just say that i couldn't afford it")

10. She finds comfort in flexibility and believes productive rest is important to avoid burnout. (Verbatim: "you can't work at like 200% all the time... productive rest is so real") [end of text]



1. She worked three jobs while struggling financially and supporting her family. (Verbatim: "i was working three jobs and stuff and starving but a lot of the money i was earning was going to my family")

2. Her parents do not understand financial hardship and believe that working hard always leads to financial success. (Verbatim: "they don't understand about the idea of not being able to afford something... they just it was like a missing link in their brain")

3. She grew up in a house with significant living difficulties, including a broken window that let in a constant breeze. (Verbatim: "i swear i remember being like um yo mother father my window's not windowing like at all i'll be honest um because if i hold my hand here like it's a breeze")

4. She attended university in England where she experienced group project challenges and advocated for herself with professors. (Verbatim: "i remember i went to the professor and i was like yo professor like these are the you i know you brought our grade down because these parts suck")

5. She successfully argued for a higher individual grade in a university group project due to unequal contributions. (Verbatim: "i got to okay i'm not paying for an expensive degree and not snitching")

6. She participated in academic research expos involving scientific poster presentations during university. (Verbatim: "we had to make a group scientific poster thing... these posters are massive and you have to like do certain parts")

7. She is aware of and acknowledges her own privileges despite facing financial struggles. (Verbatim: "i wouldn't say i was the most underprivileged kid like i know there were other kids that had things way worse than me so i still accept my privilege")

8. She finds it frustrating when wealthy people deny their privilege and claim to be working class. (Verbatim: "they'd be like no no no no no no i am most definitely working class and i'm like not with that extent heck you want me like you ain't ever seen a rat in your life")

9. She has a critical view of the UK student finance system, noting that most people never fully repay their loans. (Verbatim: "after 30 years the loan gets wiped it's like done gone... i would say yeah like heckin 99.9 percent of people won't pay it")

10. One of her university peers had a significant academic advantage because her father was a Cambridge professor in the same subject. (Verbatim: "one of the girls at my uni like her father was a professor at the university of cambridge and would help her with all her uni work") [end of text]



1. She has a strong dislike for sweat bees, which are harmless but swarm and are attracted to sweat. (Verbatim: "sweat bees my hacking but hated they're they're harmless but my god i hated them so much they swarmed me")

2. She was bitten excessively by gnats during a childhood school trip, causing her neck to swell and preventing her from joining a night walk. (Verbatim: "i got bitten by so many gnats that i had to like i wasn't allowed to go on the night walk because my neck started swelling")

3. During a school trip, she was left with a French class that spoke no English, and they watched *The SpongeBob Movie* together while she drank hot chocolate. (Verbatim: "they just dumped me with this random class of french people and we watched the spongebob movie... i was very cozy")

4. She has a monolingual background and does not speak any language other than English, which she attributes to her mother not teaching her. (Verbatim: "i'm a monolingual punk okay my mother never bothered to teach me anything")

5. She once traveled to a rainforest, where she had to drink large amounts of water and used hydration salts to stay properly hydrated. (Verbatim: "when i was yeah in the rainforest i had to drink so much i drank so much water while over there because you just sweat it all out")

6. She took malaria tablets during a trip, which she disliked. (Verbatim: "i had to take these malaria tablets and they suck")

7. She completed a master’s degree, during which a hornet lived in her room for an extended period before dying behind a chair. (Verbatim: "this was during my masters... i look behind a chair and and guess what i find in the corner on the floor i find its dead tired body")

8. She dislikes the experience of washing her hair after camping due to fear of bugs in damp, dark places. (Verbatim: "washing your hair after a camping trip was a horrifying experience oh my god oh my god it's like the scariest part is like because they like damp places")

9. She once accidentally ate chicken butt (chicken tail) at a street food stall in Asia and found it disgusting. (Verbatim: "i ate chicken butt and it was awful and i hated it and i don't like chicken butt and chicken butt tastes awful")

10. She has a fear of mosquitoes and gets bitten frequently, more than most people. (Verbatim: "i get bitten by mosquitoes quite a lot like like a lot a lot") [end of text]



1. She once unknowingly ate chicken butt from a street vendor. (Verbatim: "i asked my mother to read the sign... she was like yes chicken butt and i was like i don't want to eat chicken butt")
2. She enjoys trying adventurous foods like chicken feet and cow’s tongue but avoids spicy food. (Verbatim: "i do like to try and be adventurous with my food... the only thing i'm not adventurous on is spicy things")
3. She had two trips to America where she tried local food, including Costco hot dogs, and noticed her body reacting strongly to greasy food. (Verbatim: "when i went to america i was like i want to try american food... first trip i couldn't finish the costco hot dog second trip i did finish the costco hot dog")
4. She worked at a zoo in the past and often ended the day covered in animal poop, which made commuting home by bus embarrassing. (Verbatim: "i worked at the zoo... i was covered in it like it was awful... getting the bus when you absolutely stink sucks")
5. She is afraid of large flies, wasps, and spiders, and once avoided her own living room for days due to a wasp. (Verbatim: "i hate them i hate them i just i just hate them... i didn't enter my living room for like a few days after that")
6. As a child, she was terrified of spiders and would ask her parents to remove them, sometimes finding them missing and panicking. (Verbatim: "as a kid i struggled... where's the scariest spider because it'd be like on my bed or something")
7. She loves penguins, especially after seeing the penguin parade at Edinburgh Zoo, but finds them smelly due to their fish odor. (Verbatim: "they're so cute... penguins smell like fish if you're wondering how they smell")
8. She has a fear of mystery meat but acknowledges it has led her to enjoy unusual foods like chicken feet. (Verbatim: "i don't eat mystery mystery meat's not always bad like like mystery meat is how i got to try chicken feet")
9. She struggles with forgetting to eat, which may have contributed to losing weight despite consuming burgers. (Verbatim: "i keep forgetting to eat... i somehow lost weight i actually need to gain weight")
10. She cannot drive and relies on public transportation, which was particularly difficult when returning home smelling of animal waste. (Verbatim: "i can't drive so for me to get back home i'd have to get two buses") [end of text]



