1. She is a British VTuber. (Verbatim: "I am Elia Stellaria, British VTuber.")
2. She has a habit of eating a slice of pizza and then immediately falling asleep. (Verbatim: "I had pizza, I was like, what did I do? I woke up, I woke up, and then I had pizza, and then I napped.")
3. She experiences confusion between morning and evening due to disrupted sleep cycles. (Verbatim: "Wake up and see at the clock, you don't know if it's a.m. or p.m.")
4. She has a recurring experience of waking up and thinking it's the next day. (Verbatim: "You did that thing where you fall asleep and you think it's tomorrow.")
5. She associates breakfast with the moment one wakes up, not a specific time of day. (Verbatim: "Breakfast isn't relative to time, breakfast is relative when you wake up, right?")
6. She finds the cost of food in California to be excessive. (Verbatim: "California is expensive, yo.")
7. She plans to return to England soon. (Verbatim: "I'm visiting, visiting, so don't worry, I will return to England soon, soon.")
8. She has a fondness for deep pan pizza, specifically American-style. (Verbatim: "It was like an American deep pan pizza, and I only had one slice.")
9. She has a habit of napping after eating a heavy meal. (Verbatim: "When you eat a lot, you're like, 'Oh, I'm gonna eat, I'm gonna eat so hard.' Yeah, food coma, food coma, be real.")
10. She references a "Church of the Goose" with a playful, self-aware tone. (Verbatim: "I've changed my name just for this." and "I condone the Church of the Goose.") [end of text]



1. She identifies raccoons as her spirit animal and resonates with them. (Verbatim: "literal trash yo this is why i love raccoons i resonate with them okay i resonate with the raccoons raccoons are my spirit animal okay")
2. She has a strong interest in creating a raccoon farm and investing in a "raccoon army." (Verbatim: "i will make a raccoon farm and and be thriving i don't know why but i have a they have little hands i feel like i could i could train them")
3. She has a background in computer science and artificial intelligence. (Verbatim: "my master's is in computer science and ai")
4. She previously worked as a developer and in first, second, and third-line support. (Verbatim: "i've worked as a developer before i've worked in it i've done like first second third line support")
5. She has a master's degree in computer science and AI. (Verbatim: "my master's is in computer science and ai")
6. She worked as a data analyst for a startup, though she found the work outdated and unfulfilling. (Verbatim: "i went to go some do some data analytic work for this like startup for a little bit all of it hacking pointless")
7. She learned the programming language R during her studies but dislikes it. (Verbatim: "i hate r but i learned it and they were using excel")
8. She finds outdated technology in companies, such as servers with only one kilobyte of RAM and reliance on VBA and Excel. (Verbatim: "it's a trip back in time these these this isn't this isn't me going onto someone's server this is me traveling back")
9. She has experience with IoT support and found systems running on obsolete technology. (Verbatim: "even when i was doing like iot support every server i went on i was like it's a trip back in time")
10. She is not a "tech bro" despite her technical background, and she humorously rejects the label. (Verbatim: "i'm not i'm not a tech bro i didn't actually there's like um you guys know like the rice purity test") [end of text]



1. She is a VTuber who streams on YouTube. (Verbatim: "this one is so relevant to us um you guys can guess which one i'm chatting about this one is so relevant to us")
2. She has a live 2D model used during her streams. (Verbatim: "they literally have a live 2d model being shown")
3. She enjoys watching other VTuber streams and fangirling over cute anime girls. (Verbatim: "i lurk in people's streams and i fangirl like over cute anime girls")
4. She identifies her behavior as "cuteness aggression" rather than "sus" or unhinged. (Verbatim: "mine's more cuteness aggression rather than sus")
5. She has not yet done a drinking stream. (Verbatim: "i still haven't done a drinking stream though so who knows what i'm like when i have my drink")
6. She drinks water that tastes like "blip" when streaming. (Verbatim: "that's me drinking water that tastes like blip")
7. She has a habit of lurking in other people's streams. (Verbatim: "i tell you guys i like to lurk in people's streams i lurk")
8. She is not a goose, and does not identify as an "overgoose". (Verbatim: "can't be me because i'm not an overgoose um because i'm not a goose")
9. She finds the concept of a VTuber anime based on a real-life streamer accident to be accurate and relatable. (Verbatim: "it's very um very accurate in terms of like um the vtuber stuff")
10. She has a self-awareness about her personality not being mysterious or cool, unlike the protagonist of the VTuber anime she’s watching. (Verbatim: "i'm not as sus as her no no i'm not that i'm not that unhinged") [end of text]



1. She has a strong affinity for sweet, non-alcoholic drinks. (Verbatim: "I want something sweet and I don't know yeah doesn't taste like like it unless it's with cheese")
2. She enjoys Mexican cola and finds it delicious. (Verbatim: "have my mexican cola today delicious")
3. She is not a fan of wine, finding it too fancy for her taste. (Verbatim: "i don't know how i feel about wine wine feels too fancy for me")
4. She is open to trying soju, especially due to its sweet flavor. (Verbatim: "soju i'm down for soju soju soju sweet ellie becomes sweeter")
5. She has experience working as a teaching assistant in a primary school. (Verbatim: "i have experience being like a teaching assistant at a primary school for a bit")
6. She believes she has a natural ability to connect with and calm small children. (Verbatim: "apparently i get along well with small children i don't know why because i'm not a i don't know why but yeah")
7. She enjoys discussing anime and finds it personally fulfilling to share opinions with her audience. (Verbatim: "i honestly like really really appreciate that you guys are here for real like chatting with me")
8. She has a habit of getting emotionally expressive when drunk, becoming affectionate and hyper-positive. (Verbatim: "i'd be the type to be 100 times affectionate with her friends when drunk")
9. She is looking forward to the third season of the shojo anime *Kimini Todokai*. (Verbatim: "i'm so hyped so hyped like oh i love that show it makes my heart go doki doki")
10. She is particularly excited about the anime *Elusive Samurai*, which she considers her favorite of the season. (Verbatim: "after going through them all this is samurai is my favorite") [end of text]



1. She strives to give "good vibes" to her audience. (Verbatim: "I'm here to give good vibes. I think. I think. I try. Take my good vibes.")
2. She fears becoming less popular as a VTuber. (Verbatim: "A VTuber's becoming less popular. Gosh, I hope not, because that's me.")
3. She would resist declining popularity by any means necessary. (Verbatim: "I'll do what I can. I'll do what I can. I'll do what I can.")
4. She strongly dislikes the idea of becoming an IRL streamer. (Verbatim: "Don't make me become a hecking IRL streamer. Oh no.")
5. She believes immersion would be ruined by an IRL stream. (Verbatim: "Your immersion. Your immersion will be crushed. It'll be crushed. Crushed.")
6. She plans to stream while playing League of Legends-themed game "Swarm". (Verbatim: "Tomorrow, tomorrow, tomorrow. Am I? Yes. It's gonna be yapping while I solo play League of Legends Swarm...")
7. She humorously envisions a "hot tub stream" where she would be in a hot tub with dakimakuras. (Verbatim: "I'm going to get myself a hot tub and then I will buy a bunch of dakimakuras and put them in the hot tub and then I myself will be in the hot tub and then we shall hot tub.")
8. She jokingly denies being a "goose" in relation to her hot tub plans. (Verbatim: "No, not because I'm a goose!")
9. She enjoys making puns and playful stories, such as telling a tree it has ugly green hair. (Verbatim: "Today I told a tree it had ugly green hair. It decided to get upset at me and it leaves.")
10. She appreciates being called "Remy" by her viewers. (Verbatim: "Remy! Remy, Remy, Remy!") [end of text]



1. She has a middle child position in her family with two brothers. (Verbatim: "i'm a middle child with two brothers")
2. She is uncomfortable with incest themes in media. (Verbatim: "incest is a turn-off straight up like and i think it that's especially true for anyone that has like brothers or sisters")
3. She finds the idea of a sister waking up her brother in an intimate way unrealistic and off-putting. (Verbatim: "i don't think i don't think sisters wake their brothers up like that")
4. She has a close relationship with her brothers, but family affection is minimal. (Verbatim: "my family aren't into the whole affection at all")
5. She is fluent in Japanese with a good accent. (Verbatim: "my japanese accent's good when i speak japanese")
6. She attempted to learn Polish but was told her accent sounded like a non-native speaker trying to speak English. (Verbatim: "my polish accent made them all laugh because according to them the way that i speak polish that they said like a like someone that doesn't speak english")
7. She is not interested in learning Russian from anime due to its likely inaccurate portrayal. (Verbatim: "i won't use it to learn russian i imagine it's probably not very i imagine yeah it's not gonna have proper russian")
8. She has a strong opinion about sibling dynamics and finds exaggerated affection between siblings unrealistic. (Verbatim: "i don't know any anyone that wakes up their brother that way like yeah it's just yeah it's the it's the sister sat on top of the brother in bed waking him up like and that yeah i'm just like that's the scene i keep seeing on twitter")
9. She dislikes when anime portrays romantic or affectionate sibling interactions. (Verbatim: "i'm not going to enjoy days of my stepsister for sure i don't think i'm going to watch that")
10. She has a preference for romance stories where the male lead recognizes the female lead’s feelings. (Verbatim: "it's kind of nice to see a rom-kong where like this one the guy actually recognizes the girl is into him") [end of text]



```
She enjoys light novels and anime adaptations, particularly those with romantic or absurd comedy elements. (Verbatim: "i'll be interested to see how they take it... like plot wise it's always interesting to see these sort of rom-com like how the plot will develop")
She has a strong preference for reading manhwa over watching anime adaptations, especially when the adaptation lacks proper explanation. (Verbatim: "i would just i would just straight up recommend the mystery was part of it and now there's a lot more writing in the manhwa")
She is a long-time fan of Tower of God, having read it since its early chapters and re-reading it multiple times. (Verbatim: "i've been reading tower of god since like the i don't know how it's like since the first season and i was having to wait for more chapters to come out")
She finds the original art style of Tower of God dated but still enjoyable once accustomed to it. (Verbatim: "the art style is quite dated because it was a long time ago um but it's still good")
She is familiar with and appreciates the cultural nuances of British communication, particularly their tendency toward understatement and sarcasm. (Verbatim: "the british don't like to share their feelings to be honest... british people are sarcastic so sometimes they'll say the complete opposite")
She has read and re-read Omniscient Reader's Point of View, indicating strong interest in the series. (Verbatim: "i'm currently reading omniscient reader's viewpoint i don't know if that's getting an anime i don't know but i'm enjoying the manwa")
She is a fan of absurd and surreal comedy anime, citing Nokotan as an example. (Verbatim: "if you love absurdity if you love the absurdity and comedy kind of animes you'll love this")
She has a particular fondness for white-haired characters in anime and visual media. (Verbatim: "i go i go yeah yo you like them white-haired characters i got a white-haired character for you")
She has a history of watching and following anime adaptations that are based on long-running webcomics or light novels. (Verbatim: "i've seen the first episode of tower of god season two i'm biased because i'm a massive tower of god fan")
She values detailed world-building and narrative explanation, especially in adaptations. (Verbatim: "give me my long we need that long text of explanation to understand what the heck just happened")
She has been following the Tower of God series since its original 2010 release, indicating long-term engagement with the work. (Verbatim: "the original run began in 2010 2010 we're talking we're talking 14 heckin years ago guys")
``` [end of text]



1. She enjoys watching anime that are wildly absurd and dramatically over-the-top. (Verbatim: "it's very dramatic at times it's like yeah michijo at least pretends to make sense sometimes this anime doesn't")
2. She has a preference for anime that establish their tone quickly and are not reliant on slow buildup. (Verbatim: "you'll know from the first episode if you'll like it")
3. She dislikes anime that rely on repetitive jokes without variation. (Verbatim: "one really easy trap that it can fall into is reusing the same jokes so i'm hoping that they keep the joke variety like up")
4. She appreciates when anime include unexpected pop culture references, such as to Spider-Man. (Verbatim: "apparently the latest episode is really good actually has like um a reference to spider-man in it which is awesome")
5. She finds comfort in the idea of being associated with two giant fluffy dogs. (Verbatim: "if i could be associated with two giant fluffy dogs heck yeah")
6. She has a strong emotional reaction to certain anime episodes, such as crying during a scene in episode 3 of a particular series. (Verbatim: "my senpai is an amazing episode 3 made me cry in the first few minutes")
7. She values the experience of binge-watching anime that deeply engage her. (Verbatim: "if i really like an anime i'll drop everything in my life to just take and binge watch every episode")
8. She watches anime while eating, treating it as background entertainment during meals. (Verbatim: "if i food i like having anime on the tv that's that's how i fit in my anime")
9. She has a habit of testing new anime with a three-episode threshold before deciding to continue. (Verbatim: "i'll do the three episode test it's about the three episode test my beloved he's getting one two three chances")
10. She finds humor in absurd and chaotic anime that don’t take themselves too seriously. (Verbatim: "if you don't like it by the 12th episode you won't like it dude") [end of text]



```
1. She has a strong affinity for isekai anime, considering them her "junk food" and "comfort food." (Verbatim: "isekai is my drug... it's my comfort food isekai trashed my beloved getting my belly")
2. She enjoys watching anime with an overpowered protagonist, even if the anime is considered "terrible." (Verbatim: "gimme give me a terrible isekai anime with an op protagonist and i'm down")
3. She has a positive reaction to the VTuber Elia Stellaria, describing her as "cute" and expressing that she was "infected" by her cuteness. (Verbatim: "damn i got infected with the cuteness of what how impossible well damn it's almost terminal it's been like that for a year now")
4. She finds it difficult to maintain intense fangirling and prefers a more relaxed, casual approach to fandom. (Verbatim: "I'm more chilled when it comes to my fangirling of anime")
5. She respects passionate fans but does not identify with being a "fan fan" or overly intense fan. (Verbatim: "I'm not like one of them I'm like just a regular fan like I'm just I'm yeah I'm a fan but but I act casual to voice")
6. She has watched and engaged with the anime *Fairy Tail*, though she does not consider herself deeply involved in its fandom. (Verbatim: "I don't know much about fairy tale" and "I don't know what they're like I'll be honest like they're not there is there a fairy tale fandom I don't know")
7. She has watched at least 100 episodes of *Fairy Tail* before dropping it, indicating a significant but not sustained engagement. (Verbatim: "you watched a hundred episodes and then you dropped it dude you gave it such a chance")
8. She finds the attention span of modern viewers to be very short, estimating it at around seven seconds. (Verbatim: "seven seconds is like the average attention span nowadays")
9. She believes content creators must account for short attention spans when making content. (Verbatim: "you gotta you gotta know the attention span of people when you make content")
10. She is familiar with the anime *Mashle: Magic and Muscles*, having recognized its plot and compared it to other similar series. (Verbatim: "this is mashal sword edition like why is there so many of these")
``` [end of text]



1. She aspires to become an anime voice actress. (Verbatim: "will I become an anime voice actress I wish I could that would be incredible I would love that I would heckin love that")
2. She struggles to maintain a mysterious and cool persona due to being naturally talkative. (Verbatim: "i want to be mysterious and cool but i can't stop heiken yapping")
3. She finds it difficult to perform high-pitched, nasal voices consistently. (Verbatim: "how do i do a higher pitch voice go nasal and we go high pitchでも nozokash desu ne yeah no yeah it's much easier to be yeah")
4. She enjoys Reese's peanut butter cups, which she finds very sweet with a subtle peanut scent. (Verbatim: "it's Reese's peanut butter cups I think it's an American oh my god wait it's got paper on it oh that was close")
5. She has a habit of saying "yo" and "dude" frequently, which she acknowledges as excessive. (Verbatim: "i'm saying dude and yo dude yo chill dude what oh no welp but yeah for those of you that are new")
6. She identifies with the character of a "needy" streamer, referencing a dream and a game. (Verbatim: "in the dream i played needy streamer overload and in the dream i had to like write something and i didn't know what to write so i wrote this dumb line")
7. She is self-aware of her chaotic personality and humor, joking about being "borked" and "heckin broke". (Verbatim: "she can't be fixed she borked she heckin broke okay")
8. She has a preference for her natural voice over her alter ego "Elenoir". (Verbatim: "we love elliot being herself her natural voice is amazing and she's so cute elliot you all just want elenoir and not me")
9. She references a fictional "kami dad" and humorously imagines herself as a low-tier deity. (Verbatim: "if I was kami I should be better it's yummy delicious different tiers of gods yeah I'd be on the lower end like damn who made her god of what oh dear")
10. She is familiar with the concept of "combo" phrases and internet culture, referencing a specific line from a dream. (Verbatim: "it's a very very old joke from a dream that I had a long time ago") [end of text]



1. She identifies as a British VTuber. (Verbatim: "I am elia salari a british vtuber i like anime")
2. She has watched between 500 to 600 full-length anime series. (Verbatim: "about 500 ish or over 500 between 500 to 600 um full length anime i've seen")
3. She enjoys watching isekai anime with revenge plots, even if she finds them generic. (Verbatim: "that sounds so so trash i love it like dude dude where have i heard this plot line before")
4. She recommends the anime *The Elusive Samurai* and considers it her favorite so far this season. (Verbatim: "this one so far is my favorite i would say")
5. She dislikes spoilers and has been upset by a major spoiler she saw on Twitter about *The Elusive Samurai*. (Verbatim: "there was a really big spoiler for the first episode and i saw it and it ruined it")
6. She finds the online discourse around *The Elusive Samurai* to be misleading, particularly regarding a character's age. (Verbatim: "it's like no no no no that's an eight-year-old boy like no")
7. She appreciates high-quality animation and direction in anime adaptations. (Verbatim: "the animation's really nice the direction's really good")
8. She is not a fan of horror games. (Verbatim: "I'm too scaredy-cat for this! Please, someone hold my hand!")
9. She is uncomfortable with the idea of being compared to a valley girl. (Verbatim: "you were worried i was gonna turn into a valley girl")
10. She has a tendency to speak quickly, which she acknowledges as a noticeable trait. (Verbatim: "oh dear oh dear oh dear oh dear i start to sound like an anomaly when i speak so fast") [end of text]



1. She has a deep appreciation for anime and considers it a significant part of her identity. (Verbatim: "I like anime I like it I like it so much became an anime girl")
2. She enjoys watching a wide variety of anime genres and does not have a strong preference for any single genre. (Verbatim: "I have a very balanced palette when it comes to anime like I'll watch all kinds of genres")
3. She lacks knowledge about older anime, particularly from the 1990s and early 2000s. (Verbatim: "I don't know much about like the older style anime yeah yeah I'm trying to think definitely nothing I've never I don't think I've really seen anything from like early 2000s or 90s")
4. She has not watched the remake of Dragon Ball Z. (Verbatim: "I still haven't even watched the remake for that to be honest")
5. Her anime style was influenced by Disney and the trend of cute girls doing cute things around the time of Haruhi Suzumiya's release. (Verbatim: "my style was heavily influenced by Disney was it I feel like it came along when it when there was like a trend of like um cute girls doing cute things like Kaylin came out and stuff")
6. She considers Sword Art Online a defining moment in anime history. (Verbatim: "you can't deny the effect of sword art online okay we all know there was yeah you got the moe revolution you got the op kirito revolution like we got these historical points in anime time that happened")
7. She enjoys the isekai genre, even though she doesn't typically like historical anime. (Verbatim: "I'm not typically into that kind of style or not style um like I'm not into historic anime typically um so and I adore this so I hope you guys will give the release of samurai a chance")
8. She values personal enjoyment over critical or popular opinion when watching anime. (Verbatim: "I don't think too hard about whether it's good it's more straight up like do you enjoy it because like that's it at the end of the day you just watch anime because you enjoy it right")
9. Her favorite mystery anime is Gosick. (Verbatim: "my favorite mystery anime was um say my favorite mystery one is I really like gosick")
10. She believes Gosick is based on Sherlock Holmes stories. (Verbatim: "I'm pretty certain it's directly based it's it's literally yo let's get shogok homes and turn her turn him into a little anime girl") [end of text]



1. She is a British VTuber who is currently in America. (Verbatim: "I'm british what's up but i'm in america right now yeah and i got here")
2. She believes she is a celestial messenger who was hit by a truck and reincarnated as a British girl. (Verbatim: "i am a celestial messenger that got hit by a truck and reincarnated as a british girl")
3. She regained her magical powers through a magical banana. (Verbatim: "regained her magical powers through her magical banana")
4. She has a fondness for American fast food, including Wendy's Frosty and Costco hot dogs. (Verbatim: "i tried um wendy's for the first time and and i got to try um a frosty")
5. She enjoys British afternoon tea with scones, crumpets, tea, and sandwiches. (Verbatim: "scones crumpet a cup of tea some afternoon tea a quiche i don't know some some delicious little sandwiches")
6. She has a strong preference for stories with good writing and plot over explicit content in anime. (Verbatim: "i like good writing i like a good story if it happens there's a lot of lewd scenes then i'm like okay i guess i'll watch it but i'm here for the plot")
7. She is not interested in real women, only fictional anime girls. (Verbatim: "i have no interest in real women only anime girl me of elia salaria who ruined women for me")
8. She finds the localizations of some anime to be cringy. (Verbatim: "the localizers used really cringe language yo wait what kind of cringy language they heckin what did")
9. She has a desire to find raccoons in the United States, which she believes are absent in the UK. (Verbatim: "i want um also i fell behind on some donuts and stuff for the reads i'm")
10. She has a humorous self-image of lowering people's standards for real women by promoting anime girls. (Verbatim: "i'm here to lower your standards i got you i got you like lower the i i'ma i'ma i'ma lower your standards") [end of text]



