1. She has a dog named Stelila. (Verbatim: "I'll go in the other room and I'll see Stelila, my dog, on the telephone vibing.")
2. She consumes "stripper waffles" for breakfast. (Verbatim: "I had an adult breakfast of stripper waffles.")
3. She is concerned about the expiration date of milk in her tea. (Verbatim: "I'm a bit iffy with whether the milk is in date, but it seems okay.")
4. She avoids upgrading her internet due to fear of service disruption. (Verbatim: "I'm worried, like, that, you know, if I try and change it and upgrade it, they'll be like, you're going to be without internet.")
5. She lives in a building where many residents have RGB lighting setups. (Verbatim: "You know when you see the LEDs and you see them multi-color RGB setups, they really catch your eye.")
6. She suspects some neighbors are streamers due to visible streaming equipment. (Verbatim: "I've seen there's a couple of RGB punks in this building.")
7. She lives in a student-heavy area with many people who have pets. (Verbatim: "I live in a student area... a lot of them are up students... there's two types of people in this building a student or someone with a dog.")
8. She has seen cats in windows of other flats and wants to befriend them. (Verbatim: "I see the little cats in the window and I'm like I want to make friends with the cat the cats inside.")
9. She has a recurring issue with her internet speed dropping to 2 megabits receive. (Verbatim: "My receive speed is 2.")
10. She has not yet fixed the donation alert noise issue. (Verbatim: "I still haven't fixed the whole donation alert noise thing.") [end of text]



1. She owns a dog that is difficult to keep up with during walks. (Verbatim: "I also run around with her and run and play with her more, yeah, cause she's a dog and she's hard to keep up with")
2. She worries about taking care of her dog and feels bad when she can't keep up. (Verbatim: "I feel bad, unless I just get her, get another dog, I don't think I can handle two dogs")
3. She takes her dog to groomers regularly, with the next appointment at 1 p.m. (Verbatim: "She's actually booked in for 1 p.m. It's currently 12:30 for my after speed")
4. Her dog receives a full grooming session including bath, brush, blow-dry, nail clipping, and a massage. (Verbatim: "She's gotta have a bath, a brush, a blow-dry, her nails clipped... She does get a massage as well")
5. She gives her dog a treat or toy after grooming to comfort her, as the dog becomes anxious when left with groomers. (Verbatim: "I also always buy her a treat or a toy when I take her because she doesn't like me leaving her with there and she goes all bark bark bark howl")
6. She has a habit of thinking about bread, especially when distracted or hungry. (Verbatim: "I'm hungry. I had bread on the mind")
7. She enjoys watching the South Park episode "Arigato" and has a related emote. (Verbatim: "It's a follow-up! That face! That face! What is that face of mine? Wait! Walk the plank. Sorry, alpha version. Sorry, alpha version. Wait, it's imposter!")
8. She has a fondness for Among Us and sometimes confuses its characters with other things, like bread. (Verbatim: "I forgot that's Among Us. I thought it was dressed as bread.")
9. She has a playful, affectionate relationship with her dog, who responds to her presence. (Verbatim: "you come in here, go straight for the feet you punk but yeah um yeah sorry okay it's like she knows as well")
10. She is working on content for her audience and has taken an evening off to focus on it. (Verbatim: "I'm working on stuff for you all that's why I had to do this evening off but I will be thinking of you") [end of text]



1. She has experienced difficulty streaming outdoors due to visibility issues from sunlight. (Verbatim: "I remember sitting there like yeah i'm gonna watch anime and be outside like with headphones um and honestly i remember so clearly being sat down and looking at my laptop screen and being like just looking at myself in the screen being like damn i can't see a thing")
2. She has had a negative experience with flying ants while attempting to stream outside. (Verbatim: "I noticed um this little tiny flying ant and i was like oh it's a flying ant um and then i saw another one and another one and another one and another one and another one and another one and another one and another one and another one another one and another one and there were so many flying ants that was like a whole swarm")
3. She dislikes bananas and considers eating them a punishment. (Verbatim: "i could eat bananas i don't like eating bananas that's a punishment banana eating stream")
4. She is cautious about barbecues due to food safety concerns. (Verbatim: "i can't bring my computer outside i've tried" ... "you gotta trust you gotta trust the barbecue chef right too many times have seen people get food poisoning from from barbecues")
5. She has a preference for chicken, burgers, and sausages when barbecuing. (Verbatim: "they heckin love chicken um and they like chicken on the barbecue yeah or burgers on the barbecue or sausages on the barbecue")
6. She finds horror games intimidating and avoids them. (Verbatim: "don't make me have more days off no no no no no no i don't want to touch grass" ... "horror game no no don't make me have more days off")
7. She has a habit of using a long extension cable to stream outside. (Verbatim: "i remember getting a long long long wire and sorting out an extension cable and and and sitting in the in our like okay so how am i gonna describe the garden we had was super small")
8. She has a small garden at her parents' house with limited space. (Verbatim: "our like okay so how am i gonna describe the garden we had was super small um like like very small it basically had room for this table and some chairs in there")
9. She has been affected by bugs and spiders in her parents' garden. (Verbatim: "there were tons and tons and tons and tons and tons of bugs um and spiders so you had to always get rid of all the webs")
10. She is aware of and references "flying ant day" as a seasonal phenomenon. (Verbatim: "it was like flying ant day you get like one day i think it's usually like one or two days a year where all the flying ants come out") [end of text]



1. She has a dog that reacts excitedly to the word "doop". (Verbatim: "my dog gets excited when I say 'doop'")
2. She is working on a game for a mini debut. (Verbatim: "for my mini debut yeah yeah one bit elia one bit wouldn't that just be one big flash bang of white")
3. She wants to create an 8-bit version of herself for a game. (Verbatim: "i want to get one to put it in the game i was making for my mini debut")
4. She has a maid outfit and sometimes wears it during streams. (Verbatim: "i do have my maid outfit i have a maid outfit where did i put it")
5. She once considered getting a banana suit, despite being warned it could be dangerous. (Verbatim: "i could get a banana suit that would be great... apparently gotta think of your safety um of the banana danger")
6. She has a master's degree, which she considers a backup plan. (Verbatim: "but i don't know if you tubing existed but that's how i tell myself my master's degree is useful")
7. She is concerned about not putting pressure on her viewers. (Verbatim: "i never want to put any pressure on you all um because the whole point of this the whole point of vtubing is to make you happy")
8. She has prepared for the possibility of having to work another job if VTubing doesn't sustain her. (Verbatim: "i've always been prepped for that because i never want to put any pressure on you all")
9. She values transparency and will inform her audience if she reaches a point of needing financial help. (Verbatim: "if i reach a point where i'm like oh no i can't afford food or vent or something i will i will make sure i'm transparent with you all")
10. She enjoys making tangents during streams to maintain a sense of conversation. (Verbatim: "that's why i do so many tangents when i do donals because i want to make it feel like you know it's still a conversation with with everybody here") [end of text]



1. She is self-employed. (Verbatim: "technically i'm self-employed")
2. She has never had to file taxes before. (Verbatim: "i've not had to do taxes before like no because because i just you yeah technically i'm self-employed")
3. She enjoys eating McDonald's, which she justifies as a "business lunch." (Verbatim: "it's a business lunch yo... chicken burger it is yummy")
4. She is tempted by the game *Star Rail* but hasn't played it yet due to scheduling. (Verbatim: "i'm tempted by star rail i'm tempted by star rail i don't know is star rail any good")
5. She finds it difficult to resist gacha games but believes she can control her urges. (Verbatim: "i can control my gacha urges")
6. She plays *Zelda* and is looking forward to it next week. (Verbatim: "i want to play zelda because it's next week yeah yeah")
7. She has a collection of 17 rolls of Sellotape bought in bulk during Christmas. (Verbatim: "i bought it in bulk um like a dum-dum and i got 17 rolls of sellotape")
8. She uses a shoebox lid as a makeshift toolbox. (Verbatim: "my toolbox is a little shoebox lid that i keep on top of my fridge")
9. Her toolbox contains a screwdriver and a hammer. (Verbatim: "in my toolbox is a screwdriver and a hammer that's it that's all i've needed")
10. She is interested in getting a more professional-looking toolbox, ideally a cutesy or pink one. (Verbatim: "maybe i could get a toolbox i could become a handy girl hand like a handyman but girl toolbox do you think they do them like a cutesy one gotta look cute as heck") [end of text]



1. She owns a small, subtle sunshine-themed necklace that makes her happy. (Verbatim: "I got a necklace... it's a sunshine necklace it's really cute and yeah yeah yeah yeah it's a little necklace I've been keeping on")
2. She has a plant named Mr. Monstera that she waters regularly. (Verbatim: "I watered my one plant my one single plant that has been struggling... I call Mr. Monstera")
3. She has received a gardening kit from her father (referred to as "papa Elia"). (Verbatim: "Papa Elia got me a gardening kit thing to grow stuff")
4. She is interested in growing herbs and plans to plant them in May. (Verbatim: "I can plant those now yeah x19 ascension arigato arigato welcome welcome welcome to the letters")
5. She finds online shopping websites difficult due to poor design and lack of search functionality. (Verbatim: "this website's awfully designed though there's no search function and it's just like I shall find it")
6. She is familiar with real-life quidditch as a sport played in England, though she has never played it. (Verbatim: "I've never played it it's very interesting... people here you'll find there's usually like a quidditch society")
7. She appreciates the concept of "c'est la vie" as a mindset for coping with stress. (Verbatim: "it is what it is... forced acceptance of a situation is actually very good with dealing with stress")
8. She values self-care and believes her fans (oshii) would want her to take care of herself. (Verbatim: "your oshii would want you to take care of yourself more than anything")
9. She enjoys drinking water and has a habit of hydrating during streams. (Verbatim: "I just had some water I hydrated yeah I got myself a whole pint of water here")
10. She has a close relationship with another VTuber named Nana Elia, having purchased the necklace with her. (Verbatim: "I actually got it... when I went with Nana Elia") [end of text]



1. She has a fondness for medium rare steak and dislikes well-done steak. (Verbatim: "I like my medium rare yeah yeah yeah yeah yeah so it's a win-win it's a win-win")
2. She enjoys cooking steak and values personalization in meals. (Verbatim: "I think it's a cool meal that like people can ask how they want it you know i think that's nice")
3. She has a habit of treating herself to nice dinners, such as steak. (Verbatim: "I treated myself i treated myself um to to to a nice steak so i'll have that that that is that is my dinner tonight i'm excited for it")
4. She grew up with parents who preferred well-done steak. (Verbatim: "whenever we had steaky um they like to have it super super super super well done")
5. Her mother works in a shop and often gets discounted food by applying price stickers. (Verbatim: "mama elia works in a shop so when things go on discount because they're almost out of date she's the one that puts the sticker on it")
6. She finds breakfast difficult due to changing preferences. (Verbatim: "i find breakfast quite hard because because i go through different breakfast phases where i'll be really into a breakfast and then and then and then i don't want that as breakfast anymore")
7. She has a fondness for bagels with cream cheese. (Verbatim: "maybe i'll have bagels with with cream cheese yeah yeah maybe do i want bagels with cream cheese that would be yummy")
8. She enjoys growing plants, though she admits her monstera has been neglected. (Verbatim: "my monstera has not been looked after very well but but i was very much was it during um during uni i kept a bunch of plants")
9. She has a playful, imaginative relationship with her viewers, referencing them as part of a "Banani Kingdom" that doesn't require taxes. (Verbatim: "Banani Kingdom is a magic kingdom that doesn't need taxes.")
10. She has a close, affectionate relationship with her viewers, often expressing love and care for them. (Verbatim: "Thank you so much, I love you, I love you, I love you, I love you, I love you, I love you, I love you!") [end of text]



1. She has a strong connection to the concept of embracing cringe as a life philosophy. (Verbatim: "it's actually i don't know i remember thinking oh if i could be like be like the cooler people in my school then i could be happy with them but it doesn't doesn't work that way you'll be happy embracing cringe")
2. She once considered a career path involving being a "whole stream of just elenoir" as a form of entertainment. (Verbatim: "some people would prefer a whole stream of just elenoir you know like i guess that one you would know wasn't any danger in that stream")
3. She finds it difficult to maintain a breathy voice without laughing. (Verbatim: "i don't know how i'd get through it without laughing i can't help but laugh um i don't know if i'll see my issue is that i don't really know how to laugh in this voice")
4. She has a habit of underestimating quantities needed for commissioned work, such as emotes. (Verbatim: "i thought 20 would be okay but once again i underestimated um in terms of math and calculating i am not very good")
5. She created a custom emote of a banana for her community, which she considers a special reveal. (Verbatim: "here it is it's a banana i give you a banana")
6. She has a neighbor who recently became noticeably louder, which she finds odd. (Verbatim: "i seem to have a neighbor now i didn't think i had it well i always thought i had a neighbor before or maybe i got a new neighbor that's just louder than my old neighbor")
7. She is self-employed and has concerns about tax obligations and accounting. (Verbatim: "the tax problem is um is only if you're self-employed if you are employed you don't have to worry at all")
8. She commissioned 20 emotes, but later realized she may have underestimated the number needed. (Verbatim: "i commissioned 20. but the letters are also the the envelopes are also placeholders so in terms of the number we're gonna need more")
9. She is working on creating a channel trailer that encapsulates the "Elia Stellaria experience." (Verbatim: "i need to find a way to like sum up the elia stellaria experience um but i have no idea how one does that or how one starts to do that")
10. She has a playful, self-aware attitude toward her own cringe and embraces it as part of her identity. (Verbatim: "i know i think we all go through a time where we think how can i not be cringe how can i be cool or something it's not worth it it's better to just it's actually i don't know i remember thinking oh if i could be like be like the cooler people in my school then i could be happy with them but it doesn't doesn't work that way you'll be happy embracing cringe") [end of text]



1. She is planning a future debut in a new, more refined form. (Verbatim: "I'm gonna have a really wonderful stepsister... it'll still be a while because rigging can take a while and stuff")
2. Her new form will feature hair buns and purple eyes. (Verbatim: "I'll still have the hair buns and the purple eyes")
3. She envisions her new form as scholarly and elegant. (Verbatim: "I'll look fancy... like a scholar yes a scholar")
4. She has a custom-made, expressive PNG character created by a talented artist. (Verbatim: "She's so fast... she made all this and all the expressions in one night")
5. She highly values the work of her artist and gave a 100% tip as a gesture of appreciation. (Verbatim: "I made sure to give extra... I give a 100% tip")
6. She refers to her artist as "PNG Mama" and holds her in high regard. (Verbatim: "a png mama... she's so fast")
7. She has a playful, affectionate relationship with her fanbase, often using terms like "swoopsies" and "arigato." (Verbatim: "arigato work made me latex... I hope you're okay")
8. She has a fondness for banana-related humor and references. (Verbatim: "I love the banana and I love the ellenoir")
9. She has a short-form video where she jokes about doing something stupid, referencing a meme. (Verbatim: "I want I feel like doing something stupid and then Ellen was like how about you do me")
10. She is excited about a future "Clippy Time" stream to showcase fan-made clips. (Verbatim: "clippy time is gonna be on Thursday... I can choose those moments from it and then make a professional thing") [end of text]



1. She has a prototype "stellar bird" character that was her first form. (Verbatim: "This was the prototype form that I made.")
2. She once accidentally cooked the wire of a rice cooker, causing it to blow up. (Verbatim: "I blew up the wire part so basically I was cooking... and I cooked the wire basically and it blew up.")
3. She owns a cheap rice cooker that she broke due to the wire being across the stove. (Verbatim: "The rice cooker that I broke was a cheap it was the cheapest one I could get.")
4. She now uses a more expensive, fancy rice cooker and keeps it close to the power outlet. (Verbatim: "Now I have a fancy rice cooker so yeah it's really nice.")
5. She buys rice in large sacks and stores it in a container. (Verbatim: "I like to buy rice in big sacks... and then I have a container I put it in.")
6. She primarily uses basmati rice and also keeps jasmine rice in her cupboard. (Verbatim: "The main one I have the one that I have most of is the basmati rice.")
7. She struggles to find certain Asian ingredients and often runs low on sauces like hoisin and oyster sauce. (Verbatim: "I think I need some hoisin sauce and some oyster sauce and I'm trying to think I have to check my cupboard.")
8. She accidentally bought "superior soy sauce" which has an overpowering taste. (Verbatim: "I accidentally bought superior soy sauce I just thought it meant it was better but it's got such a strong taste.")
9. She has a habit of buying large quantities of food when she goes to the Asian supermarket. (Verbatim: "I usually have to try and try to order it but then there's no point ordering if you don't do a big order right.")
10. She enjoys going to the Asian supermarket with her mother, though her mother sometimes tries to get her to eat unusual foods. (Verbatim: "I like to go with mama elia but she always picks up something weird and then tries to get me to eat it.") [end of text]



