1. She lives alone. (Verbatim: "But I live alone. So it is I. I am the one that does such things.")
2. She has a strong preference for Coca-Cola and is distressed about not being able to drink it easily in America. (Verbatim: "Guys, I'm so sad. I'm gonna miss the cola so much.")
3. She dislikes sparkling water, describing it as tasting like static. (Verbatim: "Not sparkling water, that tastes like static.")
4. She is planning to travel to America soon. (Verbatim: "Like when I go America, it makes me so sad.")
5. She has previously visited America and was upset by the differences in drinks like lemonade. (Verbatim: "Oh, I'm gonna be so upset when I get there, just like last time.")
6. She has a fondness for British snacks, particularly Bakewells, and once ate them before she could give them away. (Verbatim: "I bought the bakewells and they ended up in my belly.")
7. She considers herself bad at adulting, especially with chores like laundry and cleaning. (Verbatim: "No one told me that when you're an adult and you live by yourself, all you do is do laundry, clean, do more laundry, clean...")
8. She humorously suggested opening a vacancy for a maid to help with household tasks. (Verbatim: "I'm gonna open up vacancies for a maid, please, anybody.")
9. She trusts herself to wake up more than relying on alarms, which has led to her oversleeping. (Verbatim: "I didn't trust the alarm, I trusted myself...")
10. She has a playful self-awareness about her habits hurting her future self, such as leaving empty ice cream boxes. (Verbatim: "Past self, past Elia really likes to hurt future Elia.") [end of text]



1. She has a British accent or identifies as British. (Verbatim: "you're getting both anyway oh my god okay let's try it let's see if we can really bring out the like valley girl accent that i really can't do because like i'm really british")
2. She owns and plays a melodica. (Verbatim: "all i have is a melodica i can uh i can play i could play you tunes")
3. She can play the song "Megalovania" on the melodica. (Verbatim: "how do i play how do i how do i play heckin megalovania again")
4. She is planning to be away for a week. (Verbatim: "we're already pushing the immersion the thighs bring us together whoever's writing out demands please use dark mode")
5. She previously returned early from a vacation due to illness. (Verbatim: "i had to return from a vacation early and should not go to bed late it doesn't have anything to do with the gens speech i swear")
6. She enjoys the video game *Celeste* and recommends it. (Verbatim: "i recommend i recommend if you want to buy anything in the steam summer sale buy celeste it's a great game")
7. She played *Celeste* during the Steam Summer Sale when it was heavily discounted. (Verbatim: "i bought celeste because it was 90 off and only one pound")
8. She expresses discomfort with creating certain types of content, such as "feet Friday". (Verbatim: "feet friday is not coming to ever okay you guys had one that's it")
9. She identifies with the phrase "hecking" as part of her speech pattern or brand. (Verbatim: "deep voice brain on ASMR let's hecking do this")
10. She references unionizing chat and using Google Docs for collaborative writing, indicating familiarity with online community organization tools. (Verbatim: "it's google docs now it's google docs it's all about google docs") [end of text]



1. She refers to her audience as "punks," a term she started using spontaneously and can't stop. (Verbatim: "i just started saying it and i can't stop it's just a word it's just really fun to say um punk yeah punk use a bunch of punks")

2. She grew up in a strict Asian household where she was not allowed to talk back to her parents. (Verbatim: "you don't talk back to your asian mother no um no no you don't you don't you never do that you never tell her she's wrong you never talk back")

3. Her father ("papa elia") was more strict than her mother ("mama elia"), which she found unusual. (Verbatim: "all of my two parents i would say papa elia which is like the english one was more strict than mama elia")

4. She experienced a no-win dynamic with her parents when being scolded: explaining herself was seen as backchat, while silence was interpreted as having nothing to say. (Verbatim: "if you talk back it's talking back and if you don't talk back it's you've got nothing to say for yourself so therefore you lose either way")

5. She associates her rebellious thoughts and calling her audience "punks" with her strict upbringing, though she considers herself law-abiding now. (Verbatim: "I ended up becoming a massive punk no I am so far from being a rebellious punk it's kind of wild how good I am I am a law abiding citizen")

6. She enjoys jaywalking, noting it's not considered a crime in England. (Verbatim: "with the slight tendency to just jaywalk as it's not a thing in England")

7. She loves the smell of bread and considers it one of the best smells, especially from supermarket bakeries. (Verbatim: "the smell of bread is such a good smell I don't know anyone that doesn't like the smell of bread")

8. She enjoys eating bread, particularly with butter. (Verbatim: "bread with butter bread and butter heck yeah like yeah I hunger for bread")

9. She dislikes the smell of petrol, which she would rank low on a smell tier list. (Verbatim: "I don't like the smell of petrol I would personally put petrol down at the bottom")

10. She is from England and clarifies cultural differences, such as calling grocery shopping "food shop" or "going to the supermarket." (Verbatim: "sorry we don't call it that in england... we call it just food shop like just going shopping for food") [end of text]



1. Her parents gave up drinking alcohol when they had children and do not keep alcohol in the house. (Verbatim: "both my mother and my father gave up drinking when they had children like when they had my older brother they gave up they were like no alcohol they don't want alcohol at all in the house")

2. She dislikes the smell of cigarettes and associates it with her parents, which contributes to her aversion to smoking. (Verbatim: "i don't like the smell of cigarettes and stuff because it's like what my parents like it just reminds me of my parents")

3. She has an addictive personality and considers herself addicted to playing League of Legends. (Verbatim: "i have a very addictive personality okay so it's probably good i'm addicted to league and nothing")

4. She grew up in England, where the legal drinking age is 18, and contrasts this with the US drinking age of 21. (Verbatim: "here in england it's 18 um but a lot of kids drink a lot earlier than that")

5. She avoids the alcohol aisle during grocery shopping because she finds drunk people there intimidating, especially in her student-heavy neighborhood. (Verbatim: "i avoid them because typically you'll find drunk people in them and like i've said before the area i live in is very like student based so it's a bunch of like students off to get tons of alcohol for parties and stuff yeah i'm not going down there that scares me")

6. She expresses fear and discomfort around drunk people. (Verbatim: "drunk people scare me")

7. She mentions playing League of Legends during a serious group meeting, indicating it is a recurring and prioritized activity. (Verbatim: "i thought i'd be really really sneaky and start playing some league while in the meeting")

8. She references multitasking by claiming she can focus on a conversation while playing League of Legends. (Verbatim: "i'm listening i'm here i'm i'm like focused i can communicate and talk i'm multitasking don't you worry")

9. She jokes about becoming a raccoon hunter, indicating a humorous interest in or fascination with raccoons. (Verbatim: "i'm going to find a raccoon no matter what")

10. She references not bringing her melodica on a trip, implying she owns one and may play it. (Verbatim: "i will not bring my melodica and play megalovania as much as i want") [end of text]



NO RELEVANT INFORMATION [end of text]



1. She is from the northeast of England. (Verbatim: "this hurt's being from the northeast of England")
2. She has a strong association with rainy weather, jokingly referring to herself as a "water shaman" or "goddess of rain" who brings rain wherever she travels. (Verbatim: "I brought the rain", "Water shaman, goddess of rain")
3. She dislikes and avoids swimming at British beaches due to the cold. (Verbatim: "I would not want to swim in a British beach, no, not compared to like other countries")
4. She struggles with packing for places with consistent weather, as she is used to England’s unpredictable climate. (Verbatim: "I really struggle packing for places with consistent weather... you've got to have some long sleeves and some short sleeves and some no sleeves")
5. She finds it difficult to buy swimwear in England because of the climate. (Verbatim: "it's really really hard to like, um, what do you call it, um, buy any swimwear in England, cause we don't")
6. She has previously traveled to California and Japan, and plans to return to California. (Verbatim: "the day I arrived in California last time, it rained", "same thing happened when I went to Japan")
7. She pronounces certain words with a British accent and is self-conscious about sounding British in the US, especially around the 4th of July. (Verbatim: "I shouldn't be too overly annoying with my british languageness this girl rocks up to our country on the 4th of July and is like crisps, pavement, leisure, aluminium")
8. She insists on using British English terms like "crisps" instead of "chips" and "pavement" for clarity. (Verbatim: "crisps, crisps, okay, I'm not calling it chips, because they're not chips, because chips are chips and crisps are crisps")
9. She finds American infrastructure and vehicles overwhelming due to their size. (Verbatim: "the buildings are just bigger and the roads are bigger and everything's and the cars are bigger like it's all bigger")
10. She enjoys listening to music while doing tasks like packing or cleaning, though it often distracts her into singing, dancing, and napping. (Verbatim: "do you find that when you're trying to do like an activity like cleaning music helps so so much") [end of text]



1. She is not a bird despite having wings, indicating a non-bird species with wings. (Verbatim: "i'm not a bird and now i have wings and my zatsus the wings are here but not a bird")

2. She has a sensitive palate and can detect even the smallest amount of spice in food. (Verbatim: "i have a very very very sensitive palate i can tell when even like the tiniest bit of spice has been added")

3. She dislikes being tricked into eating spicy food and can taste minute additions like a single black pepper. (Verbatim: "you put in one singular black pepper i'ma taste it okay i'ma taste it")

4. She grew up in England and is familiar with English football (soccer) culture. (Verbatim: "what's really funny um is that in england you don't have to watch the england game to know what's going on")

5. She is fearful of football fans, especially during matches, due to their loud and potentially rowdy behavior. (Verbatim: "i fear them i fear them if you go to a any kind of city in england and there's a football match... you stay away from that that stadium")

6. She has a family tradition of trying new foods without knowing what they are first. (Verbatim: "that's how i like to try out new foods... mama ellia taught me here eat this what is this i'm not telling you until you eat it")

7. She values heartfelt and genuine communication, especially in her "Letters of Comfort," which she only writes when in a good mindset. (Verbatim: "i want it to be genuine and heartfelt... i can't write the letters of comfort when i'm in a bad mindset")

8. She attended university in England where she did not participate in sports due to lack of interest and financial constraints. (Verbatim: "i never participated in that because i am not sporty... having to pay to join the sports clubs at uni and i couldn't afford to because i was poor")

9. She is familiar with British university sports such as rowing, lacrosse, and quidditch. (Verbatim: "rowing is very big for university... i remember seeing lots of like people with them at uni... we do have quidditch was at quite a few universities")

10. She has brothers and a father (referred to as "papa elia"), and her father was disappointed that none of his children shared his interest in football. (Verbatim: "the amount of disappointment papa elia has being like damn i have three children two of which are boys and yet none of them none of them like football") [end of text]



1. Her name is Elia. (Verbatim: "Elia Elia you are bleeding all over my floor like your knees is your knee okay like are you okay")

2. In her character lore, she is unable or not supposed to fly. (Verbatim: "it's in my character lore um to not fly")

3. She attended college and experienced a traumatic first-day incident involving hot chocolate and a fall. (Verbatim: "so one of them one of them was back in college and it was the first day of like a new year...")

4. She spilled hot chocolate on herself in college because the lid was not secured properly. (Verbatim: "the person that made the hot chocolate hadn't put the lid on right so then as I tilted it the lid came off")

5. She fell and scraped her knee badly while running to class after the hot chocolate incident. (Verbatim: "I did that thing which I still don't know I didn't actually trip on anything but I fell on the floor... scrape my knee really really badly")

6. She finds ice skating very scary and has only ever held onto the edge during her sessions. (Verbatim: "ice skating scares me... you hold on to the edge and you basically treat the edge like a crutch the whole way around")

7. She is jealous of children who are allowed to use penguin-shaped ice skating aids, which she was denied due to size. (Verbatim: "they said I'm not allowed the penguin... I'm too big for the penguin they said it's reserved for kids")

8. She is from England and references cultural specifics such as McDonald's kid chairs and seasonal ice rinks there. (Verbatim: "we still use these in england... like i've been to like four or five mcdonald's here and they still have")

9. She has a strong negative reaction to a specific design of McDonald's children's high chair in England, which she finds creepy. (Verbatim: "look at that teeth like why is it cross-eyed laughing... it's a curse twitch mode")

10. She is interested in unique dining experiences like "dining in the dark," though she has never tried it. (Verbatim: "there's a there's like an experience you can do in um in england i think they have it elsewhere as well it's called um it's like dining in the dark") [end of text]



1. She had a particularly bad first day at secondary school where she was hit in the face with a football, causing her face to swell and cry from pain. (Verbatim: "bam i got insta hit in the face of a football um straight in the face straight up hit me super hard extremely hard it hurt a lot my face instantly started swelling up and being bright red and my eyes were crying because it hurt so badly")

2. She was left alone at school after her brother’s friend’s mother forgot to pick her up on her first day of secondary school, forcing her to wait for over an hour and eventually ask the school to contact her parents. (Verbatim: "guess who didn't get picked up from school... i was stood there for like an hour at least um waiting and then i didn't know what to do")

3. Her parents do not drive or are unavailable due to long work hours, and during school, transportation relied on another parent who sometimes forgot to pick her up. (Verbatim: "my mother doesn't drive and my dad works like too long... my brother's friend's mother was asked to drive us all home... they forgot")

4. She did not have a phone as a child because her family considered phones expensive, and only her older brother had one initially. (Verbatim: "i didn't have a phone no no because phones cost money and my family are stingy so only ellie bro could have a phone for a bit until i begged")

5. She associates wearing white dresses with bad luck, as she has repeatedly spilled things on them, including hot chocolate, jam from a donut, and red wine. (Verbatim: "i still have a dress covered in like a hot chocolate as well... jam went all over me... accidentally knocked over my date's red wine over her very white dress")

6. She has recurring nightmares about being back in school, indicating lasting negative associations with her school experiences. (Verbatim: "one of like do you guys ever get reoccurring nightmares reoccurring nightmare one reoccurring nightmare i always get is the one where i'm back in school for sure")

7. She believes life after school is significantly better than school itself, contradicting the common saying that school is the best time of life. (Verbatim: "school is brutal... life after school is much better... it gets so much better like a billion times better")

8. She does not drink alcohol, particularly red wine, and prefers Coca-Cola, water, and Japanese drinks. (Verbatim: "I don't drink wine if anyone is wondering I'm not a wine drinker... I drink coca-cola and water and maybe yummy Japanese drinks")

9. She had an embarrassing first date where she spilled red wine on her date’s white dress. (Verbatim: "when i went to the bathroom i accidentally knocked over my date's red wine over her very white dress")

10. She once had a severe knee injury at college and was given an inadequate, makeshift “mega plaster” made of ten small bandages, which fell apart and embarrassed her in class. (Verbatim: "she got like ten of them and tried to like stick them together to form a super plaster... it looked ridiculous it didn't work... Hicken Mega Plaster fell off because it sucked") [end of text]



1. She prefers sweet alcoholic drinks that don’t taste like alcohol, especially sweet sake. (Verbatim: "sake is good... anything sweet that doesn't taste like alcohol I like the alcohol that doesn't taste like alcohol.")

2. She dislikes dry alcoholic beverages like red wine, gin, and cider, finding the idea of acquiring a taste for them illogical. (Verbatim: "red wine I don't... acquired taste or I get told I have the taste of a child because I don't like gin.")

3. Her favorite drinks include Coca-Cola, water, and sweet Japanese beverages. (Verbatim: "I drink coca-cola and water and maybe yummy Japanese drinks.")

4. She values personal authenticity and believes it’s more mature to enjoy what you like without conforming to societal expectations. (Verbatim: "the true adult is one that has gone beyond the boundaries of judgment and drinks what they want.")

5. She likes wearing cute outfits, skirts, and thigh-high socks, and does so for her own enjoyment rather than others’ approval. (Verbatim: "I like my cute skirt... I'm dressing up for myself for me for me.")

6. She attended university (referred to as "uni") in England, where she experienced judgment from peers about her fashion choices. (Verbatim: "I remember at uni... the snide comments that I would get when I walk past them.")

7. She has a preference for cute aesthetics, including kawaii fashion and art, and enjoys looking at herself in the mirror when dressed up. (Verbatim: "so I can look at the mirror and be like haha yippee kawaii.")

8. She struggled with wearing dungarees (overalls), saying she couldn’t “vibe” with them despite wanting to. (Verbatim: "I can't pull off dungarees... I've tried to wear dungarees before I've just I don't know I just don't vibe with it.")

9. She once worked in a field requiring waterproof waders, possibly during electrofishing, which she found amusing to wear. (Verbatim: "I was doing... electrofishing I had to wear big waiters and I looked funny.")

10. She identifies cultural differences between England and America, particularly in clothing terminology like "joggers" vs "sweatpants" and "jumpers" vs "sweaters". (Verbatim: "England and America are two countries separated by the same language is wild how different they are.") [end of text]



1. She once avoided eating cheesecake for five years after discovering it contains cheese. (Verbatim: "i went through a phase where i didn't eat cheesecake for like five years because one day i went downstairs to get cheesecake... i realized the ingredients and that it was made of cheese and i was distraught")

2. She enjoys pineapple and cheese together, which she associates with British children's parties. (Verbatim: "i really like pineapple and cheese pineapple and cheese together is like it's like a thing you get at british kids parties")

3. She dislikes wine and does not like the idea of drinking it. (Verbatim: "i don't want to drink wine though i don't like wine")

4. She has a strong aversion to cheese whiz or spray cheese, finding it frightening and not real cheese. (Verbatim: "that can't be cheese right it's in a it's in a whipped cream looking can... it brings me fear")

5. She loves cream cheese and considers it delicious. (Verbatim: "we have cheese spreads yeah but it's not like cheese whiz it's like cream cheese and that's that's delicious i love my cream cheese")

6. She was previously scared of mince pies, believing they contained meat, but was relieved to learn they do not. (Verbatim: "i was really glad to find out that um what you call it mince pies don't have mince in it because i used to be scared of mince pies")

7. She wants to play *Honkai: Star Rail* but feels there’s no time to stream it. (Verbatim: "i want to play hunkai star rail oh i might have to play it off stream there's no time to stream it but i really want to play it")

8. She finds social interactions with drunk people difficult, especially in apartment buildings on weekends. (Verbatim: "the actual like social interaction is uh difficult... i could hear like a crowd of people in the lift and i was like no i'm taking the stairs")

9. She associates emotional drunkenness with being an "epi type" and believes she would be talkative when drunk. (Verbatim: "you feel like ellie is an emotional drunk i believe i'm the epi type i i'm just epi yeah you can be saying so")

10. She expressed interest in visiting a Cheesecake Factory to finally eat cheesecake again. (Verbatim: "someone asked about me going to cheesecake factory i have not been i want to go i need to find one and i will have cheesecake") [end of text]



1. She has burn scars on her hands. (Verbatim: "i got like some burn burn scars on my hands")  
2. She worked multiple jobs at once to gain experience and earn money due to a lack of financial resources growing up. (Verbatim: "i didn't have a lot of money growing up so i worked a lot of jobs and like a lot of... three jobs at once i'd say was my most")  
3. She holds a master's degree and had plans to pursue a PhD. (Verbatim: "you guys know i'm not like super super young because you know i have my master's degree and i was gonna go do a phd")  
4. She is younger than people assume, and people have mistakenly thought she was around 40 due to her extensive work experience. (Verbatim: "one girl said she expected someone like 40 and i heckin died i was like yeah no i'm so heckin far from that")  
5. She is shorter than expected, and people are often surprised by her height. (Verbatim: "i didn't think she'd be this short")  
6. She speaks with a deeper voice, which may contribute to people perceiving her as older or more mature. (Verbatim: "oh someone said earlier about my ara ara energy is that would you say the deep voice sounds older")  
7. She is taking a week off from streaming and considers this her last stream before the break. (Verbatim: "this is my last stream before i take like a week off")  
8. She is releasing a short musical cover before her break. (Verbatim: "i'm releasing a cover... it's a very short cover though so don't expect like a long song")  
9. She believes beauty is subjective and acknowledges that some may find her unattractive. (Verbatim: "beauty is subjective so i'm sure i'm very ugly to some and not so ugly to others like beauty is in the eye of the beholder")  
10. She has noticed a growing trend among VTubers, especially indies, to reveal their real-life appearances, which she finds increasingly common. (Verbatim: "it's becoming more commonplace for people to like show themselves even though they're vtuber") [end of text]



1. She is self-conscious about her chest size, having been teased about it, and identifies with "flat" representation. (Verbatim: "guys this is the second attack on my chest tonight" / "if flat is justice you're just")

2. She gives off "orange chaos energy with some chill white undertones" and associates herself with a chaotic, playful persona, likening herself to a cat. (Verbatim: "I give up strong orange chaos energy with some chill white undertones")

3. She identifies as having "black cat energy" when offline or in real life, describing herself as shy and reserved outside of streaming. (Verbatim: "away from stream black cat Energy")

4. She describes herself as an "extrovert Ellie" on stream but shy in real life, indicating a contrast between her online and offline personalities. (Verbatim: "extrovert Ellie be trying but but dog energy more like God and snow yeah away from stream black cat Energy")

5. She is planning a trip to America and is practicing an American accent in preparation. (Verbatim: "i'm practicing american accent for my america trip")

6. She has a fondness for Chipotle and mentions wanting to get a burrito there. (Verbatim: "we're going to chipotle ... and get a burrito this would be absolutely delicious")

7. She enjoys roleplaying with different accents and voices, including a valley girl accent, and is skilled at voice performance. (Verbatim: "yo what's some good i need to learn how to talk in brain rot um yo")

8. She references having a "British short hair" cat association and compares herself to a "Cinderella orange" or "Kaleco" cat. (Verbatim: "grayish blue like a British short hair Cinderella orange Eleanor is black cat regular Ellie is like a Kaleco")

9. She rejects being associated with dog energy, especially chihuahuas, and strongly identifies as cat-like in persona. (Verbatim: "I am NOT dog energy I'm dog energy in front of you guys I guess... but IRL ... I am shy")

10. She expresses anxiety and emotional sensitivity when teased, but responds with humor and defensiveness. (Verbatim: "I'm full of anxiety and violent I'm not full of violence you hate you want me I'll fight you") [end of text]



