1. She has a recurring dream about a zombie apocalypse. (Verbatim: "yesterday's dream was my recurring dream of the zombie apocalypse")
2. She dreams of surviving a zombie apocalypse with her dog, where her house becomes a resistance base. (Verbatim: "in this one um nana elia has a it's like the street where nana elia lives and for some reason nana elia's house is like the home base of the zombie like resistance slash me and my dog live")
3. She has a dog that sometimes acts sad and slumpy, which makes her feel bad and prompt her to give it extra love. (Verbatim: "My little dog decided to go onto the floor... she's feeling sad and sorry for herself... I just feel bad for her")
4. She worked at a zoo where she looked after two camels. (Verbatim: "I used to look after um two camels two camels um when i worked at the zoo")
5. She once had a dream where her house was vastly larger than in reality, with many more rooms. (Verbatim: "the place is like a million times bigger... it has so many rooms")
6. She finds the eyes of grazing animals like goats and camels to be unsettling or menacing. (Verbatim: "you find this a lot with these kind of like um what you call it um grazing kind of animals like goats and stuff like like a goat eye i don't know why it just like has a menacing vibe")
7. She has a dream where she and her dog survive in a zombie apocalypse setting that resembles her real-life neighborhood. (Verbatim: "it's like the street where nana elia lives... the settings always it's like i have maps")
8. She has a dream involving a fictional "Zone 100" setting similar to an anime. (Verbatim: "like you know me and my dog trying to survive... um what is it zone 100 that anime uh yeah")
9. She once had a dream where her mother was part of the zombie resistance, which she finds emotionally challenging. (Verbatim: "if i had to try and survive a zombie apocalypse with my mother i'm going out with the zombies")
10. She has a tendency to get annoyed by her mother, which she attributes to an instinctive reaction. (Verbatim: "i just can't i can't i can't heckin do this... i'm just like i am i'm triggered er") [end of text]



1. She has a strong emotional reaction to seeing someone drop their KFC in the rain. (Verbatim: "I saw someone running and in their hand they had like a bag from kfc... it was the saddest sight I've ever seen because it was also raining and and there was kfc and and the chicken was just all over the floor")
2. She finds seagulls unpleasant and considers them vicious, especially in her location. (Verbatim: "I just don't like seagulls okay... here they're truly vicious like they will eat you if they could")
3. She has experience with bird ringing and knows how it's done. (Verbatim: "I've done bird ringing before if you guys are interested in in that it's very it's it's the way we did it was really interesting")
4. She learned about bird calls and how to attract birds using recorded sounds. (Verbatim: "you set up this big net... play the calls of calling for a mate... and then boom straight into the net")
5. She is not skilled at whistling or producing bird sounds herself. (Verbatim: "I can't really make a noise out of it... I can't really do any sort of bird sounds")
6. She finds the idea of bird communication and language fascinating. (Verbatim: "yeah it's very interesting um like the whole bird language thing")
7. She is aware that birds have different calls for different purposes, such as predator warnings. (Verbatim: "a bird species will have certain cools for like it's an air predator or it's a land predator and they'll have different whistles for that")
8. She finds giraffe humming at night to be an interesting and surprising discovery. (Verbatim: "turns out giraffes do a very very very subtle hum and it can be heard and recorded at night time")
9. She has observed that some pigeons have injuries, possibly from anti-perching spikes. (Verbatim: "you'll find a lot of injured pigeons... probably one of those anti-pigeon things")
10. She is familiar with anti-pigeon spikes used on rooftops and window sills. (Verbatim: "they'll be on like rooftops and stuff... specifically for pigeons because they're much finer") [end of text]



```
1. She has a strong interest in animal behavior, particularly giraffes and penguins. (Verbatim: "I think people have observed giraffes do this... they'll just like put their head on the pole...")
2. She finds the behavior of male giraffes tasting female urine to check fertility to be disturbing. (Verbatim: "male giraffes will have a special way of checking if females are fertile yes they have a very special way of doing that the way they do that is they will though they'll drink the pee of the female")
3. She has a fondness for penguins and wishes she could look after them. (Verbatim: "I'd love to look after a penguin I think it'd be super super cute")
4. She finds the penguin march at Edinburgh Zoo to be extremely cute. (Verbatim: "they have this like tradition to do the penguin march and it's so cute")
5. She is aware of the historical name "jackass penguin" for the African penguin and finds it offensive. (Verbatim: "they used to be called that and then people decided that that was a bit mean on the penguin to call them that")
6. She is aware of the extinction and mistaken identification of a penguin species as a witch in 1840. (Verbatim: "the great orc the last great orc seen in britain was caught and unalived... they caught it and they kept it alive but then one day there was a big storm and they thought the bird was a witch that caused the storm so they unalived it")
7. She is critical of historical witch trials and finds them unjust and terrifying. (Verbatim: "these trials were not fair okay they just weren't fair it was so mean like this seems like such a scary time")
8. She is aware that intelligent women were often accused of being witches in history. (Verbatim: "if there was like a woman that was very good at like maths or not maths just any kind of like like you know if she was just extra smart she was a witch it's like that's not very fair")
9. She has a fictional or metaphorical reference to entering a dream state after an accident. (Verbatim: "I knocked myself into a coma so i can enter this dream okay it's the best i could get to isakai okay let me live out this dream")
10. She references the concept of being in a dream world and not wanting to wake up. (Verbatim: "i'm not waking up i'm not waking up okay no let me let me live here i like here here is good")
``` [end of text]



1. She has experienced recurring nightmares about bugs crawling on her during a period of time when she slept on the floor. (Verbatim: "pretty much every single night without fail i had a dream about bugs crawling on me every single night and it was awful")
2. She once mistook a real spider on her belly for a dream and physically threw it off, later realizing it was not a dream. (Verbatim: "this massive spider had climbed onto my belly and i saw it and me thinking it was a dream just heckin like yeeted it away")
3. She has a habit of sleeping on her side in the recovery position, which she considers the most comfortable sleeping position. (Verbatim: "now I just sleep in the recovery position which is a very comfortable position to sleep in")
4. She used to sleep on her front as a child, and would fall asleep instantly when lying on her belly, especially in hot weather. (Verbatim: "i used to sleep on my front when i was little yeah it's or like okay if you ever take me to like a beach or something okay if i if i if i lie on my belly if i lie on my front okay i i instantly fall asleep")
5. She has exceptional physical flexibility, including the ability to lick her elbow. (Verbatim: "i was flexible enough to to lick my elbow and like gosh i used to always get asked if like to lick my elbow for them")
6. She can easily reach her back to apply sunscreen due to her flexibility. (Verbatim: "i'm very flexible so like if i need to put like sun cream on my back i can reach like i can like put my hands together on my back very easily")
7. She has a past habit of sleeping with her arms above her head, which caused frequent numbness and discomfort. (Verbatim: "I used to sleep with like both my arms above my head at one point I only did this for like a little bit")
8. She once mistook a numb arm for a snake due to the sensation, and only realized it was her own limb after trying to remove it. (Verbatim: "it's a snake yeah I think this is a snake this is gotta be a snake and I'm like why am I squeeze if this is a snake if this was actually a snake I would not I should not would not be squeezing it that much like at all that is no that's nookie dokie")
9. She has been to a rainforest and slept on the floor there, which contributed to her familiarity with floor sleeping. (Verbatim: "in the rainforest i had to sleep on the floor um so i think that's probably where i got quite used to it")
10. She has a strong aversion to horror games and finds them deeply unsettling. (Verbatim: "I'm too scaredy-cat for this! Please, someone hold my hand!") [end of text]



1. She has a strong fear of physical pain and injury, particularly related to dislocations and breaking bones. (Verbatim: "I'm scared for the day I ever break a bone or something like that")
2. She experiences severe dizziness and cannot tolerate activities that cause vertigo, such as riding in a zorb ball. (Verbatim: "I get dizzy easily so I wouldn't... one spin just one spin and then I'm dizzy")
3. She finds contortionist performances deeply unsettling and frightening, even though she acknowledges their skill. (Verbatim: "That looked painful as heck... it was like watching a horror film but like irl")
4. She has a fondness for donuts, which she references multiple times in a playful, affectionate way. (Verbatim: "heckin love donuts some donuts would be good")
5. She enjoys puzzle-solving and finds satisfaction in completing puzzles, describing it as a skill she's improving at. (Verbatim: "I think I'm getting okay-ish at um what you call it zatsuing while puzzle piecing")
6. She identifies as a "certified lurker" and resonates with the concept of quiet, observational presence. (Verbatim: "I'm a certified lurker so mmm-hmm I would I yeah I resonate with that one very much")
7. She has a playful interest in becoming a sassy British narrator, indicating a preference for voice acting or storytelling roles. (Verbatim: "I'd love to be a narrator... let me be the sassy british narrator")
8. She is familiar with philosophical concepts such as "I think, therefore I am," and references Descartes, suggesting an interest in existential thought. (Verbatim: "i think therefore i am the only thing that you can be certain of existence is yourself")
9. She maintains a habit of writing in a membership diary before sleeping, possibly as a personal ritual. (Verbatim: "I wrote in my membership diary last night I forgot I did that")
10. She has a strong emotional connection to the "pika mo" emoji, which she describes as her favorite and wishes to use everywhere. (Verbatim: "the pika mo is like my favorite mmm-hmm because I wish I could use it else I wish everywhere I went had the little pika mo") [end of text]



1. She has a habit of fidgeting with items on her desk, including her bank card. (Verbatim: "I have a bad habit of like fidgeting with stuff on my desk")
2. She keeps her bank card on her desk for easy access, especially when needing ID for purchases. (Verbatim: "I have to try and keep it on me just in case")
3. She owns a passport and keeps it on her desk alongside other important documents. (Verbatim: "Yeah, I got passport I got bank card I got I got yeah")
4. She has a sewing kit and a lump of clay stored in her desk drawers for creative projects. (Verbatim: "In here is my sewing kit and some paper and oh my goodness oh my goodness I remember this")
5. She received a pillowcase as a gift from someone named "mama Elia" for a character from Hongkai Impact. (Verbatim: "Mama Elia got me a present she got me a pillowcase um from I don't know who the character is")
6. The gift was a souvenir from a trip to AsiaLand in August. (Verbatim: "She got it back as she got this for me as a souvenir um for when she went to asialand um back in like august time")
7. She does not know the exact identity of the character on the pillowcase but believes it resembles Kiana Kaslana from Hongkai Impact. (Verbatim: "I think it's this character let me double check is it this one kiana kiana kaslana no yeah kind of no")
8. She has not played Hongkai Impact and is unsure of the character's name. (Verbatim: "I don't know who this is yeah um so it was nice it was definitely a nice um present but yeah i need to get i need to buy um something because it's just the cover")
9. She is not the funny one at school and was not known for humor during her student years. (Verbatim: "I was not the funny one at school by the way I was very far from the funny one")
10. She enjoys being called "a trusted steed" and finds the idea of being a horse-like companion for others amusing. (Verbatim: "Well then I'm here to offer you my back as a trusted steed are you a horse wait there's no payment or maintenance required") [end of text]



1. She is a British VTuber. (Verbatim: "i'm elias valaria i'm british vtuber")
2. She has a strong interest in animals and enjoys discussing them. (Verbatim: "i love talking about animals i worry i talk about them too much")
3. She attended a religious school that heavily focused on philosophy. (Verbatim: "i went to a religious school they discussed this about like whether a god can be omniscient omnipotent")
4. She finds philosophy to be a very conversational topic with no definitive answers. (Verbatim: "it's a very conversational topic i find because there's no actual answer is the thing")
5. She struggled with art in school and did not perform well in the subject. (Verbatim: "my art art was a struggle for me i didn't do great in art")
6. She feels she is too technical for artistic expression. (Verbatim: "i think i'm just a bit too technical")
7. She has a fondness for puzzles and enjoys puzzle-related content. (Verbatim: "this was originally a puzzle but we completed it so now it's just a picture")
8. She aspires to host an animal facts stream in the future. (Verbatim: "i would like to have an animal facts stream one day yes i'd love to i want to do that")
9. She is not a goose and insists on her realness despite playful banter. (Verbatim: "i am not a goose i am i am i'm a real girl i am i'm i'm for realsies real")
10. She has a dream of making a picnic scene a reality. (Verbatim: "one day we'll make this picnic real yummy girls i want to make i want to make this picnic picture a reality one day") [end of text]



1. She has a fear of sports and was not good at sports day events in primary school. (Verbatim: "i'm not very good at sports days because i'm not very fast and and i really wanted to at least i didn't even want to come first i just wanted to come third")
2. She experienced embarrassment during a primary school sports day when her skirt lifted while running and she had to put on a tutu. (Verbatim: "i'd lifted it and and and and because i was panic rushing and putting it on i'd lifted up my skirt and was running back and i was looking at everybody looking at me")
3. She wore shorts underneath her skirt as a precaution after a childhood incident involving her skirt lifting during a race. (Verbatim: "maybe that's part of the reason why um but yeah yeah i always always always always always wear shorts underneath my skirt")
4. She trained extensively for a potato and spoon race in primary school and was close to winning before being knocked down by another child. (Verbatim: "i had the balance i had the balance i had it perfect i was speed but once i was knocked down i got overtaken")
5. She cried after being sabotaged during a potato and spoon race in primary school, which she considered a major disappointment. (Verbatim: "it was so bad i cried and then i cried the end")
6. She has a history of tendonitis in her Achilles tendon, which occurred during her growth period. (Verbatim: "i had tendonitis in my achilles my achilles yeah um achilles tendon that was it")
7. She was advised by her doctor to do lunges to manage her Achilles tendon issue but avoids doing them. (Verbatim: "my doctor keeps telling me to do lunges but i cannot be bothered to lunge")
8. She has a tendency to be invisible or unnoticed in social settings, which she describes as both a skill and a drawback. (Verbatim: "i'm very good at hiding my presence i think um irl so yeah i have very much mastered the way of being invisible")
9. She once caused a rumor about a haunted toilet in her primary school due to sneaking into the older girls' restroom. (Verbatim: "i went there and and i um basically we had we had two we had the we had the little toilets and the big toilets")
10. She has a strong emotional reaction to embarrassing childhood memories, particularly those involving public humiliation. (Verbatim: "oh gosh i was so embarrassed like so embarrassed but that can never happen ever again") [end of text]



1. She was a small child who felt she was too small to use the "big girl toilets" at school. (Verbatim: "i was not old enough to go to the big girl toilets so i went there and and i um you know went toilet as you do")
2. She once hid in a bathroom cubicle by pressing herself against the back of the door to avoid being caught. (Verbatim: "i spider-manned myself in there so like the door was slightly open but i was like against the door")
3. She created a rumor at her school that a ghost lived in the girls' bathroom, which she later admitted was herself. (Verbatim: "thus came the story of a ghost being in the bathroom um but i was the ghost like it was me")
4. She felt guilty about the incident and described it as the biggest crime of her life at that time. (Verbatim: "i was like yeah because they'd be like there were these girls they went to the bathroom and the flush was going but there was no one there and they checked the cubicles but nobody was there so there's a ghost that lives in there and i'm like no it's just some small girl some very small child i can spider-man onto the back of one of the doors like you just couldn't see her")
5. She has a strong aversion to losing, especially in games, due to past childhood losses. (Verbatim: "i don't like to lose at games because i already lost too much throughout my child")
6. She aspires to become an esports player to make up for past losses in sports. (Verbatim: "maybe i just become an esports player you know you guys would help me right i'll become what esports should i should i start which which esports shall we begin our arc in i will become a sports esports olympian")
7. She struggles with making lunches for herself. (Verbatim: "i'm not good with making lunches so here's my lunch money")
8. She values being seen as cute and appreciates compliments about her appearance. (Verbatim: "i think you're very cute i still don't believe you oh yeah thank you for the stream and have a wonderful day")
9. She has a preference for the color blue, describing it as "cute comfy and casual". (Verbatim: "blue is cute comfy and casual and they all combine to make the beautiful vivid color palette that is you")
10. She finds competitive coding too stressful and prefers not to engage in it. (Verbatim: "no i i no no there's too much pressure and and i need i need stack overflow my beloved um") [end of text]



1. She has a strong academic background in biology and neuroscience. (Verbatim: "my area in science is more along biology and also in medicinal biology as well")
2. She considered pursuing medicine but was required to choose between medicine and neuroscience at university. (Verbatim: "i did want to like you know if i was to pursue like medicine which i was originally planning to i always found the brain really fascinating like and i wanted to put down neuroscience as my backup for medicine but they wouldn't let me")
3. She worked at a zoo during her studies. (Verbatim: "i worked at the zoo um yeah like looking into ways to help animals")
4. She has a deep interest in conservation biology. (Verbatim: "conservation biology has become a rich person's hobby because there's just like what you call it like no money in it")
5. She values scientific inquiry and critical analysis of research. (Verbatim: "they would give us like a paper and they'd be like critically analyze this and tell us what's wrong with this study")
6. She is trained as a lab assistant. (Verbatim: "i am trained in being a lab assistant um you know if if i ever need to you know")
7. She finds the current state of scientific funding and paywalls frustrating. (Verbatim: "it's a shame i think that a lot of science and academia they've decided to hack in paywall")
8. She believes science should be open to change based on evidence. (Verbatim: "the whole point of science is that it is subject to change and science is always willing to change opinion on things")
9. She has a preference for animals over people. (Verbatim: "i really like animals like animals more than people um don't we all um yeah no um uh")
10. She is passionate about evolutionary biology, particularly the de-evolution of vision in cave fish. (Verbatim: "it is like like de-evolution is so much faster and sight is a really good example of de-evolution occurring really fast in animals") [end of text]



1. She has a strong emotional response to scientists being misrepresented in media and targeted by political entities. (Verbatim: "the amount of hate that a lot of the professors i had at uni got it's so upsetting because like they're just working hard you know")
2. She was deeply affected by a professor being pressured to repeat a health-related study multiple times at the White House. (Verbatim: "she got flown from england to america to go to the white house okay for them to complain about her study to try and get her to do it again and again and again")
3. She believes the public often misunderstands the role of science and how research is misrepresented in news reporting. (Verbatim: "something will try and report it and they'll just miss it like incorrectly report it they'll just like change the numbers")
4. She has a critical view of environmental responsibility narratives that place blame on individuals rather than large-scale industry. (Verbatim: "if everybody did that it still wouldn't be enough to save the planet like it would it probably accounts for approximately like 30 percent of the issue")
5. She dislikes the idea of monitoring her energy consumption through smart meters, finding it emotionally distressing. (Verbatim: "i don't need that kind of negativity watching a number going up")
6. She finds the effort of recycling without proper separation to be pointless and frustrating. (Verbatim: "you look through it and realize there's no actual barrier beyond those holes like it all leads into the same bin")
7. She once lived under someone else’s roof where she was told to conserve energy, which she resented. (Verbatim: "you're living under my roof my rules not anymore mate like")
8. She recently discovered her building’s heating system had been broken for an extended period without notification. (Verbatim: "it turns out it just it just wasn't working um and i didn't know about it i was never i was not informed that um it was broke")
9. She values personal autonomy and independence, especially in decisions about her own living environment. (Verbatim: "now i'm paying for it these are my rules and i say i can't have this many cups on my desk")
10. She has a cynical, darkly humorous outlook on global issues, often viewing them as inevitable and beyond individual control. (Verbatim: "we're all doomed might as well watch anime play video game you know might as well") [end of text]



1. She dislikes looking at bank account numbers due to negative emotional impact. (Verbatim: "I don't like seeing that, that does not bring joy... you don't need that kind of negativity in your life")
2. She was a student who worked multiple jobs simultaneously. (Verbatim: "when I was a student um and I used to work a lot of jobs at the time")
3. She experienced student overdraft and found it stressful, often avoiding checking her balance. (Verbatim: "I used to what you call it um well I was working a lot of jobs at the time and I spent all my time as a student with this it's horrible my back would make it like this bright red number")
4. She reads terms and conditions carefully to avoid being misled by financial agreements. (Verbatim: "I'm a terms and conditions kind of reader okay and I hope you are too")
5. She once avoided a financial trap by reading terms and conditions to stay under a threshold for free benefits. (Verbatim: "I made sure I didn't get any bamboozlement because what they do here... I read the terms and conditions and it had something really stupid attached to it")
6. She strongly dislikes the programming language R, finding it painful and unpleasant. (Verbatim: "I hate it like I just I just don't I just don't like yeah it just it's just it does not that that was something that never made me happy")
7. She associates the programming language R with sudden, unexpected stress and discomfort. (Verbatim: "I remember R suddenly came out of nowhere... wait I didn't sign up for this no don't make me do it")
8. She enjoys rhubarb crumble and considers it one of her first baking experiences. (Verbatim: "rhubarb crumble was like one of the first things I baked at school")
9. She has never eaten rhubarb on its own and is unsure how to consume it directly. (Verbatim: "I've never had a rhubarb on its own I don't know how to eat how it's supposed to be eaten by itself")
10. She finds fresh spring onions (scallions) to have an unusual, slimy texture that can be unsettling. (Verbatim: "you can get this weird goop like yeah it's really heckin weird um or slime stuff on it") [end of text]



1. She is a British VTuber. (Verbatim: "I'm ellia stellaria i'm a british vtuber")
2. She has a fear of ice skating due to a traumatic story about someone losing part of their tongue. (Verbatim: "yeah yeah cutting your tongue is a way to unalive you that's why we didn't see her for a very long time")
3. She has experience looking after farm animals, including donkeys and hand-reared cows. (Verbatim: "i've looked after horses... they had horses and donkeys and cows")
4. She finds it difficult to handle sassy donkeys that refuse to move by rolling over. (Verbatim: "when you have a really sassy donkey you know what the donkey does if it doesn't want to move it rolls over")
5. She is cautious around hand-reared cows, which can sense fear and take advantage of nervous people. (Verbatim: "a hand reared cow well heck you know like you's weak you know")
6. She enjoys the game Stardew Valley and learned about seasonal fruits and vegetables from it. (Verbatim: "it's how i learned what what fruit and veg goes with what season um is because of stardew")
7. She dislikes eating strawberries out of season. (Verbatim: "i should not be getting strawberries in the winter when it's a summer um when it's a summer fruit")
8. She finds it frustrating when grocery stores give inconsistent names to the same vegetable, like Chinese cabbage. (Verbatim: "a lot of stores seem to give it random different names and like they're always in a different section")
9. She prefers to buy seasonal produce for better quality and lower cost. (Verbatim: "you'll usually find the best quality of said fruit or veg if you're getting it in in its season")
10. She has a strong awareness of historical colonialism and feels conflicted about the British Museum's collection. (Verbatim: "i do wonder how that how that feels it's like come come here and have a look at the stuff we took isn't it impressive") [end of text]



1. She has experience caring for rhinos and giraffes. (Verbatim: "I looked after two rhinos... and one of them like one was male one was female...")
2. She found it difficult to get rhinos to wake up in the morning. (Verbatim: "the toughest part was picking up their poop the second hardest part was getting them to wake up")
3. She enjoyed looking after giraffes more than rhinos. (Verbatim: "what was easier was the giraffes the giraffes were much much much much easier")
4. She cared for a baby giraffe that was six feet tall at birth. (Verbatim: "when a giraffe is born it comes out at six foot that's their that's the average like height when they're born")
5. She has a preference for braided hairstyles when working outdoors. (Verbatim: "this is what i found to be the best hairstyle for anything like outside this is my hairstyle in the rainforest")
6. She dislikes high ponytails due to a past incident with a giraffe. (Verbatim: "they said no ponytails or no high ponytails specifically and they're like if you're to have a ponytail it has to be low")
7. She appreciates subtle, non-obvious merchandise. (Verbatim: "i like merch that's like stealthy you know like if you know you know kind of merch and if you don't it still looks kind of cool")
8. She has a collection of anime-themed t-shirts. (Verbatim: "i have an absolute ton of anime t-shirts that are not so subtle but i just i just really like them")
9. She has visited Japan and purchased anime merchandise there. (Verbatim: "i picked up a lot of um anime t-shirts in japan like so many")
10. She values practical and protective clothing like adventure hats. (Verbatim: "hats are heckin great okay like like hats are good i recommend a good adventure hat") [end of text]



1. She has a white fluffy dog. (Verbatim: "it's the girl with the white fluffy dog that is a rare sighting indeed")
2. She once attended college between high school and university. (Verbatim: "this was at college and so college was a bit better than school this isn't uni though")
3. She used to hope for snow days in school as a legitimate excuse to skip class. (Verbatim: "the only day where it'd be like a day where i could get um what you call it a day off like a legit day off would be if it was a snow day")
4. She maintained a 100% attendance record in school despite bullying. (Verbatim: "at school i try to maintain like a 100 attendance just to um what you call it um just in spite of the bullies")
5. She is uncomfortable with going outside when she feels unprepared or disheveled. (Verbatim: "do you ever find the one moment you decide to go outside is the one moment that you'll run into like every human being that like exists")
6. She lives in an apartment with soundproof walls except for the hallway. (Verbatim: "the flats here are really soundproof except for the hallway like the hallway is the only part that i guess they just didn't bother to soundproof")
7. She uses her PC as a heater during winter. (Verbatim: "in the winter because then it allows my pc to become the heater that it was always meant to be and heat up my room")
8. She has a past pet cat that she believes would be acceptable as a ghost. (Verbatim: "i wouldn't mind if it was haunted by like like my old cat that would be okay")
9. She has received gifts from her mother, Mama Elia, that were intended for her dog. (Verbatim: "when mama elia sends me something it's never a present for me it's a present for my dog")
10. Her mother has sent her dog toys and a dog advent calendar. (Verbatim: "the last few things she sends has sent has just been dog toys" and "she's already given me the dog advent calendar") [end of text]



1. She has a dog that sometimes scares her at night by licking her limbs. (Verbatim: "my dog has scared me in the night a few times um when like um she likes to like you know lick my hand or my leg or my foot")
2. She struggles to sleep with lights on and prefers sleeping in the dark. (Verbatim: "i have to sleep in the dark i struggle to sleep if there's a light on so yeah that's another problem")
3. She has a history of heavy sleeping and is easily unresponsive to noises. (Verbatim: "my heavy sleeping is now reaching new levels of heavy sleeping like i already don't wake up to noise")
4. She grew up with a cat that frequently knocked items off shelves throughout the night. (Verbatim: "i grew up with a cat and my cat would um spend the night making it like my cat's mission to like knock everything off all my shelves")
5. She is not superstitious and views superstition as a psychological placebo effect. (Verbatim: "i'm not one for superstition in terms of like i can i think i can understand the principle behind superstition but not the actual like superstitious part")
6. She believes hallucinations attributed to ghosts may be caused by low levels of carbon monoxide. (Verbatim: "a really common culprit of um of ghosts is usually some form of like chemical or gas leak um usually like very very amounts of carbon monoxide")
7. She is interested in cooking Greek food and plans to make tzatziki from scratch. (Verbatim: "i want to try cooking um some greek food yeah yeah but i just need to find like i need to i want to be able to i bought some like um i've got some greek spices")
8. She finds it difficult to locate tzatziki in stores and has had to consider making it herself. (Verbatim: "i couldn't find it at all like it was so strange i was like surely they would have it")
9. She has a tendency to forget about food in the oven due to being easily distracted. (Verbatim: "i'm easily distracted um and a little on the clumsy side so like if i'm like if my attention is slightly just slightly split i might forget")
10. She expresses a strong desire to make millionaire shortbread and meatloaf, indicating interest in baking and cooking. (Verbatim: "i really want i'm really really really want to make") [end of text]



1. She has a strong aversion to using metal utensils in non-stick cookware, particularly in rice cookers. (Verbatim: "you're not using like a metal spoon in my rice cooker right like please don't say you're doing that because that is actually criminal")
2. She lost many of her cooking supplies, including non-stick baking trays, when a friend looked after her home during a trip to Japan. (Verbatim: "I lost a lot of my cooking stuff perished when Ellie bro looked after my place while I was in Japan")
3. She values being prepared for rain and prioritizes staying dry to avoid getting ill. (Verbatim: "if I get wet I'll do my best to get dry um asap okay like if I forget to like dry my hair or something I'll get ill")
4. She once fell ill due to not wearing a hooded coat during a rainy walk, which caused her to get wet. (Verbatim: "I didn't have a hood on my coat so I brought my coat but the coat I brought was more like um was one of those like kind of warm but didn't have it wasn't really it wasn't a waterproof coat")
5. She has a history of frequently getting sick, especially when she had to go outside often, but has improved her health habits recently. (Verbatim: "I used to get ill pretty much like every other week um back when I had to go outside all the time")
6. She is interested in making millionaire shortbread, a type of baked good, and plans to buy ingredients to try. (Verbatim: "I really want to make these I really want I'm really really really want to make when are we gonna make this")
7. She finds it difficult to carry heavy luggage, particularly during her trip to Japan, and regrets not knowing earlier that suitcases could be transported separately. (Verbatim: "I had to carry from like my suitcase to the train station i got a taxi for it was a very short ride what the heck was the dog barking outside yeah um mostly because I didn't want to carry my suitcase")
8. She experienced confusion when returning from Japan due to the contrast in social norms, particularly the expectation of small talk with taxi drivers in England. (Verbatim: "when I came back from Japan it was very like you know confusing for me because taxi drivers and well there's not much talking in Japan and to go from there to talk city yeah")
9. She once had a taxi driver offer to pay her to look after her dog, which she declined, though she did cover some takeout costs. (Verbatim: "the taxi driver was shocked but I wasn't actually paying for the dog sitting and I was like I'll be honest he offered to pay me to look after my dog so yeah no I did end up like covering some like takeaways and things")
10. She is fascinated by automatic pop-up umbrellas and finds them visually impressive, imagining them as a cool accessory or even a playful weapon. (Verbatim: "I want one of those those look really cool I want to be able to just like open up my umbrella and be like heck yeah") [end of text]



