1. She has a manager who made the decision for her to take a break. (Verbatim: "my manager made me take a break which was me so I took a break")
2. She recently returned from a break after being away for a significant period. (Verbatim: "I've been away and just like being here right now")
3. She was in chibi form during her absence. (Verbatim: "I've been in chibi form")
4. She went to Japan recently. (Verbatim: "I went to japan")
5. She has a birthday donation stream that was delayed and will be addressed in a future dedicated stream. (Verbatim: "I'm gonna set aside like a whole stream that'll be the next stream")
6. She is not comfortable with being called "queen" or placed in positions of responsibility. (Verbatim: "I would not put me in charge of any kind of kingdom or any form of responsibility beyond myself")
7. She has a strong emotional connection to her audience, often becoming overwhelmed by their support. (Verbatim: "I was just, um, I was just sat in the starting soon screen and just reading all your messages and just, just really getting, really getting emotional")
8. She is self-aware of her lack of planning and spontaneous stream style. (Verbatim: "I don't really plan my streams or my sentences as you guys can tell")
9. She has a fondness for kawaii aesthetics, particularly bunny girls. (Verbatim: "bunny girls are very kawaii")
10. She has a history of being known as the "fun child" in her past, though she downplays it. (Verbatim: "I wasn't known as the fun child so you know oh gosh") [end of text]



1. She has experienced bullying in school due to her appearance. (Verbatim: "there was a lot of years of school of that so yeah it's not like i refuse to believe okay like okay okay we can confirm further when we do the v data of collab like the story of the ugly duckling with permanent trove")
2. She has a strong emotional response to seeing joy in others, particularly at concerts. (Verbatim: "the main thing was just seeing just the amount of joy that it was bringing people like to see like all the people like like the sheer amount of people just filled with so much joy and happiness")
3. She is inspired to improve her singing skills after attending a concert. (Verbatim: "it definitely inspired me to still get better at at singing")
4. She wishes there were karaoke places in England with on-screen lyrics like those in Japan. (Verbatim: "i wish i wish that was like here um i just need to get the machine oh gosh but yeah it was like oh it would have been perfect like it really yeah like yeah an unlimited coca-cola yo i'll just go japan and then just practice in karaoke all the time")
5. She has a collection of plushies, including a cat plushie. (Verbatim: "i got a little cat cat a plushy um you could hear friend a's screams yeah")
6. She has a highly popular tweet featuring her thighs, which she considers her most liked tweet. (Verbatim: "it's my hit tweet why is that my hit tweet what about all my other great tweets like like piece by piece you're gonna construct an elia")
7. She is uncomfortable with being approached by strangers, especially at public events. (Verbatim: "i don't know why people are talking to me i don't know why because i don't think i think maybe i just give off like a vulnerable aura or something or like i don't know like a easy to talk to or approach vibe maybe")
8. She has been mistaken for a cosplayer despite repeatedly stating she is not one. (Verbatim: "the person thought I was a cosplayer um yeah like I did try and make it very clear like a very no I did say no like straight up like straight up no to like yeah like my number or like I didn't have a picture or whatever because I was like straight up no um no I'm not a cosplayer like but yeah like I")
9. She values respectful behavior at events and encourages others to follow signs and not take photos. (Verbatim: "listen to the sign do not use your eyes use your ears point your ears at the sign and hear hear what is written")
10. She has a planned collaboration with another VTuber named Ellie Bro, which was a donathon reward. (Verbatim: "that was one of the donathon rewards was a collab with ellie bro which is gonna be interesting wait what's the ellie broke collab nani you're gonna try and riz him could you not like") [end of text]



1. She has a history of living in a remote rainforest location for a short period. (Verbatim: "the only place I lived in another country for like a couple of months I was in the rainforest so I don't think that counts is really experiencing not living in England")
2. She previously lived in Japan for an extended period. (Verbatim: "I've been back in England for a few days and I have been working on a lot of stuff for that along with just dealing with like family things mostly dealing with family things but also still trying to")
3. She has a strong fondness for convenience stores (konbini) in Japan. (Verbatim: "I ate a lot of the konbini I really love the konbini there I love the konbini")
4. She enjoys melon pan and egg sandwiches from Japanese convenience stores. (Verbatim: "I had my melon pan I had lots of coffee from there I had egg sando")
5. She is currently dealing with a significant rent increase due to changes in her rental agreement terms. (Verbatim: "they heckin increased my rent the punks like by a lot by a heckin ton by so much")
6. She has a physical condition involving tendinitis, flat feet, and ligament issues affecting her legs. (Verbatim: "something to do with like, um, like a mix of tendinitis and a growth spurt and, um, what do you call it, um, the flat feet and the fact that the ligament, what is it, when I was at the hospital they said the ligament needs to get stretched out basically")
7. She struggles with leg cramps, especially when stretching in bed. (Verbatim: "the worst feeling is, um, yeah, you go to stretch your leg, and your leg's, like, heck, nah, nah, mate, you're gonna suffer today")
8. She has difficulty with prolonged sitting and experiences dizziness when standing up after long periods. (Verbatim: "I got up and I was like, whoa, head rush")
9. She has considered moving to Japan or America as a potential life change. (Verbatim: "I could go experience yo living in Japan or something possibly you know or America I've never been to America")
10. She is planning to participate in a Ring Fit Adventure challenge after the Donathon. (Verbatim: "we've got a whole heckin ring fit week lined up after that after that dildathon") [end of text]



1. She is a British VTuber. (Verbatim: "hello i'm ellia stellaria british vtuber")
2. She has visited Japan, Germany, and multiple European countries. (Verbatim: "i've been to japan... i've been germany um so i can confirm germany is real um yeah i've been to a lot of european countries")
3. She has a machete she brought back from a rainforest trip. (Verbatim: "i brought it back from the rainforest so as a memory of damn i use this to chop chop")
4. She has had an ant infestation in a past residence. (Verbatim: "i had an ant infestation which was really annoying in one of the places that i lived in")
5. She is afraid of rats due to the noise they make in walls. (Verbatim: "oh gosh i hate that that sound though if anyone's ever dealt with like rats in their walls awful awful awful awful noise")
6. She has a fear of Australian wildlife, particularly bugs. (Verbatim: "australia scares me though because of the the bugs")
7. She has been to a karaoke Twitter space event and found it nerve-wracking. (Verbatim: "there's the karaoke twitter space um yeah there's the karaoke twitter space where yeah i need to work on projecting my voice")
8. She struggles with projecting her voice and has difficulty being heard. (Verbatim: "people would never hear me and i was never taught to to you know talk loudly")
9. She believes she developed a non-projected voice due to growing up in a quiet household. (Verbatim: "if you grew up in like an environment where you're um made to be quiet you sort of develop a non projected voice")
10. She has received a rabies vaccine and is unsure if it needs renewal. (Verbatim: "i've had the rabies vaccine but i don't know if i need to get that renewed") [end of text]



1. She is working on improving her singing skills and vocal techniques, including breath control and using different vocal registers. (Verbatim: "I need to learn how to move my face more... diaphragm voice like like all of that kind of thing")
2. She aspires to sing with powerful notes that can "take people's breath away" and perform strong vocal performances. (Verbatim: "I want to be able to sing and I guess like take people's breath away")
3. She finds karaoke nerve-wracking, especially when surrounded by highly skilled singers. (Verbatim: "what made me super nervous for like the karaoke twitter space was you know when you're with people that are incredible singers")
4. She is self-managed and handles her own management as a VTuber. (Verbatim: "I'm my own manager yeah I'm self-managed me myself and I are working really hard")
5. She has visited Japan and experienced difficulty navigating train stations due to their complexity and lack of signal. (Verbatim: "the difficult part is navigating my way through through the train stations like their train stations are like mahusive")
6. She gets easily lost in unfamiliar environments, particularly in large urban areas like Tokyo. (Verbatim: "every time I walked outside my hotel I got lost every time")
7. She is currently studying Japanese using children's books purchased from a Pokémon store. (Verbatim: "I went to the pokemon store and I got these books on like like these kids books to to learn japanese")
8. She values rest and has struggled with guilt when taking breaks, but is trying to improve self-care. (Verbatim: "I'm not very good at it so I'm not one to give myself a break I usually feel too guilty to do that kind of thing")
9. She has a habit of procrastinating and extended her stay abroad to avoid returning to responsibilities. (Verbatim: "I'm a procrastinator and this was just a new level of procrastination")
10. She has been influenced by her audience’s encouragement to prioritize her well-being and self-care. (Verbatim: "the fact that you guys are so like reassuring and kind to me is like the reason why I actually am trying to take care of myself") [end of text]



1. She has a habit of not finishing topics during streams, jumping between subjects repeatedly. (Verbatim: "I'll be talking about one topic halfway through and then jump back to another topic and then jump to another topic...")
2. She finds it difficult to stay focused during early morning lectures due to sleepiness. (Verbatim: "when i was at uni like there'd be a lecture at like 8 30 a.m okay i ain't learning anything at 8 30 a.m")
3. She prefers watching recorded lectures at her optimal time rather than attending live ones. (Verbatim: "i would always tell myself save my energy... watch the recorded lecture when i'm at my optimum point")
4. She struggles with remembering tasks unless she writes them down as a step-by-step guide. (Verbatim: "i have to if i write it down i'll remember it so i remember like for jobs and stuff i'd always write myself a guide")
5. She once forgot her laundry was in the washing machine for several hours. (Verbatim: "my laundry is in the washing machine... it's just been a few hours")
6. She worked at a zoo where she had to triple-check that animal enclosures were locked. (Verbatim: "when i worked at the zoo you had to be beyond certain you locked that door")
7. She has difficulty remembering whether she completed routine tasks, such as locking doors. (Verbatim: "have you locked your door have you have you guys locked your door like yeah or i don't know")
8. She once stayed past the bell time in school because her teacher wouldn’t let the class leave. (Verbatim: "it was it was Wednesdays I think Wednesdays I had this one class where the teacher would never let you go on time")
9. She missed her bus every time she stayed late in that class. (Verbatim: "I'd miss my bus every time like I'm not reading supers")
10. She believes watching recorded streams is essential for improving her streaming skills. (Verbatim: "you have to watch your own stream back if you want to get better like like there is no other way of doing it") [end of text]



1. She has a preference for wearing oversized clothing, particularly oversized tops and jumpers. (Verbatim: "i love my oversized tops i will i will actually i will genuinely just buy like um the men's version of a top just to have the oversized version")
2. She enjoys wearing extra-long sleeves and likes to hold the sleeves in her hand. (Verbatim: "i like being able to like uh what's the word like have how would you describe it like you know like put your sleeve in your hand")
3. She owns a collection of cute dresses but rarely wears them due to practicality and weather. (Verbatim: "i do like my cute dresses but my issue is i can never wear them because like one you need an occasion to wear them")
4. She finds it difficult to wear cute clothes in windy weather, particularly in England. (Verbatim: "it's just windy and it just doesn't doesn't what's the word cooperate")
5. She has visited Japan and found it to be a positive experience for dressing up in cute clothes. (Verbatim: "in japan was like first time i sort of like dressed up in cute clothes like like in a while you know and it was really nice")
6. She is not comfortable with saunas due to the discomfort of sweating. (Verbatim: "i wouldn't want to go to a sauna i feel like a sauna wouldn't be comfortable like because like a sauna you just sweat in right but sweating feels uncomfortable")
7. She has a deep appreciation for onsen experiences and considers it her peaceful mental retreat. (Verbatim: "the onsen is genuinely like the most relaxing experience that i could think of um like like honestly like you know people are like think back to your peaceful place i go back to that to that onsen")
8. She has a personal anecdote about a school friend with excessive hand sweating, which she found astonishing. (Verbatim: "i knew a girl in school um that had a genuine issue like with her with her sweat glands on her hands where it was actually kind of incredible like she could hold her hand like upside down like palm facing down and it would be like rain")
9. She has a tendency to get sweaty hands when nervous, especially before events like horror games. (Verbatim: "when i'm nervous i get sweaty hands and it was uh you know i'm swimming later i got my sweaty hands that's why you guys yeah yeah like i'm gonna get sweaty hands next week when we play horror games")
10. She has a preference for wearing black, white, and pastel colors in her wardrobe. (Verbatim: "my clothes are either black or white or maybe if i'm feeling really spicy like a pastel color") [end of text]



1. Her happy places include onsen. (Verbatim: "my happy places are onsen")
2. She finds onsen experiences to be very expensive. (Verbatim: "how expensive would a private onsen be like oh my goodness like i feel like that would be very very very expensive")
3. She believes onsen environments contribute to a sense of zen. (Verbatim: "you have to have the like the actual like i don't know i feel like having the big space is like part of the like zen of it")
4. She dislikes the idea of having electronic devices in onsen due to strict rules. (Verbatim: "you're not allowed anything with you like genuinely you're not allowed anything with you")
5. She considers herself a family-friendly streamer. (Verbatim: "i am really really really really i'm your family friendly streamer")
6. She describes her stream as a permanent stream of "say so" energy. (Verbatim: "everything i say is say so it's just a permanent stream of say so say soness")
7. She has difficulty producing a deep male voice. (Verbatim: "I can't do a deep man voice. I have no idea how to do a man voice.")
8. She enjoys impersonating shonen protagonist voices, though she finds it challenging. (Verbatim: "this voice is kind of like your... your shonen protagonist voice.")
9. She has a lower voice variant referred to as her "EP voice." (Verbatim: "EP voice is always gonna be a bit lower I guess.")
10. She has been recognized for her attention to detail in stream visuals, such as a notepad emote. (Verbatim: "You are very observant. Okay. Like. I feel like this didn't exist at the start of stream.") [end of text]



1. She has a distinctive laugh described as sounding like window cleaning or squeaky wipers. (Verbatim: "yes it is one of the many descriptions of my laugh i've been told um yeah it can add it to the collection of squeaky squeaky squeaks")
2. She is deeply appreciative of her audience's presence and considers their time spent with her to be a form of spoiling. (Verbatim: "you guys spoil me enough just by spending time with me okay like for realsies")
3. She has experienced periods of feeling forgotten and fears disappointment, often expecting nothing to be pleasantly surprised. (Verbatim: "i don't like to get my hopes up okay i know i seem like a positive person but i'm always someone that will try and probably have like a i don't want to get disappointed expect nothing and be pleasantly surprised")
4. She had a nightmare about being forgotten after a streaming break. (Verbatim: "i actually had a nightmare about it the other night like")
5. She is not capable of driving and has never driven a car. (Verbatim: "No, I don't know how to drive. No, no, I have no idea. Like, none.")
6. She attempted to ride a children's driving simulator at Legoland but failed due to height restrictions. (Verbatim: "i went to Legoland and i went on my tippy toes to try and sneak past the height barrier to go onto the little Lego driving cars and then my feet wouldn't reach the pedals")
7. She believes she would be a good driver if she could reach the pedals. (Verbatim: "i feel like I'd be a very good driver as long as I can reach the pedals")
8. She values the emotional impact of her audience's support and feels it has been life-changing. (Verbatim: "wow definitely definitely life-changing to be vtuber like yeah yeah yeah wow i don't take it for granted now")
9. She has a strong emotional connection to her early streaming days when she hoped for just one viewer. (Verbatim: "when i was doing my first ever like little tiny like in zero view stream that kind of thing you know and just hoping somebody would would come by that kind of feeling you know so yeah i always try to hold on to that")
10. She finds her audience's compliments and affection overwhelming and sometimes emotionally moving. (Verbatim: "you're so precious that i wish i could hook down the moon and give it to you love you so much words can't describe how much having you in my life makes me happy") [end of text]



1. She has a strong grip and is known for opening jars and bottles for friends. (Verbatim: "But, let's see, let's see, let's see, let's see... I'm always the jar/bottle opener, okay?")
2. She studied French in secondary school and has basic proficiency. (Verbatim: "I studied French a long time ago, back in secondary school, where you know that kind of level of French is more like, 'Bonjour. Je m'appelle Eria. Ça va?'")
3. She identifies as a "hikkim farmer" and rejects royal or elite associations. (Verbatim: "I'm a farmer peasant. There's no... There's no royalty in my blood.")
4. She has a strong sense of independence and dislikes pity. (Verbatim: "I'm not saying it out of pity. I don't, I don't want that.")
5. She values emotional honesty and wants to share stories that foster appreciation for life. (Verbatim: "The only takeaway... is more just developing appreciation for life.")
6. She is comfortable sharing personal stories but wants to avoid making viewers feel sad. (Verbatim: "I'll try and think more before I say them.")
7. She is British and acknowledges cultural norms around modesty and accepting compliments. (Verbatim: "Yo, I'm British. I'm not allowed to accept compliments, okay?")
8. She has a close relationship with her audience, referring to them as "Kamiyoshi" and expressing gratitude for their support. (Verbatim: "We shall always love our Kamiyoshi now and always see you on the next one.")
9. She has been through difficult experiences during her education, particularly during her master's degree. (Verbatim: "From my bachelors. Um, from my masters, um, they did not, they were not there.")
10. She is open to ASMR content and plans to experiment with both serious and humorous formats. (Verbatim: "I'll do some serious ones, and some, yeah, not so serious ones, I'll try and do a mix.") [end of text]



1. She experiences anxiety and overthinking, describing herself as "a nervous overthinking anxious person through and through." (Verbatim: "you know me i'm a nervous overthinking anxious person through and through like yeah like that's me it's me um")
2. She has a tendency to switch to a serious tone when upset or annoyed, referring to it as "serious mode elia stellaria." (Verbatim: "if something upsets me or annoys me or anything of the sort i will straight up i will straight up swap to serious mode elia stellaria")
3. She values emotional connection with her audience, expressing that she never wants to forget her viewers and will always return. (Verbatim: "i'll always be here here on the internet like you know well you guys got options")
4. She finds comfort in being at her desk at her PC, describing it as a "comforting feeling" and a place of peace. (Verbatim: "there's such a i don't know comforting feeling of just being sat here at my desk at my pc um you know and being able to be here like yeah yeah yeah yeah i know")
5. She has a deep emotional attachment to her viewers, stating she "falls in love with you more times than my heart beats" and cannot forget them. (Verbatim: "i fall in love with you more times than my heart beats so i don't think i could ever forget about you eddie my sweet oh precious what why are you so sweet oh my goodness")
6. She views her role as providing moments of peace and emotional relief amid life's hardships. (Verbatim: "i just want to provide moments of moments of peace like among all the crap that is live")
7. She has a strong emotional response to her audience's support, often becoming emotional during streams. (Verbatim: "i notice you've been quite nervous and you sounded like you were trying not to get emotional just a bit yeah so for that I just wanted to tell you we love you")
8. She has a playful, self-deprecating sense of humor, joking about being "a bit too strange" and comparing herself to a goose. (Verbatim: "she's just a bit too strange how do we find another um the unique mind of elias the laria you can replace me with my manager hey it's me the manager")
9. She is open to using her voice and sounds as notification alerts, encouraging viewers to use them freely. (Verbatim: "you're welcome to use my sounds for anything")
10. She has a history of being active on YouTube before transitioning to Twitch, which affects her habit of saying "member" instead of "sub." (Verbatim: "i'm primarily like started on youtube so i'm sort of my mouth is trying to say like member instead and it's like not member sub sub sub sub sub") [end of text]



1. She has a birthday that was recently passed, and she delayed giving a planned gift. (Verbatim: "was actually supposed to give you on my birthday and yet somehow during my Heiken 24 hours Zatsu I forgot")
2. She created a digital desktop pet gift featuring "starlings and star nanas" as a late birthday present. (Verbatim: "there are these little like desktop pets um they're um i think it's like shimeji shimeji yeah yeah yeah i'll do it i'll show it again")
3. The desktop pet gift was made by an artist named Skit Moon Love. (Verbatim: "yeah it's by skit moon love love yeah yeah they're super wonderful to work with")
4. She was raised with American English influences from her mother. (Verbatim: "i remember i was actually raised being taught a lot of american english by my mother")
5. She had a core memory from primary school about being wrong about the word "wicked" meaning something positive. (Verbatim: "i remember confidently very confidently explaining what wicked meant because i was so certain so certain i knew what wicked meant and it crushed me to be wrong")
6. She experienced embarrassment in school when correcting a teacher about capitalizing the pronoun "I". (Verbatim: "i remember putting my hand up and saying oh when you write like i like you know you're writing in a sentence like i is always is written as the capital i and and i doubted myself for so long after this because the teacher laughed at me")
7. She recalls being a very quiet child in school. (Verbatim: "i was very quiet i was a very quiet child but yeah and i remember like doubting myself")
8. She has a strong memory of a school incident where her correct answer was mocked by a teacher. (Verbatim: "the teacher laughed at me and started making fun of me and then started going on about how hilariously stupid it would look if we just capitalized the letter i in in all our words")
9. She believes age does not equate to wisdom and values open-mindedness. (Verbatim: "i don't know i just yeah just sorry that was a tangent that was wait that was kind of like a sadish tangent um yeah respect people no matter that like no matter their age age does not mean wisdom absolutely not like yo you should try like was it if you haven't worked in retail you just gotta try working in retail")
10. She has a history of working in retail, which she references as a source of stories. (Verbatim: "i feel like i could um i could do like a whole stream about retail stupid retail stories but i won't i won't go into that one because actually i really want to simulator and i feel like that would be the perfect place to to do that") [end of text]



1. She recently returned from a trip to Japan. (Verbatim: "I've been in Japan for a while so this is my this is my return")
2. She has a strong emotional reaction to being welcomed back by her fans, finding it hard to believe they miss her. (Verbatim: "I don't know it's very hard to wrap my head around like the idea of someone thinking about me and missing me me that's too hard to wrap my head around")
3. She is British and references British time zones and daylight saving time. (Verbatim: "i'm british so as you can see my time is 2 32 a.m yippee")
4. She is aware of the time difference between the UK and US, noting that British time is ahead of US time. (Verbatim: "it's est prime time oh okay and then i am assuming pst prime time is later hmm")
5. She has a habit of saying "happy X months" for milestone anniversaries on her channel. (Verbatim: "happy 11 months i love you welcome back")
6. She is working on learning how to take care of herself, indicating a past difficulty with self-care. (Verbatim: "I haven't been able to catch all the Twitter gorillas so this is probably my first live after the birthday don't worry you didn't miss much just Xbox earlier like and scuff city like I am I am I'm glad to be back to my normal setup I've missed my setup my beloved I have missed thee like you want me to read how to look after myself for dummies I don't even know if that's a real book")
7. She has a playful, affectionate relationship with her fans, referring to them as "hegen punks" and "my wonderful goose." (Verbatim: "thank you for the welcome back yeah Leah the trip was amazing Japan is incredible it really is um yeah oh gosh I'll wrap my head I'll try and wrap my head around it I know be sure to add this to the birthday reno way no I'm reading them now you punk yeah yeah")
8. She has a recurring theme of returning, emphasizing her consistent presence despite absences. (Verbatim: "I always return I always return I care for realsies can you tell I don't know")
9. She is working on delegating tasks, indicating she is developing leadership or organizational skills. (Verbatim: "delegating a skill i must learn i delegate thee to look after yourself")
10. She has a specific milestone goal of earning a badge for reaching one year as a member. (Verbatim: "i will get a badge for it i have procrastinated for a couple of months now") [end of text]



1. She has a distinctive British accent that is described as unusual even in England. (Verbatim: "even in England I get told I have a strange accent so yeah yeah yeah it's like british mixed with just other random stuff")
2. She identifies as a British person with a mixed or non-standard accent. (Verbatim: "it's like british mixed with just other random stuff")
3. She is working on creating merch and has a character design in progress. (Verbatim: "the daki art by the way is a work in progress um for the merch")
4. She is planning a proper one-year anniversary celebration based on her debut, not her membership launch. (Verbatim: "we're gonna do like a proper one year anniversary like it's it's by debut not by mini debut and not by membership")
5. She has a fictional character named "Stomach-chan" that is associated with donations. (Verbatim: "first stomach-chan money-san eddie bro everybody bought me")
6. She references a fictional "Elia's OC Mark" that she recently changed her YouTube name to. (Verbatim: "youtube wasn't letting me change my name to add elia's oc mark i'm so glad i managed to do so")
7. She has a recurring theme of procrastination, which she acknowledges as a habit. (Verbatim: "i have procrastinated for a couple of months now and i continue to procrastinate")
8. She enjoys being called "punk" by her fans, indicating it's a recurring term of endearment. (Verbatim: "you know i'd reply arigato arigato ah so that means we donate when we don't have food no that's not even selective hearing this one is just straight up misunderstanding like she's still here yeah i'm still here hello i can practice on you guys i don't even know how to practice i don't know what i don't know that's the levels of don't know i have regarding flirting like i")
9. She is familiar with the game "Magic: The Gathering" and has played the character Venti. (Verbatim: "elia is playing the magic card venti")
10. She has a recurring stream segment called "the flush" involving blue supers sent when she goes to the bathroom. (Verbatim: "for those that are new the flush is just a ton of blue supers that you all sent when i went to the bathroom") [end of text]



1. She has a strong emotional connection with her fans, who refer to her as "Kamiyoshi." (Verbatim: "I'm happy to have you as a Kamiyoshi.")  
2. She values authenticity and emotional honesty in her interactions with viewers. (Verbatim: "You speak about your preferences, worries, and passions, and even vent to us at times.")  
3. She feels deeply grateful for her fans' acceptance and support. (Verbatim: "I'm just thankful that you guys accept me. For me.")  
4. She struggles with sleep schedule consistency and finds it difficult to maintain. (Verbatim: "I don't think... I don't think it's getting fixed anytime soon, guys.")  
5. She has a close relationship with a fan named Lila, who recently reunited with her mother. (Verbatim: "Also, Lila is okay now that her mom is back.")  
6. She identifies as someone who brings comfort and joy through her presence, even in small ways. (Verbatim: "I hope I can brighten up things, just even a tiny bit, you know?")  
7. She has a playful, self-deprecating sense of humor about her own quirks and flaws. (Verbatim: "I can't flirt. I was just reading a line from chat, like...")  
8. She enjoys long streams and values extended time spent with her audience. (Verbatim: "Thank you for spending time with me. Thank you for those that like, you know, stay for the six hours.")  
9. She has a fondness for computer cables and keeps various types stored under her bed. (Verbatim: "They're under my bed. I can't flirt.")  
10. She has a nickname "Eli-o-ji" used affectionately by fans, though she finds it amusingly odd. (Verbatim: "Eli-o-ji? Who you call Eli-o-ji?") [end of text]



1. She has fostered two adult huskies. (Verbatim: "fun fact i've fostered two huskies for a bit")
2. The huskies she fostered were fully grown and not trained to walk on a leash. (Verbatim: "they were like fully grown like i don't know three four years old and yeah yeah like and they pulled they didn't they weren't trained to like walk on a leash")
3. She finds thinking difficult and has chosen to embrace not thinking as a solution. (Verbatim: "thinking is not for me i give up on thinking i have chosen the way of not thinking that is the only solution")
4. She has a habit of falling asleep before preparing for streams. (Verbatim: "i was gonna prep all this right before stream but then i fell asleep which i know isn't the best excuse but it is an excuse")
5. She has experienced difficulty understanding others' thought processes and feels her logic is unique. (Verbatim: "it can be hard to understand someone else's thought process it's like like when people have different different forms of logic")
6. She once felt misunderstood by her parents for being honest about her reasoning. (Verbatim: "my parents just struggled with my thought process and was like that is too stupid to be to be like the actual reason behind your behavior")
7. She has passed her UK driving theory test. (Verbatim: "I've already passed my theory before")
8. She has not completed her UK driving practical test due to pandemic-related disruptions. (Verbatim: "I didn't get to do the practical and also Covid happened and lockdown and no driving lessons")
9. She is interested in learning to drive again and has considered doing a stream about it. (Verbatim: "I do want to learn how to drive, I don't know if you guys would be down for, Elia learns to drive streams")
10. She has a fondness for emotes and enjoys updating them to be more cohesive. (Verbatim: "the emotes i have some new emotes in terms of like they're getting updated so they all match") [end of text]



1. She has a driving theory test certificate that expired due to pandemic-related delays. (Verbatim: "My theory test certificate has expired so I would have to redo it.")
2. She attempted to take her driving practical test in England but was unable to due to lockdown and lack of available lessons. (Verbatim: "I didn't get to do the practical and also Covid happened and lockdown and no driving lessons...")
3. She finds venison to have a strong, earthy flavor that she does not like. (Verbatim: "I don't like it... it tasted odd... earthy is that a good word for it...")
4. She visited a deer park in England where venison was served, sourced directly from the park. (Verbatim: "they're straight up like yep straight from the park straight from the park into the restaurant")
5. She has a fondness for American-sized food and drinks, particularly large cups. (Verbatim: "I want to try american size food i want to have one of them big big big big big cups")
6. She enjoys iced caramel macchiatos and was particularly touched by a Starbucks order that included her name and a heart. (Verbatim: "they wrote my name... a little heart... have a lovely day with like little exclamation marks")
7. She has a small, close-knit group of friends from college who are "normie" and not into anime or gaming. (Verbatim: "I have my like normie friends back from college... they have no idea about anime or video games")
8. Her normie friends are very supportive and brought her food when she returned from Japan, showing concern for her wellbeing. (Verbatim: "they popped around and brought food because they remember... we just want to make sure you're looking after yourself")
9. She has a habit of keeping food bags near her desk, treating them as temporary storage. (Verbatim: "you have a bag by your desk and it becomes your desk bin for a bit")
10. She humorously claims her fridge was filled only with cola when she returned from Japan, indicating poor recent food shopping habits. (Verbatim: "cola, cola, cola... and that's it, like, that's it, and I was like, huh, wow, what a healthy looking fridge") [end of text]



1. She has a farmer accent from her upbringing in a rural area. (Verbatim: "I'm from a farmer kind of area like like yeah so wow half a half a farmer half a posh it's hidden hidden like a southern accent")
2. She identifies as having a non-posh, working-class background despite attempting to speak more formally. (Verbatim: "I'm a peasant i'm a peasant i'm so sorry i'm so sorry like war war ball war a ball war you want me to cover a wurzel song oh god i could i could sing but yeah um a true british peasant yes")
3. She struggles to understand certain strong regional accents in England, including Scouse, Cockney, Welsh, Scottish, and Irish. (Verbatim: "if you hit me with like i don't know like a really strong like scouse accent or something or like really strong cockney i i i don't think i'm gonna understand")
4. She once attended a university open day where she couldn’t understand a professor due to a strong accent. (Verbatim: "i remember there was one um that i went to and i couldn't actually understand the professor because the professor's accent was so strong")
5. She owns a lava stone used for cooking steak, though she rarely uses it. (Verbatim: "i have i have this that i never use because it was yeah like i don't know when to use it")
6. She has difficulty with speed reading and often rereads paragraphs without comprehension. (Verbatim: "the amount of times i've tried to read a book and have you ever just read the same paragraph over and over and you're like still not reading it though am i like i'm still not taking that in")
7. She believes that people can be grouped into intuitive readers or slow readers based on how they process text. (Verbatim: "there are i've realized there's two types of readers okay and you're either a intuitive reader or like just like a normal reader that reads all the letters")
8. She finds it difficult to understand people with strong regional accents, even within the UK. (Verbatim: "i don't understand like walesh a welsh accent i could maybe a really strong scottish or irish accent nah me i'm sorry i i feel bad")
9. She is aware that some people adjust their accents for online content, such as a Welsh podcaster. (Verbatim: "you watch a welsh podcaster and he chose to adjust his accent for youtube")
10. She has friends from university who are now professionals in various fields, including law, medicine, and accounting. (Verbatim: "one's a lawyer one is doctor one is super super smart accountant the heckin maths genius girl") [end of text]



1. She has a fictional backstory involving being isekai'd after attempting to fly, which caused her to develop fear of using her wings. (Verbatim: "the lore of my wings is um i got isekai'd after attempting to fly like so i'm scared to use my wings so i will not fly")
2. She has agoraphobia and struggled with anxiety about going outside during her youth. (Verbatim: "i get anxious about going outside i have agoraphobia")
3. She was perceived as mute in school despite not being mute. (Verbatim: "people thought i was mute at school i'm not an outdoorsy person")
4. She experienced childhood emotional pressure from her parents, who expressed regret about having children and framed her existence as a duty to repay them. (Verbatim: "they were like that is your purpose your purpose is to is to grow up and look after us and i'm like oh oh oh oh oh i see is that is that the life's purpose narufu don't pay yourself back i didn't ask for this")
5. She feels strong motivation to avoid regret, influenced by her parents’ unfulfilled dreams and constant complaints about what they couldn’t do. (Verbatim: "i spent majority of my childhood listening to my parents complain about how much they wish they could do but couldn't do because they had me um and that was like you know like i feel like that had a probably a very strong effect on me")
6. She views life as too short to miss experiences, which drives her to push beyond her comfort zone despite fear. (Verbatim: "for me life is life is too short and um these are i know it's sometimes i can i felt like people might see me and be like hmm it's like quite i'm like strange in that like i'm definitely someone that is you know i was a literal shot like a professional fully i can you know shut in for for a few years")
7. She has climbed Mount Fuji in July, during the official hiking season. (Verbatim: "when i when i climbed fuji sun back in back in july")
8. She believes Mount Fuji is only safe to climb between early July and early September. (Verbatim: "okay july early july to early september that is when that is when you can climb mount fuji because if you try and climb it like outside of those periods it's like too too dangerous too dangerous")
9. She has lived in a rainforest as part of a personal challenge. (Verbatim: "when i went to live in the rainforest and stuff like")
10. She received her university degree and was given a sarcastic "present" from her parents, who claimed her intelligence was their gift to her. (Verbatim: "your present is the brain that we gave you for you wouldn't be this smart if you were not our child") [end of text]



1. She traveled to Japan alone for the first time. (Verbatim: "this japan trip was like my first trip traveling alone")
2. She found flying alone to be very scary and nervous-making. (Verbatim: "it was very scary i've never been at like the airport on my own or on the plane on my own")
3. She prefers window seats but tried an aisle seat on this trip. (Verbatim: "i'm usually a um a window seat kind of person but i was convinced um to try out the aisle seat")
4. She struggled to open a bottle of water due to hand cramps. (Verbatim: "my hand cramps and then forms this like like weird claw shape like like it just it just forms this claw")
5. She successfully helped an elderly Japanese woman open her water bottle using non-verbal communication. (Verbatim: "i opened it up and then was like here you go")
6. She believes pointing is a more natural way to ask for help in Japan than using full sentences. (Verbatim: "you just be like sumimasen and then like try and point like actions like do the actions")
7. She fell asleep during the flight and started drooling, which she found embarrassing. (Verbatim: "i'd like fallen asleep and i started dribbling like crazy i don't even know if i snored")
8. She played Tetris extensively during the flight, improving her skills. (Verbatim: "i literally spent so many hours on tetris on that flight like yeah so at least my tetris skills went up")
9. She watched the anime *Mashl* during the flight, having downloaded it for offline viewing. (Verbatim: "i was watching um what you call it i was watching mashl mashl i downloaded it")
10. She has difficulty using the airplane bathroom due to shyness and fear of checking if it’s free. (Verbatim: "i was too shy to turn my head around to check if the bathroom was free to then get up and go to the bathroom") [end of text]



1. She has experienced a business class flight upgrade while traveling alone as a female. (Verbatim: "the best chance of getting a free upgrade though is you have to be a lone female traveler")
2. She finds long-haul flights uncomfortable and difficult to endure. (Verbatim: "i just don't like i can hold it like for example i hold it when i when i stream")
3. She values privacy and comfort during travel, especially when emotional. (Verbatim: "you had like these little shutters so no one else could look in or judge you")
4. She is not fond of crying in public and avoids it whenever possible. (Verbatim: "i'm not one that likes to cry in public okay like i am very much like a i will do everything i can to refuse to to cry in public")
5. She watched the live-action film *I Want to Eat Your Pancreas* on a flight and was deeply affected emotionally. (Verbatim: "i watched the the live action version of i want to eat your pancreas i don't know um i feel like some of you may know it")
6. She found the in-flight dining experience in business class to be exceptional and surprising. (Verbatim: "oh my goodness i actually i did take photos um one sec one sec i'll see if i can um")
7. She was impressed by the five-course meal served on the flight, including citrus marinated shrimp and scallop. (Verbatim: "citrus marinated shrimp and scallop with onion mousse a cherry blossom flavored root vegetable salad")
8. She was unfamiliar with the dish "muscle cheese" and would not have ordered it otherwise. (Verbatim: "i'd never had muscles really before and i wouldn't normally ever order muscles so yeah")
9. She has a preference for mystery-solving stories, as evidenced by her enjoyment of a film with *Ace Attorney* vibes. (Verbatim: "i love ace attorney and it really gave me ace attorney vibes like they even had like the little like lawyer badge and stuff")
10. She enjoys being able to fully relax and sleep during flights, especially in business class. (Verbatim: "i watched that and then just like cried and then fell asleep") [end of text]



1. She has played League of Legends before and enjoyed it during a previous trip to Japan in July. (Verbatim: "I did play last time which was quite fun um but yeah um let me just uh let me just excuse the scary face um yeah so um I didn't play league most of the time")
2. She considers herself a skilled and honorable League of Legends player who does not flame or express rage. (Verbatim: "I'm a very very very very very good league player okay I don't there is no rage or anger or anything of the sort when I play league of legends I'm an honorable player okay I do not flame")
3. She uses a separate account for playing League of Legends when visiting Japan due to server transfer limitations. (Verbatim: "I had a separate account for when I last went to japan because I did I did play league last time I went to japan in july")
4. She finds it difficult to remember her Japanese server login credentials for League of Legends. (Verbatim: "I can't remember my jp server login um and you know when like you're trying to you're trying to log into an account and you just don't have the patience")
5. She has experienced mental and physical exhaustion from extensive socializing and walking during a trip to Japan. (Verbatim: "I feel like my brain was both mentally and physically exhausted so I'd just be like as soon as I get back um yeah so um what do we do we didn't")
6. She attended a live concert and expo event called Hollow Live in Japan. (Verbatim: "I went to the hollow live concert and expo")
7. She respects rules and signs prohibiting photography at events, even though she usually ignores such rules. (Verbatim: "I respected the sign a lot of people didn't and I know I'm usually the kind of person to be like oh that sign can't stop me")
8. She had an uncomfortable experience at a concert where someone sat too close and attempted to flirt with her. (Verbatim: "a person appeared next to me and was basically like very very very strongly like hitting on me")
9. She was uncomfortable with someone sitting partially on her seat and invading her personal space during a concert. (Verbatim: "this person would like like was sat like almost like half on my seat and and then like wanted like I just kept yeah like being too close")
10. She has been playing League of Legends recently to distract herself from emotional pain. (Verbatim: "I have been playing league to take my mind off things and it's been nice so it's not it's not too bad") [end of text]



