1. She is excited about attending V Expo in Birmingham, England, where she will participate in two panels and a meet and greet. (Verbatim: "I'm going to be doing two panels and a meet and greet.")
2. She identifies as being from England. (Verbatim: "I live in England, it's grim all the time, so...")
3. She has a strong emotional reaction to losing in Teamfight Tactics, describing herself as feeling "eliminated" and emotionally drained. (Verbatim: "I just felt like, eliminated, it's me, what up, the eliminated girl from the TFT tournament.")
4. She has a very addictive personality, particularly when it comes to gaming. (Verbatim: "I have a very addictive personality. Like, very, very, very.")
5. She plays Teamfight Tactics obsessively, sometimes to the point of forgetting to eat and losing sleep. (Verbatim: "I tried to lock in and play teamfight tactics the whole day. The whole day. And I did not do well. And I forgot to eat.")
6. She has played Danganronpa and 999, both visual novels with puzzle elements, and remembers them fondly despite playing them years after release. (Verbatim: "I played 999, it's not a very big game, it was on like... What did I play it on? I can't even remember.")
7. She is currently in the beta for a new game called Tribe 9, created by the same developer behind 999 and Danganronpa. (Verbatim: "I got into the beta for it, I need to find out if I'm allowed to stream it...")
8. She has a tendency to stay awake for extended periods to finish visual novels, prioritizing story completion over sleep. (Verbatim: "I had friends messaging like, yo, Elliot, you've been online for like over 20 hours straight playing this game, are you okay?")
9. She is emotionally invested in games, describing a specific feeling of being fueled to try again despite knowing it's a bad idea. (Verbatim: "You know you're not in the right mindset. You know this is a terrible, terrible, terrible idea. But, but you are fueled.")
10. She describes herself as stubborn, especially when it comes to not wanting to give up in games, even when under-leveled or struggling. (Verbatim: "I'm stubborn. You guys have seen, I'm like, I'm like a very, very stubborn person.") [end of text]



1. She initially applied to study medicine but dropped out before starting due to lack of motivation. (Verbatim: "I dropped out before before the first before i even started because i just knew i just knew i was like this is gonna be so much effort")
2. She switched from medicine to a biology-related course after being accepted into the same university. (Verbatim: "i still want to go to your university but could i do this course instead")
3. She considered dentistry as an alternative path because its first year is identical to medicine's, allowing for a potential transfer. (Verbatim: "what something a lot of sneaky people used to do would be apply for dentistry because it's less competitive do the first year which is exactly the same")
4. She pursued a master's degree in computer science after initially studying biology. (Verbatim: "when i went to do my master's and then i was going to go to do my doctorate to continue the work my master's thesis was in")
5. She decided against pursuing a PhD because she lacked passion for the subject and felt it would be a waste of a competitive funding slot. (Verbatim: "i thought it's just a wasted slot if it was like wasted on this punk and that punk being me")
6. She chose to become a VTuber because it is something she can passionately and happily dedicate herself to full-time. (Verbatim: "vtubing is that for sure you know and when it comes to like yeah i would never what you call it")
7. She worked in data entry for a short time and found it initially fun due to treating it like a game, but it became mind-numbing over time. (Verbatim: "i was just having fun trying to like give myself a new high score i treated it like a game because it was and it made me really fast with the number pad")
8. She had a negative experience working for a company where the head could not use a computer properly and was promoted despite incompetence. (Verbatim: "the head of it couldn't use a computer i was like why is this punk the head of it getting paid more than double everyone else here he literally can't use a keyboard properly")
9. She was offered multiple raises when trying to quit her job, which she found frustrating and indicative of being trapped. (Verbatim: "every time i said i wanted to quit the company was like but what if we gave you more money and i was like you think i can be bought you're right damn it")
10. She was at risk of being expelled from college due to poor attendance but was allowed to stay because her grades were strong. (Verbatim: "technically based on my attendance i should have been expelled because i wasn't there half the time") [end of text]



1. She has a bachelor's degree in animal biology and a master's degree in computer science. (Verbatim: "my bachelor's was like um animal biology and then my master's was computer science")
2. She has worked multiple jobs simultaneously to support family finances. (Verbatim: "i did have to work a lot of jobs like simultaneously to like help with family finances and stuff")
3. She has experience in software development, database architecture, data entry, administration, data science, and lab science. (Verbatim: "i've done like first second third line support i've done like a software developer um i've done database architecture work i've done data entry i've done administration work i've done i am a fully trained data scientist i'm also a fully trained lab scientist")
4. She dislikes database administration work due to its complexity and lack of clear schema. (Verbatim: "i really dislike dba work there's never the right schema for the day")
5. She finds SQL (referred to as "sequel") easy to learn and recommends it for beginners. (Verbatim: "sequel is really nice to pick up it's really easy to pick up")
6. She identifies as a cat person and was raised by a cat. (Verbatim: "i'm almost convinced i'm not a goose i'm a cat i was basically raised by my cat")
7. She misses her childhood cat and often slept with it. (Verbatim: "my cat would always sleep in my bed with me growing up okay so i grew up with a cat that i love very much that i miss")
8. She struggles with self-doubt and anxiety despite appearing positive. (Verbatim: "i know i come across as a positive person i'm not i'm a very negative person so you know like i'm the kind of person that's got a head full of self-doubt all the time")
9. She has a strong ambition to make a big difference in the world. (Verbatim: "i want to be able to make a big big big difference like big difference in the world")
10. She believes that the key to programming is knowing how to effectively use search engines. (Verbatim: "every developer is just really good at googling stuff like that's it that's it") [end of text]



1. She has a deep emotional bond with her late cat, which would sit on her head while she slept. (Verbatim: "imagine like the side of my head that's like facing upwards my cat would just sit there... just sit on my head like that and that was one of the spots my cat liked to just sit and like i guess protect me or something")
2. Her cat was very affectionate only at night and would follow her to every room, staying in view but not close. (Verbatim: "my cat would just follow me to every room which is funny because like even if my cat wasn't feeling very cuddly... it would just follow me and wouldn't sit with me but like sit like in view of me and just be there")
3. Her cat was standoffish with others but extremely loving toward her, making the bond feel special. (Verbatim: "this cat was not friendly with other people... but it was so loving towards me so it felt like extra extra special")
4. She misses her cat deeply and has a strong affection for cats in general. (Verbatim: "i miss my cat i miss my cat i love cats")
5. She has a habit of sleeping on her side and often lies down in that position after streams. (Verbatim: "i normally sleep on my side okay so imagine i'm sat on my side sat on my side lying down on my side now")
6. She once sacrificed tournament time to fix her sleeping pattern for the Expo. (Verbatim: "I decided to sleep between like like the night time is like right before and I could have I could have just played and then not lost that one life")
7. She has a strong emotional connection to gaming, particularly Teamfight Tactics, and views it as a significant part of her identity. (Verbatim: "always sacrifice myself for team fight tactics always it is the way it is the way")
8. She once attempted to "lock in" during a stream but failed due to lack of chat support. (Verbatim: "i didn't stream and actually actually tried to lock in that's what i get for trying")
9. She has a self-deprecating sense of humor about her stream habits, joking about being "yapped" off the stream. (Verbatim: "how did i get eliminated was i yapping too much yes yes let's blame it on the yap")
10. She has a desire to do a karaoke stream in the future, indicating a personal aspiration related to performance. (Verbatim: "i really need to do a karaoke stream one day") [end of text]



1. She worked at a zoo handling various animals, including rhinos, zebras, donkeys, and birds. (Verbatim: "i used to be able to lift a lot better i did have to do a lot of like lifting work so like um one of the things they don't tell you um is when you work at the zoo there's a lot of lifting")
2. She found the physical demands of zoo work, particularly lifting heavy food bags and bales, to be exhausting. (Verbatim: "those those like the food pellets those those are like 30 kilo bags and um it sucks it sucks like yeah having to carry a 30 kilo food bag")
3. She struggled with being assertive, especially when handling animals like donkeys and during falconry. (Verbatim: "i'm not very good at being very assertive um it was definitely the thing i struggled most with when it came to like uh falconry")
4. She had to walk a hand-reared cow that would run away from new staff members. (Verbatim: "there was one cow that was hand-reared okay the hand-reared cow wasn't afraid to mess with people and every time someone new joined it would be their first task to walk this one hecking cow")
5. She found falconry difficult due to her naturally non-demanding demeanor. (Verbatim: "i'm not one to sound very demanding so like if you're asking a bird to go from a to b you have to be like here i'm like i'm british right i'm gonna be like yo bird would you like to come over")
6. She cared for a pair of rhinos with distinct personalities—one gentle and one prone to violent outbursts every few days. (Verbatim: "there were two rhinos i looked after one was really gentle and pretty chill the other one woke up and decided to choose violence every two or three days")
7. She enjoyed the unique personalities of the animals she worked with, finding them interesting and endearing. (Verbatim: "one thing one thing that i found great was like working with all the different animals and learning all their different personalities")
8. She found the interaction with rhinos, especially giving them scritches, to be a positive experience. (Verbatim: "i could give the rhino scritches if it wasn't a happy mood but because like rhinos have the rhinos have the the thing where they feel happiness from pets")
9. She has a fondness for British English expressions and enjoys reading them in chat. (Verbatim: "i do actually love reading when people write in british in chat and i like to just read it out loud")
10. She has a playful, self-aware sense of humor about her lack of physical strength and her "spaghetti arms." (Verbatim: "i'm happy with my spaghetti arms i'll be honest like yeah i'm happy with my spaghetti arms") [end of text]



1. She has a history of agoraphobia, which was medically diagnosed and treated with therapy. (Verbatim: "for those that don't know i had i had agoraphobia um like proper like you know proper medically diagnosed got given therapy for in all sorts")
2. She experiences anxiety in crowded or public environments due to a lack of perceived control. (Verbatim: "it's like the fear of crowds or technically it's more of like the fear of being in an environment where you lack the control of like and yeah and um yeah outside is that so it doesn't necessarily have to be crowded")
3. She finds large gatherings of people overwhelming and has an instinctive reaction to avoid them. (Verbatim: "i'm a lot better now though like a lot better i still have an like you know instinctive reaction of oh my god i'd rather take the route less taken because there's less people on it and i'm scared of people")
4. She once had a distressing experience while walking with her dog, where she was accidentally bumped into by someone and felt helpless due to the lack of fast travel options in real life. (Verbatim: "i did a walk with my dog once and i made the mistake because irl doesn't have fast travel return um so i did this ridiculously long hike and i was so far away from home and it started raining and i was so sad")
5. She enjoys playing Teamfight Tactics (TFT), a strategy game, and continues to play it even outside of tournaments. (Verbatim: "i still want to climb and stuff i do enjoy tft it is a game that i i do very much love so like yeah yeah yeah yeah yeah")
6. She struggles with decision-making, particularly in high-pressure situations like in TFT. (Verbatim: "my biggest issue in teamfight tactics is that there's so many decisions you have to make and I'm not one to make decisions I just don't want to get in trouble")
7. She has a soft spot for quiet ASMR streams and has considered doing them again, though she is cautious about copyright. (Verbatim: "I've not done ASMR for a while mostly because I've just been trying to fit in what I can but yeah yeah for sure I have my I have my ASMR mic now that I'm back at home")
8. She values the emotional support she receives from her viewers, which helps her manage her mental health. (Verbatim: "streaming has helped me um you guys definitely support me mentally very very very much for sure")
9. She has a strong emotional reaction to being treated unfairly in public, such as being blamed for an accident caused by someone else. (Verbatim: "she wasn't me i think they were they were they acted like it was all my fault and i was kind of sad because i didn't do anything")
10. She has a deep appreciation for the structure and routine of her sleep schedule, which she has worked to maintain. (Verbatim: "well i fixed my sleeping pattern we're not letting that sacrifice go to waste now are we") [end of text]



1. She is a VTuber who performs under the name Elia Stellaria. (Verbatim: "i'm a vtuber so i believe the etiquette is to to not know who i am")
2. She has a distinctive laugh that is memorable and recognizable to her viewers. (Verbatim: "you might recognize the voice you might recognize the laugh i'll be honest")
3. She is extremely skittish and easily startled by sudden noises or movements. (Verbatim: "i am a very skittish person i'm like you know how like cats can jump very easily and stuff and you've seen me in horror games i am very skittish and a lot of things make me jump very easily")
4. She enjoys being called cute and expresses a desire to be seen as cute. (Verbatim: "i wish i was cute i wish i was cute i wish i was cute")
5. She has a habit of saying "I wish I was cute" multiple times in succession, indicating it's a recurring self-reflection. (Verbatim: "i wish i wish i wish i wish i wish i wish i wish")
6. She is fond of crumpets and considers them a good idea to have. (Verbatim: "oh my goodness i'm i'm excited to have oh i should get some crumpets you're right you're right i should have crumpets fantastic idea")
7. She is known for her lively and engaging stream style, which she refers to as "yapping." (Verbatim: "thank you for the fun time ellie i really enjoyed hearing your lively yapping again")
8. She appreciates being recognized for her voice, which she describes as relaxing and calming. (Verbatim: "your beautiful voice is always relaxing to chill no matter what you say")
9. She is self-aware of her flaws, particularly in the game Teamfight Tactics (TFT), and acknowledges them openly. (Verbatim: "specifically my flaw in tft")
10. She dislikes saying "bye-bye" because she finds it sad and emotionally heavy. (Verbatim: "bye-byes really suck they really do they really really really suck bye-byes are sad") [end of text]



1. She has a strong aversion to horror experiences, particularly in haunted houses. (Verbatim: "I was like walking down this corridor... I just kind of stopped, deer in headlights style, and was like, I'm sorry, excuse me, I'm sorry...")
2. She once visited a Japanese-style walk-through haunted house and reacted with polite distress when startled. (Verbatim: "I was like, oh, oh, oh dear, oh dear, I'm so sorry, I've inconvenienced you with my existence...")
3. She finds real-life danger more frightening than supernatural elements like ghosts. (Verbatim: "the scariest thing for those wouldn't be a ghost, it would be like finding like a drug den or something...")
4. She believes ghosts are misunderstood and should be given more justice. (Verbatim: "I feel like, why are ghosts considered villains, justice for ghosts, like, yeah...")
5. Her mother strongly believes in ghosts and claimed their childhood home was haunted. (Verbatim: "my mother very, very, very strongly believes in ghosts, by the way, and she, she basically straight up said that the house that I grew up in was haunted...")
6. Her family purchased their home at a significant discount because the previous owner died there. (Verbatim: "because my parents bought that house with a very big discount, because the person that owned it died...")
7. She used to tutor children in mathematics. (Verbatim: "I used to be a tutor for kids, like, doing maths.")
8. She has a close relationship with her grandmother, who is over 90 years old and active. (Verbatim: "She's over 90. She's, she's still in very good, like, shape. She still, like, walks around and stuff.")
9. Her grandmother believes she is the creator and "almighty Kamisama" of all VTubers. (Verbatim: "my Nan is convinced that I am the creator and almighty Kamisama of all VTubers.")
10. She struggles with maintaining focus during gameplay, especially in Teamfight Tactics. (Verbatim: "I don't have the attention span and I struggle. I'll be playing Teamfight Tactics and being like—Don't do it, Ellia.") [end of text]



1. She has a tendency to feel overwhelmed by negative thoughts and self-annoyance on difficult days. (Verbatim: "it's just annoyance at myself to be honest like straight up it's just it's just annoyance at myself")
2. She experiences days where simple tasks feel impossible due to mental fatigue. (Verbatim: "like oh damn I just can't do anything right today and it's just like an act like nothing in particular has happened that day it's just like just just just a bad day")
3. She has a habit of lying on her bed and physically moving her legs to cope with frustration. (Verbatim: "i was really really frustrated so i just let down on my bed and squish the goose and then just i don't know like um just moved my legs")
4. She reads the web novel "Omniscient Reader's Viewpoint" to distract herself from negative emotions. (Verbatim: "i was reading omniscient reader's viewpoint to try and like take my mind off it")
5. She identifies as having a dual persona—sometimes seen as a "gremlin," other times as calm and elegant. (Verbatim: "i feel like there's two very different impressions of me i feel like some people think i'm an absolute gremlin and some people think that i'm calm and and maybe a bit like elegant")
6. She struggles to express anger outwardly and instead communicates frustration through serious, introspective speech. (Verbatim: "me shouting is like a different different kind of yeah making a british person mad is the worst mistake you can actually")
7. She finds British road rage entertaining and notes the use of British slang like "bloody" in anger. (Verbatim: "the amount of times i've heard anger with the w in front shouted from a car to another car it's too many times like yeah british road rage is real")
8. She associates the word "bloody" with historical figures like Bloody Mary, Queen of England. (Verbatim: "i assume from bloody mary um which was the name of the queen of england that killed a lot of people")
9. She has a history of social interaction in Los Angeles, which required her to be more extroverted. (Verbatim: "i've been really social in like the last month okay because i was in la and thus i had to interact with human beings")
10. She returns to a "hermit mode" after social events to recover her energy. (Verbatim: "i've been like thriving in my me myself and i living by myself in with in my space and just recovering said social battery") [end of text]



1. She has a strong aversion to alcohol and refuses to drink it, even when offered. (Verbatim: "I just don't want to be ashamed of myself or yeah like just say you're allergic to alcohol but i do drink sometimes")
2. She was raised in a household where her parents and siblings did not drink alcohol. (Verbatim: "my parents don't drink um they gave up drinking when they had kids um and then me and my brothers would never dare drink in front of my parents absolutely not")
3. Her grandmother is the only family member who drinks alcohol, and she drinks during Christmas dinner. (Verbatim: "my nan is the only one that drinks at christmas dinner she's she's the only one beat that be drinking")
4. She attended church every Sunday until she turned 18, as part of a family tradition. (Verbatim: "i had to go every sunday until i was um 18 was the deal that was the deal i was given it was like yo you're gonna be made to go every single sunday until you turn 18")
5. She found communion wafers to resemble milky bar buttons as a child, which caused confusion and amusement. (Verbatim: "this looks like a giant milky bar button um which is like a white chocolate that's shaped in a circle like it i was so excited as a kid being like oh my god i want the giant milky")
6. She believes communion wafers are made only from flour and water, not actual bread. (Verbatim: "it's not even bread it's flour water tastes like sad and disappointment like look it's and it's cath it's catholic church okay")
7. She prefers receiving communion wafers in her hand rather than having them placed in her mouth. (Verbatim: "i'd rather hands um yeah rather rather you just put it in my hand and then i'll take it um")
8. She has a strong dislike for spicy food. (Verbatim: "like i want to be able to i want to i want to be someone that's able to have a fun time like without alcohol without any reliance on it um i can understand if people do but it's it's not a good thing to rely on because it's bad for you like um honestly you could have told them my nan is religious")
9. She values authenticity and dislikes lying, even when giving excuses at work. (Verbatim: "i didn't want to just lie to them and make up something and be like yo yeah i i have plans with my anime waifus")
10. She has a deep connection to anime and often uses it as a legitimate reason for declining social events. (Verbatim: "anime girl anime girl anime girl anime girl is the reason there's no is the answer to everything honestly") [end of text]



1. She has a history of being mistaken for being ill due to her natural resting face. (Verbatim: "my natural resting face is just upsetting")  
2. She experiences poor blood circulation and is anemic, which causes her lips to turn purple easily. (Verbatim: "my blood flow is not great because i'm anemic so i get like um what you call it like purple lips super easy")  
3. She gets cold very easily. (Verbatim: "i get cold like super easy")  
4. She has a recurring issue with being almost run over while crossing roads. (Verbatim: "i almost got run over twice today")  
5. She has a past experience of nearly being hit by a double-decker bus. (Verbatim: "the worst one was like a double decker bus that one was really close")  
6. She is bad at judging people's ages. (Verbatim: "i'm not very good at judging people's ages")  
7. She has a fear of horror games. (Verbatim: "I'm too scaredy-cat for this! Please, someone hold my hand!")  
8. She has a preference for Coca-Cola, which she received at a hair salon. (Verbatim: "i got coca-cola as a surprise")  
9. She dislikes drinking from a glass that contains hair, even if it's offered politely. (Verbatim: "no i'm i'm i'm good i'm good thank you thank you i'm i'm i'm done with it")  
10. She has a strong aversion to being offered medicine when feeling unwell, even if well-intentioned. (Verbatim: "once upon a time you only offered me some medicine instead yo that has happened to me before") [end of text]



1. She has a strong desire to ride a motorbike despite her father forbidding it. (Verbatim: "you imagine me on a bike this is why Papa Elia banned me from ever learning how to like I don't know be on a motorized like bike")
2. Her father, referred to as "Papa Elia," is strict about her handling of valuable or fragile items. (Verbatim: "Papa Elia you know I had his motorbike still has motorbike and I remember thinking wow I wanna I wanna have a motorbike just like my dad")
3. She was repeatedly told not to rock her chair because she would fall and hurt herself. (Verbatim: "i was always told to never do that i was always told off all the time being like don't do that ellia you're gonna fall and then you're gonna cry")
4. She has a history of falling while attempting to balance on chairs, despite believing she could do it. (Verbatim: "i can't count how many times i fell off like yeah i just i straight up just fell off just like i fell off in tft")
5. She identifies as stubborn and committed, refusing to accept pity wins in competitive games. (Verbatim: "it doesn't count if i get a pity win like if i need to win with us both trying at our best like i need that")
6. She played Super Smash Bros. with her older brother and was emotionally affected by losing repeatedly. (Verbatim: "we used to play loads of um super smash brothers um like brawl or yeah and like i would lose a lot like every day all the time i would lose")
7. She cried during losses in Super Smash Bros. due to frustration and emotional sensitivity. (Verbatim: "i was straight up like in tears okay like crying i never i never broke or took any anger out in that way i'm like a crying kind of angry person")
8. She values genuine victories and refuses to accept wins given out of pity, especially in skill-based games. (Verbatim: "no it doesn't count it doesn't count it doesn't count if i get a pity win like if i need to win with us both trying at our best")
9. She is skilled in racing games, particularly Mario Kart, where she could beat others despite losing to her brother in other games. (Verbatim: "although the thing i could beat him in was um was racing games racing games like mario kart i could do that")
10. She enjoys playing as sword-wielding characters in Fire Emblem, particularly Marth and Lucina, depending on her preference for strategy. (Verbatim: "well the latest one i play like marth and lucina but it depends on whether i can be bothered with spacing") [end of text]



1. She has a strong preference for pink lady apples. (Verbatim: "yeah if i'm gonna eat my favorite what's your favorite apple it sounds like it sounds like the kind of thing where like you picture it on like a sitcom")
2. She finds blue-flavored products to be uniquely American. (Verbatim: "from my personal observation everything's blue like it's kind of wild how much blue flavor option there is in america")
3. She is aware of the UK's sugar tax policy affecting food sweetness. (Verbatim: "here everything is a lot less sweet in england we have sugar tax which means the more sugar something has the more they have to set the price")
4. She worked at a zoo and cared for rescued animals. (Verbatim: "when i worked at the zoo i looked after a skunk the skunk was rescued from the pet trade")
5. She is not allowed to have raccoons as pets in the UK. (Verbatim: "you're not allowed a raccoon as a pet and you're not allowed to have raccoons even at the zoo")
6. She is fascinated by the idea of having a raccoon as a pet and jokingly considers naming it "Rabie". (Verbatim: "i have to go back i have to go back the raccoon awaits me rabies waits for me i've decided if i ever get a raccoon wait am i allowed to call it rabies")
7. She is skilled at drawing circles in a specific Pokémon game. (Verbatim: "i was like yeah circles i'm so good at circles i'm a professional circler")
8. She is physically uncoordinated when spinning, becoming dizzy after one spin. (Verbatim: "fun fact one spin i'm dizzy i'm straight up like woo i'm done")
9. She has a deep curiosity about the smell of skunks, despite never having smelled one. (Verbatim: "i really want to know what it smells like does anyone has anyone here ever smelled a skunk")
10. She enjoys streaming without a predefined topic, preferring spontaneous conversation. (Verbatim: "i feel like it might help but i feel like i wouldn't be able to stick to the script") [end of text]



1. She is mixed race, with one parent being an immigrant. (Verbatim: "i'm mixed race okay so i i can come across as like white passing to some people and other people are straight up like no you half asian i can tell")
2. She was born in Germany but did not spend much time there. (Verbatim: "i was born in germany and i wasn't there for very long")
3. She holds British citizenship. (Verbatim: "i was born with british citizenship like")
4. She has experienced racism in England, including being targeted with anti-immigrant remarks. (Verbatim: "i've had some like people in england be like really like say some like anti-immigrant stuff to me")
5. She has faced social isolation and difficulty making friends in her youth. (Verbatim: "when i when i finally did make a friend when i when i went to college i actually made made a friend for like the first time")
6. Her mother did not believe her college friend was real and thought she was imaginary. (Verbatim: "my parents thought she was imaginary they straight up didn't believe it was yeah it was bad i promise they're real")
7. She had a traumatic experience during secondary school. (Verbatim: "i had the worst worst worst worst worst time in secondary school ever okay secondary school worst time worst time ever")
8. She chose a college two hours away from her hometown to avoid encountering people from her past. (Verbatim: "i picked a college that was two hours away i was like i need to go somewhere where nobody knows me from my secondary school")
9. Her mother is critical and dismissive of her social life, calling her a "massive loser" and "nerd". (Verbatim: "she's like this girl ain't cool this massive loser what do you mean you think my daughter's a cool person you're so stupid she's a massive nerd")
10. She plays the French horn. (Verbatim: "my mother literally decided nah you didn't make friends before i wouldn't let you have any now yeah pretty much my mother i think has this mindset of oh no you can't have friends like you can't you know you got to be the loser in this family um yeah yeah she has she has tried multiple times to to ensure to ensure that french horn play") [end of text]



1. She has a strong sense of personal agency and resilience, often driven by spite against adversity. (Verbatim: "I'm stubborn that's my spite against the world")
2. She maintained 100% attendance in secondary school despite being bullied. (Verbatim: "I had a 100 attendance in school in secondary school despite being bullied the whole time")
3. She experienced persistent bullying in secondary school, with bullies wanting her to not attend school. (Verbatim: "the bullies wanted from me was for me to not turn up to school")
4. She struggled with the time management mechanics in Stardew Valley, finding it frustrating to go to bed at 2 a.m. in-game. (Verbatim: "she couldn't wrap around her head the fact she had to go to bed at 2 a.m in the game or you pass out")
5. She has a deep-seated aversion to the idea of murder, finding it too energetically costly and impractical. (Verbatim: "murder's not the answer no... it's a lot of effort")
6. She believes that success and happiness are the best forms of revenge against past bullies. (Verbatim: "best revenge is a life well lived")
7. She was encouraged by her parents to play StarCraft professionally as a child. (Verbatim: "my parents wanted me to play professionally when i was a kid")
8. She applied to and was accepted into a university medical program. (Verbatim: "i got into university to do medicine originally")
9. She volunteered at hospitals and participated in ambulance volunteer work during her youth. (Verbatim: "i did a lot of different things i also helped out with like a volunteer ambulance thingy")
10. She ultimately chose not to pursue medicine due to lack of motivation to help people in that way. (Verbatim: "i'm not motivated enough to help people in this way i don't want") [end of text]



