1. She has visited Japan multiple times. (Verbatim: "last time I was in japan yeah so like each time i went i'd get followed around by one of the staff")
2. She has difficulty speaking Japanese despite understanding it well. (Verbatim: "i still suck at it i can i can understand i can understand really well but i don't i'm still working on speaking")
3. She owns a figurine of a game character with notable thighs. (Verbatim: "i got some beautiful thighs can you guess which character i'm on about")
4. She is a fan of the game character Freerun. (Verbatim: "i also got a freerun figurine i want to buy the freerun figurines but i know i can't because i don't actually have room")
5. She has a habit of buying items from claw machines in Japan. (Verbatim: "i learned from last time that i have a problem and i last time i went japan i i got a lot of stuff from claw machines")
6. She considers claw machine wins to be "pity wins" and feels she often loses despite effort. (Verbatim: "every single one of them was a pity win pity win yippie")
7. She finds it difficult to fix microphone issues during streams. (Verbatim: "I have no solutions. This is awful. This is a retro streamer.")
8. She has experienced poor emergency medical response in England. (Verbatim: "the ambulance called back after like 30 minutes and they were like, yeah, no, we got no ambulances")
9. She dislikes the triage system in UK emergency services. (Verbatim: "yeah, it's stupid, nah, stupid Triage?")
10. She finds it unpleasant to visit hospitals in England during nighttime or weekends. (Verbatim: "you don't want to go to hospital in England on a night time or on a Friday or a Saturday night because that's when all the drunks and yeah all the drunks are in the hospital") [end of text]



1. She is currently in Japan. (Verbatim: "i'm excited to be in japan but i keep waking up is super early")
2. She has experienced a minor tremor in her hotel room. (Verbatim: "but but turns out it was um a little a little tremor")
3. She has not experienced tremors in England. (Verbatim: "but um i've not experienced that before we don't have we don't have anything like that in england")
4. She finds it difficult to be loud during streams due to microphone limitations. (Verbatim: "i'm not allowed to be loud okay okay")
5. She uses a library voice during streams to keep volume low. (Verbatim: "library voices library voice okay is it better if i if i just try and keep to like this kind of term")
6. She has a habit of getting distracted mid-dono reading. (Verbatim: "i got seven words into a dono and and then went on a tangent i didn't even finish")
7. She is concerned about her viewers' well-being and appreciates their care. (Verbatim: "i know i know a lot of you um want me to look after myself i just i just i i i i mean yeah")
8. She has a strong emotional connection to her audience, feeling deeply grateful they haven't forgotten her. (Verbatim: "i'm really really really really really really thankful you've not forgotten me")
9. She finds plant identification using drawings more effective than photos. (Verbatim: "drawings are preferred over pictures because then they highlight the specific parts of the plant")
10. She has a fondness for ecological surveying and plant identification. (Verbatim: "within ecological surveying there's like um you know checking uh checking land to see a suitability for building") [end of text]



1. She has difficulty with directions and frequently gets lost. (Verbatim: "I got lost on my way to the station i got lost in the station i got lost again at the station i got lost at the airport i got lost going to the hotel i got lost")
2. She has a quiet singing voice that doesn't project well during karaoke. (Verbatim: "my normal singing voice is more quiet so so then it doesn't get picked up by the microphone")
3. She is insecure about her singing ability and was very out of her comfort zone during a karaoke stream. (Verbatim: "I don't do karaoke i don't like my singing i i'm insecure you're insecure")
4. She enjoys eating melon pan and has had it for breakfast. (Verbatim: "i got melon pan i got melon pan for breakfast")
5. She finds the term "sand" in "sandwich" amusing and finds it confusing since it sounds like actual sand. (Verbatim: "i don't want to eat sand but yeah i'm gonna have yummy sand and it's gonna be coarse and rough")
6. She has a stomach that is not great, indicating a possible health issue. (Verbatim: "my stomach not being great")
7. She is known for having a loud and distinct laugh that draws attention. (Verbatim: "you should never be too safe now um but you could be other vtubers i wouldn't know where it's just that meme but everyone's in their own corner looking at each other like they don't know i'm a vtube yeah i've been told to not heckin laugh shad shad because my laugh is loud and too distinct")
8. She has a fondness for plushies, particularly a cute one of YouTube and a kiwawa plushie. (Verbatim: "i got a really really really cute plushie of of of youtube but it's really cute hi hi and and and it's not that like like uh how do i describe this i'll give you a clue uh e-n and chicken tori chicken chicken")
9. She visited Akihabara and found many VTuber-related stores but no Elia Stellaria merchandise. (Verbatim: "there's obviously a lot of stores and um yeah but no elia merch no no no no no no no no maybe maybe maybe one day")
10. She has been to a karaoke bar in Japan and found the experience challenging due to loud singing requirements. (Verbatim: "i've not been to a karaoke bar thingy before like yeah yeah i didn't go to it last time so it was um it was good and it looked really cool like you pay and you can get unlimited") [end of text]



1. She has a distinctive, loud laugh that is easily recognizable. (Verbatim: "I've been told to not heckin laugh shad shad because my laugh is loud and too distinct")
2. She is self-aware of being potentially recognizable by her laugh in public spaces. (Verbatim: "imagine you're in japan you're just looking through some like the stupid anime imagine and suddenly in the distance you hear oh you can't even pick it up on this microphone and then you hear you hear a laugh in the distance")
3. She is concerned about being recognized by her physical features, specifically her thighs. (Verbatim: "wait a minute, wait a minute, wait a minute, what's a leggy girl? wait a minute, wait a minute, wait a minute, do you think I could be recognized by my thighs?")
4. She prefers deeper bathtubs over shallower ones, particularly favoring Japanese-style bathtubs. (Verbatim: "i prefer the japanese size bath where it's deeper as opposed to the more shallow and maybe slightly longer one that you get in england")
5. She admires Japanese toilets for their advanced features like heated seats and multiple buttons. (Verbatim: "i wish i wish i wish i wish i wish everyone in the world has japanese toilet how much joy how much joy you get")
6. She is unable to install a Japanese-style toilet in her current rented accommodation due to plumbing limitations. (Verbatim: "i live in a rented place so i wouldn't be allowed to install one i don't think")
7. She keeps a basic toolkit consisting of a screwdriver and hammer in a cardboard box. (Verbatim: "i keep on top of a cupboard that has a screwdriver a hammer")
8. She has a playful self-comparison to cats, referencing their self-cleaning habits. (Verbatim: "i'm like a cat because fun fact that saliva has special enzymes in it that are helpful for cats cleaning themselves")
9. She finds the sound quality of her current microphone to be poor, comparing it to a phone call. (Verbatim: "does it still sound like a phone call like hi you're number one in the queue please hold")
10. She has difficulty maintaining a consistent sleep schedule, especially after long flights. (Verbatim: "i stayed up I stayed up I hadn't slept and then I got on a flight for 14 hours and then didn't sleep so I was just eep it's just I've just been overly eepy and and my my sleep schedule still heckin messed up") [end of text]



1. She has a screwdriver given to her by her father when she went to university. (Verbatim: "it was given to me by my father when I went to university")
2. She traveled alone to Japan for the first time, staying in a hotel and exploring Akihabara. (Verbatim: "this is the first ever alone trip... traveling here and traveling back and like where I'm staying and stuff is all by myselfsies")
3. She climbed Mount Fuji with a friend, motivated by a desire to add it to her life accomplishments. (Verbatim: "i wanted to put on my list of things I've done in life and put mount fuji on there")
4. She finds horror games difficult to play due to fear. (Verbatim: "it's hard to tell horror movies with me just wait")
5. She has a dog that becomes distressed when she is away and recently ruined her mattress. (Verbatim: "my dog does not cope very well without me being there and gets very sad and upset")
6. She is currently staying in a hotel in Japan with a very cozy bed and comfortable pillows. (Verbatim: "the one that's in this hotel is so cozy and the pillows I want to steal the pillows")
7. She is not currently in England, where air conditioning is not common. (Verbatim: "we don't have ac in England so to have a machine in the room where I can be like people")
8. She values the support of her fans, considering their time and attention a privilege. (Verbatim: "you choose to spend any time with me like that was that was where the bar was anything more is privilege")
9. She has a habit of bringing warm clothing when traveling to Japan, even in summer. (Verbatim: "but I brought my coat so that's okay and I brought warm warmish clothes so yeah")
10. She recently learned she needs a new mattress due to damage caused by her dog. (Verbatim: "she finally ruined my mattress like just I have to get a new mattress now") [end of text]



1. She has a dog that sleeps with her. (Verbatim: "I always have my dog um I actually have my dog with me so so like like i said this is a me alone trip")
2. She recently took a solo trip to Japan. (Verbatim: "I'm in Japan i'm obviously gonna have lots to talk about some photos and stuff")
3. She is planning a collaborative trip to Japan with her gym mates. (Verbatim: "am i planning the off collab with my gym mates oh okay yeah so this trip this trip is different from from the other trip")
4. She has a "donathon goal" trip planned, which includes flights already sorted. (Verbatim: "it's technically a donathan goal trip so i think i can say um we sorted out we sorted out the flights")
5. She is considering making a solo trip to a place she’s never been before a "donathon goal". (Verbatim: "i might because it's on my my my uh bucket list")
6. She struggles with anxiety around taking breaks from streaming. (Verbatim: "i get too anxious to rest like with this kind of job anyone that does like this kind of thing there's always gonna be like anxiety with taking rest")
7. She worries about disappointing her audience when not creating content. (Verbatim: "the permanent worry of being disappointing i want to i want to make you guys proud")
8. She values her audience's support and wants to show appreciation when she returns. (Verbatim: "I have been thinking a lot about you know all the stuff I want to do for you guys when I'm back")
9. She has experience traveling alone, including a solo flight. (Verbatim: "i've never taken a flight by myself no no no no no um")
10. She helped an older Japanese woman open a bottle of water during a flight. (Verbatim: "i helped her with opening up a bottle of water a bottle of water yeah i was like indeed but i because she's just japanese so i'd be like um") [end of text]



1. She has a Japanese background. (Verbatim: "because she's just japanese so i'd be like um")
2. She struggles with opening bottles due to swollen fingers. (Verbatim: "i have swollen fingers um but that's the good part of the flight")
3. She dislikes disruptive passengers on flights, particularly one who repeatedly violated plane rules. (Verbatim: "this hack and punk kept getting up like being like i'm going to swim from my bag")
4. She has experienced sleep-related embarrassment during flights, including drooling and worrying about snoring. (Verbatim: "i dribbled so much i woke up like oh no")
5. She enjoys playing games on her Nintendo Switch, including anime and League of Legends. (Verbatim: "i played on my switch and i watched anime")
6. She has a Japanese League of Legends account but does not remember the login details. (Verbatim: "i have a japanese account i can't remember the login but i used it last time")
7. She is interested in playing League of Legends on the Japanese server and wants to improve her gameplay. (Verbatim: "i feel like the ping would be awful and i don't know if i'm confident enough to play on the japanese server")
8. She has participated in a "Yakuza week" event with her community. (Verbatim: "i should still i still need to play yakuza we still have the yakuza week")
9. She is familiar with international gaming chat language, including Spanish ("ja ja ja ja ja") and French ("meh meh") insults. (Verbatim: "it's a Spanish laugh it's 'ja ja ja ja ja'")
10. She has a close, familial-like relationship with her community, who often encourage her to take care of herself. (Verbatim: "the poll was that i'm little sister now and you guys like to try and make me do my laundry and look after myself") [end of text]



1. She has kitten ears as part of her VTuber persona. (Verbatim: "hee hee i actually have the kitten ears you know you know you know what do you know that i have kitten ears")
2. She identifies as British. (Verbatim: "I stole from the biscuit jar, because I'm British")
3. She has a baby face and is often mistaken for being younger than her actual age. (Verbatim: "so i have i have a i have a baby face okay so so i know i've always looked i've looked i look younger than i am")
4. She has worked multiple jobs in the past, including three simultaneously. (Verbatim: "i had to work three jobs thus thus the uh therefore my my job experience list is quite long")
5. She has a brother who is taller than her, which she finds rude. (Verbatim: "my heckin little brother had the audacity the audacity and how dare he decide to be taller than me as if he didn't get a heckin memo of his title of little brother decided to be taller rude now very very very rude how dare he")
6. She is self-aware that her work history makes people assume she is older than she is. (Verbatim: "oh and a lot of them were like um to get experience because i wanted to be")
7. She is proud of being a top student and was a valedictorian. (Verbatim: "Top of your class. Yeah, what up valedictorian at your service?")
8. She has a strong interest in learning and enjoys expanding her knowledge. (Verbatim: "I'm excited to learn because learning is exciting and i've always been a very good student")
9. She finds American geography confusing and was not taught much about it in school. (Verbatim: "They didn't teach you this in English schools, like, at all. Like, yeah. They just don't- they just don't- they just don't- they just don't learn much about it.")
10. She is capable of reciting Pi to many decimal places, though she struggles to remember it fully. (Verbatim: "3.141592653589793238 It's so hard to keep up! I forgot!") [end of text]



1. She considered pursuing a career in medicine but ultimately changed her mind. (Verbatim: "my parents wanted me to go into medicine so so i did a lot of you know um what you call it uh like side jobs to get experience")
2. She held multiple roles at a hospital, including receptionist, assistant, and teaching assistant. (Verbatim: "i worked in a hospital um multiple roles at the hospital actually so even though it was like technically one there was like hospital receptionist and then a hospital like um assistant with something else and then also teaching assistant")
3. She feels she would not be a good doctor due to being clumsy. (Verbatim: "i would not want to have as a medical doctor because i'll be honest as much as i don't want to be clumsy i i am")
4. She has a self-deprecating sense of humor about her clumsiness, joking about accidentally harming patients. (Verbatim: "clumsy nurse rp accidentally cuts you open with scalpel and fails your heart transplant")
5. She once accidentally injected a detached heart during a lab experiment. (Verbatim: "i've done that before accidentally to a to a heart not a human heart but it was an accident")
6. She has a fictional, whimsical narrative about writing a "letter of peace" to a detached heart. (Verbatim: "i wrote my letter of peace you know so yeah like it wanted to be done maybe i needed peace")
7. She identifies as existing in a "quantum space" between "protect" and "lewd" anime girl archetypes. (Verbatim: "anime girls exist in one of two states of being protect and lewd you ellie exist in the quantum space between these and are therefore classified as schrodinger's waifu")
8. She is self-aware of her awkwardness, especially when taking photos. (Verbatim: "i didn't know i'm going to take a picture it was very awkward i am very awkward as you guys know")
9. She deleted multiple photos she took before posting a specific image, keeping only one. (Verbatim: "i deleted all the other ones so you could those those are into the void forever")
10. She has a strong aversion to being perceived as annoying, especially in relation to her younger sister. (Verbatim: "so little sister equals annoying person to me which definitely isn't you i don't wish to be annoying person") [end of text]



