1. She is currently in California but plans to return to England next week. (Verbatim: "I'm actually back in England, I'm not gonna say exactly when, but yeah, yeah, technically, yeah, next week, next week, next week")
2. She is attending Vexpo, the first VTuber convention in England. (Verbatim: "Vexpo, by the way, for those wondering, is a convention in England, um, mm-mm-mm, that I'll be attending, which is very, very, very exciting.")
3. She has difficulty controlling her volume when excited and has been told she is too loud. (Verbatim: "I'm not very good at volume control, so I'm gonna try and make sure I keep this volume pretty consistent for this stream")
4. She enjoys eating Reese's Peanut Butter Cups and drinking Gatorade for energy. (Verbatim: "I'm drinking Gatorade right now, and I've been eating these Reese's Peanut Butter Cups")
5. She finds it difficult to speak softly during streams and is making an effort to do so. (Verbatim: "I'm going to do my best to try and keep a consistently quiet volume, you know?")
6. She considers beans on toast, chicken tikka masala, and fish and chips to be some of the best British dishes. (Verbatim: "I like beans on toast, oh, and a chicken tikka masala, and fish and chips")
7. She has never been to a CVS before and found the experience unusual, especially the locked makeup cabinets. (Verbatim: "I've never been to a CVS, so that was a very interesting experience.")
8. She finds it inconsistent and confusing that identical cotton pads were locked in cabinets while being freely available elsewhere in the store. (Verbatim: "The fact that they had the cotton pads inside the locked ones, but then two aisles down, they had them not in any cages.")
9. She has played League of Legends and participated in ARAM games, though she lost both of her recent games. (Verbatim: "I lost both my games, but it's fine, it was ARAM")
10. She is aware that she is not fake British and is currently in California, despite her British identity. (Verbatim: "I'm not fake British, I'm just currently in California") [end of text]



1. She is a British VTuber currently residing in America. (Verbatim: "my name is alias delaria i'm a british vtuber i'm currently in america though")
2. She has a degree in animal science and a master's in computer science and AI. (Verbatim: "my degree's in animal science and then my master's is in computer science and ai")
3. She struggles with impersonating American accents and finds American vocabulary different from British English. (Verbatim: "i can't do other accents i'm just terrible at them absolutely my american accent's awful")
4. She uses the word "hacking" as a substitute for swearing, which is a personal habit rather than a British linguistic trait. (Verbatim: "i replace it with hacking and that's just that's not a british thing that's just a me thing")
5. She has visited the Netherlands multiple times and considers it a beautiful place. (Verbatim: "i love the netherlands i've visited that's one of the few um places in europe i visited like many many many times")
6. She finds it difficult to maintain quiet volume during streams due to her past loud streaming habits. (Verbatim: "i've been told i've been quite loud i'm british yes i'm british i sound like british tea")
7. She is currently on a reduced streaming schedule and plans to return to two streams per day upon returning to England. (Verbatim: "once i'm back in england i should be back to doing two streams a day which i'm very excited for")
8. She has a tendency to convert all characters in voice acting to British accents when playing games. (Verbatim: "whenever i've done like um any sort of thing that i have to read voices for characters british british british british i kind of convert the entire cast into a british cast")
9. She is passionate about sharing animal facts and enjoys teaching biology. (Verbatim: "i can teach you biology don't worry i have a degree in animal science yeah yeah yeah actually i guess i don't know like if i should introduce my background")
10. She is self-aware of being an overworker and needs to remind herself to prioritize self-care. (Verbatim: "i'm an overworking punk so i'm like um i do this full time and i just the problem in doing it full time is there's no there's no set hours") [end of text]



1. She has a master's degree in artificial intelligence. (Verbatim: "yeah that's my fun fact so i've done a lot of i was actually um before becoming a vtuber i was a software developer yeah yeah software developer yippee um you like ranch like yo we don't have frank and ranch in england by the way we don't really have we don't really have ranch")
2. She worked as a software developer prior to becoming a VTuber. (Verbatim: "before becoming a vtuber i was a software developer yeah yeah software developer yippee")
3. She originally intended to pursue a PhD in mathematics. (Verbatim: "so that's what i was supposed to go do a phd in maths which is hilarious because i am like i hate maths")
4. She disliked mathematics and found physics difficult due to its heavy reliance on math. (Verbatim: "i am like i hate maths and that's why i hated physics because physics was so much maths you know like")
5. She grew up in a rough, working-class area described as "super super super chavvy." (Verbatim: "i grew up in an extremely chavvy area can confirm like super super super chavvy straight up it was just all chavs")
6. Her original accent is described as a "rough farmer" accent from her upbringing. (Verbatim: "my original accent is that of a farmer is like in former accent it's a rough farmer i grew up rough i guess ish like yeah")
7. She learned Received Pronunciation (RP) to pursue a career in presenting or broadcasting. (Verbatim: "i wanted to learn rp i'm not a football commentator like yeah my original accent is that of a farmer is like in former accent it's a rough farmer i grew up rough i guess ish like yeah no i didn't grow up in a fancy place but yeah it makes me appreciate the things that i do have though you know")
8. She finds the northern accent in the UK intimidating and "scary." (Verbatim: "the north scares me the north the north scares me indeed")
9. She enjoys explaining technical topics like convolutional neural networks in her streams. (Verbatim: "i did a stream um a while back where i attempted to explain convolutional neural networks i'm hoping to continue that series um we we went we got to the like the features but we didn't get to the pooling")
10. She has a playful interest in learning Morse code for future streams. (Verbatim: "i want to learn morse code just because because why the heck not yeah so i'm gonna chat about morse code and just learn some because i can yay") [end of text]



1. She has a history of being told her voice is unsuitable for VTubing. (Verbatim: "I've always been told that I wouldn't suit vtubing because it's not the right voice")
2. She practiced extensively to develop a higher, "cute" voice for her VTuber persona. (Verbatim: "I actually spent a while long time practicing doing like a higher voice like the cute voice stuff")
3. She is a fan of the Danganronpa series and wishes she could forget it to replay it fresh. (Verbatim: "I wish if I had the ability to like forget anything I would forget danganronpa and then replay it fresh")
4. She is excited about the upcoming game Tribe 9, a collaboration between Danganronpa creators and another developer. (Verbatim: "it's kind of danganronpa style it looks like it's like danganronpa mixed with like I don't really know")
5. She has played and is fond of Phoenix Wright: Ace Attorney, Final Fantasy XIV, and The Legend of Zelda. (Verbatim: "I was obsessed with what do you call it phoenix wright dagan romper um I had a final fantasy 14 phase still playing league forever legend of zelda will always be yeah the closest to my heart")
6. She is planning to release a rap cover of the song "Q" by Mori Calliope and Galgara. (Verbatim: "I'm gonna be rapping like yeah it was the asmr and the feature I like I don't think I'm ever beating the feature but yeah I have a cover of um q coming out")
7. She has a preference for deeper singing tones, which her friends have noted and encouraged. (Verbatim: "my friends have been like why don't you sing like deeper why don't you sing deeper and sing with this kind of voice instead")
8. She is a beta tester for the game Tribe 9. (Verbatim: "I signed up to be a beta tester I'm fingers crossed I can um")
9. She is interested in playing Monster Hunter Wilds when it releases in 2025. (Verbatim: "next year I'm excited for monster hunter wilds so I'll be excited to play that as well")
10. She has experienced a bad ankle sprain from bouldering, which caused both physical pain and emotional distress. (Verbatim: "I rolled my ankle really really badly so my ankle just went flip um and then I fell") [end of text]



1. She has a strong emotional nature despite being a scientist. (Verbatim: "but it turns out i'm super super super feeling")
2. She identifies as an INFJ personality type. (Verbatim: "my mbti personality i'm an infj which is wild")
3. She worked at a zoo in the past. (Verbatim: "this is back at the zoo that i worked at so yeah")
4. She has a lab coat and considers it essential to her identity as a scientist. (Verbatim: "the lab coat's the most important part i know right")
5. She is a data scientist with formal laboratory training. (Verbatim: "i'm a trained trained in the laboratory fully trained data scientist")
6. She is currently in the United States on a trip. (Verbatim: "i'm on a trip at the moment but the place i'm staying at in america")
7. She finds open, unlidded public bins in the U.S. unusual compared to England. (Verbatim: "you have like um there's a lot of bins here that don't have lids like they're just like open")
8. She has a fascination with raccoons and actively searches for them. (Verbatim: "i'm the one ravenously searching for raccoons yes that's me")
9. She is interested in finding alligators, particularly if she visits Florida. (Verbatim: "if i was to go florida i want to look for alligators")
10. She has a strong preference for quiet environments and is mindful of disturbing others. (Verbatim: "i gotta be quiet dude i gotta be quiet") [end of text]



1. She has a naturally breathy voice that is often described as ASMR-like. (Verbatim: "I have a naturally breathy voice um like yeah match like my voice is like quite quite naturally asmr-y")
2. She is a League of Legends player. (Verbatim: "i'm a league of legends player yeah you guys are gonna get that league of legends asmr soon")
3. She has difficulty reading words fully, often predicting the middle based on first and last letters. (Verbatim: "i just didn't i just filled in and predict what's in the middle")
4. She has a habit of typing in all caps and finds it difficult to break the habit. (Verbatim: "i love to all caps all my messages like oh my gosh i'm sorry i'm sorry i'm sorry")
5. She has been told she is an aggressive keyboard typer. (Verbatim: "I've been told I'm an aggressive typer but I don't think I'm aggressive right")
6. She finds it frustrating when the caps lock key is reassigned to delete text. (Verbatim: "the caps lock doesn't work as the caps lock it's been like reassigned so that like um if you press caps lock it just deletes everything")
7. She is currently in the same time zone as viewers in America. (Verbatim: "it is 2am here we're in the same time zone what up")
8. She has a strong preference for the sound and feel of certain keyboards. (Verbatim: "i love the i love the sound and feel of this keyboard")
9. She is interested in building custom keyboards and has considered purchasing parts in America. (Verbatim: "should i try and get keyboard stuff while i'm here because i don't think it's easy to get keyboard stuff in england")
10. She has a close emotional attachment to a character named Relia, whom she refers to as her "love," "world," "moon," and "stars." (Verbatim: "relia relia my world my moon my stars") [end of text]



1. She is a British VTuber currently residing in America. (Verbatim: "British vtuber currently in america trying to be really quiet because it's 2:26 a.m in this house")
2. She has a half-Asian background. (Verbatim: "I'm half asian so I don't know if it's more asian household I don't know I'm not really sure")
3. She was raised in a household where expressing emotions like anger or sadness was discouraged. (Verbatim: "I wasn't allowed to you know be angry or sad pretty much like those were straight up like illegal in my household")
4. Crying was explicitly banned in her household. (Verbatim: "crying's banned yeah yeah yeah yeah yeah crying is banned in this household")
5. She struggles with emotional regulation and is working on becoming more in tune with her emotions. (Verbatim: "I'm working on my emotions I guess um I want to be a bit more in tune with my emotions")
6. She believes life is too short to be angry or upset, which is a personal philosophy she has adopted. (Verbatim: "life's too short to get angry and too upset and that's just me like you know i guess protecting myself in a sense")
7. She identifies with being emotionally guarded as a form of self-protection. (Verbatim: "you know you don't get too emotionally invested so you can't get hurt")
8. She enjoys the concept of kintsugi, the art of repairing broken pottery with gold. (Verbatim: "i really want to do that for sure yeah it looks like it'd be really really nice")
9. She has difficulty distinguishing between her own emotional state and others' intentions due to her upbringing. (Verbatim: "i don't know if people understand my tone like yeah like it is wild like")
10. She finds it challenging when others misinterpret her communication style, especially in text. (Verbatim: "i wonder if people think i'm just angry or something and i'm like oh no i'm not angry like") [end of text]



1. She is not currently celebrating her birthday, though viewers mistakenly thought it was. (Verbatim: "it's not my birthday it's not my birthday")  
2. She has a strong preference for exact measurements and scientific precision, especially in cooking. (Verbatim: "I require a scientific method exactly exactly I'm a scientist")  
3. She is uncomfortable with imprecise cooking instructions like "a bit of" or "just add water." (Verbatim: "how much water though and she's like oh just put it in")  
4. She enjoys the sound of real typing and finds fake typing sounds annoying. (Verbatim: "one of your least favorite sounds are fake typing sounds")  
5. She has a fondness for the Big Gulp drink and considers it a great stream drink due to its large size. (Verbatim: "there's such a such a good stream drink because it's so big")  
6. She is interested in custom 3D-printed keycaps featuring her mascots, Starlings and Star-nanas. (Verbatim: "i was looking into it the other day like the 3d like a 3d printed kind of looking thing that'd be so cool")  
7. She identifies as a celestial messenger, though she originally wanted to be a cat. (Verbatim: "i didn't know whether it'd be okay to be a cat so i became a celestial messenger")  
8. She finds American units of measurement confusing and believes they are arbitrary or "fake." (Verbatim: "units of measurements are fake exactly like why is everything measured in feet yards")  
9. She has a deep appreciation for ASMR, particularly the sound of typing and real keyboard clicks. (Verbatim: "this asmr i think so i think it might be accidental asmr")  
10. She enjoys writing fanfiction, specifically involving her mascots, Starlings and Star-nanas. (Verbatim: "shall i write a fanfic between the starlings and the star-nanas um just so you know starlings and star-nanas are my mascots") [end of text]



1. She is a British VTuber who identifies as a "broken weird british punk." (Verbatim: "I'm just a broken weird british punk like like like")
2. She has experienced a difficult zoo visit where the only exhibit was a dog. (Verbatim: "my worst zoo experience... the only animal exhibit was a dog")
3. She enjoys quiet, peaceful streams and finds them relaxing, even preferring them for her morning broadcasts. (Verbatim: "I wouldn't mind being quiet you know... all my morning streams were peaceful like this")
4. She is currently in California, USA, but plans to return to England the following week. (Verbatim: "yeah but i'm back in england next week")
5. She has been to both Anime Expo and TwitchCon in the past. (Verbatim: "i was here for ax i was here for anime expo and then i stayed a bit longer for a friend's birthday")
6. She aspires to become a Twitch Partner, as it would allow her access to partner-only areas and events. (Verbatim: "if i could get partner in time... i don't think i'd have as good a time")
7. She finds clacky keyboard sounds potentially too harsh and prefers softer switch types. (Verbatim: "i feel like clacky might be a bit too harsh right like")
8. She is interested in learning about mechanical keyboards and wants a beginner's guide to them. (Verbatim: "maybe we need to do like a um intro to keebs that's it")
9. She has a physical discomfort with her ankle, which limits her ability to move during streams. (Verbatim: "my ankle hurts so i've got to stay i've got to stay in exactly the position i'm in")
10. She values emotional connection with her viewers and feels deeply cared for by her community. (Verbatim: "you guys are the comforting ones for me") [end of text]



1. She is a British VTuber. (Verbatim: "Hi, hello, I'm Elias Delaria, British VTuber")
2. She has taken breaks from streaming due to illness. (Verbatim: "I took a little break when I had to... I went to AX, went to America, then I got ill")
3. She fears losing her audience after taking a break from streaming. (Verbatim: "I've been really, like, scared and worried that, like, I lost everybody")
4. She streams and works 24/7, constantly thinking about her viewers' happiness. (Verbatim: "I stream and work 24-7, okay, 24-7, like, every second of every day, I'm thinking about, how I can make you guys happy")
5. She has a strong emotional connection with her audience, describing them as essential to her well-being. (Verbatim: "You're like a pillow that lends me its softness when I need something to lean on")
6. She identifies as clumsy, silly, a dork, cringe, and broken. (Verbatim: "I'm clumsy, I'm silly, I'm a dork, I'm cringe, and I'm broken")
7. She does not consider herself precious or cute. (Verbatim: "I'm not precious. I'm not precious. I'm clumsy, I'm silly, I'm a dork, I'm cringe, and I'm broken")
8. She values self-care and encourages her viewers to prioritize themselves. (Verbatim: "Please look after yourself. Put yourself first, okay?")
9. She dislikes toxic positivity and acknowledges the world's harshness. (Verbatim: "I don't like toxic positivity so we're here to admit that the world is awful")
10. She has a fondness for cola, specifically Coca-Cola. (Verbatim: "I love coca-cola um sorry ignore the heavy") [end of text]



1. She has a deep emotional connection to her online community and values their kindness. (Verbatim: "you guys are so unbelievably kind and and wonderful and it just like yeah it blows my mind still how wonderfully kind you guys are")
2. She streams on both YouTube and Twitch, indicating multi-platform presence. (Verbatim: "i'm multi-track drifting which means i'm streaming on both youtube and twitch")
3. She dreams of making people happy in a sad world, which is her core motivation for streaming. (Verbatim: "my dream is to make people happy like that's it i just i just want to make people happy in a sad world")
4. She believes in creating a safe space for those who felt alone, especially as she did during her school years. (Verbatim: "i just want to make a place that little ellie little ellia needed when i was young when i was back in school when i didn't have anyone and felt extremely extremely alone")
5. She identifies with being a naive optimist despite having negative tendencies. (Verbatim: "i'm also a naive optimist at times but i'm also an extremely negative person it's all over the place")
6. She enjoys British, U.S., and Mexican cola, noting differences in ingredients and taste. (Verbatim: "uk u.s and mexican cola all taste different yeah so so british cola is made with sugar u.s cola is made with high fructose corn syrup and then mexican cola is made with cane sugar")
7. She prefers glass bottle cola over canned cola for better flavor. (Verbatim: "the glass bottle is the best um you can put the cola back in the fridge")
8. She has tried Popeyes chicken and biscuits in the U.S., though she felt she did so incorrectly. (Verbatim: "i tried popeyes for the first time i got to try the chicken i need to do a tier list um i did try the biscuit but i think i tried it wrong")
9. She is currently in the United States and is exploring American food culture. (Verbatim: "i'm in america at the moment and the cola here tastes different to the cola that i'm used to")
10. She has a strong emotional reaction to her community's support, often feeling overwhelmed with gratitude. (Verbatim: "i'm holding in so much emotion right now i've never been so emotionally like held") [end of text]



