1. She is afraid of roller coasters due to her mother describing in detail how she might die on one as a child. (Verbatim: "the reason why though i know why i'm scared of roller coasters is because like as a kid... she would like show me the ride and be like okay so this screw will come loose and this will fly off and then boom you'll heckin yeet yeet into the distance")

2. She lives in British summertime (GMT+1). (Verbatim: "I'm living in GMT, hi hi, hello hello... we're in British summertime")

3. She has a sunrise alarm clock that is manually set and currently one hour behind. (Verbatim: "it's one of those sunrise alarm clocks... that clock needs manual adjustment, and it's an hour off")

4. She dislikes traditional alarm sounds because they cause panic and pain when waking up. (Verbatim: "the noise of an alarm clock just, it just brings so much panic and pain, right")

5. She tends to throw or "yeet" her alarm clock when it goes off because she finds it distressing. (Verbatim: "I yeet, yeet the alarm clock away, because it's very hard")

6. She once tried using a retro-style bell alarm clock but found it too stressful to turn off in the dark. (Verbatim: "I thought it'd be really cute to have a really, like, retro-looking alarm clock... no, it's not worth the cute aesthetic, like, I can't see how to turn it off, and it's dark, and I get scared")

7. Her voice has been described as the opposite of an alarm clock — something that could send people to sleep. (Verbatim: "I've been told my voice is more of the, I guess, the opposite of an alarm clock. It's one that would send you to sleep")

8. She enjoys puns and finds them joyful. (Verbatim: "puns bring me joy okay like puns puns are just like heck yeah")

9. She plans to travel to America soon and will bring her streaming setup, including a good microphone and webcam. (Verbatim: "i'll be in america soon... i'll bring my good microphone so you won't have xbox mike ellia i'll bring my audio box")

10. She plays support in League of Legends and participated in a gameplay session on another streamer’s channel named Mion. (Verbatim: "i got to play league on her stream for a little bit... i'm a support player i don't carry") [end of text]



1. She has been advised by doctors to eat more and exercise less due to low body weight. (Verbatim: "my weight got so low to the point where like the doctors were like okay we need to we recommend that you eat more and exercise less")

2. She is lactose intolerant. (Verbatim: "now i'm like lactose intolerant i'm gonna shh")

3. She prefers sweet popcorn over salted. (Verbatim: "i also go for sweet by the way if you are wondering about my popcorn order")

4. She is self-conscious about her voice, feeling it does not match the typical "VTuber voice." (Verbatim: "i'm self-conscious about my voice because you know it's not it's not a vtuber voice it's not the voice it's not... it's not a good voice but it's a voice")

5. She has experienced being made fun of for various things throughout her life. (Verbatim: "i've been heckin made fun of for all these things in my life")

6. She is planning a trip to America, indicating it as a notable upcoming event. (Verbatim: "hello hello i'm going on another trip heck yeah i'm off to america")

7. She associates American culture with trying specific foods like corndogs and buttered movie popcorn. (Verbatim: "tradition has it you've never truly experienced america until you've had your first a corndog")

8. She expresses interest in trying American-style mashed potatoes. (Verbatim: "mashed potato like american mashed potato yeah yeah yeah yeah yeah")

9. She mentions having a UK background, referencing regional differences in bread roll names and lack of buttered popcorn. (Verbatim: "the uk has a bajillion names for bread rolls yes and that name will change depending on whether you're north or south")

10. She identifies with having a British accent, which she is self-conscious about. (Verbatim: "sorry about the comments about your natural accent we think it's pretty cute and irresistible") [end of text]



1. She is lactose intolerant and can no longer consume regular milk. (Verbatim: "yes i used to but then now i'm like lactose intolerant i'm gonna shh")
2. She uses oat milk as an alternative when needed. (Verbatim: "oh i have oat milk though when i when i need it when i wanna yeah yeah there's good alternatives")
3. She loves hot chocolate made with full-fat (blue top) milk and considers it especially delicious. (Verbatim: "hot chocolate with the blue top milk oh my god oh my god")
4. She owns and highly recommends a milk frother or "velvetizer thingy majiggie" for making hot chocolate. (Verbatim: "i've got one of those um like velvetizer thingy majiggies and it makes the best i recommend it's so good")
5. Her favorite color is yellow, which she associates with her model and uses in online interactions. (Verbatim: "i use yellow but then people get confused they're like why are you using a yellow heart and i'm like there's like a few pixels of yellow on my model right")
6. A small part of her VTuber model design includes yellow pixels on her head and bow. (Verbatim: "on my head back and my bow yeah yeah yeah")
7. She has a banana hanging from her microphone as a decorative item. (Verbatim: "i have a banana hanging from my microphone")
8. She jokes about being a "new" version of herself after sleep-deprived moments, indicating occasional sleep issues. (Verbatim: "new ellia who this she's been asleep i don't know who that girl was that's old me i'm new me now")
9. She sometimes wakes up in the middle of the night, checks her phone, and sends messages while half-asleep. (Verbatim: "i got yeah yeah i kind of kept half waking up going on my phone and then half going to sleep")
10. She associates the color yellow with bananas and embraces the playful connection. (Verbatim: "yellow represents banana oh yeah and that too banana banana") [end of text]



NO RELEVANT INFORMATION [end of text]



NO RELEVANT INFORMATION [end of text]



NO RELEVANT INFORMATION [end of text]



NO RELEVANT INFORMATION [end of text]



NO RELEVANT INFORMATION [end of text]



NO RELEVANT INFORMATION [end of text]



1. She is excited but nervous about going to the USA. (Verbatim: "I'm excited. I'm very nervous. Super nervous. But... More so excited, so...")
2. She has a limited mental capacity focused only on food and content creation. (Verbatim: "The only thing that goes on in my brain is Chicken burglar Content creation... Food Content creation That's it")
3. She is afraid of romance and finds it difficult to comprehend. (Verbatim: "We literally had this whole section today About why Ellie is afraid of romance")
4. She gets exhausted from streaming but tries to push through. (Verbatim: "Maybe I'm a little exhausted But it's fine It's fine")
5. She believes her brain has no room for math. (Verbatim: "I told you my brain doesn't have room for maths It only has room for two things")
6. She is planning to travel to America soon. (Verbatim: "I still gotta heck and pack and whatnot and sort out the the stuffs for America")
7. She enjoys milkshakes and boba as treats. (Verbatim: "Maybe an extra- A milkshake!... Or boba! Bo-ba!")
8. She refers to her female fans as "maidens" and considers them hers. (Verbatim: "The maidens are mine They're mine They're hanging mine")
9. She refers to male fans or other VTubers as "bros" and says fans can have them. (Verbatim: "You can go after my bros, it's fine, it's fine... Hi, they're all yours, they're all yours")
10. She has a self-view of being a mess but endearing. (Verbatim: "I'm a mess, I'm a mess, I'm a mess, but I'll be your mess, nah?") [end of text]



1. She streams frequently, often two to three times a day. (Verbatim: "my entire life is literally you guys know i stream twice a day sometimes three times a day")  
2. Her only downtime activity is playing League of Legends. (Verbatim: "my only downtime is playing league of legends")  
3. She does not have a personal life outside of streaming and side projects. (Verbatim: "what is a personal life what is a personal life my entire life is literally you guys")  
4. She prioritizes her audience and community over personal relationships. (Verbatim: "my priority is you guys you know like")  
5. She identifies as someone who overthinks, especially about her community's feelings. (Verbatim: "i'm an over thinker you know")  
6. She expresses that she would rather play League of Legends than be in a romantic relationship. (Verbatim: "i'd rather play league for sure i'd 1000 don't like i would rather play league")  
7. She refers to herself as a "mess" but embraces it in relation to her community. (Verbatim: "i know i'm a mess but i'll be your mess okay")  
8. She has gremlin-like energy, which she acknowledges and embraces. (Verbatim: "yo my gremlin energy is too strong you know that")  
9. She was approaching her one-year anniversary as a streamer, with plans for a one-year badge. (Verbatim: "happy 11 months almost a year... there will be a one-year badge")  
10. She engages in parasocial relationships with her audience, viewing it as intentional and meaningful. (Verbatim: "i'm making parasocial with you punks so yeah yeah yeah") [end of text]



1. She is extremely afraid of roller coasters and theme park rides. (Verbatim: "i'm going on roller coasters either yeah the the the thing is if you're going to like a theme park... i have to go with someone that will drag me onto the ride... and just curl up into them and... scream into them like")

2. She becomes physically clingy and screams when scared on rides, often burying her face into a companion. (Verbatim: "i basically just taken buried myself into aura and was like the whole time... no no no no no no no no no no no no")

3. She considers herself a "massive wimp" when it comes to fear-inducing experiences. (Verbatim: "anyone that wants to go to a theme park with me they have to know the terms and conditions and the terms and conditions are i'm a massive wimp")

4. She has visited Japanese Disney and specifically ridden Space Mountain there. (Verbatim: "when i went on space mountain uh japanese disney i was literally oh my god")

5. She is unable to drive and identifies as a "passenger princess." (Verbatim: "i can't drive so it's gonna be harder for me to get lost because i don't know how i would manage that")

6. She has a strong fear of getting lost, even in simple environments like bathrooms. (Verbatim: "i will absolutely get lost like even if it's a straight hanging line i just i don't know i don't know")

7. She believes she would get lost easily in American cities if separated from others. (Verbatim: "imagine you're driving me somewhere... you glance to the side to look for me she's heckin gone she's heckin yeah she heckin vanished")

8. She relies on others, especially when going to the bathroom, to avoid getting lost. (Verbatim: "people always make sure i definitely don't go on my own because i will get lost")

9. She jokes about being a good inmate and adapting well to jail, indicating a dark humor tendency. (Verbatim: "i inmate elia i make a great inmate i think i i yeah like oh and today i learned how to counterfeit monkey and art pieces")

10. She is aware of and references American cultural elements like Uber, jaywalking laws, and gun culture, though she is not from America. (Verbatim: "uber i can use uber right like uber was made in america i believe") [end of text]



1. She attended college in England and studied essay-oriented subjects such as English Literature. (Verbatim: "in college they had this thing where like um they're like so there were a few like more essay orientated subjects i did so like i did english literature for example")

2. She types faster than she writes and intentionally wrote illegibly in exams to be allowed to use a laptop. (Verbatim: "i type much faster than i write and so you were allowed to use you're allowed to type your essay if your handwriting wasn't legible... i may have purposely written in like the worst possible way just so i could get a laptop to write with")

3. She can write in cursive, and doing so quickly makes her handwriting look illegible. (Verbatim: "can i write in cursive yeah i can do cursive cursive is definitely like trying to do cursive and fast is the easiest way to make it look like illegible")

4. She is British and acknowledges differences between British and American English vocabulary. (Verbatim: "i'm british mate like i don't know these words")

5. She is planning a trip to America and intends to do chatting streams from there, possibly using a chibi model. (Verbatim: "during your america trip do you think you'll be able to do chatting streams like this with us as well yes yes yes yes yes yes yes um i'll see if i can bring out this model um quite likely you might end up with chibiria")

6. She owns a large supply of tea, specifically mentioning having over a thousand tea bags in her cupboard. (Verbatim: "i do keep like a bag of one that over a thousand tea bags like in my cupboard")

7. She expresses concern about adapting to American English terms, such as “sidewalk,” “trash,” “garbage,” and “bathroom.” (Verbatim: "i'll be like this is the pavement and i'm like no sidewalk and i'm like this is this is the this is the bin and i'm like no that's the trash and i'm not gonna get it")

8. She is aware of and jokes about potential cultural misunderstandings with words like “rubber,” “pants,” and “biscuits” between British and American English. (Verbatim: "be careful saying rubber slash rub it out there we go there we go")

9. She prefers British-style tea and is concerned that American tea may not meet her expectations, especially if it doesn't include milk. (Verbatim: "can i still have my british tea do i have to bring some with me... tea is tea tea can be a variety of things in america but it'll never come with milk")

10. She is considering bringing her own phone holder on her trip to America after finding it difficult to stream without one previously. (Verbatim: "i should make sure i bring my um bring phone holder this time i didn't bring a phone holder and that was heckin difficult") [end of text]



1. She is British and notes that tipping culture is not common in England. (Verbatim: "i'm british okay we don't really have a tipping culture like yeah yeah")
2. She previously worked in IT-related jobs, particularly involving coding and development. (Verbatim: "a secret of all anyone in the it industry that a lot of people that aren't in it do not know but and don't realize is the case most most most most most most if not all people in it particularly like development and coding")
3. She studied data science, statistics, and analytics in university. (Verbatim: "i went to uni you know and they teach you all the like important like ways of doing like statistics and data science and stuff like that and analytics and whatnot")
4. Her job experiences after university involved using Excel and VBA, which she found outdated and frustrating. (Verbatim: "they're using vba and excel and everything is just so fragile it's about to fall apart and you're like what is this they're living in windows xp")
5. She has had job interviews for IT positions that focused on casual topics like video games and pizza rather than technical skills. (Verbatim: "my interviews didn't involve actually measuring my technical ability um yeah talk about pizza talk about nintendo talking about smash brothers")
6. She admits to not remembering technical knowledge she learned in school, such as Celsius to Fahrenheit conversion formulas. (Verbatim: "i will not remember celsius to fahrenheit or any of the formulas from he can science because i'm just gonna look it up like when i need it")
7. She acknowledges having skill issues and is comfortable admitting them. (Verbatim: "skill issue to be honest yeah it is it is i got skill issues i got skill issues and i'm okay with that")
8. She is familiar with grocery stores like Aldi and Little, referencing their fast checkout experience. (Verbatim: "little aldi little i l l oh god what is spelling l i d l little and aldi a l di aldi are both um are both shops like grocery stores you'd call it")
9. She expresses confusion and discomfort with American tipping expectations, especially beyond restaurants. (Verbatim: "you tip everyone you don't want to come at you overnight that's everybody")
10. She jokes about being an SCP-like entity that has breached containment, referencing "Singing Panda" as an escaped anomaly. (Verbatim: "the scp has breached containment singing panda has escaped") [end of text]



1. She previously worked at a zoo, where she cared for rescued animals. (Verbatim: "so i used to work at a zoo and there's a lot of like rules regarding like what animals you can keep at the zoo")

2. She looked after a skunk that had been rescued from the illegal pet trade and was descented. (Verbatim: "we had a skunk that was rescued um and that we looked after... it was descended so it didn't it wasn't capable of of being stinky or spraying")

3. She has experience caring for small monkeys at the zoo. (Verbatim: "i was made to look after a lot of the small monkeys um because yeah it turns out there was tons of them")

4. She was born in Germany and raised in England. (Verbatim: "born in germany raised in england and yet")

5. She used to wear a red coat frequently during college. (Verbatim: "in college i used to always wear this red coat")

6. She identifies as British and has a British accent. (Verbatim: "my Britishness will be very obvious when you're alone")

7. She is interested in experiencing life in America, including shopping and cultural differences. (Verbatim: "i want to learn and i want to experience you know just use credit card")

8. She is considering visiting American retail stores like Costco, Walmart, and Target. (Verbatim: "costco i want to go costco target... experience walmart the walmart experience i am i am excited")

9. She describes herself as a happy and friendly drunk, not a crying or angry one. (Verbatim: "i'm a happy drunk yeah i'm not crying drunk no i think happy happy happy happy... i'm friendly i'm happy happy and friendly friendly")

10. She has a preference for Coca-Cola and previously drank a lot of it, including during her time in Japan. (Verbatim: "like i drank tons of coca-cola when i was in japan") [end of text]



1. She has a "farmer accent" she feels is difficult for others to understand, so she hides it while streaming. (Verbatim: "that's why i hide my farmer accent i legit couldn't understand exactly exactly my point... farmer elia isn't understood by anybody")

2. She identifies with or references an alter ego called "Farmer Elia" that she cannot express fully because it's not widely understood. (Verbatim: "you can't have farmer elia no one understands farmer elia that's why farmer elia stays hidden")

3. She is from the UK, specifically referencing British cultural and linguistic norms. (Verbatim: "by southern i mean british southern")

4. She plans to travel to America and wants to develop an American accent after immersing herself there. (Verbatim: "maybe like when i get sort of immerse myself in like more of these american people then maybe i can like pick up a better american accent")

5. She has worked multiple jobs simultaneously in the past, including data entry in an office environment. (Verbatim: "i had to do like three jobs a lot at the time... i did that data entry for what is it i had to like speed through that")

6. She has experience with data entry and can perform it efficiently, even on autopilot. (Verbatim: "i can data entry data entry i can autopilot give me a keyboard with a number pad on it and i can literally just switch off my entire brain")

7. She is younger than people assume due to her extensive work experience, and this misconception makes her feel sad. (Verbatim: "people do think that like i'm older which is really sad because i'm not i was just poor")

8. She mentions using imperial units like stone and pounds for body weight, which is common in the UK, especially among older generations. (Verbatim: "if you're doing your own weight like body weight we'll use stone... you only use stones if you're over the age of 30 really")

9. She is familiar with Australian slang and references it, though she clarifies she is not Australian. (Verbatim: "azalea from down under cut you making fun of us aussies you want a brawl cobra cobra brawl")

10. She expresses confusion and amusement over differences in English vocabulary between the UK, US, and Australia, such as "petrol station" vs. "gas station" or "arvo" vs. "afternoon". (Verbatim: "gas station not petrol station yeah okay okay that's good to know") [end of text]



1. She previously worked a data entry job that she found mentally numbing and unbearable. (Verbatim: "i remember actually feeling like genuinely going insane i felt like my brain was going to mush and i just couldn't the the numbing of the mind like i'm not one to relax like and not i want to use my brain")

2. She has a strong preference for mentally stimulating work and dislikes jobs that don't engage her intellect. (Verbatim: "i want to use my brain like i know i can complain about school and stuff or like studying and stuff but oh it hurts it just it hurts")

3. She grew up eating expired food and has a resilient stomach, which she humorously refers to as being "made of steel." (Verbatim: "my stomach is made of steel okay i grew up on expired food i can do it")

4. She once ate chicken sashimi in Japan and survived it, indicating past experience with extreme food. (Verbatim: "i've tried was it in japan i had chicken sashimi if i could survive chicken sashimi i could survive gas station food")

5. She plans to travel to California and is excited about trying American food there. (Verbatim: "in california yes california i'm going california i'm going california")

6. She expresses a strong desire to visit Hawaii in the future. (Verbatim: "hawaii oh my god i want to go hawaii i want to go hawaii")

7. She is looking forward to trying American barbecue, specifically beef brisket. (Verbatim: "i always recommend american barbecue to anyone beef brisket oh i want to try beef brisket")

8. She is excited to try American fast food chains like In-N-Out, Taco Bell, and Raising Cane’s. (Verbatim: "i want to go taco bell and have the... baha blast" and "what's canes... raising canes it's a chicken place")

9. She is surprised by and dislikes the concept of non-carbonated lemonade, calling it "lemonade of lies." (Verbatim: "lemonade of lies there we go that's better he can lying to me")

10. She mistakenly believed "IHOP" stood for "I Hop" and imagined it as a place where people hop, showing her literal interpretation of acronyms. (Verbatim: "i genuinely thought it meant a place to hop and i thought you all were really heckin weird getting breakfast and pancakes from a place that you hop") [end of text]



1. She has worked at a zoo in the past, specifically caring for birds and reptiles. (Verbatim: "again when i worked at the zoo we had a lot of there was like um one of the days where i worked at the zoo was like um i had to look after the birds and reptiles")

2. She likes cranes (the bird) and finds them beautiful, having cared for one with soft feathers on its head. (Verbatim: "i like cranes you know like the bird i've looked after cranes before... we had the most beautiful crane the softest little soft on its head")

3. She has a strong interest in playing League of Legends and has been playing for 10 years. (Verbatim: "i've been playing since old client mana potions buying them rune pages like yo i'm addicted... i've been playing league for 10 years")

4. She plays League of Legends on the NA server to adjust to the ping, likely in preparation for being in or moving to America. (Verbatim: "i play on na server i play on na na because i'm trying to adjust myself to the ping")

5. She wants to move to Japan and is actively thinking about how to make it happen. (Verbatim: "i want to move to japan i do i need to figure out how and work it out")

6. She previously stayed in Shibuya, Tokyo for a month last year. (Verbatim: "shibuya was where i stayed when i stayed for like a month um last year it was in shibuya")

7. She feels unsafe walking in England, especially early Sunday mornings due to drunk individuals. (Verbatim: "the scariest time is like like um the morning like sunday morning like really early sunday morning when there's still like leftover drunk people from like the night before")

8. She has had a frightening experience where a man approached her in England and said he wanted to kidnap her. (Verbatim: "this guy came up to me and basically said that he wanted to kidnap me and wrap me in cotton wool and i was like no goodbye and then i ran")

9. She enjoys chicken, specifically chicken burgers, and expresses excitement about trying American food like hot dogs and Olive Garden breadsticks. (Verbatim: "i love chicken i love chicken burgers... i want to try a hot dog... i want to try breadsticks from olive garden")

10. She does not have a driver’s license and jokes about not being forklift certified, implying she lacks mechanical or driving skills. (Verbatim: "do i have a license no i don't can't heckin drive") [end of text]



1. She has had uncomfortable experiences with strangers while using public transportation in the UK. (Verbatim: "every time i got on the bus i'd get ill" and "some guy sat next to me but he picked up my stuff and basically was holding like my bag and my stuff")
2. She used to be a shut-in but is now trying to go out and have new experiences again. (Verbatim: "this is why he became a shut-in and i'm becoming un-shut-in and i'm adventuring again")
3. She has experienced harassment from men despite being in a relationship or stating she has a girlfriend. (Verbatim: "i've had times where like i've said that okay i've said that to someone that tried to speak to me at a bus stop... didn't believe me")
4. She is scared of confrontational situations with strangers, especially as a girl alone. (Verbatim: "you can't be too mean because it's scary especially like a girl you're a girl on your own outside")
5. She enjoys gaming cafes and has visited them in the UK. (Verbatim: "uk has gaming cafes yeah yeah yeah yeah yeah i actually went through the effort of dragging pandora to one to try and play league with me")
6. She likes that gaming cafes offer food and drinks like bubble tea and noodles. (Verbatim: "they provide food yeah i love them because like you're you're basically at this pc and from the pc you can like order like bubble tea and like um like noodles and stuff")
7. She plays League of Legends on the NA server and has nostalgia for older game features. (Verbatim: "i play on na" and "i don't miss the old runes i don't miss yeah my mana pots i miss")
8. She has very bad luck, especially in gacha games. (Verbatim: "i think i do have really bad rng" and "my gacha luck is like abysmally bad")
9. She wants to visit America and Canada and is excited to try American candy and food. (Verbatim: "hello hello canada is definitely on my list as well of places i'd love to visit" and "i need to compare it like yeah yeah yeah yeah yeah ah thank you for wishing me fun in america")
10. She is easily distracted in real life, often going off on tangents when exploring. (Verbatim: "i just get distracted quite easily when i'm when i am who i am which is me i i i i get i just see something i'm like oh oh let's go over there") [end of text]



