1. She has a model art reveal scheduled for Friday, which will include her "oldish form" and a three-sided reference sheet. (Verbatim: "it's gonna be my model art reveal this friday this friday and it's tuesday so it's tuesday wednesday thursday friday yeah so i can finally show you my oldish form along with my three-sided reference sheet")
2. She refers to her VTuber "mama" and "papa" in a familial context, indicating a structured mentorship or community role within her VTuber identity. (Verbatim: "along with telling you who my vtuber mama is and my vtuber papa")
3. She has a strong attachment to Cookie Cola, which she keeps on her desk and actively seeks out when running low. (Verbatim: "guess how many cookie cola cans are on my desk? guess take a big guess take a take a very obvious guess how many cookie cola cans big bog it's zero")
4. She experiences sensitivity to light, which causes discomfort and leads her to wear sunglasses. (Verbatim: "but but i managed to get some content out so hopefully you didn't miss me too much and i did my thumbnails and my schedule and and all the other stuff so so so the sunglasses is because you're all too bright")
5. She has a history of illness that leaves her bedridden and unable to perform tasks despite wanting to. (Verbatim: "it must get better you know like i always forget how boring it is to be to be ill you know when you're just lying in bed like i am incapable of stuff but i want to do stuff but i'm incapable of stuff you know it's not fun")
6. She has a pet dog that she comforts during illness. (Verbatim: "at least i got my dog so hugging my dog but but")
7. She is eager to play The Legend of Zelda: Tears of the Kingdom but has delayed doing so until she can stream it. (Verbatim: "i really wanted to play tears of the kingdom i really wanted to play tears of the kingdom i really wanted to i was like i want to but then i but then i said i'd play it only on stream")
8. She has a fear or anxiety around motorways, likely stemming from childhood experiences with her father. (Verbatim: "maybe that's where my stress of it comes from um i can't i")
9. She has a strong emotional reaction to the smell of petrol, which she finds confusing and unpleasant despite others describing it as pleasant. (Verbatim: "i don't know but but then i remember literally everybody everybody in the class was like yeah it's a good it's it's it's a great smell it smells lovely and i was like are we smelling the same petrol like")
10. She has a recurring habit of forgetting to set alarms, leading to unplanned naps or lost time. (Verbatim: "i thought i set an alarm i did not set an alarm it was a danger nap without me realizing") [end of text]



1. She uses a farewell phrase that emphasizes continuity rather than finality. (Verbatim: "It's not a bye-bye. No. Not a bye-bye. It's a see you later.")  
2. She expresses deep affection for her audience, repeating "I love you" multiple times. (Verbatim: "I love you. I love you. I love you.")  
3. She ends streams with a deliberate, emotionally charged closing ritual. (Verbatim: "Before the stream ends, like, full on on our lives.")  
4. She has a tendency to pause and collect herself before concluding a stream. (Verbatim: "I... I... Okay, I'm gonna end now before the stream...")  
5. She uses zooming in as a symbolic or literal transition point before ending. (Verbatim: "I've zoomed in.")  
6. She views the end of a stream as a significant moment, almost ritualistic. (Verbatim: "It is time...")  
7. She avoids using the word "bye-bye" in her sign-offs. (Verbatim: "It's not a bye-bye.")  
8. She values emotional connection with her viewers, reinforcing it through repetition. (Verbatim: "I love you. I love you. I love you.")  
9. She ends streams with a sense of anticipation for future interactions. (Verbatim: "It's a see you later.")  
10. She performs a structured, almost theatrical closing sequence during streams. (Verbatim: "I've zoomed in. It is time...") [end of text]



1. She has a protective childhood due to her parents' strictness. (Verbatim: "I think that's how I ended up with a very very protected childhood slash life")
2. Her father, Papa Elia, is a motorbike rider with a punk aesthetic. (Verbatim: "Papa Elia rides a motorbike so yeah papa elia is very different from me")
3. Her father is known for having road rage, especially when others drive too slowly on motorways. (Verbatim: "Papa elia flames people for going too slow for going too slow")
4. She dislikes road rage and consciously avoids becoming angry like her father. (Verbatim: "I can't do an impression because like oh gosh oh gosh like elia goes like red in the face and it's like dang why are you hogging the middle lane")
5. She identifies as a nerd and feels her parents tried to prevent her from becoming like her father. (Verbatim: "I guess you'd say I wasn't well no I said you wouldn't say I am uh just a nerd")
6. She does not like football (soccer), which is a significant cultural interest in England. (Verbatim: "I can't get into football oh by football sorry for you americans um soccer gross")
7. She has a strong aversion to being compared to a goose, as it was nearly used for an emote. (Verbatim: "you almost had a goose emote you almost but yeah i'll vote it for blush yes yes yes yes you're getting a blush and mo")
8. She enjoys drinking summer fruits squash, a non-alcoholic, diluted fruit beverage popular in England. (Verbatim: "it's squash squash see squash squash it's squash yeah yeah yeah yeah you add water and then yeah")
9. She is aware of the Royal Warrant in the UK and finds it notable that some products, like Heinz ketchup, carry it. (Verbatim: "we actually have products that have this royal seal of approval um like yeah yeah yeah it's actually a thing")
10. She aspires to create a product that earns a Royal Warrant from the British monarchy. (Verbatim: "all I have to do is become make a product okay I have a goal now okay guys I have to make a product get the palace to use it get my seal that's all I have to do") [end of text]



1. She has a strong desire to create and launch a product that gains royal approval. (Verbatim: "I have to make a product get the palace to use it get my seal that's all I have to do")
2. She humorously references creating "gamer bath water" with royal sponsorship. (Verbatim: "get this gamer bath water but it's got a royal approved yo that's some fancy fancy fancy fancy stuff")
3. She aspires to be knighted by the palace, referencing real-world figures like Paul McCartney and Elton John. (Verbatim: "I could get knighted I think yeah they make random people nights nowadays like like they just like to get to get knighted")
4. She has a history of working in a demanding job and recently submitted an internal transfer to take a long break and pursue a real life. (Verbatim: "I submitted my internal transfer my job yesterday I decided to take a long break and get a real life")
5. She experiences eye discomfort, requiring her to wear a mask for protection. (Verbatim: "to protect my eyes but but honestly I hope I hope that that that that each day becomes happier")
6. She has a dog that requires daily walks, which influences her schedule and helps her maintain physical activity. (Verbatim: "because my dog needs to go outside so yeah although she had the nighttime walk yesterday")
7. She maintains a routine of walking twice daily despite a busy schedule, emphasizing her commitment to health. (Verbatim: "I touch grass every day despite my busy schedule I do go on a walk twice a day")
8. She values community connection and expresses deep emotional attachment to her viewers. (Verbatim: "I miss you all a lot when I don't stream actually I'm very attached to you")
9. She has a playful, imaginative persona, often referencing fictional royal courts and whimsical titles like "knight" and "royal warrant of approval". (Verbatim: "oh my god oh my god or or I could get knighted I think yeah they make random people nights nowadays")
10. She is open about her emotional state, admitting to being "down bad" for her community and expressing love frequently. (Verbatim: "I miss you so much too you have no idea how much I miss you like I'm like uh oh am I too down bad for my own community yes I am") [end of text]



1. She creates "letters of comfort" videos weekly. (Verbatim: "I can do about one a week for those it's more of just waiting for the sudden uh epiphany of what to write")
2. She believes her comfort messages are inspired by a sense of needing to share something someone else might need. (Verbatim: "I get the sudden urge to do a specific topic because somebody out here needed to hear it")
3. She has a protective father figure referred to as "papa elia" who is likely a real person in her life. (Verbatim: "papa elia can't be watching this papa elia will be at work right now")
4. Her older brother introduced her to VTubers. (Verbatim: "the older one is actually like into vtubers and was the one that introduced me to vtubers")
5. She has a younger brother who may also watch VTubers but she is reluctant to have him appear due to embarrassment. (Verbatim: "he'd probably just tell you embarrassing stories about me and i'm not up for that")
6. She considers herself a scientist. (Verbatim: "i know i'm a scientist but i like to think that maybe i get the sudden urge to do a specific topic")
7. She has a pet dog that her parents are content with instead of grandchildren. (Verbatim: "they don't need grandchildren they have my dog so it's all good")
8. She enjoys chicken burgers and hasn't had one in a week. (Verbatim: "i've not had a chicken burger for like a week someone help me")
9. She identifies as a goose in her persona. (Verbatim: "you're the best and most lovable goose in the world")
10. She has a strong sense of punctuality and views herself as very on-time. (Verbatim: "i'm always on time i'm a punctual i'm a punctual i'm a punctual") [end of text]



1. She worries about being perceived as annoying. (Verbatim: "i still wanna you know i still wanna... i worry about being annoying because it was something i was told a lot in school for the existing")
2. She experienced social anxiety and negative feedback in school regarding her speech. (Verbatim: "it's um what do you call it i feel like school is difficult because it was always like talking too much talking too little etc you know")
3. She was frequently mocked by peers in school for her behavior or appearance. (Verbatim: "they'd be calling it cringe or embarrassing or being like oh my god i can never do that like that kind of stuff to like everything to everyone")
4. She struggled with fitting in during school due to peer judgment. (Verbatim: "why can't i fit in when the truth was i was never gonna fit in because they were just gonna make fun of everything anyway")
5. She has a strong emotional memory tied to a cinema experience involving mocking school-aged peers. (Verbatim: "i went to see guardians of the galaxy um at the cinema for papa elia's birthday so like behind me sat behind me were like a bunch of like like school kids")
6. She values authenticity and self-acceptance over seeking approval from others. (Verbatim: "you don't have to do that you don't they're not they're not right just because they're looking down on everyone doesn't mean that they're high up at all")
7. She is planning to update her VTuber model in July or August. (Verbatim: "they said july slash august yeah yeah yeah so so a few months of this smile before it gets changed into a different smile")
8. She has a deep connection to her current facial expressions and is concerned about losing them with her new model. (Verbatim: "i don't know if my new form is gonna have these derpy faces um")
9. She has an interest in learning Live2D animation software. (Verbatim: "what if i learned how to use live 2d and then actually rigged a tangent model")
10. She enjoys creating humorous, off-topic content and embraces tangents as part of her persona. (Verbatim: "i'm literally a tangent i was a tangent all along i was a tangent this whole time") [end of text]



1. She has a habit of creating and collecting "derpy" facial expressions. (Verbatim: "i feel like that would be a good thing to do one day um i want to do that in memory of this form before this form gets put away")
2. She is preparing to debut a new character model, which will replace her current form. (Verbatim: "before i change into my new form i do want to do like a face review")
3. She has a strong attachment to her current form and wants to preserve memories of it. (Verbatim: "i feel like that would be a good thing to do in memory of this um of this form before before this form gets put away")
4. She references a "secret identity" and enjoys playful secrecy with her audience. (Verbatim: "congrats you found out my secret identity i knew that face would appear i don't know how i did that face")
5. She has a fondness for stealthy, obscure merchandise designs. (Verbatim: "i really love stealth merch and um i think this is very very very very stealthy")
6. She has a specific lore around magic bananas that prevents her from eating them. (Verbatim: "if i eat the magic banana my magic powers are gone it's all according to the lore okay")
7. She identifies with cat-like traits, including hissing. (Verbatim: "no i'll hiss at you like a cat will")
8. She has a recurring theme of "big brain" imagery and enjoys exaggerating it. (Verbatim: "gosh it's been a month already i know and time flies how time flies anyway saying hi from work i hope word goes okie dokie it's a big brain it's big brain area")
9. She has a playful, self-aware sense of humor about her own absurdity and randomness. (Verbatim: "i don't know how i did that face i can't how how well can i but yeah sorry you figured out my secret identity")
10. She is planning to celebrate her official model debut as her visual anniversary. (Verbatim: "my model debut will be my all visual anniversary yes yes yes yes yes yes") [end of text]



1. She is preparing for her official debut stream and plans to make it "scuff free." (Verbatim: "my debut will not be scuffed okay i have time i have time to prep it")
2. She has been working on her debut stream for months and plans to take a week off before to practice. (Verbatim: "i have literal months so it's gonna be zero percent scuff okay")
3. She is currently in a pre-debut phase and intends to host a major Q&A stream after her official debut. (Verbatim: "i'll save for post debut because i'm technically pre-debut so yeah yeah yeah yeah")
4. She is working on improving her skills in horror games despite finding them frightening. (Verbatim: "i want to improve myself as a person so i'm working on it i'm working on it")
5. She is afraid of horror games, particularly those involving jump scares, being chased, or feeling defenseless. (Verbatim: "i don't do well with horror games i guess um")
6. She has a strong aversion to Five Nights at Freddy's and finds it too scary to play. (Verbatim: "i can't approach! I'm scared! Yeah... No, no, no, no, no...")
7. She references "Scuff City" as a metaphor for imperfection in her streams and aims to eliminate it by her debut. (Verbatim: "i will be free from scuffs i'll stop eating my scuff cityos")
8. She enjoys cooking and jokingly offers "copium" (a meme term for emotional comfort) to others who need it. (Verbatim: "i'm high on cooking if anyone needs copium i got it in stock unlimited stock")
9. She is involved in a community called "Starling vs Stanana" where members choose between two factions in a monthly election. (Verbatim: "starling and stanana is the name of the community where you can choose whether you want to be a stanana or a starling")
10. She has a habit of using humor and dramatic flair when discussing false or misleading information, such as fake promotions. (Verbatim: "what if i get arrested for for for for false advertisement where they're like look at this criminal she said it was free but it was not free") [end of text]



1. She is confident in her ability to create an original banana-themed song if fans sustain a banana-themed poll for one year. (Verbatim: "if you can keep this up for one year i will release a original banana song bet made is okay")
2. She has a strong emotional attachment to her fan community, expressing deep appreciation for their support. (Verbatim: "each stream i'm always like how do the streams end up so long like i don't know how it happens but but i really do have so much fun with you")
3. She has a habit of designing and commissioning high-quality AI-generated art for her character, specifically for her "elenoir" persona. (Verbatim: "i need to commission more artists for elenoir art like yeah yeah yeah")
4. She is currently managing multiple art commissions through the Japanese website SQAB, with deadlines extending into September. (Verbatim: "i currently have one two three four five six seven eight nine ten eleven twelve thirteen fourteen")
5. She finds the process of commissioning art highly addictive. (Verbatim: "but it's very addicting um very very very addicting to say the least")
6. She has a strong preference for high-resolution, high-quality artwork and is eager to receive such content. (Verbatim: "don't worry you'll get your hd high quality elenoir made soon enough")
7. She is deeply invested in her character's visual design, particularly her new smile model, which she is excited to share. (Verbatim: "i'm so excited to show you my new smile i'm very very excited i just hope you all like my model as much as i do")
8. She has a playful, self-aware sense of humor about her own habits and tendencies, particularly around digital content and online interactions. (Verbatim: "i can't stop i have a problem you could tell i was trying to resist i was trying to resist")
9. She has a personal connection to the concept of "banana" as a recurring theme, referencing it in both humor and long-term challenges. (Verbatim: "i'm actually very very confident that if you can keep this up for one year i will release a original banana song")
10. She expresses a desire for a tropical beach-themed stream or episode, indicating a preference for such themes in future content. (Verbatim: "tropical beach episode when when when ayo you're never annoying really you've lit this voice") [end of text]



1. She celebrates milestones with special burgers, specifically at every 10,000 subscriber mark. (Verbatim: "i treat myself with a burger at every like 10 10k yeah yeah yeah yeah but i don't think i gave myself the 10k burger so maybe i should treat myself to my 10k burger")
2. She has a habit of giving herself food rewards for reaching content milestones. (Verbatim: "the idea is i give myself like a food reward for when i hit milestones")
3. She enjoys eating dried blueberries as part of her breakfast. (Verbatim: "i got these little dried blueberries and and and i put them in and and now it's even yummier so now i'm getting fruit")
4. She upgraded her breakfast to include oats, seeds, and dried blueberries. (Verbatim: "i upgraded it so now it's not just oats it's not just like porridge with these seeds and whatnot i got these little dried blueberries")
5. She values self-care and prioritizes her well-being, often reminding viewers to do the same. (Verbatim: "remember remember remember you are first priority here okay")
6. She creates "Letters of Comfort" videos that focus on shared struggles rather than toxic positivity. (Verbatim: "it's not toxic positivity it's um it's just comfort so that's why they're letters of comfort")
7. She has a recurring theme of "chicken barker" and "chicken burger" in her speech, suggesting a personal or inside joke. (Verbatim: "oh gosh all i can think of is chicken barker chicken barker chicken burger")
8. She is aware of her tendency to make self-deprecating or awkward jokes, and acknowledges it humorously. (Verbatim: "i'm so glad i stole myself why am i like this brain i'm trying i'm trying i just i just ah")
9. She has a fictional or playful magic ability to change the size of a banana. (Verbatim: "all i can do is make this banana change size damn it i just realized how sus that was about to sound")
10. She refers to her fans as "oshis" and "starlings," indicating a specific fan culture or terminology she uses. (Verbatim: "my oshi needs to eat so it's okay") [end of text]



