1. Elia Stellaria is a celestial messenger from beyond the skies who journeyed to Earth to spread comfort through the internet. (Verbatim: "Today, one such tale shall emerge of a celestial messenger from beyond the skies... So she grabbed her bag and journeyed to Earth to use something much better, the internet.")

2. Elia died during her journey to Earth but was reincarnated as a human. (Verbatim: "Elia didn't survive her journey to Earth, but she was reincarnated.")

3. Her celestial powers are fueled by a magic banana, which is central to her identity. (Verbatim: "The one thing to give her her celestial messenger powers, and all messengers were powered by a magic banana.")

4. She is 151 centimeters tall, not including her hair buns. (Verbatim: "my height is 151 centimeters and doesn't include my hair buns")

5. She is half British and half Asian, currently living in England. (Verbatim: "i'm actually half um i'm half so i'm half british half asian okay but i am in england")

6. Her ultimate dream is to make people happy and spread kindness. (Verbatim: "my big big big big big big big one and only dream... is to make people happy okay")

7. She likes chicken burgers, Coca-Cola, sweet snacks, coffee, soft things, plushies, animals (especially dogs), and kindness. (Verbatim: "i like chicken burgers coca-cola sweet snacks and coffee... i also like soft things i like plushies and my dog... i also like animals which includes dog but i don't like moths... i think it's always good to be kind")

8. She dislikes spicy food, mushrooms, pickles, bristles (which give her goosebumps), scary things including horror games, being pushed on swings, and moths. (Verbatim: "i don't like spicy food... i don't like mushrooms and i don't like pickles... bristles make my give me like goosebumps... i don't do well with scary things... i don't like getting pushed on a swing... moths can go in far far far far far away")

9. She has a strong emotional aversion to not saying goodbye, influenced by her experience watching *Fruits Basket*. (Verbatim: "not saying goodbye is a really really important thing to me... if i wasn't being allowed to say goodbye i know i would do everything i can i'd beg and beg and beg")

10. Her full design includes wings, white hair in two long braids, purple eyes, hair buns, and thigh-high socks, with a banana as her power source. (Verbatim: "when i get my true form i will have a banana... basically human but with wings i have hair buns and my hair should be in two super long braids... purple eyes white hair and thigh high socks") [end of text]



1. She has a fictional origin story where she fell from another world, died, and was reincarnated on Earth as a baby. (Verbatim: "when i came to earth i fell and i got reincarnated basically i'm not the best with my wings um so so so i tripped and and died but but it's okay i got reincarnated and became baby")

2. She grew up in England and went through school there, which she describes as a tough time helped by anime and games. (Verbatim: "grew up in england i got through school tough times thanks to anime and games")

3. She experienced a brief "normie phase" of about two years where she engaged with society and went outside before returning to being a shut-in. (Verbatim: "i had a glow up normie phase for about two years yeah and that's when i learned about going outside and society and then i was like now i don't like this so then i went back to being a shut-in")

4. She holds both a bachelor's and a master's degree, which are animal-related and included focus on AI and convolutional neural networks. (Verbatim: "i did a bachelor's and master's degree" and "my master's was orientated around ai's and using convolutional neural networks")

5. She spent about three months in the jungle doing scientific work, during which she got lost and was chased, describing it as a highly stressful but formative experience. (Verbatim: "during my degree i went to the jungle... was doing some scientist stuff there for about three months")

6. She worked as a zookeeper at a conservation-oriented zoo, caring for animals like rhinos, giraffes, birds, and monkeys, and notes that 80% of the job was cleaning up poop. (Verbatim: "i was a zookeeper... eighty percent of the job is picking up poop it really is")

7. She has worked in various tech jobs including IT support, software testing, development, and as a SQL database architect. (Verbatim: "i've worked first second third line support i've been a developer a software tester and i was a sequel database architect for a bit")

8. She is trained as a data scientist, dislikes math despite her training, and is proficient in Python, C#, and R programming languages. (Verbatim: "i'm also fully trained as a data scientist even though i hate math yeah and i also know in terms of languages python c sharp and r")

9. Her favorite video game series is The Legend of Zelda, with Ocarina of Time being her favorite entry, and she is excited for Tears of the Kingdom. (Verbatim: "i'd say my favorite is ocarina of time... i heckin love the legend of zelda series is my favorite of all time")

10. She wants to improve at horror games despite finding them scary, and plans to play Little Nightmares as a step toward building courage. (Verbatim: "i want to get better at scary games so i need to take little steps like little steps so i want to try and do a horror game like every now and then to build up my courage") [end of text]



1. Her lifelong dream is to visit Japan. (Verbatim: "lifelong dream of mine has been to go to japan so i want to do that more than anything")

2. She likes pineapple on pizza. (Verbatim: "i like pineapple on pizza")

3. She dislikes pickles. (Verbatim: "i already told you about my dislike pickles")

4. She does not eat bananas, despite incorporating them into her lore. (Verbatim: "i don't actually um i don't eat bananas")

5. She enjoys beans on toast and eats it regularly. (Verbatim: "i have it like every other day")

6. She identifies with British culture and wants to share British food with others. (Verbatim: "i'll show you the british way")

7. She believes celestial messengers use bananas as magic wands in her fictional lore. (Verbatim: "celestial messengers don't use that... they don't have wands they have bananas")

8. She plans to create more heartfelt, unscheduled content focused on supporting her audience. (Verbatim: "this is the most important content for me so i will be doing these more when these won't be on a schedule")

9. She values kindness and self-love, listing them as personal rules. (Verbatim: "rule zero be kind rule one love yourself")

10. She intends to have a larger, more planned debut event in the future. (Verbatim: "i'll make sure i plan something absolutely heckin spectacular for you all") [end of text]



1. Her mission as a VTuber is to bring happiness and "banana light" to people's lives. (Verbatim: "it is my mission to make you happy or you know you don't even have to aim for happy just to bring a little bit of banana light to to your life")

2. She identifies herself as a "celestial messenger" as part of her VTuber persona. (Verbatim: "i am a celestial messenger it is my mission to make you happy")

3. She planned to create a lore video for her channel but was unable to finish it in time. (Verbatim: "i wanted to prep a lore video i want to prep everything")

4. She made a poorly functioning game inspired by Jump King featuring a banana with banana physics. (Verbatim: "the idea was i wanted to make a game like jump king but instead of that i was thinking it could be like a banana jumping with banana physics")

5. She spent only two days developing the banana-themed game and considers it broken and unplayable. (Verbatim: "i spent like two days on this" / "it's broke it doesn't work")

6. She does not intend to monetize her game creations and believes no one should pay for them. (Verbatim: "i don't want to charge anything for them like um oh wait i never put the pinned message")

7. Her primary financial goal is to earn enough money just to eat, and she prioritizes her audience's well-being over her own. (Verbatim: "i really just want enough to eat that that's all and and anything extra would be like i'd i'd rather you look after yourselves")

8. She is an ambitious person who enjoys over-planning and preparing content for her audience. (Verbatim: "please forgive me i am an ambitious person yes and i like to be overly ambitious with with my to-do lists")

9. She wants to sing a cover of "Can't Help Falling in Love" and plans to do karaoke streams in the future. (Verbatim: "i wanted to sing can't help falling in love so i will probably release that as a cover instead but i'm definitely planning some karaoke soon")

10. She owns a Nintendo Switch and frequently plays Super Smash Bros., which makes her extremely nervous and sweaty. (Verbatim: "i have a switch i have a switch yeah yeah yeah although so the one game that gets me sweaty more than anything... it's smash") [end of text]



NO RELEVANT INFORMATION [end of text]



