1. She is planning to visit her mother before traveling to Japan. (Verbatim: "I had to wait for a few things before I got the schedule out, so I had to wait for, first off, Mama Elia, making sure whenever what day I can go visit her...")
2. She enjoys drinking iced coffee. (Verbatim: "It's iced coffee, it's iced coffee, my beloved, the solutions to everything...")
3. She previously had a breakfast of porridge that exploded in the microwave. (Verbatim: "I didn't have my usual adult breakfast of porridge, because it betrayed me last time, it heckin exploded, kaboomed in the microwave...")
4. She has switched to a new cereal called Crave, which contains chocolate pillows. (Verbatim: "It's Crave, it's Crave, yeah, you got it, it's Crave, it's heckin' little chocolate pillows...")
5. She finds Lucky Charms to be appealing, describing them as "pure sugar" and "heckin' absolutely delicious." (Verbatim: "if you're telling me I can have pure sugar for breakfast it's like a make in my, I don't know, I can't...")
6. She is looking forward to receiving a new chair. (Verbatim: "new chair on its way... I gotta shrimp as hard as possible before I will no longer be shrimping...")
7. She has a habit of using playful, exaggerated language such as "heckin'" and "yay!" in her speech. (Verbatim: "I'm gonna be so speedy today, you're gonna be like, oh my god, she's like Sonic the Hedgehog...")
8. She is interested in ASMR and has experimented with microphone setups for it. (Verbatim: "this is an asmr mic it doesn't look like one right yeah just fall asleep with it in bed...")
9. She has collaborated with a group called "Buddies" in the past. (Verbatim: "I really wanted to have a Buddies collab before I went to, um, Japan...")
10. She has a playful, mischievous personality, often teasing her audience with puzzles and hidden meanings. (Verbatim: "I'm marinating you so heckin good you gonna be tasty...") [end of text]



1. She has a strong affinity for bananas, both as a meme and a potential costume idea. (Verbatim: "i would if i could but i am forbidden apparently i don't know why it's stupid but yeah maybe one day one day i'll be allowed a heckin banana costume")
2. She enjoys playing video games, particularly Breath of the Wild and is interested in Elden Ring. (Verbatim: "i'd like to play eldon ring that looks like a fun game" and "that breath of the wild stream was probably peak peak backseating day")
3. She finds it difficult to resist doing the opposite of what is told in games, especially if it's a challenge. (Verbatim: "i'm the kind of person where if someone tells me to do something in game i will want to actively do the opposite")
4. She values mental well-being and encourages self-care, especially during tough times. (Verbatim: "don't take care of yourself... that is genuinely the most important thing to me")
5. She has a playful, imaginative personality and often references fantasy or whimsical concepts like celestial messengers. (Verbatim: "i'm not a goose i'm a celestial messenger i have my wings where are my wings where are my wings i have wings wait")
6. She enjoys meme culture and references, including Zoolander and Monty Python. (Verbatim: "i haven't seen it but i'll still like it" referring to Zoolander, and "we gotta watch monty python first")
7. She has a close bond with her audience, referring to them as "sunshine" and expressing deep gratitude. (Verbatim: "you all are my sunshine")
8. She is planning to participate in an eye tracker challenge using community-funded equipment. (Verbatim: "i'll ask for eye tracker challenge images um where we'll be using this eye tracker that you all kindly funded arigato")
9. She has a pet dog that she walks regularly. (Verbatim: "i'm gonna go shower walk my dog um and then put up a post")
10. She is planning to travel to Japan, which will affect her streaming schedule. (Verbatim: "this week is bittersweet because i'll be like oh there won't be a meme earlier review next week or the week after or the week after because i'll be in japan") [end of text]



1. She is planning to travel to Japan soon. (Verbatim: "but they'll still be streams there just won't be a meme earlier review stream um so this will be um yeah i'm really behind on it but but is yeah this is really fun to go through these with you so don't make too many memes in the meantime okay")
2. She will have fewer streams while in Japan due to uncertain internet speeds. (Verbatim: "but it's just hard because i can't guarantee i can't guarantee internet speeds because just silly hotels didn't reply to me so so yeah yeah")
3. She intends to continue streaming while in Japan despite challenges. (Verbatim: "i will try and stream as much as i can while i'm in japan i will um but it's just hard because i can't guarantee internet speeds")
4. She plans to take many pictures during her trip to Japan and share post-content afterward. (Verbatim: "but i'll still take loads of pictures and stuff and have post content after yeah")
5. She values her morning time spent with her audience. (Verbatim: "i love spending my morning my i love spending my time with you morning or night")
6. She enjoys the emotional connection she feels during her streams. (Verbatim: "you really do make me lose myself and oh so much love you really have a good day i'll miss you i'll miss you too it's heck guys yo")
7. She refers to her fans with affection, using phrases like "love you more times infinity plus two pounds." (Verbatim: "love you more times infinity plus two pounds you can't save monetary value to infinity you punk")
8. She uses Japanese phrases such as "arigato" and "daisho" in her streams. (Verbatim: "arigato for catching me arigato thank you thank you yeah" and "hope to catch another daisho")
9. She has a habit of saying "the same" multiple times during emotional moments. (Verbatim: "the same the same the same the same you really do thank you for the streams")
10. She has a playful, affectionate interaction with her audience, often using exaggerated expressions of love. (Verbatim: "i'll miss you i'll miss you too it's heck guys yo") [end of text]



1. She has misophonia, a condition where she is highly sensitive to specific sounds, particularly eating noises. (Verbatim: "basically what happens is um yeah misophonia so actually whenever we had dinner growing up um me my brothers and my mom would sit at the dinner table papa elia would never sit at the dinner table um because because it doesn't like the noise i can can't stand the noise")
2. Her father, referred to as "papa elia," has misophonia and does not eat at the dinner table due to his sensitivity to noise. (Verbatim: "papa elia would never sit at the dinner table um because because it doesn't like the noise i can can't stand the noise")
3. She grew up in a household where eating quietly was emphasized due to her father's condition. (Verbatim: "because um papa elia has that thing um i say it's misophobia is it miso something beginning with m the one about noises so um basically what happens is um yeah misophonia")
4. She avoids eating during streams because of her upbringing and sensitivity to eating sounds. (Verbatim: "i do my best not to eat on on stream because the way i was raised was um was what you call it to to not make any noise when i eat")
5. She lives in a student-heavy area that is also occasionally populated by families with small children. (Verbatim: "i live in a very odd area the area that i live in is like um it's mostly a student area but i think because it's cheap it's cheap because it's a student area but also i guess because it's cheap you also get a couple of like families with small children")
6. She has been startled by strangers shouting at her from outside her home, including one instance where someone said "bless you" after she sneezed. (Verbatim: "one time one time to be fair i sneezed and then i heard someone outside shout bless you so that one wasn't too bad i think that was someone try to be nice")
7. She has been frightened by loud noises outside her home, including drunk people shouting and glass bottles being smashed. (Verbatim: "sometimes they smash like glasses on the floor like glass bottles and then there's all this glass on the floor and i'm like no no no no no i don't want my dog to get injured by all the glass")
8. She has experienced being startled by someone responding to her voice while she was unaware of being heard. (Verbatim: "then the other time was just like i don't know someone replying to something i said that one freaked me out")
9. She has a dog that she walks in the mornings, which sometimes causes concern due to debris like broken glass on the ground. (Verbatim: "sometimes i have been scared baby once or twice um like that time i was in a cool with id and i can't remember what i said and then some")
10. She finds the British binge drinking culture among students to be a common source of nighttime noise. (Verbatim: "i think i think it's that because of that um you get like um like they're not too bad it's what's really annoying though is like") [end of text]



1. She lived in university housing during her first year of studies. (Verbatim: "i remember i didn't participate in it because um a drink costs money so i remember actually yeah i just played a lot of league of legends that week um yeah")
2. She did not participate in Freshers Week due to financial constraints. (Verbatim: "i remember i didn't participate in it because um a drink costs money so i remember actually yeah i just played a lot of league of legends that week um yeah")
3. She spent her first year university week playing League of Legends instead of socializing. (Verbatim: "i remember i didn't participate in it because um a drink costs money so i remember actually yeah i just played a lot of league of legends that week um yeah")
4. She lived in a university building that had severe structural and pest issues, including bugs and bats. (Verbatim: "my first year holes were um pretty much um awful um we had like bugs crawling out of the sockets um bats in the hallway yeah i wasn't a fan of the bugs")
5. The university accommodation she lived in was demolished due to safety concerns. (Verbatim: "they literally demolished that build so that building doesn't exist anymore they demolished it they had given me they were like that's not safe to live in")
6. She worked at a zoo, primarily caring for small monkeys. (Verbatim: "i think i spent most of my time when i worked at the zoo with the small monkeys um but yeah my mom said cute cute cute cute i could get they were when it came to like the small monkeys i could go in with them um because they wouldn't they wouldn't hurt me unlike other animals that could literally unalive me")
7. She attempted to communicate with marmosets using high-pitched whistles. (Verbatim: "i tried to learn how to communicate with marmosets um they didn't really respond um let me show you like oh them little marmosets were great um yeah")
8. She found marmosets to be very small, about the size of her hand. (Verbatim: "they're like the size of like my hand um but yeah they um they were lovely they just minus that minus that")
9. She once had marmosets that tried to pee on her intentionally. (Verbatim: "when they weren't cute though was they had this habit of trying to pee on me they would literally like like aim it like they would like attach themselves to the to the like um windowy bit and then like direct it at me")
10. She has a strong emotional reaction to the idea of an "unsub alert" on her stream. (Verbatim: "i didn't think there's an alert for unsubbing i that'd be really heckin sad if there was") [end of text]



1. She is planning a trip to Japan. (Verbatim: "I'm going to Japan" and "I'm back from my trip from Japan")
2. She has a travel card for use in Japan to avoid currency exchange fees. (Verbatim: "I have a travel card... it's designed for travel")
3. She owns a bearded dragon and a chameleon as pets. (Verbatim: "I got the heckin chameleon the bearded dragon")
4. She has a dog. (Verbatim: "my dog and the heckin two meter goose plush")
5. She has a large plush toy of a goose, measuring two meters. (Verbatim: "the heckin two meter goose plush")
6. Her living space feels like a zoo due to her collection of animals and plushes. (Verbatim: "my flat my flat my home my home feels like a zoo at the moment")
7. She is aware of and uses the concept of "supers" (donations) on her stream. (Verbatim: "Supers are not free, by the way")
8. She references a "20k celebration" planned for after her return from Japan. (Verbatim: "I wrote on my schedule that we do a 20k celebration when I'm back from my trip from Japan")
9. She is aware of and uses an "embarkation card" required for Japanese immigration. (Verbatim: "you have to make an embarkation card online and can show qr code")
10. She is familiar with the JR Rail Pass and plans to sort it out for her trip. (Verbatim: "I think I need to sort out things like jr rail pass and stuff") [end of text]



1. She has experienced emotional distress related to past events involving people misusing birthday announcements. (Verbatim: "it's one of those things got ruined by people abusing it kind of thing")
2. She has a deep emotional connection with her fans and fears being forgotten. (Verbatim: "i get scared... if i'm not here i'm getting forgotten and stuffs you know")
3. She values authenticity and sincerity in her content, especially in personal letters. (Verbatim: "it's genuine sincere and um that you know i don't know that it comes more from the heart")
4. She has a strong emotional reaction to the idea of leaving her fans, even jokingly referencing it as "the g word". (Verbatim: "the g word is too scary i don't like the g word")
5. She has a past experience where she was unable to speak about certain aspects of her life. (Verbatim: "there's a lot of things in my past I cannot I cannot speak of")
6. She has a deep affection for her dog, Layla. (Verbatim: "Hello, Layla! Yeah, I know, I know, he's okay, he's a good dog")
7. She is working on finalizing her official debut date with her team. (Verbatim: "i'm trying to sort out debut date")
8. She has a mini-debut that occurred prior to her official debut. (Verbatim: "I did a mini-debut")
9. She dislikes the idea of not saying goodbye to people. (Verbatim: "I don't like not saying goodbye")
10. She has struggled with mental health and has created content around it. (Verbatim: "very few vtubers to mental health content") [end of text]



1. She has a strong emotional connection to her community and values their love deeply. (Verbatim: "you're all the treasures this community is the treasure it's the treasure")
2. She struggles with horror games, particularly those involving being chased or feeling defenseless. (Verbatim: "i don't like games where i get chased and i don't like games where i'm defenseless")
3. She is currently undergoing a "horror game training arc" to overcome her fears. (Verbatim: "my horror game training arc continues")
4. She finds Dark Deception and Outlast particularly terrifying among the games she plays. (Verbatim: "dark deception is dark deception and outlast i've tried and and i'm sweating and my heart's going")
5. She has a recurring concern about people abusing birthday wishes for attention or rewards. (Verbatim: "i can't do that i want to just know that i really want to i just yeah i don't want it to get um abused")
6. She has a donor page that includes a message encouraging self-care and financial responsibility. (Verbatim: "don't dono page don't do it take care of yourself")
7. She is open to being seen in various forms, including fantastical or absurd ones like a banana whale or banana worm. (Verbatim: "if i became a banana whale would you still love me")
8. She views her relationship with her fans as deeply personal and reciprocal, emphasizing mutual care and love. (Verbatim: "you have to make sure you give your love to yourself first")
9. She has a playful, self-deprecating sense of humor about her own persona and online presence. (Verbatim: "the dumb dumb scuff is okay i keep trying to improve myself for you all")
10. She expresses a desire to grow and improve, both as a streamer and as a person, for her community's sake. (Verbatim: "i keep trying to improve myself for you all i really will") [end of text]



1. She has a secondary form that is larger in size. (Verbatim: "this is your other form but you usually stay in your in your smaller form")
2. She finds her own laugh to be a notable and endearing trait, though she acknowledges it might be perceived as annoying by others. (Verbatim: "your laugh is very cute and it's part of you so of course we love it too")
3. She has a strong emotional connection to her laugh, describing it as something that makes her smile and laugh, and she is aware it's a unique characteristic. (Verbatim: "i'm extremely weak against her laughter but it keeps he's making me smile and laugh")
4. She believes talent is developed through hard work rather than innate ability. (Verbatim: "talent's like something you do a lot of hard work towards")
5. She feels she was very invisible and quiet during her school years. (Verbatim: "i always felt very invisible when i was in school i was also very mute and quiet and whatnot")
6. She values small acts of self-care and encourages others to celebrate minor accomplishments. (Verbatim: "don't have to make a whole sandwich you can go nom on some bread or nom on some like cheese or something")
7. She enjoys the idea of playing games like Stardew Valley with friends, particularly in a cooperative farm setting. (Verbatim: "i'd love to do a because you can do like a a farm together and i really want to do that")
8. She has a playful, imaginative mindset, often visualizing whimsical scenes such as a monkey with a tambourine or castanets. (Verbatim: "a monkey with a tambourine um oops i dropped something oh is it symbols the heckin um what the heck was are they symbols")
9. She finds joy in making others smile and laugh, and sees this as a core part of her identity. (Verbatim: "your talent is making us laugh and smile it disregards your second to not a heart")
10. She aspires to maintain a consistent streaming schedule, ideally two streams per day, though currently finds it challenging to fit in. (Verbatim: "i want to try and maybe convince the buddies to to start a farm with me um actually i wanted to do that before but but i wasn't allowed") [end of text]



1. She has a strong emotional connection to music from her primary school days, particularly enjoying percussion instruments. (Verbatim: "i used to have they were my favorite instrument they were my favorite instrument in primary school")
2. She particularly loved castanets shaped like little froggies during music class. (Verbatim: "they were in the shape of little froggies")
3. She enjoys tambourines and triangles, though she admits she has no rhythm. (Verbatim: "the tambourine heckin and the triangle yo if i had rhythm maybe i could be a percussion kind of person but i have no heckin rhythm none i suck at rhythm")
4. She is self-aware that she lacks musical talent and rhythm, but still pushes herself to improve. (Verbatim: "i got no rhythm i got no music ear ears musical ears i ain't got musical ears")
5. She deliberately chooses subjects she's bad at to challenge herself, such as drama and music. (Verbatim: "any subject where i've been like i suck at that subject is the one that like me being stubborn and maybe in spite of myself to be like no i suck at it i'm gonna work hard at it")
6. She took drama classes to help overcome shyness, though it was extremely intimidating. (Verbatim: "i did dramas to help me not be shy um it was very very very very very very very very scary")
7. She identifies her adaptability and versatility as key strengths. (Verbatim: "that's your talent your adaptability the new standards you're sometimes excessive excessive passion and handwork")
8. She wants to improve her voice to be more expressive, higher, and more distinct. (Verbatim: "i want to be able to i feel like this voice lacks expressiveness and i think this voice really lacks a lot of um really should be a bit more higher and a bit more different")
9. She dreams of being able to alternate between different voice styles, including a British accent. (Verbatim: "i want to be able to like alternate between them better" and "i should work on the british voice otherwise you all might forget that i'm british")
10. She values the British cultural staples like beans on toast and considers them part of her identity. (Verbatim: "you can't forget you can't forget the joys of beans on toast and the other british cuisines that i've we've brought to the world") [end of text]



1. She has a fictional realm called "Elia Land" where she is a central figure. (Verbatim: "I'll provide a map to all citizens of elia land at some point...")
2. She enjoys playing chess and considers it a meaningful form of competition. (Verbatim: "no dragon fight yeah the real fights the real fights are the chess ones yeah chess is the real fight")
3. She has a fondness for beans on toast as a lunch food. (Verbatim: "i like to eat beans on toast for lunch it's really yummy")
4. She finds it difficult to stay on schedule due to frequent distractions. (Verbatim: "i just always get heckin distracted i look at one thing for like two seconds and boom like 10 minutes goes past")
5. She has a habit of double-checking button presses to avoid errors. (Verbatim: "I always double check when I press the button to make sure I don't press the wrong button")
6. She is not skilled at making maps due to poor directional sense. (Verbatim: "i'm not very good with directions so i wouldn't trust me with making a map")
7. She uses fan-generated tags to create short-form content from streams. (Verbatim: "i do use them um especially when you do the little symbols as to good moments i literally insta click on them and i'm like heck yeah let's make this a short")
8. She is associated with a fictional lore involving starlings and bananas as sources of power. (Verbatim: "nana's relating to bananas who are the source of elia's power and also have a full kingdom")
9. She identifies with the character archetype of a wizard in her persona. (Verbatim: "it's almost like ellia's early um a wizard")
10. She has a playful, self-aware sense of humor about her own quirks and online presence. (Verbatim: "i can't take credit for erikin because i stole that i stole that from you guys in chat") [end of text]



