1. She used to work an office job with a lunch break. (Verbatim: "one time i went to nando's on my on my lunch break when i used to work like outside disgusting")
2. She identifies as a notorious lurker on other streams. (Verbatim: "I am someone that likes to lurk on streams, and I can't do that here, though, because it's my stream")
3. Her preferred spice level at Nando's is "minus one," also called the "kitty flavor." (Verbatim: "yeah technically minus one is correct... that's my one, that's my one")
4. She finds it difficult to speak up in public when something goes wrong, such as a wrong food order. (Verbatim: "i was confident enough to go sit down in my little office outfit... but not confident enough to go up to someone and ask for help")
5. She has a habit of taking "danger naps" — naps without setting an alarm. (Verbatim: "I just woke up, good morning, and guess what, I had no alarm set, which is what makes it a daydred app")
6. She once had a panic dream about being late to stream, which caused her to wake up in time. (Verbatim: "I was actually having a dream where I was super late to stream... and then somehow translated into me actually waking up")
7. She believes there is no performance during her streams — she is being genuine. (Verbatim: "there's no there's not a performance i think that's the problemo here")
8. She struggles with quiet moments on stream and cringes when watching back past streams with awkward silences. (Verbatim: "there's just quiet and I still happens... and I'll be like but not not not out loud like yeah")
9. She describes her gaming style as a "slow gentle stroller" rather than a speedrunner. (Verbatim: "i am a slow gentle stroller through the taking the uh scenic route")
10. She has previously tidied her room but avoids doing laundry. (Verbatim: "i tidied like um oh my god i tidied i toyed... um lower that bar please um tidying okay like yeah") [end of text]



NO RELEVANT INFORMATION [end of text]



1. She attended university (uni) and used a small laptop during that time. (Verbatim: "so i was at uni and i had this little tiny laptop like a little like you know like the notebook")

2. Her laptop from university was somewhat waterproof. (Verbatim: "i had a laptop and that turned out to be waterproof ish")

3. She has a habit of collecting cola cans, with at least 20 stored in her fridge. (Verbatim: "no i still have um at least 20 cans of cola in my fridge so yeah yeah yeah yeah")

4. She used to drink cola frequently but is now trying to be more health-conscious by drinking water. (Verbatim: "i've actually been drinking um a bottle of water a bottle of water um and then i've got my cola over here but who are you i'm reformed")

5. She has struggled with her sleeping pattern and is trying to fix it. (Verbatim: "i'm trying to fix my sleeping pattern to be honest because i have to wake up early tomorrow")

6. She wants to play through story-driven games like *Detroit: Become Human* and *Nier: Automata* in long streaming sessions. (Verbatim: "i really want to play near near automata i want to just do like a full playing through of that i want to do um a big playthrough of um what's it called detroit become human")

7. She has never played or experienced a piñata, despite asking for one in childhood. (Verbatim: "i've never actually had a pinata or played or was it like hit a pinata or experienced pinata fun")

8. Her parents once refused to get her a piñata because they thought it was not economical. (Verbatim: "apparently um it's not very economic to have a pinata because it's like a one-time use and then it's broken and at least that's what that's what my um that's what my parents said")

9. She is not skilled at competitive fighting games like *Super Smash Bros.* and admits to button-mashing. (Verbatim: "i'm not fantastic at smash not fantastic at smash bros because like you know people that are like super super into it... and i do not know i just button mash and hope for the best")

10. She lost her *Super Smash Bros.* save data because she didn’t transfer it to a new system. (Verbatim: "i lost my smash bros data um because i didn't bother moving over") [end of text]



1. She played League of Legends during her university days. (Verbatim: "i was playing league of legends wow shock horror um and i was there like and then i hear a right not like that it was more like a like this kind of noise")

2. She attended university and lived in student halls with significant issues, including pests and structural problems. (Verbatim: "so i was at uni and i had this little tiny laptop... we also had a bug issue like literal bugs would come out of the wall sockets")

3. Her laptop survived a spill of fizzy lemonade, though the keys remained sticky afterward. (Verbatim: "the leavenage covered the laptop... it was still all the keys were sticky like when you press down on them it's like")

4. She has a father figure referred to as "Papa Elia," who helped her move into university. (Verbatim: "papa elia came with me to help like because you know i can't drive so how else am i getting stuff there")

5. She refuses to share a room and strongly values having her own personal space. (Verbatim: "i don't want i don't want it i was like do you have anything else available... i've always been used to having my own room")

6. She has two brothers who used to share a room while she had her own. (Verbatim: "i grew up with two brothers my two brothers would share a room and i've always i've always been used to having my own room")

7. She identifies as messy and once had a cleaner refuse to clean her room due to the clutter. (Verbatim: "the cleaner complained that she couldn't clean my room because it's too messy and i was straight up like then don't clean it")

8. She did not get her university housing deposit back, despite not being responsible for the damage it was withheld for. (Verbatim: "i didn't get my deposit back for my student halls... they took the deposit for every single student in my hall because one punk wouldn't come forward")

9. She has a nocturnal lifestyle, often staying up late to use her PC. (Verbatim: "how would it work if like i want to yap on my pc at like two three four five a.m and be nocturnal because i really was like super nocturnal")

10. She dislikes the idea of someone vacuuming her room while she is present, finding it awkward. (Verbatim: "you're just there awkwardly while someone's in your room like vacuuming you're just there like oh hello stranger in my place") [end of text]



1. She has been scammed out of a rental deposit before due to false cleaning fees. (Verbatim: "it's not the first time i've been scammed out of a deposit... they took a big chunk out of my deposit")  
2. A stove stain was used as an excuse to withhold part of her deposit, though the next tenant found it unchanged. (Verbatim: "funnily enough my friend moved into that flat... i was like wait this would be so common")  
3. She previously worked a job where she was responsible for sending messages, and she is her own boss. (Verbatim: "talking about work boss just told me to send this... guess who my boss is it's me")  
4. She finds British weather cold and rainy, with strong wind-driven rain making umbrellas impractical. (Verbatim: "it's always windy and rainy... no umbrellas do not last")  
5. British fashion often includes hooded coats due to frequent sideways rain. (Verbatim: "british fashion heavily involves a lot of coats with hoods because that's what we wear")  
6. She enjoys roast dinners and describes the traditional UK "carvery" as a roast buffet with various meats and sides. (Verbatim: "the carvery is like a roast dinner buffet... you can have as many roast dinner sides as you want")  
7. She finds making roast dinners at home very time-consuming and effort-intensive. (Verbatim: "making a roast dinner is so much effort... those take forever to cook")  
8. She likes fried chicken because it is not worth making from scratch at home. (Verbatim: "i'd rather just pay for the fried chicken than go through the effort of home cooking it")  
9. She dislikes overcooked eggs benedict, especially when the yolk is not runny. (Verbatim: "they overcooked the yolk oh so sad... the saddest thing is ordering eggs expecting like runny yolk")  
10. She has cooked Christmas dinner for her family, including doing two separate dinners due to her parents not being on good terms. (Verbatim: "i cooked two last year technically because like i had my mother round... then my dad came round") [end of text]



1. She used to be very short and was frequently picked up and spun around at school, which led to her being dropped and landing on her tailbone. (Verbatim: "i used to be really really short so i used to always get picked up at school like and because they were like t look at this little punk whoa just lift spin and then like this really tall girl picked me up and she hecking dropped me and it hurt... landed on my tailbone")

2. She has never broken a bone despite frequent falls and rough experiences, which she attributes to having put all her "rng stats into irl health rng". (Verbatim: "i'm kind of surprised that yeah i think i put all my rng stats into like irl health rng to be honest because like i've never broken a bone and i've never had any issues")

3. She drinks cola every day and has done so consistently for a long time. (Verbatim: "i drink cola like every hiking day like every day no for real every day")

4. She had a childhood habit of eating large amounts of sugar, including boxes of sugar and drinking golden syrup, but never developed cavities or dental issues. (Verbatim: "i literally used to eat boxes of sugar and drink golden syrup as a kid but i've never had a cavity or i never had any issues with my teeth")

5. She is anemic, but considers it easy to manage. (Verbatim: "i'm anemic yeah but it's also super easy to fix like yeah yeah yeah")

6. She dislikes being lifted or carried, especially in a "princess carry" style, due to a past injury from being dropped. (Verbatim: "now i don't like well not been lifted since but i don't think i'd want to be princess carried like no no no be scary")

7. She associates her fast walking pace with being "aerodynamic" and jokes about being like Sonic or Naruto. (Verbatim: "yeah i'm aerodynamic why do you think i go fast why do you think everyone says i'm a fast walker i got that aerodynamic speed going on okay")

8. She finds Christmas difficult due to family tensions, requiring her to attend two separate dinners with parents who don't get along. (Verbatim: "because they're not in good terms so it was a double it was a double double dinner... christmas day is always difficult")

9. She does not drive, which complicates travel between family members who live far apart. (Verbatim: "i don't drive um so they i'd have to get picked up they live in different areas and reasonably far from each other")

10. She has a preference for cola over other sugary drinks and considers Coke Zero a better option than energy drinks like Red Bull or Monster. (Verbatim: "i don't think coke zero is the worst option though you know i think like if i swapped it for like energy drinks or something yeah like red bull or monster or yeah those are the two main energy drinks right") [end of text]



1. She deeply loves *Pokémon: The First Movie* and carried it everywhere as a child in a small backpack. (Verbatim: "I used to have this backpack as a kid... I could only fit one thing in it Pokémon the first movie so I used to just go around with his backpack Pokémon the first movie in it everywhere I went.")

2. She attended church regularly as a child, primarily due to her grandmother’s influence. (Verbatim: "I think I even brought it to um brought it to church cause like that was like one of the few things I got to do outside... my nan is very religious she is catholic and she's like yeah she's very religious she's the reason i had to go to church every sunday.")

3. Her motivation growing up was heavily fueled by spite toward unfair advantages others had, especially in comparison to her cousin. (Verbatim: "a lot of my motivation was like especially growing up was just spite against the world I'm like screw you life you can't restrict me heck nah... screw you and your advantages i'm gonna i'm gonna i can win.")

4. There was a period of awkward misunderstanding in her family about her VTuber career, with some believing she was involved in adult entertainment. (Verbatim: "there was the wrong idea about what I do for a bit... oh you know she doesn't like telling people um it's like online um it's like stream like to people um... yo ellie is it true is it true what the family's been saying that like you're doing only that.")

5. Her grandmother believes she is the sole creator and CEO behind all VTubers and VTuber technology. (Verbatim: "my nan thinks i'm the creator and almighty ceo of all vtubers all of them the software the art the rigging all of it for every vtuber it was me.")

6. She has a nostalgic fondness for outdated technology such as dial-up internet, Blockbuster, CD players, and floppy disks. (Verbatim: "I miss dial-up internet and blockbusters and a cd player and and floppy disks yay.")

7. She played the Super Nintendo as a very young child, though she recalls mashing buttons without the controller being plugged in. (Verbatim: "definitely didn't just play it as a very very very small child and mush the buttons and the controller probably wasn't plugged in.")

8. She loves the Nintendo GameCube, citing its design, portability, and *The Legend of Zelda: Wind Waker* as reasons. (Verbatim: "love the Gamecube by the way I can love the Gamecube I love the Gamecube... it was just such a cute console I just remember like seeing the little tiny disc and it was just so cute and it was a cube.")

9. She finds the naming convention of Xbox One (not being the first Xbox) illogical and frustrating. (Verbatim: "Xbox one isn't the first one it was just Xbox was it Xbox and then Xbox 360 then Xbox one maybe that makes no sense... it's just absolutely bamboozlement for historians in the future.")

10. She admires the quote from Mewtwo in *Pokémon: The First Movie*: “It is what you do with the gift of life that determines who you are.” (Verbatim: "I see now that the circumstances of one's birth are irrelevant it is what you do with the gift of life that determines who you are such a good quote.") [end of text]



1. She has fond memories of playing GameCube, which she considers portable due to its handle, and particularly loves *The Legend of Zelda: Wind Waker*. (Verbatim: "it was technically portable because it had a handle and it had um it had the legend of zelda wind waker that i adore")

2. She played *Time Splitters 3* with her brothers and enjoyed its map creation feature, noting it was unusual for her since she typically avoids shooter games. (Verbatim: "i remember playing time splitters 3 that was fun... you could like make your own maps and stuff")

3. She does not normally play shooter (pew pew) games and finds them intimidating, especially those with steep learning curves. (Verbatim: "i don't normally play pew pew games you want to know a pew pew game i tried that i suck at")

4. She tried playing *Deadlock*, a third-person MOBA shooter, but found it confusing and intimidating, especially due to voice chat jump scares. (Verbatim: "deadlock intimidates me looks good but like a big learning curve")

5. She dislikes unexpected voice chat in games and prefers to disable it permanently after being startled. (Verbatim: "the jump scare when i heard a voice and i was like who said that so yeah i'm gonna turn that off forever")

6. She attempted *Smite* but did not enjoy it, and never tried *Paragon*, indicating limited engagement with third-person MOBAs. (Verbatim: "i tried smite and i uh didn't i didn't enjoy it as much paragon oh yeah i didn't try paragon")

7. She recalls school experiences, specifically the false claim that rulers were shatterproof, which led to many students breaking them on purpose. (Verbatim: "i remember at school we used to have these shatter resistant rulers and it was such a lie because those things hacking shattered")

8. She mentions skepticism toward "no tears" shampoo, referencing a common childhood belief that it wouldn’t sting eyes, which she considers another lie. (Verbatim: "no tears no tears shampoo i feel like a lot of people had these no tears shampoo and they were like bet")

9. She has nostalgia for *Super Mario 64* and remembers trying to explore hidden areas like jumping into paintings as a child. (Verbatim: "i remember one thing i tried as a kid was trying to get into like um because you know you could jump inside the paintings")

10. She references a character named "chibialia" and considers swapping to her, suggesting an alternate persona or character associated with her content. (Verbatim: "should i swap to chibialia like i haven't seen chibialia for a while but yeah i should make it a a thing") [end of text]



1. She is a British VTuber. (Verbatim: "Um, my name's Elia Stellaria, British VTuber, not a goose!")
2. She identifies as not being a goose, despite possible associations. (Verbatim: "Um, my name's Elia Stellaria, British VTuber, not a goose!")
3. She has the ability to sing and has performed music during streams. (Verbatim: "That was Megalovania, just for you, Panda!")
4. She can switch between different voices during her streams. (Verbatim: "Yes, for those that are new, enjoy the emotional whiplash you will get when I decide to randomly swap between my voices.")
5. She is interested in hosting a cooking stream in the future. (Verbatim: "One day, I'd love to be able to do, like, a cooking stream with you guys.")
6. She knows how to make crème brûlée using a blowtorch. (Verbatim: "We make creme brulee, and then I have, like... I have, like, a blowtorch, and then I caramelize it.")
7. She references Undertale, indicating familiarity with the game or roleplaying as a character from it. (Verbatim: "Yeah. I'm actually sans Undertale in disguise.")
8. She owns a script used to start her streams, suggesting technical preparation for broadcasting. (Verbatim: "i have this script that i run when i need to start stream")
9. She uses channel points and is working on expanding their functionality for viewers. (Verbatim: "oh yeah i'm working on it i forgot i didn't put on um i need to add it to my...")
10. She refers to herself humorously as "bad at the game," indicating self-awareness of her gameplay skill. (Verbatim: "Cause I'm bad at the game.") [end of text]



1. She cannot sing but is actively working on improving. (Verbatim: "Sorry, not proper singing because I can't sing, but I wish I could. I'm working on it.")
2. She struggled with swimming and failed to learn despite five years of lessons. (Verbatim: "When I took five years of swimming lessons and failed to learn how to correctly swim.")
3. She believes her swimming difficulties are not due to a skill issue but the water's fault. (Verbatim: "That's the water's fault, not mine. Absolutely. Not a skill issue at all.")
4. She has a habit of eating snacks while streaming, particularly enjoying a biscuit with chocolate in the middle. (Verbatim: "Yeah, biscuit with chocolate in the middle.")
5. She references having only one life in real life, implying a philosophical or personal reflection on mortality. (Verbatim: "Because if you think about it, IRL, you only get one life.")
6. She draws strength and motivation from anime, friendship, and cringe, citing them as empowering forces. (Verbatim: "With the power of anime, friendship, cringe, weeblish, and these nuts. We can conquer anything that comes our way.")
7. She mentions using her grandpa's deck for card games, indicating a personal connection to Yu-Gi-Oh! or similar games. (Verbatim: "But I used my grandpa's deck!")
8. She expresses frustration with difficult game levels, describing them as "bullying" her. (Verbatim: "Guys! Guys! Guys, this level's bullying me! It's bullying me!")
9. She enjoys pressing buttons in games and finds them satisfying. (Verbatim: "I fucking love buttons")
10. She references the "heart of the cards" and Exodia, showing familiarity with Yu-Gi-Oh! lore and nostalgia for the franchise. (Verbatim: "I believed in the heart of the cards... Yet I couldn't summon Exodia, that's wild!") [end of text]



1. Her full name is Elia Stellaria. (Verbatim: "Elia. Stellaria. Full. Size.")
2. She enjoys playing Mario 64 and finds it joyful. (Verbatim: "it's such a nice game it really does bring me joy every time i play it")
3. She is interested in trying a crowd-controlled playthrough of Mario 64 in the future. (Verbatim: "when i complete it i want to try it again with crowd control")
4. She is a fan of the show Arcane and is excited for its final season in November. (Verbatim: "i like arcane and i'm excited um for the next season the final season november")
5. She has considered playing League of Legends but didn’t do so due to lack of energy. (Verbatim: "if i had energy we'd be playing league of legends right now")
6. She struggles with procrastination, especially regarding chores like laundry and cleaning. (Verbatim: "i gotta do laundry i don't wanna i have no time to do laundry anymore")
7. She often gets distracted while trying to clean, losing focus easily. (Verbatim: "i'll start and then i'll get distracted by like literally the first thing i pick up")
8. She wears a Mario hat during Mario-themed streams. (Verbatim: "i just start wearing my mario hat when i do mario streams and stuff")
9. She refers to herself humorously as a "gremlin punk" but claims she won’t break her arm. (Verbatim: "i'm not that much of a gremlin punk despite the urge to do the complete opposite")
10. She plans to create and upload videos when not streaming. (Verbatim: "yeah give you some videos") [end of text]



1. She once experienced being stood up at a bus stop, waiting for two hours because a new timetable had not been publicly posted. (Verbatim: "I was waiting for this bus and it didn't turn up for like two hours... we have a new timetable that we've not put up yet")

2. She has a British background and references "British rage" when describing her reaction to frustrating situations. (Verbatim: "I sent a strongly worded email in my absolute British rage that I was experiencing")

3. She applied to work at food establishments like Nando's, McDonald's, and KFC but was never hired, despite wanting the employee food discounts. (Verbatim: "I applied to work at nando's and i didn't get it... i've applied for mcdonald's... kfc and i'm like please accept")

4. She has worked a wide variety of jobs, including at a zoo, a florist, a jeweler, a clove shop, and in IT support and software development. (Verbatim: "i've worked at a zoo i've worked in iet i've done first second third line support i've been a software developer i've worked at a florist worked at a jewelers i've worked at a clove shop")

5. She has held up to three jobs at once at certain points in her life. (Verbatim: "there have been times where i've had to work like three jobs at once")

6. She earned a bachelor's degree and later left a job to pursue a master's degree. (Verbatim: "i left to go do a master's degree")

7. She once sent a strongly worded email while upset over a missed bus due to an unannounced schedule change. (Verbatim: "I sent a strongly worded email... the fires of anger burn burn like that of a thousand suns I'm going to quietly and politely send a very strongly worded email")

8. She prefers the pronunciation "pita" over "pitta" when referring to the bread. (Verbatim: "i prefer pita um because i can't un like yeah pita yeah yeah yeah yeah")

9. She has never tried a custard tart called "nata" but is interested in trying it. (Verbatim: "i've never had nata... maybe i could try it we could try it")

10. She used to live in a city in the UK where Nando's had a good employee discount (40% off Monday to Thursday and free drinks). (Verbatim: "in my old city where i used to live... mondays to thursdays you could get 40 off... and then also free drinks") [end of text]



NO RELEVANT INFORMATION [end of text]



1. She earned a master's degree and was valedictorian, topping her class at a prestigious university. (Verbatim: "you were a valedictorian for your master's you were top of your class you know for a prestigious university")

2. She has a background in computer science and artificial intelligence, with academic training in data science, R, SQL, and statistical analysis. (Verbatim: "my background is computer science and ai and it'd be pretty easy to just get an ai to read this all for me")

3. She turned down the opportunity to pursue a PhD after completing her master's degree. (Verbatim: "i didn't want to do a phd because i'd already had the chance and i turned it down")

4. Before becoming a VTuber, she worked as a developer and in data entry, including a temporary job involving handwritten invoices. (Verbatim: "i did that job for a bit and then um i left to go do a master's degree" / "i've done data entry i've done a data entry job")

5. She transitioned to being a full-time VTuber after quitting her developer career, despite having three other job offers at the time. (Verbatim: "i quit to go be a vtuber full time" / "i had three job offers because i was quitting either way")

6. She struggled with the pressure of fulfilling her parents' expectations to have a stable, high-income career. (Verbatim: "i was too busy trying to follow my parents orders of carrying all their hopes and dreams for the family")

7. She values financial security and safety nets, influenced by her parents' advice and her own experience living on a very tight student budget. (Verbatim: "i would have wanted to go into like vtubing and streaming... earlier but i didn't have the courage... because i feel like i always need that kind of backup")

8. As a student, she lived on less than 10 pounds a week and meticulously managed her budget using spreadsheets. (Verbatim: "my budget was wild um i had so many spreadsheets to like make every penny count")

9. She enjoys making spreadsheets and finds joy and mindfulness in organizing data, including using features like conditional formatting and VLOOKUP. (Verbatim: "there is actually a joy to making spreadsheets i don't know if anyone else also finds that fun but it can be kind of fun")

10. She dislikes Microsoft Access and is critical of outdated office practices that rely on paper and manual data entry. (Verbatim: "oh i hate access i'm sorry access microsoft access i'm sorry i'm just not a fan") [end of text]



1. She forgets to eat when she gets too focused on tasks. (Verbatim: "i think it happens a lot to me because i like get too locked in and forget to eat")
2. She takes iron supplements regularly. (Verbatim: "have i had my iron i actually have i've been really on top of it")
3. She used to work at a dog daycare. (Verbatim: "No, because I used to work at a dog daycare")
4. She likes Samoyed dogs and finds them sassy. (Verbatim: "Samoids are such sassy dogs, but I love them")
5. Her puppy is quiet, which she appreciates. (Verbatim: "I'm really thankful my puppy is really quiet")
6. She enjoys the game *Dress to Impress* and played it the previous night. (Verbatim: "I love dress to impress. I was playing last night")
7. *Dress to Impress* was the only game that motivated her to install her Steam blocks. (Verbatim: "The only thing that got me to install my blocks")
8. Her Fortnite username is "cheese caked up". (Verbatim: "It's my Fortnite name too")
9. She refers to herself as a "British youtuber" in jest while customizing her name. (Verbatim: "British youtuber")
10. She values self-care and shared a message of wisdom to "look after yourself". (Verbatim: "my message of wisdom is look after yourself") [end of text]



NO RELEVANT INFORMATION [end of text]



1. She loves the game Final Fantasy XIV (FF14). (Verbatim: "you ever played ff14 you're about exactly yeah i love ff14")
2. She owns a house in Kugane by the ocean in FF14. (Verbatim: "my silly little house in kugani by the ocean so much i wish i could get a house")
3. She got her FF14 house during a special event when many wards opened. (Verbatim: "i got it because they opened a bunch of wards one time and so there was like a ton of empty houses")
4. She plays on a legacy server in FF14, which is always full. (Verbatim: "nice nice yeah depends on the server yeah and a legacy server so it's always full")
5. She is attending TwitchCon virtually but not in person. (Verbatim: "elia are you going are you going to twitchcon na oh god i'm there virtually but no")
6. She was eating mashed potatoes before or during the stream. (Verbatim: "I was eating my mashed potato, but okay.")
7. She dislikes the inverse control scheme in games. (Verbatim: "i hate the inverse it's killing me")
8. She has never played Touhou but references having "years of playing toho" sarcastically. (Verbatim: "good thing i have so many years of playing toho just kidding i've never played")
9. She finds rhythm games challenging, especially with complex key inputs. (Verbatim: "Oh my brain mixed up the W and the R.")
10. She expresses frustration with Nintendo and Microsoft controller layouts. (Verbatim: "I hate Nintendo and Microsoft just having the same keys in slightly different orders.") [end of text]



NO RELEVANT INFORMATION [end of text]



1. Her VTuber persona is a celestial messenger, not a goose, despite being commonly mistaken for one. (Verbatim: "My VTuber is supposed to be a celestial messenger. It's just everyone has called me goose. And now I think people actually think I'm a Goose VTuber.")

2. She has been mistakenly associated with being a "goose" VTuber due to her chat repeatedly using "Goose Raid" during raids. (Verbatim: "Because every time you raided me, Your chat spams Goose Raid. Goose Raid.")

3. She references a past misunderstanding similar to another VTuber (Rima) being mistaken for a horse despite being a fox. (Verbatim: "This is like with Rima's community calling her a horse. I thought she was a horse girl. Until one video she said, 'I'm a fox' and I was like 'You're a fox?'")

4. She plans to interact with or get revenge on someone at TwitchCon, indicating attendance or intention to attend in the future. (Verbatim: "I'm getting you back at TwitchCon. I'm running your pockets at TwitchCon.")

5. She carries peanut M&M's in her pockets, suggesting a personal snack preference or habit. (Verbatim: "My pockets are filled with M&M's. They're the peanut ones.")

6. She mentions having an "emergency M&M related emergency," implying she relies on them for comfort or routine. (Verbatim: "She has an emergency M&M related emergency.")

7. She jokes about being emotionally affected by others taking in-game items, valuing emotional damage over physical gameplay. (Verbatim: "Sometimes emotional damage is stronger than violence.")

8. She expresses frustration with confusing game controls and finds some games unfair. (Verbatim: "The controls are really, like, difficult." / "That game is like so unfair actually.")

9. She claims to be good at the game "roly-poly." (Verbatim: "I'm so good at roly-poly.")

10. She references a shared past event involving betrayal or change in allegiance, using fictional lore: "We were burned in the blossom." (Verbatim: "We were burned in the blossom. And you changed your mind and started winning.") [end of text]



NO RELEVANT INFORMATION [end of text]



