1. She is working on a new VTuber model with a reveal scheduled for debut. (Verbatim: "the reason we are doing a reveal for the model art is because my VTuber Papa will be sharing updates on social media of the rigging process")
2. Her current model is temporary and available for purchase through Nizima and Etsy. (Verbatim: "this is a temporary model that anyone can buy from Nizima, in fact, I'm pretty sure it's on like Etsy as well")
3. The temporary model costs 60 buckaroos, significantly less than a custom commissioned model. (Verbatim: "this is a 60 buckaroo, which is much, much, much, much, much less than the cost of a vtuber model that's like commissioned to, to, um, what you call it, to your design")
4. She has a VTuber Mama who created her model art. (Verbatim: "so yeah yeah yeah um let me see if i can grab my sisters to show you the other work that that they've done")
5. Her VTuber Mama is artist Lulu. (Verbatim: "it's lulu lulu lulu lulu it's lulu lulu lulu lulu this is my vtuber mama is lulu")
6. She has multiple artistic siblings (referred to as "sisters") under her VTuber Mama, all with white hair. (Verbatim: "both of them are twitch um these are two that i could find but yeah we all white hair that's how you can tell we're related")
7. She is nervous before streams, which affects her sleep. (Verbatim: "i was so nervous for today that i just didn't sleep because i'm dumb and i get nervous")
8. She values her community deeply and sees her work as a way to return their support. (Verbatim: "working on this like debut and working on this art has all been sort of my way to thank you for supporting me")
9. She has a strong emotional connection to her fans, describing their support as meaningful to her heart. (Verbatim: "how much you will mean to me... from like the bottom of my heart")
10. She plans to keep her fans updated on the rigging process until her debut, which is expected around July/August. (Verbatim: "they said about until July slash August, so yeah, and it's currently May") [end of text]



1. Her primary motivation is to bring happiness and kindness to others. (Verbatim: "literally all all all i want is to just try and make people happy and i don't think it should get complicated or or any i don't i don't want to deal with anything i just want to i just want to make people happy that's literally it that's all i'm trying to do")
2. She values authenticity over trying to make others sad. (Verbatim: "i'd rather be me than somebody that tries to make other people sad you know it's much better to be the kind person")
3. She prefers to stay true to herself. (Verbatim: "i'll always stay true to myself")
4. She has a preference for Japanese McDonald's. (Verbatim: "i'm looking forward to trying japanese mcdonald's as well japanese mcdonald's would be good")
5. She enjoys chicken burgers but limits her intake due to health concerns. (Verbatim: "but they are yummy though i can't eat too many chicken burgers no too many chicken burgers is bad for me")
6. She is currently hungry and skipped her usual breakfast. (Verbatim: "it's probably because i'm also a little hungry right now because i have not had much of a breakfast")
7. She eats Belvita biscuits as a substitute for a full breakfast. (Verbatim: "i had belvita i have belvita i didn't have my super adult breakfast i didn't have my porridge or oats")
8. She has a specific daily routine: morning stream, lunch, gym, afternoon work, evening stream. (Verbatim: "the way i've laid out my days now is i'll have my morning stream have a lunch go to the gym then do afternoon working on projects and then evening stream")
9. She is not interested in building a "swole" physique, only wants to be toned. (Verbatim: "not swole i'm not looking to get swole i'm looking to get toned")
10. She has a strong emotional connection with her community, calling them the "bestest." (Verbatim: "i really do think i have the bestest community because they're all the bestest and thank you. I love you. I love you. I love you. I love you.") [end of text]



1. She is a celestial messenger who reincarnated on Earth after falling from the sky. (Verbatim: "my lore is i was a celestial messenger that came to earth tripped fell over died reincarnated and now i'm here so yeah yeah hmm")
2. She was reborn in England. (Verbatim: "yeah it's got to be like a proper isekai anime where you get reborn from birth and you're like huh damn i'm british")
3. She has UK size 4 feet. (Verbatim: "my feet my feet really are tiny um i mean i'm a celestial i don't know how does age is the whole argument of does age count if you get reincarnated um because my lore is i was a celestial messenger that came to earth tripped fell over died reincarnated and now i'm here so yeah yeah hmm i don't know how old i am yeah isekai'd by a sky truck")
4. She owns a celestial messenger bag that stores her magic banana. (Verbatim: "it's my um celestial messenger bag where i store my magic banana")
5. She has a bracelet on her hand. (Verbatim: "on this side i actually have a bracelet")
6. She wears a coat that is removable. (Verbatim: "the coat will be removable um so i will show you a form without my coat")
7. She has a bag with a charm on it. (Verbatim: "i want this bag i need this this is a very important bag yeah it's my it's my um celestial messenger bag where i store my magic banana")
8. She has frill frills on her skirt. (Verbatim: "i got the frill frill skirt yeah yeah yeah yeah yeah yeah so yeah i have a coat the coat will be removable um so i will show you a form without my coat")
9. She has suspenders. (Verbatim: "and you can see my skirt and you can see it i have i have my coat around it yeah yeah yeah yeah so yeah don't worry i'll be doing a full zoom in once we reveal all four parts so you'll see that that i've been honored with the slightly squishy thighs like the slightly squishy thighs yeah yeah yeah yeah and i got the frill frills on the skirt and i got the yeah yeah yeah it's it's it's the frill frill skirt")
10. She has a chain that holds her coat up. (Verbatim: "then we've got the coat and then look i have this little like chain that holds holds my coat up") [end of text]



1. She has a magical banana stored in a celestial messenger bag. (Verbatim: "um celestial messenger bag where i store my magic banana")
2. Her character design includes large, retractable wings that can be hidden when not in use. (Verbatim: "the wings as you can see are mahusive so they will be i can retract them i can retract them and then i can bring them back out")
3. She has naturally inward-tilting knees due to weak foot arches. (Verbatim: "um yeah i have i have actual flat feet so well not flat it's more like i messed up my feet and now they just naturally fall inwards because my arches aren't very strong")
4. Her character model features detailed, dynamic chest proportions with no padding. (Verbatim: "yeah yeah it's the chest it's my dynamic chest i'm not small it's not what you mean flat you want me no i'm not cutting board i have to zoom in and show you okay okay")
5. She has long braids that extend down her back. (Verbatim: "we are we are but yeah as you can see i have these big braids big braids that go all the way down")
6. Her character design includes ribbons tied around her hair that get caught in her wings. (Verbatim: "the ribbons the ribbons are actually my hair ribbons that are tied around the back and then they get um they got caught in my in my wings basically")
7. Her model includes a detailed skirt with randomly drawn constellations. (Verbatim: "you can see there's like a little detail on the socks we've got very accurate knees because my knees do go inwards um but yeah so this is very accurate and there's my shiny shiny shoes")
8. She has a bracelet on one wrist and a charm on her bag. (Verbatim: "well yeah but yeah i got a little bracelet and i got a little um i can't see hello um got a little no lunch box bag okay just because it's got food in it doesn't mean doesn't mean anything okay")
9. Her character model includes a side view with visible thigh detail and heels. (Verbatim: "look at that look at that little squishy squish of the thighs yeah yeah yeah yeah little squishy squish and yeah look the skirt has it and it's so pretty yeah yeah yeah yeah yeah what do you mean this goose is about a goose")
10. She is excited about the upcoming eye jiggle animation in her model. (Verbatim: "i've already seen the eye jiggle jiggle um yeah yeah yeah we can stand next to each other to compare but the problem is the wings are my who save wait let me try and grab a form um not the booba jiggle the eye jiggle the eye jiggle is the important jiggle") [end of text]



1. She has a British schoolgirl-style aesthetic in her VTuber model design. (Verbatim: "I wanted a sort of british feel to it so I wanted to go for like british schoolgirl style ish")
2. Her model features two long braids, a frilly skirt, and a bag shaped like a letter. (Verbatim: "I asked for two braids... a frilly skirt... the bag to be in the shape of a letter")
3. She dislikes being exposed at the front and prefers high-neck clothing. (Verbatim: "I'm not a fan of being exposed i like being covered up at the front where the chest is")
4. Her favorite colors are purple and pink. (Verbatim: "purple is my favorite color well no pink is also my favorite color")
5. She has a preference for white-haired anime girls in her aesthetic. (Verbatim: "i like white haired anime girls so yeah")
6. She is excited about detailed eye design and considers eyes her favorite part to draw. (Verbatim: "i really like eyes have always been my favorite part")
7. She has a past experience attending an actual British school. (Verbatim: "but yeah it's my form i got buns i got buns they're pretty much similar size to the buns i have now... i went to an actual british school")
8. Her model includes retractable magic wings that are not fake. (Verbatim: "wings are retractable and yeah so we have versions... they're not fake but yeah they are magic it's like magical girl style")
9. She wants future versions of her model to include a short-haired variant and a ponytail style. (Verbatim: "if you remove the braids you kind of have a short haired version which i thought was pretty cool")
10. She plans to release multiple colored versions of her model, including a Lenoir and Ellenoid variant. (Verbatim: "there will be a ellenoid there will be an ellenoid can confirm... there will be a lenoir um lenoir version") [end of text]



1. She is preparing for a proper VTuber debut in late August. (Verbatim: "I'm looking at end of august that's when I'm prepping all the stuff for so yeah I think of like end of august")
2. Her first debut was a rushed "mini debut" completed in six days with a temporary model. (Verbatim: "the first debut I did with this temporary model was only a mini debut that was something that I like quickly shoved together in literally six days")
3. She considers her initial six-day debut to be "scuffed" and not a true debut. (Verbatim: "I don't know I feel like my six day prep one was like a scuffed thing no")
4. She plans to have a fun debut event with friends and a group name, though the name is being kept secret. (Verbatim: "we're gonna debut together yeah yeah yeah yeah yeah hopefully everyone's models will be ready by then")
5. She has a close relationship with her older brother, who introduced her to VTubers. (Verbatim: "the one that's like already into the one that introduced me to vtubers and stuff")
6. She has a younger brother who is focused on beauty-related interests. (Verbatim: "my little bro's too busy with like um beauty and stuff")
7. She is shy and does not participate in the unofficial community Discord server run by fans. (Verbatim: "mostly because I'm what you call it shy")
8. She has a family of fictional personas including "Papa Elia", "Mama Elia", and "Nana Elia" who use specific emotes. (Verbatim: "papa nana and mama elia um")
9. She finds British sarcasm difficult to interpret, especially in online communication. (Verbatim: "it's so difficult the amount of times I've like maybe it's just like my my instinct for people in england to be so sarcastic")
10. She prefers a kawaii aesthetic for her VTuber character, Elenoir. (Verbatim: "I hope you're okay with the cute look can confirm there are some kawaii expressions amongst these that will be suited for elenoir") [end of text]



1. She has a strong emotional connection to her chat, describing her bond with them as a "down badness and addiction to chat." (Verbatim: "it's my down badness and addiction to chat")
2. She is preparing for a future debut in August, with plans to travel to Japan in July for content creation. (Verbatim: "if my debut is gonna be end of august i think i probably have to go to japan")
3. She intends to create content focused on her first experiences in Japan, including visits to places like maid cafes and Akihabara. (Verbatim: "i'll make sure i have a good internet setup and yeah yeah japanese food mukbang")
4. She plans to learn Japanese during June in preparation for her Japan trip. (Verbatim: "for june june will be me learning japanese")
5. She values having companions during travel and considers bringing a normie friend who enjoys traveling. (Verbatim: "maybe one of my normie friends one of those girls will want to go")
6. She has a dog that shares her living space and whose food she ensures is maintained. (Verbatim: "make sure i still have foods and my dog still has foods")
7. She is particular about her VTuber model, choosing a temporary version with white hair and buns after extensive searching. (Verbatim: "i spent ages looking for a temporary model that had hair buns and white hair")
8. She customized her model by changing the eye color, which she feels significantly altered its appearance despite minimal changes. (Verbatim: "all i did was really change the eye color but it feels like it has such a change")
9. She added wings as an extra asset to her model, which are not part of the original design. (Verbatim: "the wings that i have for this are just an extra asset um that's not part of it")
10. She is aware of and respects the artist behind her model, choosing not to restrict usage to avoid burdening them. (Verbatim: "i'd feel bad on the artist that made it so i'd be like thanks puts it in the bin") [end of text]



1. She has a long-standing preference for braided hairstyles, having worn them consistently during her time in the jungle. (Verbatim: "the hairstyle of having two braids for me is the hairstyle i kept pretty much war for the whole time that i lived in the jungle")
2. She values simplicity in color schemes, particularly favoring single-color designs for easier background matching. (Verbatim: "i thought the simpler the color scheme the easier it is so it's purple")
3. She enjoys detailed eye designs in her VTuber model and finds them visually appealing. (Verbatim: "yeah i like detailed eyes yeah yeah yeah yeah yeah")
4. She is passionate about creating expressive VTuber content and considers it important to be able to convey emotion to her audience. (Verbatim: "i feel like being able to express myself to you all is um important")
5. She has a close relationship with her mother, who sends her glitter-themed gifts on Discord. (Verbatim: "my mama ellia likes to send she loves to send them like glitter gifts like them proper traditional glitter glitter gifts")
6. She is currently training to climb and learning Japanese as part of her personal development. (Verbatim: "i'm doing my training to climb learning japanese etc planning projects walking my dog")
7. She has a strong work ethic and views her creative work as deeply fulfilling, often feeling it doesn't resemble traditional labor. (Verbatim: "it doesn't feel like work because it's something i love doing so much")
8. She has a custom VTuber model with multiple hair color transitions and expressive facial rigging. (Verbatim: "the multiple hair color transitions are things that i do yeah yeah yeah")
9. She has a history of using a temporary VTuber model that included rigging and was available for free. (Verbatim: "you can even get free ones yeah and you can get pngs and yeah for for this temporary one")
10. She believes self-care is an essential part of her work routine and actively maintains it. (Verbatim: "work encompasses the things of taking care of myself as well because i believe you've all said this to me a lot") [end of text]



1. She lived in the jungle for approximately three months. (Verbatim: "um so i lived in the jungle for like three months um like yeah")
2. She wears her hair in two braids as a practical choice for jungle survival. (Verbatim: "so having two braids um is so the hairstyle of having two braids for me is the hairstyle i kept um pretty much war for the whole time that i lived in the jungle")
3. She uses a bucket hat for protection from leeches and sun exposure while in the jungle. (Verbatim: "yeah i had this little bucket hat to protect it was so good because like you never know when the leeches will drop from above")
4. She has a parasol with UV protection that she brought during her jungle stay. (Verbatim: "yeah i actually also had a um a little parasol thing um yeah i had a little parasol thing um yeah")
5. She is highly sensitive to sunlight, with her nose turning red easily. (Verbatim: "the one thing i don't like is my nose goes red in the sun")
6. She has very fair skin that can turn white indoors and tan easily outdoors. (Verbatim: "i can stay inside and i can go really really really white um yeah papa elia is heckin white as heck")
7. She has a small nose that does not stick out much. (Verbatim: "my nose is like like uh i don't know how to describe it i've always had a little one")
8. She values high SPF sunscreen, especially for her face and nose. (Verbatim: "i always make sure i have um i always it's just just like literal rudolph looking style um so i always have to make sure i put um what you call it sun cream on my face")
9. She has a sibling who burns easily even on rainy days in England. (Verbatim: "my little bro has very white skin yeah um like uv is slightly too high you burning like like needs that sp at 50 all the time")
10. She has a brother who tans more easily than she does. (Verbatim: "older brother like tans a bit more and um yeah and then i'm in the middle") [end of text]



1. Her favorite color is purple, which has been a consistent theme in her life from room decor to personal items. (Verbatim: "purple has always been like my color scheme of like everything i've had in life")
2. She chose the name "Elia" to avoid naming herself after a girl named Leah from her school, and the name evolved from combining her preference for "L" sounds with the name "Lila." (Verbatim: "i didn't want to have it named after like like leah's like a name you have in england but it's spelled differently but i didn't want that so then i thought elia")
3. She has a negative memory associated with a girl named Leah from her secondary school years, which influenced her decision to avoid using that name. (Verbatim: "oh gosh oh gosh oh gosh no no no no we're in better time it's a curse well not cursed i i can't you know it's more of a what you call it um oh it's secondary school secondary school is like year seven to year 11 so like 10 to 16. i think ages")
4. She values honesty and emphasizes that she is being truthful when speaking, and she dislikes when others misrepresent her words. (Verbatim: "i know my truths and i do my best to be honest i really do okay okay i i'm an honest person and i am being honest with everything i'm saying right now okay")
5. She believes in kindness as a core principle and strives to make others happy, stating it is her one lifelong wish. (Verbatim: "i've only ever had one wish i've only ever had one wish and that's just to make the people around me happy")
6. She finds competition in life unhealthy and prefers a non-competitive, relaxed approach to living. (Verbatim: "life isn't a competition no no no that's not healthy no no no no no no no")
7. She is inspired by the character Amelia from *Ray Zero*, particularly her aesthetic including a bow, open shoulder, bun, and purple eyes. (Verbatim: "there's a specific gif and i was like oh okay this is the gif and you probably tell where it's from um is amelia from ray zero yeah yeah yeah yeah")
8. She has a strong emotional connection to the idea of expressing herself fully through her VTuber model, especially through subtle facial expressions. (Verbatim: "i want you all to be able to really see all my little expressions yeah so i can be even more myself you know if that makes sense")
9. She has a passion for collecting anime figurines and plans to bring one with her when climbing Mount Fuji. (Verbatim: "i need something big enough to carry all my anime figurines that i'll be getting yeah")
10. She is interested in visiting Japan and plans to use Twitter Spaces during her visit. (Verbatim: "when i'm in japan i'll do that um") [end of text]



