1. She gets motion sickness very easily, especially from rides with immersive movement. (Verbatim: "I get motion sickness very very very very very very very very very very very very easily.")
2. She went to Disneyland (not DisneySea) and experienced motion sickness on the Star Tours ride. (Verbatim: "So I went to Disneyland, not DisneySea.")
3. She has a strong fear of roller coasters, particularly Space Mountain, which made her feel like she was going to die. (Verbatim: "Space Mountain is terrifying. Um, absolutely terrifying. I thought I was going to die.")
4. She prefers going into amusement park rides blind, without prior knowledge, to avoid getting scared beforehand. (Verbatim: "I like to go into rides completely blind.")
5. She has previously played and streamed Minecraft versions of Disney parks. (Verbatim: "As you guys know, I've done Minecraft Disney and Minecraft Disney.")
6. She owns a Blue Yeti microphone and went outside to purchase it. (Verbatim: "I literally went outside and I got a new microphone... I got a heckin' Blue Yeti!")
7. She lives in a place she refers to as "Dock City." (Verbatim: "That's where I live. Yes, yes, yes.")
8. She has a close relationship with someone named Aura, having sat next to her on a ride and reacted by grabbing her arm. (Verbatim: "I sat next to Aura... grabbed her arm and was squeezing her arm.")
9. She once threw away the instructions for her Blue Yeti microphone, causing setup difficulties. (Verbatim: "I threw away the instructions!")
10. She refers to her stomach humorously as "stomach-chan" when managing motion sickness. (Verbatim: "that focus is my Hagen's stomach and making sure stomach-chan does not throw up.") [end of text]



1. She has a professionally diagnosed agoraphobia, which involves fear of external environments where she feels a lack of control, not just crowds. (Verbatim: "I have professionally diagnosed with agoraphobia... it's a fear of being in sort of external environments where you don't have control.")

2. She finds long queues at theme parks extremely difficult, especially when they are outdoors and cold. (Verbatim: "The queues were very long... and it was really cold i was really really really cold i was freezing.")

3. She is terrified of roller coasters with loops and would need someone to hold onto if she ever attempted one. (Verbatim: "I haven't done any roller coasters before with a loop because that's way too scary... i need an arm to squeeze or a hand to squeeze onagai shimasu.")

4. She considers the roller coaster she recently rode (without loops) the scariest ride she has ever been on. (Verbatim: "I would say that's definitely the scariest ride i've been on.")

5. She wants to see the cherry blossoms in Japan and visit arcades to play rhythm and crane games. (Verbatim: "I want to see the cherry blossoms... i want to go to the arcade and play on the music rhythm games and i want to... do more crane games.")

6. She owns a Vaporeon plushie, which she recently purchased, and considered naming it "Vape-chan." (Verbatim: "I bought myself a plushie... it was vaporeon... what would i call it... vape chan.")

7. She purchased a letter-writing stationery set to use for handwritten donor rewards. (Verbatim: "I got a little... letter writing set... so i can write with that and do that.")

8. She is tempted to play League of Legends on Japanese servers but resists the urge to prioritize streaming. (Verbatim: "I'm a bit tempted by the japan servers for playing league of legends... but i chose to have a zancy stream you know with you guys.")

9. She attended the Hodo Hodo Festival, which was her first experience at such an event, and found it exciting but physically draining. (Verbatim: "I went to hodo hodo festival... i've never been to anything like that before so that was also very very exciting but also... standing and walking and moving and queuing... takes a lot of energy.")

10. She extended her stay in Japan beyond her original plans and expresses a desire to stay forever. (Verbatim: "I did extend my stay... why don't i stay in japan forever that would be nice wouldn't it.") [end of text]



1. She finds the word "kawaii" annoying and dislikes it intensely. (Verbatim: "i hate kawaii kawaii kawaii kawaii kawaii kawaii kawaii kawaii kawaii kawaii kawaii")

2. She has a strong interest in crane games and considers herself emotionally attached to them, though she jokes about having an addiction. (Verbatim: "i'm not addicted um i'm not addicted i'm not addicted")

3. She believes she only receives pity wins at crane games when she is alone and embodies the persona of a "sad lonely girl crying at crane games." (Verbatim: "I only get the pity wins though if I'm on my own... sad lonely girl crying at crane games.")

4. She owns a two-meter goose plushie, which she considers significant enough to have impacted her travel plans. (Verbatim: "i should have brought my two meter goose plushie")

5. She owns multiple pajamas, possibly seven pairs, which she collects from hotels during stays. (Verbatim: "i have an insane amount of pajamas um i think i have like seven pairs of pajamas from the hotel")

6. She purchased a Hawaiian shirt as merchandise from an event called "the hollow" and finds it cute but has no clear occasion to wear it. (Verbatim: "I bought they had like a Hawaiian shirt so now I have this Hawaiian shirt")

7. She owns a Blue Yeti microphone for streaming, which she intended to use for future travel due to its USB functionality. (Verbatim: "it's a blue yeti... because it's technically a usb one")

8. She has difficulty navigating outside the hotel and jokes about always getting lost when she leaves. (Verbatim: "i don't go outside and get lost every time i leave this heckin hotel")

9. She finds people walking unpredictably in England frustrating, especially compared to the organized flow of pedestrians in Japan. (Verbatim: "if you try walking down the street in england the chances are the person in front of you is just gonna be like i have decided to stop")

10. She owns a Vaporeon plushie that she uses to snuggle during lonely nights. (Verbatim: "i got myself vaporeon to snuggle i saw vaporeon to snuggle on those loony nights") [end of text]



1. She was chased and killed by an ape during a past rainforest adventure, which led to her becoming an anime girl in a new world (isekai). (Verbatim: "Yeah, I've said this story before. It was during my rainforest adventure, you know? When I lived in the jungle... Do I survive? No. No, I didn't actually make it... So yeah, here I am. I got isekai'd as an anime girl.")

2. She claims to have lived in the jungle at some point in her past. (Verbatim: "It was during my rainforest adventure, you know? When I lived in the jungle.")

3. She has a strong fear of gorillas and considers them scary. (Verbatim: "Gorillas are scary.")

4. She has a recurring interest in crane games and associates them with personal challenges and goals. (Verbatim: "Sad lonely girl dying at crane games, ASMR." / "My Oshii will win the crane games. If I don't, does that mean I'm not?")

5. She struggles with a strong sense of direction and frequently gets lost, even in familiar areas. (Verbatim: "How can I not know the direction to anywhere as soon as I step outside? Why? Why? Why?")

6. She values having good internet access, especially when traveling, to maintain her streaming schedule. (Verbatim: "I didn't want to book a different hotel because this one has really good internet, you know?")

7. She previously streamed twice a day, indicating a past streaming schedule. (Verbatim: "I guess because I'm used to streaming twice a day and having that kind of schedule.")

8. She considers herself to be "Seizo," stating it emphatically as part of her identity. (Verbatim: "I am Seizo though. Like for real though. I actually am. Like for real, for real. I am, I am.")

9. She mentions using a blanket as a comfort item, implying attachment to coziness. (Verbatim: "Do you think friend A already heard about me getting all cozy in my blankie?")

10. She expresses a desire to record ASMR content, particularly related to crane game attempts. (Verbatim: "Maybe I'll try and do some sneaky recording. Yeah, just audio though.") [end of text]



1. She has a tendency to get lost, especially in Japan. (Verbatim: "Why am I always lost? Maybe someone can find me.")
2. She does not trust herself to drive and believes she might accidentally run people over. (Verbatim: "I can't drive! But maybe that's how I accidentally run people over because you really shouldn't trust me to drive.")
3. She associates herself with Eevee, suggesting a personal connection or identification with the Pokémon. (Verbatim: "I'm just Eevee. I'm just a bit Eevee.")
4. She enjoys crane games and has spent a significant amount of money on them, though with little success. (Verbatim: "I spent all my money on crane games and now we're homeless.")
5. She has a fondness for cute things and emphasizes her love for kawaii culture. (Verbatim: "I like cute, cute, cute things.")
6. She dislikes liver and finds the idea of eating it disgusting. (Verbatim: "Ew, liver, gross, what? Eugh, I never want to eat liver again. Ever!")
7. She was introduced to VTubers by someone named Lopey, who remains a significant influence or favorite. (Verbatim: "Annie I was introduced to VTubers by Lopey.")
8. She refers to taking “danger naps,” implying a habit of short, possibly risky sleeps she must wake up from in time. (Verbatim: "I got time for a danger nap. It's our secret.")
9. She owns purple Disney ears, which she wears and considers part of her identity during streams. (Verbatim: "The purple Disney ears are mine!")
10. She jokes about being part of a “cult of the eyes” and worshipping thighs, indicating a recurring humorous lore element in her persona. (Verbatim: "Welcome to the cult of the eyes.") [end of text]



NO RELEVANT INFORMATION [end of text]



