1. She previously worked in retail. (Verbatim: "I remember when I used to work in retail, you do get quite a few customers that are deaf.")
2. While working in retail, she interacted with a deaf customer who could lip-read and communicated using sign language. (Verbatim: "I remember one lady used to always come in... she basically said that she was deaf, but she could lip-read.")
3. She attempted to learn sign language, specifically the sign for "thank you," during her time in retail. (Verbatim: "I remember trying to learn 'thank you', 'thank you'. Oh, you can't see me doing it, I'm signing 'thank you'.")
4. She expresses interest in learning sign language in the future. (Verbatim: "Sign language is definitely on my list to try and learn.")
5. She associates Morse code with Scouting and mentions having participated in Brownies and Girl Guides. (Verbatim: "I used to do like brownies and girl guides.")
6. She has a fear of oversleeping and relies on an internal panic mechanism related to streaming to wake up on time. (Verbatim: "But honestly if I had no stream today, I'd have slept all day.")
7. She enjoys eating Reese's peanut butter cups and finds them very sugary. (Verbatim: "These are so sugary... I love it, I love it.")
8. She has an ankle injury that makes moving difficult, especially on stairs. (Verbatim: "my ankle is borked, but for you guys, I borked it up even harder.")
9. She lives in a house with multiple people and many stairs. (Verbatim: "one of the girls that lives here... this house has so many stairs.")
10. She plans to do a sign language stream in the future when she gets a 3D model. (Verbatim: "But when I get 3D, I hope I can do a stream where we do that.") [end of text]



NO RELEVANT INFORMATION [end of text]



NO RELEVANT INFORMATION [end of text]



NO RELEVANT INFORMATION [end of text]



NO RELEVANT INFORMATION [end of text]



NO RELEVANT INFORMATION [end of text]



1. She is a British VTuber. (Verbatim: "my name is alias delaria british vtuber")

2. Her persona is highly career-oriented, prioritizing her VTubing goals over romance. (Verbatim: "no it's about vtubing it's about vtubing okay like don't have time for other things")

3. She grew up in a household with no romantic or emotional intimacy, which influenced her current views on relationships. (Verbatim: "the example of romance i witnessed was not there um like at all so i guess that probably skews")

4. She simps for cute girl YouTubers and believes in giving compliments to make people happy. (Verbatim: "i simp over cute girl youtubers all the time... it's still spreading positivity and making people happy")

5. She has a desire to build a cozy personal library filled with light novels, manga, and anime figurines. (Verbatim: "i want to make a cute reading library but the library's just full of light novels and manga")

6. She comes from a financially modest household and was discouraged from expressing desires for things. (Verbatim: "i didn't come from a fancy household absolutely not they just didn't want me to want")

7. Her mother is a hoarder who loves owning and buying things, while her father is extremely frugal and critical of consumerism. (Verbatim: "my mother is a hoarder like she loves... owning things... my father is yeah frugal and doesn't really understand why presents even are a thing")

8. Despite her upbringing, she enjoys giving gifts and finds joy in making others happy through thoughtful presents. (Verbatim: "i get really excited like giving people presents i love to research and think it's like an opportunity to try and make someone happy")

9. She relates to career-minded Sims characters and identifies with goal-driven protagonists like in *Chihayafuru*. (Verbatim: "i always found it really fascinating um it's a cute otter cute otter... career-minded aspirations which like yeah are ones that are focused on their career")

10. She finds SOS signaling and Morse code fascinating, indicating an interest in communication systems. (Verbatim: "an important application is signaling help through sos dot dot dot dash dash dot dot dot") [end of text]



1. She has a cat that she used to play with in cardboard boxes. (Verbatim: "i slept in a cardboard box with my cat because like cats really love cats really love cardboard boxes")
2. Her mother used to work at a supermarket and would bring home spare cardboard boxes for the cat to play with. (Verbatim: "my mother worked at a supermarket so they always have spare boxes so she could bring the boxes home")
3. She can sleep almost anywhere, including on the floor or at her desk. (Verbatim: "i can sleep anywhere i can straight up sleep anywhere like yeah floor floor bed")
4. She fell asleep frequently at her desk while coding during her master’s studies, often waking up with keyboard imprints on her face. (Verbatim: "i used to fall asleep on the keyboard while i was coding wake up like these keyboard indents on my face")
5. She owns an iPhone, not an Android phone. (Verbatim: "i have an iphone actually")
6. She previously had zero motivation in life for a long time. (Verbatim: "somebody who had zero motivation in life for a long time")
7. Her basic living standards include a non-moldy place, a working kitchen with hot water, and functional windows. (Verbatim: "living in a place that's not moldy with a working kitchen that has hot water has windows uh like that work as windows")
8. She considers having a comfy bed a luxury, but doesn’t need it. (Verbatim: "comfy bed would be a plus that'd be a luxury that would be a luxury yeah i can sleep on the floor to be honest")
9. She studied coding during her master’s program. (Verbatim: "i used to fall asleep on the keyboard while i was coding")
10. She learned about morse code as an assistive technology for people with disabilities. (Verbatim: "it's considered an assistive technology to help people with disabilities to communicate") [end of text]



1. She previously worked in IT support in an office environment. (Verbatim: "because I was doing IT support when I was like fixing stuff I'd just be like I know how to do this people people people people done")

2. She used to multitask by typing with one hand while eating or drinking, which her coworkers noticed as a sign of her not being fully serious or being tired. (Verbatim: "when I was not serious about my work I'd be typing one hand and when I was serious I'd do the two hands")

3. She has college friends, indicating she attended higher education. (Verbatim: "these are friends from college")

4. She refers to non-online-centric people as "normie friends," suggesting she identifies closely with internet and tech culture. (Verbatim: "i think i've mentioned to you guys before i've got these like i guess you call them normie friends")

5. She finds it baffling that some people don’t use computers much and prefer watching TV or going outside. (Verbatim: "i'm still very confused i'm like what do you do then when you're not when you're at home")

6. She is aware of and comments on outdated technology, expressing surprise at how long some people use old devices. (Verbatim: "she is still using the same laptop she had back in... secondary school... which is wild")

7. She has a sense of humor about old computer games and expresses interest in retro game streams. (Verbatim: "i want to play... mine sweeper and solitaire... retro game stream yeah")

8. She mentions hospitals using extremely outdated computers, showing familiarity with institutional tech limitations. (Verbatim: "computers at hospitals are so ancient like super super super super super hecky ancient")

9. She once had to deal with intrusive online ads during a typing test, indicating past experience with web-based tools. (Verbatim: "how dare thee the scared the heck out of me how dare dude why do i have to watch a whole advert")

10. She explicitly states she is no longer coding, having transitioned fully to being a VTuber. (Verbatim: "i'm a vtuber now i'm a vtuber") [end of text]



1. She is scared of horror elements in video games, particularly the Moon and Majora's Mask from *The Legend of Zelda: Majora's Mask*. (Verbatim: "the moon and majoya's mask scared me that thing was terrifying")
2. Her favorite game is *A Link to the Past*, which she loves but found scary as a child. (Verbatim: "i love a link to the past i want to play that i want to play that so i love that game")
3. She used to get her older brother to play scary parts of games for her when she was younger. (Verbatim: "i would get my brother to play a lot of it though um anything that i found reasonably too scary")
4. She grew up in a household where her parents were passionate about video games and owned all Nintendo consoles. (Verbatim: "they had all the nintendo consoles so and they had we had the room with this crt tv in it")
5. Her family kept an old CRT TV for playing retro games, which looked better on CRT due to scan lines. (Verbatim: "we had an old crt tv for the longest time because my parents are really into um video games")
6. Her parents prioritized buying video games over proper food, indicating financial irresponsibility despite not being poor. (Verbatim: "yo we're gonna eat expired food but i got enough to buy this video game")
7. She is British, as indicated by her reference to a "help i'm british" sign. (Verbatim: "where is it it's actually not on here wait do i also get rid of the help i'm british sign as well")
8. She finds it difficult to accept compliments and struggles with self-worth, especially regarding affection from fans. (Verbatim: "it is very very very very very hard to accept okay i am just thankful enough that anybody even just wants to be my friend")
9. She enjoys napping, especially after eating, and believes rest is important to perform at one's best. (Verbatim: "i'm gonna take a nap i'm going to nap i think um i like and love napping")
10. She has a habit of saving or deleting digital assets based on emotional reactions, such as deleting scary ones. (Verbatim: "i think i deleted it because it scared me") [end of text]



