1. She has a strong work ethic and frequently streams multiple times a day. (Verbatim: "I've gone from social goose to social butterfly. What does that even mean?")
2. She experiences anxiety about disappointing her audience. (Verbatim: "I live in permanent fear of disappointing people.")
3. She enjoys chocolate yogurt and chocolate brownies for breakfast. (Verbatim: "I had a chocolate yogurt and a chocolate brownie and a glass of water.")
4. She has difficulty sleeping and often sleeps in short bursts of 3–4 hours. (Verbatim: "Most of my sleep has been in like three, four hour chunks.")
5. She has a history of technical issues with streaming equipment, specifically an Xbox microphone. (Verbatim: "I was so upset over the xbox mic thing and couldn't get my audio to work.")
6. She values organized content scheduling and uses a dedicated schedule page. (Verbatim: "I really do like the vdata schedule page. I'll link it to you guys.")
7. She creates her own thumbnails and schedules for her streams. (Verbatim: "I made my schedule and then I made all the thumbnails for the week.")
8. She has a habit of working late into the night, sometimes until 3–4 a.m. (Verbatim: "I made my schedule... which I hadn't made in a while. So I do hope they're okay. They're not like, incredible. So yeah, that was like 3-4 a.m.")
9. She is active in a VTuber server and collaborates with other VTubers. (Verbatim: "I'm going to use the server I set up with VTubers and that'll be like a, like a open, open, cool kind of thing for people to come join me.")
10. She has a self-deprecating nickname of "workaholic goose" and "naughty goose." (Verbatim: "workaholic goose naughty goose workaholic though perhaps perhaps yeah yeah") [end of text]



1. She has a middle name of "Stellaria". (Verbatim: "ellie i went satsu stellaria that is my middle name")
2. She enjoys streaming and considers it a major part of her content creation. (Verbatim: "i enjoy streaming like a lot as you can tell from my utter addiction to it")
3. She finds it difficult to perform various British regional accents. (Verbatim: "i can't do brummie i can't do scouse i can't do cockney i can't do yorkshire i can't do mancunian")
4. She speaks with a West Country-influenced accent in her natural voice, which she describes as a "country bumpkin" tone. (Verbatim: "i just do my normal voice um which is this one the occasional farmer slip up kind of one you know kind of country bumpkin pretending to be fancy aggressively west country")
5. She has difficulty with accents and feels she cannot accurately portray certain regional British dialects. (Verbatim: "i find accents very very very very difficult to do like it i've got the rp accent and tonight wait no i don't really know it's just yeah just be myself yeah")
6. She is interested in becoming a voice actor and would like to create a sample reel. (Verbatim: "i would love to be a va artist i would love to be a va like i don't know how to get into it i guess i need to do like a sample reel or something")
7. She has a strong emotional connection to a friend named "friend a" who helped her when she got lost in Japan. (Verbatim: "you guys have to thank friend a that i didn't get lost in japan for forever because i like walked outside the door and would get teleported into another dimension of i'm lost")
8. She has experienced repeated difficulty getting lost, even when prepared with a map. (Verbatim: "i was feeling so awful and so bad about myself because i was like why do i keep getting lost i'm not trying to i'm genuinely don't want to like and i've got my map and i think i'm all prepped and then boom lost every heckin time")
9. She has a fondness for Japanese culture and has expressed a desire to move to Japan. (Verbatim: "i will literally move to japan help me i will literally move i just don't know how")
10. She has lived in student halls in England and used laundrettes during that time. (Verbatim: "one of the student halls i lived in had a had i had to go to the laundrette but it was like not too far but it sucked because you have to like carry your laundry with you") [end of text]



1. She has a tendency to get lost and lead others to dead ends. (Verbatim: "if i ever show anyone around anywhere i will lead them to a dead end and be like oh this isn't the way this is incorrect we must actually that literally happened in that collab i just did")
2. She describes herself as calm and collected under pressure. (Verbatim: "i can deal with high pressure environments and work very well in stressful situations")
3. She is skilled in writing professional documents such as resumes/CVs. (Verbatim: "i can write very corporate i can write i've been told i'm very good at writing cvs or i guess you guys call them resumes")
4. She views life as a game where taking risks leads to growth. (Verbatim: "if life was a game you know just hit myself with those high xp bosses")
5. She has a history of feeling anxious about starting streams. (Verbatim: "i remember first few streams that i did were terrifying like wait not corny or anything like that no i love it okay")
6. She was influenced by her parents' constant talk about regret. (Verbatim: "i had parents that were constantly constantly constantly talking about regret i'm regretting everything")
7. She enjoys taking scary steps outside her comfort zone. (Verbatim: "i always like taking scary steps because you know you have your life right and i don't and like for me i don't want to hold myself back just gotta do it")
8. She has experienced periods of inactivity and self-permission to rest. (Verbatim: "i allow myself to get nothing done okay and what you find is the moment you like remove that guilt")
9. She uses a "system reset" approach by allowing herself to do nothing until boredom motivates action. (Verbatim: "i get so bored i get so so sick and bored um but then then then that converts into motivation to go gets like some kind of change in life")
10. She identifies as an "EB person" (likely meaning "extroverted" or "energetic" personality type, though context is limited). (Verbatim: "i'm an eb person but i hope i can fill my days well enough") [end of text]



1. She went on holiday to Japan. (Verbatim: "I went to Japan. Yeah. I went on holiday.")
2. She experienced family issues during her time in Japan. (Verbatim: "And I had some family issues.")
3. She has a strong emotional connection to Japan and wishes to return permanently. (Verbatim: "She went on holiday and now she wants to go back permanently.")
4. She identifies as a real person, not a bot. (Verbatim: "It's not a bot, it's me. For real. Mood. I'm a real girl.")
5. She is self-aware of being clumsy and often takes unintentional blame for things. (Verbatim: "Nah, it probably is my fault. Usually it's kind of my fault. Not like intentionally, just like unintentionally my fault, probably.")
6. She finds chess mentally exhausting and struggles with it despite understanding the rules. (Verbatim: "It just makes me EB. I feel like I need a lot more practice.")
7. She is working on improving her speed reading skills. (Verbatim: "I'm working on my speed reading skills.")
8. She values kindness and believes revenge is not worth the energy. (Verbatim: "The best revenge is your own success right?")
9. She views internet arguments as futile, comparing them to playing chess with a pigeon. (Verbatim: "Sometimes an argument on the internet is like playing chess with a pigeon.")
10. She has a playful, self-deprecating sense of humor about her own flaws and habits. (Verbatim: "I'm too lazy to be hateful. I'm literally too lazy to be bothered to be angry.") [end of text]



1. She became a VTuber approximately one year before the stream date. (Verbatim: "it's been a year since i became ellie no no not yet not yet like not yet it's soon though i think soon but yeah yeah in april yeah but not second april like middle of yeah middle of april i remember")
2. Her debut preparation took only six days. (Verbatim: "i had six days to prep a mini debut like yeah yeah yeah yeah yeah yeah and then i had my temporary form back then")
3. She experienced significant stress and emotional pain during her debut preparation. (Verbatim: "a lot of crying and a lot of pain yeah yeah i would have made my twitter about six days before")
4. She identifies as a "goose" in her persona, though she clarifies she is not actually a goose. (Verbatim: "i'm not a goose i'm not a goose i'm not a goose i should make a plushie of the characters")
5. She has a strong emotional reaction to the game *Clan AD After Story*, particularly a specific moment involving a child's attachment to a toy. (Verbatim: "there's just one moment in particular that just really hits hard for clan ad after story um yeah for me it was maybe i felt like it maybe hit a bit hard because like uh there was like one line where like uxio is like really sad about not being able to find a toy")
6. She is a professional procrastinator who thrives under pressure. (Verbatim: "i'm a professional procrastinator so you know being a professional procrastinator it really i am truly in my element when i am drowning in pressure yippee")
7. She values emotional connection and comfort in her interactions with fans. (Verbatim: "i'm very relaxing to listen to oh i'm glad i'm glad i could be of some comfort and if i made you smile then i did my goal i did my goal")
8. She has a deep appreciation for her fans' support, especially during her birthday stream. (Verbatim: "i've never had so many birthday wishes in my life like oh yeah mr bob 7370 arigato arigato birthday happy great day have you you confident are shut up and take chat's money and affections we will gaslight you until you are confident")
9. She has a dream of creating a plushie of her character and the characters she interacts with. (Verbatim: "i should make a plushie of the characters yes i want to you have no idea how much i wish i could be hugging the starling and sternana right now irl")
10. She has a strong sense of self-awareness about her own growth and confidence over the past year. (Verbatim: "i've gotten more confident than a year ago yes yes yes yes yes yes yes yes yes yes i didn't exist a year ago nope nope i was dreaming a year ago yep yep yep yep yep") [end of text]



1. She has severe social anxiety. (Verbatim: "i myself am shy" and "i have awful awful social anxiety and whatnot and that's okay")
2. She values kindness and inclusivity in her community. (Verbatim: "be kind and genuinely it like it just it just means the world to me that you guys you guys take that rule so seriously")
3. She feels safe and welcomed in her current community. (Verbatim: "this is honestly the first community i felt safe enough to take part in")
4. She struggled with friendships during school. (Verbatim: "i didn't have friends in school")
5. She is motivated by the desire to create a welcoming space for others who feel isolated. (Verbatim: "i just want anyone else that feels like me or feels worse to still feel welcome")
6. She is currently involved in convention appearances. (Verbatim: "i'm gonna be at Vexa and i'm gonna be at")
7. She is working on expensive creative projects. (Verbatim: "there's a few expensive things in the works")
8. She invests in her streaming setup and content creation. (Verbatim: "i like to invest back into my streaming")
9. She covers songs, including "Paranoia" by Heartsteel. (Verbatim: "i'm putting it back onto my main youtube page so yeah i hope it's okay it's my cover of paranoia by heartsteel")
10. She values the emotional support from her community, especially during her birthday. (Verbatim: "this bday's dream showed that you created many friends the connections you've made the relationship you've built it is not just you but also with us") [end of text]



1. She has a very strange sleeping schedule, going to sleep very late and waking up thinking about her viewers. (Verbatim: "I have a very strange sleeping schedule I go to sleep very late and I wake up thinking about you sweetheart")
2. She is shy and does not participate in the community Discord, despite being aware of it. (Verbatim: "I'm not in it um because I myself am shy")
3. She is planning to visit her grandmother, Nana Elliot, in person, though she acknowledges her grandmother is too old for long trips. (Verbatim: "I'd have to bring myself and my laptop and stuff to her but I can do that")
4. She has a strong emotional reaction to birthday messages, becoming visibly moved and crying during the stream. (Verbatim: "I was definitely absolutely heckin crying broken at that point")
5. She enjoys being silly and embraces her silly nature, stating she will keep being herself. (Verbatim: "I am silly like like yeah and just I'll just keep being me you know")
6. She is working on compiling content for a multi-part series, aiming to complete it with a final part. (Verbatim: "I'll try and collate everything for part four so that the part four is the final part")
7. She has a fondness for cute, non-terrifying goose-themed outfits and is excited about designing one. (Verbatim: "don't expect some kind of terrifying horror like goose thing okay it's gonna be something cute okay")
8. She has a close relationship with her viewers, expressing deep gratitude and emotional connection to their support. (Verbatim: "I'll give back to you guys infinity plus one fold")
9. She is aware of her own imperfection and does not consider herself flawless, though she strives to do her best. (Verbatim: "I'm very far from perfect but I'll try my best")
10. She has a habit of staying awake after streams to avoid disrupting her sleep pattern, though she sometimes fails. (Verbatim: "I tried to stay awake to try and not mess up my sleeping pattern because it was 9 00 a.m and then I passed out very hard") [end of text]



