1. She is half Asian. (Verbatim: "I'm half Asian, so I just need my inner Asian powers and I can play the piano.")
2. She has difficulty playing piano with her left hand. (Verbatim: "My other hand, though, not so much. Like, the other hand, the left hand, bass clef, I struggle, I struggle.")
3. She considers herself a "kazoo lord" and is learning to play the kazoo. (Verbatim: "I'm the kazoo lord of, of, of, of.")
4. She is interested in applying for V-Data Gen 2 with her kazoo skills. (Verbatim: "I need to figure out what tune to do on it. We can do a kazoo stream though.")
5. She has a cat named Ellie. (Verbatim: "i i i i don't know why i'm not a cat to be honest why am i not a cat why did i not make myself a cat girl i wonder i am a discord kid no i'm not i am the owner of discord kittens no way i do have oh i don't know i don't i don't i can know um i'm still not one thousand percent certain what a discord kitten is but maybe that's just because i don't want to believe what a discord kitten is yeah yeah like but can ellie sit on our laps we can pet her while we read a book and play video games is it cozy ellie now ellie now i'm so marina wait let me get cat ears let me let me let's i can do this")
6. She struggles with morning routines and is not a good morning person. (Verbatim: "I'm not a very good morning person i'll be honest okay like if i hear a loud noise i'm like turn it off okay i don't i don't think beyond like what it's for or why there's a loud noise no my only one and only thought in the morning is i gotta make that noise like stop i need to make it stop")
7. She has a habit of setting multiple alarms but often forgets why they're set. (Verbatim: "I had all these alarms set and each alarm kept going off and i'd be like what the heck is no no what is this why have i got so many alarms what what what be gone away no um completely forgetting why why yeah literally being like who who said all these alarms who who was it")
8. She has a strong dislike for being interrupted while not prepared. (Verbatim: "I was like, the panic, the panic, okay, guys, how many of you have experienced the panic of someone at your door, and you are just not ready at all, in the slightest, okay, like, not at all ready, okay, I was in bed, okay, I was in bed, heckin' zonked out, fast asleep, all cozy, cozy, and everything was messy")
9. She enjoys playing video games and has a playful, self-aware attitude toward her own habits. (Verbatim: "I miss you guys I miss you guys I miss you guys so here I am but it's okay because maybe maybe you miss me a little bit maybe maybe i i don't know um i got them uh lonely girl vibes going on")
10. She has a playful, self-deprecating sense of humor about her identity and online persona. (Verbatim: "I don't know why I'm not a cat to be honest why am I not a cat why did I not make myself a cat girl I wonder") [end of text]



1. She creates commissioned artwork, including drawings of trees transformed into kawaii maids. (Verbatim: "we're gonna convert this tree into a kawaii maidu meido-san okay okay okay easy peasy step one")
2. She has a strong emotional connection to her creative work, describing it as coming from her heart. (Verbatim: "this is this is the content i'm currently capable of um yeah so we're going to we're going to to draw to draw this um is this middle middle like this")
3. She references "letters of comfort" as special, heartfelt content she creates when in a good mental state. (Verbatim: "the letters of comfort are not scripted and do come from the heart")
4. She struggles to produce comforting content when she is stressed or in a bad mental state. (Verbatim: "when i myself am in a state of stress and a complete mess then then they don't get released because then i need the letters of comfort")
5. She values emotional authenticity in her art and considers it a deeply personal process. (Verbatim: "it really really really has to come from like like my heart")
6. She uses a unique artistic technique involving aggressive red lines and hand-wiggling for expressive effect. (Verbatim: "i use a really special technique i wiggle my hand so this is this is like we should add some more color")
7. She enjoys adding bold, eye-catching elements like aggressive yellow outlines to her artwork. (Verbatim: "an outline that is an aggressive yellow that hurts the eyes")
8. She has a collection of kazoos, including a one-pound and a ten-pound version, which she uses in her creative process. (Verbatim: "i've got a one pound kazoo and one that's like a 10 pound kazoo")
9. She references a "banana" that has been taunting her, suggesting it holds personal significance. (Verbatim: "this is the banana um that has been taunting me forever so this is it")
10. She has created a personal art style that blends multiple commissions and realities together. (Verbatim: "we shall blend the lines of our realities") [end of text]



1. She has a strong emotional connection to her fans, often expressing gratitude and affection toward them. (Verbatim: "I love you. I love you. Thank you for the sub of four months, so I love you.")
2. She values her fans' support and feels honored by their presence. (Verbatim: "It's an honor to see you.")
3. She has a recurring theme of being "a little selfish" and wanting to spend time with her fans, even during emotional moments. (Verbatim: "For today, let me be a little selfish and have my little sad moment.")
4. She has a deep attachment to her fan-created art and commissions, referring to them as meaningful. (Verbatim: "I never feel more at home than drawing your zatsus.")
5. She has a specific emotional response to being recognized as a phone wallpaper, which she finds touching. (Verbatim: "Yeah, I'm honored to be your phone wallpaper.")
6. She references a fictional or symbolic "goose" as a metaphor for arrival and presence, suggesting it holds personal significance. (Verbatim: "For Elia, a goose is never late nor early. They arrive precisely when the honk commands it.")
7. She has a habit of streaming daily, even when exhausted, to maintain connection with her audience. (Verbatim: "I stream every day all day every day solutions.")
8. She has a strong emotional reaction to being away from her fans, feeling the need to make up for time lost. (Verbatim: "I feel like I need to be extra extra extra extra daddy daddy to make up for it.")
9. She has a playful, affectionate relationship with her fans, often using pet-like terms such as "good girl" and "punky." (Verbatim: "Who's the good girl who's been working so hard? It's you!")
10. She has a deep emotional bond with her fans, describing them as irreplaceable. (Verbatim: "Replacement's not an option it's so scary though...") [end of text]



 [end of text]



1. She has a distinctive brain that enables her to sustain long, entertaining streams. (Verbatim: "I may not be fantastic at art or anything like that / But I have a strange brain / So I can offer the... that")
2. Her content revolves around chaotic, imaginative concepts like "lemon trains" that carry life lessons. (Verbatim: "the trains that you get that carry the lemons for your maths problems / anything in life it comes from the lemon train")
3. She views her streams as a way to make people happy, which is her core goal as a VTuber. (Verbatim: "my goal is a VTuber / Always has been always will be is to just make people happy")
4. She has a recurring habit of apologizing for sneezing, influenced by her father's criticism. (Verbatim: "My Papa Elliot would always tell me off for my sneezes being / Weak, you know, weak, weak")
5. She references a childhood memory involving a contaminated kazoo that she once sneezed on. (Verbatim: "It was disgusting / Yeah, yeah, thank you / You're a zatsu streamer and a variety person")
6. She identifies with the concept of being a "goose" in a metaphorical, affectionate way from her fans. (Verbatim: "When you guys were calling me a goose / Is that what- that's not what you were calling me")
7. She has a close relationship with her father, who she refers to as "Papa Elliot." (Verbatim: "My Papa Elliot would always tell me off for my sneezes being / Weak, you know, weak, weak")
8. She humorously claims her father had a "manly sneeze" that could be heard from a block away. (Verbatim: "When the power of a father's sneeze can be heard from a block away / Yo, yeah, I think that's the kind of manly sneeze")
9. She has a strong emotional connection to her audience, often expressing deep gratitude and affection. (Verbatim: "Wow, I love you / I love you / Thank you")
10. She believes her ability to entertain stems from her unique mental processes and imagination. (Verbatim: "Is it because of my trains? / I think my lemon trains really help") [end of text]



1. She has a habit of streaming all day every day and is addicted to streaming. (Verbatim: "I'm addicted to streaming so I stream all day every day")
2. She experiences "sad girl" moods and acknowledges that it's okay to feel sad sometimes. (Verbatim: "I'm in sad girl mode today indeed aren't i oh dear")
3. She dislikes toxic positivity and believes it's valid to feel sadness. (Verbatim: "there's no toxic positivity here there isn't and thus we must be sad sometimes")
4. She humorously refers to herself as needing a maid and owns a maid outfit, though she can't find it. (Verbatim: "do i have a maid outfit yes i do i don't know where it is though")
5. She has a messy living environment and considers dressing as a maid to motivate herself to clean. (Verbatim: "i'm sat in a heckin messy flat that i really should maybe if i dress up as a maid it'll encourage me to tidy this better")
6. She enjoys spending money on snacks and jokingly refers to her fans as her "beautiful wife" in a playful, affectionate way. (Verbatim: "waste money on snacks well you're the hottest snack that's not what i said")
7. She has a recurring phrase "I'm just coping" to describe her emotional state. (Verbatim: "i'm just coping i'm just coping i'm just coping i'm coping")
8. She values authenticity over forced happiness and appreciates when her fans accept her genuine, vulnerable moments. (Verbatim: "we don't find you being sad girl in fact we prefer that to overacting happy")
9. She has a strong emotional connection with her audience, often expressing love and gratitude toward them. (Verbatim: "I love you and to my daughter.")
10. She refers to her fans with affectionate nicknames like "my beautiful chosen and beautiful wife" and "my delaria." (Verbatim: "so i guess i should spend it on you my beautiful chosen and beautiful wife") [end of text]



1. She identifies as a cat, not a goose. (Verbatim: "like wait what's a young goose i'm not a goose i'm i'm a cat yeah yeah yeah")
2. She has a strong aversion to being placed in a banana. (Verbatim: "don't you heckin put me in a banana mate like i don't want to be in a banana")
3. She believes bananas are cats in disguise. (Verbatim: "what i discovered after many years of research the bananas see bananas they're just cats in in bananas")
4. She has a habit of shaking her leg, possibly indicating restless leg syndrome. (Verbatim: "like does anyone else have restless i think it's called restless leg syndrome is that is that right")
5. She has a personal connection to the "banana" concept, referencing it as a recurring theme in her content. (Verbatim: "banana was like this um like a short like a anime but like one of those short ones like super short")
6. She humorously refers to herself as a "celestial messenger" with magical powers. (Verbatim: "i'm a celestial messenger which means i have celestial magical powers not a goose because geese don't have magical magical powers celestials do and that's what i have because i'm i'm i that that that's me")
7. She has a microphone with a banana hanging from it, which she finds cute and happy-making. (Verbatim: "i actually have a little banana hanging from my microphone it's so cute it makes me happy it makes me happy")
8. She is working on multiple projects simultaneously, including sponsored content and recordings. (Verbatim: "how many projects am i working on um a lot a lot but i'm getting some of it done")
9. She has a recurring interest in 3D avatar development, expressing desire to show hand actions. (Verbatim: "when i get my 3d you guys will be able to see the hand actions that are going on like my arms are all over the heck in place")
10. She has a fondness for kawaii aesthetics, particularly in short anime-style content. (Verbatim: "kawaii i just opened up my downloads folder i've also got just cat react images") [end of text]



1. She is a British VTuber. (Verbatim: "I am British he he he he he")
2. She has a master's degree in AI and computer science. (Verbatim: "my master's degree was in AI and computer science")
3. She was originally planning to pursue a PhD in AI. (Verbatim: "I was supposed to go on to do a PhD")
4. She previously worked on AI development projects. (Verbatim: "it was AI and computer science and that was my master's degree and I was supposed to go on to do a PhD")
5. She finds stress management easier due to her academic background. (Verbatim: "it's okay it's like relative it's relatively bringing bringing my my tolerance of of stress")
6. She identifies as a celestial messenger in her persona. (Verbatim: "I'm normally a celestial messenger")
7. She wears cat ears as part of her VTuber persona. (Verbatim: "I'm currently wearing cat ears but I am normally a celestial messenger")
8. She has a fondness for kazoo-based antics during streams. (Verbatim: "I have a kazoo for this")
9. She finds wide smiles in emotes unsettling. (Verbatim: "it scares me like no no i don't i don't like it um it it it scares me i don't know why it's got a strange smile and it's just so wide")
10. She believes British people tend to conceal emotions. (Verbatim: "the trick with British people is that we just we just we just conceal don't feel") [end of text]



1. She is British. (Verbatim: "I'm not I'm not the greatest with expressing myself I guess and I feel like I should be more expressive with just how much you guys mean to me like for real cuz I want to make sure you guys know that you guys you guys know that like right you guys know that right you guys know that like right you guys know that right you guys know that right you guys know that right you guys know that right you guys know that right you guys know that right you guys know that right you guys know that right you guys know that right you guys know that right you guys know that right you guys know that right you guys know that right you guys know that right you guys know that right you guys know that right you guys know that right you guys know that right you guys know that right you guys know that right you guys know that right you guys know that right you guys know that right you guys know that right you guys know that right you guys know that right you guys know that right you guys know that right you guys know that right you guys know that right you guys know that right you guys know that right you guys know that right you guys know that right you guys know that right you guys know that right you guys know that right you guys know that right you guys know that right you guys know that right you guys know that right you guys know that right you guys know that right you guys know that right you guys know that right you guys know that right you guys know that right you guys know that right you guys know that right you guys know that right you guys know that right you guys know that right you guys know that right you guys know that right you guys know that right you guys know that right you guys know that right you guys know that right you guys know that right you guys know that right you guys know that right you guys know that right you guys know that right you guys know that right you guys know that right you guys know that right you guys know that right you guys know that right you guys know that right you guys know that right you guys know that right you guys know that right you guys know that right you guys know that right you guys know that right you guys know that right you guys know that right you guys know that right you guys know that right you guys know that right you guys know that right you guys know that right you guys know that right you guys know that right you guys know that right you guys know that right you guys know that right you guys know that right you guys know that right you guys know that right you guys know that right you guys know that right you guys know that right you guys know that right you guys know that right you guys know that right you guys know that right you guys know that right you guys know that right you guys know that right you guys know that right you guys know that right you guys know that right you guys know that right you guys know that right you guys know that right you guys know that right you guys know that right you guys know that right you guys know that right you guys know that right you guys know that right you guys know that right you guys know that right you guys know that right you guys know that right you guys know that right you guys know that right you guys know that right you guys know that right you guys know that right you guys know that right you guys know that right you guys know that right you guys know that right you guys know that right you guys know that right you guys know that right you guys know that right you guys know that right you guys know that right you guys know that right you guys know that right you guys know that right you guys know that right you guys know that right you guys know that right you guys know that right you guys know that right you guys know that right you guys know that right you guys know that right you guys know that right you guys know that right you guys know that right you guys know that right you guys know that right you guys know that right you guys know that right you guys know that right you guys know that right you guys know that right you guys know that right you guys know that right you guys know that right you guys know that right you guys know that right you guys know that right you guys know that right you guys know that right you guys know that right you guys know that right you guys know that right you guys know that right you guys know that right you guys know that right you guys know that right you guys know that right you guys know that right you guys know that right you guys know that right you guys know that right you guys know that right you guys know that right you guys know that right you guys know that right you guys know that right you guys know that right you guys know that right you guys know that right you guys know that right you guys know that right you guys know that right you guys know that right you guys know that right you guys know that right you guys know that right you guys know that right you guys know that right you guys know that right you guys know that right you guys know that right you guys know that right you guys know that right you guys know that right you guys know that right you guys know that right you guys know that right you guys know that right you guys know that right you guys know that right you guys know that right you guys know that right you guys know that right you guys know that right you guys know that right you guys know that right you guys know that right you guys know that right you guys know that right you guys know that right you guys know that right you guys know that right you guys know that right you guys know that right you guys know that right you guys know that right you guys know that right you guys know that right you guys know that right you guys know that right you guys know that right you guys know that right you guys know that right you guys know that right you guys know that right you guys know that right you guys know that right you guys know that right you guys know that right you guys know that right you guys know that right you guys know that right you guys know that right you guys know that right you guys know that right you guys know that right you guys know that right you guys know that right you guys know that right you guys know that right you guys know that right you guys know that right you guys know that right you guys know that right you guys know that right you guys know that right you guys know that right you guys know that right you guys know that right you guys know that right you guys know that right you guys know that right you guys know that right you guys know that right you guys know that right you guys know that right you guys know that right you guys know that right you guys know that right you guys know that right you guys know that right you guys know that right you guys know that right you guys know that right you guys know that right you guys know that right you guys know that right you guys know that right you guys know that right you guys know that right you guys know that right you guys know that right you guys know that right you guys know that right you guys know that right you guys know that right you guys know that right you guys know that right you guys know that right you guys know that right you guys know that right you guys know that right you guys know that right you guys know that right you guys know that right you guys know that right you guys know that right you guys know that right you guys know that right you guys know that right you guys know that right you guys know that right you guys know that right you guys know that right you guys know that right you guys know that right you guys know that right you guys know that right you guys know that right you guys know that right you guys know that right you guys know that right you guys know that right you guys know that right you guys know that right you guys know that right you guys know that right you guys know that right you guys know that right you guys know that right you guys know that right you guys know that right you guys know that right you guys know that right you guys know that right you guys know that right you guys know that right you guys know that right you guys know that right you guys know that right you guys know that right you guys know that right you guys know that right you guys know that right you guys know that right you guys know that right you guys know that right you guys know that right you guys know that right you guys know that right you guys know that right you guys know that right you guys know that right you guys know that right you guys know that right you guys know that right you guys know that right you guys know that right you guys know that right you guys know that right you guys know that right you guys know that right you guys know that right you guys know that right you guys know that right you guys know that right you guys know that right you guys know that right you guys know that right you guys know that right you guys know that right you guys know that right you guys know that right you guys know that right you guys know that right you guys know that right you guys know that right you guys know that right you guys know that right you guys know that right you guys know that right you guys know that right you guys know that right you guys know that right you guys know that right you guys know that right you guys know that right you guys know that right you guys know that right you guys know that right you guys know that right you guys know that right you guys know that right you guys know that right you guys know that right you guys know that right you guys know that right you guys know that right you guys know that right you guys know that right you guys know that right you guys know that right you guys know that right you guys know that right you guys know that right you guys know that right you guys know that right you guys know that right you guys know that right you guys know that right you guys know that right you guys know that right you guys know that right you guys know that right you guys know that


1. She has cat ears as part of her VTuber persona. (Verbatim: "thus i am here with cat ears reading raw x3 nuzzles to you guys jouto my mates")
2. She enjoys discussing neurological case studies and finds them fascinating. (Verbatim: "i would just love to chat about them like one of them is about like how basically the man who mistook his wife for a hat...")
3. She has difficulty recognizing faces despite being able to see them. (Verbatim: "i can't picture faces i can't remember faces i can see faces but i can't really really really like register them properly if that makes sense")
4. She has no mental visualization of objects or people in her mind. (Verbatim: "i have no mental visualization at all what yo i've heard that that yeah people have different like levels of mental visualization")
5. She is interested in the book *The Man Who Mistook His Wife for a Hat*. (Verbatim: "there's a book i really like called the man who mistook his wife for a hat and it covers like all these really interesting cases")
6. She once considered studying medicine but changed her mind. (Verbatim: "i almost went to medical school almost and then changed my mind so i think that's close enough to be qualified right")
7. She finds cringe humor entertaining and embraces it as part of her persona. (Verbatim: "cute wholesome cringe can we add the word wholesome to it does that make it okay")
8. She has a self-deprecating sense of humor about her own awkwardness and cringe. (Verbatim: "i'm so embarrassed i'm so embarrassed yo yo do you guys have regret no regret my only regret is we didn't get gritty goose")
9. She has a strong aversion to being "pew-pewed" or targeted with aggressive humor. (Verbatim: "don't pew pew me don't pew pew me don't pew pew me yeah don't do that don't don't it might hurt might hurt i don't know i've never been pew pewed and i would never like to be but i can only imagine it hurts like a lot")
10. She has a fascination with the idea of a "free lobotomy" as a joke, referencing her lack of medical training. (Verbatim: "i am not trained in the slightest but don't worry you're in very very very dangerous hands wait you want to sign up for that free lobotomy") [end of text]



1. She created a visual representation of her mind as a series of trains of thought. (Verbatim: "this is the brain of ellia and then and then i really want to add in um this wait a second i got you")
2. She identifies with the concept of "life is difficult" and uses a lemon as a symbolic representation. (Verbatim: "life is difficult oh gosh it's so hard to write with a mouse difficult difficult lemon lemon")
3. She has a signature style that includes a kawaii aesthetic and uses Comic Sans font. (Verbatim: "i need to get change of this again tree yo yeah i got it heck yeah nice it's in the face")
4. She is capable of creating digital art and considers herself a pro artist. (Verbatim: "i'm a pro artist yeah yeah um let me see what i've got")
5. She is open to taking commissions for visualizing inner thoughts as art. (Verbatim: "you just gotta just it's it's art it's it's a new form of art but it's it's art um yeah it's good I think maybe um how much how much do you think I should charge yo")
6. She views her art as a new form of expression called "inner thought art." (Verbatim: "this is the direction of art in the future to be honest because with AI art it's like you need like you know we need new forms this is the new form inner thoughts inner thought art")
7. She has a playful, self-aware relationship with her own mental processes, likening her thoughts to trains. (Verbatim: "we have all these trains of thoughts and everything's on fire and this is the brain of ellia")
8. She humorously references her name being tied to Skittles, indicating a personal connection to the candy. (Verbatim: "are you ready i need this is this is this is this is a bag of skittles um because that is your name i got this okay and it's it's open")
9. She experiences headaches from prolonged screen use and mental exertion. (Verbatim: "my head hurts from all the ew and the car and the xt")
10. She drinks water regularly and keeps a bottle on her lap during streams. (Verbatim: "i'm thirsty but in a I need to be hydrated kind of way not in any other way um right wait just because you guys said thirsty can be used for another term") [end of text]



1. She is skilled in graphic design and creates art commissions. (Verbatim: "graphic design is my passion")
2. She has created art commissions for fans, including custom illustrations with personalized elements. (Verbatim: "I'm open to commissions all night yo I got I'm fresh out the heckin woodwork making art like there's no tomorrow")
3. She enjoys creating art with whimsical and surreal elements like vines, butterflies, and hammocks. (Verbatim: "aesthetics involve a vine and more vines and and more vines yeah and actually this is DNA yep cuz because because it's our it's our it's our DNA")
4. She references a fictional experience of visiting a jungle for three months and finding a shop in a plantation site. (Verbatim: "when I went to the jungle went to the jungle for three months we went and we found it was near a um near a plantation site")
5. She recalls crying from happiness after eating crisps and cola during a trip to a remote shop. (Verbatim: "like like yeah yeah yeah yeah yeah yeah like i got crisps and cola and then i cried because i was so happy")
6. She has a fondness for Skittles, particularly the blue variety, and associates them with creative solutions. (Verbatim: "we're gonna get blue one next um yeah there we go it's it's it's blue")
7. She identifies as a "chill person" with a heart "as big as the grassy fields of banana republic." (Verbatim: "ellie is saying i'm a chill person has a heart as big as the grassy fields of banana republic")
8. She uses tarot readings as inspiration for her art, interpreting names and creating psychic-like interpretations. (Verbatim: "these are like extensions of tarot readings i just get given your name and then i art and you can interpret it however you like in a way that makes it seem like i am psychic")
9. She has a signature style in her artwork, which she emphasizes by making it prominent. (Verbatim: "my signature is going to be bigger than you")
10. She values high-quality, reliable art commissions and believes her work exceeds expectations. (Verbatim: "these commissions are the best conditions reliable quality every time so far 100 100 satisfaction rate really 11 out of 10 for realsies") [end of text]



1. She is a British VTuber. (Verbatim: "Hi I'm Elia Stellaria British VTuber")
2. She identifies as an artist. (Verbatim: "Artist Extraordinaire")
3. She creates digital art and has received commissions. (Verbatim: "Then I started getting commissions because I'm a really good artist")
4. Her artistic journey began with a piece titled "The Brain of Elia, where it all began." (Verbatim: "We have this piece called The Brain of Elia, where it all began")
5. She enjoys creating art that is intentionally cringe. (Verbatim: "I'm really trying to master cringe but luckily cringe runs through my veins")
6. She has a habit of using the phrase "yo" frequently in her speech. (Verbatim: "yo")
7. She has a strong affinity for kawaii aesthetics. (Verbatim: "Is it not kawaii? Is it not cute enough?")
8. She is capable of using advanced digital art techniques like warping, rotating, and layering. (Verbatim: "I have decided to shrink it, rotate it and warp it and free transform it")
9. She values the creative process and trusts it even when results are imperfect. (Verbatim: "Trust the process")
10. She has a self-aware, humorous view of her own art as being cursed but capable of becoming cute. (Verbatim: "sometimes you gotta go so cursed it becomes uncursed") [end of text]



1. She is a British VTuber. (Verbatim: "yeah i am british vtuber elia stonelaria")
2. She identifies as both a cat and an artist. (Verbatim: "today i am both a cat and an artist")
3. She has a talent for moving her eyebrows individually. (Verbatim: "i wish i wish you could see it wait what you mean getting ready got the four holes and four kazoos what you mean there's only the two nostrils and the mouth i don't think i can make any sound if i shove it in one of my ears like that's not gonna work you know yeah these eyebrows be moving baby moving also good night sadly also good night")
4. She creates digital art commissions. (Verbatim: "i can do some art for i can add hades to the pippa image but yeah i can i'm yeah i am british vtuber elia stonelaria let me show you my art")
5. She has a unique artistic ability called "fusion" to combine multiple commissions into one piece. (Verbatim: "it's called fusion because i'm going to fuse them so here they are and we're gonna step one oh oh oh that didn't work")
6. She claims to have special powers that allow her to create art quickly. (Verbatim: "but i have special powers like really special powers so first we have this yeah and then and then we just do this")
7. She uses kazoos as part of her performance and has two kazoos. (Verbatim: "i have two kazoos guys i have two kazoos i broke one how is this gonna work can we do this is this do I do it okay am I am I gonna put two kazoos in my nose right now")
8. She has a signature style that includes sparkles and stars in her artwork. (Verbatim: "i made it cute because i added these stars and all these sparkles and it says your name and and and and and and and it's it's got you in it")
9. She refers to her art as having multiple layers and being both visually and aurally pleasing. (Verbatim: "this art has multiple layers because you don't just get the art piece you also get yeah something like that um it's a multi-layered piece that involves both both both a pleasing to your ear and to your eyes yay")
10. She has a self-described artistic vision that is sometimes too large for conventional methods. (Verbatim: "i have a really big artistic vision and sometimes it's just too big so so um i'm going to") [end of text]



