1. She is a British VTuber. (Verbatim: "My name is Elia Stellaria. I'm a British VTuber.")
2. She is currently in America but plans to return to England soon. (Verbatim: "I'm currently in America, but I come back to England this week.")
3. She has a habit of oversleeping and struggling to wake up fully. (Verbatim: "I've literally just woken up." and "I feel like I woke up a lot in the night.")
4. She enjoys iced coffee and cheesecake as breakfast items. (Verbatim: "I've ordered some iced coffee" and "my breakfast is it is cheesecake.")
5. She visited The Cheesecake Factory for the first time in America. (Verbatim: "I went to the cheesecake factory for the first time ever.")
6. She finds the Cheesecake Factory menu extremely large and compares it to a novel. (Verbatim: "their menu their menu is a novel like a straight up novel.")
7. She humorously refers to the Cheesecake Factory menu as the "bible of cheesecake." (Verbatim: "the bible of cheesecake what did you miss the bible of cheesecake")
8. She is fascinated by the high calorie count of individual cheesecake slices. (Verbatim: "I can't get over the calories of these cheesecakes okay like like look at it it's actually wild")
9. She has a playful, self-aware sense of humor about her on-stream persona. (Verbatim: "I don't want to be an auntie though like that makes me sound old")
10. She has a close relationship with her friend who brought her food during the stream. (Verbatim: "she brought up the cheesecake she brought up the cheesecake and the iced coffee") [end of text]



1. She has a brother who sent her nostalgic childhood game memories. (Verbatim: "my brother sent me some like pictures and was like do you remember like these games we had as a kid")
2. She played knockoff Disney games on PlayStation One as a child. (Verbatim: "it was like these knockoff disney games um what was it called um what was it was like it was literally like um it was on playstation playstation one")
3. She recalls playing a series of legally distinct Disney ripoff games, including titles like "Lion and the King" and "Lord of the Jungle". (Verbatim: "here's one i found one i found another one you've heard of 101 dalmatians well here's the dalmatians definitely not 101 dalmatians")
4. She finds nostalgia in old, low-quality Disney-style ripoff games from her childhood. (Verbatim: "i love my legally distinct ripoff games they're so they're so legally distinct heck yeah just a handful of top there's only like six in this one")
5. She struggles with remembering specific details about her childhood games, indicating she was younger when she played them. (Verbatim: "i don't remember fully because like this is from my older brother so he remembers it better because i was obviously younger")
6. She is currently rusty at playing Teamfight Tactics and plans to study or get coaching to improve. (Verbatim: "i'm so rusty i'm so rusty it hurts like maybe i can get some coaching because it does say you can get coaching")
7. She is considering using copyright-free music, such as anime lo-fi, for her streams. (Verbatim: "i will find some copyright free music and we can vibe and chill um as long as you're okay with that")
8. She is aware of YouTube's stricter copyright policies compared to Twitch, which affects her streaming choices. (Verbatim: "youtube doesn't have that option like which is painful because i want to stream on youtube but i don't want to get heckin dmca'd")
9. She references "c'est la vie" and "copium" as personal catchphrases reflecting her attitude toward life's hardships. (Verbatim: "c'est la vie c'est la vie is my top level copium")
10. She has a habit of using French phrases like "c'est la vie" and English phrases like "it is what it is" to express resignation. (Verbatim: "it is what it is guys it is what it is when I hear someone say that I'm like damn they've been through it") [end of text]



1. She is working on improving her rap skills and considers herself a beginner. (Verbatim: "when it comes to rap i'm still very beginner but also it's definitely i feel like mori calliope's rap is difficult to get the hang of")
2. She has not received formal training in rap and feels there is more to it than she realizes. (Verbatim: "i've never actually been taught i've not had any proper lessons regarding how to rap actually there's probably more to it than i realized so")
3. She has covered the song "Q" and found the first verse particularly difficult. (Verbatim: "i covered q i have i covered it yeah wait here you go here you go here you go")
4. She struggles to understand the meaning of certain lyrics in the song "Q", particularly the line "go around the honor's all mine". (Verbatim: "what does it mean and then i the next bit's fine because it's like no place to run don't you ever hide and i'm on the seat down is on your knees at my side like that i can make sense but i really really struggled with with that")
5. She enjoys reading the book *Go the F to Sleep* and plans to record herself reading it upon returning to England. (Verbatim: "when I go back to England I have a book waiting for me to read you all let me show you um because it's been a while but this book it better have arrived if it's not I'm just gonna have to order it and just like um I don't know but this is the book I'll be reading to you guys um here you go this is the book this is this is the book go the f to sleep I'll be reading this yay a classic")
6. She finds fast-paced rapping challenging, especially maintaining rhythm and clarity. (Verbatim: "it's hard it's hard speaking fast is hard yeah but the second verse the second verse was nice like but it had a swear word in it so I was like yeah babe yeah babe I gotta swear for my my say so card")
7. She has a habit of covering songs with swear words and is aware of her content becoming PG-13. (Verbatim: "my last two covers have had swear words in it I'm becoming PG-13 no don't worry my next cover doesn't have a swear word in it it's okay it's okay I won't be like power goose 13 that's not what PG-13 stands for you punk")
8. She identifies as a "legal rebel" who wants to play bootleg games in a legally compliant way. (Verbatim: "because you know me i'm a rebel but but a legal rebel i know i think i fell behind on no nose again i'm sorry wait i know i know i didn't know ellie was a fire type because she definitely spit in fire on that cover with")
9. She has a strong connection to the game *Teamfight Tactics* and previously worked as a developer. (Verbatim: "because that was my thing when i was a developer like straight up especially especially if you have a co-worker that calls you past the time you finished work like i'm gonna start doing things that aren't where i was already doing that anyway")
10. She finds it difficult to maintain a consistent sleep schedule and often struggles to fall asleep despite being tired. (Verbatim: "the amount of messages i've been getting being like elliot are you okay is too many because i'm playing league and now i'm gonna be playing tons of teamfight tactics they're gonna be like huh huh yeah my sleep schedule's borked as you know because i'm waking up at 1 p.m um what is a sleep schedule how does one get one does anyone here actually know how to get a sleep schedule or how to have a consistent sleep pattern as a vtuber because i'm not seeing any kind of way to do it") [end of text]



1. She has a master's degree. (Verbatim: "I got a master's degree let me let me let me use my fancy play part")
2. She worked in IT jobs. (Verbatim: "when i was doing my it jobs um it was a lot of work really really hard")
3. She has a tendency to work intensely for short bursts followed by naps. (Verbatim: "i'd work really hard for like one or two hours and then be like okay i'm done like i'll work hard to reward myself with the nap")
4. She believes the average human worker is productive only 50% of the time. (Verbatim: "the average human worker is productive like 50% of the time")
5. She considers herself intelligent but often chooses not to use her brain due to laziness. (Verbatim: "i'm pretty lazy when it comes to my brain i can tell when i'm not using it and it's a lot of the time")
6. She once accidentally spread Cookie Clicker to her entire office. (Verbatim: "i accidentally got my entire office into cookie clicker")
7. She used Cookie Clicker as a form of workplace subversion to mask her gaming. (Verbatim: "now no one can judge my clicking because everybody's clicking")
8. She enjoys watching anime during work hours. (Verbatim: "i ended up starting to watch anime um yeah in my in my like at work um")
9. She was embarrassed when her anime audio played out loud at work. (Verbatim: "the headphones disconnected and the weirdest techie noises came out of my phone")
10. She was inspired by Love Live! to want to dance. (Verbatim: "I was watching it watching them do their dance and I was like heck yeah I want to do that so I went to the") [end of text]



1. She identifies as an introvert who performs as an extrovert online. (Verbatim: "extrovert Ellie exists through the shame and embarrassment that I've gone through")
2. She has experienced intense embarrassment from dancing in front of a mirror in a bathroom when unexpectedly caught by a coworker. (Verbatim: "I was like okay nobody's here like I can um I'm gonna practice one of the dances and I still remember mid dance the door opening and the girl that I worked with looking at me and I froze")
3. She describes herself as a "living embarrassment" and embraces her cringe persona. (Verbatim: "I'm just a living embarrassment and I've accepted that at this point")
4. She uses humor and performance as a coping mechanism for social anxiety and past embarrassment. (Verbatim: "I'm fueled by cringe runs through my veins and I live off copium and trauma")
5. She maintains a "normie disguise" to blend in with society and hide her true online persona. (Verbatim: "my disguise to the outside world is pretty good I must say")
6. She fears that certain sounds (like alarms or ringtones) may become associated with anxiety if linked to waking up or daily life. (Verbatim: "whatever ringtone if i set it to a custom ringtone that that noise will then become anxiety inducing")
7. She struggles with alarms and has considered her phone malfunctioning during embarrassing moments. (Verbatim: "yeah that's why i struggle with alarms like i i do struggle with alarms i'm surprised my phone hasn't broke")
8. She has a habit of making a heart shape with her hands when saying "look love" during streams. (Verbatim: "every hecking time I say look love I make the heart shape with my hand")
9. She has experienced social discomfort when her dark humor was misunderstood by non-Internet friends. (Verbatim: "I've accidentally used that humor with like my college normie friends and you should have seen the look of concern on their face")
10. She once used an anime dragon ringtone that caused attention in the office, which she found embarrassing. (Verbatim: "my alarm going off with an anime dragon's good morning mother i know we're checking dragon you chatted") [end of text]



1. She has a strong aversion to enclosed spaces and airborne illnesses, particularly when others are coughing nearby. (Verbatim: "oh god the do you ever just feel this this absolute feeling of dread when you're like on an airplane or like an enclosed space like a bus or something and there's someone coughing their lungs out and you're like oh no oh no oh heck no absolutely not oh dear oh i'm so doomed")
2. She owns a cat that she deeply loved and misses. (Verbatim: "i miss having a cat i know nothing could ever replace my cat")
3. She is not confident in her singing abilities and does not consider herself a singer. (Verbatim: "i still can't sing i still would not classify myself as a singer for sure like i i would not i would not i'm not a singer")
4. She enjoys karaoke streams and has songs pinned for them, though she sees herself as a streamer and gamer first. (Verbatim: "now i can do karaoke streams and all sorts yeah yeah yeah when i'm good do i have songs yeah there's one pinned")
5. She has a habit of falling asleep during voice calls and has been caught snoring by others. (Verbatim: "apparently i have fallen asleep apparently i fall asleep in voice calls... they've heard me snoring and i was like i don't remember falling asleep")
6. She is self-aware of being perceived as annoying and has accepted this about herself. (Verbatim: "i have reached and ascended to levels where i have accepted that i am annoying")
7. She values kindness and aims to make people smile, even if she's seen as intrusive. (Verbatim: "i hope i make people smile when i join vc i hope so i hope so")
8. She has experienced social anxiety in group calls, worrying about bothering others. (Verbatim: "there's a part of me that definitely worries when i'm joining like group calls or vcs and stuff where i'm like yo if i do think about it i'm like yeah i probably am annoying")
9. She enjoys playing League of Legends and often plays it during voice chats. (Verbatim: "mostly because i'm playing league of legends")
10. She has a fondness for coconut-scented hand sanitizer. (Verbatim: "i did buy some really cute hand sanitizer yesterday though um yeah yeah yeah smells really nice smells like coconuts") [end of text]



1. She has a history of physical injury involving her foot and ankle. (Verbatim: "update on my foot um slash ankle um the swelling has gone down a lot and i can walk on it again as long as i'm gentle")
2. She once sustained a bruised ankle that was not broken. (Verbatim: "the whole thing's bruised is there still a little tiny bit of swelling but yeah we're good we're good i can take care of it but yeah i'm walking around again and it's bruised not broken")
3. She has a strong emotional connection with her audience, feeling that her stories help others feel less alone. (Verbatim: "your stories make me feel not alone and alive i want you to know that you always help even if it's just a bit that kind of resonance is also why i wish one day i could become your friend")
4. She identifies as someone who feels broken and messy, describing herself as a "broken messed up punk." (Verbatim: "i'm just an annoying broken punk trying to get through each day just yeah one day at a time")
5. She values being able to make at least one person smile during her streams. (Verbatim: "if i made one person smile today then i did good then i did then i did a good job i hope i hope i hope")
6. She has a notable reaction to the color red, associating it with alarm and panic. (Verbatim: "oh my god i see red and i panic like um because you know red's like warning warning warning and i'm like ah i see i see it so it's time to follow our glorious good cult leader's example not to care")
7. She has a humorous, self-deprecating view of herself, rejecting the idea of being a goddess despite being praised as one. (Verbatim: "i'm not a goddess i'm so not no no they need to work on their goddess choosing stuff if it's if i am one")
8. She has a recurring habit of referring to herself as a "punk" in a self-aware, affectionate way. (Verbatim: "i'm just a punk i'm just a broken messed up punk um")
9. She has a strong emotional bond with her viewers, expressing deep gratitude for their presence and support. (Verbatim: "arigato for spoiling me and making me smile till my face hurts and spending time with me i appreciate it okay")
10. She has a playful, theatrical personality, referencing fictional religious texts and absurd metaphors like "thick thighs are with me and comfort me." (Verbatim: "for these thick thighs are with me and comfort me amen from the book of sas chapter six verse nine") [end of text]



1. She has an older brother who is also her real-life sibling. (Verbatim: "it's my actual irl brother by the way um twitch chat if you're wondering")
2. She is currently in the United States, specifically visiting California. (Verbatim: "what horrifying state did i go to california")
3. She enjoys eating cheesecake, particularly salted caramel cheesecake from the Cheesecake Factory. (Verbatim: "i had a salted caramel cheesecake from the cheesecake factory yippee it was delicious")
4. She prefers light, fluffy cakes such as chiffon cakes over heavier British-style cakes like sponge cake. (Verbatim: "i really like really really light fluffy cakes i like them to be on the lighter side and like um like a chiffon cake")
5. She finds American food to be heavy, dense, and high in calories, which affects her physically. (Verbatim: "this is really heavy i can feel the cholesterol pumping that's the main thing i've noticed about um i've noticed about a lot of american food")
6. She is aware that many ingredients used in American food are banned in the UK. (Verbatim: "a lot of like the stuff they put in food here is banned in england")
7. She views her trip to America as a form of playful rebellion, enjoying the legal loophole of consuming banned substances in the US. (Verbatim: "i like to break the rules by legally breaking the rules and going to america and have it in places it's not banned because therefore it's not bad")
8. She has attended or is attending Anime Expo in the US. (Verbatim: "i'm going to anime expo um and then they were like can i see your ticket and i was like okay and they were like okay")
9. She is scheduled to participate in two panels and a meet-and-greet at Anime Expo. (Verbatim: "i am doing two panels so i'm doing two panels and a meet and greet i believe")
10. She is interested in experiencing American cinema and would like to visit one before leaving the country. (Verbatim: "i haven't gone to an american cinema i really want to i'm running out of time") [end of text]



1. She is a British VTuber. (Verbatim: "hi um my name is elia stellari british vtuber and i'm just talking about the vtuber um expo in england happening")
2. She has a strong interest in art and gets extremely excited when seeing artwork. (Verbatim: "i just i just get really really really hyped when it comes to art like yeah so so then i get excited and when i get excited i get loud")
3. She struggles with being photogenic and feels uncomfortable in photos. (Verbatim: "i'm really not good with photos like at all one because doxing and two because i'm not photogenic like at all in the slightest")
4. She has small feet, which she finds unusual. (Verbatim: "i have tiny tiny tiny feet um yeah yeah it's kind of weird how small they are")
5. She is nervous about doing panels at conventions due to fear of low attendance. (Verbatim: "i feel like we're gonna have the same kind of anxieties with this one because yeah it's gonna be it's gonna be it's it is scary to do panels like like like because because what if yeah what if nobody turns up awkward")
6. She hopes to become a voice actress (seiyu) in the future. (Verbatim: "yeah yeah i'd love to be i'd love to be a seiyu yeah yeah i'd love to be")
7. She finds it difficult to pose naturally in photos and often makes odd facial expressions. (Verbatim: "i always do the weirdest faces and weirdest expressions and weirdest face like yeah no for real i wish i wish i was one of those girls that could just pose and look nice in a picture")
8. She is self-aware of her tendency to become overly loud when excited. (Verbatim: "i just i just get really really really hyped when it comes to art like yeah so so then i get excited and when i get excited i get loud")
9. She has a habit of making exaggerated facial expressions that she finds unflattering. (Verbatim: "i'm like wow i look like a weird shaped potato")
10. She is interested in attending artist alley at conventions and wants to fangirl with artists. (Verbatim: "i want to go to artist alley i wanna i wanna i wanna fangirl with the artists okay") [end of text]



1. She has a nickname "sparrow" from childhood due to her small size and eating habits. (Verbatim: "I've always been a bird canonically now right you're right yeah i was called a sparrow")
2. She grew up with two cats, one of which brought home live sparrows that were frightened but not killed. (Verbatim: "I used to have to deal with a lot of sparrows because so i grew up with two cats and one cat one cat would always bring in sparrows")
3. She identifies as a cat person and deeply misses her late cat. (Verbatim: "I'm a cat person um yeah absolutely i'm definitely like yeah my cat i miss him")
4. Her late cat was described as having a perpetually "upset face" but was actually a calm and resilient animal. (Verbatim: "he had this sort of face that sort of like said like I give up or I can't be bothered like but he never gave up")
5. She has been told she gives off "short energy" despite being of normal height. (Verbatim: "apparently i have short energy um even though i'm taller than them")
6. She has been told she gives off a "too sweet for this world" vibe that makes people want to protect her. (Verbatim: "I've been told I give off the vibe of someone who um what's the word hmm that people don't want to")
7. She has a family with strong bird-related themes—her father likes owls, her brother likes ducks, and she is associated with geese. (Verbatim: "my little brother is like obsessed with ducks like straight up just ducks are his thing")
8. She was nicknamed "stinky" by a friend, which became a recurring inside joke and led to a humorous "stinky support group" meme. (Verbatim: "ellia called me stinky oh damn same it's like a ellia called your stinky support group")
9. She has a habit of eating very little, comparing herself to a bird, and has lost weight during her time in America. (Verbatim: "I've also been told what was i told i was told i give off the vibe of someone who um what's the word hmm that people don't want to")
10. She has a history of being underweight, with a BMI in the low red range, and has been concerned about losing too much weight. (Verbatim: "it's definitely in the it's in the red um but yeah like the red on the low scale um") [end of text]



1. She had two cats growing up, both significant in her life. (Verbatim: "um two i only had two growing up um long time had them for a long long long long long long long long time um yeah yeah")
2. One of her cats was very distant and only bonded with her, requiring effort to earn its affection. (Verbatim: "my cat wasn't very friendly to other people my cat was one of those like um ones that you had to earn you had to earn it some earn its love kind of thing you know um")
3. She deeply mourns the loss of her first cat, describing it as a hole in her heart that has never been filled. (Verbatim: "i miss my cat i'm sorry that uh that cat shamed that cat shamed hole in my heart has never been filled i still feel")
4. Her second cat was very friendly and affectionate toward everyone, unlike the first. (Verbatim: "my other cat was more like my brother's cat and that one was really really friendly to to everybody")
5. She associates her personality with cats, finding comfort in sunbathing and napping, and enjoys the cozy, relaxed mood of being a cat. (Verbatim: "i'm basically yeah a lot of people just think i'm basically a cat because it's such a comfy mood you know like when like it's just really warm and then you're in the sun and you're like ah it just feels so nice and cozy")
6. She believes in reincarnation and would like to think she was a cat in a past life. (Verbatim: "if you had like if you were a different animal in your previous life yeah yeah yeah yeah i'd like to think i was a cat")
7. She is not a big eater and struggles to finish meals, especially large portions like 10 chicken nuggets. (Verbatim: "i'm not a big eater as you've noticed i'm not a big eater um and i remember i got given 10 chicken nuggets i remember looking at my plate of 10 chicken nuggets and i was like how the heck am i supposed to eat 10 chicken nuggets")
8. She normally orders a Happy Meal, which she finds sufficient and often doesn’t finish. (Verbatim: "i normally get the happy meal so um okay time to add the term in your ass to twitch")
9. She has a strong emotional connection to her childhood home and rural upbringing, noting her accent reflects this. (Verbatim: "i'm not actually a city girl um i'm not actually a city kind of person so there was a lot of wildlife around um there's a lot of wildlife around")
10. She finds it difficult to finish even small portions of food, such as four chicken nuggets, and often needs someone to finish her meal. (Verbatim: "i struggle to finish four chicken nuggets um like in my happy meal so i don't order a regular size chicken nugget meal") [end of text]



1. She is skilled in singing and has performed a rap cover of a song from the game *Kali*. (Verbatim: "I released a cover of q where I attempted to rap")
2. She recorded a rap verse in a single take, which she found particularly challenging. (Verbatim: "that was a one take that was a one take")
3. She finds the ending section of songs especially difficult to sing, particularly high notes with a lower voice. (Verbatim: "the end parts were definitely, I would say the end part was the hard, the ending part was the hardest part")
4. She has experience with multiple brass instruments, including the trombone, baritone, cornet, trumpet, and French horn. (Verbatim: "I started on trombone... then I got put onto the baritone... then I moved on to the trumpet... then I moved on to the french horn")
5. She prefers brass instruments because she finds them easier to control with her mouth rather than her fingers. (Verbatim: "I'm much better with my mouth it's true like we're talking about instruments here")
6. She lacks rhythm and struggles with instruments requiring fine finger coordination. (Verbatim: "I have no rhythm I have no rhythm I have no hiking rhythm")
7. She played the French horn in school and considers it her beloved instrument. (Verbatim: "my beloved french horn such a good instrument I heckin love the french horn")
8. She was in a school choir and band during her education. (Verbatim: "I was in choir and band")
9. She played the French horn despite her grandmother disapproving of the instrument choice. (Verbatim: "my nan hated that I played it though nana elia would always go on about how I should play a more")
10. She has been advised by others to do more covers of Kali's songs due to her vocal suitability. (Verbatim: "I've been recommended to do so... because my voice can suit her songs") [end of text]



1. She played the French horn in school orchestra. (Verbatim: "the reason i had to play french horn was because there was a severe lack of people wanting to play french horn")
2. She was the only French horn player for a period, then joined by two other girls. (Verbatim: "there was a lack of french horn players aka me just me for a bit until later on then i then there were two other people")
3. She was first chair in the French horn section, which made her performances more scrutinized. (Verbatim: "because i was first chair they hear they hear everything they hear when you're wrong")
4. She struggled with social anxiety and shyness during school. (Verbatim: "i was always like the mute kid at school the really shy quiet kid")
5. She pushed herself to overcome shyness by performing on stage despite fear. (Verbatim: "i really really really really pushed myself... to overcome that social anxiety")
6. She had a traumatic experience where classmates rejected her for being too quiet. (Verbatim: "they said that you know that we're not friends and to stop hanging out with them because they said i was too quiet and it creeped them out")
7. She cried for a week after being rejected by peers for being quiet. (Verbatim: "i think i cried for like a week")
8. She developed a strong passion for inclusivity and supporting quiet or introverted people. (Verbatim: "i'm so heckin passionate about lurker love like if someone's quiet and needs like downtime because they're an introvert")
9. She has a deep appreciation for tiramisu and remembers the inventor with respect. (Verbatim: "rest in peace inventor of the tiramisu cake who died")
10. She finds pronunciation of words challenging, especially with regional variations. (Verbatim: "i've always pronounced it adidas but okay" and "i'm american imagine how i feel i gave up on pronouncing things long ago") [end of text]



1. She worked as a developer before becoming a VTuber. (Verbatim: "and i would say that was the one where i straight up did not care enough um")
2. She found socializing with coworkers difficult and often felt lost during lunch breaks. (Verbatim: "i felt so heckin lost um because i didn't know what they was chatting about at all")
3. She has a restricted music taste limited to anime opening songs and songs she can cover as a VTuber. (Verbatim: "my music taste is restricted to anime opening songs and songs i can cover as a vtuber")
4. She struggles with social anxiety and overthinks responses in conversations. (Verbatim: "i run a response through my head and then i try and figure out if it's a good response")
5. She often feels ignored in group chats and has been left on read multiple times. (Verbatim: "the amount of times i've been ignored in a group chat is too many that it's reached a point where i'm like you can't hurt me anymore")
6. She has difficulty joining conversations spontaneously due to mental simulation of responses. (Verbatim: "by the time i finished running all the simulations you guys have moved on to three different other topics")
7. She identifies as British. (Verbatim: "my name is ellia stelaria british youtuber not a goose")
8. She dislikes being asked "why are you so quiet?" as it makes her feel judged. (Verbatim: "the worst question to ask someone that's shy is why are you so quiet")
9. She has a habit of not replying to messages, sometimes leaving people on read. (Verbatim: "i'm also the other person that accidentally leaves people on red because i'm stupid")
10. She has developed a coping mechanism of embracing her perceived weirdness to manage social anxiety. (Verbatim: "i've embraced it and that's fine like people can look at me and think i'm weird") [end of text]



1. She identifies as a British VTuber. (Verbatim: "my name is alias delaria british vtuber a complete mess but let's be a mess together")
2. She has difficulty remembering to reply to messages, often leaving people on "read receipt" (red). (Verbatim: "i'm also the other person that accidentally leaves people on red because i'm stupid")
3. She experiences social anxiety and describes herself as an "anxious mess." (Verbatim: "sometimes there's just so much that i get a bit greedy no yeah that sometimes soon did it at least an anxious mess but she's our anxious mess")
4. She has a close-knit group of seven female friends from college with low-maintenance adult friendships. (Verbatim: "there's like seven of us some of us don't reply for like a year")
5. She has a strong emotional connection to her grandmother, whom she calls "nana elia." (Verbatim: "i want to see nana elia i need to see my nan my grandma")
6. She is nostalgic about her time playing Teamfight Tactics in the past, though she now feels rusty. (Verbatim: "i used to be such a like obsessed teamfight tactics player so like my brain knows what to do and i'm rusty as heck")
7. She enjoys playing Teamfight Tactics and is currently participating in a bootcamp event. (Verbatim: "i'm going to be playing a lot of teamfight tactics so um make this up um teamfight tactics bootcamp")
8. She owns multiple plushies, which she acquired unintentionally during a trip to America. (Verbatim: "i have a lot of plushies that i accidentally got while i'm here")
9. She has a history of being a dedicated Teamfight Tactics player before taking a break. (Verbatim: "i used to be such a like obsessed teamfight tactics player")
10. She struggles with time management and planning, often feeling overwhelmed by commitments. (Verbatim: "ellie definitely doesn't have adhd and difficulty of planning apps so heck you literally not") [end of text]



