1. She has a British accent influenced by her family in England. (Verbatim: "because I spent a day with my family I am like my fam so like so like my family where I'm from in England is like a farmer kind of accent so I like I accidentally pick it up a bit more")
2. She identifies as someone who is "trash" but believes everyone deserves care and rest regardless. (Verbatim: "because I speak as someone that is trash we're talking regular levels of trash right I don't know")
3. She struggles with maintaining focus and mental clarity when feeling exhausted. (Verbatim: "like it's hard when I'm eb that my brain is just not functioning very well you know it's very tired")
4. She finds ASMR challenging due to her tendency to fall asleep during streams. (Verbatim: "what if I'm doing like, maybe ASMR, and I actually fall asleep, like, then I'm just breathing into the microphone")
5. She has a 3DO microphone that requires a 9V battery and has experienced technical issues with it. (Verbatim: "the 3DO has a battery, it has a 9V, and I was like, I don't have any spare 9V batteries")
6. She prefers apple juice over iced coffee for her streams. (Verbatim: "I figured apple juice is probably the better option here, right, right, so")
7. She is nervous about streaming, to the point of nearly canceling. (Verbatim: "I was very nervous for this stream, actually. I almost had to cancel this stream, which would have been really sad.")
8. She values self-care and encourages others to look after themselves, even if they feel unworthy. (Verbatim: "you don't have to earn it being happy you're allowed to be happy even if you're trash that's what I believe")
9. She has a habit of being overly self-conscious about her stream quality and performance. (Verbatim: "I'm really nervous, like, super nervous, but, yeah, I'm trying, I am, I was like doing touching grass")
10. She believes being "EB" (exhausted and cozy) is comparable to being drunk in terms of mental state. (Verbatim: "they say that being eb is like equivalent to being drunk right they say that actually") [end of text]



1. She identifies as "trash" in a self-deprecating but affirming way, emphasizing that everyone deserves care regardless of self-perceived worth. (Verbatim: "you know what i mean sometimes we don't look after ourselves because we feel like we don't deserve to look after ourselves but i think we all forget that like you don't have to earn it")
2. She has a strong emotional connection to comfort, coziness, and soft textures, particularly in bedding. (Verbatim: "i'm actually really really excited to get real cozy in my bedsheets i think it's like new pillowcase and and a new duvet cover and a new bedspread")
3. She sleeps under a goose feather duvet and owns a two-meter goose plush, indicating a fondness for goose-themed items. (Verbatim: "i actually do sleep in goose feathers by the way" and "i do have a goose feather duvet so i actually do sleep in goose feathers")
4. She struggles with sleep when not feeling anemic, and has experimented with techniques to manage this. (Verbatim: "part of the reason is because i actually struggle to sleep if i don't have if i'm not feeling anemic")
5. She practices body awareness meditation, focusing on relaxing each body part sequentially to reduce stress. (Verbatim: "your eyes are closed and you just become aware of like each part of your body bit by bit so like we'll start off with your head or specifically your eyebrows")
6. She finds ASMR difficult to perform due to becoming overly excited, which affects her ability to stay calm. (Verbatim: "i think i find asmr really hard because i just get too excited")
7. She has a deep affection for the Japanese language and is interested in learning how to write in Japanese, particularly with kogon-themed content. (Verbatim: "i actually wanted to think about it because like i have these really really really cool um kogon bus like learn how to write in japanese")
8. She has a habit of hiding her arm racks, which occasionally slip out, suggesting a physical trait she is self-conscious about. (Verbatim: "i actually hide my arm racks most of the time it slips out occasionally but i do my best to hide it")
9. She enjoys the sensation of cold, fresh bedding and describes the feeling as deeply comforting and refreshing. (Verbatim: "just imagine being all cozy and like super fresh shoes right and they're just like cold and soft and fresh and it's just all so cozy right")
10. She has a strong emotional attachment to her living space, which she describes as becoming increasingly "goose orientated" over time. (Verbatim: "honestly my flat is becoming a bit goose orientated like yeah at least there's a lot of stuff um but yeah we'll see") [end of text]



1. She has a strong affection for banana-themed plushies, particularly those representing her mascots. (Verbatim: "i really really really really really really really want to get a um plushy of the starlings and bananas um which are my mascots")
2. She owns multiple banana plushies, including one from a trip to Japan. (Verbatim: "i actually own multiple banana plushies which is kind of weird um yeah i don't need a 2.5 meter banana plushie")
3. She visited Japan and went to Universal Studios, where she saw a banana plushie in the Mario area. (Verbatim: "i went to universal and i am i i am i saw banana plushie in the mario area")
4. She has a fondness for ASMR, particularly heartbeat and hand cam content. (Verbatim: "you know gosh i've got heartbeat requests on both sides")
5. She enjoys being called "Sleepy Ellie" and "Sus Ellie" by fans. (Verbatim: "sleepy ellie is my favorite right after sus ellie i love if you go real class and tell us how much you love us and what cuddles")
6. She has a pet goose, which she refers to as "two-meter goose" and finds difficult to cuddle. (Verbatim: "i really like a cuddle be nice to cuddle something that isn't my two-meter goose blush to be honest")
7. She has a cleaning routine that began with organizing laundry and expanded to tidying her entire flat room by room. (Verbatim: "ellia's cleaning journey started by me having a pile of laundry and i'm supposed to do the laundry")
8. She checks expiration dates on medicines and skincare products during cleaning. (Verbatim: "i had to double check so you guys should do this as well because like there is expiry dates on things")
9. She has a small utility cupboard with a washing machine and has experienced clutter buildup in it. (Verbatim: "i have this little utility cupboard which is actually where my washing machine is and i haven't actually that has been a gathering of junk")
10. She has a habit of using suction cup shelves in her bathroom due to living in a rented flat. (Verbatim: "i have these like suction cup um like things that hold up a drawer") [end of text]



1. She has a tendency to hoard broken items due to being raised to keep them in case they might be useful. (Verbatim: "I was always raised to you know keep broken stuff because you might be able to find some use to it")
2. She actively tries to resist her hoarding tendencies, which she associates with her mother's hoarding behavior. (Verbatim: "my mother's actually a hoarder but i'm trying very hard to fight my hoarder tendencies")
3. She owns a French horn that she rediscovered in her utility cupboard after not playing it for a long time. (Verbatim: "I found my french horn underneath everything and and the vowels are moving like it's not as rusty as i thought it was")
4. She also owns a melodica, which she had previously thought was lost but found under her bed. (Verbatim: "I thought i was so worried i lost my melodica because like i couldn't find it but it was it was under my bed the whole time")
5. She possesses a variety of musical instruments including kazoos, a kalimba, and an ocarina. (Verbatim: "I got my kazoos i got my kalimba like all the instruments i've got my ocarina")
6. She has an interest in organizing a collaborative music group with other British YouTubers. (Verbatim: "i can organize a all collab band that's a great idea brilliant idea")
7. She is familiar with British branding quirks, specifically mentioning the old Golden Syrup logo featuring a dead lion covered in flies. (Verbatim: "the old logo for golden syrup used to be this drawing of this dead lion covered in flies so it was very strange")
8. She enjoys golden syrup and has considered making golden syrup sandwiches. (Verbatim: "do we golden syrup sandwiches i need to try that i also need to get some golden syrup")
9. She is aware of the sticky, sugary nature of golden syrup and has experienced a kitchen disaster due to a broken bottle. (Verbatim: "my golden syrup bottle was broken... everything was covered everything was covered in this stickiness")
10. She has a habit of cleaning her flat room by room, having recently completed the utility cupboard and kitchen. (Verbatim: "I was going through like room by room like what I cleaned and how much I cleaned") [end of text]



1. She has never had a cavity despite consuming large amounts of golden syrup as a child. (Verbatim: "I've never had a cavity by the way I think I must look at jeans I'm not sure but I've never had a cavity")
2. She used to sneak golden syrup from the fridge as a child, even scaling the fridge like Spiderman to reach it. (Verbatim: "I used to just drink golden syrup like I just used to grab a tin and a spoon and sneak off to my room with it as a kid")
3. She has a strong preference for British biscuits and tea, which she misses when abroad. (Verbatim: "I've missed my british biscuits like yeah it's like what did they even serve")
4. She enjoys drinking tea with one sugar and a little milk, specifically English Breakfast tea. (Verbatim: "I like to have english records tea and tea is enough sugar and a bit of milk")
5. She is fond of apple juice in small kid-sized boxes, a childhood desire she fulfilled as an adult. (Verbatim: "I always wanted this as a kid and my parents would never buy it for me but I'm an adult and and and I can buy stuff")
6. She finds it unacceptable for hotels to lack kettles, milk, and biscuits, especially when staying in the US. (Verbatim: "I was absolutely flabbergasted to honest I was like yo they got nothing like every every hotel I've stayed")
7. She believes the first thing British people say when welcoming someone is "Would you like a cup of tea?" (Verbatim: "the first conversation that british people have is um they have to invite someone into your home the first thing they say is oh come on in would you like a cup of tea")
8. She enjoys the idea of being a cat girl and would absolutely want to be one if possible. (Verbatim: "yes yes i absolutely hecking would i one thousand percent want to be a cat girl")
9. She has a fondness for the Velvetizer, a specialized machine for making hot chocolate. (Verbatim: "you can get a um velvetizer the velvet is so nice yeah wear it like a pot not a pan")
10. She has a habit of checking food expiry dates and has thrown away expired items from her kitchen. (Verbatim: "checking the expiry dates of all the food make sure you do it okay like check the expiry dates of your food it's very sad I had to throw away a lot") [end of text]



1. She is not a goose, despite a humorous voice impression suggesting otherwise. (Verbatim: "i'm not a goose okay listen to me right i wouldn't hide you i'm also not a cold it's not a cold okay we can't we can't keep saying it's a cold people might start believing that it's cold")
2. She finds trains in Japan particularly cozy and has mastered falling asleep on them. (Verbatim: "i would just sit down and then just like every time every time like i don't know why i find the train so comfy to eat on but problem is if i'm not with anyone i've got no shoulder to to eat on and it's kind of harder so how do i do it you need a shoulder you need to borrow a shoulder")
3. She enjoys the sensation of resting her head on someone’s shoulder or lap for comfort. (Verbatim: "you can borrow mine you know it does have a nice rhythm to let you just say it does oh and the other other trick you can do is to be anemic and then not take your iron up the corner seat playing a horror game")
4. She has a strong preference for cozy, soft, and comforting environments, often describing herself as “cozy” and “like a burrito.” (Verbatim: "welcome on in welcome welcome i guess we should get really really really cozy right yeah bundle me up like a in like a burrito please")
5. She is working on improving her Japanese reading skills. (Verbatim: "i want to do more japanese in stream i really want to get better at japanese reading it")
6. She has a playful, affectionate persona, often using terms like “I love you” and expressing deep emotional connection with her viewers. (Verbatim: "i love you so nice like i'm ready for koge please onagashima yeah barbara whatever's most comfy hi")
7. She is experimenting with ASMR content and finds her voice naturally soothing. (Verbatim: "i think i have a voice for asmr we'll see how this week goes if this week is successful then i'll try and do more in the future we'll see")
8. She dislikes saying “bye-bye” because she finds it sad and prefers “see you later” instead. (Verbatim: "i don't like bye-byes bye-byes are sad right is it really sad so i hope it's a see you later instead")
9. She is concerned about her PC fan noise interfering with stream audio and is considering soundproofing solutions. (Verbatim: "i need to sort out my fans because like my pc case isn't very quiet so it's like really like yeah it really picks up like the noises honestly i don't really know what to do outside it's um i love to look into like soundproofing my pc or something but it's really difficult")
10. She enjoys the rhythm and motion of train rides as a source of comfort and relaxation. (Verbatim: "you know it does have a nice rhythm to let you just say it does oh and the other other trick you can do is to be anemic and then not take your iron up the corner seat playing a horror game") [end of text]



