1. She previously worked as a developer before becoming a VTuber. (Verbatim: "I got away with this as a developer and all the other jobs.")
2. She is currently in her final year of university and will soon graduate. (Verbatim: "I've been MIA since my final year and I'm going to graduate uni soon.")
3. She has a habit of being late to work. (Verbatim: "I wish I could get away with being thirty minutes late to work.")
4. She used to be frequently late to her previous job. (Verbatim: "You know what? I used to be late to my regular job as well.")
5. She streams on both YouTube and Twitch. (Verbatim: "I'm streaming on YouTube and Twitch.")
6. She considered streaming on Kick but finds it intimidating. (Verbatim: "I'm not doing kick, no, kick scares me, kick scares me.")
7. She refers to herself humorously as a "goose," though she denies it playfully. (Verbatim: "Not a goose. Not a goose. Not a goose.")
8. She jokingly acknowledges being called "stinky" by her community. (Verbatim: "Elia is stinky.")
9. She drinks bottled water and jokes about being "bougie now." (Verbatim: "I'm drinking bottled water because I'm bougie now.")
10. She has a habit of going straight from bed to her desk. (Verbatim: "I went straight from my bed to my desk.") [end of text]



1. She has never worked in the food service industry, despite wanting to for the free food benefits. (Verbatim: "i've never worked in any food kind of place i've never worked at any kind of bar or any kind of like place that serves like restaurants or fast food or anything of the sort which i've always wanted to because i've always wanted that free food that's like supposed to be one of the benefits")

2. She previously worked as a support developer at a zoo and as a florist. (Verbatim: "i've worked like it support developer at the zoo and a florist etc etc")

3. She finds pouring drinks difficult and relies on verbal cues to do it correctly. (Verbatim: "i just could never get them but as you can see it's probably good that i'm not because i just i just make weird noises")

4. She is stubborn and describes herself as "stubborn as heck." (Verbatim: "cuz I'm stubborn as heck")

5. She attended college and had a group of female friends she went out with. (Verbatim: "i was out with my friends from college these girls")

6. She experienced a cultural difference in England, where people cheer when someone drops something in public. (Verbatim: "in england everyone's just like and that's it yeah they cheer they cheer")

7. She once wanted to keep a golden pineapple-shaped glass from a pub but believes she threw it away. (Verbatim: "it was a golden pineapple like that's cool i really wanted it i don't know where it is i think i threw it away")

8. She considers creating a Twitter account for her character "Nana Elia" to reply "cringe" to online drama. (Verbatim: "I should just get Nana Elia, like, a Twitter account, and she can just reply to people and call them cringe.")

9. She is interested in creating "Nana Elia reviews" but needs artwork for the character first. (Verbatim: "I do actually need to get like um art of Nana Elia so I can do the Nana Elia reviews Elia thing")

10. She expresses a desire to release a Shrek-themed album. (Verbatim: "i should just release the elia shrek album to be honest") [end of text]



1. She has an interest in covering songs from the Shrek soundtrack. (Verbatim: "I should just release the elia shrek album to be honest... the soundtrack for shrek is a banger.")
2. She references being banned or exiled from a village, possibly part of her lore. (Verbatim: "I'm straight up banned from the village... i'm actually still in shambles over that.")
3. She identifies with academic intelligence and literacy, suggesting it's part of her self-image. (Verbatim: "I know maths and I'm academic... i can read that qualifies me to be a witch.")
4. She fears being perceived as a witch in medieval times due to her knowledge. (Verbatim: "people would think I'm a witch or something because I know maths and I'm academic.")
5. She expresses strong dislike for the idea of living in medieval times due to low life expectancy and lack of modern comforts. (Verbatim: "I would straight up die if i was in the medieval times... no internet... wouldn't have any spices or games.")
6. She mentions an upcoming announcement related to a "Sons of the Forest" collab. (Verbatim: "there was gonna be an announcement this week... after the sons of the forest collab later this week.")
7. She jokes about releasing a themed album, indicating musical aspirations or content plans. (Verbatim: "I should just release the elia shrek album to be honest.")
8. She references being the "maiden" and not the "tarnished," possibly linking to lore or roleplay identity. (Verbatim: "i'm not tarnished i'm the maiden now.")
9. She shows familiarity with gaming culture and references multiple games (Elden Ring, TFT, Jabu Jabu). (Verbatim: "suddenly elden ring... touch grace discovered... can make it to plat with zero yes you can.")
10. She implies she serves only ale in her tavern roleplay, indicating a preference for simplicity or humor in her content. (Verbatim: "not in game because we only serve ale.") [end of text]



1. She previously played Final Fantasy XIV and identifies as someone who was "a Final Fantasy 14 kind of gal." (Verbatim: "um yeah yeah i don't know a house what's this what's this oh the war within... i was a final fantasy 14 kind of gal")

2. She references having a messy desk in real life, implying a personal habit of clutter. (Verbatim: "oh god there's nine in here wait whoops the daisies oh my god wait guys even in game i can't even avoid the the the gathering of dirty cups oh dear oh dear oh dear oh dear good thing i got this magic water")

3. She expresses unfamiliarity with what ale is, indicating limited knowledge about alcoholic beverages. (Verbatim: "what is ale actually I don't actually know what ale is what is ale guys is it beer looks like beer that's all my cups")

4. She mentions implementing or dealing with "dizzy mode," suggesting she experiences motion sensitivity and uses anti-dizziness settings. (Verbatim: "okay dizzy mode it is did that work oh done it oh maybe I accidentally turned it off in the settings maybe oops")

5. She has a fictional persona known as "Maid Elia," which she considers distinct from her main identity. (Verbatim: "is maid elia separate from ellie and ellenois should I have given maid elia a different accent or voice")

6. She is associated with a fictional "Goose Cult" where she expresses devotion, calling it "the alliance" and referencing "our queen elias delaria." (Verbatim: "also my life is for the goodness of the cult and our queen elias delaria so sacrifice me away and let me perish for the name of the goose cult that's rule number four")

7. She finds it difficult to perform a farmer accent, describing it as going against her instincts and requiring her to "give up on your mouth." (Verbatim: "it's really hard to let farmer elia speak because it's like instinct of mine to like hold it back... the way you do a farmer accent is you give up on you give up on your mouth")

8. She considers doing a British farmer accent, associating it with tractors and combine harvesters in England. (Verbatim: "that do farmers sound like in england that'd be what farmers sound like in england yeah they got their tractors and their combine harvesters")

9. She jokes about having a "brand new combine harvester," possibly indicating an interest in or humor around rural farming imagery. (Verbatim: "i've got a brand new combine harvester and i'll give you the key")

10. She references school, specifically a lesson about Jesus turning water into wine. (Verbatim: "i remember in school they were like um just to be really clear it's not") [end of text]



1. She attended college in England, which she describes as similar to secondary school for students around 16–18 years old. (Verbatim: "college is more similar to like secondary school it's like when you're um was it 16 17 18")

2. She dreaded lunchtime at school because her friends had a different lunch schedule due to "split lunch," leaving her alone. (Verbatim: "i used to just i was in shambles um i was like what i do for lunch when i look like such a loser all by myself")

3. During college, she would isolate herself in the library during lunch because she felt like a "loser" eating alone. (Verbatim: "if you wanted to find me i'd be the character you'd find in the library easy like super easy")

4. She has difficulty with time perception and notes that time feels slower when watching the clock, especially during work or class. (Verbatim: "time perception if you stare at the clock it goes slower like")

5. Lunch was her favorite class in school, despite hating actual lunchtime. (Verbatim: "lunch was my favorite class although breakfast was nice too")

6. She frequently plays Minecraft and has stayed up until 4 a.m. playing on a server with friends. (Verbatim: "yo you saw me playing minecraft last night yeah yeah up until 4am thriving")

7. She has received messages from friends telling her to go to bed, indicating a habit of staying up very late. (Verbatim: "i was getting messages from friends being like ellia go to bed and i'm like no you can't make me")

8. She is interested in streaming Minecraft to showcase cool builds and experiences from a server she was invited to. (Verbatim: "that's why i was like we need to minecraft stream so i can show you like this this got some really hecking cool stuff")

9. She mentions experiencing jetlag, which affects her sense of time and day. (Verbatim: "jetlag is still hitting me yeah yeah let's blame it on jetlag")

10. She attended primary and secondary school in England, indicating a UK educational background. (Verbatim: "in england you have primary school secondary school college and then university") [end of text]



1. As a child, she was not allowed to drink anything with her meals, including water, due to a family rule from her British side. (Verbatim: "as a kid i straight up wasn't allowed to have a drink whenever i had meals... it was from no not even water like just no drink why i don't know it was nana elia's rule because it came from my um dad's side so from my british side")

2. She has a family nickname, "Nana Elia," which refers to a relative on her father’s British side who enforced strict mealtime rules. (Verbatim: "it was nana elia's rule because it came from my um dad's side so from my british side")

3. She struggled with finishing meals as a child and is a slow eater. (Verbatim: "yeah i am a really slow eater i straight up really struggled to finish... meals")

4. Her father, referred to as "Papa Elia," has misophonia and could not eat at the dinner table due to being disturbed by eating sounds. (Verbatim: "papa elia doesn't like me eating near because he has misophonia... he actually never ate at the dinner table like yeah would sit elsewhere")

5. Because of her father’s misophonia, she learned to chew very slowly to minimize noise during meals. (Verbatim: "that's also why i had to learn how to chew really really slowly though because if you chew slowly you make um you make less noise")

6. She finds it difficult to eat meals without a drink and has always wanted a drink with food, which felt like a struggle growing up. (Verbatim: "i struggle to have meals if there's no drink to go with it like i struggle but the thing is as a kid i straight up wasn't allowed to have a drink")

7. The rule of no drinks during meals applied not only to her but also to her siblings and extended family members during their upbringing. (Verbatim: "it wasn't just me like it was apparently the same rules that like my uncles and aunties had growing up and the same rules that my brothers had")

8. She has a preference for peppercorn sauce on steak. (Verbatim: "i do like peppercorn sauce sauce sauce yeah yeah yeah i do like peppercorn sauce")

9. She once saw someone walking through her parents’ garden as a shortcut, which frightened her and felt invasive. (Verbatim: "i remember i was looking up my window once and i saw someone going through the garden and it freaked me the heck out because i was like someone was like using my parents garden is like a shortcut")

10. She associates certain visual styles with bad mobile game ads, indicating a familiarity with or strong opinion about mobile game design tropes. (Verbatim: "this feels like one of those like really bad mobile game adverts you know like just the font and how it looks and everything just gives me that vibe") [end of text]



NO RELEVANT INFORMATION [end of text]



1. She is half Asian and half English. (Verbatim: "I'm half Asian. And I'm half English.")
2. Her mother is fully Asian and mixed (with Chinese heritage), while her father is British. (Verbatim: "My father's British and my mother— This is why I keep it simple, guys. This is why I just say I'm half Asian.")
3. She was born in Germany but does not identify as German and holds a British passport. (Verbatim: "I was born in Germany... I have a British passport. I'm not half German, I'm not German at all actually.")
4. She was raised in England after moving there from Germany. (Verbatim: "And thus, raised in England.")
5. She cannot speak or understand German despite being born there. (Verbatim: "And thus, I don't know any German, I'm not even going to pretend.")
6. Her English ancestry includes Irish descent. (Verbatim: "My English side descends from Ireland.")
7. She struggled to learn Polish and was only taught insults by her Polish friends. (Verbatim: "When my Polish friends tried to teach me Polish, they said I sound like a Chinese person trying to speak English... they only taught me really rude things. Like, insults.")
8. She studied Mandarin in school instead of Latin during her final year. (Verbatim: "For the final year, they were like, ooh, you can choose... Latin or Mandarin, and I was like, heck yeah, Mandarin.")
9. She finds tonal languages difficult and struggles with accents, especially those involving tone. (Verbatim: "Wait, yeah, tonal is difficult. Um, anything with tone I struggle with.")
10. She is a fan of isekai anime and manhwa, particularly those involving time regression. (Verbatim: "Isekai is my anime junk food... I'm reading something like that, I'm reading like a manhwa about the world's greatest swordsman regression.") [end of text]



1. She is a fully trained data scientist with experience in R and statistical analysis. (Verbatim: "i am a fully trained data scientist no r and everything etc get a get a job")

2. She previously worked in third-line IT support at a tech company that heavily relied on outdated systems like Excel and VBA. (Verbatim: "i was doing third line support at this company... this entire company i was working for uses is still like... behind it was how many years")

3. She has professional experience with Jira and finds ticketing systems painful but likes to keep her own tickets organized. (Verbatim: "anyone else use Jira oh Jira tickets pain tickets... I like to keep my tickets tidy")

4. She studied data science at university, partly to satisfy her parents' concern about job security. (Verbatim: "my parents basically wanted to make sure i wouldn't ever be jobless um so i i am a i am a fully trained data scientist")

5. She dislikes R as a programming language despite being trained in it, finding it counterintuitive. (Verbatim: "r is um is painful painful... it's still counterintuitive")

6. She prefers Python for data analysis because she likes the idea of using pandas. (Verbatim: "python with pandas sounds fun i actually only wanted to start doing my statistical analyses... because i like the idea of it being pandas")

7. She has a strong work ethic instilled from a young age but later reevaluated it by asking "what's the risk?" to reduce unnecessary stress. (Verbatim: "I was like raised with a really strong work ethic... then I realized wait I gotta take a step back and ask myself why why")

8. She once worked a job where she was expected to do the work of three people without a corresponding increase in pay. (Verbatim: "now i have to do the job of three people but i'm still being paid the job of one person so why don't you times three my salary")

9. She left a job because the company tried to exploit her by overloading responsibilities without fair compensation. (Verbatim: "i straight up was like i'm going to leave... i don't want to do i mean i can do it... but i don't want to for this pay")

10. She has experience remotely accessing and supporting legacy systems like Windows XP and Windows 98. (Verbatim: "dude i used to do it support and have to remote onto these servers that we're still using like windows 98 or windows xp") [end of text]



1. She previously worked at multiple jobs, including one at a lemonade stand where she negotiated raises before quitting. (Verbatim: "i walked up to the lemonade stand and i said to the man running the stand i want to quit and the guy... we can give you a raise and i was like okay and then i waddled away")

2. She has had numerous workplace experiences where coworkers left during breaks and never returned. (Verbatim: "i've worked so many places where people went on their break for lunch and never returned and never ever ever returned")

3. She once dealt with a situation where a coworker disappeared for a month and then called demanding pay for that time. (Verbatim: "straight up didn't come back for like a month... called up the company and was like yo where's my pay for the month that i've not been here")

4. Her mother is notoriously aggressive and intimidating when making phone complaints, which embarrassed her as a child. (Verbatim: "she is a top tier karen she is the ultimate boss... i had to do the calls like me because because she was so mean")

5. As a child, she believed humans could survive indefinitely by drinking their own spit, thinking water supply was infinite. (Verbatim: "as a kid i used to think that people could never die of thirst because we had an unlimited supply of water because you could just generate your own spit and drink that")

6. She finds the idea of ocean exploration more fascinating than space exploration. (Verbatim: "ocean exploration is way more fascinating than exploring space okay because we still haven't explored so much underwater")

7. She is interested in the game Subnautica and is open to playing it, though she doesn’t find it scary. (Verbatim: "i don't mind that game... do you guys find subnautica scary because like i don't apparently a lot of people find it scary")

8. She wanted to attend TwitchCon but found it financially unfeasible due to travel and accommodation costs. (Verbatim: "I looked up the flights weren't bad but then I remember America's expensive and and I'd have to stay in like you know like a hotel and stuff... I don't think it's gonna be possible")

9. She has a secret member stream on YouTube where she shares exclusive updates, including major personal investments. (Verbatim: "in my like super secret member stream on YouTube yeah I've just invested in a really big project")

10. She once thought the phrase "lasswophobia" referred to a fear of "wee lasses" and joked about it being a collective term. (Verbatim: "Yaswophobia is common as well. Yeah, just like being scared of wee lasses, lassos, and yaswos. That is all collectively known as the lasswophobia.") [end of text]



1. She dislikes the sound of brushing and other similar noises, which cause her discomfort. (Verbatim: "I hate the sound of brushing the sound of brushing hurts... that's me with with my broom it's gonna hurt")

2. The sound of satellite transmissions is the one that makes her most upset, even joking that it makes her want to wage war. (Verbatim: "the sound I hate most is the sound of a satellite it makes me want to just wage war in the world to make crap")

3. She has a strong aversion to mouth sounds and metal forks hitting glass plates. (Verbatim: "you can't stand mouth sounds... metal forks hitting glass plates oh that's that is one yeah scratching nails yeah")

4. She finds multitasking difficult and acknowledges she should learn to do it better. (Verbatim: "I should just learn to multitask better. Like, this is just, I'm just, yeah, no, I should learn to multitask better.")

5. She refuses to ask people to move when seated on long flights, choosing instead to stay in her window seat for up to 12 hours. (Verbatim: "I snuggle myself against the window seat and I don't sit up for 12 hours because I refuse to ask people to move.")

6. She has a bladder made of steel, referencing her ability to hold it in for long periods. (Verbatim: "And then I have a bladder made of steel")

7. She enjoys playing simulation and management games, as shown by her interest in Tavern Manager. (Verbatim: "Tavern Manager sounded really fun, I want to do that.")

8. She likes the idea of integrating her audience into gameplay, such as having chat members become tavern visitors via Twitch integration. (Verbatim: "yo you guys want to come to my tavern let me just connect it to twitch success")

9. She has a humorous fondness for geese, naming her tavern “The Silly Goose” and expressing a desire to feature geese. (Verbatim: "bar has the world's cutest goose... we're calling it the silly goose there we go")

10. She frequently consumes iced coffee and considers it part of her routine. (Verbatim: "i want iced coffee iced coffee yeah iced coffee iced coffee iced coffee") [end of text]



1. She is not lactose intolerant. (Verbatim: "i'm not lactose intolerant that's what i'm saying i'm not i'm not i'm actually not i'm built diff")
2. She has a strong preference for iced coffee. (Verbatim: "i want iced coffee iced coffee yeah iced coffee iced coffee iced coffee")
3. She enjoys eating paninis. (Verbatim: "panini panini sounds good")
4. She once ordered a Chuna panini because chicken was unavailable. (Verbatim: "The answer was Chuna. Yeah! Chuna. They didn't have many in stock, actually. They only had Chuna or veggies.")
5. She stayed up until 4:18 a.m. the previous night. (Verbatim: "definitely wasn't up last night till 4:00 a.m.")
6. She woke up at 6 a.m. after only about two hours of sleep. (Verbatim: "we running on two hours to sleep let's go")
7. She expresses gratitude to her chat for financially supporting her orders. (Verbatim: "thank you so much, chat, because I wouldn't be able to afford this if it wasn't for you guys. I appreciate it.")
8. She experienced dizziness and weakness from not eating for nearly a full day. (Verbatim: "I think I hadn't eaten since this time yesterday.")
9. She owns a maid outfit as part of her VTubing avatar assets. (Verbatim: "oh wait i wonder if i set it so i could have the maid outfit wait maid outfit um i'm gonna see if i can do that")
10. Her name is Elia Stellaria, as confirmed when she greets someone named Ullia with a playful correction. (Verbatim: "Ullia Rasmudia Sam. Hello, Ullia Staludia.") [end of text]



1. Her name "Elia" is derived from taking L's, meaning losses or failures, and not from the number two. (Verbatim: "It's also why my name is Elia and not Elia, because I take those L's, not the twos. Yippee, I'm not forget- I don't want to be forgetful. Um, yeah, my name is literally L. Yeah.")

2. She has a running joke about being mistaken for a robot, especially due to frequently failing CAPTCHA challenges. (Verbatim: "Discord made me do a bunch of captures because apparently I bought too many cat ears on there. And it must have thought that, like, I was, like, I don't know, hacked or something. And it genuinely thought I was a robot.")

3. She lived in or visited Los Angeles, where she left her AirPods, and she humorously refers to this as a long-distance relationship with her lost AirPods. (Verbatim: "I'm in England, my AirPods are in LA. And then, yeah, some of you were concerned because I kind of chose I'm not near London, but don't worry, you guys already know I'm not near London.")

4. She attended Anime Expo (AX) in Los Angeles, which is why she was in the U.S. (Verbatim: "Why LA? I went there for AX and I think I left it.")

5. She is based in England but specifically not near London, and possibly in a region with smaller coffee shop chains. (Verbatim: "don't worry, you guys already know I'm not near London.")

6. She has a habit of forgetting to eat, especially when focused on work, and used to skip dinner in favor of sleeping during her student days. (Verbatim: "when I was a student, I remember thinking, 'Oh, what should I have for dinner?' 'Oh, nothing. I'll sleep.' So I think I just trained myself to sleep instead of eat.")

7. She enjoys paninis and mentions they are commonly available at most coffee shops in England, particularly from a smaller, unnamed chain. (Verbatim: "Now you can get paninis from like every coffee shop in England, I would say. Like most, most coffee shops in England have paninis.")

8. She associates her time in America with learning about "freedom," which she now frequently references. (Verbatim: "This is what I learned from my time in America by the way if y'all were wondering like where I learned freedom from. Yeah. Went to America, learned freedom, came back.")

9. She jokes about being "stinky" and refers to everyone, including herself and her audience, as stinky in a self-deprecating manner. (Verbatim: "You're both stinky. You're all stinky. We're all stinky.")

10. She owns cat ears merchandise and has purchased many of them on Discord, which triggered security checks. (Verbatim: "Discord didn't expect someone to have so many kittens. I know, right?") [end of text]



1. She wishes she had a house. (Verbatim: "I wish I had a house.")
2. She plans to cover the song "Any Time, Anywhere" (Free Run ending) in English. (Verbatim: "I'll be covering any time, anywhere, the free run ending! ... I'm gonna be doing a English cover of it.")
3. She enjoys singing, even if she claims to be doing it poorly. (Verbatim: "I do like to sing. It's fun.")
4. She lives in England. (Verbatim: "Cause like in England, you can like order stuff on Amazon and it'll arrive the same day.")
5. She has previously held a Birthday Donathon event. (Verbatim: "we picked what song cover we're going to do all the way from my Birthday Donathon.")
6. She measures height in centimeters. (Verbatim: "Well, I personally like to measure in centimeters...")
7. She considers herself to be around average or slightly tall. (Verbatim: "I think I'm normal tall-ish. Normal-ish.")
8. She references having a maid outfit, possibly part of her VTuber avatar or lore. (Verbatim: "you see this awfully hot girl in a maid outfit.")
9. She expresses a desire to improve her singing. (Verbatim: "Improvement.")
10. She owns or uses a League of Legends gaming mouse pad. (Verbatim: "Only if it's for League of Legends.") [end of text]



1. She considers herself to be of normal or slightly above-average height. (Verbatim: "I think I'm normal tall-ish. Normal-ish.")
2. She has a personal connection to or affection for the concept of a tavern, which may be part of her stream persona or lore. (Verbatim: "Glad to see you in my tavern.")
3. She values self-care and believes in prioritizing one's own well-being. (Verbatim: "Look after yourself first, okay? That's, like, rule number one here. Put yourself first, no matter what.")
4. She associates herself with the sin of Greed due to her ambition and drive. (Verbatim: "Yeah, I'm greedy. More, I'm ambitious. I don't know where the line is between ambitious and greedy.")
5. She jokes about being Wrath, suggesting a persona where she rarely gets angry but implies intense reactions when she does. (Verbatim: "I think I'm wrath. Because, because, because I never rage. Which means, when I do rage, it'll be deadly sin level.")
6. She expresses concern about being perceived as overly prideful and acknowledges feedback to tone down self-praise. (Verbatim: "Think I'm prideful. Think I'm proud. That sounds like we need to up my self-deprecation humor.")
7. She has a grandmother (nan) who is 94 years old and technologically adept, using an iPad regularly. (Verbatim: "she's 94, she's very good with technology, she uses her iPad and everything.")
8. Her grandmother strongly dislikes Facebook, criticizing it for fake news and foolish users. (Verbatim: "She is, her rants about Facebook are wild. They're straight up like, people are so stupid, they're just absolutely stupid on there.")
9. She is concerned about the future of retirement and jokes about aging VTubers, indicating awareness of common internet stereotypes. (Verbatim: "All VTubers are just old men. Yeah, can't confirm. All really, really, really, really old men.")
10. She humorously aspires to be buried with her graphics card, reflecting a deep attachment to streaming and gaming culture. (Verbatim: "I want to be buried with my graphics card, we yearn for the urn, crave the grave.") [end of text]



