1. She is not a morning person and has difficulty waking up. (Verbatim: "if i'm ever late or you're like where the heck is earlier it's it's most 1000 likely i'm asleep and i've failed my alarms and that is because i am not a morning person")

2. She sleeps very deeply and is hard to wake up, even to loud noises or emergencies. (Verbatim: "i sleep like a log i feel like my place could be on fire i could get robbed i don't know and i would not wake up i am pretty resilient to noises or anything when it comes to waking me up")

3. She needs to set multiple alarms to wake up successfully. (Verbatim: "i have to set multiple alarms i wish i was joking but i am just yeah")

4. She tends to be grumpy when first waking up. (Verbatim: "i've been told i was a little on the grumpy side when when when i wake up with it i i i quite i'm quite grumpy here")

5. She regularly streams at both 9 AM and 9 PM to accommodate different time zones. (Verbatim: "the reason why there's so many by the way if you're wondering um isn't just because i'm like i can want to spend all time all my time with you all um it's because um it's because it's because it's because i don't like time zones time zones are my enemy and i try to cover both time zones")

6. She prefers dark mode on her PC and finds light mode visually jarring. (Verbatim: "everything is dark mode except for activity feed chan has embraced light mode um it's like it stands out so much and i can't change it and it won't it won't it won't go back to dark mode and it's just so heck and bright")

7. She uses OBS for streaming and highly recommends it over other software. (Verbatim: "i don't use stream labs otherwise i use obs because if you're a streamer i highly highly highly highly highly highly highly highly highly highly recommend you swap to obs you have to i'm sorry like obs is is just it's it's superior")

8. Her chat interface is YouTube chat set as a browser source with custom CSS. (Verbatim: "for chat um that's actually just youtube chat um set as a browser source with custom css")

9. She has two mascot candidates named "Stana" and "Stanana" and holds monthly elections for fans to choose. (Verbatim: "we have two mascots we have and we have and typically we do a election each month... you can pick whichever one you want to be okay if you want to be a starting you could be a starting if you want to be a star nana be a star nana")

10. She previously streamed either in the morning or evening before debut, but now does both. (Verbatim: "prior to debut i was just doing either one or the other but now i'm doing both time zones") [end of text]



1. She has severe arachnophobia and gets unsettled by pictures of spiders. (Verbatim: "i have severe arachnophobia i get super unsettled by big pictures of spiders")
2. She believes life is too short to get angry often and strives to spread joy and kindness. (Verbatim: "i feel like life is too um short for me to get mad like i'm not one to get angry more often than not")
3. She uses a mental technique involving "filing cabinets in my brain" to manage exam anxiety, inspired by Spongebob. (Verbatim: "I just picture everything in my brain in filing cabinets, and I have to go through it all... kind of like in Spongebob but without all the fire everywhere.")
4. She once worked through exams and experienced nervousness and anxiety during them. (Verbatim: "whenever I had one, for when I used to get worried when I was doing an exam, and you're nervous, and you're anxious")
5. She does not consider herself amazing and feels others are more deserving of praise. (Verbatim: "I'm not amazing. I'm really, really, really not.")
6. She lives in England, where she comments on the typically gray weather. (Verbatim: "i'm in england so the sky is gray like there's no joke when we say that england's quite gray")
7. She references Haruhi Suzumiya and denies having god-like powers to change the world. (Verbatim: "So I- No, no, I'm not a god. I'm not heckin' um- Was it Haruhi Suzumiya? Like- I do not have the powers to change- Change the world at my whims.")
8. She mentions a fictional food called "scopsidios" which she claims is only for her consumption and causes "ridiculous levels of scuff". (Verbatim: "scopsidios are only for me to consume... it will result in ridiculous levels of scuff that cannot be escaped")
9. She identifies with the phrase "yeah yeah yeah" as a recurring expression of affirmation or emotion. (Verbatim: "yeah yeah yeah so that's how we're happy happy happy")
10. She plans to run polls on social media to engage fans on how they perceive her persona (e.g., little sister, waifu). (Verbatim: "How... Who am I? Who am I? And then there's not going to be a banana option, it's going to be like little sister, older sister, platonic friendo, and waifu for waifu.") [end of text]



1. She grew up in an emotionally lacking family where expressions of care or love were not common. (Verbatim: "I grew up in a very emotionally lacking family... wasn't one where you tell each other that you care about each other or love each other or anything like that.")

2. She identifies fully with her VTuber persona, stating that Elia Stellaria and Elenoir are both different forms of herself. (Verbatim: "technically elenoir is me so i'll take it i am elenoir elenoir is me they're both me... it's me myself and i in different forms.")

3. She embraces being "cringe" and wholesome, and rejects trying to be cool or edgy. (Verbatim: "we heckin love cringe here... I'm just never have been never will be I can't bring myself to be I just I just I can radiate fringe like and I'm just gonna accept it.")

4. She has misophonia, a sensitivity to certain sounds like eating noises, which influences her content decisions. (Verbatim: "because that's what papa elia has so i'm used to you know it's completely... it's a warning for anyone that has misophonia.")

5. Her favorite animal is cats, and she considers them the best pets. (Verbatim: "cats are the best i love cats cats are my favorite animal always in five ever.")

6. If she could have a pet other than a cat or dog, she would choose a leopard gecko. (Verbatim: "i'd have a leopard gecko i think that would be i'd like to have a leopard gecko if i could have something that wasn't a cat or a dog.")

7. She is from England, as she references hedgehogs being native there. (Verbatim: "we have them here in england just like wandering about so that's okay.")

8. She wants to cover the song "Amazing Grace" and jokes it was originally about her. (Verbatim: "i do want to cover amazing grace so that'd be a wonderful song to cover.")

9. She uses the phrase "see you later bye-suki-dai-suki-dai-suki" instead of "bye-bye" because she dislikes the word "bye-bye." (Verbatim: "it's not a bye-bye no i don't like bye-byes it's a see you later bye-suki dial bye-suki-dai-suki-dai-suki.")

10. She references being unable to yawn or pout in text commands, indicating these are known traits or quirks associated with her persona. (Verbatim: "i'm not freeing the yawn no no no no... now i'll just just break yay skittles arigato.") [end of text]



1. She is grumpy when waking up and prefers to sleep in. (Verbatim: "i'm quite grumpy here it'll be like they got earlier i'm like no five more minutes yeah so yeah naps naps city naps are the way")

2. She enjoys napping and considers naps highly important. (Verbatim: "naps naps city naps are the way naps supremacy yeah let's have our naps")

3. She grew up with two cats, one of which was particularly attached to her. (Verbatim: "i grew up with a cat and my cat i grew up with two cats and my the one that was more like my cat was always always always making noise in the night")

4. Her childhood cat used to wake her up at night by making noise and once sat on her head. (Verbatim: "my cat used to sit on my head too um but i wouldn't wake up my cat would try to wake me up")

5. Her cat used to hunt and bring live animals, especially baby sparrows, to her doorstep. (Verbatim: "the most common animal my cat used to bring in would be a baby sparrow yeah we had a lot of sparrows where i lived")

6. She once rescued an injured baby blackbird and went to great lengths to find a local charity that would take it in. (Verbatim: "i put it in a little shoebox with some bread and then i tried to call up different places to be like hello i have injured bird is for you")

7. She dislikes using the phone and finds it terrifying. (Verbatim: "i don't like using the phone as as we know using the phone is terrifying")

8. She used to keep spiders in the house as a child and wasn’t afraid of them until influenced by classmates. (Verbatim: "i used to not be scared of spiders at all and then i remember when i went to school and all the other girls in my class were like freaking out over spiders")

9. She is specifically afraid of spiders with thick legs, which she calls "chunky boy spiders," but is okay with thin-legged ones. (Verbatim: "if they're um it's because we the wait let me show you we have um most of our spiders here look like this... but when their legs are thick then then then i um then i worry")

10. She grew up in an old house with a unique ceiling material that made noise when daddy long legs walked on it, which used to stress her out. (Verbatim: "we had this like really awful flammable material on the ceiling that needed removing... it was really loud when the daddy long legs would like like land on it so I could hear them in the night") [end of text]



1. She grew up in England and refers to British English terms, such as calling ladybugs "ladybirds." (Verbatim: "we don't call them ladybugs here in england okay we don't call them ladybugs here")

2. She had a childhood desire for a pet, which she fulfilled temporarily by keeping a ladybird as a pet. (Verbatim: "i really wanted i really wanted a pet so i got myself a pet i call myself a lady bird")

3. As a child, she kept a ladybird in an airtight see-through container with a plastic leaf, not knowing it needed real food and air. (Verbatim: "i put it in this airtight see-through box... i chopped off the plastic leaf and then i put that in the box")

4. She experienced sadness and guilt as a child when her pet ladybird died, believing she had failed as a caretaker. (Verbatim: "absolute shock horror what how did it die... i was such a good ladybird mother what what")

5. Her family moved to a second home during her childhood where they had a garage-like outbuilding that became a seasonal nesting site for ladybirds. (Verbatim: "in the second home um we had this like garage thing... the whole ceiling inside this garage would become ladybirds")

6. The ladybirds stopped coming to the family’s outbuilding after the roof blew off during a windy day in England. (Verbatim: "one year the garage roof blew off on like a really windy day so i don't think they came back after that incident")

7. She has a strong dislike of winged insects, particularly those that are large and fly, such as crane flies (called daddy longlegs in the UK). (Verbatim: "it's got wings i don't like it when it's got wings okay it it's got wings we don't like it")

8. She recalls that children in her school used to cruelly catch daddy longlegs and rip off their legs, though she personally refused to participate. (Verbatim: "a lot of kids in school used to do this... rip off some of its legs... i didn't because i wasn't going near it")

9. She and her brothers used to collect wood lice (roly-polies) and play with them as children, considering it relatively harmless. (Verbatim: "me and my brothers would collect them and then just like play with them like because they're small balls")

10. She encountered a large ball of baby spiders near a garage and accidentally touched it, causing her parents to become very upset. (Verbatim: "gosh my parents were so mad they were so angry... i touched it") [end of text]



1. She has a fear of bugs being dangerous, stemming from a jungle trip where many bugs could harm her. (Verbatim: "when i was like in the jungle there's so many bugs that can hurt you i'm not used to it i'm just not used to it like i'm just not used to bugs being a thing")

2. She previously lived in or visited a jungle environment where she encountered many dangerous insects. (Verbatim: "when i was like in the jungle there's so many bugs that can hurt you... oh don't touch that that'll injure you don't touch that that'll hurt you i'll don't touch that i'll kill you")

3. She formed a bond with a pet black widow spider during her time in the jungle, which she considered a friend and protector. (Verbatim: "it was my pet black widow spider... it defended me from the other bugs it had a really really really strong web")

4. She is from England, where she notes bugs are generally harmless compared to other regions. (Verbatim: "i'm in england so it wasn't it wasn't the one in this picture... there's no reason to be afraid of bugs in england to be honest")

5. She strongly dislikes wasps, calling them "stupid angry angry angry bug[s] in the bin". (Verbatim: "unless it's wasps wasps can go in the bin stupid wasps stupid angry angry angry bug in the bin")

6. She hand-washed clothes while in the jungle, using a personal laundry line. (Verbatim: "each person had their own little like laundry line area because you always had to you know constantly well hand wash your clothes")

7. She used a stick to gently move a spider’s web out of the way while doing laundry, showing care for the creature. (Verbatim: "i got my stick my trusty old stick and basically just like moved the web and then like transferred the web to another part")

8. She took pictures and videos of her pet spider fighting other insects like a mantis and catching a cicada. (Verbatim: "i have one of it catching a cicada like i heckin got it fighting everything... i started taking pictures of it and videos of it")

9. She defended her pet spider from others who wanted to remove it, insisting it was useful and harmless to her. (Verbatim: "some people freaked out and they were like shouldn't and i was like no no i'm keeping this this spider gets rid of all the other scary bugs so i'm keeping it")

10. She expresses empathy toward people with fears and believes no one should be embarrassed of their fears. (Verbatim: "i don't think anyone should ever be embarrassed of their fears you know like a fear is just a human instinct to protect yourself") [end of text]



1. She has experience working as a coder and has worked at a workplace where her code was reviewed by others. (Verbatim: "i bet there's people at my old workplace looking through my absolute gibberish spaghetti code and is like did we just pay her to like write random thoughts")

2. She struggles emotionally with coding and often feels bad while doing it, even as an experienced developer. (Verbatim: "you could be a heckin senior developer and have been like you know coding for god knows how long and it's still gonna happen... that feeling never goes")

3. She leaves playful and encouraging comments in her code, often using emojis or messages to future readers. (Verbatim: "i leave a lot of cute comments... like dear future reader of this comment have a nice day")

4. She finds debugging code to be a painful and frustrating experience. (Verbatim: "debugging pain the bug the bug pain the bug pain honestly i have too many memories of just my head against my keyboard")

5. She believes that feeling incompetent while coding is universal and normal, even for experienced developers. (Verbatim: "that is how we all feel that is how we all feel all the time")

6. She discovered her passions by identifying activities that caused her the least mental discomfort while learning. (Verbatim: "it was more like things that didn't hurt my brain so much when i was learning about it that's how i discovered what i enjoy")

7. She finds studying or intense learning mentally exhausting, comparing it to putting her brain on a treadmill. (Verbatim: "studying always felt like putting my brain on a treadmill and i'd be so tired i'd be like i need a nap")

8. She is self-deprecating about her intelligence, joking that she frequently loses brain cells or is wrong. (Verbatim: "i didn't lose my brain cell you guys are just borrowing it... it's not always right well no it's usually wrong")

9. She enjoys editing, graphic design, and creative tasks, especially when time passes quickly while doing them. (Verbatim: "when i'm doing like editing or graphic design or anything... that is when time would pass really really really fast")

10. She embraces being wrong as part of learning and believes constant correctness is suspicious or unhealthy. (Verbatim: "i think it's good to be wrong because something's wrong if you're always right") [end of text]



1. She participated in poetry slams to overcome her social anxiety and communication difficulties. (Verbatim: "it was more like a thing to participate in to try and cure me of my cure um like help me with my absolute inability to communicate")

2. Performing poetry—writing and performing it live on stage—was a terrifying experience for her. (Verbatim: "you have to write it and then you can like act it out... so it's it is scary")

3. She pushes herself to do things she doesn’t want to do in order to grow personally. (Verbatim: "i always force myself into doing things i don't want to do per se to help me as a person in the long run")

4. She does not want to live with regret and is motivated by her parents’ constant expressions of unfulfilled potential. (Verbatim: "i grew up with parents that complained every day to me about how much potential they have... i don't want to look back in life and regret not trying")

5. She considers herself very ambitious but sometimes wishes she could just enjoy life without that drive. (Verbatim: "i'm a very ambitious person but... i wish i could just enjoy things without being ambitious")

6. Her work ethic is all-or-nothing: she is either completely unproductive or intensely productive. (Verbatim: "i'm actually a zero or 100 kind of productive kind of person... there's no in between")

7. She struggled with self-worth in college, believing she was lazier and less productive than others. (Verbatim: "i remember going through like college and stuff thinking wow everybody in life is so much more productive than me")

8. She was raised to believe she must always try her hardest, which contributed to her pressure to be constantly productive. (Verbatim: "i was raised to be like you must always try your hardest always and five ever or else")

9. She believes it’s okay to rest and that being lazy isn’t inherently bad. (Verbatim: "it's okay to chill it's okay to chill it's completely okay to chill")

10. Her debut as a VTuber was funded by a generous supporter she refers to as "my queen." (Verbatim: "my debut funds all from my queen they removed attaching a gift") [end of text]



1. She attended a special maths class in secondary school for students considered gifted, though she felt she didn’t belong. (Verbatim: "in school i had maths class and um and i was in you know the special maths class for the people with the brains maybe i don't know what i was doing in that class i don't i didn't feel like i deserved to be in that class")

2. She completed her GCSE maths exam a year early. (Verbatim: "we finished doing the gcse early by like a year")

3. After finishing GCSE maths early, she spent her final year of maths class doing Sudoku puzzles instead of advancing to A-level maths. (Verbatim: "we were given the option because we still had another year... or we can play sudoku for the year um and obviously we picked sudoku for the year")

4. She has a dog named Lila (or Lylan), who recently received a box of toys. (Verbatim: "i think that was lila's new ball maybe just heard lylan playing around with her new ball")

5. Her dog’s current favorite toy is a blue bone-shaped chew toy that makes a loud, unpleasant noise when chewed. (Verbatim: "my dog's favorite toy at the moment is like this like blue bone thing that she chews... it makes this awful noise when she chews it i really don't like it")

6. She dislikes the sound her dog makes while chewing her blue bone toy, finding it physically cringe-inducing. (Verbatim: "it makes me cringe the noise that it makes when she chews it... it hurts it hurts it hurts it hurts it hurts me")

7. She had a teacher in school who initially seemed very intimidating due to her serious demeanor and appearance but turned out to be kind and funny. (Verbatim: "she gave off really scary vibes... but with our class she was always really chill and really kind and and actually like really funny")

8. She experienced bullying during school, particularly within her tutor group, which she described as a “rough” class. (Verbatim: "that's the one that's like where i i had the unfortunate the unfortunate um you know time with bullies like most of the time would be would be in there")

9. Her school tutor group was so disruptive that they went through seven different teachers. (Verbatim: "we actually went through seven different teachers because none of the teachers could handle the class")

10. She values self-kindness and encourages her audience to be gentler with themselves, reflecting on her own struggles with self-pressure. (Verbatim: "started taking those taking that pressure off myself it definitely helped and i hope that some of you guys can do that and be kinder to yourself") [end of text]



1. She uses Reddit and sometimes posts there, often scrolling before sleep. (Verbatim: "you'll see me on there sometimes it's my where i um scroll before i sleep")  
2. She has a habit of posting on social media (Reddit and Twitter) and then hiding to avoid seeing reactions. (Verbatim: "i'm the kind of person to post and hide um i do it on twitter as well post and hide post and hide")  
3. She struggles with the fear of her posts flopping, so she avoids checking replies to protect her feelings. (Verbatim: "what if it flops can't tell if it flops if i hide ha ha ha ha ha ignorance is bliss")  
4. She wants to respond to everyone but avoids doing so to prevent fans from feeling neglected or upset. (Verbatim: "i want to like and reply to everybody but i also don't want to cause any issues with like oh she didn't like my thing")  
5. She is currently learning Japanese, starting with basic phrases like "konnichiwa." (Verbatim: "i am taking lessons um but the only lesson i've had is like an introduction it's konnichiwa konnichiwa eri")  
6. She identifies strongly with being "cringe" and embraces it as part of her identity. (Verbatim: "i am cringe incarnated um and oh gosh i have some cringy stories i can't i can't i can't cope")  
7. She has repressed many memories from her childhood due to extreme cringe and embarrassment. (Verbatim: "i've literally like it's so bad i've erased it from my memory that's how bad it is")  
8. She has an alternate persona named Elenoir, a darker-themed form with a different voice. (Verbatim: "elenoir is like my alt form um the one heard this voice it'll be the form that i use when i swap to this voice")  
9. Elenoir will have a low-key debut, likely on YouTube Shorts, and not a full-scale event. (Verbatim: "it'll probably be a much less it'd be a much lower scale debut i think")  
10. She has a fictional brother persona, "Ellie Bro," who is a male version of herself and was the one who introduced her to VTubers. (Verbatim: "ellie bro would actually want to be a vtuber um and was the one that introduced me to vtubers") [end of text]



1. She attended university (uni) in the past. (Verbatim: "i remember because i was at uni and it went off and i had been panicked")
2. She has a fear or strong aversion to traditional alarm clocks with bells, especially after a panic-inducing experience. (Verbatim: "i panicked so hard... i just broke the top of it off")
3. She once destroyed an IKEA alarm clock by ripping off the bell part because she couldn’t turn it off. (Verbatim: "i ripped off the ding ding part that hits the bell because that was clearly the only solution")
4. She experienced extreme panic in the dark while trying to silence the alarm clock during her university days. (Verbatim: "i was so stressed i was so panicked it was so dark i was so like like worried i was like shut up")
5. She finds mobile alarms that run away from you to be an “absolute evil invention.” (Verbatim: "blake there are alarms that go mobile and run away from you till you catch it and shut it up absolute evil invention")
6. She once missed six alarms set for a 4 AM stream and felt terrible about it. (Verbatim: "i just missed six alarms for your stream at 4am the other day and i feel so bad i wanted to cry")
7. She drinks water during streams and acknowledges it as a positive habit. (Verbatim: "oh gosh you'd be so proud of me I'm drinking water")
8. She sets low expectations for audience turnout to avoid disappointment. (Verbatim: "i don't like to expect much because then i can't be disappointed")
9. She gets nervous that no one will show up to her streams, and this feeling persists despite her success. (Verbatim: "i still get nervous no one will turn up you know like i don't think that'll ever go")
10. She is aware of regional differences in terminology, such as “ladybird” vs. “ladybug” and “Daddy Long Legs” referring to a crane fly in England. (Verbatim: "Daddy Long Legs in England is not the same as a Daddy Long Legs elsewhere. A Daddy Long Legs here is a crane fly apparently") [end of text]



