1. Her dream since childhood was to make people happy. (Verbatim: "my dream my answer when i was little though was just to make people happy and i think i'm doing that")

2. She struggled with social anxiety in school and chose drama to overcome it. (Verbatim: "back in school when i made the choices for like my gcses i actually chose drama so i could learn to not be mute and face my social anxiety")

3. She has a strong interest in computers but initially believed she couldn't pursue it due to her academic choices. (Verbatim: "i heckin love computers... i always thought that was a big mistake because i was like oh no i can't do anything computer like because i don't have the computer stuffs")

4. She previously worked as a developer for a financial company but felt unfulfilled. (Verbatim: "when i was being a developer then i don't know like for a financial company working on that stuff i just didn't feel very happy")

5. She holds degrees in science-related subjects. (Verbatim: "i picked science science and the science um")

6. She believes that career paths and opportunities remain open regardless of past choices. (Verbatim: "doors are always there they're just you just assume they're locked but they're not")

7. She used to rely on official streaming platforms like Crunchyroll to watch anime. (Verbatim: "I use things like Crunchyroll and High Dive")

8. She identifies as a law-abiding citizen and emphasizes not engaging in piracy. (Verbatim: "I'm a law-abiding citizen... I'm not a pirate")

9. She values happiness and choosing paths that open doors rather than sticking to rigid plans. (Verbatim: "i always try to just go for what makes me happy and what opens the most doors")

10. She once feared she had wasted her education by becoming a VTuber, but rejects that notion. (Verbatim: "a lot of people say to me oh ellia aren't you wasting your degrees... i'm like it's the knowledge is still in my brain") [end of text]



NO RELEVANT INFORMATION [end of text]



1. She identifies with being a "screamer" character, comparing herself to Tanjiro from Demon Slayer. (Verbatim: "Wait, am I a screaming character? Wait, am I? Am I? You scared me! You scared me! Don't cry, I got scared!")

2. She wants to be welcoming and not an "acquired taste" to new viewers. (Verbatim: "I want to be welcoming, I want to be welcoming. Um, um, but I hope I am, I don't know.")

3. She is an over-worrier but is actively working on it. (Verbatim: "I'm an over-worrier, so, yeah, yeah, I'm a over-worrier, but I'm working on it, I'm working on it, I'm working on it.")

4. She enjoys visually appealing anime, particularly praising the animation of Demon Slayer. (Verbatim: "The animation is wonderful... The animation is beautiful. I cannot fault the beautiful animation of this series.")

5. She dislikes excessive advertisements in cinemas, especially when watching shorter anime films. (Verbatim: "if it's like 49 minutes long and you have like 30 minutes of adverts that's more than half the time that you spend watching the thing on adverts.")

6. She prefers cozy, premium cinemas with sofa seating and in-theater service when available. (Verbatim: "you get these like um sofas sofas with cushions and they bring you like like food to your little table yeah with waiters.")

7. She has trouble staying awake in comfortable cinema settings due to relaxation or exhaustion. (Verbatim: "i get too cozy and i worried that i might fall asleep.")

8. She previously experienced significant stress and sleepless nights, particularly during her mini-debut preparation period. (Verbatim: "i wasn't doing very well um i was very stressed... i was having like full sleepless nights.")

9. She uses watching action films, like John Wick, as a way to mentally disconnect during stressful times. (Verbatim: "i went to watch john wick for um i didn't realize what a long film that was gonna be... it worked it took my mind off it.")

10. She traveled to Scotland specifically to watch the film *A Silent Voice* upon its release. (Verbatim: "i traveled all the way to scotland to watch a silent voice when it came out.") [end of text]



1. She holds a bachelor’s degree and originally studied biology and chemistry before specializing in animals and switching to computing. (Verbatim: "for my bachelors um i originally started doing bio and chem dropped chem did bio then specialized in animals then went to computing")

2. She has difficulty accepting unrealistic science in anime, especially when she expected more realism. (Verbatim: "i went in hoping it would be more yeah i think it would have been much cooler if it was more realistic but i guess they really wanted to push the story more")

3. She enjoys binge-watching anime and finds it hard to restrain herself from watching episodes immediately. (Verbatim: "heck yeah i love binge watching okay it's very hard do you find that like okay so for any seasonal anime watchers do you find that like you'll be like okay i'm gonna restrain myself")

4. She likes watching anime while eating, which she considers the best way to enjoy it. (Verbatim: "yeah i will normally watch it when i eat eating it eating it eating while i watch is usually best")

5. She is self-conscious about her voice and does not feel confident in her singing ability. (Verbatim: "I don't like my voice, which makes it hard... I don't feel like I'm a good singer. I could, I have to practice more, I think.")

6. She aspires to record song covers in the future, though she acknowledges it may take a long time. (Verbatim: "If I was to do a cover, it might be, might be in a, um, long time.")

7. She practices singing while doing chores, indicating it's a recurring habit. (Verbatim: "I can do my singing practice while I do chores")

8. She owns a pet cat named Stelila, who has playful and mischievous behavior. (Verbatim: "my cat dog, Stelila, had decided to act like a chicken, and nest on top of it")

9. Her cat Stelila has a habit of nibbling and throwing socks, sometimes attempting to throw them out the window. (Verbatim: "she likes to nibble my socks, and make holes in them... she was throwing socks at me this morning... she almost threw it out the window once")

10. She highly recommends the anime *Oshi no Ko*, especially for viewers going in without spoilers, and found the first episode emotionally impactful. (Verbatim: "for Oshinoko, I highly recommend. Yeah, it's best to go in blind... I was crying. Um, a little bit, a little bit.") [end of text]



1. She owns at least three Megaman figurines, all of which were gifts or inherited from her older brother. (Verbatim: "I have at least three megaman figurines... all of them were presents... mostly the girly figurines... ended up becoming mine because when i was at home my older bro would have them...")

2. She has a Megumin cosplay that she bought for herself and has worn, which Speaker has seen. (Verbatim: "the megumin cosplay was one i bought myself... can confirm one person has seen my megamin cosplay speaker speaker has seen it")

3. She owns a maid outfit cosplay that no one has seen yet and jokes about being a clumsy maid. (Verbatim: "no one's seen my maid outfit yet yet... oh gosh i would not make a good maid i'm pretty clumsy")

4. She finds reading light novels relaxing and plans to read the Konosuba light novels after watching the anime. (Verbatim: "i feel like reading light novels is really relaxing... i think i will start reading the light novels i think um because i've been wanting to read the light novels um for for a while")

5. She avoids media and games associated with controversy, particularly due to the creator of Harry Potter, to maintain a peaceful persona. (Verbatim: "i don't get too much into harry potter because i don't like anything um controversial and i believe that harry potter is now falls under controversial because of its author... i'm a peaceful punk")

6. She is interested in apocalyptic survival settings in media, like *The Last of Us*, but jokes that she would not survive an actual apocalypse due to laziness. (Verbatim: "i quite like that setting though i find i find that setting kind of interesting... if an apocalypse happened... i just can't be bothered")

7. She enjoys the anime *Konosuba* and specifically likes the character Megumin and her explosion magic. (Verbatim: "i could love megamin... i'm enjoying it yeah yeah yeah megamin is but i know as well and it's got your school setting... her magic the explosion magic")

8. She previously inherited figurines from her brother when her parents corrected mistaken ownership, leading to her collecting "waifus." (Verbatim: "my parents would be like oh no ellia's stuff has been stolen... so then they became mine and i was like yoink so i don't know if they count as presents but yes that's one way")

9. She considers Halloween costumes fun and has her Megumin cosplay ready for emergency use, though she rarely goes out. (Verbatim: "i always think i could make it a good halloween costume then i realized i need to actually go out on halloween but i got the costume ready for like emergency halloween things")

10. She is aware of and references anime culture, tropes, and naming puns, such as joking about "Huffle Buff" as a play on Hufflepuff. (Verbatim: "i'm a huffle yeah anime our beloved don't worry we don't need harry potter we got Marshall") [end of text]



1. She is in the process of creating her final VTuber model, which will replace her current temporary one. (Verbatim: "this isn't even my final form... i am in the process of sorting out a proper form")

2. Her final VTuber design will include plaits, hair buns, wings, a jacket, a pleated skirt, a bag, and a bow tie, combining a British scholar aesthetic with kawaii Japanese elements. (Verbatim: "i'll have my plaits and my bag and my wings and and i'll still have the hair buns... british scholar mixed with like kind of cute cuteness yeah so like mixed with kawaii")

3. She identifies as a celestial messenger within her VTuber lore. (Verbatim: "now i'm a celestial messenger")

4. The ribbon on her wings is meant to represent her hairband, which accidentally got caught on her wings in the lore. (Verbatim: "the ribbon on my wings is actually my hairband that supposed to um that ties around the back but accidentally got caught on my wings")

5. She has a dynamic chest feature in her model, which she may adjust with a slider in the future. (Verbatim: "it's a dynamic chest... maybe i can get a slider")

6. She dislikes blood tests due to painful experiences, including bruising, lethargy, and nurses struggling to find her veins. (Verbatim: "i don't like going to get my blood tested... she goes stabby stab stab and then she's like oh sorry i can't use this arm")

7. She suspects her fatigue and oversleeping may be related to anemia and acknowledges she has been avoiding regular blood tests. (Verbatim: "i do think it's anemia related... i've been bad and not had my blood test that i should be having every two months")

8. She struggles with sleep regulation, often oversleeping and losing full days to sleep, which makes her feel sad. (Verbatim: "i lost yesterday to sleeps... if i fall asleep and lose the whole day i get real sad")

9. She enjoys rom-com anime, especially those that incorporate gaming themes. (Verbatim: "i'm a sucker for rom-coms... i like plots with which integrate gaming into it")

10. She dislikes NTR (netorare) themes in anime and prefers "vanilla" romantic content. (Verbatim: "i don't like that vanilla best tag no wait for real for real no... i'll watch it and cry if there's any ntr") [end of text]



1. She is British. (Verbatim: "i'm british so like high school makes me think of secondary school")  
2. She has trouble understanding star maps and finds them difficult due to struggling with maps in general. (Verbatim: "i struggle with maps so like show me a star map and i'm like how the heck am i supposed to figure this out")  
3. She is interested in celestial themes and finds observatories cool. (Verbatim: "i heckin love um celestial kind of themes so yeah yeah yeah yeah yeah")  
4. She has never been to an observatory. (Verbatim: "i've not i've never been to an observatory but they look really cool")  
5. She currently cannot legally buy alcohol because her ID has expired. (Verbatim: "in terms of alcohols i currently cannot buy any um yeah so there's that problemo")  
6. She gets ID'd when attempting to buy alcohol. (Verbatim: "i do get id'd and i normally say i always keep my id on me")  
7. She used to carry her ID with her regularly. (Verbatim: "i always keep my id on me")  
8. She dislikes the idea of dying in real life due to dying in an isekai world, preferring video games instead. (Verbatim: "i think i would rather just play a video game so yeah yeah yeah yeah yeah")  
9. She enjoys villainous trope isekai stories, especially in manwha form. (Verbatim: "i hate to love my villainous isekais... i've read so many villainous um mom was like i feel like i've read most of them now")  
10. She enjoys romance slice-of-life anime with realistic elements, such as star facts. (Verbatim: "it's a romance slice of life so a slice of life yo give me them realistic star facts") [end of text]



1. She lived in a remote jungle for several months conducting scientific research. (Verbatim: "i lived in the jungle doing some scientific research it was very very very very remote i've never lived so off grid")

2. She has a strong appreciation for stargazing and the night sky, which she missed growing up. (Verbatim: "one of the reasons why i really like the idea of seeing like stars and the night sky is probably because i didn't really get to see it much um growing up")

3. She finds the experience of seeing the night sky in the jungle one of the most beautiful and memorable, though she couldn't capture it on camera. (Verbatim: "looking up at night time yo was like it was really really cool i wish i could have showed y'all... i couldn't capture it with a camera")

4. She currently lives in England, where she notes significant light pollution. (Verbatim: "now i'm back in it well england it's it's light pollution everywhere")

5. She expresses concern about the conflict between reducing light pollution for wildlife (like bats) and public safety in cities. (Verbatim: "bats or crime crime or bats... that kind of difficulty that that is is sort of yeah um yeah it is sad")

6. She dislikes yellow-orange street lamps, which she finds eerie and reminiscent of horror films. (Verbatim: "i always find those yellow orange lamps really really scary they give me such a horror film kind of vibe")

7. She owns a pet she calls a "cat dog," which is a dog that acts like a cat but requires daily walks. (Verbatim: "i've got a cat dog is a dog that's like a cat but has to have walks outside")

8. Daily walks with her pet force her to go outside, which she acknowledges is beneficial for sunlight and vitamin D. (Verbatim: "forces me to touch grass every single day... i gotta get my sunlight")

9. She is interested in watching the anime "Skip to Loafer," which she describes as a cute romance comedy slice-of-life. (Verbatim: "i kind of want to watch this it looks cute... it's a romance comedy slice of life so right up my alley")

10. She prefers using the website "chart any chart dot net" for checking information, appreciating its simplicity. (Verbatim: "i'm using any chart any chart dot net um which is what i've always used to check hmm i think i quite like how simple their their thing is") [end of text]



NO RELEVANT INFORMATION [end of text]



1. She previously worked in IT support and development. (Verbatim: "i used to do a lot of uh it support um and development and stuff like that")
2. She faced workplace challenges due to being a younger woman, including being dismissed and asked for second opinions despite her expertise. (Verbatim: "typically unfortunately because i'd be younger and a girl they'd normally ask for another opinion because they'd be like this girl doesn't know anything")
3. She has experience installing software on outdated or inadequate systems, sometimes taking an entire day due to slow servers. (Verbatim: "the installation on a normal pc wouldn't take very long... but sometimes it would take me like the whole day")
4. Some companies she worked with used extremely outdated technology, such as Windows XP or ran servers from laptops or Microsoft Surface tablets. (Verbatim: "they'd be running their servers on like i don't know windows xp or something stupid")
5. She encountered resistance from clients who expected technical fixes without investing in proper upgrades. (Verbatim: "can you fix it in a way that doesn't involve me spending money to upgrade it and i'm like no")
6. She has experience with data analytics and is familiar with tools like Excel, VBA, and R. (Verbatim: "for like data analytics and stuff we'll use like all these very very odd excel sheets... you sure you don't want to move to like r")
7. She expresses frustration with corporate priorities that favor profit over quality, especially in media sequels. (Verbatim: "from a corporate perspective they can be like well it's guaranteed to make us money... there's no pressure to even make this one good")
8. She enjoys watching anime, particularly isekai, which she refers to as her "junk food" and "anime diet." (Verbatim: "i can't resist isekai trash... okay okay it's my junk food i need it")
9. She is critical of high levels of cringe in anime and evaluates shows based on their balance of enjoyment versus cringe. (Verbatim: "you gotta make sure that your junk food hasn't got too high a cringe levels")
10. She has a habit of collecting anime to watch in the future, categorizing some as "future junk food." (Verbatim: "it's gonna be my future future junk food... might as well watch it um but not anytime soon") [end of text]



