1. She associates herself with an orange cat, referencing Garfield. (Verbatim: "everyone's calling me garfield it's saying i'm orange")
2. She has a brother whom she refers to as her "brother in christ" and has a playful, teasing relationship with. (Verbatim: "my brother in christ won't hacking answer me")
3. She does not consider herself the funny one from her school days. (Verbatim: "in class i was not the funny one i was not the funny kid")
4. She dislikes the combination of mint and orange juice, finding it gross. (Verbatim: "mint and then orange juice gross i find that awful")
5. She has tried a cola float but found it weird and is open to trying a root beer float in the future. (Verbatim: "when i had it with cola it was just kind of weird... next time i'm at like some kind of restaurant that has root beer floats i will try it")
6. She grew up watching movies with her father every weekend, indicating a close past bond. (Verbatim: "i'm the one who watched movies with him every weekend")
7. She feels emotionally affected by not being seen as a favorite child in her family. (Verbatim: "that's not fair just because i'm not there you hate it snuck in... i'm nobody's favorite")
8. Her godparents are her uncles and aunts, and she believes she got the worst ones. (Verbatim: "our godparents are like our parents decided to make our godparents our uncles and aunties... i got the worst i got") [end of text]



NO RELEVANT INFORMATION [end of text]



NO RELEVANT INFORMATION [end of text]



1. Her godparents are her uncles and aunties, and she has a strained relationship with one of them due to their racist and sexist views. (Verbatim: "our godparents are like our parents decided to make our godparents our uncles and aunties... they're rich and they're sexist and they're racist they're awful they don't like women and people from other countries")

2. She is half-Asian, which was forgotten by her aunt during a racist rant in a family group chat. (Verbatim: "forgetting that we're half asian... she made a very very racist joke that i cannot say")

3. Her younger brother is nicknamed "little ellie bro" and sometimes "skibbity bro" by chat; he is taller than her now. (Verbatim: "younger brother little ellie bro like yeah i guess... skibbity bro is like taller than both of us")

4. She has a complicated family dynamic and feels like the "black sheep" due to unmet expectations, though she believes they are proud of her despite not understanding her work. (Verbatim: "i think i'm the one where they had expectations and then lost said expectations... they're proud of you they don't really know what you're doing to even understand it")

5. She lives in a green, grassy area but does not go outside often, and when she does, it's for exercise. (Verbatim: "i live in a green area green where there's grass... i do a lot of exercise so i sweat a lot")

6. She used to live at home and had a makeshift desk made of a chest of drawers with no leg room, which affected her posture. (Verbatim: "that was when i was back living at home and i had that desk that wasn't a desk it was a chest of drawers... that's why my legs are always up because there was no leg room")

7. She dislikes doing laundry regularly and admits to doing it only once every one to two months, depending on need. (Verbatim: "once to twice a month... it depends if you want to like i i gotta clean my sheets on my bed so and like all this clothes that pile up")

8. She bathes and showers occasionally, but it's not a strict routine, and she lets chat influence her decisions about hygiene. (Verbatim: "i might have a shower i don't know... i like having chat make all my decisions for me")

9. She has appeared on a podcast where she rambled about random topics, including her laundry habits. (Verbatim: "i don't remember most of my podcasts is like me rambling about random stuff i said i was doing my laundry")

10. Her father encouraged her to post travel photos (e.g., from Japan or LA) in the family group chat to "one-up" her cousin, but she refused out of disinterest. (Verbatim: "dad was like why why don't you put photos in the family group chat i'm tired of your cousin showing off... i couldn't be bothered i'm sorry") [end of text]



NO RELEVANT INFORMATION [end of text]



1. She identifies as a VTuber but with caveats, suggesting her status is unconventional or self-deprecating. (Verbatim: "i'm a vtuber with a bunch of asterisks where i had a body i no longer have a body")
2. She refers to herself using a digital avatar, describing her current form as not a physical body. (Verbatim: "i mean i guess i'm a png youtuber but that's not my actual body")
3. She previously played Dota 2 during university and had a significant phase of addiction to it. (Verbatim: "i had a phase where i got addicted to dota 2 back in university")
4. She played Dota 2 cooperatively with a friend against bots on the hardest difficulty, creating their own character lore as a meme. (Verbatim: "we didn't like care about the lore and what so we made our own lore about each characters and then had like it was more of like a meme thing")
5. She expresses discomfort with Twitch, citing unfamiliarity with the UI and inability to use ad blockers. (Verbatim: "twitch scares me... i never got used to the ui 10 plus years ago and i never did to this day")
6. She lives in a house share in the UK and references financial struggles. (Verbatim: "i'm in a house share i've already said this on my podcast... i'm poor")
7. She maintains a YouTube diary that she keeps private and does not want others to access. (Verbatim: "you will get access to my fringy youtube diary... i maintain a very specific distance from my family in general")
8. She jokes about her age, refusing to confirm it and noting that others claim she is 50,000 years old. (Verbatim: "they don't know my age by the way according to them i'm 50 000 years old")
9. She has a sibling, referred to as "Skibbity Bro," with whom she has a close but teasing relationship. (Verbatim: "skippity bro skippity bro skippity bro skippity bro hello it's your sister")
10. She owns various merchandise, including a sword keychain, dice, tarot cards, and a hoodie, indicating personal branding efforts. (Verbatim: "um dice tarot card i don't know yo... a sword keychain yeah a hoodie") [end of text]



1. She attended Catholic school and studied Christianity and Norse mythology. (Verbatim: "i don't remember really being brought up in catholic school i like we did a lot of religious studies in catholic school it's christian and norse mythology")

2. She identifies with middle child syndrome and feels overlooked. (Verbatim: "i'm middle child syndrome through and through okay forgotten middle child energy is too real")

3. She plays League of Legends and considers it a recurring activity. (Verbatim: "i gotta go have a bath see this and then sleep fine next time we'll play league of legends")

4. She has played games on both NA and EU servers, preferring the lower ping of EU servers. (Verbatim: "when i play on eu i'd have like seven ping i missed seven ping")

5. She jokes about being sustained by "ellium" instead of regular food, implying a fictional or humorous in-character resource. (Verbatim: "what money i live out of ellium to require any other kind of resource or nourishment other than ellium")

6. She mentions looking younger than she is and still being ID'd, indicating her age is not publicly confirmed but she appears youthful. (Verbatim: "i've always been told i look younger and i know i still get heckin id'd")

7. She expresses interest in doing a collab with someone named Penumbra. (Verbatim: "i need to do a collab with penumbra as well")

8. She references "Overgoose" and a "nautical cult" in jest, suggesting it's part of her channel's inside lore or humor. (Verbatim: "praise be to the over goose on this most holy of me" and "nautical cult and overgoose guys it's not a cult")

9. She has low self-esteem and jokes about it during interactions. (Verbatim: "sorry i have very low self-esteem oh yo same")

10. She is aware of Friday the 13th superstitions and finds them amusing, referencing religious and cultural origins. (Verbatim: "i forgot today is friday the 13th that's crazy you guys had spooky days") [end of text]



1. Her birthday is on March 7th. (Verbatim: "because march 7th my birthday birthday soon tm just kidding it's still a while away")

2. She had to take cod liver oil as a child, which she disliked. (Verbatim: "i used to always have to have um cod liver oil yeah i was always having them fish oil things yeah right but they were like this should make you smart it sounded it sounds as disgusting as it tasted")

3. She struggled with being told her natural voice wasn't suitable for being a VTuber. (Verbatim: "i remember being extremely discouraged and like literally told that i couldn't be like a good vtuber because of my voice because my voice wasn't like the cutesy vtuber voice")

4. She previously worked on developing a higher-pitched voice to fit VTuber expectations. (Verbatim: "maybe the only reason i can do the high-pitched voice was because i remember before becoming a vtuber working really hard to learn how to do a higher-pitched voice")

5. She prefers using her natural voice for better expressiveness. (Verbatim: "i just feel like i can't be as expressive if i don't use my right voice you know")

6. She has a two-meter goose plush. (Verbatim: "back to my two meter goose plush man")

7. She considers herself talkative or a "yapper." (Verbatim: "i'm quite a yapper yeah it makes me realize maybe i do yap quite a bit")

8. She experienced a dream where she was criticized for her voice as a VTuber. (Verbatim: "it's in a dream that i had i was told this but yeah and then they they weren't that happy when i actually used my real voice")

9. She is considering starting an anime discussion series. (Verbatim: "maybe i'll look into more doing the anime talking so i think it'd be a fun kind of series to talk anime")

10. She associates vitamin gummies with childhood and finds them enjoyable. (Verbatim: "they're gummy bears and they're yummy yeah ah definitely is there such thing as too many how many am i supposed to take i want to eat all of them") [end of text]



NO RELEVANT INFORMATION [end of text]



1. She is a British VTuber. (Verbatim: "yeah i'm elia scolari a british vtuber")
2. She has been away from playing TFT for a long time, indicating she may take breaks from streaming. (Verbatim: "it was a nice finisher we got our uh 10lp let's go so the winning comps for that one was an ezreal a three-star gwen and then portal rise so yeah but running it down i'm running it down running it down")
3. She finds it difficult to do the Teemo laugh and is working on it. (Verbatim: "yeah i still got that teemo laugh i'm still working on it though like the teemo voice like it's difficult")
4. She mentions not reading game updates thoroughly, suggesting she may not keep up with patch notes. (Verbatim: "i'm sorry i'm a feed trooper i don't read like so for those that didn't read it then if you're like me you don't read it")
5. She jokes about being called "stinky" but also mentions smelling like daisies, possibly indicating a preference for floral scents. (Verbatim: "i smell like daisies")
6. She expresses interest in creating a guide or masterclass for TFT if she could. (Verbatim: "yeah i think someone said earlier they want like a um like master class and how to play tmt i wish there was like an easy guide i could give you guys i feel like i can make one")
7. She refers to herself as "elia scolari," which may be her real name or an alternate alias. (Verbatim: "yeah i'm elia scolari a british vtuber")
8. She acknowledges making mistakes in gameplay, showing self-awareness about her skill level. (Verbatim: "i'm kind of tempted does anyone know veigar's items because like i know for some mages the set it's been like put on um attack speed things")
9. She values content creation and considers the potential for good content, such as getting a three-star Nami. (Verbatim: "but think of the content of the three-star nami")
10. She experiences technical issues during streams, such as glitches affecting her VTuber model. (Verbatim: "the damage is really high when it kills your vtuber model") [end of text]



NO RELEVANT INFORMATION [end of text]



