1. She is currently in the pre-debut phase of her VTuber career. (Verbatim: "obviously at the moment we're pre-debut so everything is messy like messy messy to say the least")
2. She plans to eventually stream twice a day on a regular schedule. (Verbatim: "there'll be like two two streams a day and yeah")
3. She has a dog named Tiny Happy. (Verbatim: "i already got tiny happy four months i love you i hope you're doing amazing")
4. She grew up in England. (Verbatim: "good morning, good morning from England")
5. She participated in a school sunflower growing contest during her childhood. (Verbatim: "i only entered that")
6. She remembers having to leave her house at 7 a.m. for school or work in the past. (Verbatim: "i used to leave my place at 7 a.m um and that means i have to be up earlier to get ready")
7. She finds it difficult to leave the house in the dark during winter mornings. (Verbatim: "in the winter it's i find it really difficult because it's just dark when it's dark it's like i shouldn't be outside right now")
8. She used to take two buses to get to school, with the first at 7 a.m. and the second at 8 a.m. (Verbatim: "i had to get one at 7 a.m and then another one at eight so i had to not make i had to not miss the first bus otherwise i'd miss the second bus")
9. She values supporting artists and appreciates fan art. (Verbatim: "i do want to support artists as best i can um especially since picking nana elia as an artist")
10. Her family has an artistic background. (Verbatim: "my family is very arty so well all art is a hobby") [end of text]



1. She is tired and sleepy during the stream. (Verbatim: "i am tired i can you tell i'm sleepy")  
2. She has a habit of moving less when tired, described as "wiggle wiggle wiggle wiggle". (Verbatim: "now i'm just like wiggle wiggle wiggle wiggle")  
3. She plans to return to streaming in about eight hours and 45 minutes. (Verbatim: "i am back again in like nine hours or less than nine hours about eight hours and 45 minutes")  
4. She enjoys "comfy streams" and finds them helpful. (Verbatim: "these comfy streams really do help me")  
5. She is considering treating herself to a burger, but only if her viewers do too. (Verbatim: "maybe i will treat myself to a burger maybe i will maybe i shall only if you treat yourself too")  
6. She has a small bang (hair) that she is getting filed down. (Verbatim: "i'm getting that filed down")  
7. She refers to her viewers as "gorgeous beautiful queen of fire". (Verbatim: "you gorgeous beautiful queen of fire!")  
8. She enjoys playing League of Legends, but finds it difficult to focus due to distractions from chat. (Verbatim: "if i was to play league i i'd feed and feed and feed and feed and my kda would be in the bin and then i'd be embarrassed about my awful play")  
9. She finds her viewers' presence distracting, to the point of affecting her gameplay. (Verbatim: "i can't resist looking at you guys so")  
10. She is open to doing leak streams in the future, though she finds them mentally taxing. (Verbatim: "there may be leak streams in the future baby baby") [end of text]



1. She had a deeply emotional experience as a child planting a sunflower that grew facing away from the sun, which caused her to cry. (Verbatim: "i remember i cried so basically what happened was i was very excited about this contest so i planted my sunflower in the garden um and i was so excited about it um and it did grow it did grow um but my issue was that i planted it on the side of the garden by the fence okay and i didn't know back then being child that sunflowers face the sun um so when it grew it ended up actually facing towards the fence um yeah i remember it ended up being taller than the fence but it faced away so i was crying my eyes out thinking i'd planted it backwards")
2. She associates sunflowers with both fond memories and a childhood regret. (Verbatim: "i don't have i don't i don't hate them you know i think yeah and people can eat some flower seeds right that's a thing i never did but why do you want party got party got party got party got party got party got party got party got party got all time survived with a 50 50 remember thank you")
3. She enjoys puzzles and considers them a brain-challenging activity that her parents approved of. (Verbatim: "puzzles were like one of the few sort of like um i guess toys that my parents were like this is a good toy it is something that challenges your brain")
4. She prefers traditional puzzles over digital ones due to the risk of losing physical pieces. (Verbatim: "i do really like traditional traditional puzzles but this is so much more convenient like i don't have to worry about like losing any pieces")
5. She has a strong emotional connection to cats and feels they naturally accept her. (Verbatim: "i've always been able to get along with like any cat like even the unfriendliest of cats but birds i don't know how to i don't know how to get along with birds")
6. She believes birds are intelligent but generally unfriendly and sassy, especially toward her. (Verbatim: "birds are angry things um and very sassy it doesn't look like animals i've looked after they're not very friendly um oh yeah yeah birds are always like birds they're smart they're scary and they're like angry like a lot of the time")
7. She finds crows to be the most intelligent and likable birds. (Verbatim: "crows are like definitely best birds just saying they're heck and smart i love watching videos of crows doing puzzles to be honest")
8. She is self-aware of her tendency to speak without thinking and has apologized for past slips. (Verbatim: "oh gosh oh gosh oh gosh this is why we should think before we speak yes and yet i'm still not gonna do that that's a brilliant name brilliant name your company is nice i've been accepted by crows")
9. She was extremely shy as a child and describes herself as "basically mute most of my life" due to shyness. (Verbatim: "i was basically mute most of my life um because i was too shy to speak you know kind of funny right so who knows how things how things roll you never know")
10. She is interested in animal intelligence and questions human-centric measures of intelligence. (Verbatim: "and but that that's a whole topic for when we talk about animal intelligence and the measure of which we hold it by human standards kind of thing i think") [end of text]



1. She struggled with self-confidence and shyness during school. (Verbatim: "because i was too shy to speak you know kind of funny right so who knows how things how things roll you")
2. She feels pressure from societal expectations about choosing a career path early in life. (Verbatim: "it's really difficult when you're in school because like you're always pressured to think about what you want to be when you're older")
3. She believes it's okay not to know what you want to do with your life. (Verbatim: "it's okay if you don't know what you're doing you know it's okay if you don't know it's fine")
4. She has a strong emotional connection to the idea of having a personal, independent roof over her head. (Verbatim: "i don't have to have like you know um what you call it like you know when you're growing up and like your parents always like this is my roof you live under my roof like i got nobody saying that to me now")
5. She rents her current living space and values the independence it represents. (Verbatim: "because i i rent so i'm like this is kind of my i rented this roof um that kind of thing um which is very nice")
6. She enjoys building puzzles and finds satisfaction in the process. (Verbatim: "listen to satisfying puzzle noises")
7. She has a deep affection for the game *The Legend of Zelda: Wind Waker*. (Verbatim: "i really love wind waker um yeah i mean twilight princess was also really good but i like cutesy things and i think wind waker is um it looks cuter")
8. She is a fan of *Silk Song* and hopes it will be announced in a Nintendo Direct. (Verbatim: "i really want silk song um i i've waited so long i just i just really want silk song")
9. She is proficient in the Unity game engine. (Verbatim: "i myself am proficient in unity um which is also extra sad because now i'll just have to learn something else")
10. She is open to learning new game development tools like Unreal Engine and Godot with her audience. (Verbatim: "maybe we could learn unreal engine together you know maybe we could all learn unreal engine together that could be fun") [end of text]



1. She previously worked in tech support. (Verbatim: "i used to work tech support and what i always found interesting in companies that i worked for was that um the people that were like higher up than me...")
2. She experienced gender-based discrimination in her tech support job. (Verbatim: "it didn't happen to the guys that i worked with... i changed my name so it wasn't obvious that i was a girl")
3. She changed her name to a male-sounding name to be taken more seriously at work. (Verbatim: "i changed my name so it wasn't obvious that i was a girl")
4. She found that using a male name improved her professional credibility. (Verbatim: "changing my name um meant i didn't have people like um thinking i didn't know what i was doing")
5. She has technical expertise in software and system troubleshooting. (Verbatim: "you know how to fix it because it's a bug that's not been fixed")
6. She found the process of fixing computer issues hindered by lack of access and permissions. (Verbatim: "they don't give you access to like do anything on it and a million other things go wrong")
7. She has experience with database architecture and SQL. (Verbatim: "we were all just sat there like is this real is this happening right now is this our life right now are we being told about like what a row is and what a table is")
8. She is critical of corporate decision-making, particularly regarding software licensing. (Verbatim: "greed hmm heckin corpo greed strikes again")
9. She is familiar with Unity game engine and its development ecosystem. (Verbatim: "like yeah yeah like it would yeah just be heckin if you look up the list of like games that run unity")
10. She dislikes being patronized or lectured on basic technical concepts. (Verbatim: "it was in one of those like talk down in your kind of tones and it was just it was very painful") [end of text]



1. She enjoys playing League of Legends and has a preference for cute champions like Naomi, Lulu, Saraka, and Janna. (Verbatim: "I do like my cute things I like cute skirts I like cute frilly dresses like you know that kind of thing and you guys seem more upset the fact I like league of legends than the champions I play on it")
2. She has a strong preference for pineapple on pizza. (Verbatim: "I heckin love pineapple on pizza um it's more like just just you know i think as long as you're not hurting anybody")
3. She values self-acceptance and believes people should not be judged based on appearance or name. (Verbatim: "it's sad that people don't just treat people like I don't know equally at least I don't know people shouldn't judge based on name or look or all that silly things")
4. She identifies as someone who is a "mess" and believes everyone is a mess underneath, rejecting the idea that people have everything together. (Verbatim: "anybody that says they're not a mess is lying okay okay ain't nobody not a mess okay because I used to think everybody had all their stuff together")
5. She has a small waist and has often had to alter clothes to fit properly. (Verbatim: "I have a small waist like weirdly small like people would be like hey it's so small and I'd be like okay I'm sorry I don't know so I'd always sew up the like the waist of my clothes")
6. She is interested in fashion and wishes she could make her own clothes. (Verbatim: "I wish I could make my own clothes I'd love to be able to um it would have helped a heckin ton if I could have made my own clothes")
7. She lacks formal training in using a sewing machine, though she can do manual stitching. (Verbatim: "I can't I have not been taught how to use a sewing machine you know um so I can do I can do like a like you know manual manual stitches I guess")
8. She has experienced fatigue due to being anemic, which she previously attributed to laziness. (Verbatim: "then I found out I was anemic and I was like not everybody feels that tired all the time that's a me problem")
9. She believes stress is a major, often underestimated factor in people's lives. (Verbatim: "stress is a very it's a much bigger factor that people realize so get sleeps get rid of stress and then happy happy happy")
10. She has a fondness for cute, frilly dresses and skirts. (Verbatim: "I like my cute things I like cute skirts I like cute frilly dresses like you know that kind of thing") [end of text]



1. She has a pet dog that does not speak but she imagines it could talk someday. (Verbatim: "my dog never has anything to say back but that's okay she'll respond one day")
2. She once felt bad for not bringing treats when returning from outside, as her dog expected them. (Verbatim: "i felt really bad actually um i feel like i should have um maybe i should")
3. Her dog becomes anxious when she takes out her suitcase, associating it with her leaving. (Verbatim: "she gets really freaked out now if i take out my suitcase she recognizes the suitcase and is like oh heck no")
4. She grew up with a cat that showed clear emotional attachment when she returned home. (Verbatim: "yeah to be honest okay so i grew up with a cat")
5. Her cat once reacted with apparent disbelief when she returned home, as if she had been gone for a long time. (Verbatim: "i came back and i'm pretty certain it looked like my cat was like it turned around and just sort of looked at me like i'd seen a ghost")
6. She believes cats can form strong emotional bonds with their owners, contrary to common belief. (Verbatim: "a lot of people say that cats don't react like the way dogs do but my cat did my cat like truly did")
7. She once got scolded by her grandmother’s cat for not following the "cat rules" after being licked. (Verbatim: "last time i went to see nana elia's cat it got heckin mad at me and i was like i'm sorry i didn't i didn't know")
8. She learned that her grandmother’s cat expects a pet after being licked, as part of a mutual grooming ritual. (Verbatim: "it wants you to like transfer it wanted it wants help cleaning it")
9. She finds puzzles challenging and often struggles to find missing pieces, even in simple ones. (Verbatim: "i'm looking for the final side piece um yeah i can't have gone far like they don't have missing pieces in here")
10. She has a tendency to forget or misplace puzzle pieces, leading to frustration during gameplay. (Verbatim: "where'd the piece go that was here oh gosh i'm moving all these pieces around") [end of text]



1. She enjoys puzzle games and finds satisfaction in the "satisfying click" of pieces fitting together. (Verbatim: "it brings a simple joy and we're here for that we're here for that satisfying click")
2. She has a strong emotional connection to the character "Stanana" and considers them equivalent to "Stylings." (Verbatim: "i love stylings and stanana is the same okay")
3. She has a preference for wholesome content online and actively avoids unwholesome material. (Verbatim: "i stay on the wholesome sides of the internet um yes yes yes yes yes yes")
4. She is not skilled at horror games and finds them intimidating. (Verbatim: "i'm too scaredy-cat for this! Please, someone hold my hand!")
5. She has a habit of going back to old streams to rename or reclassify them based on how they turned out. (Verbatim: "i go back to old streams and change the titles")
6. She enjoys playing games with narrative depth, such as potential future playthroughs of *Steins;Gate*. (Verbatim: "i want to do a um steins gate playthrough")
7. She finds it difficult to recognize certain parts of her own avatar, such as her armpit, during puzzle assembly. (Verbatim: "i didn't recognize my own armpit there oops")
8. She has a fondness for purple-colored items, particularly in puzzles, though she struggles to fit them. (Verbatim: "i've got like so many purple pieces and yet none of them are fitting")
9. She expresses a desire to create a second outfit featuring a lab coat with goggles for science-themed content. (Verbatim: "if i ever have a second outfit i should make it a um a lab coat you know with goggles")
10. She humorously references making up titles for future streams, acknowledging she cannot predict the future. (Verbatim: "i'm not a time traveler though would be cool though if i was") [end of text]



1. She is British and subject to British copyright law. (Verbatim: "i am british sorry um yeah yeah i'm subject to british copyright law here")
2. She is interested in playing Genshin Impact and would like to try it. (Verbatim: "i would definitely love to give it a try um it's definitely something that's been on my radar")
3. She has considered doing a Steins Gate playthrough but is concerned about copyright issues. (Verbatim: "i do want to do a um steins gate playthrough i feel like if you're thinking about the types of games that i currently stream")
4. She finds puzzles challenging and sometimes struggles with piece placement. (Verbatim: "i'm so confused by skin um how are you i'm good thank you how are you oh yeah i don't know what this piece is")
5. She enjoys baking and has offered to bake sleep (a playful reference to sleep). (Verbatim: "i'll bake you sleep yeah yeah yeah i'll make you i'll beckon sing you a lullaby")
6. She has a playful interest in being a talking pet and volunteers for the role. (Verbatim: "if you're looking for a talking pet i'd happily volunteer myself")
7. She has a strong sense of humor about her own confusion and mistakes during activities. (Verbatim: "i'm dumb obviously it doesn't")
8. She values sleep and acknowledges its importance despite her late-night streams. (Verbatim: "you've got to have sleep it's it's like proven you need sleeps i i'm not a substitute for sleep")
9. She is familiar with the concept of "time saints" as a humorous reference to time differences. (Verbatim: "the time saints are my enemy they well and truly are")
10. She appreciates her audience's presence despite time zone challenges. (Verbatim: "i do appreciate that you're here despite the the time difference thank you") [end of text]



```
1. She identifies with being a "lurker" and understands the feelings of those who prefer not to chat. (Verbatim: "I completely understand especially um lurkers that may want to chat but choose not to chat because they're not confident in chatting")
2. She has a dog that does not respect personal space and often intrudes on people's private areas. (Verbatim: "my dog that does not and has not figured out personal space and just shoves her little face up people's private parts")
3. She enjoys "comfy" energy and values days of relaxation and comfort. (Verbatim: "oh gosh we still have so many pieces where where does this go where it is we're missing yeah ah it's not alert energy it's comfy energy ale comfy comfy comfy comfy comfy i do love comfy comfy is good")
4. She finds puzzles challenging and has difficulty focusing on where pieces go, sometimes feeling overwhelmed. (Verbatim: "this piece is not the skirt piece wait i think i'm getting blind guys i can talk about the peas while holding the peas")
5. She has a recurring thought pattern of fearing rejection when she messages in chat, even though she knows it's irrational. (Verbatim: "if my message gets missed if if it doesn't get read then i will feel like i am hated but but you're not but like i'll think that")
6. She has a habit of mixing up top and bottom in games like League of Legends. (Verbatim: "even when i play league of legends i do mix up top and bot sometimes it's really bad like really bad")
7. She feels a sense of connection with puzzle pieces that don't fit, relating it to personal feelings of not belonging. (Verbatim: "puzzle pieces it's not about fitting in it's about being happy you don't know how to fit in")
8. She uses the phrase "I'm coming with you" in a playful, dramatic way, referencing a scene from Lord of the Rings. (Verbatim: "insert the scene where frodo is getting in the boat and sound wise is like and i'm coming with you")
9. She humorously refers to herself as a "puzzle piece that didn't fit in herself." (Verbatim: "can confirm as a puzzle piece that didn't fit in herself")
10. She has a strong emotional reaction to feeling overlooked or unappreciated, even in fictional contexts. (Verbatim: "she doesn't love us what's even the point of this continued existence she never thinks about sanana's we are nothing to her")
``` [end of text]



