1. She has a strong passion for graphic design. (Verbatim: "because, because graphic design is my passion")
2. She recently experienced her first trip to the United States. (Verbatim: "this is my first ever time my first ever ever ever ever ever ever ever ever ever ever ever ever ever ever ever ever time to america")
3. She is currently in California, USA. (Verbatim: "i'm in california california girls something something i don't know the song")
4. She found the size of things in America to be overwhelmingly large. (Verbatim: "that one word would be big yeah guys you know me how did you know i was gonna say big")
5. She is unfamiliar with the Fahrenheit temperature scale and prefers Celsius. (Verbatim: "i don't want f's i don't want f's i want i want c's c is no please don't please don't leave me")
6. She was surprised by the practice of store employees bagging groceries for customers. (Verbatim: "the cashier started putting everything in my bag for me and i was like you going you want you you you're putting you're putting the stuff in my bag for me")
7. She has never held a U.S. dollar bill in person. (Verbatim: "i don't have any cash so like i'm not held a dollar i'm not how to united states of dollar you do")
8. She finds American currency to be unimpressive and "boring" despite its practicality. (Verbatim: "american dollars are boring like it's nice it's a it's a paper it's a paper thing for such a small amount")
9. She experienced culture shock upon arriving in America, particularly regarding measurement systems and retail practices. (Verbatim: "first time i got a true culture shock from stepping into walmart")
10. She has a habit of taking long, uninterrupted flights and prefers window seats with empty adjacent seats. (Verbatim: "you've booked a window seat right and the seats next to you are empty are empty yeah") [end of text]



1. She is a content creator who streams video games on YouTube. (Verbatim: "I had to say like content creator and youtube and they were like what did you what do you stream")
2. She has 51,000 subscribers on YouTube. (Verbatim: "we're on 51k")
3. She is not very good at lying and tends to sweat and panic when nervous. (Verbatim: "if i lie i'm not very good at it i like sweat and freak out and panic and what so and i do")
4. She uses a Shure SM7B microphone for streaming. (Verbatim: "i'm actually speaking with my with my shure sm7b")
5. She dislikes the lack of a kettle, biscuits, and milk in her hotel room. (Verbatim: "there's no kettle where's the kettle there's no biscuits where's my free biscuits and third off there's no milk to go with my tea")
6. She enjoys British biscuits and finds American alternatives unsatisfying. (Verbatim: "i want british biscuits what's those skittles you are very cute")
7. She has a habit of sleeping across multiple seats on planes to get more comfort. (Verbatim: "i slept for like eight hours eight hours of sleep absolutely fantastic now absolutely fantastic eight hours eight eight i was so proud of myself it's comfy sleeping across the seats")
8. She takes multiple pillows from airplane seats to create a personal sleeping setup. (Verbatim: "i took the pillows and i had my little pillow kingdom")
9. She has a tendency to dribble while sleeping. (Verbatim: "but i know i dribbled i dribbled because i'm a dribbler")
10. She is self-aware of her eyes appearing flickery due to lighting conditions. (Verbatim: "my eyes are so flickery it's because the lighting") [end of text]



1. She has 51 dedicated fans who refer to themselves as "daddies" and "maidens." (Verbatim: "yeah they're they're so good to me um i don't feel so good no come back don't disappear no what do you mean 51 daddies you heck you want me no maidens please um maidens")
2. She maintains a "say-so channel" and uses the term "say so kittens" as a playful reference to her fanbase. (Verbatim: "i only have say-so channel because i am say so can i put this down was it was it that much of a difference if i put this like here")
3. She is currently in America and has been at an airport, where a customs officer asked her to stream Call of Duty. (Verbatim: "i was at the airport go for your security they let me oh wait yeah the the custom person was asking me and was like yo could you could you could you stream call of duty")
4. She is not skilled at first-person shooters like Call of Duty and does not typically stream them. (Verbatim: "i'm not very good at first person shooters like yeah i'm not very good at that um i don't really stream any first person shooters")
5. She enjoys playing League of Legends, though she primarily chats during streams rather than focusing on gameplay. (Verbatim: "i like playing league of legends i like i don't know i mostly just chat i just chat")
6. She has a close relationship with her mother, who is currently in Vietnam and celebrated her birthday while there. (Verbatim: "she literally hit me with the with the no you i didn't tell you either and you hegan had to tell me first for me to tell you")
7. She has a strong emotional connection to her mother and humorously expresses not wanting to be like her. (Verbatim: "i'm not sorry not sorry mother i don't want to be like you at all in the slightest")
8. She is fond of raccoons and wishes to befriend them, though she acknowledges they may carry rabies. (Verbatim: "i want to find a raccoon and i want to make friends of it and then i want to get chased by a billion raccoons")
9. She has a rat problem in her home in England and is familiar with urban rats. (Verbatim: "i have tons of those in england in fact we have my place has a rat issue")
10. She drinks bright blue Gatorade and finds it energizing, though she jokes about possibly already having rabies. (Verbatim: "it's gatorade um my god i feel like i'm gonna hang in full asleep") [end of text]



1. She has visited the United States and is currently experiencing life there. (Verbatim: "I'm in america and you know there's like big buildings and then there's like like you can see mountains in the background and and all of that")
2. She finds American pizza to be significantly greasier than British pizza. (Verbatim: "these pizzas were greasy... british people have quite a they don't like greasy pizzas")
3. She tried American-style pizza by ordering just a single slice from a pre-made display. (Verbatim: "you order just a slice and like they're already made and and you can see them")
4. She was surprised by the size of American pizza slices and found them difficult to handle. (Verbatim: "because the slice is just so much bigger and like yeah so you're just holding these massive pizza slices")
5. She found the American method of folding pizza slices to be unexpected and surprising. (Verbatim: "i was like there's no way i actually fold it")
6. She tried Mexican cola in a tall glass bottle and noted it was less sweet than British cola. (Verbatim: "i found it funny i like got it and i was like it's um the bottle was taller and longer")
7. She has a preference for local independent food places over chain restaurants. (Verbatim: "i've been trying like local local independent places which have been really nice")
8. She plans to try chain American food like McDonald's for comparison. (Verbatim: "i have to try it now i have to compare i have to compare the mcdonald's now")
9. She enjoys the feeling of being in a large space, which contrasts with her usual small room. (Verbatim: "I felt really like I'm outside and I normally hate outside but this is like good outside")
10. She spends most of her time in her small room and finds the current change of scenery refreshing. (Verbatim: "I spend pretty much 99% of my time in my room and yeah refreshing") [end of text]



1. She was born in Germany but does not consider herself German. (Verbatim: "I was born in germany technically does that count as a visit if i'm born if i'm porn i just i just i just i just lie down a little bit right now i'm not gonna stream on the bed")
2. She identifies as a workaholic who streams twice daily and manages multiple projects. (Verbatim: "as you guys know i'm a workaholic like you know i normally like to stream twice a day and if i stream twice a day i like to work on videos and content and my projects and a million other things in between")
3. She values "productive rest" and learned how to practice it during her master's degree. (Verbatim: "i knew how to productively rest during my master's but i guess i just kind of forgot because i got so like swamped up in my own passion for work right um")
4. She has a strong appreciation for her fans, feeling deeply supported and spoiled by them. (Verbatim: "you guys truly truly truly truly truly spoil me")
5. She dislikes pickles and finds them unpleasant, even feeling "attacked" when given them with a sandwich. (Verbatim: "i feel attacked i feel absolutely pickled it pickled it's quite pickle um quite the pickle i was confused i've never been given the little set of pickles to go with my my sandwich yeah i don't like pickles")
6. She created and edited YouTube Shorts herself, noting her distinct editing style. (Verbatim: "those ones i actually those are edited and written and completely made by me so i haven't i haven't i guess i could try and get an editor for it like but the ones that are there are you can you can tell it's my style of editing")
7. She has a habit of streaming late into the night, having been up at 1:25 AM during this stream. (Verbatim: "what's the time it's 1 25 in the morning wow damn it's kind of late why am i up at 1 25 a.m like why am i streaming it")
8. She is planning to move to either Japan or America, having brought her microphone setup to test travel logistics. (Verbatim: "i guess like but yeah i had to bring where's your xbox mike it's doing surprisingly well on wi-fi like i was really sad though because i did bring an ethernet cable cable um and i'll be honest it took me like five minutes to even find the plug i was like surely there's a plug by this desk or something but yeah this is the best idea we've had on a on a trip it's the first time i brought my shirt 7b with me so yeah to plan moving to japan to plan to move into america i don't know but i am experiencing like culture here and stuff to i guess get a feel for it")
9. She is an announced guest at Vexpo, which is taking place in Birmingham. (Verbatim: "i'm an announced guest of vexpo yeah yeah yeah yeah i'm also i'm an announced guest of kai yippee vexpo's in birmingham i probably should have guessed that")
10. She is aware of her voice being soothing and has received feedback that it helps others stay calm during work. (Verbatim: "especially when it comes to my voice because that is something i am i am conscious about okay is probably the least intimidating con wouldn't it be quite like") [end of text]



1. She is an independent VTuber who manages all her projects herself. (Verbatim: "officially I'm an independent I'm an independent so you know everything like there's no split I am my own manager I do all my projects and stuff and function somehow")
2. She has a dog named Lila. (Verbatim: "Lila like my dog dog yeah I'm glad we can help you go on adventures even just listening to you now")
3. She enjoys playing Stardew Valley. (Verbatim: "there's a stardew collab on wednesday um yeah and then um i don't know if i've got there's another collab next week i believe i don't know")
4. She finds it difficult to maintain focus after long naps. (Verbatim: "i didn't fully wake up from it and yeah i am i could sleep some more i could sleep some more um yeah")
5. She has experienced jet lag and travel weariness. (Verbatim: "yeah i didn't have breakfast today so i should i should you know like yeah there's something ironic about ellie trying to make a stealth name in front of everyone that she's trying to hide")
6. She enjoys making jokes about herself and her identity. (Verbatim: "i'm kidding i won't say that i love you elia i am not as much as i love you guys though right")
7. She has a habit of using playful, self-deprecating humor about her online persona. (Verbatim: "i'm not elijah i'm not wait no you're trying to think of a fake name i don't want to be called elijah elijah's like a boy's name nah")
8. She values her community and feels emotional connection to her viewers. (Verbatim: "i just wanted i just i just really really missed you guys")
9. She has a recurring theme of "being hidden" or blending in with others as a form of humor. (Verbatim: "what if we all just become elia that way i'm like hidden like a tree hidden in a forest right like if everyone says they're elia it's like which one's really though")
10. She references online learning platforms and finds inconsistency in their use frustrating. (Verbatim: "one class would use this and another class would use that and it'd be like why can't they just consistently all use the same thing") [end of text]



NO RELEVANT INFORMATION [end of text]



