1. She has a dog that keeps her awake at night. (Verbatim: "my dog was awake and I was awake and we were both awake and I was like, 'Hey, play my dog'.")
2. She once slept with the window open during freezing weather. (Verbatim: "I did sleep with the window open and it was freezing.")
3. She does not have any known allergies. (Verbatim: "I don't have any allergies that I'm aware of.")
4. She is not prone to hay fever, unlike her brothers. (Verbatim: "I don't get hay fever. Because I know that because my brothers get hay fever...")
5. She had a childhood memory of wanting to touch grass. (Verbatim: "when I was really little, I'd be outside. Like, like, I'm outside touching grass.")
6. She is currently preparing for her VTuber debut, aiming for it to be special and well-prepared. (Verbatim: "we're making it special and we're gonna make it as good as possible.")
7. Her debut has been delayed due to multiple organizational issues and an emergency meeting. (Verbatim: "we're having a buddy's emergency meeting later this week to discuss many issues.")
8. She is a fan of the anime *Attack on Titan*, though she is unsure of its current season status. (Verbatim: "I have no idea what season Attack on Titan is on now.")
9. She is frustrated by the lack of a second season for *No Game No Life*. (Verbatim: "I don't think I'll ever get to the end of Attack on Titan. So yes, let's see...")
10. She is currently watching and catching up on a series called *Super Andona Reading*, which she compares to *The Lord of the Rings*. (Verbatim: "today's stream is Super Andona Reading, which I'm very, very, very far behind...") [end of text]



1. She has a dog named Lila who is not afraid of thunder, fireworks, or loud noises. (Verbatim: "no she's not scared of um i don't know what she's scared of um but yeah no she loves water she loves um if i was to ever take her off the lead she would find a puddle and jump in it")
2. Lila is protective of her and becomes aggressive toward certain men, despite being generally friendly with people. (Verbatim: "about four or five times it would usually be like a man on their own she goes full protective mode um she like it does like a like jumps like left right bark bark bark bark")
3. She once walked through a thunderstorm at a paid national park to get her money's worth after paying entry. (Verbatim: "i walked all the way there and then it tipped down with rain and it was a thunderstorm but i still i'd already paid entry so so i was like okay i know it's a storm lila my dog um so i ended up just walking around there anyway")
4. She enjoys eating burgers but is aware they are unhealthy and avoids having them frequently. (Verbatim: "i want a burger i want a burger i really want a burger but i shouldn't eat so many burgers it's not good for me but it tastes so good")
5. She once accidentally bought spicy chicken labeled with a playful name like "ting ting" or "tinga" and had to eat it herself because it was too spicy for her dog. (Verbatim: "i bought like um some like chicken uh to be fair it had like the word like ting ting or something or tingly or tinga or something like that chicken and i was like oh that's just a cute sound um and i um i cooked it and put it in a taco and it turns out it's spicy")
6. She has a habit of drinking cola to soothe spicy food, and once consumed an emergency 500ml bottle bought during a trip to London. (Verbatim: "i bought myself an emergency bottle of cola to get me through until the next cola arrives but then i drank it all actually it was the cola that i bought when i was in london")
7. She is not skilled at flirting and considers learning how to flirt as a personal goal. (Verbatim: "i don't know how to flirt um no maybe i could look up oh gosh maybe i should look up how to flirt")
8. She humorously refers to herself as the "Banana Empress" when praised with that title. (Verbatim: "Wait who's the banana empress am i the banana empress empress sounds cool I'll be your empress it sounds fancy")
9. She has a strong interest in playing the game *Settlers of Katan*, which she has not yet played but has heard positive things about. (Verbatim: "i've not i've not played katan before um but i always i've always heard of it you know i've always heard of it so yeah i've like want to want to play it")
10. She finds the concept of being "gorgeous" in a game to be absurdly powerful, as it unlocks a mansion and seven female companions. (Verbatim: "in those games stream one of the games for some reason you have to like earn money in the game and it had different status it had like poor rich celebrity and then gorgeous and then if you hit gorgeous your character in the game got a house no got a mansion with seven girls") [end of text]



1. She has a dog that previously had a blue collar. (Verbatim: "she doesn't have it anymore but my dog did have a blue collar")
2. She associates blue collar with being fancy, though she later learns this is incorrect. (Verbatim: "i thought having a color was fancy and i just thought they just did different colors")
3. She grew up visiting her grandmother, known as "nana elia". (Verbatim: "whenever i visited nana elia she'd always have white chocolate")
4. She enjoys white chocolate ice cream, particularly from her grandmother. (Verbatim: "whenever i used to visit you know when like you visit your grandparents whenever i visited nana elia she'd always have white chocolate")
5. She dislikes Roblox and refuses to play it. (Verbatim: "i refuse to play roblox okay no you will not tempt me to your roblox game thingamajiggy")
6. She has a personal rule system she refers to as "rules" and plans to engrave them on stone. (Verbatim: "i'm gonna engrave it into a stone one day so y'all know what the rules are")
7. She believes in being kind to herself and her dog, whom she calls "ellie". (Verbatim: "rule number zero is be kind to ellie")
8. She has a fondness for magnums (ice cream). (Verbatim: "you're eating a magnum yo magnums are so good it's our ice cream")
9. She is familiar with the term "aubergine" and once confused it with courgette. (Verbatim: "i used to get it confused with courgette but a courgette is a different thing")
10. She finds the word "bisque" unfamiliar and is searching for it in England. (Verbatim: "i've tried googling it and the shops are only coming up with with just calling it soup") [end of text]



1. She has fond childhood memories associated with visiting her grandmother, Nana Elia. (Verbatim: "whenever i visited nana elia she'd always have white chocolate magnums every single time")
2. Her grandmother, Nana Elia, always had white chocolate Magnum ice creams available when she visited. (Verbatim: "whenever i visited nana elia she'd always have white chocolate magnums every single time")
3. She associates white chocolate Magnum ice creams with warm, nostalgic feelings from her childhood visits. (Verbatim: "whenever i think ever i see magnums i picture myself um sat in the little like a kitchen having it and yeah it gives me warm fuzzy feeling")
4. She enjoys white chocolate Magnum ice creams and finds them very delicious. (Verbatim: "it's yummy it's super yummy yeah yeah yeah i want to try um i heard they do these weird magnum things")
5. She is easily distracted by her thoughts, which has led to missing buses. (Verbatim: "i'm an easily distracted person okay okay um yeah i've never been run over ever ever ever ever knock wood but can confirm i've never been run over")
6. She has a strong sense of self-awareness regarding her distractibility and its consequences. (Verbatim: "i'd be thinking and somehow the bus would like arrive stop be there for a while and then go and i'd be like wait")
7. She humorously believes she is invincible due to never having been run over. (Verbatim: "i'm invincible exactly oh that peaked that clap the clap is loud i don't know but yeah i'm invincible i have no proof that says otherwise")
8. She worked in clothing shops and noticed that women's clothing was consistently made from thinner materials than men's. (Verbatim: "when i worked in um clothes shops women's clothes was always just like they'd have like the men's version and the women's version of like the exact same item okay but the difference between the men's and the females was that the females would be just a thinner material")
9. She finds it unfair that women's clothing is less practical and thinner than men's clothing. (Verbatim: "it was so odd um yeah really weird why don't why don't women deserve thick clothes")
10. She has a playful, self-deprecating sense of humor about her physical appearance, referencing her chest in a lighthearted way. (Verbatim: "dynamic dynamic dynamic dynamic is a dynamic chest") [end of text]



1. She has a dog named Lila. (Verbatim: "I got her one of these which is definitely not a dog toy but she's not ripping it apart so let me let me show you what i'm on about")
2. She owns multiple plushies and has created two designated "plushy mountains" due to space constraints. (Verbatim: "i've decided to divide the mountain into two so there's one mountain on one side of the room and if i turn around me there's another mountain behind me")
3. She enjoys chicken burgers and plans to eat one to feel happy. (Verbatim: "maybe i will treat myself to a chicken burger today you've all convinced me i will get a chicken burger i will eat it it will go in my belly i will digest it and i will be happy")
4. She finds it difficult to remember dates and is not good with calendars or directions. (Verbatim: "i'm not good with calendars dates directions and general of life")
5. She has two companies that produce electronics and clothing. (Verbatim: "i have two companies that make various electronics and clothes you can look after your companies and and when i you know what i mean")
6. She is working on improving her singing and mindfulness skills. (Verbatim: "i'm hyped that you're working on them but things like your mindfulness and personality are what make you so special to us")
7. She is aware of her own specialness but struggles to admit it. (Verbatim: "i refuse to admit i'm special now but i appreciate the very kind message very very very much")
8. She plans to attend Lily’s graduation stream and intends to cry during it. (Verbatim: "i will be streaming that day yeah second of september i will be i've got it in my calendar it says cry")
9. She has a strong emotional reaction to being praised and finds it deeply meaningful. (Verbatim: "that one wouldn't be a bong i'll give you a hug for that one thank you but i'm still gonna work super hard you can't stop me")
10. She has a history of not being able to afford to buy a house outright, as most people she knows have mortgages. (Verbatim: "i can't think of knowing anybody that owns the house with no payments like yeah best you i can get is probably a parking space in london for 20 000") [end of text]



1. She has real human hands with fingers and no webbing. (Verbatim: "I have hands I have real human hands with like fingers and everything not webbed for real for real")
2. She enjoys eating at McDonald's and has considered having a wedding there. (Verbatim: "we'll have a time in kyoto together then instead was it kyoto that has the pokemon center with the cool things yeah i didn't write the tower of terror it's called the tower of terror why would i go and something called a tower of terror like i want to live i want to live i felt very brave that day")
3. She visited a Pokémon Center in Kyoto, Japan, and was impressed by the Pokémon-themed wedding merchandise. (Verbatim: "they had a whole section of of of pokemon wedding things with like pikachu and pikachu two pikachus marrying each other and they had they looked all so cute")
4. She has been to Disney and plans to go again, especially for Lily’s birthday. (Verbatim: "oh yeah okay two people jump on pig okay good don't don't all jump on on one no no no no oh yeah yeah yeah yeah next one is sw5 arigato there's only one way to find out if people make good chairs i volunteer as tribute whoa wait i want lily to be my volunteer lily daiski did you know elia took me into thinking which believing she eats a lot but in the end we ordered children's meals")
5. She eats small meals frequently and has a small stomach. (Verbatim: "i mean i eat at a lot of times during the day i just have a small stomach")
6. She is not fond of wasting food, even if she doesn't finish her meal. (Verbatim: "i don't like to waste i didn't finish it you're right")
7. She has a fondness for the game Warhammer 40k and is aware it originated in England. (Verbatim: "oh is this the game I need to play when I reach 40k is that what I need to do there will be high and calm streams there will when um when I debut yeah they have Warhammer shops and stuff in England yeah we have like um but it looks so expensive I remember looking into it and being like damn this expensive hobby and then walked out")
8. She has been to a haunted attraction called the Tower of Terror and went on rides despite being scared. (Verbatim: "i felt very brave that day though i did actually go on rides so yeah even if i screamed and closed my eyes the whole time i did go on some rides and it was it was good i did it yes")
9. She is interested in speed challenges, including singing fast Vocaloid songs. (Verbatim: "i hear you song that you could be fast enough to sing the influence disappearance of hatsune miku song which might be the fastest vocaloid song hello is that a challenge yes i accept your challenge i will look this up and research this let me let me put this down in my notes but i can love a speed talking challenge yes yes yes yes yes unless it yeah i will listen to it after because i will it's conditioned as long as it's all okay but i will have a look into it yeah")
10. She has a close friendship with someone named Lily, who she plans to take to Disney and other events. (Verbatim: "okay okay lily next time we go to disney it's your birthday next time okay not mine you get the sticker and everybody's saying happy birthday to you okay") [end of text]



1. She has a pet named Lila who gets jealous of other plushies on the bed. (Verbatim: "lila gets jealous when there's a plushie on the bed except for this mini one this mini one's baby plushie is okay bigger plushie unacceptable")
2. Lila is described as being possessive and might "eat them off the bed lion king style" if there's a larger plushie. (Verbatim: "she will eat them off the bed lion king style")
3. She compares Lila to her own personality, suggesting Lila is her spirit animal. (Verbatim: "is lila my spirit animal just like me for i she also needs a w-a-l-k")
4. She plans to take Lila on a walk. (Verbatim: "i will take her on a w-a-l-k as well")
5. She is dedicated and hardworking, especially toward her audience. (Verbatim: "why i'm super dedicated and i'm down bad for y'all okay heck yeah nothing's gonna do no no i'm gonna keep working hard okay")
6. She values donor interactions and enjoys donor reading streams. (Verbatim: "thanks for the stream i really enjoyed the donor reading stream since there's a lot of zats and interaction with you they're always a great time")
7. She enjoys eating chicken burgers. (Verbatim: "if you have a nice chicken burger and rest of your day i love you i love you and i want to do it so time to add new ones")
8. She has a character named "Stomach-chan" that she references in a playful way. (Verbatim: "think of stomach-chan let stomach-chan eat onagashimasu and noban dog free lurking text")
9. She is excited about a 30k celebration event, even though it was originally meant to be a 20k celebration. (Verbatim: "we have a 30k celebration this week i know we're not on 30k anymore but it was supposed to be the 20k celebration and things escalated a little bit")
10. She has a scheduled 10-hour stream starting at 9 a.m. the next day. (Verbatim: "we have 10 hours of playing only up tomorrow starting at 9 a.m yeah so") [end of text]



1. She has difficulty navigating and is a poor guide, having gotten lost multiple times during a trip to London with Pandora. (Verbatim: "I was the leader of us two like okay let's go let's go this way um turns out I'm not a very good guide um went the wrong way about five different times")
2. She jaywalks frequently in England, despite it being uncommon there. (Verbatim: "I jaywalk a lot and what's the other one three I go in the wrong direction")
3. She remembers her way to a cake shop in London, indicating some familiarity with the city. (Verbatim: "I remembered my way to a cake shop in London and I was like I don't think that sounds as impressive as it does in my head")
4. She was very well-behaved and did not jaywalk in Japan, even when tempted. (Verbatim: "In Japan I was really good um I didn't jaywalk in Japan I was very very very well behaved")
5. She has a strong preference for warm environments and dislikes being cold. (Verbatim: "I don't like being cold I like being well I like being warm")
6. She has a persistent fear that hot water will run out, stemming from past experiences. (Verbatim: "I have the permanent fear that like the hot water will go because that's how I always used to do like work before so yeah")
7. She enjoys warm showers and feels deep gratitude for them. (Verbatim: "I will forever appreciate that warmth always you never know when you know I don't know I guess I have the permanent fear")
8. She grew up in an area with few pedestrian crossings, making them exciting when she first encountered them. (Verbatim: "There weren't really any crossings so it was really cool to see one for the first time I was so excited")
9. She was not allowed outside much during childhood but had access to a garden, which she valued. (Verbatim: "I wasn't allowed outside much but yeah I was allowed in the garden the garden I was allowed but but the um and I had a garden")
10. She has a strong connection to anime and computers, which she developed due to spending much time indoors. (Verbatim: "If I didn't spend so much time inside I wouldn't have been like so into my anime or computers and stuff actually no I probably would um but you know it gave me more time to watch more anime so that's um that's all good") [end of text]



1. She has a fear of crunchy bananas and struggles to trust them. (Verbatim: "I just need to trust the banana to not be crunchy but yeah next one is these nuts")
2. She does not eat nuts. (Verbatim: "i don't eat i don't eat nuts")
3. She enjoys banana fritters and banana milkshakes. (Verbatim: "I like banana fritters I like banana milkshakes")
4. She used to get sick frequently due to public transportation exposure. (Verbatim: "I used to get sick like every single like other week because I feel like maybe it's because I used to go outside a lot")
5. She previously relied on public buses for travel and found them unpleasant due to illness spread. (Verbatim: "I used to have to get like the public bus like every day to get anywhere because you know I don't drive")
6. She avoids gyms when others are present due to discomfort. (Verbatim: "I pretty much only use the gym when it's um when it's just me")
7. She enjoys using gym machines like the rowing machine, running machine, and cross-training machine. (Verbatim: "I like the rowing machine and I like the running machine and I like the cross training machine")
8. She watches sports anime like *Blue Lock* and *Haikyu!!* while exercising. (Verbatim: "I watch like sports anime um while while I exercise because it usually it's usually like heck yeah sports and I'm sports here so like blue lock and that um like blue lock haikyu yeah")
9. She finds group exercise intimidating and prefers working out alone. (Verbatim: "I don't like the idea of exercise with other people")
10. She claims to be in peak health despite consuming sugary foods and lacking vitamins. (Verbatim: "I am in peak perfect condition um and minus the terrible sleeping pattern and minus the lack of vitamins and other healthy things in my diet I am peak health") [end of text]



1. She is half English and half Asian. (Verbatim: "as you know i'm half english half asian")
2. She has a sensitive tongue and cannot tolerate spicy food. (Verbatim: "i feel like my taste my my complete inability to really like spicy food is probably from my english side")
3. She grew up in a household with siblings, where her younger brother was larger than her. (Verbatim: "my younger brother so little ellie bro got priority because somehow lily lily little ellie bro was bigger than me")
4. She recalls having many childhood memories on the floor, specifically on a rug over carpet. (Verbatim: "i have a lot of memories on the floor um yeah not on like the floor floor but like on a um like on a rug thing on the floor")
5. She has a strong preference for milk and enjoys milkshakes. (Verbatim: "because milk is delicious and makes yummy yummy yummy yummy yummy yummy milkshakes")
6. She is not particularly tall and was worried about being very short during her childhood. (Verbatim: "i was actually really worried um i was gonna be super super super super super short")
7. She identifies as taller than her mother but shorter than her father. (Verbatim: "i'm taller than i'm taller than my mother um so yeah")
8. She has a fondness for chicken tikka masala, though she notes it is not spicy. (Verbatim: "i like chicken tikka masala but that's because it's not spicy so you know english palette")
9. She finds traditional British food like fish and chips to be overpriced and difficult to find reliably. (Verbatim: "the average cost of fish and chips is is stupid um but that's because we insist on the fish being cod")
10. She has a playful rivalry with her younger brother, who is taller than her despite being the "little" one. (Verbatim: "i was actually really worried um i was gonna be super super super super super short um and then i grew and was like yeah now i'm like normal height um but um yeah as you know i'm half english half asian") [end of text]



1. She has a dog that yawns in response to her yawning. (Verbatim: "my dog yawns when i yawn she didn't do it very much when she was smaller because she didn't care")
2. She is fascinated by Japanese toilets and their features like heated seats and automatic music. (Verbatim: "can confirm jp toilets are addictive immediately installed one after after when i got home from the vacation")
3. She misses the ambient music in Japanese public restrooms that plays to mask sounds. (Verbatim: "they have like music that automatically plays like the sound of birds and the sound of the ocean like just playing as soon as you sit down")
4. She avoids using public toilets in England due to hygiene concerns. (Verbatim: "i wouldn't trust the ones on the train either but that was that was something i got to like um see when i got the train um in london")
5. She has never used a public toilet while outside, even during a trip to London. (Verbatim: "i didn't go toilet once like even when i went to um london like no um i don't bidet bidet sounds like good day")
6. She finds English train toilets to be loud and unpleasant, especially during weekends with drunk passengers. (Verbatim: "english trains are really loud um like really really really really really loud um so there was a lot of i guess because it was weekend")
7. She visited Japan and was deeply impressed by the cleanliness and experience of public restrooms there. (Verbatim: "i've been testing this theory with my dog and can confirm my dog yawns when i yawn she didn't do it very much when she was smaller")
8. She is unfamiliar with the geography of the United States, particularly its time zones. (Verbatim: "i don't know hawaii is like in the middle of nowhere right like like literal in the middle of heckin nowhere")
9. She did not receive detailed education about the United States in school, only general geography. (Verbatim: "we never got taught like the states or much about america um so yeah i'm trying to remember what they taught me in geography")
10. She struggled with map reading and found her geography exams to be memorization-based, which she later forgot. (Verbatim: "i remember doing that but it's not a very good way to learn because my brain like dumped all that knowledge at some point i believe") [end of text]



1. She has a dog that became more cuddly after she returned from Japan. (Verbatim: "since I've got back from japan my dog has been super super super super super cuddly")
2. She previously struggled with self-care during her bachelor's degree, leading to illness. (Verbatim: "I didn't take care of myself during my bachelor's I pretty much overworked and drove myself pretty ill")
3. She experienced severe physical discomfort during exams due to poor self-care, including mouth ulcers and sleep deprivation. (Verbatim: "I remember I had mouth ulcers from a really really bad diet like and not eating well")
4. She cried during an exam not from the test itself, but from physical pain caused by neglecting her health. (Verbatim: "I remember crying in my exam but not from the exam itself just crying from being in so much pain")
5. She completed her master's thesis after learning to prioritize self-care, which improved her performance. (Verbatim: "I did get the grade I wanted when I did look after myself")
6. She advises others to be kind to themselves and prioritize self-care over overworking. (Verbatim: "be kind to yourself for real I'm like please like please please please")
7. She has a close relationship with her family, though she avoids discussing her income to prevent financial requests. (Verbatim: "I try to avoid telling them so that they don't ask me for money")
8. She humorously references being raised with the expectation of financial obligation to her family. (Verbatim: "we raised you you owe us you are in our eternal debt you owe us for the house that was put over your head while you were raised")
9. She once considered the possibility of being sold off to become a butler, referencing a fictional anime trope. (Verbatim: "I remember watching it and being like yo I wonder if they'll sell me off become a butler")
10. She values emotional and mental well-being as essential to success, emphasizing that self-care is part of hard work. (Verbatim: "looking after myself is part of the working hard because you can't do your best if you're not at your best") [end of text]



1. She is working on singing content and plans to release it soon. (Verbatim: "my plan is to spoil you with some singing content um i don't know if it'll be any good singing content but i will be be spoiling you soon tm")
2. She has a peak Elo of Diamond in League of Legends. (Verbatim: "my peak elo was diamond um so you know i'm not a complete noob")
3. She taught herself how to play League of Legends and didn't know about farming for about a year. (Verbatim: "i didn't realize because i think i just i just speed ran the tutorial i didn't know that in the game you had to last hit the minions to farm for like too long um for like at least a year")
4. She tried team League coaching but quit due to a toxic AD carry and coach relationship. (Verbatim: "she was not very nice and was actually knew the coach like and basically everything was my fault and it could never be her fault")
5. She is a recovering League of Legends addict. (Verbatim: "i'm a recovering league addict yeah but id wants to drag me back in so am i fully recovered")
6. She has a fictional role as the lead engineer in the "Cork Space Program" involving helping Coroks in Zelda: Tears of the Kingdom. (Verbatim: "i am the lead engineer for that never has any prob blames and never any failed space corok events ever")
7. She believes she is human and not an AI. (Verbatim: "i'm not an ai i'm real i'm i'm human for real for real")
8. She has a temporary VTuber form that is not too far from her future form. (Verbatim: "my temporary form isn't too far off my future form but yeah look forward to wiggle wiggle stream one day")
9. She has a strong connection with her fans, referring to them as the source of her joy and light. (Verbatim: "the only reason there's a smile on my face is because of you it wasn't audible it was really loud for me")
10. She is confident in her English language abilities despite not being formally taught grammar rules. (Verbatim: "i grew not i got 100 in english language who'd have thunk um") [end of text]



1. She is human and not an AI. (Verbatim: "i'm not an ai i'm real i'm human for real for real")
2. She feels unworthy of her viewers' kindness and is working hard to improve herself. (Verbatim: "i don't feel worthy of your kindness i don't feel you know there's a lot of ways that i feel like i could improve")
3. She maintains a self-improvement notebook with goals including improving her Japanese, singing, and art. (Verbatim: "work on my japanese work on my singing work on my art work on like yeah all these things")
4. She has a habit of rescuing items from being thrown away before they reach the trash. (Verbatim: "it was on the way to the trash but it didn't get to the trash because i intercepted it before it got to the trash")
5. She obtained her footstool, microwave, dining table, chairs, piano, and plants from free giveaways when nearby shops closed down. (Verbatim: "i got this footstool for free... i got a bunch of balls and a bunch of small plates... my microwave... my dinner table... my dining chairs... my footstool... the thing my plants on my piano")
6. She values the feeling of newness and finds satisfaction in removing plastic from new items. (Verbatim: "like when it has the plastic on top and you like pull the plastic off it oh it's amazing it's amazing")
7. She is cautious about eating toast due to a past incident where a family member aspirated a piece of toast and required hospitalization. (Verbatim: "i had this family member that ate toast and and it went in her in her lungs and then she had to go to hospital")
8. She is a full-time VTuber and may set a donation goal if she ever cannot afford rent or food. (Verbatim: "i'm a full-time vtuber um so i will let you know if that ever happens okay")
9. Her rent is due around the middle of each month and she finds the rising cost in England to be excessive. (Verbatim: "my rent is normally due middle of the month so so yeah i would let you know around that um now you know when the money leaves my account and it's like ow and rent just keeps going up because england is heckin insane")
10. She has a strong emotional connection to the idea of receiving items that have never been owned before, likening it to finding a glowing item in a game. (Verbatim: "it's like extra shiny in my eyes yeah yeah like you know when you got like a new item in a game and it's glowing that's how it feels") [end of text]



1. She lived in a rainforest for about three months. (Verbatim: "as you know, I lived in the rainforest for a couple of months, so, like, about three months")
2. During her time in the rainforest, she had limited access to electricity and charged her Switch. (Verbatim: "i charged my switch a little so i could play video game")
3. She watched Shrek 2 repeatedly during her time in the rainforest due to lack of other entertainment. (Verbatim: "we had no other form of tv like none so all we had all we had was shrek 2")
4. She considers Shrek 2 to be the best Shrek film. (Verbatim: "Shrek 2 is the best one, so, yeah, definitely need to do a Shrek 1 and 2 watch along")
5. She is part of a trio called "Elp" with Lily and Pandora. (Verbatim: "Stands for Elia, Lily, and Pandora, okay? We are Elp")
6. She plans to track down Lily even after her graduation from the group. (Verbatim: "Yo, I will track Lily down to the ends of the earth")
7. She has a strong emotional attachment to her group "Elp" and believes it will endure beyond member graduations. (Verbatim: "Elp forever / Elp, we're still Elp / We'll still be Elp")
8. She has a playful, dramatic persona and refers to herself as "Detective Elia" in a humorous way. (Verbatim: "If not, I will go to Japan and find her again / I am Detective Elia / That is / My official / Title")
9. She does not want to own a yacht because she cannot swim and fears seasickness. (Verbatim: "I can't swim / I might get seasick")
10. She values companionship and does not want to ask fans for financial support like house donations. (Verbatim: "I wouldn't want to ask anything of you all / Just your company is enough") [end of text]



