1. She struggled with sleep and likely only got around 3–4 hours. (Verbatim: "I think I had, how many, I remember, I checked the time when I was trying to sleep. I kept like half waking up and I think it was like three something, yeah.")

2. She enjoys cereal and apple juice for breakfast. (Verbatim: "I didn't even have a big bowl of cereal. I had a small bowl... I have here, apple juice, cartons.")

3. She finds it difficult to relax her mind and stop thinking when trying to sleep. (Verbatim: "how does one not think... my brain is like that's it my brain go I don't know how")

4. She once tried a brainwave-relaxation device during a school computer tech trip. (Verbatim: "I was on like a computer tech trip and there was like a machine with this ball and this little thing that you put around your head... designed to help students like relax")

5. She dislikes being told to exercise as a solution to everything. (Verbatim: "why is exercise always the answer why is the answer never curl up in bed and eat chicken burger")

6. She discovered she enjoys salad when it has dressing, unlike when she ate it plain as a child. (Verbatim: "everyone had these yummy dressings and i was eating my salad with with nothing so salad only taste like the dressing")

7. She had a very enjoyable trip to Japan, especially in Akihabara. (Verbatim: "i had the bestest time i had so much fun i had a lot a lot a lot a lot a lot of fun")

8. She wants to improve her Japanese language skills for her next trip to Japan. (Verbatim: "next time i go to japan though i want to be able to speak japan japan better i want to be able to speak japanese better")

9. She has a strong fondness for crème brûlée. (Verbatim: "i love creme brulee i love i love i love creme brulee")

10. She associates comfort and sleep with fantasizing or letting her mind wander into stories. (Verbatim: "personally i fall asleep by having someone that i can comfortable let my mind spin around such as fantasy stories") [end of text]



1. She previously worked at a zoo, caring for various animals including rhinos, giraffes, lemurs, and tortoises. (Verbatim: "worked so um where i worked there were two rhinos... i looked after a giraffe family... i looked after lemurs... i looked after tortoise")

2. She had to separate a female rhino from the male on days when she was in an annoyed mood. (Verbatim: "the female rhino would be in too much of like an annoyed mood... i always had to separate them on grumpy days")

3. She found cleaning up rhino poop to be one of the most time-consuming and unpleasant parts of her zoo job. (Verbatim: "rhinos definitely had the biggest largest amount of poop i had to pick up... it was stupid how much there was")

4. She disliked cleaning the indoor lemur enclosure because one lemur habitually threw its poop onto the radiator. (Verbatim: "one of the lemurs kept throwing its poop on the radiator... that's gross because it's literally on a heater")

5. She had to wear face protection when handling an aggressive female lemur who tried to mate with her offspring. (Verbatim: "you had to wear proper face helmet gear because she was so angy and frustrated")

6. She cared for leopard tortoises and had to play hide-and-seek to find them at the end of the day. (Verbatim: "i looked after leopard tortoises... you had to play hide and seek with these at the end of the day and go look for them all")

7. She knows the proper way to hold a tortoise, using two hands to support it gently underneath. (Verbatim: "you should hold them very gently like always hold them with like two hands and give them support underneath")

8. She considered getting a tortoise as a pet but was deterred by their long lifespan, noting they could outlive her. (Verbatim: "i was kind of close to getting a tortoise once but it would like outlive me right i think")

9. She finds rhinos cute despite their danger, noting their small human-sized tongues and lazy morning behavior. (Verbatim: "rhinos are really cute animals minus their absolute danger... they're also very lazy and they don't like to wake up in the morning")

10. She finds giraffe pee to have the worst smell, particularly due to its strong ammonia odor. (Verbatim: "the smelliest thing was the giraffe... giraffe pee it was very strong like ammonia smell to it") [end of text]



1. She studied animal biology at university. (Verbatim: "I did animal biology so um and i i care a lot about animals so yeah yeah yeah")
2. She has worked at a zoo in the past. (Verbatim: "my perspective on zoos as someone that's like worked at one is there are good ones and bad ones")
3. She is from England. (Verbatim: "we don't have guns in england so um no like if an animal get angry we don't have guns to deal with it")
4. She cares deeply about animal welfare and conservation efforts. (Verbatim: "i care a lot about animals so yeah yeah yeah")
5. She is against blanket judgments of zoos and believes in evaluating them based on conservation practices. (Verbatim: "i completely understand those that are against zoos because there are some bad ones out there... but i do make every effort to only go to ones that that are part of the ones for a better kind of world")
6. She supports zoos that participate in scientific conservation and breeding programs. (Verbatim: "the good ones are very scientific orientated and work towards conservation efforts to really swimming back into the wild")
7. She is familiar with BIAZA, a UK zoo accreditation association. (Verbatim: "in england we have something called biazza which is um an zoo association process yeah process")
8. She dislikes long queues, especially in hot weather. (Verbatim: "my goodness that cure is insane... i don't know if i'd go again because i don't like waiting for that long")
9. She values privacy and avoids taking photos of people without consent. (Verbatim: "i always tried to avoid taking pictures with people in it because i feel like i shouldn't")
10. She prefers small, family-run restaurants and appreciates kind, elderly staff. (Verbatim: "she was the sweetest old lady ever... that place was really lovely") [end of text]



1. She has a bachelor's degree in animal biology. (Verbatim: "oh my animal biology is in my bachelor's degree")
2. She holds a master's degree in AI and machine learning technology. (Verbatim: "i have my master's degree um in ai and machine learning technology")
3. She is interested in AI and robotics. (Verbatim: "i have quite an interest in ai so i have my master's degree um in ai and machine learning technology")
4. She has a strong interest in anime. (Verbatim: "i have quite an interest in ai... but yeah this place they like welcome you in and then...")
5. She loves macarons and crème brûlées, which are two foods she always tries to get. (Verbatim: "macarons i like macarons and creme brulee's i really love like those are the two foods i'll always try and get if i can")
6. She enjoys visiting themed pop-up cafes, especially those related to anime. (Verbatim: "this is a pop-up cafe um for this isekai anime from the season")
7. She likes wearing cute frilly clips and anime t-shirts. (Verbatim: "i do like cute frilly clips as much as i love my anime t-shirts i do like to wear cute frilly frilly things")
8. She finds Japanese high-tech toilets fascinating, particularly their sound and bidet features. (Verbatim: "it's got flushing sound exclusively for women blushing sound... chirp chirp chirp chirp")
9. She previously lived in or is familiar with England, noting differences in public restrooms. (Verbatim: "we don't have this in england so this fascinated me")
10. She has a playful attitude toward rule-breaking, such as taking photos in no-photo zones for her audience. (Verbatim: "i took the picture and then i saw a sign that was like don't take any pictures and i was like i gotta get out of here i'm i'm a criminal") [end of text]



1. She is British. (Verbatim: "i'm british okay we're not very adventurous")
2. She has visited Japan, specifically Tokyo areas like Shinjuku and Shibuya. (Verbatim: "i went to um shinjuku um another time before and completely forgot to go look for it")
3. She is interested in Japanese cinema and 4D movie experiences. (Verbatim: "this is where i did the 4d mission impossible viewing")
4. She wanted to watch the Barbie movie but couldn’t because of the release schedule in Japan. (Verbatim: "i really wanted to watch the barbie movie but but japan had a later release than england")
5. She finds some Japanese popcorn flavors too adventurous to try, such as mayo with spicy cod roe. (Verbatim: "i didn't order any of these flavors i i'm sorry i'm not brave i'm british okay")
6. She prefers safe food options like caramel popcorn and is familiar with standard British popcorn flavors (sweet, salted, butter). (Verbatim: "i went for the caramel caramel i went for the safe option")
7. She finds the story of Hachiko very emotional and sad. (Verbatim: "it's such a sad story like i i i know i can't think about it too hard")
8. She bought Hachiko merchandise during her visit to Shibuya. (Verbatim: "that's where i got all my hachiko merch from")
9. She enjoys chicken nuggets and notes they taste the same in Japan as in England. (Verbatim: "these taste exactly the same as the ones you get in england")
10. She is interested in trying Japanese food but prefers to have someone else eat the things she might not like. (Verbatim: "i need to like go with someone that will happily eat all the weird stuff that i'd want to try") [end of text]



1. She has a fear of crowds and agoraphobia, which was exacerbated by lockdown. (Verbatim: "i do have a literal fear of crowds... and lockdown happened and that basically undid a whole ton of stuff")
2. She underwent therapy to help with re-entering public life and managing her agoraphobia. (Verbatim: "i actually had a lot of um therapy to help me go back outside and stuff")
3. She used to be a shut-in due to her anxiety. (Verbatim: "i used to be a really um proper shut in")
4. She finds churros, crème brûlée, and macarons appealing, with churros being a particular favorite. (Verbatim: "i really like churros... and macarons")
5. She dislikes extreme heat and gets uncomfortable when it's very hot, especially without wind. (Verbatim: "it was boiling i was boiling i was melting")
6. She is scared of horror games and intense rides, but will attempt them when encouraged. (Verbatim: "i'd be like that looks terrifying are you sure")
7. She wants to visit Disneyland in the future with fellow YouTubers Lily and Elp. (Verbatim: "the plan is disneyland with elp which is me lily pandora")
8. She has been to Tokyo, specifically Shibuya and Ginza, and visited Shibuya Sky and Tokyo DisneySea. (Verbatim: "i went to see lily endo... we went to disney sea")
9. She felt emotionally moved by the organized flow of people in Shibuya, which helped ease her crowd anxiety. (Verbatim: "everyone just sort of is so organized... you feel like you're part of a unit")
10. She enjoys magical, visually impressive experiences like fireworks and themed performances. (Verbatim: "this is hagen magic... it was really cool") [end of text]



1. She is British and lives in England. (Verbatim: "i'm british so i'm in england well it's not morning anymore it was morning when i started this stream")
2. She has fulfilled her dream of living in Japan. (Verbatim: "i already fulfilled my dream of living in japan so i feel warm and fuzzy when i see other people get to experience it")
3. She plans to do a photo shoot and talk about her anime figurines in the future. (Verbatim: "i have a lot of anime figurines i will give them a very good photo shoot and make sure i do a nice talk about them all")
4. She wants to create and share useful travel advice about Japan based on her own experience. (Verbatim: "i want to take the advices that from my own experience and collate them to ones that i found were useful")
5. She is interested in giving advice for climbing Mount Fuji, especially for introverted or less active fans. (Verbatim: "i can now give advices on how to do that yay um yeah yeah yeah and if i can do it then i'm like yeah then then only people will think wow this bum can do it i can do it too")
6. She loves animals and finds them very cute, comparing them to Pokémon. (Verbatim: "i really love animals they're just like they're just so cute they're just pokemon")
7. She wants to play Planet Zoo in the future and possibly host a zoo-themed stream. (Verbatim: "i want to play planet zoo one day um and and maybe be your zoo guide if if you fancy it")
8. She enjoys Western-style sushi, particularly with soy sauce, and considers it a guilty pleasure. (Verbatim: "i really like it it's really yummy so it was one of the first things i got when i got back yeah committing them sushi crimes as soon as possible")
9. She aspires to become a consistent streamer after her debut. (Verbatim: "consistent steamer that you can trust and rely on is coming soon tm okay for real for real")
10. She previously did morning streams and plans to make them regular again post-debut. (Verbatim: "what i normally do is a morning stream have my lunch do work in the afternoon and come back in the evening for an evening stream") [end of text]



1. She is British and uses this as a humorous justification for mispronouncing or butchering the English language. (Verbatim: "the fun part about being british is i'm allowed to butcher the english language and say it wrong because british people don't know how to speak it the most that is my british advices yeah")

2. Being British is tied to her identity, and she jokes that the hallmark of a "truly British" person is their poor pronunciation. (Verbatim: "that's how you tell if someone's truly british they absolutely murder their language")

3. She enjoys playing *Baldur's Gate* and plans to continue playing it, particularly looking forward to battles. (Verbatim: "i'm gonna try and look for them battles tomorrow we're gonna go looking to battles")

4. She previously misunderstood the gameplay mechanics of *Baldur's Gate*, thinking she needed to talk to everyone for story progression. (Verbatim: "i thought it was the type of game where you talk to someone and it triggers like the um the like next part of the story but it turns out you don't have to talk to everybody")

5. She enjoys music-themed battle imagery, referencing gathering instruments and battling with music. (Verbatim: "we shall gather our instruments and and battle with our music tomorrow")

6. She has a habit of doing debut preparation work, suggesting she is relatively new to being a VTuber or is preparing for a significant debut event. (Verbatim: "do some more debut prep work")

7. She enjoys tweeting random thoughts that come into her head. (Verbatim: "probably tweet some random thoughts that come out of my head")

8. She likes to nap on her sofa and lurk in other streams during her downtime. (Verbatim: "i am going to nap on my sofa um and probably lurk in some streams")

9. She finds comfort in being cozy, often using a blanket and sitting curled up in her chair during streams. (Verbatim: "i truly am cozy cozy like i put the blanket on to match me... i'm caught up on my chair all cozy cozy")

10. She dislikes saying "bye-bye" and instead prefers to say "see you later" when ending streams. (Verbatim: "it's not a bye-bye no no no because i don't like bye-bies um it's a see you later") [end of text]



1. Her favorite dessert is crème brûlée. (Verbatim: "i love creme brulee i love i love i love creme brulee")  
2. She visited Japan in July and climbed Mount Fuji. (Verbatim: "i went to japan in july so this is from july and it was baking hot... because of climbing mount fuji")  
3. She wants to revisit Japan to see cherry blossoms, autumn leaves in Hokkaido, and experience a KFC Christmas. (Verbatim: "i want to see the cherry blossoms and i want to see the the autumn leaves in hokkaido and i want to experience a kfc christmas")  
4. She has been to a maid cafe in Akihabara, Tokyo, and received a bronze “princess card” as a first-time female visitor. (Verbatim: "they give you a card um so i actually have a princess card because i'm not a master... you've got a license of level one princess")  
5. She finds the summer heat in Japan more bearable than in England due to better preparation like AC and mist sprays. (Verbatim: "i found that the heat in japan actually more bearable than super hot summer time in england... they're very prepped for hot weather")  
6. She has a habit of refusing to order food in England if crème brûlée is not available for dessert. (Verbatim: "whenever i go for food in england i'll go ask for the dessert menu... no creme brulee i look at them and say no thank you i'll have the bill please")  
7. She cried when crème brûlée was unavailable at restaurants in England. (Verbatim: "if there is creme brulee i'll be like excuse me one creme brulee please... and then i'll cry")  
8. She enjoyed the high quality of the maid cafe’s loyalty card, noting it was a plastic card rather than paper. (Verbatim: "it's not paper it's an actual like plastic card... i thought it'd be maybe a laminated card it's like a proper plastic card")  
9. She finds eating crème brûlée messy and harder than portrayed in anime. (Verbatim: "every time i see these in anime they never make a mess... i was making so much mess like so much")  
10. She has a friend named Lily whom she plans to meet again in Japan. (Verbatim: "hi hi hi um i'm worried it's weird... another reason i'd need to go to japan so i can see lily again") [end of text]



1. She is very shy, especially in public situations. (Verbatim: "i'm very shy okay like i know i'm all like blah blah blah blah blah blah but i'm very shy")
2. She has a dog named Lila. (Verbatim: "i love you lila my dog")
3. She is a cat person at heart, despite having a dog. (Verbatim: "i'm just a cat person at heart you know that")
4. She really wants to get a cat in the future. (Verbatim: "i'm this close to just getting a cat then i'm like no it would")
5. She enjoys Splatoon and is interested in playing it. (Verbatim: "i was like yo i want to play splatoon")
6. She finds comfort in food and can be easily motivated by treats, comparing herself to cats who come down for food. (Verbatim: "i remember if any family member came over and brought like chocolate with them i'd be straight down there")
7. She visited a maid cafe in Akihabara and was impressed by the service. (Verbatim: "this one was in akihabara and and yeah i think i just looked up best maid cafes and this one came up so i went to it")
8. She wanted a photo with a maid at the cafe but was too shy to go through with it. (Verbatim: "i really really really really want to do it but but i i i cannot i'm too shy to do that")
9. She visited a cat cafe in Akihabara and found it very hygienic and well-organized. (Verbatim: "this place honestly i think was really really nice it was very very hygienic")
10. She spent a long time relaxing at the cat cafe, drinking Coca-Cola and enjoying the comfortable environment. (Verbatim: "i ended up chilling here for for a really really long time um i just kept drinking coca-cola") [end of text]



1. She has a strong affection for cats and often wishes she could have one, but feels it would be irresponsible. (Verbatim: "i wish i could cuddle the cats i was this i'm this close to just getting a cat then i'm like no it would be irresponsible for me to get a cat but damn i miss having a cat")

2. She visited Japan in July and described the trip as wonderful, exceeding her very high expectations. (Verbatim: "i went to japan for july and it was it was wonderful... it lived up to those expectations it was exactly oh no even better than than i imagined")

3. She highly recommends the Mocha Cat Cafe in Akihabara, Tokyo, which she considers the nicest among the cat cafes she visited. (Verbatim: "this one in akihabara was was the bestest one... ah mocha mocha mocha yeah yeah yeah cat cafe or mocha because cha is in capitals mocha cafe mocha")

4. She has visited cat cafes in England and multiple locations in Japan, indicating a recurring interest in such places. (Verbatim: "i've been to a lot of cat cafes or whenever i can i've been to ones in england and stuff")

5. She owns a dog, which influenced her decision not to visit a dog cafe during her Japan trip. (Verbatim: "i did want to go to the dog cafe but i also have a dog so")

6. She adopted her dog from a private family, not through a formal adoption center, and initially suspected it might be a scam. (Verbatim: "i actually got my dog through another home i didn't... i thought it was a scam um i was like there's no way someone's")

7. She finds pet adoption in her home country extremely difficult, with very high requirements including home inspections and strict living conditions. (Verbatim: "it's actually harder to adopt than it is to buy here because the rescue animals have very very very very very very very very very very high requirements")

8. She expresses fascination with exotic animal cafes in Japan, such as those featuring binturongs and owls, and was surprised to see binturongs, which she considers uncommon. (Verbatim: "they had binturongs like yeah like i'm i was really surprised to see binturongs there because like they're not very common animals")

9. She compares the service attitude of cats in cat cafes to maids in maid cafes, noting cats require begging for attention. (Verbatim: "you feed me and you have to beg for my service... don't expect maid level service from the cats because um they're cats")

10. She has difficulty with online bookings for Japanese animal cafes and notes the common system of in-person sign-ups with delayed time slots. (Verbatim: "i found it difficult to try and find any sort of online booking i think it was like call up kind of thing and i can't really call up from england") [end of text]



1. She owns a dog that she adopted from a family who no longer wanted it. (Verbatim: "i actually got my dog through another home i didn't... the family that have a dog and um and they didn't know that the dog actually had a genetic disease")

2. Her dog has full pedigree papers and comes from a breeder, which surprised her since she didn’t expect it when adopting. (Verbatim: "i've got the family tree and the whole the whole shebang... i got like a full pedigree pedigree i was like what is this")

3. She refers to herself as "nana elia" and confirms she loves dogs. (Verbatim: "can confirm nana elia loves watching crufts when it when it happens she loves dogs")

4. She enjoys watching Crufts, the famous dog show, when it airs. (Verbatim: "can confirm nana elia loves watching crufts when it when it happens")

5. She prefers ordering food via phone apps and dislikes human interaction during service. (Verbatim: "i want to order from my phone and i want it to just magically arrive i do not wish for the human interaction")

6. She finds it difficult or unpleasant to eat food with excessive sauce. (Verbatim: "this had too much sauce too much too much sauce way too much sauce i heckin could not eat it all")

7. She has a nostalgic interest in retro tech like CD and cassette players, finding it amusing they’re still sold. (Verbatim: "i thought it was funny they still sold it because i haven't seen i haven't seen anyone sell a cd player")

8. She visited TeamLab in Odaiba, Tokyo, and appreciated it from an artistic and technical perspective. (Verbatim: "from the art perspective it is a really nice place to go for the art")

9. She emphasizes experiencing places with all senses, referencing the barefoot policy at TeamLab. (Verbatim: "you're supposed to experience things with your whole body while you're there so yeah it's like you experience you have you feel the ground")

10. She has visited Akihabara and Odaiba in Tokyo, indicating travel experience in Japan. (Verbatim: "this was also in akihabara... i went to uh what's it called um daiba the place with the the oh what's it called... odaiba") [end of text]



NO RELEVANT INFORMATION [end of text]



1. She has a personal connection to the Legend of Zelda series because her parents are big fans. (Verbatim: "my parents are really really really big fans of zelda which is why i'm a really big fan of you know the legend of zelda series because they have")

2. She previously used unsafe methods to remove a pot lid due to lack of a handle/knob. (Verbatim: "my old method was to like whack it off um it wasn't the safest method i'll be honest")

3. She upgraded her cooking pot to one with a proper lid knob for safety and convenience. (Verbatim: "i was like i'm gonna treat myself to something that has like a handle and won't fall apart um yeah like a handle on the lid sorry")

4. She enjoys cooking mashed potatoes and has a specific pot she uses for it. (Verbatim: "it's the pot that i like to make mashed potato in it's my mashed potato making pot")

5. She expresses a strong desire to own a Hello Kitty Gunpla model. (Verbatim: "i really wanted to get the hello kitty gunpla but they didn't have it which is such a shame i really wanted it i'll if i can get a hello kitty gunpla i want it")

6. She visited a Gundam store that featured detailed dioramas of every fight from *Witch from Mercury*. (Verbatim: "they had a whole exhibit with like each episode or each fight and they made a diorama for every single fight from the witch of mercury")

7. She took pictures at the Gundam store exhibit but refrained from sharing most to avoid spoilers. (Verbatim: "i took a lot of pictures but then i thought they might be spoilers um for people that haven't seen it so i didn't want to show them all")

8. She finds the Nintendo Store in Shibuya very crowded and recommends visiting during quieter times. (Verbatim: "pick a time that's not busy because you genuinely can't get in when it's busy... this store is great it has very much wonderful stuff in it but my goodness it's busy")

9. She bought merchandise from the Zelda section at the Nintendo Store. (Verbatim: "i bought a lot of it basically... from the zelda merch")

10. She visited a Ghibli-themed store and purchased cute items like hair bands and mugs. (Verbatim: "i bought lots of cute things from this store um i bought a bunch of cute little hair bands and a bunch of cute little mugs") [end of text]



1. Her parents are big fans of The Legend of Zelda, which influenced her love for the series. (Verbatim: "my parents are really really really big fans of zelda which is why i'm a really big fan of you know the legend of zelda series because they have something they've always really loved and it's something i've grown up with")

2. She has a strong affection for pandas, which led her to visit the Ueno Zoo specifically to see them. (Verbatim: "the reason i went to ueno zoo was for panda panda panda the panda panda yeah yeah yeah the panda you don't get to see pandas here in england we don't have any")

3. She owns an oversized hoodie and prefers wearing large or oversized clothing due to limited availability in smaller sizes. (Verbatim: "i've got an oversized hoodie and and yeah i've got a very nice oversized hoodie... i just have to wear large t-shirts and things as dresses because most of my anime stuff... ended up having to be oversized")

4. She is a fan of the Animal Crossing series, particularly enjoying its home goods and kitchen items. (Verbatim: "they had a home animal crossing section and and like it was adorable... i really wanted it um they literally had everything you needed for a um for for your home")

5. She owns a Nintendo 64 controller for use with her Switch, which she purchased to enhance her nostalgic gaming experience. (Verbatim: "i also bought a nintendo 64 controller for my switch so that um if we play any nintendo 64 games together i can use the actual n64 controller")

6. She has a nostalgic connection to Nintendo consoles from childhood, including memories of playing with GameCube and N64 controllers. (Verbatim: "basically you know like when they give the younger child the controller and it's not plugged in and it's like here you can play too um little ellie bro was um the subject of that")

7. She is excited by and collects Nintendo merchandise, especially from official stores in Japan. (Verbatim: "i bought them a bunch of souvenirs from here um i was like this is perfect it's souvenir time for mama elia and papa elia")

8. She is a fan of Splatoon, Pokémon, and Pikmin, as she visited their respective sections in the Nintendo store. (Verbatim: "they have all the different sections as you can see splatoon's over there they had a pokemon section as well... i did play some pikmin while i was there")

9. She was motivated to watch Jujutsu Kaisen because of the character Panda in the opening sequence. (Verbatim: "i watched jujutsu kaisen um... because i saw the opening and then i saw there was a panda in it and i wanted to watch it because it had a panda")

10. She dislikes when people use flash photography at animal exhibits, as it can harm the animals. (Verbatim: "no flash um there was one tourist i remember that did take a picture with a flash and then got really mad... it hurts the animals") [end of text]



1. She previously worked at a zoo for a period of time. (Verbatim: "i've worked at a zoo i worked at a zoo for for a while")
2. She has experience caring for specific animals including giraffes, rhinos, and axolotls. (Verbatim: "i never looked after flamingos so that's why there's a flamingo picture" / "i actually did look after one of these" [referring to axolotl] / "i've looked after rhinos")
3. She is British, not Australian. (Verbatim: "i'm british" / "we're british mate i'm so sorry")
4. She does not speak Japanese fluently, which has caused communication difficulties. (Verbatim: "i don't really speak japanese very well" / "i don't know how to say that [in Japanese]")
5. She finds axolotls funny and enjoyable to care for despite their slow reaction time. (Verbatim: "they're the funniest things to look after" / "it was always so funny")
6. She has knowledge about animal behavior, specifically that rhinos enjoy being scratched but can be dangerous. (Verbatim: "rhinos also like the scritchy scritches but i remember having to be extremely careful when giving the scritchy scritches to the rhino because they weren't joking it would unalive me very fast")
7. She once encountered a particularly sassy female rhino during her time at the zoo. (Verbatim: "one of them was always very sassy" / "the female would always get sassy every now and then")
8. She has experience feeding axolotls as part of her daily duties at the zoo. (Verbatim: "i had the daily job of feeding the axolotl")
9. She is skilled at spotting well-camouflaged or hidden animals, especially reptiles. (Verbatim: "i'm quite good at like spotting the like more cryptic animals you know the ones that are like hiding and a lot of reptiles do that")
10. She felt conflicted about pretending to be Australian to avoid disappointing a fellow tourist. (Verbatim: "we didn't have the heart to tell her... i felt bad correcting her but then i felt bad going along with it") [end of text]



