1. She has been working hard on improving her singing and recently felt significant progress. (Verbatim: "I could sing easier... it's not so frustrating and it's really nice I felt like I could I could sing a lot easier and yeah I could actually enjoy enjoy singing.")

2. She takes singing lessons to improve her vocal control and performance. (Verbatim: "I've been doing like singing lessons and working hard on my singing.")

3. One of her goals is to host a karaoke stream in the future. (Verbatim: "we're one step closer to a karaoke stream um we're getting there.")

4. She wants to perform covers and be impressive rather than a "dead weight" when singing. (Verbatim: "I don't want to just be some like a dead weight in the club or anything like that like I want to you know be be wow look at her.")

5. She is motivated by her audience's enjoyment when working on content like singing. (Verbatim: "my main thing the main thing that like motivates me is thinking about how like um you know I want you guys to to enjoy me singing.")

6. She dreams of performing on stage, though she jokes about tripping or rolling onto it. (Verbatim: "what I want to do is be able to roly-poly onto the stage okay I'm gonna be able to roly-poly onto the stage.")

7. She has a desire to visit London, particularly a tea shop in an area with an M&M store and a Lego store. (Verbatim: "my desire to go to the tea shop... you have this big M&M store, you have this big Lego store... and you have this big tea shop.")

8. She is unsure of London place names and admits she is not good with remembering them. (Verbatim: "I think I'm not very good with names.")

9. She participated in a collaborative stream about British culture and jokingly references a "British phase." (Verbatim: "we did have a slight British phase of wanting to take over the world we gave it all back or slash had to.")

10. She humorously identifies with British stereotypes, including frequent apologizing. (Verbatim: "hi hi this is why the British apologize all the time to everything we are we are we are sorry we are sorry.") [end of text]



1. She previously worked in a physically demanding job involving animal care. (Verbatim: "i'm so glad i don't do physical work now... it's mostly physical work um and i'm so glad i don't do physical work now")

2. She cared for cotton-top tamarins in a non-public setting during her previous job. (Verbatim: "i looked after these i looked after these we didn't have these like um displayed for the public so it's just me me and these little these little punks")

3. She has experience hand-feeding small primates like cotton-top tamarins and marmosets. (Verbatim: "i used to hand feed these um get like a little pellet and then it would take his two little hands and grab it and be like for me")

4. She dislikes marmosets because they attempted to urinate on her repeatedly. (Verbatim: "except they were nicer than the marmosets because the marmosets kept trying to peel me")

5. She worked outdoors and often returned home dirty, covered in animal poop and mud. (Verbatim: "because we're talking about being covered in like animal poop and mud and all sorts")

6. She used public transportation (bus) to commute home after work and avoided sitting due to being dirty. (Verbatim: "i'd have to get the bus i'd have to get the bus... i wouldn't want to sit down on the seats i feel like it'd be rude")

7. She does not drive and relies on public transit. (Verbatim: "99 of the time as you know i don't drive so when i had to come back from like a day of work there i'd have to get the bus")

8. She volunteered in hospitals, specifically in patient-facing roles. (Verbatim: "i have worked in hospitals um volunteer work")

9. She has spent significant time in hospital A&E (Accident & Emergency) departments, mostly accompanying family members. (Verbatim: "i've been to hospital a lot um for for like family members and stuff and i've been to like a and e like a lot of times")

10. She finds dealing with people mentally difficult, especially in customer service or high-stress environments. (Verbatim: "dealing with people mentally is also difficult anyone in customer service raise your hand and cry") [end of text]



1. She previously lived at home in England and had experiences with the NHS, including waiting for long periods in emergency care. (Verbatim: "yeah it's been a while since i've had to do that luckily um fingers well you know this is back when i lived at this is back when i lived at home")

2. She has a dog named Lila whom she is responsible for walking even if she gets sick. (Verbatim: "i have a dog so like if i get ill i still have to walk my dog")

3. She is concerned about losing her voice due to illness, as it is essential for her work as a VTuber. (Verbatim: "i don't want to be sick on my break i don't want to be sick after my break i just don't want to be sick like at all especially something that would that affects yeah voice of all things")

4. She has a habit of overworking herself, including working on projects like a visual novel during early mornings on holidays. (Verbatim: "i was working like doing like not just streams but working on like a visual novel and stuff and like you know like in 5am christmas day and christmas eve working away")

5. She is taking a break to prevent burnout after a period of intense work. (Verbatim: "i'm giving myself my christmas break now um it's a bit late but i'm just gonna recharge relax um and basically we want to prevent burnout")

6. She plans to visit her nan (grandmother) during her break, indicating a family connection in England. (Verbatim: "i might go see like i think my plan is to go see nana elia i think because like nana elia has lots")

7. Her mother lives not far from her nan, suggesting a familial support network in the UK. (Verbatim: "basically my mother lives not too far from my nan so like i can kind of have lila there")

8. She owns a Nintendo Switch and considers it essential entertainment during long waits. (Verbatim: "if you did not charge your phone or you did not bring your nintendo switch you were gonna be so bored")

9. She uses the NHS and comments on its challenges, noting that private healthcare in England is very expensive. (Verbatim: "we have the nhs which is probably why it's so busy there because it's free... private healthcare is like insanely expensive like only rich people can have private healthcare here")

10. She jokes about doing a "wiggle only stream" if she loses her voice, indicating a self-aware, humorous approach to potential channel disruptions. (Verbatim: "if i get ill we can do a wiggle only stream if your guys are okay with that") [end of text]



NO RELEVANT INFORMATION [end of text]



1. She has a dog that frequently steals her hair bands and socks. (Verbatim: "she's usually got one of my hair bands... she loves my hair bands... not as much as she loves my socks and underwear but she does love my hair bands")

2. Her dog is a Samoyed and sheds heavily twice a year. (Verbatim: "i have a very very fluffy dog and i think if you've ever googled samoyed fur... for female samoyeds they shed twice a year")

3. She ties her hair back regularly, often using hair bands that her dog steals. (Verbatim: "my issue is i will tie my hair back okay and when i go to bed i'll obviously undo my hair and i'll place my hairband next to me")

4. She is based in or associated with Britain. (Verbatim: "as we call it here in britain")

5. She plans future meetups with someone named ELP, separate from a recent trip. (Verbatim: "me seeing elp is in a few months")

6. She went on a trip to Dubai with her dog, and was returning to Italy afterward. (Verbatim: "this is my last day too then back to italy... this is just a me and my dog trip")

7. She takes iron pills or requires regular medication. (Verbatim: "don't forget to take with your iron pills or any other medicines... yes i need to remember to bring that")

8. She hosts weekly puzzle streams, making them a regular part of her content. (Verbatim: "i like to do these puzzle streams weekly... this is a regular thing")

9. She considers her voice to be musical and whimsical, with wide tonal variation. (Verbatim: "my voice i have been told is quite musical in that like my tone goes all over the place")

10. She refers to late-night streaming as part of her content style, acknowledging it's past her bedtime. (Verbatim: "it's past my bedtime... late nights with ellia stellaria") [end of text]



1. She loves animal facts and finds animals cute, comparing them to real-life Pokémon. (Verbatim: "i do love my animal facts i love animal facts i love animals they're so cute hi they're like pokemon but real")

2. She has a habit of getting stream ideas late at night, often waking up at 2 a.m. to write them down. (Verbatim: "i have to take a break but very much on my mind all the time even at like night time and stuff i'm like oh i have a great stream idea yeah the starlings and will love this yeah gets up at like 2 a.m i can get my notebook out heck yeah")

3. She finds giving and receiving compliments difficult. (Verbatim: "i am unbelievably bad at giving and receiving compliments same")

4. She owns a fluffy dog that she has to walk regularly, which she finds challenging in rainy weather, especially having to blow-dry the dog afterward. (Verbatim: "i have to walk very fluffy dog and it sucks it sucks i have to walk this dog she gets wet and then i have to blow dry her every heck in time like i have to blow dry her it's so much effort")

5. She enjoys Maltesers and received a share box as a Christmas gift, though she mostly eats them alone. (Verbatim: "those are my malteasers yeah wait here they are i got a box for christmas i got it for christmas yeah there's so many left it's supposed i think it's supposed to be a share box but it's between me myself and i")

6. She is required to manage taxes, indicating she handles personal financial responsibilities related to her VTuber work. (Verbatim: "and then what are these supers why are you sending tags tags i'll get back to these once i catch up on these... tax tax there's no penalty we can't but tax is not our tax")

7. She expresses self-deprecating feelings about her appearance, stating she doesn’t feel cute or cool but wishes she were. (Verbatim: "i wish i was cool i wish i was cool no no no i can guarantee you all are much much much cooler than me... i'm not cute no no no no i wish i was cute i'm working on it")

8. She runs both morning and evening streams, including "zatsu" (variety/talk) streams and gaming streams, and is experimenting with their scheduling. (Verbatim: "as you guys know i normally do a zatsu in the morning and a gaming stream in the evening... how was it with having a zatsu in the evening")

9. She values her audience deeply and often thinks about them, to the point where it contributes to her needing breaks. (Verbatim: "you guys are always on my mind too much to the point where i have to take a break but very much on my mind all the time")

10. She looks forward to reuniting with her audience after breaks and humorously requests a big hug upon return, especially after stressful tasks like doing taxes. (Verbatim: "i'm gonna need a big hug please i i would like to specifically request hug thank you um") [end of text]



1. Her birthday is in two months from the time of the stream. (Verbatim: "no no it will be soon but not now we've still got like two more to wait yeah two months")

2. She has experience working in the financial industry and as a data scientist. (Verbatim: "i'm i'm a trained data scientist i can do taxes... and i've also worked in the financial industry")

3. She previously worked on financial software as a developer. (Verbatim: "my my whole like the area that i folk like i worked on in like my developer-ness was in like financial software")

4. She has worked up to three jobs simultaneously in the past. (Verbatim: "there were multiple times in my life where it's been like i had to work like three jobs at the same time")

5. She no longer works multiple jobs and now only works one, which she finds much less stressful. (Verbatim: "i'm just happy i i don't have to work three anymore it's so much nicer to just work one")

6. She plans to relax before doing her taxes, indicating a tendency to delay stressful tasks. (Verbatim: "my plan is to like relax for a bit then do taxes and then get back to streaming... i relax first and then i'll stress myself out because i'm like that")

7. She expresses strong dedication to her audience, saying she would go as far as exploring all of space for them. (Verbatim: "i'll go to the moon and back no okay even further i'll go and explore the entirety of space for you all")

8. She identifies with having separation anxiety when taking breaks from streaming. (Verbatim: "small separation anxiety sorry join the club i'm in it i'm the leader i'm the leader of this club")

9. She refers to her audience as "kami" (god/deity), showing affectionate reverence toward them. (Verbatim: "thank you for everything you super cute kind and loving kami")

10. She acknowledges receiving "akas" (likely Super Chats or similar) and mentions they trigger a "face of absolute terror," suggesting a humorous or exaggerated reaction to sudden notifications. (Verbatim: "apparently these akas trigger a face of absolute terror i'm so sorry") [end of text]



1. Her full name is Elia Stellaria, and she identifies as a "celestial messenger." (Verbatim: "hi i'm elias delaria not a goose i am a celestial messenger")

2. She has a fictional role as the ruler or mayor of a place called "Scuff City." (Verbatim: "i am the yeah um ruler of scuff city... mayor mayor i'm mayor elias delaria")

3. She previously visited Japan and felt regret about not knowing enough Japanese during the trip. (Verbatim: "i felt really bad but i felt like i should have studied harder and studied more last time i went to japan")

4. She is currently learning Japanese (Nihongo) to improve her language skills for future visits to Japan. (Verbatim: "i'm currently learning i'm still learning my... nihongo studies")

5. She received a PlayStation console only through hand-me-downs from her brother, not by purchasing one herself. (Verbatim: "the only time i've ever gotten a playstation is via hand-me-downs from my brother")

6. She does not own a PS5 and is waiting for her brother to upgrade so she can inherit his old console. (Verbatim: "if they could release like a ps6 then then i can catch up")

7. She commissioned special artwork for her fans as a New Year’s present, created in early December. (Verbatim: "i commissioned this back like early early december... as a present to y'all")

8. She expresses strong disapproval of scalping culture, especially regarding limited-edition merchandise like the Starbucks cup. (Verbatim: "the last thing that i think the saddest thing would be if people were just purposely trying to to grab them to try and like resell them")

9. She finds queues (lines) necessary and views them as preventing chaos, contrasting British and American queuing behaviors. (Verbatim: "i am glad that like you know there are the queues otherwise it would be oh gosh utter chaos")

10. She does not eat bananas, despite them being present all over her "Scuff City" theme. (Verbatim: "personally i don't even eat bananas we just have bananas all over the place in this place") [end of text]



1. She is a British VTuber. (Verbatim: "hello raiders i'm ellia stellaria british vtuber")  
2. She has visited Japan and experienced difficulty communicating due to language barriers. (Verbatim: "last time i went to japan you know because like they'd like people would panic so much when i didn't speak in when i when i spoke english a bit")  
3. She is currently learning Japanese, including hiragana, katakana, and kanji. (Verbatim: "i am i am learning i'm learning")  
4. She took a beginner Japanese course with a teacher but fell behind in her studies. (Verbatim: "i was doing like a japanese course of an actual like teacher and stuff um it was only the very basic beginner stuff so i have finished that part and now i have to sign up for the next level of class um which i've not done")  
5. Her primary goal in learning Japanese is to be able to read. (Verbatim: "the main thing i need to i want to be able to do is read")  
6. She uses apps and printouts to study Japanese in her spare time. (Verbatim: "just open up that app and practice and practice and practice")  
7. She associates hiragana characters with visual mnemonics, such as "toe" for と (to) and "spiral" for す (su). (Verbatim: "toe looks like a toe with its nail being ripped off um and su is spiral")  
8. She is aware of pitch accent and mora in Japanese, understanding that mispronunciations can change word meanings. (Verbatim: "you have to be careful with words for things like that um and there's there's a few other ones yeah no a lot of people just just go straight in with the konnichiwa but it's not konnichiwa it's konnichiwa")  
9. She is interested in doing a hiragana or katakana learning stream or video for her audience. (Verbatim: "i would love to do a um i'd love to do a hiragana learning stream yes")  
10. She previously concealed her identity as a VTuber from her Japanese teacher, instead identifying as a developer. (Verbatim: "i just told her i was like a developer but we did chat about") [end of text]



1. She is mixed race. (Verbatim: "i didn't tell you i was mixed race mate kura sai")
2. She has agoraphobia, which involves difficulty with uncontrolled spaces and crowds. (Verbatim: "i do actually have agoraphobia which is um not arachnophobia but it's a struggle with being like in basically the main definition is having a fear of being in uncontrolled spaces")
3. She studied for a master’s degree with a thesis on AI, and taught herself the subject without formal instruction. (Verbatim: "my thesis was on like ai and nobody had nobody taught me like i had to teach myself")
4. She paid tuition fees primarily for deadlines and structure, not for instruction. (Verbatim: "i was just paying to have a deadline and to get to get myself like doing things")
5. She recommends learning coding through YouTube videos, finding them very helpful. (Verbatim: "you truly can those videos are so helpful um i would i would recommend that is one thing i would recommend learning online")
6. She avoids adult responsibilities and embraces staying young, influenced by her parents' advice. (Verbatim: "do not grow up growing up is a trap try try and stay stay young as long as you can")
7. She took Japanese language lessons from a Japanese teacher living in England, who reminded her of her daughter. (Verbatim: "that my my teacher was this um lovely japanese lady um she said i very much reminded her of her of her daughter")
8. She visited Japan in July and stayed in Shibuya, exploring the area extensively. (Verbatim: "i went to japan in july this year and shibuya was like the main place um i basically basically i stayed in shibuya")
9. She found navigating Shibuya Station extremely confusing due to its size, multiple exits, and complex layout. (Verbatim: "it's a really really really big station um for those that haven't been it's myhoosive it's got a million different exits")
10. She was surprised by the prevalence of people recording TikTok videos in public in Japan, which she doesn’t often see in England. (Verbatim: "so many so many i've never seen so many people record themselves i don't know how it is in other countries in england you don't see it that much") [end of text]



NO RELEVANT INFORMATION [end of text]



1. She previously worked at a zoo. (Verbatim: "so i worked at a zoo for for a while and i remember thinking these birds are on something they're heckin wild")

2. While working at the zoo, she had to handle high-energy animals like emus and ostriches. (Verbatim: "we had emus and ostriches though... they were just so high energy you just didn't know what they were gonna do")

3. She found animals like emus and ostriches intimidating due to their unpredictable energy. (Verbatim: "i don't want to mess with any big birds... especially emus and ostriches heck nah i'm never messing with any of those")

4. She believes orangutans are among the smartest animals, possibly smarter than some humans. (Verbatim: "orangutans are the smartest of them i think... they definitely be smarter than some people")

5. She is fascinated by animal intelligence and would like to do content about it. (Verbatim: "i really do want to do a zatsu about like different forms of intelligence because like animal like studying animal intelligence is such like an interesting topic for me")

6. She thinks octopuses are extremely difficult to contain and are very slippery creatures. (Verbatim: "octopi octopi i find would be they are they are truly the slipperiest slipperiest of creatures... really really really hard to contain")

7. She once had to walk a donkey that rolled on the floor, making the task difficult. (Verbatim: "the time i worked there... oh elia you just need to walk the donkey over there and i'm like okay and then the donkey's just rolling on the floor and i'm like i can't heckin do this")

8. She mentions a story from another zookeeper about an orangutan stealing a key and sneaking into the kitchen to drink squash. (Verbatim: "one of the keepers had accidentally dropped a key... it was getting through the door and drinking all the squash and then going back")

9. She believes bonobos are humans' closest ape relatives. (Verbatim: "i think the one that we're most genetically close to though is bonobos but yeah bonobos are our closest um ape relative i believe")

10. She has a personal tip for visiting zoos: wear the same color as zookeepers to get animals excited and engaged. (Verbatim: "if you're wearing the same color t-shirt or like same color like top as what their zoo keepers normally wear... the animals will be very excited to see you") [end of text]



1. She was responsible for looking after an axolotl in the past. (Verbatim: "i was responsible for the axolotl and they're so cute okay and so funny and they used to take up so much my time because like um basically i was responsible for having to feed the axolotl okay")

2. She finds octopuses fascinating but also creepy, particularly due to their distributed nervous system. (Verbatim: "one thing i find really creepy though about octopi is there is there neural layout... it's spread across their body")

3. She has visited pandas at both Edinburgh Zoo and Ueno Zoo. (Verbatim: "i've seen i've seen the ones at edinburgh i've seen the ones at ueno")

4. She humorously refers to herself as a "niche micro celebrity" and jokes about wanting to rent a panda for her stream. (Verbatim: "yo it's me elias delaria um niche micro celebrity here um could you could you lend me one please like it's for my stream")

5. She expresses admiration for panda fan culture, particularly the dedicated fans at Ueno Zoo. (Verbatim: "you do not mess with them they're they will they spend the entire day... decked head to toe in panda merch")

6. She describes adult pandas as uneventful to watch, comparing them to "drunk bears" who eat, sleep, and roll around. (Verbatim: "the best way to describe what it's like to see a panda is like imagine if you wanted to watch a bear but it was drunk")

7. She notes that baby or toddler pandas are far more popular with zoo visitors than adults. (Verbatim: "it was all about these toddler pandas that were like two and they classed them as babies")

8. She has struggled with feeding an axolotl due to its slow reaction time. (Verbatim: "just feeding feeding this axolotl every day was just difficult")

9. She jokes about paying in "exposure points" and references "dollary dues," indicating a playful attitude toward money and fame. (Verbatim: "i'll pay them in exposure points... what do i do with my dollary dues now")

10. She is aware of her relative obscurity compared to pandas and jokes about it self-deprecatingly. (Verbatim: "people know more about elias delaria than pandas i'm joking by the way... i am painfully aware pandas are more known than british vtuber elias delaria") [end of text]



1. She is mixed race and grew up with a mix of Asian and British cuisine. (Verbatim: "because i'm i'm mixed race i've always grown up with like a mix of asian and british cuisine")
2. Her father, Papa Elia, cooked traditional English dinners every Sunday. (Verbatim: "every sunday we'd have a traditional english dinner cooked by papa elia")
3. She grew up eating homemade slow-cooked British dishes like cottage pie, shepherd’s pie, and stew. (Verbatim: "they'd normally be slow cooked throughout the day... mostly cottage pie though and the cheese on top")
4. She dislikes stew and used to be sad when it was served as a child. (Verbatim: "i used to be so sad on the days we'd have stew i'd be like now i want college boy")
5. Her English grandmother (nan) enjoys cooking with a slow cooker and still cooks for herself despite her age. (Verbatim: "my nan on my english side cooks all of that sort of stuff as well like she adores her slow cooker")
6. She has a fondness for cute themed food, especially panda-shaped steamed buns and Japanese food. (Verbatim: "they have a little like stool for like panda shaped food it is so cute i'll never get over the cute food in japan")
7. She loves pastry, particularly meat pies like chicken and mushroom, steak and ale, and chicken and leek. (Verbatim: "we love brown yeah give me that pie... the other chicken pie is chicken and leek")
8. In England, "pie" typically refers to savory meat pies rather than fruit desserts. (Verbatim: "if someone offers you a pie in england they are not chatting about the fruit they are not chatting about dessert they're chatting about dinner")
9. She finds British cuisine uncolorful and generally brown, with limited use of spices beyond salt and pepper. (Verbatim: "all the foods I've mentioned are brown they're not very colorful... we don't seem to like color or a spice")
10. She finds pandas and links (likely meant as "lynx") cute and has seen bears in a zoo during a rare post-hibernation moment. (Verbatim: "the ultra rare bear moment was the moment the bear comes out of hibernation it was so cute... links are really cute though") [end of text]



1. She previously worked with animals in a zoo setting, including breeding programs. (Verbatim: "one of the things that's really common in zoos is like trying to get them to like mate... I had to look after lemurs and when I had to look after the lemurs...")

2. She hand-fed a male ring-tailed lemur who was being bullied by his group. (Verbatim: "we had to hand feed the male because it was getting bullied by his children and his partner... I'd be like don't tell the others I'm gonna give you extra food.")

3. She has experience handling various bird species, including storks, parrots, turacos, and red-crowned cranes. (Verbatim: "i could go in with the stork... i could go in with... red crowned crane that was it.")

4. She finds otters cute, especially their pair bonds, despite knowing they are predators. (Verbatim: "otters can be really cute as well because like otters have their little pairs... they're little bloodthirsty predators but they're cute so it's okie dokie.")

5. She expresses fondness for animals that form close pairs or bonds. (Verbatim: "they'll follow them around everywhere... i'm coming with you i'm going alone you're not going alone mr frodo i'm coming with you.")

6. She had difficulty communicating due to a perceived "British debuff" and questioned her pronunciation. (Verbatim: "oh the british debuff is real i did say lemurs right like oh dear.")

7. She cared for a hand-reared vulture that could not fly and behaved like a human. (Verbatim: "this vulture... thinks it's a human... it doesn't know how to fly it just walks around on his little feet.")

8. She shows empathy toward rejected or isolated animals and tried to support them. (Verbatim: "i got your back lemur don't you worry i got you... i'm gonna give you all the food ain't nobody gonna bully you ever again.")

9. She finds the name "blue-footed booby" amusing and memorable. (Verbatim: "the blue-footed booby is always I will never get over the blue-footed boobies... boobies this is boobies it's boobies.")

10. She notes that animal bullying occurs across species and is a common issue in group dynamics. (Verbatim: "you bullying happens no matter the species... they'll always be that one that's like separate.") [end of text]



