1. She has a Samoyed dog named Laila who is very needy and likes to be near her during streams. (Verbatim: "Laila's so, my dog is so distracting, I'm so sorry, she's so extra, extra, extra needy.")

2. Her dog Laila has a habit of mothering a toy, which led her to hide it using peanut butter as a distraction. (Verbatim: "she's got like this, this toy, okay, that she's been like mothering... I distracted her with some peanut butter, and then I hid it.")

3. She is not skilled at playing football (soccer) but plays it with her dog, who enjoys it as her favorite game. (Verbatim: "her favorite game is football, unfortunately, I suck at football... she likes it when I get like a small ball and like kick it around, and with my feet.")

4. She used to play Bomberman with her older brother and mother when she was younger. (Verbatim: "I remember mama elia playing... Bomberman... me and my older brother... would be given a controller not me... I was second player.")

5. Her parents trained her from a young age to stay calm and patient, especially during games. (Verbatim: "my parents trained me from a young age to not get in the lead... I remember mama elia playing Bomberman.")

6. She struggles with frustration when recording content, particularly covers, despite being calm during gaming. (Verbatim: "I get really frustrated... when I... can't heck do it and then you're just getting really upset... it's similar to like the similar frustration to have you ever played a game where there's one part you just can't do.")

7. She has been working on recording a cover that has been ready for a while but hasn't finished due to personal delays. (Verbatim: "there's one that's basically been ready for a while I just can't... I just need to just do it... my plan is to just do it tonight.")

8. She is committed to playing League of Legends more than other games, though she doesn’t consider herself highly skilled. (Verbatim: "the only game I'm committed to reasonably is League of Legends... I just click and hope for the best.")

9. She previously studied Teamfight Tactics (TFT) seriously and is considering returning for the new set. (Verbatim: "I used to proper study that and yeah... I'm tempted to pick up Teamfight Tactics again actually... it's a new set which is like a new season new start.")

10. She refers to her evening streaming persona as “gremlin Elia” in contrast to her “smooth morning radio” morning self. (Verbatim: "you have morning Elia which is your smooth morning radio and then you have gremlin Elia that is pro gaming all over the place.") [end of text]



1. She pursued a master's degree as a way to avoid deciding what to do in life. (Verbatim: "the reason why i chose to do one... so i can avoid thinking about life heck yeah")

2. Her master's degree program lasted one year. (Verbatim: "master's degrees are only one year here")

3. She had an existential crisis during half of her master's program about her future. (Verbatim: "i spent my whole well half of that time having my existential crisis about what i want to do after")

4. She applied to work at McDonald's but was rejected. (Verbatim: "i wanted to go work with a mcdonald's and get free food and they heckin turned me down")

5. She wanted to work at McDonald's primarily to get free meals. (Verbatim: "i just really wanted the free meal and i don't know if there's discount but i know you got like a free meal at lunch")

6. She expressed a strong desire to flip burgers. (Verbatim: "i would like to flip burgers i would heckin love to flip burgers")

7. She became a developer after being rejected from McDonald's. (Verbatim: "now i had to become a developer instead")

8. She feels strongly that it's okay not to have life figured out and that people should give themselves time. (Verbatim: "don't worry if you don't have it figured out... give it time give it time give it time i'm sure you'll figure yourself out")

9. She was often told to "shut up" or "not back chat" as a child when trying to explain herself. (Verbatim: "maybe it's because i was very much told to shut up a lot than as a kid")

10. She dislikes the saying "actions speak louder than words" because it can invalidate someone's intentions and prevent explanation. (Verbatim: "i don't like this one... it can invalidate somebody when they have you know if someone's trying to like explain themselves") [end of text]



1. She has a dog named Lila who understands specific commands. (Verbatim: "if you ever want to get anything from my dog and my dog's got something in her mouth you have to say can i have this please like the whole sentence")

2. Her dog Lila responds best to polite requests, requiring the word "please" to drop items. (Verbatim: "you have to say can i have it please and then she's like okay what the please is the key word")

3. She once tried to play fetch with her nan’s dog, which refused to drop the ball. (Verbatim: "i was really really really excited to play fetch of a dog the first time it was my nan's dog nana ellia's dog and um and i was really really really excited")

4. She has experience caring for reptiles, particularly iguanas, which she finds fascinating. (Verbatim: "i've looked after a few reptiles um never been bit by any of them though like my favorite were the iguanas i like looking at")

5. She is considering getting a pet iguana but is unsure about its feasibility and her dog’s reaction. (Verbatim: "i would love an iguana but i don't know how how how viable it is for me to have a pet iguana i also don't know how my dog would feel if i got a pet iguana")

6. She was in Japan and used insect repellent there, especially mindful of mosquitoes. (Verbatim: "now yeah i made sure to keep insight repellent on in japan as well")

7. She has a British background or accent, which she references humorously during the stream. (Verbatim: "sorry mr mosquito um apparently you're also a british person in japan um oh dear oh dear")

8. She mentions she did not sing properly recently, only recited lyrics, indicating some vocal activity. (Verbatim: "oh i didn't really sing last christmas though it's more like saying the lyrics")

9. She expresses concern that her dog might look like she has rabies due to foaming at the mouth. (Verbatim: "i always worry that like people might think my dog has rabies she gets a bit of like a like she makes a few little bubbles of her mouth")

10. She knows the idiom "call it a day" and realizes she uses it frequently, almost as a habit. (Verbatim: "turns out call it a day is a saying i just i just so used to saying that one") [end of text]



1. She refers to herself as a "delicate flower," symbolizing her fragility and tendency to get easily bruised physically and emotionally. (Verbatim: "i am a delicate flower... i am fragile and i'm easily bruised and will easily break")  
2. She bruises very easily, often from minor accidents like walking into chairs. (Verbatim: "i do bruise very easily from like oh gosh i remember people being like oh where'd that bruise on your leg come from i'm like i walked into a chair")  
3. She once worked at a place with a stool she frequently bumped her leg into. (Verbatim: "this one place i used to work had this like one little stool that i always always always always bashed my leg into")  
4. She has singing lessons, which influence her streaming schedule. (Verbatim: "i have singing lessons um today which is why i'm finishing up um at 12")  
5. She is scheduled to appear on Aura’s channel to rate “girl dinners.” (Verbatim: "tomorrow um i'm on aura's channel and we're rating girl dinner")  
6. She defines “girl dinner” as a low-effort meal made of random ingredients, similar to a student dinner. (Verbatim: "it's like a dinner made of like seemingly random ingredients that's like put together to make a dinner with like zero effort")  
7. She considers beans on toast a legitimate and delicious British classic, not a “girl dinner.” (Verbatim: "beans on toast is not a girl dinner beans on toast is an absolute british classic and it is a delicious")  
8. She plans to celebrate Thanksgiving for the first time through a meme-themed stream. (Verbatim: "i've never celebrated thanksgiving so this will be my first form of celebrating thanksgiving")  
9. Her next stream after the current one is on Thursday, themed around giving thanks to memes. (Verbatim: "i am back on thursday... where we will celebrate thanksgiving by giving thanks to all the memes")  
10. She dislikes saying “bye-bye” and avoids using it when ending streams. (Verbatim: "it is not a bye-bye because i don't like bye-byes") [end of text]



1. She played Super Smash Bros. Melee as a child and mained Princess Peach. (Verbatim: "i remember playing smash bros melee super smash bros melee... i was a peach main princess peach")

2. She became extremely frustrated and cried when losing at video games as a child, rejecting pity wins. (Verbatim: "i remember getting so upset and so annoyed... i don't want the pity win i don't want the pity win not the pity win")

3. She values winning through skill rather than being given victories. (Verbatim: "i need to win and i need it to mean something i don't want i don't i don't want to be gone easy on i want to be able to win of my own skill and ability")

4. She has two older siblings referred to as "older ellie bro" and "mama ellie bro" who played games with her. (Verbatim: "older ellie bro was first player and mama ellie bro was third player okay and both of which are heckin older than me")

5. She was often defeated repeatedly in multiplayer games by her older siblings. (Verbatim: "i got absolutely kaboomed out of existence over and over and over again")

6. She eventually improved at gaming and earned a few legitimate wins through practice. (Verbatim: "i did eventually earn a win a few times... eventually eventually and um yeah yeah i think... i eventually got good yeah")

7. She has an interest in graphic design and considers it her passion. (Verbatim: "i have a decent amount of fonts because you know graphic design is my passion")

8. She wanted to learn cursive writing as a child but was discouraged by school. (Verbatim: "i really wanted to learn cursive because it looked all fancy... they were like no you are not learning cursive we are not learning cursive")

9. She studied French in school but remembers little of it. (Verbatim: "i can't remember a single piece of my french homework... i remember being given lots though but i can't remember anything of what i had to do")

10. She enjoys jazz music. (Verbatim: "oh jazz FM do you like jazz oh gosh but yeah so there was that") [end of text]



NO RELEVANT INFORMATION [end of text]



1. She was bullied during her school years. (Verbatim: "when i was in school i remember i never wanted to fight back against any bullies as like frustrated and upset as i was")
2. She believes personal success is the best form of revenge against bullies. (Verbatim: "the only thing i wanted to do was to do well because to me that would be the best way of getting back at them you know if i succeeded then i it doesn't matter that they believe me")
3. She became a YouTuber, which she views as a happy and unexpected outcome in her life. (Verbatim: "me here as youtuber you know i wouldn't imagine such happy days when when i was back in school")
4. She values focusing on oneself over holding resentment. (Verbatim: "those villains in your life don't deserve your time okay if you have anyone that you want to get revenge on they don't even deserve your thoughts or your time or your effort")
5. She traveled to Japan in July and bought a high-quality Japanese knife as a souvenir. (Verbatim: "back in july i went to japan and i went and got myself a souvenir i got myself a really nice knife")
6. She owns and highly values a sharp Japanese knife, which she keeps in its original gift box to protect it. (Verbatim: "i keep it in its in its little box which is like this little bed... i don't want to put it in the drawer with all the other knives")
7. She prefers using sharp knives for cooking, believing they are safer and easier to use than dull ones. (Verbatim: "it turns out guys it's much safer to cook and prepare with an actual like sharp knife like it's it's safer and it's better and it's easier")
8. She has experience with household tools that were of poor quality, which gave her reason to blame them. (Verbatim: "a lot of the tools in the house that i grew up in really did suck to be fair um and i think i had fair reason to blame the tools")
9. She plays League of Legends and has experience with team dynamics and common player attitudes in online games. (Verbatim: "this one this idiom is perfect for league of legends um or any online game because bubble like it lagged it lagged it's my teammates")
10. She plays the support role in League of Legends and has observed toxic blaming behavior from other players, especially those in the jungle role. (Verbatim: "i play support someone like the bottom side of the map... i feel bad for anyone that plays a role called jungle") [end of text]



1. She worked at a zoo, where she handled hay bales and cared for farm animals like cows, giraffes, rhinos, and zebras. (Verbatim: "I worked at the zoo... so that's where my experience with hay comes along.")
2. Lifting hay bales was physically painful due to the strings digging into her hands. (Verbatim: "those strings dig into your hands they hurt so much it's so sharp.")
3. While working at the zoo, she once unknowingly picked up and carried a flattened dead rat she found in a hay bale. (Verbatim: "it was like this like oval shape... that's a dead rat.")
4. She has a dog that is very attached to her and often sleeps close to her, making soft snoring or huffing noises. (Verbatim: "my dog is very attached to me at the moment... she's making weird noises.")
5. She is unfamiliar with the idiom "make hay while the sun shines" and had to look it up to understand it. (Verbatim: "I've never heard this before... it means to take advantage of a good situation.")
6. She finds the process of making hay to be much more labor-intensive than she initially thought. (Verbatim: "wait hey is so much effort than i thought... you gotta like get one of these big machines and and do some cutting.")
7. She grew up in England, where she learned that most local wildlife, like bugs, are generally safe to touch. (Verbatim: "in england most of our things like insects or animals they're not harmful they're all very very tame here.")
8. She has learned to be cautious around wildlife after realizing that bugs in other regions, like rainforests, can be dangerous. (Verbatim: "if you go to like the rainforest don't pick up the bugs they're gonna hurt you everything's out to like unalive you.")
9. She admits to living under a rock and being unfamiliar with common idioms like "once bitten, twice shy." (Verbatim: "I just live under a rock okay so I just thought they got bit.")
10. She once misinterpreted the idiom "once bitten, twice shy" as a literal statement about being bitten by something. (Verbatim: "I just thought people were getting bit and they didn't want to get bit again.") [end of text]



1. She has a habit of not touching her face to protect her skin. (Verbatim: "i'm very much like i will not i will not touch my face because it's very bad for your skin")
2. She was bitten by a mosquito on the center of her forehead during a trip to the rainforest. (Verbatim: "a mosquito landed right on the center of my forehead like right slap bang in the middle")
3. She once traveled to a rainforest, where she used strong insect repellent. (Verbatim: "when i was in the rainforest um i didn't touch my face and a mosquito landed right on the center of my forehead")
4. She is highly reactive to mosquito bites and gets them frequently. (Verbatim: "i get bit a lot i don't i don't know no please do not bite")
5. She keeps a large supply of insect repellent in her cupboard as a habit. (Verbatim: "i always keep um well i have tons of insect repellent in my cupboard")
6. She used a 50% DEET insect repellent, which is strong and only available in certain countries like England. (Verbatim: "here in england you can buy like 50 percent deet... they only sell weaker ones in a lot of other countries")
7. She previously worked in an office environment. (Verbatim: "i remember when i worked in an office there were like all these ladies like talking about how like you just needed to drink some apple cider vinegar")
8. She finds apple cider vinegar unpleasant to drink. (Verbatim: "apple cider vinegar doesn't seem very nice to drink is it nice to drink because like yeah")
9. She does not have pets and cannot have them. (Verbatim: "i can't have pets")
10. She owns and uses a specific yellow-tubed anti-itch cream for insect bites. (Verbatim: "i brought tons of this really good cream with me like this um cream to make it not itch... comes in a yellow tube with a picture of like a wasp on it") [end of text]



NO RELEVANT INFORMATION [end of text]



1. She had a difficult financial period during her childhood, including a Christmas when her family couldn't afford a stocking for her. (Verbatim: "i remember one christmas um was particularly bad for my family financially... you're not going to be getting a christmas stocking this year")

2. She has a mother and refers to her as "mama elia." (Verbatim: "i'd be like okay but i don't believe but i'm not gonna tell you that because you'd get mad um okay so this one um actually")

3. She dislikes gossip and actively avoids spreading rumors or saying bad things about others. (Verbatim: "i don't want to say bad or spread any bad rumors about people i don't think that's fair")

4. She values kindness and believes being kind is the best approach in life. (Verbatim: "being kind is usually just the best best thing to do")

5. She finds it very scary when people manipulate information or spread misconstructed narratives. (Verbatim: "it's scary how people can manipulate other people i find that very very very very very very scary")

6. She has a dog that snores loudly and makes pig-like noises. (Verbatim: "can hear my dog snoring like she's so loud she's just rolling around making weird like pig noises she's a dog though not pig")

7. She mentions someone called "nana elia" who is very fussy, particularly about gifts. (Verbatim: "nana elia is one to be quite fussy... mama elia tried to gift her watch once she got it changed at least three four times")

8. She appreciates gifts and believes it's important to focus on the thought behind them rather than critiquing them. (Verbatim: "i do get the appreciate the gift um i think it is important to always appreciate")

9. She references a personal Christmas story that she describes as "pretty sad," indicating emotional memories tied to past hardships. (Verbatim: "it's a christmas story so it's on theme but it's pretty sad um but i appreciate it")

10. She expresses discomfort discussing painful memories if they haven't yet become something she can laugh about. (Verbatim: "i don't know if it will [become funny] it was um it's basically like um i remember one christmas...") [end of text]



1. Her family faced financial hardship during her childhood, impacting holiday traditions. (Verbatim: "um was particularly bad for my family financially um and i remember being told when i was little um you're not going to be getting a christmas stocking this year")

2. She has fond memories of receiving a Christmas stocking filled with free magazine samples her mother collected from a shop. (Verbatim: "mama elia had done was she'd gotten the free samples from outdated magazines the shop was gonna throw away and and made them the presents of of that year")

3. She feels guilt and gratitude about her mother’s effort to provide gifts despite financial struggles. (Verbatim: "i felt really bad because like i know that like she would have really wanted to get presents for me and yeah i didn't i didn't want her to um resort to to that")

4. She worked with birds of prey during a falconry experience at a zoo. (Verbatim: "when i was at the zoo i did a um i did i did falconry i worked with birds of prey")

5. She found falcons the most exciting birds to work with during her falconry experience. (Verbatim: "falcons are definitely the most exciting um you have to like spin this thing around and to make the to make the falcon come down towards you")

6. She had difficulty commanding owls and hawks due to lacking a firm voice. (Verbatim: "i always had troubles with the owls... i didn't have the commanding voice i remember being told i don't sound like i don't know i need to sound more firm")

7. She was not allowed to work with the Eurasian eagle owl due to its size and danger. (Verbatim: "I wasn't I wasn't there long enough to gain to get that um that um experience but it was fun with the other birds")

8. Becoming a YouTuber was the biggest risk she has ever taken in her life. (Verbatim: "the only risk that i've really taken like big risk that i've ever taken is becoming a youtuber")

9. She describes herself as cautious and not a risk-taker by nature. (Verbatim: "i'm definitely more on the more cautious side i'm not a risk taker")

10. She pursued academic qualifications, including a master’s degree, primarily to keep future options open rather than out of passion. (Verbatim: "the reason why i chose to do one [a master's] was just so you can avoid the responsibility of having to decide what to do in life") [end of text]



