1. She attended university in England and experienced Freshers Week, a traditional orientation week involving social events and parties. (Verbatim: "oh my goodness okay so like in england um at british like universities it's like tradition to have this thing called freshers week so freshers week is the first week of university and the first week is just like a party week")

2. During her university Freshers Week, she had no money because her student loan had not yet arrived, which prevented her from participating in most social outings. (Verbatim: "I struggled that week because my student loan didn't actually come in until the week after so I didn't actually have any money that week like none I had zero monies")

3. She lived in student halls during university, where residents often socialized and went out together. (Verbatim: "it was like with my whole halls like the halls that you live in like the residential accommodation that you live in like they all grow out together")

4. She associates warm tap water with an unpleasant experience and prefers her drinks cold. (Verbatim: "that water was warm... but like yeah it wasn't old it was just warm")

5. She enjoys drinking cola, especially cold, and humorously justifies it as an adult choice despite the early hour. (Verbatim: "i really want cola but it's 9am and i know i shouldn't but like i really really really want it")

6. She has a dog, which she let outside by opening a window in another room. (Verbatim: "i opened up the window in the other room for my dog")

7. She mentions her parents ("mama and papa") in a playful context, suggesting a familial relationship she references for comedic effect. (Verbatim: "sorry not sorry mama and papa ellia he would never allow this")

8. She previously had jobs or responsibilities involving early mornings, such as work or school, where she struggled with time management. (Verbatim: "I remember before work or school or whatever, I'd be like, 'Yeah, I got ages, I got 5 more minutes to sleep, I can get ready in like 15 minutes, 10 minutes, easy pieces.'")

9. She is in the process of becoming a Twitch Affiliate, being on day six of a seven-day requirement. (Verbatim: "it says on Twitch, I'm on day six, day six out of seven. I think you need seven to hit affiliate.")

10. She prefers YouTube’s ability to give unlimited “wrench” rewards compared to Twitch’s limited system. (Verbatim: "It's nice, you can give out infinite wrenches on YouTube, but it's great. I think they're limited on Twitch.") [end of text]



NO RELEVANT INFORMATION [end of text]



1. She has blocked out memories of her childhood, suggesting a difficult or unpleasant past. (Verbatim: "no thank you no we've blocked those memories those are like specifically blocked um for for you know to protect ourselves")

2. She is mixed race, with an Asian mother and an English father whose ancestry she believes is Irish. (Verbatim: "I'm mixed race so my mother's Asian and she learned American English" and "i'm pretty certain my english side descended from ireland")

3. Her mother is also mixed with two different Asian ethnicities, making her heritage a "mix of another mix." (Verbatim: "my mother is also mixed of two different Asians so yeah it's like yeah so")

4. She grew up learning American English from her mother but was later corrected to use British English terms. (Verbatim: "a lot of the words that she originally taught me were like were like um American and then I got corrected and told off a lot to learn all the British words")

5. She is considering doing a DNA test to reveal her exact ethnic background on stream. (Verbatim: "I should probably reveal it one day like properly" and "I should do a dna test yo")

6. She suspects commercial DNA tests may not accurately differentiate Asian ethnicities. (Verbatim: "i've heard it's really bad for like it will just be like you're asian")

7. She owns a dog that takes anything left on the floor, indicating she lives with a pet. (Verbatim: "i have my dog if i keep anything on the floor it's like it's like um you know if it's on the floor it's hers")

8. She prefers staying indoors and playing video games over outdoor activities. (Verbatim: "i like being inside and playing video games okay")

9. She dislikes walking and often complains about it, joking that her dog must have written advice telling people not to complain about walks. (Verbatim: "i'm always complaining about having to walk did my dog write this")

10. She currently drinks cola, keeps nine cans (including small 150ml ones) on her desk, and acknowledges it’s a habit others might notice. (Verbatim: "there is one two three four five six seven eight nine see no double digits only nine") [end of text]



1. She was born in Germany but grew up in England and holds a British passport. (Verbatim: "i may not have been born here i was technically born in germany... and then went around a bit and then decided yeah no england's it")

2. She identifies as British due to growing up in Britain, despite not being born there. (Verbatim: "i identify as mostly british because i grew up in britain so you know i wasn't too exposed to like asian culture growing up")

3. Her mother is of mixed heritage, which has sparked her curiosity about her own ancestry. (Verbatim: "from my mother's my mother's side her like i said she's mixed um so i need to i'm curious about like what her kind of like like yeah that kind of thing")

4. She is interested in taking a DNA test in the future to learn more about her Asian heritage. (Verbatim: "i'm waiting for like the dna test to get better enough at the asian side... i'll find that out and do that for like a future stream")

5. She is afraid of being hit in the face with balls during sports and avoids playing football (soccer). (Verbatim: "every time i play a sport that involves a ball i get hit in the face every single heckin time... footballs scare me they scare me")

6. She dislikes physical contact such as piggyback rides, fearing she might be dropped. (Verbatim: "piggyback rides terrifying what if you drop me nope nope nope")

7. She is not comfortable with European-style cheek kissing as a greeting, noting it's not common in England. (Verbatim: "we don't do that in england no no no no no no you can get a firm handshake that's about the most content contact you'll get from me")

8. She considers herself shy and introverted, not naturally inclined to wave at strangers or remember names. (Verbatim: "i don't wave at strangers i don't really wave at people and i'm very bad at names um i'm doomed")

9. She has a fondness for McDonald's, particularly chicken burgers, despite a past incident with cold food. (Verbatim: "we'll go mcdonald's get chicken burgers... maybe i haven't ordered a mcdonald's for a while since they betrayed me and sent me ice-cold food")

10. She once wanted to use a staple gun at school but was never allowed to. (Verbatim: "they used to have them at school and i always wanted to use it but for some reason they would never give it to me") [end of text]



1. She identifies with British heritage or cultural traits. (Verbatim: "i feel like a little bit of my britishness gets like knocked away")
2. She has a dog and is attempting to teach it how to hug. (Verbatim: "i'm trying to teach my dog how to hug at the moment")
3. She streams twice daily, once in the morning and once in the evening, approximately every 12 hours. (Verbatim: "i got two streams a day so this is my morning slot... and then we have the evening one yeah every 12 hours basically")
4. She humorously rejects being labeled as cute and instead adopts a "punk" persona. (Verbatim: "i've decided to reject cuteness and adorableness... i am under the article of how to be um a not cute punk")
5. She uses the alias "the laria" or identifies with the name Laria in a fictional or playful context. (Verbatim: "nice to meet you hey yo it's me alias the laria british punk")
6. She does not own napkins and prefers messiness over cleanliness. (Verbatim: "i don't own any napkins i don't think i have kitchen towel but yeah yeah i don't i don't know")
7. She believes she is not as cute as others perceive her and feels people over-compliment her. (Verbatim: "you guys over compliment me people are gonna have such high expectations and they're gonna be so disappointed when i'm none of those things")
8. She refers to herself as the "simp" and believes she should be the one admiring others, not being admired. (Verbatim: "also i'm supposed to be the simp here it's me i'm the simp okay")
9. She finds it difficult to stop laughing and views it as a challenge to act like a "true adult." (Verbatim: "i've gotta learn how to not laugh so i can become a true adult")
10. She references a fictional or humorous "wikihow" article about how to be cute, which she treats as an authoritative source. (Verbatim: "the wiki how article is all knowing and almighty we've got to follow it") [end of text]



1. She has a membership program called "Stella Stamps." (Verbatim: "Thank you for renewing your membership to Stella Stamps.")

2. Her streaming content includes playing games like GeoGuessr. (Verbatim: "I remember playing GeoGuessr once and it placed me in Australia...")

3. She uses background music from Dova Syndrome, a free copyright music site. (Verbatim: "Dova Syndrome, our beloved. Yeah. Free BTM. Yeah.")

4. She maintains a Google Doc to credit all elements used in her streams. (Verbatim: "I have a Google Doc of all the credits for everything in my stream. I try and keep it updated.")

5. She is not very confident with geography, especially of the United States and northern England. (Verbatim: "To be honest, I'm not very good at my own geography, like, for England.")

6. She finds it difficult to accept compliments. (Verbatim: "I know you have trouble accepting compliments. Yes.")

7. She aspires to get a custom BTM (break time music) for her streams in the future. (Verbatim: "Maybe one day I'll get my own custom like BTM.")

8. She associates Texas with Sandy the squirrel from SpongeBob. (Verbatim: "'Cause Sandy the squirrel's from Texas.")

9. She mentions having a pre-debut period before officially starting her VTuber activities. (Verbatim: "Technically there was a lot of non-debut, pre-debut time.")

10. She references a fictional or playful identity as "Elia-sama." (Verbatim: "More than Elia-sama. Elia-sama? Me? Leah?") [end of text]



1. She has a dog that she regularly takes care of and gives headpats to. (Verbatim: "hello puppy hello hello my my dog did you learn how to spell oh no we're gonna have to come up with a new word" / "i just give my dog so i'm trying to give my dog headpats like")

2. She previously worked a job that involved meetings with clients, suggesting professional work experience outside streaming. (Verbatim: "i got yelled out by a client a few times because i'm saying you're yeah yeah yeah part too often in a meeting")

3. She started her streaming career on YouTube. (Verbatim: "yeah youtube is where i started and modi track drifting is where i'm at")

4. She streams on both YouTube and Twitch, with a noticeable difference in audience activity between platforms. (Verbatim: "i see both like yeah yeah yeah i've been streaming uh youtube" / "i only started on twitch this week so i figured twitch doesn't have as many people there")

5. She feels deep appreciation when fans use her as their OC (original character) or mark themselves with her symbols. (Verbatim: "there is no words to describe, like, the joy of seeing, like, um, you know, someone have you as their OC, and, like, the extra joy of just seeing, like, the OC marks is just, like, yeah!")

6. She is self-conscious about her speech habits and accent, particularly when attempting an Australian accent. (Verbatim: "i need to work on that i cannot i'm sorry i'm so sorry australians i didn't mean to butcher your accent")

7. She has a downloads folder full of "wiki-how" drawings, indicating an interest in or use of tutorial-style illustrations, possibly for content creation. (Verbatim: "Oh, gosh... People can look at my downloads folder and be terrified by all these wiki-how drawings")

8. She references a "How to be Cute" tutorial that featured a character named Cha-chan, suggesting collaborative or themed content. (Verbatim: "This was part of our 'How to be Cute' tutorial. You must... rock. It's the way.")

9. She expresses a desire to create a personal logo, humorously suggesting it might involve a banana and a goose. (Verbatim: "gosh i should try and get a logo one day that sounds about right i'll try and get a goose banana and embrace it")

10. She mentions studying but does not specify what she studied or where. (Verbatim: "yeah i know that i started studying right") [end of text]



1. She is addicted to playing Power World. (Verbatim: "I'm addicted.")
2. She created a Power World server called "Terapal" that is being used by other VTubers. (Verbatim: "so far, so good with the Power World VTuber, Terapal server")
3. The name "Terapal" for the server was coined by someone named Spiko, not by her. (Verbatim: "Spiko was the one that came up with the name for the server")
4. She is not good at naming things. (Verbatim: "naming is not my forte")
5. She plans to play Power World during her Zatsu streams exclusively for her members. (Verbatim: "for the super special, what you call it, members Zatsu, I'll be playing Power World. Just not with other people, just me and you guys")
6. She enjoys impressing her audience with her progress in games like Power World. (Verbatim: "I'm going to impress you guys with my leveling up and what I've done")
7. Her next stream will be an anime talk discussing winter 2024 anime releases. (Verbatim: "the next stream is another just chatting where we'll be discussing um and looking at the anime being released this season for winter 2024")
8. She dislikes saying "bye-bye" and prefers "see you later" instead. (Verbatim: "it is not a bye-bye because i don't like bye-byes... it is a see you later")
9. She has a dog that she intends to bring on air. (Verbatim: "what i need to take my dog on air")
10. Her full name is Elia Stellaria. (Verbatim: "raiders, I'm Elias the Laria") [Note: likely a phonetic rendering of "Elia Stellaria"] [end of text]



1. She experienced financial hardship during her university fresher's week due to relying on student loans. (Verbatim: "that week like none I had zero monies I had no monies at all because I was like my student loan and I was like oh you don't get student loan until that week but freshers week is the week before")

2. She played League of Legends frequently during her university days, often as a way to retreat to her room after social events. (Verbatim: "I instantly it was like pajamas whacked you open my laptop turned on League of Legends and I was like yeah")

3. She attended university and lived in student halls (residential accommodation) with other students. (Verbatim: "with my whole halls like the halls that you live in like the residential accommodation that you live in")

4. She has social anxiety and often felt like an outsider during group activities, especially in school or university settings. (Verbatim: "imagine you're at school now feel your heartbeat and stress and panic and and be nervous" and "teacher i don't have i don't have a group and then they do the thing where they're like okay everybody nobody nobody's paired up with with elia")

5. She associates being in pajamas and playing games with comfort, not illness, though others have mistaken it as such. (Verbatim: "they looked me like up and down because it was like wait she's in pajamas oh... they were absolutely bamboozled i was like well yeah")

6. She has recurring anxiety about being perceived as an outsider in online communities, even during large streams. (Verbatim: "my worry is i'll say like hi and in my head everybody already knows each other and i'm like the one outsider and they'll turn to me and be like who the heck is this punk")

7. She writes in all caps not to shout, but to express excitement and happiness. (Verbatim: "i always write in caps locks and i forget that like for a lot of people caps locks is like anger shouting but to me caps locks is like happy excited")

8. She is self-employed and runs her VTubing activities as her own business. (Verbatim: "i'm self-employed now so i guess technically my own card is now the quote company card")

9. She dreams about organizing a professional workspace for her VTubing activities, indicating a desire for structure. (Verbatim: "last night i had a dream i had a full-on office but like okay okay so in my dream i i want i set up like an office for my vtubing activities")

10. She values inclusivity and wants no viewer to feel like a disturbance in her chat. (Verbatim: "i want people to never feel like they're a disturbance or anything bad like you know it's all it's all good") [end of text]



1. She researched fashion related to body types and current trends in the past. (Verbatim: "during my trying to blend into society phase was i did research about fashion related to body types like what kind of clothes work best for the body shape that you have or something and then also current trends in fashion at the time um yeah")

2. She previously followed a specific fashion style but eventually abandoned it to wear what she finds cute and comfortable. (Verbatim: "i stuck to that style forever actually no i ended up putting the fashion part in the bin and just being like i like cute skirts woo let's go")

3. Her current everyday fashion consists mainly of cute skirts, anime T-shirts, and Uniqlo Heat Tech for warmth. (Verbatim: "currently currently my fashion is mostly uniqlo heat tech because it keeps me very warm")

4. She likes wearing cute skirts and occasionally wears shorts, especially in summer. (Verbatim: "i like cute skirts woo let's go" and "yeah i did i do also wear shorts i was wearing shorts in the summer i had these little black shorts as well those were nice")

5. She wears big baggy T-shirts or jumpers when feeling extra cozy or fashionable. (Verbatim: "sometimes if i'm feeling different a big baggy t-shirt if i'm feeling extra fashion i'll wear the big jumper if it's cold")

6. Her preferred perfume is "La Vie Est Belle." (Verbatim: "la vie est belle is what i'm with what i'm wearing if you were wondering")

7. She previously wore "Daisy by Marc Jacobs," a gift from her parents for Christmas. (Verbatim: "before i was wearing daisy by mark jacob my parents would always get me perfume for christmas")

8. She associates strong body sprays like Lynx/Axe with overuse in school and finds them overwhelming. (Verbatim: "there was always like that one kid at school that like absolutely drowned themselves in in axe slash lynx body spray and like they'd walk past and you just cough")

9. She notes that in England, Lynx body spray gift sets are a common Christmas gift for boys. (Verbatim: "it seems to be like a tradition in like england where at christmas time... parents will always give their children a like lynx or x... gift set thing")

10. She has an interest in Old Spice advertisements and would like to make one herself. (Verbatim: "old spice ads are great i'd love to try and make one myself i don't know how") [end of text]



1. She had a childhood memory of using an entire can of pink-scented spray in her room, creating a mess. (Verbatim: "i remember i was in my bedroom i had the door closed and i was just running around like the whole room just like spraying it and spraying... the whole can the whole can... the whole room was sprayed down")

2. As a young child, she once believed she was permanently trapped in her room because hand lotion made her hands too slippery to grip the door handle. (Verbatim: "i tried again and my hand just slipped off the door handle again and i was like wait a sec... i'm gonna get unalived in here")

3. She grew up in a rough neighborhood, which influences her accent. (Verbatim: "i grew up in the rough neighborhood i'm sorry")

4. Her accent is a mix of a British farmer girl and someone trying to sound fancy, often shifting between elegant speech and slipping in casual r’s. (Verbatim: "my accent is basically a british farmer girl trying to sound fancy or had parents that wanted her to sound fancy... bits where the r's kind of slip out a bit and you're like yo what")

5. She loves British accents, including the one mentioned by a viewer. (Verbatim: "oh yeah did i ever tell you that i love british accents like yours")

6. She associates cashmere and expensive perfumes with being cute and girly, though she doesn’t currently own any. (Verbatim: "if i had extra monies to buy cashmere perfumes and apparently hairspray as well")

7. She did not consider herself cute during school. (Verbatim: "no wonder i wasn't cute in school")

8. She finds the concept of cuticle oil and nail care confusing and unfamiliar. (Verbatim: "what's cuticle oil what's dry dry do you want your nails to be wet... what's the cuticle cuticle what's the cuticle")

9. She is easily flustered. (Verbatim: "no no no no someone must have edited the articles after since it describes you it's me... i'm easily flustered")

10. She has soft skin, which she’s been told before and notes it as a personal trait. (Verbatim: "i've always been told i've got i'm quite soft like my skin is soft") [end of text]



NO RELEVANT INFORMATION [end of text]



1. She owns a Samoyed dog named Lila. (Verbatim: "my dog being you know a friendly dog just did basically lick the whole baby like it was like sniff sniff bleh oh")

2. Her dog Lila was rescued from a previous home where she lived with a family that had two young children. (Verbatim: "before i got my dog she was actually at she lived with another family who had two very small children like two very like young kids")

3. She potty-trained her dog after bringing her home, as Lila was not house-trained initially. (Verbatim: "the first thing my dog did when i brought her home... was just pee on the carpet and i was like i have a dog she's not potty trained")

4. She taught her dog basic commands like “sit” and not to jump without permission. (Verbatim: "i had to teach her how to like sit how to not jump well only jump up on stuff when i asked her to")

5. She believes she can train her dog herself and questioned the need for expensive dog schools. (Verbatim: "why can't i do the teaching like i can teach i shall teach the dog")

6. She did not offer much money to adopt her dog, only enough to cover fees, compared to others who offered thousands more. (Verbatim: "i only offered like enough to just cover like the fees... she had a lot of people offer her like thousands and thousands more for this dog")

7. The previous owner chose her because she appeared to want to genuinely love and care for the dog, not exploit her. (Verbatim: "she doesn't want to pick someone that's gonna make this dog work like she just wants this doll to be loved and to have like a happy time")

8. She has at least one academic degree, which she humorously compared to a potential “doggy degree.” (Verbatim: "i could have put the doggy degree next to my degrees like yeah but look at my impressive stuff that's my dogs as well")

9. She has a habit of sitting with one leg up and one leg down, often using a footstool. (Verbatim: "my usual my current sitting position is one leg down... one leg up and one leg down... i also have um a little footstool that my my foot is on")

10. She finds the idea of dogs or people licking faces unhygienic and unpleasant. (Verbatim: "no no nobody's licking the face okay don't lick put that tongue back in your mouth") [end of text]



1. She struggled significantly during university and was dealing with serious personal issues at the time. (Verbatim: "i remember i was like at uni and i was really really really struggling but i just thought it was just like you know i was trying to like be positive...")

2. She received mental health support during a difficult period, including being fast-tracked for therapy. (Verbatim: "they were like let's slap you to the priority emergency at the front of the list and get you some therapy girl")

3. She has experienced traumatic or deeply distressing life events that she usually keeps private from her audience. (Verbatim: "i told her the actual sad stories like yeah no the actual ones that i don't tell you guys because i don't want you to get destroyed or worried")

4. She values emotional validation over forced positivity and rejects toxic positivity. (Verbatim: "the best thing to hear when things are awful is actually you know having someone being able to be like yeah it is awful you are completely in your right to be sad")

5. She used to be very curious as a child, constantly asking questions, but was told it was annoying and to stop. (Verbatim: "i remember being a kid pointing at everything asking what's that i was told that was very annoying um and to shut up and stop asking so many questions")

6. She finds staying awake and alert difficult due to being naturally sleepy and enjoys napping. (Verbatim: "i'm a very sleepy sleepy person um get very tired i like to nap i am not staying awake nope")

7. She is a VTuber and identifies as an "anime girl on the internet" in a fictional or performative sense. (Verbatim: "you guys obviously know i'm a vtuber but like if anyone else asks me irl i'm gonna be like i'm not an anime girl on the internet nope nope")

8. She is wary of over-sharing personal struggles because she doesn’t want her audience to worry or react with distress. (Verbatim: "i don't want to tell people that i don't want you guys to react like like she did")

9. She has a tendency to downplay her difficulties and present a more cheerful front, even when things aren’t okay. (Verbatim: "i told her what was going on in my life with like my usual like happy like yeah no this is happening")

10. She came up with a personal metaphor about light and darkness to explain her philosophy on dealing with hardship. (Verbatim: "if you're looking at if you look at the light you can't it actually makes you see in the dark even less yeah... you gotta look into the darkness to see in the dark") [end of text]



1. She is from England. (Verbatim: "we don't have those here in england um i'm guessing like rugby club kind rugby club football club kind of thing")

2. She enjoys playing League of Legends and considers it an addiction. (Verbatim: "i have to pick between league of legends and being adorable then i am i guess i choose my addiction to league")

3. She associates "frat boy" behavior with drinking beer and being sporty, similar to British "lads." (Verbatim: "lads lads lads lads lads like that kind of thing like yeah that kind of thingamajiki i guess")

4. She expresses confusion and discomfort with flirting and social cues in real-life interactions. (Verbatim: "i'm so like compuzzled how to oh gosh like like i'm so how how we need a how to flirt we need a how to flirt stream")

5. She values innocence and humor, and believes in maintaining a youthful, positive demeanor. (Verbatim: "be as innocent as you can without being a perfect angel it's a tricky balance")

6. She finds the idea of combining a frat party with a wine and cheese night amusing and entertaining. (Verbatim: "we try and combine it with our wine and cheese night and have a fraternity wine and cheese night")

7. She does not understand grown-up standards of humor and prefers unabashed, childlike laughter. (Verbatim: "if you want to be adorable then you have to let throw those expectations out the window and be true to things that really make you laugh")

8. She has a lot of hair pieces in her VTuber model and finds removing them complicated. (Verbatim: "i've got a lot of hair um okay let's do this one oh no head empty head head empty guys head is empty")

9. She jokes about not feeling like an adult despite being one, and rejects the idea that adults must stop laughing. (Verbatim: "i should i should be giving up laughing i mean i'm a grown-up but i i haven't really felt like an adult")

10. She considers the possibility of becoming a "chadette," indicating an interest in exploring different personas. (Verbatim: "hey i could be anything i want exactly i could become i could become a chadette") [end of text]



1. She experiences cold easily and is anemic, which causes her lips to turn purple. (Verbatim: "i get cold super easy and i'm anemic and so my lips go purple")
2. She is mixed race with a yellow-neutral skin undertone, which makes finding suitable makeup challenging. (Verbatim: "i'm mixed race so i have like a sort of yellow neutral undertone to my to my skin")
3. She finds makeup expensive and has observed cultural differences between Western and Eastern beauty standards. (Verbatim: "makeup is expensive oh my goodness have you guys ever seen the price of makeup")
4. She occasionally wears makeup for special occasions or to avoid questions about her health, but does not believe it's necessary for being adorable. (Verbatim: "maybe like occasions or and i have to see mama earlier she always is like you have to do it")
5. She dislikes bristles and brushes, as they make her skin crawl and cause discomfort. (Verbatim: "bristles bristles bristles my my enemy oh yeah")
6. She has a brother named Ellie Bro, whom she once told about his body odor as a sibling duty. (Verbatim: "the only person i've told who smells is my brother who i feel like i'm in a good position to tell him that he smells")
7. She believes personal hygiene is important but cautions against overdoing it, such as brushing teeth or scrubbing skin too hard. (Verbatim: "there is a thing of being too clean no there's a thing where like you can also brush too hard")
8. She has experienced strong body odors on public transportation and empathizes with those who may be in difficult situations. (Verbatim: "i've had people sit next to me on the bus where like a stench that's like so strong that you your body is literally like you should not breathe this in")
9. She values kindness and tries not to judge others based on appearance or smell, recognizing that everyone has their own circumstances. (Verbatim: "i'm not judging them because i i don't know their situation i don't know their situation")
10. She humorously referred to a bald persona named Bodelia, suggesting a playful alter ego during the stream. (Verbatim: "Bodelia is here almost she's on her way she's on her way") [end of text]



