1. She has a history of frequently getting minor illnesses like colds, flus, and stomach issues. (Verbatim: "I used to get ill a lot more often. Like, a lot, lot, lot, lot, lot more often.")
2. She describes herself as physically frail and compares herself to a "frail pale Victorian child." (Verbatim: "I've always been pretty much like... a small weak child when it comes to diseases... frail pale victorian child")
3. She has a sensitive stomach and experienced stomach churn after eating a small cheeseburger. (Verbatim: "I wanted to test stomach churn... it was a little one, it was just a tiniest, tiniest, tiniest little cheeseburger.")
4. She believes she is prone to getting sick due to eating questionable food, especially from her student days. (Verbatim: "I think that's why I probably used to get ill a lot more before... like you know the student life where you're like it's in day ish and you sniff it and you're like smells okay should be okay i can eat this")
5. She has a strong emotional reaction to canceling a stream due to illness, expressing deep regret. (Verbatim: "I feel awful about yesterday. Like, I'm so sorry that then I had to cancel. I'm so sorry.")
6. She enjoys Belvita biscuits and considers them the only healthy thing she consumes. (Verbatim: "Belvita seems to be the only okay thing.")
7. She drinks Robinsons orange squash with no added sugar, though it's still high in natural sugars. (Verbatim: "Robinsons, and it very clearly says on the packet, no added sugar.")
8. She has been reducing her cola intake and now prefers squash and apple juice. (Verbatim: "I've actually been drinking a little less cola recently. I've been drinking like squash and apple juice and stuff like, you know?")
9. She has a distinct morning voice that she describes as a "special voice" that comes when she's sleepy. (Verbatim: "this is my good morning ohio um yeah yeah yeah it's a special voice that comes out when i'm a sleepy-ish and in the morning")
10. She was told her voice wasn't suitable for VTubing and wasn't considered "cute enough" initially. (Verbatim: "I was always told that like my voice wasn't cute enough or you know suited to vtubing") [end of text]



1. She has a fictional lore in which she is a celestial messenger who came down to Earth but was hit by a truck while flying and was isekai'd into a British girl. (Verbatim: "in my lore okay I'm a celestial messenger that came down to earth but then I got hit by a truck while flying down and got isekai'd into a British girl")
2. She values dedication and wants to acknowledge every fan-made meme, showing she is deeply appreciative of her community's efforts. (Verbatim: "i didn't want to leave anyone out because the fact is that people took time out of their day to make to make to make these memes")
3. She is sensitive to missing fan content and feels strongly about not overlooking any contributions, indicating a strong sense of responsibility toward her audience. (Verbatim: "i really didn't want to miss any i really didn't")
4. She enjoys croissants and has a habit of buying them from a specific place. (Verbatim: "i wanted to eat a croissant so i went to a place that sells croissant and i bought a croissant")
5. She is easily tempted by chicken burgers and Coca-Cola, suggesting a preference for fast food and sugary drinks. (Verbatim: "i am easily lured with chicken burgers and coca-cola")
6. She has a strong emotional connection to her fans, expressing gratitude and affection frequently during streams. (Verbatim: "i care like i also don't want anyone to be afraid to post um post any memes")
7. She is self-aware about her stubbornness and takes pride in completing tasks thoroughly, even when it's time-consuming. (Verbatim: "i'm a stubborn person okay and i didn't want to leave anyone out")
8. She has a 3D model that includes a "banana" version, indicating a playful or humorous alternate avatar. (Verbatim: "oh the 3d space it's my pad so go again again whoa")
9. She has a background music (BGM) collection that she organizes with difficulty, suggesting disorganization in her digital files. (Verbatim: "i'm about as organized with my bookmarks as i am my uh my my downloads folder")
10. She has a history of dealing with Twitter/X shadow bans and search bans, which has affected her ability to access fan content. (Verbatim: "some memes get shadow banned yes so if they do please bring it to my attention i don't want to miss it") [end of text]



1. She has experienced a temporary account restriction on Twitter that lasted for several months. (Verbatim: "my account's so wholesome i keep it so wholesome like... i've been searched banned for for several months now")
2. She believes her Twitter account may have been shadowbanned despite her content being wholesome. (Verbatim: "no one else in v data is heckin shadow banned but me why why")
3. She maintains an alternate Twitter account named "elias delavia" for posting content without algorithmic restrictions. (Verbatim: "you need to look for elias delavia um that's the other me")
4. She dreams of cleaning and considers it a personal goal to make that dream come true. (Verbatim: "i had a dream again last night about cleaning so i'm gonna i'm gonna make that dream come true")
5. She previously had accounts with significantly lower engagement, where even one like or subscriber felt like a major achievement. (Verbatim: "to get like one hello hello to get like one subscriber would be mahusive")
6. She views her current success as a "massive dream" that feels too good to be real. (Verbatim: "it feels like a massive massive massive dream um that can't be real this is too this is too good to be real")
7. She expresses deep gratitude toward her community for helping make her dreams come true. (Verbatim: "thank you for making my dream come true it sounds like cliche and cringe but it's it's it's true")
8. She is working on setting up a system for YouTube accounts to be used by her community moderators. (Verbatim: "we're making all the accounts and then and then youtube got really suspicious of some sort of suspicious behavior")
9. She is concerned about YouTube's suspicion of automated account creation activity. (Verbatim: "youtube got really suspicious of some sort of suspicious behavior i don't know where that came from")
10. She dislikes saying goodbye and finds the concept of "bye-byes" unpleasant. (Verbatim: "i don't like bye-byes bye-byes heckin suck okay i don't like them") [end of text]



1. She has a history of delayed medical care due to family policy against visiting doctors unless life-threatening. (Verbatim: "my family had a great policy of um if you're not dead you don't get to go to the doctors")
2. She suffered from a prolonged fever lasting two months, which was initially dismissed by her family. (Verbatim: "the time i got a fever for like like two months i was i was literally like bed bound with a flu")
3. She was diagnosed with anemia after a school program involving medical simulations, during which her eye color appeared extremely pale. (Verbatim: "they were like wait a sec I was like hey say that like this now like yeah no this is this is the this is the example of what they're looking for yes and they're like you anemic")
4. She has struggled with recurring nightmares, which were particularly intense and frequent in the past. (Verbatim: "when things were bad I remember I used to have like like like nightmares every night")
5. She has experienced lucid nightmares that she cannot recognize as dreams, making them especially distressing. (Verbatim: "the sad part about lucid nightmares don't realize they're a nightmare even though the dream might be ridiculous")
6. She has a strong emotional reaction to counseling, finding it extremely sad and painful to engage in. (Verbatim: "i only have your counsel if I really really really really really have to because it makes me also extremely extremely sad like like it hurts me to counsel")
7. She has a deep-seated people-pleasing tendency that leads her to avoid burdening others, including medical professionals. (Verbatim: "i don't want to bother the doctor like like you know i'm a people pleaser right you know i go out to the doctor like you know i'm kind of dying i don't want to bother you too much though")
8. She worked in a convenience store in the past, where she appreciated customers taking time to count change. (Verbatim: "many years of working experience in convenience stores I really like it when people take their time to look for change")
9. She values the emotional comfort of small, mundane rituals like counting change, which she associates with calmness. (Verbatim: "it gives us a calm moment so maybe the doctor's like visitors it's okay to count the change that does make me feel better")
10. She has a strong emotional connection to her keyboard sounds, having recorded many takes to perfect them. (Verbatim: "i may have done many many many many many many many takes for my keyboard sounds you have no idea how much i timed making those") [end of text]



1. She enjoys playing the game Suiko Game and found it fun, though she stopped after reaching over $3,000 in in-game currency. (Verbatim: "i did get above once i hit um what'd you call it um above three thousand dollars like okay i'm done and then i put the game aside")
2. She has a recurring habit of accidentally ordering chicken burgers when she intends to order a non-chicken option. (Verbatim: "every time i order mcdonald's i i just my my hand goes to like oh oops i am i ordered a chicken burger")
3. She finds jalapeños in non-chicken burgers upsetting and often removes them before eating. (Verbatim: "i don't want jalapenos in my in my in my non-chicken burger it's not chicken not chicken i cry i cry i cry")
4. She is intrigued by meat substitutes and plans to try the McPlant at McDonald's. (Verbatim: "i haven't really tried chicken substitutes though like yeah yeah i guess i still need to try the mcplant")
5. She has a preference for beef burgers over chicken burgers at Burger King, noting the chicken sandwiches are not good. (Verbatim: "you gotta go there for the beef um so yeah i should try the yeah yeah the chicken sandwiches aren't great they're not")
6. She finds the name "Whopper" confusing, initially thinking it meant "to whoop" rather than "big." (Verbatim: "i always thought that still meant that's something that whoops oh dear okay um okay no whooping here just just a whooper")
7. She enjoys using playful, cheeky language like "whoop that ass" in gaming contexts. (Verbatim: "whoop that ass i'm so sorry the words came out of my mouth before i could stop myself")
8. She likes the character editor and enjoys creating characters with traits like "league beans and cute." (Verbatim: "i love league i love cute yeah yeah i love i love i love all these very much")
9. She is interested in creating a fan interaction game where people submit three words to describe her and she guesses who they're describing. (Verbatim: "people submit three words they would use to describe each V data girl and then on stream we have to guess who is being described")
10. She has a habit of calling her viewers "punks" because she enjoys saying the word. (Verbatim: "i do like to call you guys punks i don't know why um i just i just i just i just like saying the word it comes off the mouth really nicely") [end of text]



1. She frequently uses the term "punks" when addressing her audience, though she admits it started as an ironic habit that became natural. (Verbatim: "I do like to call you guys punks... it just stuck I'm sure you guys have words like that too")
2. She uses gender-neutral terms like "guys," "dude," and "bro" as collective pronouns, even when addressing groups that aren't male. (Verbatim: "I always say guys... I use it as a collective like non-gender term")
3. She often says "yo" as an exclamation, which she initially adopted for humor but now finds difficult to stop saying. (Verbatim: "I say yo because I thought it'd be funny and I just can't stop saying it")
4. She has a habit of using the phrase "for realsies" as a casual emphasis, indicating it's part of her natural speech pattern. (Verbatim: "I swapped it up to for realsies at least um")
5. She enjoys watching and sharing internet memes, particularly those with absurd or surreal imagery. (Verbatim: "we're going for memes um yeah yeah yeah I'll give context if context is missing")
6. She is fond of banana-themed content, including a simulation of a giant banana orbiting Earth, which she found entertaining. (Verbatim: "watching a actual simulation showing what a giant banana orbiting earth would look like")
7. She references "Power Rangers" in her stream, indicating familiarity with and appreciation for the franchise. (Verbatim: "power rangers let's go")
8. She expresses affection for her audience, referring to them as "treasure" and "waifu," suggesting a strong emotional bond with her community. (Verbatim: "you're our treasure now and always the best waifu ever")
9. She acknowledges the challenges of time zones, noting that some viewers are awake at 3 AM, and expresses empathy for those who stream or watch during unusual hours. (Verbatim: "how many of you is living at 3am right now")
10. She has a dog that makes snorting noises during streams, which she acknowledges but does not seem to mind. (Verbatim: "my dog is right behind me just like making these weird snorts") [end of text]



1. She has been taking singing lessons in secondary school. (Verbatim: "I had a bit of singing lessons in secondary school.")
2. She is currently undergoing singing lessons. (Verbatim: "I'm currently having singing lessons at the moment.")
3. She has struggled with stomach noises interrupting her singing in the past. (Verbatim: "My stomach keeps making noises." and "It kept interrupting the song or moments, it would just be like...")
4. She has a strong desire to improve her singing despite it not being her forte. (Verbatim: "I've always wanted to be good at singing. Always, always, always.")
5. She finds it difficult to control or produce stomach growl sounds on command. (Verbatim: "I can't- I can't stomach growl on command, otherwise I would right here.")
6. She has a close, friendly relationship with her current singing teacher. (Verbatim: "She's so nice." and "She was like, oh, I really love how you've matched your hat to your jumper today.")
7. Her singing teacher is curious about her profession and may ask for her channel link if she reveals she streams. (Verbatim: "If I tell her that I stream, she's gonna want a link.")
8. She does not believe karaoke is a common activity in England. (Verbatim: "Like, there's no karaoke near here.")
9. She has a playful, self-deprecating sense of humor about her singing abilities. (Verbatim: "I'm like, oh, God, it sounds awful.")
10. She values mental health and believes taking breaks is a form of self-care. (Verbatim: "If you're taking a break from something and looking after your mental health, you're looking after yourself, okay?") [end of text]



1. She has a strong preference for showers over baths due to space constraints and practicality in her current living situation. (Verbatim: "For me to take a bath is quite rare. Um, yeah, I shower. I much prefer showers.")
2. She greatly values the Japanese-style bathing experience, particularly the separation of showering and soaking. (Verbatim: "When I was in Japan, I really loved the bath, okay? I loved the bath shower, like, like the bathrooms in Japan were really nice.")
3. She visited an onsen in Japan and found it to be the most peaceful and relaxing experience she's ever had. (Verbatim: "It's definitely the most peaceful and relaxing experience I've ever had okay like it's heckin wild how peaceful I was.")
4. She visited Kinosaki, a town known for its onsens, and stayed at a traditional ryokan with a futon. (Verbatim: "I went for the traditional ryokun experience with like the futon and everything and like yeah i highly recommend.")
5. She has an acrylic standee of the Kinosaki onsen girl character, indicating she is a fan of the town's themed attractions. (Verbatim: "I actually have an acrylic standee of the kinosagi um onsen girl um")
6. She recommends visiting Kinosaki as a peaceful alternative to busy cities like Tokyo. (Verbatim: "I definitely recommend kinosaki if you want like a kind of more peaceful experience part it might be really good to do that after tokyo.")
7. She enjoys the cultural aspects of onsen visits, including wearing yukata and receiving them as part of the experience. (Verbatim: "They also give you like a little yukata and um you get a yukata and and the little kippity klops um is also included")
8. She has visited multiple onsens in Kinosaki and took advantage of a pass that allowed unlimited access to all seven onsens. (Verbatim: "There's like seven different onsens and if you stay with any one of them you get a you get this pass that lets you go to all of them")
9. She finds the idea of mixed-gender onsen rare and unfamiliar, noting they are not common in real life. (Verbatim: "I've never seen a mixed one what they i think they must be rare no like right right they must be rare")
10. She has a deep emotional connection to the concept of bringing happiness to others, even if it comes with cringe. (Verbatim: "I hope I can bring happy I really i'm trying my best is to bring to bring happy like I know I also like a side effect of that is I bring a lot of cringe but I hope you can learn to embrace cringe") [end of text]



1. She has a strong emotional goal to bring even a small moment of joy to her viewers. (Verbatim: "my goal isn't like like the bar isn't even to make you happy the bar is to just at least get that little tiny tiny tiny little smile out of you")
2. She struggles with visualizing human faces and cannot remember or picture them in her mind. (Verbatim: "i cannot um i cannot remember faces or see faces or visualize faces um they just don't exist in my mind")
3. She has difficulty creating facial expressions in video games, particularly in Elden Ring. (Verbatim: "trying to make a face in Elden Ring was difficult I just I just I just really really struggle with with faces")
4. She has mixed-race heritage, with her and her older brother inheriting Asian skin genes from their mother. (Verbatim: "me and older ellie bro got our skin gene from from mama ellia who's asian")
5. Her younger brother has very fair skin that burns easily, even in rainy weather in England. (Verbatim: "little ellie bro has very white skin like like proper will burn on a rainy day in england kind of skin")
6. She feels sympathy for her younger brother due to his severe sun sensitivity and frequent sunburns. (Verbatim: "i used to feel like awful for poor little little ellie bro used to suffer so much from the sun")
7. She finds sunburns extremely painful and describes them as involving redness and peeling skin. (Verbatim: "like the skin peeling level of sunburn like that level looks so painful")
8. She enjoys playing Elden Ring and has a character in the game that she refers to as "samurai ellie". (Verbatim: "and then there's me in the background samurai ellie")
9. She is working on improving her ability to express certain facial expressions during streams. (Verbatim: "i'm trying to bring that face out more you know like i have it i just i just need to find reasons to to to bring it out more")
10. She created a custom British tongue twister involving the words "Worcester" and "Worcestershire" for a collab. (Verbatim: "i gave them a british tongue twister that i made up including the words worcester and worcestershire") [end of text]



1. She dislikes large versions of food items, preferring small ones. (Verbatim: "I like it small small on the guys like yeah yeah yeah I don't know why it's a thing to make big versions of things like no it's not just one giant piece")
2. She has a strong aversion to the "big bean" and finds it unsettling. (Verbatim: "the big bean upsets me I don't I don't like the big bean")
3. She enjoyed eating beans on toast with multiple small beans, not a single large one. (Verbatim: "I like beans on toast as in like lots of beans okay okay like not one big one big bean would make me sad")
4. She had a traumatic experience falling on a playground with a floor covered in sharp, spike-like concrete. (Verbatim: "it was really bad okay like like i think i must have hurt myself really bad and i was like crying")
5. Her school playground had a floor made of sharp, spiky gravel glued into concrete, which caused injuries. (Verbatim: "it's literally like if like a spiky spiky texture like like let me try let me try what was it it's too loose it's like it's like it's like that but glued into the ground")
6. She once fell on her face but avoided serious injury by landing on her coat, which she found impressive. (Verbatim: "i landed perfectly onto my coat and i felt like the coolest like person in the world")
7. She was once comforted by a strict teacher, nicknamed "the dragon," who hugged her after she fell. (Verbatim: "she hugged me i was so shocked by such a kind warm hug i was like hanging like what")
8. She was frequently scolded by the same strict teacher for losing and breaking things despite being a good student. (Verbatim: "she used to get mad at me a lot for breaking and losing things um so yeah i was ready to get shout to die again")
9. She has a fear of horror content, particularly related to jump scares and being judged in band. (Verbatim: "whiplash is a great movie it it really brought back my complete fear of being in band um and not being good enough")
10. She was a French horn player in school band and feared her music teacher. (Verbatim: "i used to be scared of the music teacher that ran that ran our orchestra orchestra band thing um as a french horn player") [end of text]



1. She has a strong desire to help people and make them happy. (Verbatim: "my goal is to try and help people and just try and make people happy")
2. She identifies as parasocial, feeling deeply attached to her audience. (Verbatim: "i'm the parasocial one yeah like i'm the one that's down bad")
3. She has a childhood legend associated with being the "ghost of the girl's bathroom" at her primary school. (Verbatim: "i became a ghost legend at my school i don't know if it's if the legend still continues")
4. She recalls the school bathroom being a purpley color, matching the setting in a meme she shared. (Verbatim: "the big girl's bathroom was like this like purpley color so good good bathroom choice for this meme")
5. She is passionate about her goal of spreading happiness, even if she finds it cringe. (Verbatim: "i just want to have happy times and i want you guys to have happy times and yeah yeah that's all simple simple simple wish")
6. She enjoys playing Elden Ring and has a character that is referred to as "Elden Lord Elia Delaria" by her in-game followers. (Verbatim: "hail our elden lord elias delaria")
7. She has a fondness for glasses, finding them versatile and expressive. (Verbatim: "glasses are really versatile first you can have glasses wearing girls take them off and suddenly become beautiful")
8. She has a playful, self-deprecating sense of humor about her own appearance and identity. (Verbatim: "i wish i was as cute as companion cube i'm sorry i wish i was i wish i was one day")
9. She has a habit of forgetting to take pictures of her food, even when cooking. (Verbatim: "i'm sorry this one's my idol i'm so sorry i keep forgetting i i'm just not used to taking pictures of my food")
10. She has a recurring theme of being overwhelmed by affection or attention, comparing herself to being "drowning in all these maidens" in Elden Ring. (Verbatim: "i'm drowning in all these maidens in elden ring at the moment so you know i'm being taken by my video game maidens at the moment") [end of text]



