1. She enjoys eating Millionaire shortbread, though it was too hard to chew after being frozen. (Verbatim: "My homemade shortbread that I made, or what do you call it? Millionaire shortbread, but oh my goodness. It hurts.")
2. She has visited Kinozaki Onsen in Japan, where she experienced deep relaxation and peace. (Verbatim: "I visited on my trip to Japan and it snowed and it was so pretty. I hope you managed to de-stress and have perfect levels of relaxation.")
3. She climbed Mount Fuji in July and experienced extremely strong winds, nearly being blown off the summit. (Verbatim: "I climbed back in July and I should not have climbed it that night. Because that night they were literally like 'yo we got 60 to 70 mile per hour winds, we don't recommend going up to the summit'")
4. She has a fond memory of her uncle who used to visit her as a child and would perform a "Secret Knock" to signal his arrival. (Verbatim: "My uncle called it The Secret Knock, so you knew that it was him.")
5. She associates good family members with bringing chocolate, like Smarties, as a sign of being kind and thoughtful. (Verbatim: "You know there's a good family member when they always bring you chocolate, right? If they always bring you chocolate, the cool, the cool one.")
6. She is familiar with the difference between Smarties and Skittles, noting that Smarties contain chocolate while Skittles are just sugar. (Verbatim: "Smarties have chocolate. Yeah, yeah, yeah. It's Skittles that don't.")
7. She finds it unacceptable to mix up Smarties and Skittles, calling it "truly evil" to do so. (Verbatim: "It would be truly evil to mix them and then hand them to somebody.")
8. She has a relative with strongly negative opinions and a tendency to be argumentative, which she finds stressful. (Verbatim: "You have the other uncle. Who's got really awful opinions and is just like, wrong.")
9. She humorously refers to her uncle as "Spider-Man" with "terribly politically incorrect opinions." (Verbatim: "My uncle is actually Spider-Man. It's Peter Parker with terribly politically incorrect opinions.")
10. She values family time during New Year celebrations and understands that not everyone can attend her streams due to family commitments. (Verbatim: "I usually spend it with family myself. So that is completely understandable.") [end of text]



1. She has a dog that forces her to go outside. (Verbatim: "it's more like she has to take me for walks okay like it's not even touching grass at this point I'm just going outside to touch mud like")
2. Her grandmother is a published artist who works with watercolor and pastel. (Verbatim: "her medium is watercolors and pastels so yeah if you picture like and it's normally painted but yeah it's paintings of animals")
3. Her grandmother's artwork is sold as cards and postcards. (Verbatim: "she also sells them as like cards and things so like cards and postcards and whatnot")
4. Her grandmother signs her artwork with her full name. (Verbatim: "she hasn't got like an artist name like it's her name just flat out this is her name this is this is her ab")
5. Her grandmother is over 90 years old but remains independent and active. (Verbatim: "she's like 90 something and she still does like so much like she obviously she gets help but she's still very much like you know")
6. Her grandmother uses an iPad and paints independently. (Verbatim: "she uses her ipad and her ipad by herself she does her painting still by herself like you know like")
7. She comes from a family where most members are artistically talented. (Verbatim: "my brothers my dad everyone in my family is very good at art just just not me")
8. She pursued STEM subjects in university, unlike her artistically inclined family. (Verbatim: "but yeah but at university I had to drop all the acting and I dropped it all when I went to uni so I did it um I still worked on it throughout like college and stuff um but then when I got to university I had to drop it and go full academic um but yeah")
9. She once considered pursuing acting but had to abandon it for academic studies. (Verbatim: "I had to drop all the acting and I dropped it all when I went to uni so I did it um I still worked on it throughout like college and stuff um but then when I got to university I had to drop it and go full academic um")
10. Her parents both dropped out of school due to rebelliousness despite being highly intelligent. (Verbatim: "both my parents dropped out of school for being rebellious um so they didn't have the qualifications i guess um yeah they're both technically yeah yeah dropouts i guess so") [end of text]



1. She has a dog. (Verbatim: "it's just a me holiday... it's not socializing holiday it's just a me and my dog me and my dog holiday")
2. She values empathy and kindness in human interactions. (Verbatim: "i just want to be kind and hope that people will be kind back to me")
3. She believes people who think they're not nice are often actually very nice. (Verbatim: "people that think that they're not a nice person are actually nice people")
4. She compares people who are cautious with kindness to cats. (Verbatim: "i just think they got more cat energy right because like cats are like a lot of people consider cats not very nice")
5. She has experienced burnout and takes breaks to recharge. (Verbatim: "i've been too like i don't know i don't um i'm taking like a mini break from like the 5th to the 12th")
6. She values rest and quality sleep. (Verbatim: "i had a actual decent sleep because like i just want my thoughts and my energy to be focused on you")
7. She is meticulous when making purchases, researching extensively. (Verbatim: "i can't buy anything without researching it for like ten hours straight")
8. She is skeptical of online reviews, especially Amazon reviews. (Verbatim: "you can't look up amazon reviews now because like oh gosh they're so fake now")
9. She is considering buying a weighted blanket for comfort. (Verbatim: "I'm tempted to get a weighted blanket because this blanket was heavy")
10. She finds school to be a difficult and unenjoyable time in her life. (Verbatim: "whoever said school's the best time of your life there's a liar") [end of text]



1. She is interested in trying American sweets and plans to do a stream featuring them based on viewer recommendations. (Verbatim: "i want to do a stream where um i try out american sweets but i want to take your your recommendations as to what sweets i should go buy")
2. She finds it difficult to trust online reviews due to the prevalence of AI-generated content. (Verbatim: "it's getting harder and harder to like to like figure out what's good and what's not")
3. She has a dog named Lyla who occasionally barks at the door unexpectedly. (Verbatim: "lyla come here would you like a treat what's wrong there's no one out there")
4. She uses a water purifier at home but finds the filtered water tastes bad. (Verbatim: "i've replaced the water purifier recently but it's still it's bleh bleh bleh")
5. She gives her filtered water to her dog because she dislikes drinking it herself. (Verbatim: "actually i give the filtered water to my dog")
6. She is aware of differences in food and beverage regulations between the UK and the US. (Verbatim: "a lot of things like um what is it like certain chemicals are banned here certain ways of treating meat is different here")
7. She is curious about how Coca-Cola and Fanta differ between the UK and the US. (Verbatim: "i know the fanta is definitely different i think the coca-cola is different as well which shocks me")
8. She is concerned about the presence of fluoride in American tap water. (Verbatim: "american water has freedom in it ah i see yeah no he's didn't have that here")
9. She believes tap water taste varies significantly depending on location within the UK. (Verbatim: "tap water does taste different based on where you are in the country")
10. She has taken a university module on environmental chemicals. (Verbatim: "i did like a module at uni about like um chemicals like in the environment and stuff") [end of text]



1. She has a Samoyed dog named Lyla who is usually silent but recently barked during a stream for the first time. (Verbatim: "this is my dog this is our dog our dog no this is it yeah this is it there's a cloud this is um i really should get another picture of her to show you guys but i like this one this one's cute")
2. Her dog Lyla is typically very quiet, to the point where people question if she actually has a dog. (Verbatim: "my dog is normally like silent um like super rare like to the point where people are like do you really have a dog um i do um as you can tell i do")
3. She once tried to use face tracking with her dog but it did not work. (Verbatim: "i've tried to see whether face tracking would work with her and it doesn't")
4. She used to play gacha games and had extremely lucky pulls, which upset her older brother. (Verbatim: "my older brother got really upset with me because my gacha luck for it was like insane it was like a fire emblem game where like i just happened to pull like all these ridiculously rare characters")
5. She only does free pulls in gacha games and does not pay for them. (Verbatim: "i only ever do free pulls you know i don't like paying for the pulls")
6. She played Genshin Impact briefly but hasn't played much recently. (Verbatim: "i played a tiny bit of genshin but like um have you ever played the lottery oh fun story about the lottery")
7. Her parents were avid lottery players who made her pick numbers weekly for years. (Verbatim: "they'd be like you gotta pick you gotta pick the numbers every heckin week like every every every every every every week")
8. As a child, she once won the lottery with a fake ticket she made herself, which upset her parents. (Verbatim: "i won with my own ticket with my fake ticket they were upset")
9. She believes her poor lottery number choices were responsible for her parents' losses. (Verbatim: "yeah it's it's all the l's are my fault you're right i should have picked better numbers")
10. She has a strong emotional connection to her dog Lyla, who she refers to with affection and concern. (Verbatim: "lyla come here why are you crying what's out there who is it yeah i think it might be another dog actually like yeah do you think it's okay if i fill these with with cola though like a straight up keg") [end of text]



1. She has a fondness for lottery games and recalls a childhood incident involving a fake ticket. (Verbatim: "I was really little, I was really confused why they were so upset at me that day with my fake ticket...")
2. She is aware of lottery mechanics and has observed how increased numbers reduce winning odds. (Verbatim: "they changed it, I think it used to be between like one and fifty and then they raised it to like one and sixty or seventy...")
3. She finds it ironic that lottery winners often lose their winnings within a year. (Verbatim: "apparently the majority of people that win the lottery lose it within a year...")
4. She enjoys playing video games, particularly World of Warcraft, and references in-game actions like "whoosh whoosh and the boom boom." (Verbatim: "I hope it went well and you did the whoosh whoosh and the boom boom...")
5. She has a playful, self-aware sense of humor about her own performance and energy levels. (Verbatim: "that was weak, I'm so sorry that was pretty weak I should do better next time...")
6. She mentions having a "laundry pile" that inexplicably grows despite her efforts to clean it. (Verbatim: "how did the laundry pile pile up again... stupid laundry basket stupid infinite refill glitch happening...")
7. She references a "light sneezing gene" that affects about one-third of people, though she personally does not have it. (Verbatim: "I don't have that gene but yeah I saw that sneaky aka...")
8. She has a habit of making New Year’s resolutions and reflecting on goals at the start of the year. (Verbatim: "it's the first stream of the new year so it's okay...")
9. She prepared millionaire shortbread on New Year’s Day, indicating a past interest in baking. (Verbatim: "I took yesterday off to make millionaire shortbread...")
10. She expresses gratitude toward her viewers and values their support. (Verbatim: "thank you for trusting in me and thank you for being so supportive I do appreciate it...") [end of text]



1. Her New Year's resolution is to bake more. (Verbatim: "my resolution is to bake i don't know if you guessed that i want to bake more")
2. She baked a millionaire shortbread at the start of the year. (Verbatim: "i started the year with baking a millionaire shortbread")
3. She has a recipe book she wants to work through. (Verbatim: "i have this recipe book that i want to get through so that's a personal goal")
4. She aims to improve her health this year. (Verbatim: "the other one is to look after my health better this year")
5. She struggles with anxiety and overthinking. (Verbatim: "because i feel like i am prone to overthinking and being anxious and getting too wound up in things")
6. Her main goal is to make people happy. (Verbatim: "my goals are to make you happy")
7. She wants to avoid burning herself out while working hard. (Verbatim: "my goals are to work hard but not burn myself out")
8. She values focusing on positive things in life. (Verbatim: "my goals are to worry less and focus on the positive things in life")
9. She is committed to giving her best effort to her audience. (Verbatim: "i want to give you my bestest and do my bestest")
10. She appreciates her community and feels supported by them. (Verbatim: "i appreciate you thank you for always being so kind to me and looking after me you guys look after me a lot and it really does mean i i i do i do appreciate it with all my heart") [end of text]



1. She considers herself a soft, delicate person who is easily stressed. (Verbatim: "I'm a soft little marshmallow of a person, okay? Um, I'm a delicate flower, okay?")
2. She has experienced emotional trauma from receiving hostile messages in the past. (Verbatim: "I used to get a sent like what you call it like essays of mean things...")
3. She was once targeted with cruel messages accusing her of being talentless and unworthy. (Verbatim: "essays about how I'm talentless and how I should quit and how I don't deserve to be...")
4. She identifies as a "certified wimp" due to her sensitivity and fearfulness. (Verbatim: "I'm what you call um traumatized from that um along a bunch of other stuff um yeah um it is accepted that you will get flamed in league it is unfortunately it is part of the thing...")
5. She has a history of being targeted with negative messages during past interactive events. (Verbatim: "once upon a time um I used to get a sent like what you call it like essays of mean things...")
6. She is uncomfortable with receiving hate or negative feedback and avoids it intentionally. (Verbatim: "I just want to focus on, you know, the happy things, okay? I don't want to spend my years stressed or anything like that...")
7. She values professionalism and has a structured, formal approach to managing her community. (Verbatim: "I picked based on, like, I don't know, um, yeah, I took a very professional criteria...")
8. She has a strong preference for positive interactions and wants to maintain a safe environment. (Verbatim: "I just want to do all the awesome things that I want to do, you know?")
9. She has a history of being emotionally affected by online harassment, which has shaped her current moderation setup. (Verbatim: "it went very badly um some kind of like what you call it scared um but it's okay if I'm scared because I know I'm a certified wimp...")
10. She is sensitive to criticism and has been deeply impacted by past negative experiences. (Verbatim: "I'm not even playing league of legends right now i don't want get flamed when i'm not playing like you die i know like imagine someone going through the effort of sending stuff and being like here's the reasons x y and z why i think you suck...") [end of text]



1. She has a strong memory for people and details, though she struggles with remembering who is in her community. (Verbatim: "very good at remembering things um so i'm kind of like um what you call it i'm like who are they who are they you're now just mods in my in my in my brain okay")
2. She values kindness and aims to bring happiness to others. (Verbatim: "i feel like life is too short for hate it's too tiring and awful for drama and being mean")
3. She aspires to be an anime girl who brings joy and happiness to people. (Verbatim: "i just want to be an anime girl that brings people to happiness and joy and i will keep doing my best")
4. She has a grandmother named Nana Elia who embraced her gray hair by dyeing it bright white. (Verbatim: "she just she just went up and dyed her entire head of hair white she's like i'm not dealing with them coming through i'm just gonna make them all white now")
5. Her grandmother Nana Elia is 93 or 94 years old and is described as fearless and bold ("savage"). (Verbatim: "nana elia is currently 90 so well 90 something oh gosh i already should remember exactly which it's not 90 i think it's like 93 or 94")
6. She identifies with the concept of a non-Newtonian fluid—delicate and soft but strong under pressure. (Verbatim: "I'm a dilettant fluid non-newtonian fluid I don't know what the name is I'm bad okay")
7. She compares her thought process to a chaotic subway system with constant jumps between ideas. (Verbatim: "if you want to picture what's going on in the mind of ellia stellaria it's subway surfers that's it I'm just like jump up jump up jump subway service")
8. She has a short attention span, likening herself to a TikTok video with a seven-second focus. (Verbatim: "I have a seven second attention span all right that is that it's not my fault I blame everyone else the internet")
9. She is not good at remembering names or roles within her community, particularly regarding mod hierarchy. (Verbatim: "i'm not very good at remembering who's here with what war okay like you you are you are oh gosh but yeah um that is our mini what do you call it announcement for the year")
10. She values inclusivity and avoids creating hierarchical titles for her moderators. (Verbatim: "we couldn't call them a b or c or like alpha or whatnot because like whoever ends up with a is gonna be like yo what up it's me the alpha mod mod number one") [end of text]



1. She aspires to be an anime girl who brings joy to people and makes them happy through her work. (Verbatim: "I just want to be the anime girl that brings joy to people works on cool things and you know does those are best to make people happy")
2. She values staying true to her identity and motivations for becoming a VTuber. (Verbatim: "I never want to lose sight of you know who I am and why I do this")
3. She has a strong emotional connection to her audience, referring to them as "thousands of you" and expressing deep appreciation. (Verbatim: "there's so many of you there's there's so so so so so many of you")
4. She enjoys planning and is excited about upcoming projects and streams in 2024. (Verbatim: "I'm very excited I'm very excited I hope you all are excited for 2024")
5. She has experience caring for mice and was warned not to grab them by the tail. (Verbatim: "I've looked after mice before like like i've looked after mice and i remember being told to never try and try and grab free tail")
6. She has a fondness for retro internet culture, specifically mentioning MSN Messenger and AOL Instant Messenger. (Verbatim: "what was the other one was it does msm messenger still exist can we can we still use that")
7. She is interested in reviving old software like Windows Movie Maker 2012. (Verbatim: "if i can find windows movie maker 2012 i can find when um msm messenger right like if i can find one i can find the other")
8. She enjoys creating secret codes and playful communication systems with her viewers. (Verbatim: "we can go up to each other and be like zero seven seven three four and then in response you say you say um eight zero zero eight five")
9. She has a playful, self-aware sense of humor about her own image, joking about being "fancy" despite not being truly fancy. (Verbatim: "i'm not fancy i'm so sorry um i'm your fancy yo i fancy you")
10. She has a nostalgic attachment to childhood games and internet culture, referencing Jenga and old chat platforms. (Verbatim: "oh wait i thought that's jenga i was like we're gonna play jenga") [end of text]



1. She attended the same school as her father, who was also mischievous. (Verbatim: "it was the same school that my dad went to so papa elia also went to that school and apparently papa elia was worse than ellie bro")
2. She has recurring nightmares about school, often involving being late for class. (Verbatim: "i still have nightmares about school it's a recurring dream i don't know if anyone else still has it")
3. She struggled with school uniform regulations, specifically her skirt being too short due to fit issues. (Verbatim: "the amount of times every day i went into school i'd get told off for not having a skirt below my knees")
4. She had difficulty fitting into school uniforms because her legs are long. (Verbatim: "i have longer legs hi hi")
5. She was frequently reprimanded by teachers for doodling instead of paying attention. (Verbatim: "what you doing you on your phone and i'm like i don't even have a phone like i'm doodling i'm doodling")
6. She created graffiti on a school desk during an exam, writing "ellie bro was here" and the year. (Verbatim: "i saw this this is a recreation of the graffiti i saw on the desk that i did one of my exams on except for instead of ellia it said ellie bro")
7. She was teased by her younger sibling in school, who would run away upon seeing her. (Verbatim: "in the corridor being like hey little elie bro followed by run away and i'm like why must you run away from me")
8. She has a strained relationship with her mother, who often claims to have known things before they were revealed. (Verbatim: "my mother never tell my mother she's wrong never okay even if she's even if she's wrong")
9. She believes her mother engages in gaslighting behavior, such as claiming to have known information before it was shared. (Verbatim: "she'd be like oh yes i knew that and i'd be like no there's literally a zero percent possibility of you being able to know this")
10. She finds it difficult to multitask. (Verbatim: "i can't multitask by the way") [end of text]



1. She has a two-meter-tall goose plush that sits in front of her full-size mirror. (Verbatim: "in front of my full-size mirror is my two meter goose plush")
2. She values her community and feels that her brightness comes from reflecting her viewers' light. (Verbatim: "I'm just reflecting your light okay because you all make me smile")
3. She does not have any other source of income besides her VTuber work. (Verbatim: "I don't have any side hustles or anything of that sort so um yeah")
4. She is not paid for her role as a VTuber and relies solely on her audience's support. (Verbatim: "I only have one source of income that's you guys")
5. She has a close friendship with another VTuber named Leah, who also owns a goose plush. (Verbatim: "we have matching plushies leah leah she's so cool")
6. She aspires to make more VTuber friends within the community. (Verbatim: "one of my new year's like resolutions and goals is to try and make even more vtuber friends")
7. She finds it frustrating that cats and dogs do not live long lives. (Verbatim: "how dare they design such cute wonderful creatures and then have them not live five ever")
8. She expresses a desire for real-life anime girls and cat girls. (Verbatim: "where are the real life anime girls" and "where are the cat girls")
9. She humorously imagines having "developer powers" to fix flaws in the real world. (Verbatim: "if they could just give me developer powers of the universe i could i could i could fix it")
10. She views her role as a VTuber as a full-time job with no alternative income sources. (Verbatim: "this is my one and only job okay like there's no other source of income coming in") [end of text]



1. She aspires to become a "Celestial Universe Developer" by the end of 2024. (Verbatim: "maybe by the end of 2024 i become celestial i get promoted from celestial messenger to celestial universe developer")
2. She once played League of Legends at a high level but is now rusty and no longer a diamond-ranked player. (Verbatim: "i'm not the diamond player i was once upon a time okay not anymore i think i'm just i i'm so rusty")
3. She has a deep familiarity with League of Legends terminology and is willing to teach it to others. (Verbatim: "i can give you a crash course in League of Legends terms okay")
4. Her father enjoys rock and roll and punk music. (Verbatim: "my father is like full-on like rock and roll punk kind of person")
5. Her mother enjoys pop music and has a strong interest in dragons and skulls. (Verbatim: "mama elia was very much like like pop like yeah so when when i did hear music it would always be like both")
6. Her mother is a collector who hoards various items, including dragon figurines and English cottages. (Verbatim: "mama elia is like what you call it um uh hoarder she likes stuff she likes having lots of stuff")
7. She grew up in a household with a mix of edgy and cute aesthetics, including dragon statues and tiny English cottages. (Verbatim: "there's also like amongst all like you have all these like really like like fancy dragon statues and then you have these like cute little cottages")
8. She has a fear of spiders when outnumbered, particularly in large numbers. (Verbatim: "when there's like when they outnumber me that's a problem and by outnumber i mean like more than one because there's only one of me")
9. Her older brother named all the spiders in the house "Barry" for no particular reason. (Verbatim: "they were all called barry i don't know why i don't know why it was my older brother that named them all barry")
10. She recalls that her family had a large number of spiders that were kept as pets and were not removed from the house. (Verbatim: "the reason why there were a lot of spiders was because we used to not get rid of them in the house like like my brothers like to keep them as like sort of pets") [end of text]



1. She has a strong childhood memory of being comfortable around bugs and spiders. (Verbatim: "I remember being really really okay with bugs and spiders and stuff now I'm a bit more hesitant...")
2. She developed a fear of spiders after realizing many people are afraid of them. (Verbatim: "I can't help but like have this instinct to be like oh should I be afraid and I know it's stupid...")
3. She recalls being particularly unbothered by insects before becoming more cautious. (Verbatim: "I remember I used to be a lot more okay before I realized a lot of people were scared of them...")
4. She associates money spiders with good luck in England. (Verbatim: "They're like a dot and then like we call them money spiders because apparently it's supposed to be like lucky...")
5. She believes seeing a spider on oneself is considered a sign of financial luck. (Verbatim: "It means like you're gonna have some like I don't know financial luck...")
6. She has been pooped on by a bird at least four or five times. (Verbatim: "I've been pooped on by a bird a lot of times okay I think it's happened at least like four or five times...")
7. She once had her dog pooped on by a seagull while the dog was freshly groomed. (Verbatim: "My dog had just come back from the groomers okay like I just got like a freshly washed dog...")
8. Her dog has a habit of sniffing the floor and then rubbing its face in what it finds. (Verbatim: "If they start sniffing on the floor like they they're sniffing on the floor and then they do like a circle around...")
9. She believes dogs find fox and cat feces particularly appealing. (Verbatim: "Apparently they really love um fox and cat fox and cat poop um is like apparently super delicious to them...")
10. She grew up in England where outdoor cats are common. (Verbatim: "In England it's really common to keep your cats like outside like I think majority of cats in England are kept outside...") [end of text]



1. She was a quiet, socially anxious student who struggled to speak in class. (Verbatim: "I was literally mute like yeah basically didn't speak really like honestly like I know it might be hard to believe...")
2. She took drama and music in school to help overcome her shyness and improve her personal development. (Verbatim: "I originally took like drama and music as like just a thing to try and like help me get out of my shell...")
3. She discovered she enjoyed performing on stage despite being naturally shy. (Verbatim: "I found that really fun um hmm even though I'm a shy person like I remember I found that part very like I don't know exciting...")
4. She was frequently cast in scary villain roles during school plays, though she preferred kinder characters. (Verbatim: "I was always casted as like um I don't know scary villain kind of character I don't know why...")
5. She received top marks in her drama class in school. (Verbatim: "I actually got um in drama in school I got top of my top of my my class in drama...")
6. She had difficulty projecting her voice and practiced speaking in front of a mirror to improve. (Verbatim: "I used to practice saying good morning good morning good morning...")
7. She wore worn-out, broken shoes during school that caused a musty smell and collected pebbles. (Verbatim: "My shoes were didn't actually function as shoes the smell came from the shoes I don't know how or how to how...")
8. She did not have access to waterproof shoes during her childhood and was surprised to learn they existed. (Verbatim: "I didn't realize that was a thing I was like no way you could buy waterproof shoes...")
9. She had a difficult childhood marked by poverty, wearing hand-me-downs and damaged clothing. (Verbatim: "I was the quiet kid in the class that wasn't cool dressed in hand-me-downs um kind of smelled...")
10. She developed strong feet and now wears sturdy, waterproof boots that keep her dry and comfortable. (Verbatim: "Now my feet are strong now I have strong shoes with no pebble inside...") [end of text]



