1. She has difficulty remembering faces and cannot visualize them in her mind. (Verbatim: "I can't see faces. I don't actually tell people and I feel like I probably should because like, the amount of awkward situations I've been in, in life where I've just called someone the wrong name is too many times...")
2. She relies on photographs to help her remember people and experiences. (Verbatim: "So that's why I think photos are great. And it took me a while to really get over the whole, like, oh, it's bad to take, um, or it's, like, silly to take lots of photos...")
3. She owns a Polaroid printer and values physical photo prints. (Verbatim: "I have a, um, what you call it, um, Polaroid printer.")
4. She has a Samoyed dog that she owns. (Verbatim: "if I didn't have a samoyed I'd i'd have a shiba")
5. She can remember and recognize her dog's friends better than the people who own them. (Verbatim: "I know her dog friends I know I can i keep better track of her dog friends than like the people that own these dogs")
6. She has a strong preference for Shiba Inu dogs and wished she had visited a Shiba cafe in Japan. (Verbatim: "I really wanted to go to this um cafe a shiba cafe myself I really wanted to but I went to too many cafes")
7. She once followed an elderly woman coincidentally and ended up petting her Shiba Inu dog. (Verbatim: "I followed this lady no i didn't follow it was coincidentally going in the same direction as this lady and i reached a point where i was gonna um cross this road and the old lady had stopped with the dog so i finally caught up...")
8. She finds it difficult to cope with heat and humidity, especially in England. (Verbatim: "it's actually more difficult to cope with English summer, because in England, you can't retreat anywhere, everywhere's heckin hot.")
9. She prefers strong, cooling fans over decorative ones. (Verbatim: "I actually made the mistake of buying a cute one first, like a Karubi one, but it wasn't very strong, it just sort of blew hot air in my face...")
10. She has a habit of taking many photos during travels, especially in Japan. (Verbatim: "I took a lot so that I could, like, um, print out a bunch.") [end of text]



1. She has a strong emotional connection to food and considers eating delicious meals a meaningful experience. (Verbatim: "I just never thought I'd be like eating such delicious food in japan I got so emotional um when I was there")
2. She visited Osaka, Japan, and had a memorable dining experience with wagyu beef. (Verbatim: "this was in osaka i found somewhere nice to have some wakyu")
3. She was deeply moved by the experience of eating high-end wagyu beef, which brought her to the verge of tears. (Verbatim: "i really wanted to cry because like i just never thought i'd be like eating such delicious food in japan")
4. She previously lived on cheap food like garlic bread and instant noodles. (Verbatim: "i remember you all really really really really really really insisting that i make sure i try wagyu and that i treat myself um so i was thinking of you all when when i was eating this i was thinking back to like the 35p garlic breads that i used to live off and the instant noodles")
5. She has a strong emotional attachment to her fanbase, feeling gratitude for enabling her to enjoy luxury experiences. (Verbatim: "i have to make sure i tell you guys how thankful i am because like yeah like that was so heckin yummy")
6. She visited Universal Studios Japan and stayed at a hotel located near the park. (Verbatim: "i actually stayed at a hotel right near it")
7. She experienced emotional moments during her visit to Universal Studios Japan, including nearly crying. (Verbatim: "i can tell you the point at which i full-on cried later on")
8. She is from England, which explains her familiarity with rainy weather. (Verbatim: "because i'm from england um but yeah and this yeah like this was also from the evening um honestly like i know the pictures aren't sure it was a bright blue sky the next day but this thing's massive but i wasn't able to take a picture of this the next day because um because there were too many people in front of it")
9. She struggled with basic Japanese during a shopping experience and was overcharged due to language barriers. (Verbatim: "i was like trying to speak japanese and then i just couldn't understand what she was talking about with like um they accidentally overcharged me")
10. She received a "gaijin sticker" (foreigner sticker) from a store in Japan after being identified as a tourist. (Verbatim: "they gave me this giant giant giant sticker that said i'm on holiday so i got my uh gaijin sticker my i'm a foreigner sticker") [end of text]



NO RELEVANT INFORMATION [end of text]



1. She has never experienced a parade before. (Verbatim: "I've never seen a parade before and and and it was it was amazing")
2. She was deeply moved by a Pokémon-themed parade, describing it as making her feel like a child having her dreams come true. (Verbatim: "I felt like a small child that was just having all her dreams come true like it was amazing")
3. She finds unlimited breakfasts at hotels in Japan to be exceptionally generous and enjoyable compared to English hotel breakfasts. (Verbatim: "this is the nicest all-you-can-eat breakfast i've ever been to")
4. She enjoys Japanese-style breakfast foods such as eggs benedict, okonomiyaki, karaage, cream buns, and octopus sausages. (Verbatim: "there's a mini eggs benedict that you could get unlimited amount of there's mini okam yaki mini like unlimited karaage")
5. She is impressed by the creative design of themed rides, particularly how the queue is integrated into the experience. (Verbatim: "the way they design it is the queue is part of the ride")
6. She felt slightly sick during a 4D Spider-Man ride, similar to her experience on a Harry Potter ride. (Verbatim: "it was kind of similar to the harry potter one where i did feel kind of sick")
7. She is interested in watching One Piece after being exposed to its widespread popularity in Japan. (Verbatim: "maybe i do need to just to take brave the bullet and watch every single episode of one piece")
8. She considers reading the One Piece manga as a viable alternative to watching all episodes due to its length. (Verbatim: "maybe i'll do that um should i just read the manga is it okay to just read the manga like i'm pretty fast um with reading so yeah")
9. She has a strong emotional reaction to vibrant, joyful events, such as parades, often resulting in uncontrollable smiling. (Verbatim: "i couldn't stop smiling for like i don't know i just couldn't stop smiling")
10. She enjoys theatrical water shows with explosions, jet skis, and audience immersion, despite the risk of getting wet. (Verbatim: "everything was on fire like imagine all of this but on fire with explosions like everything was like kabom kabom kabom") [end of text]



1. She visited a themed café based on the Jujitsu Kaisen anime. (Verbatim: "i also went to a jujitsu kaisen cafe that they have there")
2. She enjoyed a blood orange mousse cake at the Jujitsu Kaisen-themed café. (Verbatim: "they also had blood orange mousse um they also had")
3. She purchased a Bulbasaur-shaped drink cup that is also a collectible figure. (Verbatim: "so now i have a bulbasaur cup and it's amazing and i love it")
4. She found the inside of the Bulbasaur cup to taste like melon. (Verbatim: "inside bulbasaur tastes like melon yeah you're back yay yeah this was hecking delicious")
5. She visited Nintendo World, a large themed area with a full-sized castle. (Verbatim: "this is nintendo world um this this is massive this is actually giant so like this is like a really big really big gate this is the castle")
6. She was unable to ride Yoshi's Adventure due to rides being closed when she arrived. (Verbatim: "i couldn't because by the time i got there it was all the rides were closed")
7. She attempted to collect keys in a Nintendo-themed interactive game using a Power Band. (Verbatim: "you use the band to interact with these blocks so you can like hit these and these spin like a slot machine")
8. She was denied entry to a ride because she did not collect enough keys. (Verbatim: "i got rejected from this ride um so that was really sad but yeah bowser's castle i want to go inside it looked amazing inside")
9. She expressed a desire to return to Nintendo World to successfully complete the key collection and ride the attraction. (Verbatim: "i want to go again and actually like successfully go on this ride")
10. She was impressed by the high-tech features of the toilets at the venues she visited, including adjustable spray settings. (Verbatim: "you can decide the kind of spray you can decide like i don't know the spray power the spray angle") [end of text]



1. She visited Kinosaki, a hot spring town in Japan. (Verbatim: "yeah um i have a few photos from kinosaki um so here's another mixed ice cream um kinosaki is a onsen town um it's really nice i highly recommend it")
2. She stayed at a traditional ryokan during her visit to Kinosaki. (Verbatim: "so yeah i stayed in a um traditional ryokun and i got to have um tatami mats a futon like sliding doors like all of that")
3. She climbed Mount Fuji in Japan, reaching the summit via the fifth station trail. (Verbatim: "during my trip to japan i i climbed mount fuji i climbed fuji-san i got to the top i got to the tippity top top")
4. She found the traditional kaiseki meal in Kinosaki to have unusual textures and flavors. (Verbatim: "the textures very odd and the flavors very interesting um most of the time i'd expect one texture and then i'd eat it and it'd be a completely different texture")
5. She was scared by a horror game that reminded her of the atmosphere in Kinosaki. (Verbatim: "it kind of reminded me of of that game um yeah don't play that game anytime near it look how they got this scary shrine and")
6. She has a collectible acrylic stand of Kinosaki Kunori, the town’s anime mascot. (Verbatim: "i've got like her acrylic stand she's she's also up there on my shelf")
7. She found the experience of being naked in onsen baths to be unusual and emphasized the strict rule. (Verbatim: "they are very very very clear on the you must be naked rule um which was very odd because i was like wait why are they so insistent you must be absolutely naked")
8. She found the hot springs in Kinosaki welcoming to people with tattoos, which is uncommon in other onsens. (Verbatim: "the hot springs in kinasaki they had like um a sign that said they do allow people with tattoos um yeah which is also another unique part of these onsens")
9. She enjoyed the Mount Fuji-shaped melon pan she ate at the fifth station. (Verbatim: "this was my um this was my pre-mountain climbing snack it was this mount fuji shaped melon pan this part on the top is chocolate and then there's some dusted sugar and this was the nicest melon pan that i had")
10. She considers Kinosaki to be a place of deep peace and reflection. (Verbatim: "kinosaki is where you'll find that that peaceful moment where you can really truly de-stress um so yeah i stayed in a um traditional ryokun") [end of text]



1. She climbed Mount Fuji using the Yoshida Trail. (Verbatim: "the trail i did was the yoshida trail the yoshida trail is definitely the beginner and i highly recommend doing the yoshida trail")
2. She stayed at an eighth station hut during her climb. (Verbatim: "i stayed at one of the ones on the ape station um but what i would recommend is if you're looking to stay in a hut first book it very much in advance")
3. She experienced altitude sickness during her climb. (Verbatim: "i did get a bit of altitude sickness um anyone can get it pretty much you can avoid it by going slow")
4. She used an oxygen can to treat altitude sickness. (Verbatim: "this is oxygen in a can um this is oxygen um for altitude sickness")
5. She found a banana for sale at a station on Mount Fuji. (Verbatim: "i found this i found this um i found a banana um so you could buy bananas on mount buji which is really cool")
6. She ate curry and fish at the hut dinner. (Verbatim: "the curry was delicious okay that curry was amazing this you can't see there's it was fish that fish was so good")
7. She found the sleeping conditions at the hut to be uncomfortable due to noise. (Verbatim: "it was very uncomfortable sleep and it was very loud and there were so many so many so so so many farts like just throughout the night just non-stop just non-stop farting like why")
8. She noted that toilet usage on Mount Fuji requires a 200 yen fee. (Verbatim: "they have these boxes at the front before you enter the toilet there's like these boxes where you're like no one's monitoring it but they do expect you to to give 200 yen um every time you use the toilet")
9. She observed that prices of goods increase with altitude on Mount Fuji. (Verbatim: "one thing you'll notice is the price of everything does go up as you go up so luckily i bought this further down")
10. She emphasized the importance of carrying all trash back down the mountain. (Verbatim: "it's very very very clean um and everyone's very very respectful of the place so do leave room in your bag to carry your literal rubbish") [end of text]



1. She climbed Mount Fuji at night to see the sunrise. (Verbatim: "I was doing a night walk... wanted to climb to the summit for the sunrise.")
2. She experienced extreme weather during her Mount Fuji climb, including 70 km/h winds and freezing temperatures. (Verbatim: "I woke up to 70 kilometer per hour winds and awful awful awful weather...")
3. She found the climb physically exhausting, with her legs feeling "deaded" for at least three days afterward. (Verbatim: "my legs were still alive... I was like deaded for like three days afterwards at least")
4. She purchased a souvenir from the summit, describing it as a "little thing" she bought herself. (Verbatim: "this was my souvenir... that I bought myself")
5. She has a personal item called her "Mount Fuji stick" that she collected stamps on, which she plans to show in future streams. (Verbatim: "this is my mount fuji stick the complete scam stick that cost me absolutely way too heckin much money")
6. She views climbing Mount Fuji as a one-time experience and would not do it again. (Verbatim: "would not climb again even if I didn't get to see the rising sun... climbing Mount Fuji is a one-time activity")
7. She identifies as a "shut-in weeb" and found the climb to be a significant departure from her usual lifestyle. (Verbatim: "for me as a shut-in weeb of a person... that's enough outdoors for me")
8. She recommends wearing multiple layers and dressing for two different weather conditions when climbing Mount Fuji. (Verbatim: "you have to dress for two sets of weather... like you go in skiing like it's freezing")
9. She emphasizes the importance of UV protection when hiking at high altitudes. (Verbatim: "don't forget uv protection you will get burnt")
10. She plans to create a follow-up video about Tokyo, including visits to Akihabara and a maid cafe. (Verbatim: "we'll do a part two where we discuss Tokyo... because Tokyo is the next section with Akihabara and an actual maid cafe") [end of text]



1. She has a strong emotional connection to her fans, aiming to bring them joy and happiness. (Verbatim: "I'll just keep doing my best to bring you joy and have happy times with you all")  
2. She values self-care and encourages her viewers to prioritize their health and well-being. (Verbatim: "don't worry I always keep in mind taking care of myself as long as you all take care of yourself okay")  
3. She visited Japan on a three-week trip and walked an average of 15,000 steps per day during that time. (Verbatim: "I was doing um on average 15,000 steps a day during my three week um trip")  
4. She found the experience of traveling in Japan exhausting, despite her enthusiasm for it. (Verbatim: "it was very very exhausting um and I'm glad to be relaxing now")  
5. She regrets not visiting Hokkaido and Okinawa during her trip, as they were places she wanted to see. (Verbatim: "there are a couple places that I missed in Japan that I didn't get to go to like Hokkaido or Okinawa like those two ends I really wanted to visit")  
6. She enjoys tranquil and peaceful places, particularly historical towns like Kurashiki in Okayama. (Verbatim: "if I was to go to Japan again I'd look for more um more tranquil places I really like um trying to it's just good to relax")  
7. She has a souvenir mini red torii gate from Inari Shrine, featuring a fox in the middle. (Verbatim: "I did buy a mini um gate for myself as a souvenir I do have my own mini um mini Inari shrine red gate um souvenir with a little fox um in the middle and yeah it is really cute")  
8. She humorously refers to herself as "something of a hedgehog" and mentions being spiky, possibly alluding to her personality. (Verbatim: "you know I am something of a hedgehog myself you spiky do you not like getting getting getting pets")  
9. She has a dog named Lila who likes to put things in her mouth, including her souvenir. (Verbatim: "I gotta keep it out of Lila's mouth though she likes putting everything in her mouth because she dog")  
10. She enjoys eating muffins and has a box of them in front of her during the stream. (Verbatim: "there are currently a giant box of muffins right in front of me that I've resisted this whole time I'm definitely gonna have a muffin after this") [end of text]



1. She has a dog who is friends with other dogs, including Shibas and Samoyeds. (Verbatim: "there's at least there's a few shibas that are friends with my dog")
2. Her dog is friendly but tends to lick her fur, leaving it covered in saliva. (Verbatim: "my dog gets covered in saliva but he's friendly dog")
3. She visited Kyoto and the Inari Shrine with its famous red gates during a trip to Japan. (Verbatim: "i did go to a few different places in japan mainly the big places so i went to kyoto and i went to the red gate it's like ushimi ushimi inari shrine")
4. She tried to visit the Inari Shrine in the late afternoon to avoid peak crowds and heat. (Verbatim: "i went in like late afternoon time um which is the reason i did that was because like peak midday i was like melting")
5. She did not complete the full mountain trail at the Inari Shrine due to fatigue, opting for a shorter 1.5-hour loop instead. (Verbatim: "i didn't do the two to three hours one because i was really tired um so i did a shorter one")
6. She found the shrine to have many fox statues, which are considered messengers. (Verbatim: "the shrine is um got lots of foxes around it they're like messengers i think or something")
7. She received a fortune cookie from a shrine in Japan and had it translated using Google Translate. (Verbatim: "this is the fortune that i got you ready in fact you guys can tell me if it was good or bad because i actually kept it")
8. She attempted to learn Japanese before her trip to Japan but found the language challenging. (Verbatim: "i did try and learn some japanese while i'm there um i did try and pick well i can understand you know when they're asking for like if i want a bag")
9. She believes learning basic Japanese is essential before visiting Japan due to limited English usage. (Verbatim: "i wouldn't go to japan without um without learning the basics like um you know um well actually most of the things i learned were like shop and restaurant orientated")
10. She is interested in taking formal Japanese lessons, possibly online, to improve her language skills. (Verbatim: "i'm actually looking into getting like proper japanese lessons um but yeah i don't know whether to go to like an actual like irl class or do an online one") [end of text]



1. She visited the famous red torii gates trail in Kyoto, Japan. (Verbatim: "so i went there and then the other place that i went to that i absolutely thought i had to go to was the pokemon center um yeah so i went to the pokemon center um this is jirachi um")
2. She found the experience at the Kyoto shrine trail to be deeply peaceful and calming. (Verbatim: "it was like going through like a tranquil garden like you know when people are like imagine you're a happy place and you try and imagine somewhere really like yeah comfy um and pretty and full of nature um it's um it's really really nice")
3. She encountered shrine cats at the Kyoto location, which she found endearing despite the "no pets" signs. (Verbatim: "but that's because they have their own pets like it's because they only have they only have they have their own cats um so this is actually um multiple cats um but i liked i tried to take a nice um there was a hole like you know there was like people and stuff around the bottom so i wanted to try and take it without the tourists in it but um yeah there was it was the shrine's cats and and they're really really really really cute")
4. She has a strong affection for the Pokémon Jirachi. (Verbatim: "so i got this one um is number five um get bamboozled punks so i got this one um which actually is really nice i really like this one um yeah yeah yeah so i was actually really happy um this one's a really nice design um i'm pretty certain it's supposed to be like it's a gas gas like it looks like ghastly but it's it doesn't look like it properly right it's like yeah it looks it looks like ghastly but but it also doesn't i don't know but yeah i'm assuming it's it's it's it's it's a ghost yeah")
5. She enjoys collecting Pokémon merchandise, particularly gacha-style t-shirts. (Verbatim: "so on the next slide i'll show you what it is but i need to move my head slightly um look it's a jirachi bug um yeah jirachi is one of my um one of my favorites um one of them um i have a few favorite pokemon but jirachi is definitely definitely up there")
6. She owns multiple oversized anime t-shirts that she wears as dresses. (Verbatim: "now i'm just wearing a bunch of in fact i'm wearing one right now like a really oversized like a stupidly oversized t-shirt that is basically like a dress um so yeah i have a lot of anime t-shirt dresses but you know it's it's quite nice to walk around in because it's when it's warm you know you don't have to worry about trousers because it's technically a dress")
7. She appreciates the high quality of products in Japan, noting their craftsmanship. (Verbatim: "so first oh um i'm gonna go through some of the stuff i bought not all of it because some of it was really reflective but they had these um lucky bags so um as you can see this bag has a bunch of images on it and basically it's a lucky bag for what t-shirt you get inside the bag so there's like okay one thing i noticed all the stores i went to to try and buy stuff they only ever had large in stock which is not my size so now i'm just wearing a bunch of in fact i'm wearing one right now like a really oversized like a stupidly oversized t-shirt that is basically like a dress um so yeah i have a lot of anime t-shirt dresses but you know it's it's quite nice to walk around in because it's when it's warm you know you don't have to worry about trousers because it's technically a dress")
8. She has visited a Pokémon Center in Kyoto, which had large ceramic statues of Pokémon. (Verbatim: "this is the um pokemon center in in um in kyoto um and they have these statues i love that they have these in there um these are massive um these are big and um again i went at a quiet time um so i did my best to try and take photos um yeah big ceramic statues um like massive like people sized um and it was really really cool")
9. She has visited a Pokémon pop-up shop in London, though it had long queues. (Verbatim: "i remember they did like a pop-up shop in london and i actually went to go i actually went to go to the one in london um it was like there for like a limited time um i don't know if they've made one since i could probably i should probably check um but when i did try and go to the pop-up one um the queue for the pokemon center was like two hours or longer and it was really busy and it was really small")
10. She values personal, quiet moments during travel and finds them meaningful. (Verbatim: "i managed to um i managed to get to these this bit where i stood here um this was a bit off the path um like not the i took a bit off the path away from the tour so i actually got to have a really peaceful moment here just sort of like yeah it's like really appreciating how like nice it was and i remember thinking at the time i was like sat there thinking like just how much i appreciate everything like just everything") [end of text]



1. She has a traumatic childhood experience with an improperly performed ear piercing. (Verbatim: "they did it wrong um and it messed up and it was it was really really really really painful")
2. She had her ears pierced for the first time at around age seven. (Verbatim: "i guess i was like i was like seven or something um i got them pierced again")
3. Her first ear piercing was done by a woman who worked at a hairdresser's and was the mother of a classmate. (Verbatim: "it was one of the girls at my primary school's mom like it was her job at like um this i don't know hairdresser place")
4. Her first ear piercing became infected and caused severe pain, requiring a second piercing later. (Verbatim: "it got infected and it got really bad and then the earring wouldn't come out because it was too tight")
5. She has a second ear piercing done years after the first, by a different person, which was less traumatic. (Verbatim: "a few years later like i don't know so like from when i was like i guess i was like seven or something um i got them pierced again")
6. She is British and speaks English as her native language. (Verbatim: "because i'm british i made sure to get tea")
7. She finds it ironic that native English speakers are often poor at proper grammar and language rules. (Verbatim: "native english speakers are are the worst at speaking english um because we don't actually get taught proper rules")
8. She enjoys baking and has a collection of baking tools for making shaped cookies. (Verbatim: "I do have a lot of baking stuff for making cute shaped cookies")
9. She has a Pikachu-themed cookie kit she plans to use in a future hand-cam stream. (Verbatim: "i got a pikachu cookie kit i've not opened it i bought it for for a stream i'm gonna keep hold of it")
10. She is interested in hosting a virtual tea party with viewers using tins of tea she purchased. (Verbatim: "i was thinking another stream idea literal tea together like a tea party where we try these") [end of text]



1. She has pierced ears but experienced trauma from the first piercing when she was young. (Verbatim: "I was really pretty traumatized from the first time so but they did get it right my ears are pierced")
2. She has a severe reaction to certain metals, particularly nickel, which causes skin rashes. (Verbatim: "I get a really really weird reaction to that um it's probably nickel")
3. She can wear earrings but only occasionally to prevent the holes from closing. (Verbatim: "I can wear earrings but i'm just slightly traumatized from the first time when i was really small")
4. She prefers silver and gold jewelry over fake versions, which trigger allergic reactions. (Verbatim: "silver is okay gold is okay but like fake gold no and fake silver um makes it")
5. She visited Wendy’s in Kyoto and enjoyed the chicken burger, marking her first time trying the restaurant. (Verbatim: "i went to wendy's because because i've um i've never had a wendy's before and i wanted to try a wendy's")
6. She considers herself a chicken burger connoisseur and enjoys trying different chicken burgers at family restaurants. (Verbatim: "i wanted to try lots of different chicken burgers i also went to a lot of family restaurants to try chicken burgers")
7. She visited a samurai museum experience in Kyoto where she tried on armor and handled swords. (Verbatim: "i also did um was it like a samurai museum thing um so this was really interesting to do")
8. She was uncomfortable with a child swinging a real sword unsupervised during the museum experience. (Verbatim: "there was this lady here with her really loud and really not very well-behaved child um who decided to take the shiny one and not the kids one and just run around swinging it")
9. She was impressed by a staff member who calmly handled multiple tourists ignoring safety warnings during the shuriken throwing activity. (Verbatim: "i was like yo this is just like danger waiting to happen like it's really sweet that they're like um really trusting")
10. She found the historical context about shurikens being used for distraction rather than combat to be interesting and insightful. (Verbatim: "these weren't really the weapons of the ninjas um these were these were more of distraction items") [end of text]



1. She visited Kyoto and explored various locations there. (Verbatim: "i tried to take pictures of like um the general feel of kyoto")
2. She mistakenly entered a hostess bar, thinking it was a maid cafe. (Verbatim: "i thought it was a cafe um it wasn't a cafe it served food and i did get my omurais")
3. She communicated with staff using broken Japanese during her visit to Kyoto. (Verbatim: "i had to communicate with them with what broken japanese i could speak")
4. She enjoyed discussing anime with staff at the venue in Kyoto. (Verbatim: "i talked to one of the girls about anime")
5. She has a dog named Stelila. (Verbatim: "i started showing them stelila i was like this is inu inu")
6. She finds it awkward to interact with people in situations where language barriers exist. (Verbatim: "i've never felt so awkward in my entire life")
7. She is interested in Japanese culture, particularly historical facts about samurai and ninjas. (Verbatim: "i find this kind of stuff really really interesting")
8. She is aware that real ninjas were typically farmers disguised as such. (Verbatim: "ninjas would be typically farmers more likely than not they'd be farmers")
9. She appreciates the cultural significance of matcha in Japan, noting it's used to denote exceptional taste. (Verbatim: "if it's really yummy it's matcha")
10. She expressed regret over accidentally posting a picture of pork ramen after a picture of pigs. (Verbatim: "i didn't mean to put a picture of pork ramen um straight after the picture of um i'm so sorry") [end of text]



1. She visited a bamboo forest in Kyoto early in the morning to seek a peaceful experience. (Verbatim: "I went super early morning... to try and go at a time where there wouldn't be a lot of people and for again to try and achieve that zen")
2. She has a childhood fascination with frogs and used to try catching them. (Verbatim: "I used to try and chase frogs a lot as a kid... I was always fascinated by all the frogs and the toads and stuff")
3. She dislikes being in crowded tourist spots where people are focused on taking photos of themselves. (Verbatim: "It was very stressful... full of people trying to take pictures of themselves")
4. She finds the concept of multi-level buildings with different shops on each floor interesting, especially compared to her home country. (Verbatim: "They have these like buildings with like all different sorts of stuff in it... it's really cool to see how utilized the buildings are")
5. She enjoys visiting cafes and food-related locations during her travels. (Verbatim: "I went to a mini dog cafe... then the next place I went to in kyoto... was this place um this was leading up to it")
6. She has visited McDonald's in Japan and tried a McGriddle, which she found tasty but plain without egg. (Verbatim: "I got to try this mcgriddle... it tasted very unhealthy... it felt a bit plain")
7. She appreciates macarons and enjoyed the ones she got from McDonald's in Japan. (Verbatim: "They were decent... they were part of the like mcafe part but they're a reasonable price for macarons")
8. She has a fondness for small, playful dogs, particularly those in tiny dresses. (Verbatim: "I went to one with all these tiny dogs... they were really sweet and I felt very very popular")
9. She once had a dog sleep on her lap for a long time at a dog cafe, making her reluctant to leave. (Verbatim: "This dog was on my lap for like the longest time and I was like... you want me to leave when there's a dog on my lap like excuse me")
10. She was inspired by the unique systems she observed in Japan, such as the guest book seating system and automated ramen vending machines. (Verbatim: "I thought that was really interesting... there were some people that did miss their cool") [end of text]



1. She has experience working in a zoo. (Verbatim: "because i've worked in a zoo before um so handling animals like a little hedgehog were okie dokie artichoke")
2. She is familiar with handling animals, including porcupines. (Verbatim: "the closest i got to look after was a porcupine which i guess is just a big big hedgehog maybe i guess i don't know")
3. She dislikes the difficulty of finding matching foundation makeup due to her neutral skin undertone. (Verbatim: "i'm neither yellow or pink apparently i'm like a neutral in between base um of because i'm i'm half um")
4. She does not wear foundation because it is difficult to find a matching shade and she finds the process too bothersome. (Verbatim: "i don't wear foundation um it's um it's too difficult and i can't be bothered to buy too so yeah")
5. She has a neutral skin undertone, falling between pink and yellow bases. (Verbatim: "i'm neither yellow or pink apparently i'm like a neutral in between base um of because i'm i'm half um")
6. She is interested in gacha culture and has purchased gacha items during her visit to Japan. (Verbatim: "i bought a few um but they literally have it for all sorts they don't just have it for like anime characters")
7. She was surprised by the abundance of gacha items in Japan, noting they were everywhere. (Verbatim: "there's a heckin ton this is just a very very small fraction as to what i saw there")
8. She finds the Japanese practice of wearing face veils in fitting rooms to prevent makeup transfer to be innovative and desirable. (Verbatim: "i wish they had this in england because like i've had this issue where like i've tried on clothes and oh no no not i've tried on clothes and wanted to buy it but it had stains on it")
9. She appreciates the cleanliness and design of Japanese fitting rooms, including carpeted interiors. (Verbatim: "the fitting rooms were one of them was like actual like carpet and i was like yo it's like a little house in here so")
10. She finds the customer service style of a particular elderly shopkeeper in Japan to be sassy and unenthusiastic. (Verbatim: "she was funny but it was nice i'm we're like quite used to that kind of customer service because like england") [end of text]



1. She has a strong desire to one day be featured in a gacha game or have official merchandise available in stores. (Verbatim: "one day maybe i could be in the gacha in the in the gacha porn thing um it was very um very motivating to see a lot of um i saw a lot of vtuber merch and stuff in japan and it got me very very very very very very very very excited um about about working hard")
2. She visited Japan and was inspired by the availability of VTuber merchandise and anime-themed stores. (Verbatim: "i saw a lot of vtuber merch and stuff in japan and it got me very very very very very very very very excited")
3. She won a figurine of Amelia Hi from a crane game in Japan on her first try without assistance. (Verbatim: "i got the amelia one it didn't take me too long um i was really happy with with the fact that like i didn't struggle but i think it was meant to be because um is me so yeah it's her")
4. She owns a figurine of Amelia Hi wearing a puck hoodie and slippers shaped like feet. (Verbatim: "she's got these little slippers um in the shape of like feet but um yeah yeah yeah")
5. She values cozy clothing, particularly hoodies, and expressed interest in having a similar outfit. (Verbatim: "i thought maybe one day i could have an outfit similar like a cozy cozy hoodie seems like a really nice outfit")
6. She has a collection of anime-themed glassware, including ones from Isekai Quartet, Haikyu!!, Jujutsu Kaisen, and Pokémon. (Verbatim: "i got this one i got from a store um so they had some really cool um like anime merch stores and i ended up buying a lot of glasses")
7. She bought anime-themed glasses because she wanted useful merchandise, though they are not dishwasher safe. (Verbatim: "the trick is well the way i got tricked was like me thinking okay i should get merch but i should get useful merch and so i bought a lot of glasses")
8. She enjoys visiting arcades and playing crane games, particularly those operated by Sega. (Verbatim: "i personally really like the sega ones i feel like they had more that i wanted")
9. She received help from arcade staff during her crane game attempts, who would assist her by adjusting the crane mechanism. (Verbatim: "sumimasen i'll get it their magic key open it up and then like readjust it and then and then and then close it")
10. She was impressed by the scale and atmosphere of anime-themed areas in Osaka, feeling small in comparison. (Verbatim: "in osaka they sort of have like their sort of anime sectiony area um which is where i found all this stuff but yeah um i wanted to take some kind of like like um would you call it area kind of um photos but yeah don't worry i didn't go to the drink bar but yeah it was like there's karaoke and gundam and stuff and like all sorts so it's really cool these buildings are heckin big i felt really small") [end of text]



