1. She visited Japan for over three weeks to see family. (Verbatim: "I've been away in Japan for over three weeks, I had to see family!")
2. She surprised her cousin Nana Elia during her visit. (Verbatim: "I surprised her, she didn't know I was coming over")
3. She missed Nana Elia’s birthday while in Japan. (Verbatim: "it was her birthday, and yeah, I missed it, so that made me sad")
4. She gifted Nana Elia a temple charm from the top of Mount Fuji. (Verbatim: "I got her a charm from the top of Mount Fuji because I was like, yo, it's gotta have some good luck, right?")
5. The charm she gave Nana Elia was meant for old age, which she found out after purchasing it. (Verbatim: "it said, it said, it was a charm, it was a talisman for old age")
6. She has a close relationship with her cousin Nana Elia, who is described as being 90-something years old. (Verbatim: "she was, um, she was telling me about, like, her, her neighbors... she was like, I'm already old")
7. She was emotionally affected by her cousin being mistreated by neighbors. (Verbatim: "she gets really flustered easily, um, by people that are angry and loud")
8. She considers herself non-confrontational and has never been in a fight. (Verbatim: "I've never been in a fight, um, which I guess is a good thing, right")
9. She has a habit of not unpacking her belongings after returning from trips. (Verbatim: "I still haven't unpacked, um, help, could somebody unpack for me, I'm begging")
10. She stayed in a traditional ryokan during her trip to Japan and slept on a futon on the floor. (Verbatim: "I did stay at a traditional ryokan um and i have my yukata and the little krippikiri kopadis and the futon") [end of text]



1. She has large eyes that extend to the top of her forehead. (Verbatim: "yes yes yes yes they go to the top of my forehead that sounds terrifying")
2. She is self-aware of her own appearance and finds it intimidating. (Verbatim: "that sounds terrifying um imagine oh gosh no you did not need that that imagery in your head")
3. She enjoys playing games with challenging platforming mechanics. (Verbatim: "this game would be a lot easier if i could just take a helicopter all the way but i feel like that's not the point")
4. She finds it difficult to trust visual cues in games, especially arrows. (Verbatim: "oh gosh it was a messed up house the arrow light why would an arrow lie to me")
5. She has a habit of getting lost in virtual environments. (Verbatim: "oh god now there's boxes everywhere oh gosh ah i can do this i know how to climb these i have irl practice")
6. She values self-kindness and self-care, especially when facing challenges. (Verbatim: "rule zero be kind especially to yourself rule one take care especially of yourself")
7. She references a fictional set of personal rules, including one about being kind to herself. (Verbatim: "rule zero be kind especially to yourself")
8. She has a playful, self-deprecating sense of humor about her gaming struggles. (Verbatim: "i'm sorry i had my pro gaming skills we're limited by my tiredness and my lack of ability")
9. She enjoys holiday-themed content, particularly around the autumn/holiday season. (Verbatim: "it's christmas you gotta have your holidays it's not yet but we are in the holiday half of the year")
10. She expresses affection for her audience, referring to them as "my people" and sending them hugs. (Verbatim: "oh well at least i can play this more right maybe i could just do 30 hours of only up") [end of text]



1. She has a pet dog named Delilah who is very happy and receives treats and toys. (Verbatim: "i went outside earlier today to go get boba but then i walked past the pet store and then i was like i want to get lila treats delilah so i went in there and and bought a bunch of dog treats but she's so happy okay she was super happy so i was like yeah he's good happy happy dog she's super happy yeah yeah i got her a new toy i got her a bunch of different treats and what else did i get her um one of those chewing chew stick thingies yeah yeah yeah she's super happy")
2. Her dog became extra cuddly upon her return from Japan. (Verbatim: "she's also been like extra cuddly since i come back from japan like super cuddly like a don't go again kind of um kind of vibe")
3. She has a strong emotional connection to her dog and feels guilty about being away from her for over three weeks. (Verbatim: "it must have been hard for her for me to to to to you know peace out for like just over three weeks and for her to be like oh my god you peace back in")
4. She is planning to make up for her absence by giving her dog extra attention and treats. (Verbatim: "i want to make it up to my dog i know it's difficult because i can't speak dog and i can't be like yo i'm gonna be back um yeah")
5. She recently returned from a trip to Japan. (Verbatim: "when i was in japan i just kept thinking like i gotta make sure you all look after yourselves you've done already so much for me")
6. She has a favorite chair that she recently acquired and values highly. (Verbatim: "i did tell him i was like i got a new chair um if you if you so much as break it even a little bit you're gonna have to pay for it")
7. She is very protective of her chair and fears it being damaged. (Verbatim: "he didn't touch it or sit in it or anything he was too scared say yay he knew he knew the chair was and was like yeah i'm not gonna touch that")
8. She finds her new chair extremely comfortable and has spent most of the day in it. (Verbatim: "it's amazing it's comfy and ellie bro like so ellie bro went to look look ellie bro looked after my dog while i was away and he didn't touch the chair he said he was scared to touch the chair because he didn't want to break it")
9. She previously sat on the floor a lot when she was younger, especially during her time at her parents' house. (Verbatim: "but yeah i mean not super big like slightly bigger but yeah but yes i'll be back in like nine hours ish yeah yeah yeah yeah but thank you for spending time with me i do appreciate it a lot um thank you you help keep me sane while i go up up up up um and i'll definitely play this game again i still want to feel i want to feel the rage i want to feel the fire burn yeah but yes um for now for now for now for now for now for now for now for now it's uh it's uh zoom yeah there's the fang hey there's the fang wow it's not a bye-bye it's not a bye-bye it's See you later. Bye, let's get out. Munch, munch, munch, munch, munch. Munch, munch, munch. Munch, munch, munch, munch, munch, munch, munch, munch.")
10. She has a playful, affectionate relationship with her community, referring to them as "bestest bestest bestest community." (Verbatim: "you guys are the bestest bestest bestest community") [end of text]



1. She visited Kinosaki, an onsen town in Japan. (Verbatim: "so i stayed in a town called kinasaki which is an onsen town")
2. She stayed at a ryokan during her trip to Japan. (Verbatim: "wherever you stay in kinasaki if you're staying at any of like the ryokans with the onsen")
3. She traveled to Japan from the UK. (Verbatim: "me being again british")
4. She found the train journey to Kinosaki to be unexpectedly long, taking between five to seven hours. (Verbatim: "it's like a seven hour trip like i was like i didn't i didn't i i didn't i didn't check")
5. She took a green car (first class) train in Japan, which was only slightly more expensive than standard class. (Verbatim: "in japan it wasn't it was just like a like a little bit extra")
6. She carried her suitcase for part of her journey due to not knowing luggage could be sent ahead. (Verbatim: "for like half the trip i was carrying around my suitcase")
7. She has difficulty carrying heavy luggage. (Verbatim: "suitcase chan is is it is heavy and i am weak")
8. She sent books back to the UK from Japan using postal services. (Verbatim: "i did take the books out and post them back to me")
9. She plans to make a video about how to send packages from Japan to the UK. (Verbatim: "what i will want to do is a video on how to post stuff if you're a tourist")
10. She enjoys reading and brought books on her trip, including using her Kindle. (Verbatim: "i also traveled in the um the fancy i did the treat myself the fancy fancy um green car... i did take my kindle as well") [end of text]



1. She recently returned from a trip to Japan that was physically exhausting due to large crowds and massive buildings. (Verbatim: "as much as I love Japan it was very tiring there's so many people and where we're in England I don't have anywhere near that many people or in any buildings that big")
2. She feels overwhelmed by large urban environments and compares her experience in Japan to a "country mouse going to the city mouse." (Verbatim: "I felt like even though like I'm not like I felt like I felt like country mouse going the city mouse")
3. She has a strong emotional attachment to her fans, expressing deep longing during her absence with phrases like "super super super super super super missed you." (Verbatim: "super times infinity plus one")
4. She has a recurring habit of overusing the word "heckin" in her content, which she acknowledges and plans to reduce. (Verbatim: "I realized that a lot of my recent shorts I put heckin I say heckin a bit too much")
5. She refers to her father as "Papa Elia" in a nostalgic, affectionate way, suggesting a close familial bond from her childhood. (Verbatim: "trying to convince um trying to convince um papa elia to drive to the end of the rainbow")
6. She has a childhood memory of wanting a pot of gold from the end of a rainbow, indicating imaginative or whimsical early memories. (Verbatim: "if you get the rainbow we could get the pot of gold and we won't be able to afford the things like new shoes please I'm begging you")
7. She has a recurring theme of playful, self-deprecating humor involving "sneakers" and "stealth," suggesting a personal brand of comedic persona. (Verbatim: "I am the ultimate stealth stealth stealth sneak sneaker I'm a sneaker")
8. She is aware of and concerned about subtitle errors in her videos, specifically when "punks" was incorrectly transcribed as "pogs." (Verbatim: "there's one moment in that video the hide and seek among us highlights where I say punks but the subtitles say pogs")
9. She dislikes the term "pogs" and feels it doesn't suit her personality. (Verbatim: "I've never said anything's pog ever or pogs or poggers or anything like I've never I don't I don't say that that doesn't suit me")
10. She has a fondness for banana-themed content, as indicated by her return of "banana polls" and references to "banana republic." (Verbatim: "they're back they're back they're back they're back they're back yeah yeah yeah yeah yeah yeah yeah") [end of text]



1. She does not rage or flame during gameplay. (Verbatim: "one thing one thing you must know about me if you are new i do not i do not rage i do not flame")
2. She has patience, which she emphasizes as a key trait. (Verbatim: "i have patience which is like oh wait")
3. She admits she is not skilled at parkour despite appearing capable. (Verbatim: "i've never part I'm not one to parkour I know I seem like it but I'll be honest I'm I'm not")
4. She believes creative ideas often come to her when she's nearly asleep, around 3 a.m. (Verbatim: "the best creative ideas will always come to somebody when they're basically asleep when you're literally in bed")
5. She tries to write down ideas immediately to avoid forgetting them. (Verbatim: "i do try and write them down because i've learned my lesson if i don't write anything down i forget")
6. She has a voice in her head that she refers to as a narrator. (Verbatim: "a voice a voice in my head get rid of it huh the voices the voices")
7. She reflects on having made meaningful life decisions such as choosing schools and courses. (Verbatim: "i remember thinking i've not ever um made any big decisions in my life but as i got older i had to do actual decisions that would affect my life like you know what school i went to what courses i chose")
8. She feels confident that her past decisions have led her to where she is now. (Verbatim: "oh i think i've made the right choices so far because i'm here with you guys")
9. She has a personal connection to a place with a railroad that was opened 120 years ago. (Verbatim: "she moved the railroad was opened here 120 years ago my grandfather worked here")
10. She identifies as someone who provides safety, even though she acknowledges the world around her is not safe. (Verbatim: "i'm the safety it's the opposite i'm the safety yes i am") [end of text]



1. She has a fear of heights when she does not trust the structure holding her up. (Verbatim: "Personally, I only fear the height when I do not trust the thing that's holding me up at that height")
2. She experienced a traumatic childhood involving a father who drank heavily and physically abused her and her mother. (Verbatim: "my father worked here as a driller and he always smelled of fuel oil... he drank a lot and often beat my mother and me but that's in the past")
3. She once got stuck in a tree as a child due to a makeshift plank-and-nail ladder collapsing after she climbed it. (Verbatim: "i knocked the plank over and then and then i was sad and i got stuck")
4. She enjoyed climbing trees as a child as a way to find solitude and avoid being noticed. (Verbatim: "i thought it'd be cool to read it on a tree... because they don't look up they wouldn't notice the girl on the tree")
5. She has a strong aversion to roller coasters despite having ridden one once. (Verbatim: "i'm scared of roller coasters and then there's one about me going on a roller coaster")
6. She avoided reading signs before riding a roller coaster to prevent being scared by spoilers. (Verbatim: "i didn't want to look into it at all i thought okay if i know nothing about it i can't be scared of it")
7. She has a deep emotional connection to the concept of being stuck, relating it to both physical entrapment and emotional isolation. (Verbatim: "i have been stuck in a tree for a long time... i had to wait for someone to discover me")
8. She associates her childhood with a place where her grandfather worked for 60 years and where a railroad was opened 120 years ago. (Verbatim: "my grandfather worked here for 60 years and then he died... the railroad was opened here 120 years ago")
9. She has a fear of being discovered or noticed, which influenced her desire to hide in trees. (Verbatim: "no one would notice me and it'd be like my peaceful place")
10. She has a complex relationship with her father, expressing lingering fear despite the past being over. (Verbatim: "i'm still scared of him what i wasn't ready to get hit with some with some sad lore") [end of text]



1. She is half English and half Asian. (Verbatim: "yeah so i'm half i'm half english half asian and yeah")
2. She successfully climbed Mount Fuji in the summer. (Verbatim: "yeah yeah yeah that's why i went in the summer time i wanted to climb mount fuji so i successfully climbed mount fuji")
3. She did not see the sunrise from the summit of Mount Fuji, which she finds sad. (Verbatim: "but i also would not wish to climb it again because that was hecking painful um yeah i didn't get to see the rising sun that's still very sad")
4. She experienced extreme cold while climbing Mount Fuji, with icicles forming on her eyelashes. (Verbatim: "it was so cold that my eyelashes i had i had like icicles on icicles on my eyelashes i was like yeah i've always wanted to experience this")
5. She burned slightly on one arm during her Mount Fuji climb despite usually not burning. (Verbatim: "i burned a little bit and i never burn but only on one only on one arm yeah and that was it")
6. She wore full climbing gear for her Mount Fuji climb, including trekking trousers, a hat, a stick, and sporty clothing. (Verbatim: "i went full out i was like gotta have some good climbing shoes got my stick on my hat got like you know trekking trousers track like a nice sport airy top thing")
7. She found it surprising that some climbers wore jeans and flip-flops on Mount Fuji. (Verbatim: "i saw i saw two people in flip-flops thingies sandals they are in sandals and i was like yeah what the heck")
8. She has a younger brother named "little ellie bro" who also climbed Mount Fuji. (Verbatim: "that poor younger ellie bro which is my little brother the little ellie bro got hit")
9. She does not eat bananas and has a negative experience with them. (Verbatim: "fun fact i don't eat bananas yeah i uh i i ate a crunchy banana once upon a time and i never recovered from from such betrayal from the banana")
10. She finds it difficult to believe in the "heart of the cards" in games, associating it with RNG mechanics. (Verbatim: "you know guess i didn't believe in the heart of the cards it knew it it knew i didn't really believe in the heart of the cards no because guess what drawing cards is rng") [end of text]



1. She has a negative experience with grass, finding it spiky and uncomfortable, especially in Japan. (Verbatim: "the grass hurt me guys why did i touch the grass guys i had nothing but regret when i touched that grass")
2. She visited a park in Shinjuku, Japan, where she sat on grass without a blanket, unlike others who were prepared. (Verbatim: "i went to um a park in shinjuku and well it's a pretty big park but the bit i went to um had like a grass area that like people could sit on")
3. She climbed Mount Fuji in Japan, starting from the fifth station, and found the experience challenging despite choosing the easy path. (Verbatim: "i did take pictures i remember to take a picture of my mount fuji melon palm before but um like i would pick a hard difficulty i did want to survive")
4. She believes in a slow and steady pace when climbing, noting that even old ladies and children overtook her initially. (Verbatim: "you have to keep slow and steady uh even if that means you're getting overtaken by like old ladies and um small children")
5. She considers climbing Mount Fuji an achievement for herself, despite not being a physically active person. (Verbatim: "it's still like it's still it's an achievement for me personally it might not be an achievement for someone else but it's an achievement for me")
6. She once mistakenly received a banana milkshake instead of a melon one in Japan, which surprised her due to the flavor. (Verbatim: "this is one thousand percent banana like that that is no way that is no heckin way melon nah it's yellow and it says banana on it")
7. She has a recurring awareness of bananas, mentioning seeing them frequently, including on Mount Fuji. (Verbatim: "everywhere i go i see a banana")
8. She ate Mount Fuji-shaped melon pan before beginning her climb up Mount Fuji. (Verbatim: "i had their mount fuji shaped melon pan before before i started my trek")
9. She views herself as a shut-in weeb, indicating a preference for staying indoors and a self-identified identity tied to anime and gaming culture. (Verbatim: "i'm a heckin shut in weeb")
10. She has a habit of making her mosquito net a personal safe space, even in the wild, showing a strong attachment to comfort and routine. (Verbatim: "i didn't technically didn't have a room i made my mosquito net my um my safe space") [end of text]



1. She is a British VTuber who has spent time in Japan. (Verbatim: "I'm a british vtuber but my britishness has um deteriorated a bit because i just spent a couple of weeks in japan")
2. She finds parkour videos at scary heights difficult to watch due to fear. (Verbatim: "I can't watch those, no, because, because it's scary, and also because I do not wish to encourage them to doing that")
3. She dislikes loud environments. (Verbatim: "It's so loud. I dislike this.")
4. She has a fear of falling from ledges, recalling childhood warnings from her parents. (Verbatim: "was always when my parents shouted at me and I'd be like it's okay I trust my super strong footing I never fool and they were like you fool you always fool")
5. She enjoys playing the game Subway Surfers, particularly looping certain areas. (Verbatim: "I just want to loop this area. I just want to loop this area.")
6. She has a fondness for plushies. (Verbatim: "Plushies, yo. I want love a plushie.")
7. She finds the sound of a narrator intrusive and prefers music over narration. (Verbatim: "I don't want the narrator to come back. but it'd be cool if the music came back")
8. She has a habit of zooming in during gameplay, which she acknowledges she should stop doing. (Verbatim: "I gotta stop zooming. I gotta stop zooming, guys.")
9. She references a "house from up" in the game, indicating familiarity with the game's layout. (Verbatim: "oh we gotta go to the house from up though right that has to be that has to be the way")
10. She has a playful, self-aware persona that includes using dramatic effect in her gameplay. (Verbatim: "I like to call dramatic effect yeah oh wait what am I doing") [end of text]



1. She has a fictional character named Stomach-chan that she refers to as her O.C. (Original Character). (Verbatim: "Stomach-chan, my O.C.")
2. She created a custom voice for her O.C. Stomach-chan and worked on it for hours to achieve the right sound. (Verbatim: "I've been working on it for hours! Um, trying to get a good, um, voice level stuff.")
3. She references a childhood memory involving her mother telling her about difficult journeys, comparing it to her current gameplay experience. (Verbatim: "when i had to go to school i had to do this this this this this etc and why do i press that button and really they meant this heckin game")
4. She mentions having a nostalgic connection to the journey theme, likening her gameplay to her mother's stories of hardship during her own youth. (Verbatim: "when i was your age i had to i don't know climb several mountains i guess oh even if it was a storm and there was lightning")
5. She expresses difficulty with fast-paced or high-pressure games, indicating she struggles with speed-running. (Verbatim: "I could not speed run this like maybe i could eventually but i'm not very confident in myself")
6. She has a recurring habit of playing Subway Surfers, having returned to it multiple times in a single stream. (Verbatim: "we're going back to subway surfers for the fourth time")
7. She has a strong emotional attachment to her fan community, often referencing their support and connection. (Verbatim: "We're not here to see you reach the top, we're here to just see you, Ellia! Enjoy the game and don't sweat it.")
8. She has a recurring stream schedule, with unplanned streams occurring regularly, such as a spontaneous stream scheduled for the next day at 10 a.m. British Summer Time. (Verbatim: "yeah so spontaneous super spontaneous stream um wow okay okay okay oh should i do a pinned message that show we can stay in this nice dark container member messages will be read tomorrow and then where the heart heart heart")
9. She has a playful, self-deprecating sense of humor, often joking about failing or being slow in games. (Verbatim: "I'm so late with reading, um, yeah, that one was, um, um, an hour ago.")
10. She references a fictional "drone" element in her gameplay, indicating it's part of her established in-game lore or recurring theme. (Verbatim: "oh do i get on it get in drone chen no no no you you go back what do you need to worry about it and send me back") [end of text]



