1. She played Pokémon Emerald and attempted to complete it using only one Pokémon, Blaziken. (Verbatim: "I have Pokemon Emerald, and... I decided to try and complete Pokemon Emerald with just one Pokemon, and that's a terrible idea... I remember getting Blaziken to like level 82.")

2. She has a nostalgic connection to the Game Boy Advance and older Pokémon games from her childhood. (Verbatim: "My oldest stellar bro found the old gameboy advance and found all the old pokemon games... And was like, yo, Elliot, I think I found your pokemon.")

3. She struggled with the Psychic-type gym in Pokémon Emerald due to type disadvantage when using only Blaziken. (Verbatim: "Hitting that gym, which is psychic, and Blaziken's fighting... and oh gosh, it's like, I was like, yo, my save date is still there from when I")

4. She expresses frustration with RNG-based mechanics in games, specifically referencing Mr. Game & Watch’s random-number attack in Super Smash Bros. (Verbatim: "Flashbacks to Smash Bros and getting yeeted by the Mr. Game of Watch's lottery... That's RNG! Damn it! This is supposed to be a skill dip, it's not skill!")

5. She used to lose frequently in Super Smash Bros., particularly to Mr. Game & Watch. (Verbatim: "I used to get clapped by Mr. Game Munch a lot. Um, sad times.")

6. She enjoys iced coffee, which she refers to as "iced kohi." (Verbatim: "And yeah, to finish it off, I've got my iced kohi. I got iced kohi.")

7. She consumes a breakfast oatmeal mix topped with hemp, chia, and linseeds, goji berries, acai, and banana powder. (Verbatim: "Yeah, so it has like seeds and like a bunch of healthy seeds... mix of hemp, chia, and linseeds, goji berries, acai, and banana powder.")

8. She is unfamiliar with the pronunciation and nature of certain superfoods like acai and goji berries. (Verbatim: "Is it pronounced Asai? What the heck is... I don't even know if they're called goji berries. I thought it was an anime character or something.")

9. She ran a previous community name vote that resulted in a near tie between "Starling" and "Stanana." (Verbatim: "Last time it said 50% Starling, 49% Stanana. And to be honest, I don't think the math adds up.")

10. She hosts recurring monthly votes between "Starling" and "Stanana" to determine which mascot gets to "chill with me for the month." (Verbatim: "As per an agreement to prevent all out war between the Starlings and Stananas, we are hosting a monthly vote.") [end of text]



1. She is a French horn player who used to play in an orchestra. (Verbatim: "my instrument i'm actually a um i'm actually a french horn player um yeah i used to play in like an orchestra as a french horn player")

2. She previously played the cornet and trombone in school. (Verbatim: "i was a cornet player before... i was a trombone player before that back in well primary school")

3. She finds the French horn elegant and majestic, and was drawn to it partly because it was considered one of the most difficult instruments. (Verbatim: "i like the idea of a challenge and it used to be i don't know if it still is was in the world record book for like most difficult instrument")

4. Her father, Papa Elio, was a trumpet player and supported her playing brass instruments. (Verbatim: "my papa elio was actually the only thing he was um he's so papa elio was a trumpet player... he was actually really enthusiastic about me playing brass instruments")

5. Her grandmother, Nana Elia, disliked her playing the French horn, calling it a "man instrument" and suggested she play more "elegant" instruments like flute or violin. (Verbatim: "nana elia she was not a fan... she said that the french horn was too manly and that i should pick something more elegant more elegant and fancy like um like the flute or the violin")

6. She struggled to produce sound from the flute initially but later improved through practice. (Verbatim: "i could i really struggled to to whistle but now i can eat that oh like listen that's years of whistle and training")

7. She has a background in mathematics and enjoyed math books as a child, especially those with sticker rewards for correct answers. (Verbatim: "she always used to buy me math books and i used to remember getting so hyped because they had these little stickers in it where if you got a question right you could put the sticker on")

8. She used to practice brass instruments at home at late hours, possibly disturbing neighbors, though no complaints were made. (Verbatim: "i used to play it like ridiculous times i'd be like oh boy it's 10 p.m i think i'm gonna practice the french whore")

9. She is afraid of first-person shooter games like Valorant and finds them intimidating. (Verbatim: "valorant no no that game scares me um that game scares the heck out of me")

10. She once watched a one-hour-long video on how to jungle in League of Legends, only for it to advise against jungling due to the role receiving constant blame. (Verbatim: "i watched a video on like how to jungle and it was like an hour long video but all it told me was like don't jungle you will suffer everyone will blame you for everything") [end of text]



1. She used to enjoy math and was good at complex problems, but frequently mixed up numbers due to poor handwriting. (Verbatim: "I could do all the complicated stuff but... I can see you like to accidentally swap your six for an eight and your seven for one... six and zero... eight and six I don't know how I'm messing them up.")  
2. She once memorized 3.141592653589793238 (the digits of pi) to try to be cool, but has since forgotten it. (Verbatim: "3.141592653589793238 I believe is pie... I spent ages learning it... I thought maybe I could become cool.")  
3. She previously worked in a support role and is familiar with ticketing systems. (Verbatim: "I can picture like the ticketing system... I used to work in support.")  
4. She considers her current VTuber model to be a temporary form and plans to get a "future form" soon. (Verbatim: "This is only my temporary form... I'll be getting my future form in the future soon soon soon.")  
5. She prefers tap water over bottled water and does not want to pay extra for bottled water. (Verbatim: "I can get tap water... I'm not paying extra when I can get tap water.")  
6. She organizes her used drink cans by day to keep track of consumption, calling it an "organized mess." (Verbatim: "I actually organize it... it's a very organized mess.")  
7. She has a Michigan goose onesie. (Verbatim: "michigan goose onesie oh can confirm.")  
8. She associates ice cream with doujins, implying a personal preference or inside joke. (Verbatim: "elia likes her ice cream the way she likes her doujins.")  
9. She received a tip from childhood about using vitamin C effervescent tablets to make water taste better. (Verbatim: "a tip from my childhood buy some vitamin effervescent tablets put them in water will make water taste better.")  
10. She emphasizes the importance of not skipping messages from fans and makes a conscious effort to read them all. (Verbatim: "I'd never do that... not on purpose... it's important to me to make sure that you all don't get... skipped.") [end of text]



1. She has a fictional lore that bananas possess magic powers and are integral to her abilities. (Verbatim: "my lore is that the bananas magic i wouldn't eat the thing that brings me the magic powers okay")  
2. She does not eat bananas, despite her strong association with them. (Verbatim: "i don't even eat bananas... i don't eat bananas okay")  
3. She was betrayed by a banana in childhood, which is part of her backstory. (Verbatim: "i got betrayed by a banana when i was little")  
4. Her audience is approximately 5% female, and she expresses difficulty in appealing to female viewers. (Verbatim: "i got like five point something percent girls... i don't know how to appeal to to to girls")  
5. She is from the UK and has trouble accessing Full Metal Alchemist: Brotherhood legally there. (Verbatim: "i can't find anywhere to watch it legally in the uk like it's not on crunchyroll it's not on high dive")  
6. She wants to re-watch Full Metal Alchemist: Brotherhood but avoids certain scenes due to emotional impact. (Verbatim: "i want to re-watch it but yeah this scene though i don't want to re-watch that see that scene it hurts me")  
7. Her catchphrase or common expression is “be a darling,” which she emphasizes strongly. (Verbatim: "be a darling be a darling be a darling")  
8. She has a fictional relative named Nana Elia from her English side, who is in her 90s and very tech-savvy. (Verbatim: "nana elia is very smart she's like 90 something but she's very good with technology like using her ipad and stuff")  
9. Nana Elia is British, lives in a stereotypically vintage British home, and expresses anger by turning family photos around. (Verbatim: "nana elia is from my english side... if she's mad she'll turn one of the pictures around just be like i'm mad at this person")  
10. She associates herself with the term “starlings,” a bird species noted for mimicking sounds, possibly reflecting her VTuber identity. (Verbatim: "starlings are a type of bird that can thrive in a variety of environments and can mimic sounds and songs amazingly") [end of text]



1. She has a dog. (Verbatim: "my dog could have a friend though like a little animal friend")
2. She is fond of cats and wishes she could have one. (Verbatim: "every time i see the cat i'm like i really want a cat")
3. She associates herself with British culture. (Verbatim: "because she's british you know what i got though sister nanas are actually stabby grandma")
4. She is afraid of horror-themed media involving sentient vegetables. (Verbatim: "that thing no no i stayed away from potatoes for a while then um")
5. Her favorite game series is *The Legend of Zelda*. (Verbatim: "oh my favorite game series is finally having a new game it only took was seven years")
6. She is patient and willing to wait for long-awaited sequels. (Verbatim: "i am patient though i am patient hence yeah yeah yeah yeah hence why i'm able to wait years and years for season two of anime")
7. She owns a Nintendo Switch and is excited to play *Tears of the Kingdom*. (Verbatim: "i did end up getting that switch um it actually arrives today")
8. She has a playful, fictional association with bananas as a source of power or community identity. (Verbatim: "heal heal heal heal stanana is relating to bananas who are the source of elia's power")
9. She references a fictional faction called "Starlings" tied to her community, involving space-themed lore. (Verbatim: "starlings have the knowledge and capabilities to design and build orbital unalive rays for peace")
10. She played *The Legend of Zelda* frequently enough to mimic the character's nonverbal sounds. (Verbatim: "maybe i played too much zelda that's why all i do is go oh gosh i have a problem") [end of text]



1. She grew up in a rough area and has a British accent that her parents tried to suppress. (Verbatim: "It's just a fact, okay, that I grew up in a rough area. I can't hide that, okay?... They wanted me to seem more proper. So that I could do, they were like, yo, we need you to, we need you to, to speak well.")

2. Her parents corrected her speech to sound more "proper" and well-off. (Verbatim: "My parents would always, always, always correct me. They'd be like, 'Elia, it's water, not water.'")

3. She feels self-conscious about her British accent resurfacing, calling it a "British debuff." (Verbatim: "The British debuff is real!")

4. She likes magical girls, particularly from the 80s style. (Verbatim: "I can love magical girls. Yeah, yeah, yeah, yeah, yeah. Like an 80s magical girl...")

5. She expresses a future idea of fusing opposing mascots (Starlings and Stananas) into a united mascot. (Verbatim: "Maybe one day, not today. Maybe in the future they will fuse and become... They can do the- Yo! One day! Maybe I'll make them do the fusion dance and create a third mascot, a united mascot.")

6. She played the Seraka champion in League of Legends using a banana-themed skin called "Order of the Banana." (Verbatim: "the spinning bananas made me think of order of the banana skin from serac and league of legends... i do play the order of the banana seraka skin when i play seraka.")

7. She misses using a specific ability in-game called "Banner of Command" when playing Seraka. (Verbatim: "i do miss having banner of command and playing and being able to be like the banana leader.")

8. She prefers the name "Starlings" over other faction names. (Verbatim: "I prefer starlings as a name but the stanana's mascot just looks so cute yeah.")

9. She believes in promoting peace over conflict, advocating for unity instead of war. (Verbatim: "Make love not war. I want to see the sides come together.")

10. She once lost her "headpats" to the banana in a humorous or symbolic event. (Verbatim: "That day I lost my headpats to the banana. My headpats were lost to the banana that day.") [end of text]



1. Elia Stellaria is a celestial messenger who came to Earth, tripped, and was reincarnated. (Verbatim: "it is in my lore that I was a celestial messenger / Decided to come visit Earth, tripped, got reincarnated")

2. A magical banana helped her remember her identity as a celestial messenger. (Verbatim: "And then there was a magical banana that helped me remember I was a celestial messenger")

3. She delivers messages of joy. (Verbatim: "No, I deliver messages of joy")

4. Her official eye color is a mix of purple and yellow, with purple on top and yellow on the bottom. (Verbatim: "my actual official eyes are... a mix of purple and yellow... purple on the top and then there's yellow on the bottom")

5. She likes cookies and is easily bribed by them, along with chicken burgers and cola. (Verbatim: "I do really like cookies though / I'm easily bribed, yo / Like / Yeah, I'm pretty easily bribed / You know, chicken burger, cookie, cola, cookies")

6. Purple is associated with royalty and is a significant color in her theme, while yellow represents gold. (Verbatim: "purple is the color of royalty / and it's the same color as your eyes / ...the yellow is supposed to be more like a gold")

7. She plans to release a proper lore video to explain elements like the magic banana, as her previous explanation was rushed. (Verbatim: "I'm working on like a proper a proper lore video. Yeah about what the heck a magic banana is")

8. She has a fondness for cake, especially shortcake. (Verbatim: "ah yeah yeah mfsdd arigato arigato stananas will dominate we have shortcake we have cake long live the banana / oh i do want some cake yo my mouth started watering")

9. She expresses fear or discomfort at the idea of her fans (Stananas) being pineapples in disguise. (Verbatim: "i am a bit scared that you / stananas are actually pineapples um i am a little scared i'm gonna trust you though but if you turn out to be a pineapple i will cry")

10. She intends to create a sunglasses toggle for her model and envisions a future where her fan communities (Starlings and Stananas) fuse together. (Verbatim: "I want I want to get you guys a sunglasses toggle actually / you shall fuse in the future you shall fuse there is no escape") [end of text]



NO RELEVANT INFORMATION [end of text]



1. She used to read Nintendo magazines from her family’s collection as a child. (Verbatim: "I remember my family had all these, um, Nintendo magazine things... I was always looking for something to read, and I found all their magazines and started reading through them.")
  
2. She previously worked as a zookeeper, where she cared for various animals including lemurs and chickens. (Verbatim: "when i worked at the zoo... you have to get when it when you're looking after the animals usually there's like the one at the bottom of the pecking order.")

3. She has a dog and walks it regularly, often at night. (Verbatim: "when i was walking my dog yesterday... i seem to go out at night time a lot to do my dog walks.")

4. She lives in England, where foxes are commonly seen, especially at night. (Verbatim: "as in england you can find a lot of foxes... obviously you only find them at night time.")

5. She was woken up at around 2-3 a.m. by a loud seagull near her window. (Verbatim: "yo i remember now i am i got woken up at like two three a.m by a seagull.")

6. She finds seagulls mean and loud, and was disturbed by their noise during the night. (Verbatim: "my goodness seagulls are mean and loud... i had to close my window because i was like well this is too loud for me to go to sleep.")

7. She has played Pokémon games in the past and had a Blaziken (referred to as "Blazer King") she was fond of. (Verbatim: "my Blazer King's still vibing... yeah, I couldn't do that one, because my poor Blazer King kept getting absolutely wrecked.")

8. She used to play League of Legends and Teamfight Tactics (TFT), and considers herself a peaceful, positive player. (Verbatim: "don't worry i'm infected with the league of legends virus... i've never been reported on league i've never trash talk or flamed.")

9. She finds birds, especially parrots like macaws, to be the scariest animals she encountered while working at the zoo. (Verbatim: "i would say um um i'm trying to think which was the scariest bird i think it was the the mccaws the mccaw parrots... the parrots i think were the scariest.")

10. She has a fondness for lemurs, describing them as very soft and recalling one that used to sit on her shoulder. (Verbatim: "lemurs are heckin soft... there was one that used to sit on my shoulder and it was so soft it was so soft.") [end of text]



1. She has a family history of anemia, inherited from her nana Elia and auntie. (Verbatim: "if it's similar to like how nana elia and my auntie had anemia as well")
2. She is experiencing health issues related to oversleeping and suspects it is linked to her iron levels. (Verbatim: "i was gonna book a um a doctor's appointment about my over sleeping because it's getting really bad and i think i need to like sort out my iron medication")
3. She is considering adjusting her iron medication or switching to injections if tablets are ineffective, like her nana Elia. (Verbatim: "nana elia gets um does like the tablets don't work for her she actually gets injections and stuff um so i need to check with them what the heck's going on with this")
4. She is planning to get a blood test to address her health concerns. (Verbatim: "they'll have to do a blood test so that's gonna that's gonna suck")
5. She previously worked with birds, including falcons, hawks, and owls, in a falconry setting. (Verbatim: "i did falconry so like um with the falcons with the hawks with the owls um i did all those like um with the glove and stuff")
6. She was not allowed to handle the Eurasian eagle owl due to the danger posed by its powerful claws. (Verbatim: "for the owl i wasn't allowed to deal with the eurasian eagle owl because the claws on a eurasian eagle owl can crush your skull")
7. She has a strong interest in birds and found owls to be particularly soft-feathered compared to other birds. (Verbatim: "the owl was the softest yeah the owl was the softest")
8. She finds coriander (cilantro) confusing due to its alternate name and wonders if it tastes like soap, referencing the genetic taste variation. (Verbatim: "yo what the heck is cilantro i ain't ever heard of that like first time i saw that i was like what the heck is this" and "coriander can taste different um person to person so if you hate it maybe you can taste it does it taste like soap")
9. She enjoys iced coffee and finds it very enjoyable. (Verbatim: "it's just so yummy")
10. She associates the phrase "fed up" with birds being full of food, speculating on the origin of the expression. (Verbatim: "wait is that where the phrase fed up comes from") [end of text]



1. She is planning to have her mascots, Starling and Stanana, integrated into her model when she gets her new form. (Verbatim: "so when i get my new form i get my new form we'll have we'll have the mascots as well")

2. Her artist made changes to the designs of her mascots, Starling and Stanana, making them fluffier and cuter, with Starling having a slightly menacing look and a blush. (Verbatim: "my artist mama's changed the starling a little and changed just a nana a little but they look they look cute")

3. She once was in talks with Riot Games about becoming a caster for Teamfight Tactics, indicating prior casting aspirations. (Verbatim: "once upon a time i almost became a caster almost almost... for team fight tactics... i was in talks with riot the games")

4. She has extensive study habits related to competitive gaming, specifically Teamfight Tactics, and kept detailed notebooks. (Verbatim: "i used to study the heck out of team fight tactics i got notebooks for days okay i'm studious")

5. She is interested in organizing a VTuber tournament for the game *Idol Showdown*. (Verbatim: "i wanted to try... organize... a vtuber idol showdown tournament")

6. She prefers JRPGs and lists several favorites, including *Final Fantasy*, *Dragon Quest*, and *Tales of* series. (Verbatim: "i heckin love my jrpgs... final fantasy... dragon quest games... the tales of")

7. She grew up in a household that favored Nintendo and Sony consoles, and her family never owned an Xbox. (Verbatim: "we're very much nintendo orientated... my family just wasn't interested in... microsoft they're like no don't care")

8. She enjoys fast-paced games and specifically loved *Sonic the Hedgehog* games for their speed. (Verbatim: "i heckin love going fast because i'm speed speed... sonic the hedgehog... those games i can love")

9. She has fond childhood memories of playing a demo for an old Spider-Man game, despite not owning the full version. (Verbatim: "we had this like demo and i enjoyed it i remember just it had like one level")

10. She is a support main in *League of Legends*, indicating her preferred role in team-based games. (Verbatim: "i really suck at 1v1s because i'm a support main so so yeah") [end of text]



1. She played a demo of a Spider-Man game that came free with a magazine during her childhood. (Verbatim: "it came free with like a magazine or something... we had this spider-man disc that i used to replay over and over again")

2. Her mother, referred to as "mama ellia," used to play video games like Spyro, Crash Bandicoot, and Crash Team Racing, which she watched as a child. (Verbatim: "mama ellia used to play a heckin ton of spyro and i used to watch... crash bandicoot as well i remember watching her play that")

3. She was too scared to play Rayman as a child, even though she watched others play it. (Verbatim: "i remember being like way too little to play rayman... being like no no no no no no no no no no")

4. She had a dream where trains were powered by cows that pulled them, and the trains would stop when the cows got distracted. (Verbatim: "i had a dream that that like trains were not powered by anything... the cows would pull the train")

5. Her younger brother mained Mr. Game & Watch in Super Smash Bros., which frustrated her because RNG-based moves like Judgment 9 would knock her out easily. (Verbatim: "it was my little brother's mane... hit me with that 9 and i'm deaded")

6. Her older brother’s main in Super Smash Bros. was Link. (Verbatim: "my older brother's main on smash was was link")

7. She originally mained Peach in Super Smash Bros. Melee, but later switched to Marth and Lucina. (Verbatim: "my main for um melee was peach but then later on i swapped to marth and lucina")

8. She struggled emotionally while playing competitive games like League of Legends, experiencing tilt and long losing streaks, which taught her the importance of taking breaks. (Verbatim: "playing league losing like 20 games and then just like lying in my bed like all sad... sometimes you need that break")

9. She considers her past competitive gaming experiences as a "training arc" for emotional control and learning how not to rage. (Verbatim: "that was my training arc... i learned how not to flame")

10. She is working on a game project with basic but wonderful mechanics and humorous graphics, though it makes her slightly dizzy. (Verbatim: "the mechanics of of the game are there but the graphics are hilarious... i get a little dizzy when i play it") [end of text]



1. She discovered she was anemic after participating in a medical experience day where they checked for anemia by looking at the color of the inside of the bottom eyelid. (Verbatim: "the way i first found out i was anemic was i was doing um what was it like an experience um they had these like experience days for people applying for medicine... if you pull down your bottom eyelid and look in the mirror um it's whether it's red or if it's white")

2. She has a history of falling asleep during exams in college, which she now attributes to her undiagnosed anemia. (Verbatim: "i didn't find out until like after i'd fallen asleep in a ton of exams in college but that's okay")

3. She lived on cheap 30p garlic bread as a student, indicating a past of budget-living during her student years. (Verbatim: "when i was a student i used to just live on these 30p garlic breads")

4. She has a dog, but hasn’t trained it to bring her drinks. (Verbatim: "i haven't taught my dog how to bring me a drink so so then i just fell asleep instead")

5. She finds it difficult to remember to drink fluids throughout the day, which has led to headaches. (Verbatim: "i believe because i didn't drink anything like for like most of the day like nothing not even cola didn't drink cola didn't have my tea")

6. She enjoys eating porridge with maple syrup for breakfast and finds maple syrup expensive in England compared to other syrups. (Verbatim: "i had my super adult breakfast of like oat whatever porridge thing maple syrup... maple syrup seems to i don't know what the difference is")

7. She used to work or volunteer with birds, specifically mentioning McCaws (a type of parrot), many of which were rescued and had behavioral or health issues. (Verbatim: "a few of them were rescued so a lot of them um would just scream like just scream it was scary")

8. One of the parrots she interacted with was featherless due to stress-induced over-pruning, and another had a smoker’s cough from being kept in a pub. (Verbatim: "one of them was basically naked um like had no feathers... one of them was rescued from like a pub and had a smoker's cough")

9. She was afraid of certain birds, particularly finding the McCaws scary despite them never hurting her. (Verbatim: "they were scary um yeah they were they were scary... no no they were like they're so they're so scary")

10. A white stork she encountered had a habit of pecking people’s butts if they turned their back, and she was technically “attacked” in a gentle way by it. (Verbatim: "the white stork had this thing where you couldn't turn around... if you did not face the stork and you turned around it would instantly peck the butt") [end of text]



1. She was a quiet, studious child who rarely spoke in class but knew the answers. (Verbatim: "ellie is really quiet in class but like when i ask questions to the students she knows the answer i know she knows the answer because she writes down the answer")

2. She struggled with speaking up and had to practice saying basic phrases in front of a mirror to avoid being missed during roll call. (Verbatim: "i remember every morning going to my mirror and practicing saying like good morning good morning hi hello here present like because i'd always get missed from the register")

3. She grew up in a very quiet household where making noise was discouraged and often led to being told off. (Verbatim: "i came from a very quiet household um where um i guess they didn't like any noise i get funny when like um what is it like even like cutlery making noise would be like too much noise")

4. She had difficulty using kitchen appliances growing up due to both lack of trust and faulty equipment, leading to accidental mishaps. (Verbatim: "i didn't i don't think they really trusted me in the kitchen to actually use anything in there um not on purpose i just broke some stuffs on accident")

5. She did not know how to project her voice properly until years later, as she was unaware of using the diaphragm for speaking. (Verbatim: "i didn't realize you had to use your diaphragm i didn't know how to project my voice until like years too late")

6. She associates herself with the mascot "Starlings," which represents loyalty, as opposed to "Stonanas," which she jokes would abandon her for a funnier meme. (Verbatim: "starlings are loyal to her oshi while stananas would abandon her as soon as they find a funnier meme")

7. She wants to create subtle, minimalistic "stealth merch" featuring her mascots rather than obvious anime-style merchandise. (Verbatim: "i like subtle stealth merch i want to get one with like the mascots of stananas and starlings on it yeah where it's like a cute subtle like minimalistic design")

8. She identifies as having been the "quiet nerd" in school, not the funny one, and never sought attention. (Verbatim: "i was the quiet the quiet nerd um i just yeah but the problem when you're like the quiet the quiet nerd kid is that if you do speak a word everyone makes such like you'll find everyone makes such a big deal out of it")

9. She occasionally unintentionally delivers sharp or savage comments that others perceive as roasting, though she doesn’t intend them that way. (Verbatim: "i'll say something and then they'll be like yo and i'll be like i i wasn't trying to be savage i was just trying to be i was just making a comment")

10. She lives alone with her dog and feels more comfortable making noise now that she is no longer in a restrictive environment. (Verbatim: "but then i'm like no wait i live i live with just my dog's not gonna tell me off like") [end of text]



1. She once caused a kitchen fire while cooking sausages and panicked by throwing the flaming pan into the sink. (Verbatim: "i caused the fire once and but that was um that was a uni and and i just yeeted the entire thing into the sink... i put the sausage in the pan and then everything went on fire")

2. She excelled in chemistry during her academic years, consistently achieving top marks for lab accuracy and precision. (Verbatim: "i was really really heckin good when it came to chemistry like i was top of my class... i always had the highest marks for that")

3. She had an accident in a chemistry lab where she accidentally poured acid onto her feet after leaving a tap open while sleep-deprived. (Verbatim: "the worst one was when i was trying to try titrate... i had accidentally left the tap open... and i was just pouring acid onto my feet")

4. She owns and still keeps her lab coat from her university science days. (Verbatim: "yeah i still have my lab coat my lab coats in my in my wardrobe yeah i don't know why they let me keep it")

5. She was accepted into a medical program at university but declined it because she lacked passion and was mainly pursuing it to meet parental expectations. (Verbatim: "i applied for medicine at uni and then i was like wait i don't... i'm only doing this because like my parents want me to i'm not that passionate about it")

6. She was offered a PhD in mathematics and engineering, but ultimately gave it up to pursue being a VTuber. (Verbatim: "in another timeline i guess i'd have been a professor where i didn't give up my phd to become a feature")

7. She does not like math, despite her academic background in science and AI-related technology. (Verbatim: "i don't like math i don't like math")

8. She considers herself clumsy in the kitchen but highly skilled in laboratory settings. (Verbatim: "it's like i can't do it i can... i've only had a few mistakes in the lab")

9. She is unable to purchase alcohol due to not having valid ID, despite wanting to host a wine and cheese night. (Verbatim: "i can't get any wine if i have no id... i'm actually not able to get the alcohols")

10. She has long legs, which makes buying trousers difficult, so she prefers wearing skirts or shorts. (Verbatim: "i've always been told i got longer legs... which is why i don't wear trousers nope i don't wear trousers i wear skirts") [end of text]



1. She has a small dog that steals her clothes, especially pants and socks. (Verbatim: "I have a little dog she's a pants thief yeah she's literally a thief also socks.")
2. As a child, she believed bathrooms were soundproof and would pretend to be in an art show while in the bathroom. (Verbatim: "I used to think bathrooms or like any room with like the door closed was like soundproof... I would pretend that I was on like an art show.")
3. She loved Pokémon: The First Movie as a child and carried the DVD everywhere in a tiny backpack. (Verbatim: "That's the little size we're talking about... the first movie in this tiny backpack with her like wherever she went.")
4. She cried frequently as a child while watching a specific emotional scene in Pokémon: The First Movie. (Verbatim: "I used to cry at that scene so much.")
5. She previously worked taking care of rhinos, which involved difficulty waking them up, especially in cold weather. (Verbatim: "The mornings where I had to spend like literally like an hour being like Mr. Rhino time to go outside...")
6. She finds it challenging to wake up animals, particularly rhinos, due to their laziness. (Verbatim: "Waking up a rhino is so tough they just they're so lazy they didn't want to get up.")
7. She has experience looking after various animals, including rhinos, and confirms they enjoy scritches like dogs and cats. (Verbatim: "I've um looked after rhinos and they are very very sweet... they get the same happy scritchy scritches.")
8. She enjoys eating chicken burgers and beans on toast. (Verbatim: "When I really really really want a chicken burger... Do I have bread? I want beans on toast.")
9. She had a habit of running around her flat chasing her dog to retrieve stolen items. (Verbatim: "I was fighting with her yesterday like running around literally running around my flat... drop it drop it you punk.")
10. She finds encountering animal poop, including frog carcasses and literal poop, to be gross but dealt with it during animal care. (Verbatim: "The grossest thing no two of the grossest things... was literal poop.") [end of text]



