1. She has a grandmother, referred to as "Nana Elia," whom she is close to and was worried about when she fell and went to the hospital. (Verbatim: "my nan, you know, Nana Elia, our beloved, and she went to the doctors today and she fell... I was very much a mess.")
2. Her grandmother is in her 90s and is described as having strong bones. (Verbatim: "she's like 90-something... she's very heckin' strong.")
3. She grew up in the UK and has fond childhood memories associated with British chocolates. (Verbatim: "This was what you'd get in your lunchbox as a kid, which is the Mini Rolls.")
4. She considers Freddo, Maltesers, Mini Rolls, Galaxy, Dairy Milk, and Twix to be classic British chocolates. (Verbatim: "Yo, Freddos. Freddos are a legend in England.")
5. She dislikes Bounty chocolate bars intensely. (Verbatim: "I hate this. I hate this so much. This is so much. I hate this so, so much.")
6. She refers to her grandmother as "nan," a common British term for grandmother. (Verbatim: "yeah, she must have strong bones. She's like 90-something. Yeah, she's very heckin' strong.")
7. She shops at Sainsbury's, a British supermarket chain. (Verbatim: "as you can tell, the store I went to was Sainsbury's because I showed you the Sainsbury's taste the difference.")
8. She is interested in Valentine’s-themed food items and finds novelty in heart-shaped or themed products. (Verbatim: "They're Valentine's themed bao buns with hearts on top of them.")
9. She is cautious about food hygiene and hesitant to consume items found in questionable conditions. (Verbatim: "It was basically, it was, it wasn't on the floor, but it was as close to the floor as you could get.")
10. She uses Japanese phrases such as "onagai shimasu" and "arigato," suggesting familiarity with the language or culture. (Verbatim: "Onagai shimasu, onagai." / "arigato, arigato.") [end of text]



1. She was a student in the past and experienced financial hardship, often being hungry. (Verbatim: "I was a student at the time, so I was also hungry.")
2. She once participated in a Godiva chocolate taste-testing event that initially seemed suspicious, as she was approached by a stranger on a dark winter night. (Verbatim: "I was walking along the streets. It was dark. It was winter. It was cold and raining... And then I come across as a person. Hello. Hi, stranger. Do you want some chocolate?")
3. She has never had cavities or needed braces, and she considers her dental health to be very fortunate. (Verbatim: "I've never had any like issues, cavities. I've never had to need like any sort of braces or anything like that.")
4. She has sensitive teeth and uses sensitive toothpaste. (Verbatim: "The only thing I do have is sensitive teeth. So I have to have like the sensitive like, you know, toothpaste and stuff.")
5. As a child, she was extremely obsessed with sugar and would eat it directly from the box, including icing sugar and golden syrup. (Verbatim: "As a kid, I used to eat just sugar from the box... I used to grab the icing sugar, a spoon, and a little glass of water. Yeah, and then I used to just drink the golden syrup.")
6. She would climb the fridge like "a heckin' spider" to reach hidden sugar as a child. (Verbatim: "I used to climb the fridge to try and get to it, like a heckin' spider, like Spider-Man, just climb up to get on top of the fridge to get the sugar that they were hiding from me.")
7. She skipped taking the bus to school in order to save money to buy chocolate. (Verbatim: "I used to skip getting the bus and walk to school so I could save on the bus money so that I could buy chocolate.")
8. She has a nostalgic connection to cheap chocolate from advent calendars and recognizes its distinct waxy taste. (Verbatim: "This tastes exactly like calendar chocolate... The wax taste is from the wax molding?")
9. She associates pink-colored items with Valentine's Day, even if not explicitly themed. (Verbatim: "But anything pink apparently is Valentine's themed, so that will do.")
10. She grew up eating Tesco Value brand chocolate and initially believed it was the best chocolate, only later realizing it was cheap. (Verbatim: "My nan would always buy me the, like, Tesco Value brand chocolate. And I always thought it was, like, the best thing in the entire universe... to find out that it's actually just the cheap chocolate I was tasting.") [end of text]



1. She had no friends during a certain period of her life. (Verbatim: "I didn't have friends at that time.")
2. She walked a couple of miles to school, sometimes taking the bus for part of the journey. (Verbatim: "Did I have to walk far for school? It's quite far, yeah. Sometimes I walked and still got the bus part of the way. It was a couple of miles, I would say.")
3. She was underweight as a child but was mocked for being overweight, which confused and shocked her. (Verbatim: "I was a very underweight kid. A lot of people made fun of me for being overweight.")
4. She experienced bullying in school for being different, including being called names like "stick" due to her thin frame. (Verbatim: "I used to get called a stick or something.")
5. She was once insulted by a smaller child at a store who called her a "fat pig," which stood out because it contradicted how she was usually perceived. (Verbatim: "And this small, tiny little child... looked at me... and I was like, pig. Fat pig.")
6. She reflects that people will mock others regardless of appearance or differences, citing examples like weight, hair color, ethnicity, and being quiet. (Verbatim: "people make fun of you no matter what... too much weight they're gonna make fun of you, too little weight they're gonna make fun of you...")
7. She is glad she did not accept a scholarship to attend a private school, as students there were bullied for being poor. (Verbatim: "I am glad I didn't take the scholarship though and go to private school because apparently the kids that did really did get made fun of for being poor.")
8. She has a nostalgic connection to cheap chocolate, associating it with her childhood despite its poor quality. (Verbatim: "it tastes like my childhood.")
9. She dislikes raspberry ripple ice cream and used to eat around the ripples, leaving only the ripple parts behind. (Verbatim: "i don't like raspberry ripple... i used to eat raspberry ripple by eating around the ripples and just leaving the ripples in the tub.")
10. She used to eat only one flavor at a time from Neapolitan ice cream, rejecting the idea of mixing them. (Verbatim: "i was the kid that just ate one flavor and ruined it... it was just three ice creams in one but you know what i just felt like one.") [end of text]



1. She was the middle child and felt like the "forgotten child" who was not the favorite. (Verbatim: "as you guys know based on my behavior i was the middle child the forgotten child the definitely not favorite child so they never took my side")

2. She had two brothers and often clashed with them, especially over food. (Verbatim: "my brother would go up to my mother and be like ew elliot just ate the vanilla part of the raspberry ripple and i'd be like you absolute snitch")

3. As a child, she was well-behaved in terms of manners and being quiet, but sneaky about food. (Verbatim: "i was as good a child as could be in terms of like manners um being quiet etc but when it came to food i was a sneak i was a big sneak when it came to food")

4. She once ate an entire batch of cupcakes by climbing onto the kitchen counter to reach them. (Verbatim: "i climbed the counters and grabbed it... and another and another and until they were all gone")

5. She did not understand the concept of being "grounded" as a punishment because she preferred staying home. (Verbatim: "you're grounded and i'd be like what the heck is this grounded thing... i think it's a reward")

6. Her parents told her she wasn’t allowed to go outside because she might get kidnapped, unlike her brothers. (Verbatim: "they would be like oh any you can't go out you'll get kidnapped")

7. Her parents jokingly claimed her brothers were allowed outside because they were ugly and thus not worth kidnapping. (Verbatim: "that's because your brothers are ugly so no one would want to kidnap them")

8. She was bullied as a child for being ugly, contradicting her parents' joke about her looks. (Verbatim: "if i was i wouldn't have got bullied for being ugly")

9. She has a nostalgic connection to Freddo chocolate bars and remembers them being available for a long time. (Verbatim: "this is a freddo freddo is i assume the name of the frog... i'm surprised is still available")

10. She expresses confusion about historical currency like shillings, indicating limited knowledge of pre-decimal British money. (Verbatim: "i don't even know what shilling was") [end of text]



NO RELEVANT INFORMATION [end of text]



1. She dislikes the texture of coconut, specifically in Bounty bars, describing it as "very bitty." (Verbatim: "it's the coconut i just don't like the coconut like it's very bitty like very very bitty i really don't like the bits")

2. She likes the smell of coconut and uses coconut oil and coconut milk in cooking, despite disliking the texture in candy. (Verbatim: "i like the smell of coconut i like i like cooking with coconut oil i like cooking with coconut milk")

3. She has a self-deprecating view of her appearance, stating she thinks her nails are "an absolute mess" despite others complimenting them. (Verbatim: "i really don't think they're pretty i think they're an absolute mess")

4. She does not like the taste of Bounty chocolate bars, calling them "disgusting" and expressing shock that the royal family might use them. (Verbatim: "disgusting taste sorry sorry for any bounty lovers up there")

5. She respects people who like Bounty bars, acknowledging their role in preventing food waste when others avoid them. (Verbatim: "i always have big respect for the bounty eaters because i'm like thank you for eating that i don't like and it doesn't go to waste")

6. She is working on improving her Pikachu voice impression, indicating it as an ongoing skill development. (Verbatim: "I need to work on my pikachu voice I really want to be able to do like a really good like Pikachu kind of like voice but it's not there just yet")

7. She associates herself with geese, referencing a "realm of goose" and being called a "chocolate goose," suggesting a thematic or mascot element in her persona. (Verbatim: "a testament to her noble endeavors in the realm of goose")

8. She expresses discomfort with her voice, mentioning others compliment it but implying she doesn't share the same opinion. (Verbatim: "you say your voice isn't nice but i think it's amazing")

9. She has received Valentine’s Day gifts or cards from fans, including one featuring her in both human and goose form, indicating character lore. (Verbatim: "thanks for including both her forms in like her goose form as well")

10. She jokes about receiving royal recognition, framing her streams as "granted royal certification," which may reflect a recurring theme or fictional backstory. (Verbatim: "elias salarius streams are hereby granted royal certification a testament to her noble endeavors in the realm of goose") [end of text]



1. She planned a Wikipedia reading stream and enjoyed reading about the history of Freddo. (Verbatim: "I genuinely enjoyed ravelling in the history of Freddo's")
2. She intends to host another Wikipedia reading stream next week where viewers can suggest non-controversial or fun topics, including SCP or cursed articles. (Verbatim: "I will do a post in members for which Wikipedia articles you would like me to read next week")
3. Her typical stream length is between three to five hours, making the current stream unusually short. (Verbatim: "my usual stream length is about three hours four hours sometimes five hours so less than two hours is genuinely like incredibly short for me")
4. She dislikes saying "bye-bye" and prefers "see you later" instead. (Verbatim: "it's not a bye-bye no no no um it is a see you later if that's okay because I don't like bye-byes")
5. She has a habit of eating vegetables before streaming, and recently ate broccoli, cauliflower, carrot, and corn. (Verbatim: "I had broccoli I had cauliflower And I had carrot And I had corn Right before this stream")
6. She found a mysterious chocolate lollipop she refers to as "floor chocolate" that she suspects made her sick, though it was not sold in the store. (Verbatim: "It was this chocolate lollipop that I found basically next to the floor... I have no idea where that lollipop came from")
7. She suspects her illness may have been caused by discount macaroons, old Haribos, or the mysterious floor chocolate. (Verbatim: "I'm guessing it was either my discount macaroons Or the floor chocolate One of them betrayed me")
8. She plans to do a speed dating with ghosts stream the next morning. (Verbatim: "I'll be back tomorrow morning where we're gonna be doing some speed dating of ghosts")
9. She will return the next evening to play the KFC dating simulator. (Verbatim: "I'll also be back the same time tomorrow in the evening where we'll be playing the KFC dating simulator")
10. She refers to her stomach as "stomach-chan" in a playful, personified way. (Verbatim: "pray for, pray for stomach-chan") [end of text]



