1. She has a habit of forgetting to preheat plates before serving food, a practice she learned from living at her parents' home. (Verbatim: "I completely forgot that like I had to do this cause like I'm used to not doing this anymore.")
2. She believes British bread is considered "sad" by Europeans due to its texture and lack of flavor. (Verbatim: "I've been told that our bread quality is, it's havis, you know, but it's been, I don't know what's considered sad bread...")
3. She prefers factory-made bread over bakery bread because it's already sliced and more convenient. (Verbatim: "I go to, we get, usually our bread will be the factory made stuff.")
4. She enjoys eating toast with butter and caramel shortbread for breakfast. (Verbatim: "I had, I had, I had, I had toast with butter. Yay. Toast and butter. And a caramel shortbread.")
5. She finds it difficult to drink hot tea because it burns her tongue. (Verbatim: "But it's too hot. I'm like, yeah, it's just too hot. I just can't drink it.")
6. She once used the word "prick" in a way she later realized could be interpreted as a vulgar term for "small pee-pee." (Verbatim: "I didn't realize it could be used for small pee-pee.")
7. She is self-aware that she may have used inappropriate or misunderstood words without realizing it. (Verbatim: "I'm worried there's more things I've said, and it's been bad, and, and, and...")
8. She has a tendency to use formal or scientific vocabulary, though she keeps it mostly hidden. (Verbatim: "My vocabulary is words used in scientific journals...")
9. She recalls accidentally burning her tongue on food frequently during childhood. (Verbatim: "I remember I used to do that at home a lot, I accidentally burned my tongue...")
10. She associates tea with being a common cause of tongue burns. (Verbatim: "I'd say, I didn't have to worry. Do you know what I thought about?... tea is the biggest culprit.") [end of text]



1. She has mixed-race heritage and has experienced being questioned about her origins in rural England. (Verbatim: "some places in england particularly in like countryside like areas it's like what's the word everybody is english so they ain't seen any like mixed race people half asians ever")
2. She finds visiting rural pubs stressful due to social discomfort and frequent questions about her background. (Verbatim: "rural pubs i get stressed going in okay like some places in england particularly in like countryside like areas")
3. She enjoys pub food, particularly bangers and mash and "cavalry" (likely referring to a pub dish like steak and kidney pie). (Verbatim: "i do love pub food to be fair like give me them bangers and mash heck yeah give me the cavalry heck yeah")
4. She distinguishes between regular pubs and gastropubs, preferring the latter for better food and service. (Verbatim: "there's like two different types of pubs okay one is like the one where people drink and the other one is where people eat like a gastropub")
5. She has a preference for soft drinks like cola over alcoholic beverages, especially when not driving. (Verbatim: "i just want to drink the cola but if you if you dare order a soft drink it's like oh are you you designated driver")
6. She has a difficult relationship with pub culture, finding it socially pressurized and unnecessary for socializing. (Verbatim: "if you want to socialize you must go and drink at the pub and i'm like we have a perfectly good house why don't we just chill at the house")
7. She once ordered iced tea in a pub in Ireland and was given a pint of ice cubes and a tea bag. (Verbatim: "i once ordered iced tea in a pub in ireland no joke they gave me a pint of ice cubes and a tea bag")
8. She is interested in learning Morse code and has considered doing a stream on the topic. (Verbatim: "i want to learn morse code so i'm going to write it down learn morse code there we go yay")
9. She is fascinated by historical brain experiments, particularly one involving a cat's visual development. (Verbatim: "they got a cat and they put it in like this like surrounded it with walls and this one's on the nicer side by the way")
10. She has a strong interest in neuroscience and brain function, citing knowledge about post-beheading consciousness. (Verbatim: "when it came to like the guillotine people stayed alive for about seven seconds um yeah it was about seven seconds um they'd still be conscious with their head") [end of text]



1. She enjoys discussing topics like modern beyond visual range air-to-air combat. (Verbatim: "yes i would heckin love to i know nothing about air to air combat like the closest i've seen about air to air combat is watching like some tv show about like um someone doing some kind of like pilot training")
2. She has a habit of overthinking, particularly after singing lessons. (Verbatim: "i've been a bit doubting myself recently so yeah i've just been like overthinking today like after a singing lesson")
3. She values self-improvement and strives to keep pushing herself. (Verbatim: "and i'll keep trying to do more and more and more and more and keep pushing myself")
4. She appreciates being reminded to take care of herself. (Verbatim: "thanks for the reminder that's not a text it's not a real text yo and the nerdy pig arigato arigato")
5. She has a strong emotional connection with her chat community, referring to them as "our season talent talents tangents." (Verbatim: "we're really great today i'm always amazed how you can be endlessly entertaining talking about anything it's a real talent")
6. She is passionate about singing and performs cover songs. (Verbatim: "remember we already adore your cover songs if you ever feel scared about the reception of the karaoke collab don't ever forget this i'm gonna be so shaky")
7. She has a playful, imaginative personality, referencing "shower spider-man" as a self-identifier. (Verbatim: "i'm shower spider-man i'm shower spider-man i fit i'm i'm the chosen one")
8. She is sensitive to the potential fatigue of her viewers when donor messages are read aloud. (Verbatim: "my worry would be if you guys would get fed up and i obviously i do notice like um like because i have the graphs i have the data and things do things do go down when i do read the donors")
9. She reads donor messages during streams but has adjusted the timing to minimize disruption. (Verbatim: "so i've been moving them more to the end for that reason pretty much")
10. She has a deep appreciation for her supporters and acknowledges their contributions with gratitude. (Verbatim: "i do appreciate the support like so so much and you know like i i am i want to try and please everybody but it's really hard to do that") [end of text]



1. She values emotional connection with her donors and prioritizes those who donate smaller amounts, even if they can't afford much. (Verbatim: "i want to make sure they still they still have that because i know what it's like to not have like even like a pound to spare")
2. She has experienced prolonged financial hardship, with her bank account being permanently negative for a long time. (Verbatim: "i remember my bank account being permanently negative for a very long time")
3. She is committed to reading donor messages during streams, even when it extends stream length significantly. (Verbatim: "i do try my best to make it interesting the problem is when i try and make every donor interesting that's how we end up with like five hour streams")
4. She finds it difficult to balance stream length, donor recognition, and maintaining entertainment quality. (Verbatim: "there's no correct answer but yeah i'm doing my best okay")
5. She is sensitive to the emotional weight of donations and does not want to make anyone feel pressured or excluded. (Verbatim: "i don't want to cut off the one donors because it's for those that can't afford donor like bigger donors")
6. She appreciates supporters who donate not out of obligation but from genuine desire to support her. (Verbatim: "don't donate to simply child of elliott do it because you want to support her")
7. She is deeply grateful for viewer support and often expresses emotional appreciation. (Verbatim: "i truly truly truly appreciate it you punk oh gosh super super honored day")
8. She enjoys playing Tetrio in Zen mode, describing it as a calm and relaxing experience. (Verbatim: "i'll be playing some tetrio zen mode um it's gonna be so zen so chilled so relaxed no screams just chilled relaxed morning together")
9. She has a strong emotional attachment to her viewers, often saying she could spend all day with them. (Verbatim: "i could spend all day with you guys i really really really really good")
10. She dislikes saying goodbye and avoids using "bye-bye" as a sign-off. (Verbatim: "we don't like bye-byes we don't like bye-byes no no no no no no no no no no no no no no no no") [end of text]



1. She has a strong dislike for slugs and finds them disgusting. (Verbatim: "I don't like slugs can't pick up slugs like you can't pick up slugs")
2. She prefers snails over slugs because snails have shells that can be picked up. (Verbatim: "I prefer snails snails have the carriage like yeah yeah i mean to be fair")
3. She worked at a zoo during her past. (Verbatim: "this was like when i worked at the zoo so when i worked at the zoo we had this little like um was it in the bird enclosure")
4. She experienced a significant slug infestation at the zoo. (Verbatim: "there was like there was like a big slug infestation and there was just i've never seen so many slugs like together")
5. She had a negative experience with flying ants during childhood. (Verbatim: "it was like the one time i was like it was like summer holiday or something like that")
6. She dislikes the Bee Movie and finds it confusing and poorly made. (Verbatim: "i remember putting it on being like i'm gonna actually watch this i'm gonna watch this i'm gonna watch this and i was like straight off the bat i was like what everything is wrong")
7. She finds wasps aggressive and dislikes them intensely. (Verbatim: "they're so angry so heckin angry like like they just and the problem is i they really like going towards like um things like cola")
8. She has never encountered a wasp nest in real life. (Verbatim: "i've never encountered a wasp nest before actually like wait what's the wasp wasp nest look like do i do i need to be wary of these wasp nest")
9. She has never seen a real beehive, only artificial ones. (Verbatim: "i've never seen like a beehive either so but i've only seen like artificial beehives but okay")
10. She has a fear of bugs, particularly slugs and flying ants, from her childhood. (Verbatim: "my parents place there were so many bugs i really should have got used to bugs at some point like oh my gosh") [end of text]



1. She has a dream about setting up a hand cam for a stream. (Verbatim: "I had another streaming dream guys i had another streaming dream oh gosh i had a dream i set up um i was setting up um a hand cam on my desk um")
2. She enjoys making Pikachu cookies from Japan. (Verbatim: "if i did a cooking stream i'd want to cook some pikachu cookies i got from japan yeah i got like a cookie i'm making set")
3. She likes Yorkshire Tea with milk and one sugar. (Verbatim: "what tea is it it's yorkshire tea um and it is um milk with some milk and one sugar")
4. She has a strong interest in researching products before purchasing them. (Verbatim: "i like to research like even when i buy anything for myself i'll just spend like an hour or so just researching")
5. She once bought oven gloves after a long research period and chose them based on cuteness. (Verbatim: "i finally finally finally just bought some like yeah because like the oven gloves i had before were kind of broken and would kind of burn me a bit so yeah i now have new ones um and i just picked them because they were cute")
6. She has a collection of sellotape, storing it in her kitchen cupboards. (Verbatim: "i still have a ton of sellotape i have like 17 like now how many rolls did i buy i kind of i kind of so like i've got like the um what you call it my shelves no my cupboards my cupboards in my kitchen and then above it is where i've just put all my sellotape")
7. She finds it difficult to bite through tough materials like sellotape with her mouth. (Verbatim: "i can't do that i struggle like yeah i don't know how people do the sellotape thing it's just like and then wet like don't it just taste bad like yeah")
8. She is interested in watching the Studio Ghibli film "The Boy and the Heron". (Verbatim: "i want to watch that new um what's it what's it called um by studio is it studio ghibli or ghibli whatever the heck you want to call it um that one with the heron like i saw a trailer for it and yeah it looks interesting")
9. She has a fascination with herons, having seen them in her local area. (Verbatim: "we have herons here um like a heron a bird a bird um we have these we have these we have these these birds yeah yeah we have herons we have herons here")
10. She is considering doing a hand-cam chess stream with a physical chess setup. (Verbatim: "we could bring back chess streams but like without the computer we could be like this oh my goodness look this could be me") [end of text]



1. She has difficulty with knitting despite being able to sew. (Verbatim: "i can't knit like yeah this looks so cool yo i would like this give me why you no give me when is it out")
2. She enjoys cross-stitching and has experience with it. (Verbatim: "mama elia really liked cross stitch so i've tried cross stitch")
3. She knows how to sew clothes and fix minor clothing issues like buttons and holes. (Verbatim: "i know how to like sew up clothes and stuff because like you know if you get holes or if clothes don't fit you kind of it's a good skill")
4. She frequently experiences headaches and uses ibuprofen for relief. (Verbatim: "i woke up with a headache um again i think i said i wrote my members message last night that like my um my head was hurdy")
5. She finds ibuprofen more palatable when it's coated in sugar. (Verbatim: "i don't mind the ibuprofen because they've wrapped it up in sugar so it kind of tastes like a sweet")
6. She has trouble remembering to call the dentist due to their early closing time. (Verbatim: "i forgot to call the dentist yesterday actually to be honest who knew the dentist closed so early")
7. She has dry eyes, especially when napping in the light. (Verbatim: "okay yes i have my excuse pile right over there but i can't use jungle diff or um i can lag i have to come up with new excuses")
8. She wakes up with red eyes after napping with the light on. (Verbatim: "you end up with like the reddest looking eyes and you're like uh oh uh oh i'm like i have to like go like um the devil's like this look i'm just high on naps okay")
9. She wears sunglasses to hide red eyes from napping, but finds them hard to find in her size. (Verbatim: "for sunglasses i actually need like adult size because of my giant head")
10. She notices differences in eyewear availability between Western countries and Asia. (Verbatim: "the difference between like asialand and western is like the glasses available so for like sunglasses um here they focus like even with like regular sunglasses they focus") [end of text]



1. She recently recovered from a cold or flu that caused fever and nasal symptoms. (Verbatim: "I've been ill recently... it was mostly just the feverish and yeah like I don't I don't I'd feel so bad")
2. She is concerned about spreading illness and avoids close contact when unwell. (Verbatim: "I don't want anyone to catch the cold or flu that I've had")
3. She has a fondness for toast, which she ate during a stream. (Verbatim: "I spent 20 minutes eating toast")
4. She is not a fan of football (soccer), despite being British. (Verbatim: "I don't like football or playing football I'm not a fan of football I know I'm British but you know")
5. She has a fear of horror content, particularly involving the Weeping Angels from Doctor Who. (Verbatim: "they were really scary yeah yeah yeah")
6. She enjoys watching and discussing Doctor Who, particularly episodes featuring the 10th Doctor. (Verbatim: "this is from dr who uh yeah it's an episode from dr who where like this was like um if you blinked every time you blinked they'd get closer")
7. She has experience babysitting children, including one who sleepwalked and sleep-talked. (Verbatim: "I used to babysit this kid and and like and like um the kid i used to babysit had this issue of sleepwalking and sleep talking")
8. She finds the concept of "love bites" interesting and discusses their origin. (Verbatim: "is a love bite an actual bite wait is it")
9. She has a preference for voice acting and enjoys practicing it. (Verbatim: "yeah yeah voice acting is fun um never cross a saucy line um yeah you can have say so roleplay")
10. She is interested in creating a drink animation for her VTuber persona. (Verbatim: "hopefully I can have a drink animation one day so that like when I do drink y'all don't like have to see") [end of text]



1. She is British. (Verbatim: "I know I'm British but you know and I can't drive very well as much as I like to pretend I can")
2. She has difficulty driving. (Verbatim: "I can't drive very well as much as I like to pretend I can")
3. She enjoys racing games like Mario Kart. (Verbatim: "I can do racing but like not not not like battle not battle car kind of things you know but I can do like Mario Kart")
4. She dislikes Rocket League. (Verbatim: "but but but Rocket League's not Mario Kart yeah so but if it's like this kind of nope")
5. She finds football (soccer) fandom in the UK to be extremely toxic. (Verbatim: "football in the UK is extremely toxic their football fans are hacking absolutely insane")
6. She is embarrassed by the behavior of some UK football fans abroad. (Verbatim: "it's it's embarrassing they're they're they're just they're very loud very rude they're very passionate i guess obviously they're not representative of all of them")
7. She has experienced emotional reactions to fictional sports stories, such as crying during a loss in Haikyuu. (Verbatim: "I was watching Haikyuu and there was like a game that was lost okay sorry I don't know if that's a spoiler because they obviously they're gonna lose at least one game right and I was watching IQ at home at my parents and and I cried")
8. She lived with her parents during her childhood and early adulthood. (Verbatim: "when I was at home like living with my parents I don't live with my parents now but yeah because like oh gosh if Mama Elliot walked in now I'd be very confused")
9. She has difficulty remembering facial features of her family members. (Verbatim: "i can't remember there's no image in my head for mama or papa elia or ellie bro or nana elia or anything")
10. She can recall individual features of her family members but cannot form a complete mental image. (Verbatim: "i can remember like features i can remember like maybe eyes or if they've got a distinct nose or i don't know particularly like like ears and stuff but yeah like you can piece together all the little bits together") [end of text]



1. She identifies as anxious and struggles with overthinking and fear of upsetting others. (Verbatim: "I'm an anxious um anxious nugget um so yeah like i need to just be brave and not worry that like yeah just know that you know i don't have favorites okay")
2. She has a tendency to write replies to fans but often doesn’t send them due to anxiety. (Verbatim: "the amount of times i've actually written replies to you guys and not sent it it's really sad how many times i've done that")
3. She has a temporary model face that she used previously, which features purple eyes and white hair. (Verbatim: "it wasn't too much of a jump luckily like i still got them purple eyes um and white hair")
4. She is known to have a losing streak in games and feels pressure to overcome it. (Verbatim: "face and a losing streak oh no a losing streak but it's okay so menacing")
5. She enjoys playing games like Tears of the Kingdom and Ori, though she finds them challenging. (Verbatim: "this one's from tears of the kingdom i remember this i have i have such good memories of this this thing this thing scares me")
6. She has a strong emotional connection to her fanbase, especially those who support her with ketchup packets and water bottles. (Verbatim: "how can you manage to survive out of ketchup packets and water bottles for sustenance to support your oshi elia salaria for a month")
7. She is familiar with and appreciates fan-made content, including memes and alternate versions of her character. (Verbatim: "there's a stenona one and then there's a stenona version guys we got the whole selection we can now summon exodia")
8. She has a preference for the drink Iron Brew, which she finds unique and worth trying despite its unusual flavor. (Verbatim: "iron brew is definitely a unique flavor so it's definitely worth trying")
9. She is aware of the drink Iron Brew’s association with Scotland and its secret recipe. (Verbatim: "it's a scottish drink yeah what flavor is it supposed to be like")
10. She mentions that Iron Brew contains banana extract as a primary flavoring, though she personally dislikes bananas. (Verbatim: "the main flavoring in iron brew is banana extract um it contains like 32 flavors but but yeah it's got a secret recipe") [end of text]



1. She has a big white fluffy dog that she owns and cares for. (Verbatim: "so I have this dog, this big white fluffy dog")
2. She was bullied from birth, with family members physically and emotionally mistreating her as an infant. (Verbatim: "literally born and I had like there's like videos of my older brother again slapping me with my parents shouting after being like don't slap the baby followed by like my auntie's trying to make me cry because apparently I'm too boring a baby for not crying")
3. She identifies as a middle child and feels this identity was established even before her third sibling was born. (Verbatim: "I was pretty quiet and was just like left to chill yeah I was vibing I was just chilling like probably because they didn't need to do anything i was just just like there chill baby")
4. She was born on a day with extremely bad weather, which she finds oddly significant. (Verbatim: "the weather was absolutely heckin awful on the day I was born I was like thanks what do I do with this information")
5. She is not naturally cool and believes she was born the opposite of cool. (Verbatim: "I was born the complete opposite okay I cannot agree with this meme")
6. She is low maintenance as a baby and was often left to "chill" due to her quiet nature. (Verbatim: "I was just like there chill baby like yeah I'd be chilling yeah yeah low maintenance low maintenance baby still low maintenance I think")
7. She has a strong emotional connection to cola, stating it's the only source of energy she relies on. (Verbatim: "only cola it's how I function")
8. She finds iced tea difficult to find in the UK, especially compared to other European countries. (Verbatim: "here we just don't have like it's really hard to find iced tea and usually the iced tea costs more than the coca-cola")
9. She once consumed a bottle of iced coffee that had spoiled after being left unrefrigerated for most of the day. (Verbatim: "I opened it drag a bit was like not great and then yeah like yeah regret")
10. She has a habit of forgetting where she put things she just ate or drank, like her Kinder Bueno or cola. (Verbatim: "I'm like wait where the heck is it and you're like I'm an idiot I drank it I ate it like it's what I always do at kinder buenos") [end of text]



1. She enjoys burgers as a simple pleasure. (Verbatim: "i just want burger that's just food anime video game me happy like")
2. She identifies as low maintenance despite internal contradictions. (Verbatim: "i'd like to think i'm low maintenance but i don't even know like just i just i just want burger")
3. She has social anxiety beneath a calm exterior. (Verbatim: "underneath the chill there's a layer of like thoughts of yeah anxiety yeah")
4. She finds it difficult to stop talking when passionate about topics. (Verbatim: "i can't shut up that's my problem i'm sorry")
5. She values being allowed to speak freely during passionate discussions. (Verbatim: "i appreciate it like this is really nice like yeah yeah yeah or oh my goodness like oh what is it like you know when you get passionate about something")
6. She has a strong emotional attachment to a bucket in the game *The Stanley Parable: In a Nutshell*. (Verbatim: "in the game there's a bucket my emotional support bucket i love my emotional support bucket")
7. She prefers metal buckets over plastic ones, especially with wooden handles. (Verbatim: "i want a proper proper proper bucket okay it needs to be metal yeah because like the plastic buckets will just remind me of like working at the zoo")
8. She enjoys playing with boxes and keeps them even after use. (Verbatim: "i used to get like um whenever we used to get big boxes at home i would keep it and then play with my cat with the with the boxes")
9. She has a pet dog that carries items for her, including parcels and toys. (Verbatim: "if i have like a parcel okay if i have like a parcel i can actually give it to my dog and she'll carry it in her mouth and carry it all the way to the to like the um to to my flat door")
10. She finds emotional comfort in physical objects like buckets and boxes. (Verbatim: "i could put myself in it like a box it's like i do really like boxes to be fair i have everyone else here likes boxes") [end of text]



