1. She has a dog named Lila. (Verbatim: "oh lila's my dog by the way")
2. She used to play Super Smash Bros. Melee and Brawl with a GameCube controller. (Verbatim: "i grew up with playing it completely on gamecube controller so i i played from melee onwards")
3. She finds changing control schemes difficult, especially when switching from GameCube to other controllers. (Verbatim: "changing controls is difficult")
4. She has a younger brother who bit the analog stick of a GameCube controller. (Verbatim: "my little brother the younger the younger stella bro would you know which controller was was his because because he he he like ate part of it")
5. She worked multiple retail jobs simultaneously while studying. (Verbatim: "at that so when i was working this place i was actually working three jobs at the time")
6. She has experience returning damaged electronics due to customer misuse, particularly headsets broken by children. (Verbatim: "the amount of times this happened okay this it'd be okay picture this you have a mother you have a mother and you have their son okay")
7. She dislikes returning damaged items that were clearly destroyed by deliberate actions. (Verbatim: "you yeeted it you punk like it did not just fall apart in this kid's hand okay this kid was 100 playing fortnite and yeeted it as far as they could at the nearest wall")
8. She once participated in a Smash tournament without bringing her controller and was unable to play properly. (Verbatim: "i forgot to bring my controller um i was saying controller dip on that one that was controller dip right yeah i kind of forgot um a really important part")
9. She prefers playing as Peach in Smash Bros. because of her floaty movement. (Verbatim: "i think i can play safer as peach because she has her floaty float")
10. She used to play as Marth and Lucina in Smash Bros. but felt less confident without her GameCube controller. (Verbatim: "i should have played marthusina but yeah i'm used to playing with a gamecube controller") [end of text]



1. She has experience fighting against Pikachu in Super Smash Bros. Ultimate. (Verbatim: "i have experience fighting pikachus pikachu yeah all the pikachus yes yes yes so i am confident pluto")
2. Her little brother had two main characters in Super Smash Bros. Ultimate: Game Watch and Pikachu. (Verbatim: "my little brother had two mains one was game of watch when just felt like messing around because rng lol elia get wrecked nine wah boom and then the other one was the more serious pikachu")
3. She has experience losing to Link in Super Smash Bros. Ultimate. (Verbatim: "i have experience losing to link a lot um yeah yeah yeah but but yeah i did but then for them back then i mostly played peach")
4. She played Princess Peach as her main character in Super Smash Bros. Ultimate. (Verbatim: "back then i mostly played peach so that's why i'm not a link that's why i'm not a link main")
5. She is interested in playing Toon Link in Super Smash Bros. Ultimate, though she admits she is not very good at it. (Verbatim: "i do like playing to link is fun i'm not very good um but yeah the down a spam")
6. She uses a GameCube controller for playing Super Smash Bros. Ultimate. (Verbatim: "yo wait you also use gamecube controller hey wait you also you also gamecube gamecube player")
7. She is working on her official VTuber debut, which involves character art and rigging. (Verbatim: "most my projects are related to my to my proper proper proper proper debut")
8. Her official character model is currently undergoing review and will move to the rigging stage. (Verbatim: "the art file is currently getting reviewed um and then i'll get an estimate um the art's done we're on to the rigging stage")
9. Two people are working on rigging her VTuber model. (Verbatim: "technically there will be two people working on the rig so yeah we'll see we'll see")
10. She is aiming for her debut to be spectacular and "sugoi" (awesome). (Verbatim: "i want to make it the bestest the bestest but i don't know how to yeah i'm just trying to think of it like as much as i can to make it spectacular yeah") [end of text]



1. She worked three jobs simultaneously while attending university. (Verbatim: "when i was working this place i was actually working three jobs at the time")
2. She previously worked in retail, including customer-facing roles. (Verbatim: "i was working there and this person was like this old man and was eating like this pasty")
3. She experienced verbal and physical harassment from a customer, including being spat on. (Verbatim: "was just like spitting at me so i just walked away and was like no i don't get paid to get spat on now goodbye")
4. She preferred working in the stock room over customer-facing roles due to discomfort with angry customers. (Verbatim: "you don't have to work customer facing today you can go in the stock room and i was like you're right you're right stop putting me in the front")
5. She refused to wear skirts for work because she wanted to climb ladders and perform physically demanding tasks. (Verbatim: "i didn't want to wear a skirt to this job because i wanted to be in the stock room to climb the ladders and stuff")
6. She would scale walls instead of using ladders for efficiency, despite safety risks. (Verbatim: "i used to just scale the walls like a like spider-man um i was quite small in life so it'd be easy peasy")
7. She was frequently assigned to handle angry customers due to her calm demeanor. (Verbatim: "they'd be like oof that customer's looking real angry send in elia no but please don't")
8. She worked in a call center, which she described as emotionally taxing and soul-crushing. (Verbatim: "the call center one hurt my soul um yeah that one i only ever had short shifts with that one but it'd be after the retail one")
9. She transitioned from first-line to second-line support, then into a developer role at two different companies. (Verbatim: "i worked at this company where i worked as first and second line support and then i went into the developer role at the same place")
10. She chose to abandon her academic career to become a VTuber. (Verbatim: "yes let's put my academic career in the bin and become a vtuber") [end of text]



1. She worked in technical support roles, progressing from first-line to second-line support. (Verbatim: "I went from first line to second line and basically first line is where you have direct communication with the customer...")
2. She found it frustrating when customers tried to engage in personal conversation during support calls. (Verbatim: "I'd have people calling up with like no issue and I'd have to just avoid the phone call because for some reason they'd want to chat...")
3. She was frequently requested by customers despite no longer being in first-line support, leading to interruptions. (Verbatim: "There were people calling and they'd specifically be like yes I'd like to speak to ellia...")
4. She trained extensively in Super Smash Bros., particularly against high-level CPU opponents. (Verbatim: "I've trained on a fair number of level nine cpus in my time...")
5. She played as Peach in Super Smash Bros. and is knowledgeable about her mechanics. (Verbatim: "I have played peach I was a peach main being a peach main means I know how peach works...")
6. She and her brothers developed a training regimen to beat multiple top-level Ganondorf characters. (Verbatim: "We made our own training regime for smashers and basically the end goal... was to be able to beat go like 1v3 or yeah 1v3 three top level ganondorfs...")
7. She has played Fire Emblem: Three Heroes and Donkey Kong, and can beat Donkey Kong. (Verbatim: "I also have trained on those I'd win me win yeah... I can beat donkey kong okay...")
8. She enjoys playing on the DK Jungle stage due to its music. (Verbatim: "The stage with the heckin good music like um the one with the dk the dk song the dk rap thing like yeah that one was a vibe though...")
9. She has a close friendship with another streamer named Muzu, with whom she engages in playful trash talk. (Verbatim: "Muzu wrote you're a dead shmeat kid I'm not dead shmeat you what mate you what...")
10. She plays sword characters in Super Smash Bros., specifically Marth and Lucina. (Verbatim: "I play Life and Lucina, and they're sword characters.") [end of text]



```
She enjoys playing Super Smash Bros. (Verbatim: "I wanna play it now. I wish I could just click a button and be like, 'Okay, let's go!'")
She has a Nintendo Switch. (Verbatim: "Do you have a Switch? I do, actually. I do, I do.")
She is familiar with the game's mechanics, including character customization and stage design. (Verbatim: "you can change their outfits" and "I used to spend ages trying to get it to work")
She has a fondness for the character Isabel from Animal Crossing, finding her strong and cute. (Verbatim: "oh gosh like it's about is really heckin cute" and "she's strong you don't mess with isabel")
She appreciates Kirby for his cute appearance and sounds. (Verbatim: "i like kirby kirby's got like the cutest sounds like just like i don't know i can't do any kirby sounds though")
She has a playful, imaginative mindset, as shown by her creative stage-building attempts in Smash. (Verbatim: "i used to spend ages trying to get it to work" and "i made it like my task to like turn these areas with the blocks into into like my home")
She values peace and non-violence, referencing her character’s philosophy in a game context. (Verbatim: "she is an advocate of peace with accidents happening")
She finds it frustrating when searching for image files online, especially fake PNG websites. (Verbatim: "getting images from google is always such a pain now nothing's png")
She has a habit of organizing her downloads folder, though it becomes disordered over time. (Verbatim: "everything's such a mess in my downloads folder")
She is open to collaborative gameplay and enjoys the idea of playing with friends like Muzu and Iri. (Verbatim: "And then we can all play. Yeah!")
She believes others, like Speaker, could learn and eventually beat her at Smash. (Verbatim: "i genuinely think speaker could beat me at smash like like speaker like i think speaker is quite the genius")
``` [end of text]



1. She has a fictional team composed of "starlings" and "stananas" as allies in battle scenarios. (Verbatim: "so technically i would have um this on my side um i'd have the starlings and the stananas on my side")
2. Her fictional team includes a "magic banana" as a member. (Verbatim: "this is my magic banana and this is the starting and stananas like true form")
3. She refers to her team as "stablings" in a playful, self-deprecating manner. (Verbatim: "yeah actually we have a pretty decent team here i feel like one of us could be the tank um one could be dps and one could be a heal we're a pretty good squad")
4. She believes her team could potentially win against opponents in a fictional battle scenario. (Verbatim: "i think i think yeah these are my stands and this is my magic banana and we'd be against them so i think i think it would be quite a fight")
5. She associates her fictional team with a "bin octopus" as the artist who drew their true forms. (Verbatim: "mm-mm so i think i think yeah these are my stands and this is my magic banana and we'd be against them so i think i think it would be quite a fight")
6. She has a preference for using a letter opener as a weapon in her fictional battles. (Verbatim: "we would be a letter opener right like um a lord of the rings themed sword letter opener")
7. She enjoys playing Super Smash Bros. and has trained with her brothers using team-based setups. (Verbatim: "when we did me and my brothers did training we not only did ganondorf training we did like you can set teams up in smash")
8. She is confident in her ability to handle a 2v1 scenario in Super Smash Bros. (Verbatim: "i can 2v1 i can i have i have what is it like when we did me and my brothers did training")
9. She has a habit of making references to League of Legends, even though she hasn’t streamed it recently. (Verbatim: "oh gosh oh no i gotta stop making my brain has a habit of making league of legends references and i need to stop doing that")
10. She is considering streaming Teamfight Tactics due to its low-pressure, zatsu-friendly nature. (Verbatim: "or teamfight tactics yo would you guys like a teamfight tactics stream that'd be pretty chill") [end of text]



```
She has played Smash Bros. and considers herself dedicated to playing Marth and Lucina. (Verbatim: "so i think i have a chance i think i have a chance um so i think here what no i think here here like i think it would be quite the battle be quite the battle i don't know which way it would actually go um i think i think that would be the best solution yes yes yes")
She finds it difficult to imagine herself winning against highly geared opponents, especially those with strong visual presentation. (Verbatim: "i don't know what the main what what kerimara's yim yim yim main would be um hmm it's tough i don't think i'd win no problemo not with that level of of gear on")
She references a past period in her life as "my two normie years" when she tried certain things, possibly indicating a transition from non-VTuber life to her current persona. (Verbatim: "i remember i tried i did i did at one point try")
She has a sense of humor about absurd or fictional scenarios, such as Florida Man stories and historical parodies. (Verbatim: "florida man tries to rub the gamestop while wearing transparent bag on his head oh no no that doesn't work sir it's transparent")
She enjoys imagining fictional scenarios involving pop culture and video games, such as characters like Wolf or Captain Falcon fitting certain styles. (Verbatim: "i'm trying to think i want to say um what you call it um wolf wolf i think wolf wolf yeah oops wolf cool wolf wolf yeah yeah i don't know i feel like wolf's already got a jacket")
She has a playful skepticism toward the realism of national identities, joking that countries like England and America might not be real. (Verbatim: "i don't think that picture showed it well enough but it just gives me a vibe of this is real yeah yeah yeah like look at this it's just it's just it just doesn't look very real it looks i don't know it's probably just me it just doesn't look that real")
She enjoys eating chicken burgers, particularly during celebratory moments. (Verbatim: "i didn't really watch it i was celebrating by eating a chicken burger")
She is familiar with Japanese subcultures like gyaru, including their fashion and typical activities. (Verbatim: "a gyaru refers to the japanese fashion or social subculture of girls who follow certain styles of clothes hair makeup and okay so it does include it does say activities um so what activities do they do and does it include smash bros")
She finds the idea of a gyaru VTuber being skilled in video games to be unlikely, based on typical gyaru activities. (Verbatim: "i don't see smash bros in that list of activities um yeah yeah so i i think i'd win no problemos")
She appreciates strong visual presentation and "drip energy" in character aesthetics, especially in gaming contexts. (Verbatim: "they got the north face jacket the supreme they got the hat and everything they got like how am i supposed to they even got sunglasses like like that's strong strong drip energy")
``` [end of text]



1. She considered pursuing a career in medicine before becoming a VTuber. (Verbatim: "one was for like when i applied for medicine at university and was gonna become a medical doctor")
2. She was accepted into a medical school program but chose not to attend. (Verbatim: "i was like no actually i've successfully done the application got in now i can just say no")
3. She applied for a PhD program but did not pursue it. (Verbatim: "then the other one was the phd so yeah oh there's also i forgot there was another friend")
4. She has a close group of friends from college who are highly intelligent. (Verbatim: "they're all really smart i think that's how that's how um we knew each other because we knew each other from from college")
5. One of her college friends is a mathematics genius with a master's degree. (Verbatim: "one that's a lawyer is actually like absolutely amazing at music okay so i knew her from band when i played french horn and she plays piano and she was like like top grade piano")
6. Another college friend is a lawyer. (Verbatim: "one of them is is insanely smart at maths like like crazy smart at maths like she's like the maths genius um and yeah yeah she has her masters in mathematics and she's heckin smart so she could be on the other one's a lawyer a lawyer um yeah so she's also really smart yeah")
7. A third college friend works in the medical field. (Verbatim: "the other one works in medicine yeah yeah to get the food to get the full set")
8. She has a friend who is a talented artist but rarely seen in person. (Verbatim: "there was another friend um i don't see her very often she's very much like um mystery mystery friend that we don't see very often at all um she is an artist yes we have artists as well but rarely rarely rarely see her")
9. She nicknamed her artist friend "Pluto" despite knowing it's not her real name. (Verbatim: "i call it i call her pluto i know i'm not supposed to but sometimes i like to nickname my characters")
10. She has a friend who is a musical prodigy and plays piano at a professional level. (Verbatim: "she plays piano and she was like like top grade piano from like when she was like little she was she was literally um she's i'd say she's definitely musical genius") [end of text]



1. She has a traumatic childhood memory involving pikmin being eaten by insects in a video game. (Verbatim: "I cried so much when my pikmin got eaten by the insects... I thought it was a cute happy game with plants.")
2. She remembers crying and asking her parents (Mama Elia and Papa Elliott) for help during the traumatic game moment. (Verbatim: "I was really little and I cried so much... I was like help my pig fans are getting eaten.")
3. Her older brother was sent to play the game to save the pikmin after she became overwhelmed. (Verbatim: "Mama and Papa Elia did what they knew was best to do and sent in my older brother to play the game and save them.")
4. She associates the experience with deep emotional distress and finds the scene of pikmin crying when eaten particularly painful. (Verbatim: "They literally cry when they get eaten and it hurts and it's so sad.")
5. She has a strong emotional reaction to the idea of playing as Olimar due to the trauma of having to eat pikmin. (Verbatim: "I could not like like oh gosh no no no no no... I couldn't play Olimar against it.")
6. She has a preference for elegant, fancy clothing and dislikes overly casual VTuber aesthetics like anime t-shirts and thigh-high socks. (Verbatim: "Mama Elia likes me to dress nice... she prefers the more fancy look than the casual look.")
7. Her mother (Mama Elia) has consistently encouraged her to appear more presentable and refined in appearance. (Verbatim: "She's always been like, you need to be more presentable...")
8. She recalls being dressed in elaborate costumes as a child, including sailor, fairy princess, doctor, and mermaid outfits. (Verbatim: "Little Elias is a sailor, little Elias is a fairy princess, little Elias is a doctor, little Elias dressed as a mermaid...")
9. She believes her childhood wardrobe consisted mostly of dress-up outfits rather than normal clothing. (Verbatim: "I don't see much, like, I don't see any actual normal clothes amongst it.")
10. She has a strong emotional connection to the idea of being perceived as "doctor-like" or professionally elegant. (Verbatim: "She would love if I wore this fancy dress... less VTuber, more doctor, more doctor.") [end of text]



1. She has a temporary form that is not her final form. (Verbatim: "this is just a temporary form it's been submitted to to get rigged")
2. She is currently working on her final form, which has been submitted for rigging. (Verbatim: "i've submitted my um art for my next my final form")
3. She identifies as a marfly cinnamane. (Verbatim: "i'm a marfly cinnamane")
4. She has hair buns that are a notable feature of her appearance. (Verbatim: "your buns are larger what you say about my buns")
5. She is confident in her ability to fight Pikachu in Smash. (Verbatim: "i'm confident pikachu i'm confident and you play pluto pluto")
6. She believes her buns are small and not the largest, but still effective. (Verbatim: "i think my new my new my new buns are also gonna be still small")
7. She has a character design with twin buns that match her outfit. (Verbatim: "twin buns matching matching matching matching")
8. She is involved in creating and designing her own VTuber avatar. (Verbatim: "i've submitted my um art for my next my final form")
9. She has a playful, self-aware attitude toward her own strength and abilities. (Verbatim: "i have a chance me and my little buns can do damage")
10. She references a "Papa Elia" who played Smash, suggesting a familial or narrative connection. (Verbatim: "Papa Elia would play smash") [end of text]



