1. She has celestial messenger wings that are retractable and not removable. (Verbatim: "They're real celestial messenger wings of the highest grade. Don't you take any feathers, though. Nope, those are too high value. They're retractable. Retractable is different. They hide. They go into my body.")

2. She took a mini break from streaming to refresh. (Verbatim: "I took a mini break. I took a mini break. I took a mini break to just refresh.")

3. She struggles with social anxiety, especially around returning to streaming. (Verbatim: "I've forgotten how to stream... I was really nervous to stream today... socially anxious brain works... I thought no one would be here.")

4. She is passionate about her work and finds it difficult to stop working. (Verbatim: "It's really hard... it was really really really difficult turns out it's really difficult to not work when you're really passionate about work.")

5. She owns a dog named Lila, who is a big, fluffy white dog. (Verbatim: "Lila my dog so my dog is a big fluff my dog is a big fluff like a big ball like you saw her in the starting soon screen.")

6. She recently visited the English countryside and went to the beach in January. (Verbatim: "I went to the country... I went to full-on heckin what you call it country english country english countryside... I went to the beach.")

7. The weather during her trip was unusually sunny and pleasant for England. (Verbatim: "The weather was actually really nice... non-stop sunshine while I was away... perfectly suitable for the beach.")

8. Her dog Lila enjoys playing in the sea and splashing around in the water. (Verbatim: "She loves the sea she likes splashing about in the water she's running around... having the best time.")

9. She mentions that her dog tried to act protective when others arrived at the beach but only made a quiet "borf." (Verbatim: "So it turns out my dog does protect turns out my dog doesn't protect very well she goes borf um like very quietly she like turns looks and then just goes borf.")

10. She plans to post her stream's new music as a YouTube video. (Verbatim: "I'll be posting as a, what you call it, YouTube video.") [end of text]



1. She owns a Samoyed dog named Lila who chases squirrels and gets excited around other dogs. (Verbatim: "other dogs like like other people will be there with their dogs... she's a samoyed she's a samoyed so cute fluff")

2. She wants to commission an artist to create cute manga-style comics featuring her and her dog. (Verbatim: "i really want to find someone that could draw i want to draw like um i guess i could try and draw but i'd love to find an artist to do like cute little like like little vorkoma like manga things where it's just like my dog and me")

3. She has wings as part of her VTuber model and feels they should be shown more often. (Verbatim: "glad you like my wings i brought them out i'm gonna bring them more out for zatsus now because i never bring them out and i feel like it's a waste of my wings to not to show them")

4. She had a bone scan a few years ago and was advised to increase her calcium intake for bone health. (Verbatim: "i had a bone scan a few years ago and they were like yo get some calcium and i'm like but apparently you have until like you're like i don't know 30 something to like get all that calcium in your bones right")

5. She believes the human body stops collecting calcium by the mid-30s, possibly around age 33, after which bone density peaks. (Verbatim: "33 is when body is at its peak whoa that's peak that's peak")

6. She climbed Mount Fuji, which she describes as the easiest mountain to climb due to vending machines and snacks along the way. (Verbatim: "i climbed mount fuji i would say that is the easiest mountain to climb of the mountains i've not climbed any others but this one has vending machines and snacks on it so i can't think of any other mountain i would want to climb")

7. She plans to return to playing Minecraft and Pixelmon, expressing a desire to build a house in the game. (Verbatim: "i want to play pixelmon... i want to build a house i haven't been on it in ages actually i have not been on it since last year")

8. She is considering playing *The Legend of Zelda: Ocarina of Time* and has been thinking about returning to the Zelda series. (Verbatim: "i've been thinking about zelda i've been thinking about ocarina of time i've been thinking about there's so many things i want to play")

9. She prefers streaming games she finds fun personally, rather than overthinking what viewers might want. (Verbatim: "i kind of need to remember you know what i find fun and what i want to do")

10. She refers to herself humorously as a "girl boss" and jokes about being a "girl failure," indicating a self-deprecating sense of humor. (Verbatim: "girl boss made girl boss here girl boss me no more girl failure heck yeah") [end of text]



1. Her channel has a "peekamo" that is a real and essential part of her identity. (Verbatim: "i'm not um yeah like literally literally the peak the peekamo is there for a reason because it's real")

2. She has two main community rules: be kind and look after yourself. (Verbatim: "rule zero is be kind and rule one is to look after yourself")

3. She values presence and emotional support over material gifts, stating that just being there is enough support. (Verbatim: "just being here is already supporting enough")

4. She has a strong emotional bond with her VTuber friends, especially because she didn’t have many friends in the past. (Verbatim: "for me as someone that didn't really have friends cry um i i love my vtuber friends very very very much")

5. She uses Stream Elements and Stream Labs for her stream overlays and widgets. (Verbatim: "it is using um was it stream elements elements that's what it uses")

6. She has a credit document in her channel description that lists all credits, which she recently updated. (Verbatim: "i have a credit document at the bottom i did update that recently um so yeah in my description right at the bottom")

7. She plans to start meal prepping to improve her eating habits and save time. (Verbatim: "i'm gonna try meal prep um so no it's not mcdonald's it's the opposite i'm gonna i've got some containers and i'm gonna meal prep and eat healthy")

8. She acknowledges that she often forgets to eat due to being deeply focused on her work. (Verbatim: "my issue is i'm i'm a kind of like very one-minded focused person... and one of the things i'll typically do is like forget to eat or something")

9. She knows how to cook and enjoys cooking, which motivates her meal prep goal. (Verbatim: "i do know how to cook and i do like to cook so i'm gonna yeah")

10. She considered doing cooking streams but is concerned about her kitchen’s reflective surfaces and camera setup. (Verbatim: "cooking stream would be really nice to do the problem is everything in my kitchen is reflective and my camera setup's here") [end of text]



NO RELEVANT INFORMATION [end of text]



1. She earned a master's degree and graduated top of her class by prioritizing her mental health and taking breaks. (Verbatim: "masters I did I graduated top of my class which again I was not aiming to do I was just aiming to you know just do well but it just worked out that that that happened")

2. She previously struggled with overworking and stress during her bachelor's degree, which made her ill. (Verbatim: "my bachelor's degree, I was very stressed and I got very much into... overthinking and overworking myself way too much, zero breaks... I literally made myself very ill and it was very awful")

3. Her motivation to become a VTuber came from an existential crisis about why she was working so hard, realizing she wanted to pursue her own passion rather than seek parental validation. (Verbatim: "which eventually led me to be a vtuber that thought process because it was like hmm I'm working hard and doing well because my parents want me to do well and validation from my parents but what do I want to do I want to be a VTuber yay hello here I am")

4. She holds a safety net mindset by completing her master’s degree to ensure financial stability in case her VTuber career doesn’t work out. (Verbatim: "I decided to finish up my master's degree because like it was during my master's degree I was like I probably do want to be doing I'd rather be a vtuber but I was still on the fence so I might as well finish this and have the safety net")

5. She is proficient in Python and C#. (Verbatim: "i am proficient in python and c sharp")

6. She worked in a tech-related job after her master’s, initially hired as a developer but requested to start in a lower-stress support role. (Verbatim: "i got into like this job where they originally hired me as a developer and i was like actually could you just like not put me down as the developer right away could you just like what you call it put me as the lower paying the the like third line support for now because i just want to chill")

7. She values mental health and self-care, believing you “can’t do your best if you’re not at your best.” (Verbatim: "can't do my best if I'm not at my best, went with that saying instead and I did much better")

8. She played Stardew Valley extensively during her master’s degree as a form of self-care. (Verbatim: "I played Stardew so much during my masters, I built up so many hours and it was not time wasted, it was time looking after myself")

9. She has received many job offers from recruiters after her master’s, often for roles unrelated to her skills, especially AI-related positions due to buzzwords on her CV. (Verbatim: "they're literally like cooling and cooling and cooling and emailing and messaging like like all day it's insane... they would have seen the word they would have seen ai and machine learning in my like masters and been like you can do this and i'm like nope no i cannot")

10. Her life aspirations are modest—she wants only basic comforts like hot water, food, and good walls, avoiding high-pressure, high-paying roles. (Verbatim: "i think my standard for how much i want in life is just like hot water food walls that are good you know so like just enough to quote live nice") [end of text]



1. She recently completed her master's degree. (Verbatim: "i just want to chill after my masters i just i just want to earn some monies but not be stressed")

2. She grew up in a financially stressed household where money was a constant source of anger and tension. (Verbatim: "i grew up in a household where it was all about money and it was just permanent it was just a permanently stressed environment... it was always just anger and stress")

3. She has a strong stance against financial stress and emphasizes self-care, especially regarding donations. (Verbatim: "only donate if you're looking after yourself okay... always always always always always always put yourself first okay")

4. She identifies as a "celestial messenger" and denies being a bird or a goose, despite playful lore. (Verbatim: "i am celestial messenger... birds have beaks i have no beak see no beak no and i have wings celestial messenger wings")

5. She considers herself lazy at times but explains it as a "zero or 100 kind of worker" who works intensely and then rests completely. (Verbatim: "i'm very much like a zero or 100 kind of worker like i will do tons of work and then i'll do absolutely nothing like like zero")

6. She takes frequent naps to recover from hard work and views rest as productive. (Verbatim: "i have to nap to make up for all the hard work... naps are productive exactly exactly remember your productive rest")

7. She has never broken a bone but jokes about wanting to join a "broken bone club." (Verbatim: "i've never broken a bone and it seems like an experience yeah probably a painful one though")

8. She is committed to streaming regardless of physical limitations, even imagining using her toes if both arms were broken. (Verbatim: "if i ever break both my arms... i will still stream okay... i'm literally wiggling my toes right now being like i can use these")

9. She enjoys reading light novels, particularly *Konosuba*, and spent her break reading extensively on her Kindle. (Verbatim: "i read a lot of light novels i read i've almost finished all of konosuba... i've got my kindle and i've just been reading and reading and reading")

10. She values confusion as a shared experience and humorously suggests bringing people together through it. (Verbatim: "let us be confused together and lose what brain cells we share... bringing people together with confusion it's a new way of bringing people together") [end of text]



1. She is currently reading the Konosuba light novel series and has finished 14 books. (Verbatim: "i'm on book number 14 i think of the konosuba series")  
2. She plans to read "Spiders" (likely *So I'm a Spider, So What?*) after finishing Konosuba. (Verbatim: "after that i have um what's it called the spider the spider one the reincarnated is a spider one to read next")  
3. She has watched the anime adaptation of *So I'm a Spider, So What?* but not yet read the light novel. (Verbatim: "i've watched the anime but")  
4. She intends to return to reading *Classroom of the Elite* after finishing her current books. (Verbatim: "then i'll go back to classroom with the elite because yeah yeah")  
5. She dislikes sand at the beach because it is rough and gets everywhere. (Verbatim: "i do not well it's okay i don't like sand of course it's rough it gets everywhere")  
6. She enjoys eating Christmas chocolates and has several left to finish. (Verbatim: "i have some chocolates from christmas i want to eat i'm gonna eat one")  
7. She has restless leg syndrome, which causes her leg to shake involuntarily. (Verbatim: "i have restless leg syndrome so my leg actually... will shake until i decide to bring it back up")  
8. She uses a footstool at her desk for comfort, not due to height. (Verbatim: "i have a footstool not because i'm short just because it's comfy")  
9. She is British, as she refers to herself as a "dorky british girl". (Verbatim: "hey who is this dorky british girl on my screen")  
10. She is considering or joking about having stats like in a video game, referencing Intelligence, Wisdom, Dexterity, Vigor, and Charisma. (Verbatim: "is why inton which one are you saying i have do i have the intelligence or the wisdom") [end of text]



1. She attended a Catholic school and was required to go to church every Sunday until finishing secondary school. (Verbatim: "i had to go catholic school my nan is very catholic... up until i finished secondary school i had to")

2. She disliked kneeling during church services due to uncomfortable pew cushions. (Verbatim: "i don't want to kneel on the on the pews the pew things had the not a very comfy cushion that could not be cast as a cushion")

3. She used to sing loudly during church services as a child. (Verbatim: "at least i was quiet and i used to sing really loudly")

4. Her grandmother is very Catholic and disapproves of other churches, especially the Church of England. (Verbatim: "my nan is very catholic um she does not like the other churches like she is yep she's like her her girl church of england")

5. She finds the historical conflicts between Catholics and the Church of England contradictory to Christian teachings. (Verbatim: "yo i thought the whole point of jesus was thou shall not murder like did y'all just put that commandment like in the bin")

6. She has a habit of shaking her leg, which she feels is necessary and strange to suppress. (Verbatim: "if the leg's not moving what is the world even moving okay like let go yeah yeah yeah like i have it")

7. She studied at a university and lived in shared housing with several girls during that time. (Verbatim: "this was when I lived in a house with a bunch of girls and it was coming up to the end of the year of the university")

8. She associates stabbing ready meals as a humorous way to release anger. (Verbatim: "do you want to take your anger out on my ready meal because it needs stabbing")

9. She has knowledge of British history, particularly the reign of Henry VIII and the split from the Catholic Church. (Verbatim: "the church of england the main one that's the one started by henry viii because he wanted to divorce and stop beheading his wives")

10. She attended school in England, where the history of the Tudor monarchy was part of the curriculum. (Verbatim: "it's a thing that's very much taught in english schools i don't know why but it's a thing") [end of text]



1. She lived in a house with nine other girls during her school years. (Verbatim: "i lived in a house with nine other girls okay like nine other girls it was a house of ten girls")  
2. She worked three jobs at the same time while studying, indicating financial hardship. (Verbatim: "i was working three jobs um at the time like yes i am working very hard")  
3. She grew up with a cat that used to stare and blink at her, which she found endearing. (Verbatim: "my cat would always blink at me... my cat used to sit sit and just stare at me all day and then just like blink")  
4. She also had a dog that would stare at her from the end of her bed. (Verbatim: "same with my dog i'm like my dog sits at the end of my bed and stares at me")  
5. She dislikes beer and finds it tastes bad, despite liking bread. (Verbatim: "i don't want to drink my bread no beer no no no... if i have beer i will be sad because it tastes bad")  
6. She had a difficult experience during a childhood game of blind man's bluff where others abandoned her after spinning her. (Verbatim: "they blindfolded me spun me around and then everybody left")  
7. She comes from a family that doesn’t understand financial struggles and once suggested she “just get a house” as an adult. (Verbatim: "my parents are literally like yo elliot why don't you just get a house you're like you know an adult now")  
8. She once wished misfortune upon others using the phrase “I hope a goose crabs on them.” (Verbatim: "I hope a goose crabs on them")  
9. She participated in childhood water gun fights during summer in her neighborhood. (Verbatim: "everyone was like pew pewing and then they were like oh let's do girls versus boys")  
10. She expresses a desire to test the scientific claim that humans can't feel "wetness" as a sensation, but notes it requires another person. (Verbatim: "i really want to test this but i can't do it it's it's a two person activity") [end of text]



1. She was raised more by the internet and her cats than by her parents, as her parents were often working. (Verbatim: "i feel like i was more raised by the internet and my cats than i was my parents because my parents were working a lot")

2. She had a childhood experience where she was betrayed by a teammate during a water gun fight, which led to her avoiding going outside for the rest of the summer. (Verbatim: "the girl on my team betrayed me and dumped a ton of water on me... i didn't go outside for the rest of summer")

3. She associates staying indoors with watching anime and feels safer inside than outdoors. (Verbatim: "i learned my lesson outdoors sucks people scary inside i go")

4. She once worked as a newspaper delivery girl for a single day but quit because it took four hours to deliver 40 papers for only £5. (Verbatim: "I was a newspaper girl for one day... it took me like 4 hours... it wasn't worth the £5")

5. She identifies with the title "Celestial Messenger" and uses it as part of her persona. (Verbatim: "hi i am celestial messenger it's me it's me")

6. She finds comfort in small, enclosed spaces, comparing them to the safety of her room. (Verbatim: "I love to just chill in a hole... it reminds me of the comfort of my, my room")

7. She is from England, as she references the lack of gingerbread houses in English woodlands and mentions not having social security numbers. (Verbatim: "there's a lot of woodland here in england... we don't have social security numbers here in England")

8. She expresses skepticism and disappointment about the fictional nature of the Hansel and Gretel gingerbread house. (Verbatim: "the gingerbread house from hansel and gretel is a big lie i think")

9. She has dogs and mentions one that licks doors in an attempt to get through them. (Verbatim: "my dog doesn't lick the door handle she licks the door but that's just because my dog thinks that's the way of getting through the door")

10. She has a sense of humor about internet culture and references memes like "instructions unclear, [got] free [item]". (Verbatim: "instructions unclear, free superset") [end of text]



1. Her name is Elia Stellaria and she identifies as a British VTuber. (Verbatim: "I'm Elia Stellaria, I'm British VTuber, not a goose, Celestial Messenger...")

2. She has a fictional title or role as a "Celestial Messenger." (Verbatim: "I'm Elia Stellaria, I'm British VTuber, not a goose, Celestial Messenger...")

3. She once believed numbers only went up to 100 and looped, and was shocked to learn about numbers beyond 100, like 101. (Verbatim: "when I was little, I thought the numbers went up to 100, and then I thought they looped again... My mind was blown when I discovered the number 101.")

4. She jokingly refers to having a "secret identity" and does not want to be called "Ellensteller." (Verbatim: "Don't you update my VTuber wiki to say Ellen Stellar! No! My WWE name, okay? My secret identity, don't let people know it, okay?")

5. She dislikes the normalization of tipping culture in America but still participates quietly. (Verbatim: "The only tip I have for America is to reject the normalization of tipping... I will still tip, but I will watch it under my breath like a British person.")

6. She has a habit of winking and finds it a fun activity. (Verbatim: "I just like winking, okay? It's just fun. It's a fun activity.")

7. She expresses fear of being isekai’d and doubts she would be a powerful character in such a story. (Verbatim: "I don't want to get isekai-ed... I also don't think I'd be a very OP character.")

8. She previously took a break from streaming before returning to a long (nearly five-hour) welcome-back stream. (Verbatim: "I've been on a little break and I've come back super refreshed... it's so far been almost a five hour stream.")

9. She mentions needing to do laundry, implying it as a recurring real-life responsibility. (Verbatim: "I need to do my laundry, I'm so sorry... I will do it when I come back.")

10. She plans to stream again on Monday, indicating a recurring streaming schedule. (Verbatim: "I will see you guys soon, stream on Monday, okay...") [end of text]



1. She previously worked as a developer before becoming a VTuber. (Verbatim: "a lot of that I was I had my developer job so I've already paid taxes on that")
2. She lives in England, where she experiences cold weather and uses radiators for heating. (Verbatim: "it's cold here in england we basically they're like oh snow might be coming")
3. She owns a dog named Lila, who is attention-seeking and brought dirty underwear to a maintenance worker. (Verbatim: "Lila my dog was like yo laundry let's go" and "she then decides let's bring over something from laundry mountain what about some dirty underwear")
4. Her dog treats any place she visits as her own territory, including roads and beaches. (Verbatim: "wherever i take her it seems to instantly become her place" and "no this is now mine it's mine now")
5. She finds it embarrassing when her dog misbehaves in front of guests or visitors. (Verbatim: "this is why i don't have people visit me um because she does")
6. She had to file a self-assessment tax return in the UK due to being self-employed as a VTuber. (Verbatim: "it's only if you're self-employed you have to do a self-assessment")
7. She once mistakenly believed "IRS" (U.S. Internal Revenue Service) stood for something related to Ireland. (Verbatim: "for the longest time i thought irs was like ireland")
8. She confused "IRS" with "IRA," thinking it might stand for Irish Republican Army. (Verbatim: "i'm getting it mixed up with with what does it even stand for the irish republican army")
9. She keeps clean clothes in a pile next to her bed because she changes there before sleeping. (Verbatim: "when i go to bed i get changed by my bed so i leave the clothes by my bed")
10. Her room contains a large accumulation of laundry she refers to as "laundry mountain." (Verbatim: "I had laundry mountain chill in there in front of my radiator") [end of text]



1. She grew up in an environment where swearing was not used, making it rare compared to typical British culture. (Verbatim: "no one in my family um swears which is very rare for british people british people swear all the time")

2. Her parents did not teach her about swear words or the offensive meaning of gestures like flipping the middle finger. (Verbatim: "my parents didn't teach me swear words or anything to avoid um and they didn't teach me putting up my middle finger was bad")

3. She once flipped off her teacher unintentionally in class because she didn’t know the gesture was offensive. (Verbatim: "i flipped off my teacher didn't get in trouble though i think teacher knew that i did not know")

4. As a child, she misunderstood "o7" as a fictional chemical formula for "copium" rather than a text-based salute. (Verbatim: "i thought o7 was the chemical chemical thing for copium um yeah which is apparently what i what i live on")

5. She misunderstood "brb" (be right back) as people literally walking away and never returning, a misunderstanding that lasted until college. (Verbatim: "that one unfortunately took me way too long to figure out um that was up until like i want to say like college")

6. Her family attempted to use a "loophole" where adding a suffix like "-y" to a swear word (e.g., "ducky") made it acceptable, which led to them getting in trouble. (Verbatim: "we were just running around the house like ducky ducky ducky ducky... we got in a lot of trouble for that")

7. Her grandmother swears despite the family’s general avoidance of swearing, and it amuses her because it’s unexpected. (Verbatim: "my nan swears and it's hilarious when my nan swears like my nan she's like 90 something okay and and she's just when she swears it's just i don't know why it's just funny")

8. Her father exhibits severe road rage, which has contributed to her fear of driving. (Verbatim: "papa elia might so my dad won't swear but will swear on his own with road rage... i think one of the reasons i'm scared to drive is like because of the rage that i've seen")

9. She finds anger and confrontation frightening and tends to cry instead of getting angry during conflicts. (Verbatim: "i'm not an angry person and i think it's probably just because when i see anger it's i find anger scary... instead of angry... you're just like i'm so eggy i'm so eggy cry cry cry")

10. She is British, as indicated by her reference to swearing being common in British culture. (Verbatim: "very rare for british people british people swear all the time like i would say the majority of british people will swear") [end of text]



1. She has a baby face and looks younger than her age, which caused issues when she started working at a zoo. (Verbatim: "i look quite young for my age okay i have like baby face i have baby face")
2. She previously worked at a zoo, where she was mistakenly placed with children and teenagers instead of adult staff. (Verbatim: "i used to have okay one time i really had to i really really i think i really had to try because this was a point where i was like getting quite upset because i needed it to get fixed so like i was as you know i worked at the zoo")
3. She had to confront HR at the zoo after being placed in the wrong role, and she cried during the confrontation but stood her ground. (Verbatim: "i was getting really really angy but i was like crying i was like crying in anger i was like no no no no you're not gonna you're not gonna you're not gonna let me be here")
4. She is a self-described people pleaser and struggles with making others upset, even when standing up for herself. (Verbatim: "every fiber in my body is a people pleaser i was like oh no she's not happy with me oh no oh no oh no there's something i i've made her upset i've done something bad")
5. She dislikes carbonated/sparkling water, comparing its taste to "tv static" and "ants with tiny spirits attacking." (Verbatim: "sparkling water feels like ants with tiny spirits attacking i will never see it any other way anymore ever again")
6. She used to de-fizz carbonated drinks for her younger brother because he didn’t like fizzy beverages. (Verbatim: "whenever we had like a fizzy drink i would unfiz it for him and then he could have it")
7. She was pulled out of class in primary school to translate for her younger brother, even though he was speaking English, because others couldn't understand his speech. (Verbatim: "i used to get pulled out of class to translate what my little brother was saying because no one could understand him but he was speaking english")
8. She has experience translating between different English accents, including strong regional accents like West Country and Scouse, for people who couldn’t understand each other. (Verbatim: "the amount of times i had to translate english to english because like i had some friends that had like very strong very very very strong farmer accents")
9. She has a younger brother who eventually grew taller than her, which she jokingly resents. (Verbatim: "my little brother was little until until he had the audacity to like grow and get taller than me how dare he")
10. She is attempting a baking New Year’s resolution, having already made millionaire shortbread and planning to make brownies next. (Verbatim: "yo i'm gonna make brownies next by the way if you want to keep up on ellia's baking new year's resolution um yeah i've made millionaire shortbread so far") [end of text]



1. She has difficulty understanding Scouse (Liverpool) accents. (Verbatim: "i cannot understand liverpudlian okay or scouse or whatever it's called but i cannot i cannot understand it for the life of me")  
2. She is unfamiliar with the geography of northern and midland England, including cities like Birmingham and Oxford. (Verbatim: "i just don't know enough about anything north or midland area... where the heck is oxford")  
3. She watched the 1964 *Mary Poppins* film repeatedly as a child because she owned few DVDs. (Verbatim: "i watched mary poppins a lot like over and over i watched a lot of mary poppins like absolutely tons")  
4. She was particularly drawn to *Mary Poppins* because of the idea of magic making chores easier. (Verbatim: "mostly because i liked i liked the idea of having magic to clean my room")  
5. She associates *Mary Poppins* with the concept of a "British magical girl" and expresses a desire to see a British magical girl anime. (Verbatim: "mary poppins is the british magical girl... where is my mary poppins crew")  
6. She expresses a desire to become a cat girl with a fluffy tail through shape-shifting. (Verbatim: "i want to become a cute cat girl... i want a tail like a fluffy cat tail")  
7. She previously cared for baby Harris hawks and finds their communication via tail wiggles adorable. (Verbatim: "i used to look after harris hawks... i looked after two two little baby ones like little chicks")  
8. She struggled to learn how to whistle during childhood and only learned as an adult. (Verbatim: "i remember spending like my entire childhood trying to figure out how to whistle")  
9. She can produce a high-pitched whistle similar to marmoset vocalizations. (Verbatim: "i can do a high-pitched whistle... which is how marmosets um talk so i can talk to mom")  
10. She is aware of a whistle-based language in some cultures but cannot recall its name. (Verbatim: "there is a whistle language where it's just like... i can't remember which language it is") [end of text]



1. She is British and references British cultural elements like tea and beer. (Verbatim: "please don't take away my british card")
2. She dislikes the texture or sensation of brushes, comparing it to nails on a chalkboard. (Verbatim: "brushes to me are the equivalent of like nails on a chalkboard... bristles yeah no... oh goosebumps")
3. She prefers using a water flosser over string floss and finds string floss intimidating. (Verbatim: "if you don't like to use like the string floss you can do what i do and use a water flosser")
4. She grew up drinking tea with seven teaspoons of sugar, but now uses only one. (Verbatim: "i used to have seven seven teaspoons and then i like lowered it down and down down down to one")
5. She has never tried Marmite despite being British, because it scares her due to its yeast flavor. (Verbatim: "i've never actually tried marmite i know i'm british i should have tried marmite but it scares me because it's like yeast")
6. She had a family tradition of drinking tea together on Sundays with her nan (grandmother). (Verbatim: "every sunday she'd visit and the family would have cups of tea together")
7. She has never had a cavity, which she attributes to genetics or possibly eating cheese. (Verbatim: "i've never had a cavity or anything like that... genetics i i guess i guess it must be genetics or or maybe it was cheese")
8. She was pressured by her parents to become a doctor and attend Oxford or Cambridge. (Verbatim: "my parents really wanted me to become a doctor go Oxford and Cambridge and stuff")
9. She used spite as motivation during school, especially against bullies. (Verbatim: "screw you bullies in school i will turn up to school and i will do well screw you")
10. She views depression as a temporary condition, likening it to an “espresso depresso” served by life. (Verbatim: "i would like to consider depression as a temporary effect because I like to describe it as an espresso depresso") [end of text]



NO RELEVANT INFORMATION [end of text]



1. She likes wearing floaty, platy skirts that allow spinning. (Verbatim: "maybe i like to spin around in my skirts okay but yeah i have shorts... i like floaty skirts i like platy skirts to spin in and be like whoosh whoosh")

2. She always wears shorts underneath her skirts for comfort and safety. (Verbatim: "i have shorts no one else seems to apparently... i don't feel comfortable there have been the few occasions i've forgotten the shorts and it felt awful")

3. She finds pencil skirts or tight office-style skirts impractical and difficult to move in. (Verbatim: "how does one how does one move their legs in one of those skirts... you're just kind of like waddling like a penguin")

4. She once received a large canvas of various anime characters from her father as a gift. (Verbatim: "i came home once and there's a massive massive canvas on top of my bed of just like a bunch of random anime characters and i was like whoa what is this")

5. Her father gave her the anime canvas during a time when her family was trying to convince her not to move out. (Verbatim: "it was about the time they were trying to convince me to to not move out um because i was definitely going to")

6. She has watched a lot of anime from the 2000–2009 era. (Verbatim: "yeah it's the years 2000 to 2009 in one picture exactly exactly all of them just all of those")

7. She associates her dog’s awkward behavior with her own personality traits. (Verbatim: "she's clearly picked up all of my best traits guys okay like yep they say a dog is just like her owner and i'm like why is my dog so awkward")

8. She finds humor in dog reaction videos, particularly those showing disappointment. (Verbatim: "i really wanted to see the look of disappointment i don't know why i wanted it to be like those dog videos where the dog looks really disappointed")

9. She enjoys English breakfast, having eaten it at a cafe. (Verbatim: "i went to a little cafe okay i had an english breakfast and i was like sat down")

10. She jokes about being associated with household objects in future merch, like a doorbell or kettle. (Verbatim: "my next merch should be just like um yeah doorbellia and it's just me and whenever someone rings your door i appear and i'm just like ding dong") [end of text]



1. She has a degree in animal biology. (Verbatim: "my bachelor's is in animal biology")
2. She previously worked at a zoo. (Verbatim: "i've worked at the zoo")
3. She owns a dog named Lila who is a sled dog breed and will be turning three years old soon. (Verbatim: "my dog's birthday is in... two and a half weeks... she'll be three")
4. Her dog’s actual birthday is on the 29th of an unspecified month. (Verbatim: "maybe we could do uh 29th 29th 29th")
5. She fostered a husky that was difficult to handle due to its strength and lack of socialization. (Verbatim: "i fostered a husky for a bit it was so difficult... it was also trained to you know open doors")
6. She finds huskies very strong and challenging to walk, describing walks as intense arm workouts. (Verbatim: "every walk was like the biggest arm workout of my entire life like this dog pulled and pulled and pulled so hard")
7. She is concerned about her physical strength being insufficient to control aggressive dogs, fearing harm to others. (Verbatim: "i'm so scared that my weakness would lead to another dog getting hurt")
8. She is rigorous about training her own dog to avoid behavioral issues she encountered with the fostered husky. (Verbatim: "i was super super super rigorous with like training my dog i was like this dog will not pull me")
9. She once joked about pretending her dog was pulling her like a sled during a tiring walk by saying “mush.” (Verbatim: "i was like lila mush please mush mush mush mush please i'm faking you i'm so tired")
10. She is interested in trying sledding with her dog if it snows, possibly using a toboggan or sled. (Verbatim: "i'm hoping if it does snow it would be nice to get like a little toboggan or something or a little sled and actually have her do some sledding") [end of text]



