1. She previously worked a salaried job with an office environment. (Verbatim: "when i used to like um have a salary job i guess i guess one could call it because technically i was on a salary")

2. She finds Tuesdays particularly difficult, more so than Mondays, from her past work experience. (Verbatim: "i always found tuesdays really difficult i found i used to find um i used to find tuesdays more difficult than mondays when i used to like um have a salary job")

3. She has trouble with bright light, often wearing sunglasses because "the world is just too bright." (Verbatim: "the world is just too bright, the world is just too, too, too, too, too, too, too bright.")

4. She describes herself as a "cozy pro gamer" who is not experienced with roguelike games. (Verbatim: "if you're like me and you're a heckin cozy cozy pro gamer um then yeah and you've never played a rogue like a game before like me")

5. She highly recommends the game *Hades* and finds it worth playing despite initial intimidation. (Verbatim: "Hades is so worth it I recommend Hades I do I do very much")

6. She tends to remember her dreams in great detail, which she associates with poor rest. (Verbatim: "when you remember your dreams when you remember the dreams you've had the night before that is a sign that you've woken up terribly and not had a proper rest")

7. She once had a highly detailed dream involving game mechanics like save scumming and fast travel during a zombie apocalypse scenario. (Verbatim: "i could do that but irl but then i didn't realize some of the decisions i'd made had made like like affected further things down in the zombie apocalypse")

8. She has a habit of eating cookies, even consuming them before their expiration date. (Verbatim: "i was eating these cookies um they expire today so you know i needed to you you understand right you understand")

9. She drinks iced coffee that is mostly milk, describing it as "basically just cookies and milk coffee and milk." (Verbatim: "this latte is 75 milk so i'm basically having i'm having cookies and milk for breakfast")

10. She keeps a detailed log of all the games she has started to avoid leaving them unfinished. (Verbatim: "I do keep track of all the games I have started... I do keep a very good log of all the games that") [end of text]



1. She experienced being bullied or treated poorly for her appearance in school and went through a "glow up" transformation. (Verbatim: "i think i've said before i was that kid in school that had like the the glow up i guess um like ugly duckling style and i didn't like it because i don't like the idea of people treating someone differently")

2. She studied fashion and body shapes extensively to avoid being judged or made fun of, despite not being naturally interested in fashion. (Verbatim: "i had to get into fashion and learn about it because people are mean and people will bully you and people will be harsh and people will say mean things about you if you don't dress nicely")

3. She prefers wearing cute clothes rather than fashionable ones and values personal style over trends. (Verbatim: "i just wear things i find cute but i'd say back then i definitely i definitely studied hard to learn about how to look nice")

4. As a child, she preferred video games over clothes and did not care about fashion. (Verbatim: "the other option would be obviously video game i want video game i don't go outside like i have small child that does not go outside who's judging what i'm wearing")

5. She used to wear her school uniform and then change directly into pajamas at home, resisting pressure to wear regular clothes indoors. (Verbatim: "i literally used to just wear school uniform and then change into pajamas like what's the point there's no point i'm not going outside")

6. Her parents had differing views on clothing: her mother wanted her to have nice clothes, while her father believed only t-shirts and jeans were necessary. (Verbatim: "papa elliot strongly believes in all you need is a t-shirt and jeans and that is you know why you need many different outfits but mama elliot was very much like don't you need all this")

7. She once bought a kid’s raincoat that fit her perfectly and wore it, only to encounter a child wearing the same coat, which she found very awkward. (Verbatim: "i bought this raincoat it's really cute it's a really cute raincoat it's a kid's raincoat but i bought it because it fit me perfectly and i ran into a small child like walking around wearing the exact same coat")

8. She owns and uses a sewing kit to alter clothes when needed. (Verbatim: "i've got my sewing kit i can sew um i had to be able to sew because you know this would be a waste of clothes to not to not sew it back up")

9. She has knowledge of clothing size differences between England and Asia, noting that UK sizes tend to be larger. (Verbatim: "a extra small in England like an extra small or small in England would be roughly equal to like a medium in Asia")

10. She humorously refers to herself as a "fashion professional" with scientific knowledge about body and face shapes due to her past studies. (Verbatim: "now i am a fashion professional with all the knowledge all the knowledge in the universe about body shapes and the science because i'm a scientist so i learned the science way") [end of text]



1. She considers herself tall, jokingly referring to being a "giant." (Verbatim: "i don't know why i look so short though because clearly i'm a giant")

2. She has expressed a desire to have a chibi model form for her VTuber avatar to play cute, cozy games. (Verbatim: "maybe we could get another form chibi area chibi area chibi area... let's get cozy together")

3. She associates cozy pajamas and undone hair with comfort and a relaxed streaming vibe. (Verbatim: "though to undo my plaids and and wear a night dress i think that would be so cozy")

4. She owns and has used virtual red glasses and pink heart sunglasses as part of her avatar customization. (Verbatim: "let me make those red again... pink heart sunglasses okay")

5. She refers to a previous version of her VTuber model that cost $60 and has been replaced by a newer one with more development effort. (Verbatim: "old one costs 60 buckaroos and this one is one that has had a ton of a ton a ton a ton of um money and love put into it")

6. She has multiple voice tones, including a calm "chilled tone" and an energetic, high-pitched "excited" voice, which sometimes surprises new viewers. (Verbatim: "when i talk i talk like this when i record... and then they open up an Elias Dilarious dream and then I'm like oh my god hi everybody")

7. She identifies with the nickname "Elias Dilarious" and acknowledges some fans find her energetic voice "saucy." (Verbatim: "it's alias delirious here yeah or we just go alias delirious here")

8. She enjoys playing *The Legend of Zelda: Tears of the Kingdom* and has a playful in-game activity of helping "corks" reach the sky, which she calls the "cork space program." (Verbatim: "i enroll them onto what i call the cork space program where i help them fulfill their dreams of reaching the skies")

9. She made a long-term bet with her audience about banana polls, setting a deadline of May 23rd, 2024, for them to win consistently. (Verbatim: "so i basically made a bet really early on... may 23rd 2024 okay may 23rd")

10. She previously avoided checking her stream’s waiting room due to anxiety about seeing how many people were waiting. (Verbatim: "i didn't know this for ages because like i was always scared to go to those like waiting room things") [end of text]



1. She was birthed into existence recently before her debut, implying a fictional or lore-based origin as a created being. (Verbatim: "because i was heckin pre-debut you know two day old or whatever birthed into existence only recently")

2. She officially debuted as a VTuber after initially being rejected due to being pre-debut. (Verbatim: "i think i had better chance this time because i'm actually debuted birthed alive you know yeah")

3. Her regular streaming schedule consists of 9 AM and 9 PM streams, which she chose for their symmetry and time zone coverage. (Verbatim: "gosh i realized yeah my streams are 9am and 9pm that is my like regular time")

4. She is based in the EU (Europe), and her streaming times are intended to accommodate EU viewers despite audience data showing a majority of viewers are from the US. (Verbatim: "wait as a eu it's not really wait 9am and 9pm isn't but i'm eu wait i'm eu")

5. She was born in Germany, and her father ("papa elia") speaks German, though she only knows limited German. (Verbatim: "yeah and it's a really lovely place i've i've i've visited germany and and yeah yeah and papa elia speaks speaks german")

6. Her father is English, and she identifies as having an English-speaking background. (Verbatim: "but papa elia is fully english")

7. A significant portion of her audience is from the United States (close to 40%), followed by the UK, Germany, Canada, and various Asian countries. (Verbatim: "it's like closer to 40 closer to 40 us and then and then i believe uk is second")

8. She previously watched streams while working and before sleeping, often falling asleep to streams in bed. (Verbatim: "i'd watch either one while i was working and then again just before sleeping i watch a stream in bed and then i that was my thought process")

9. She used to work from home with two monitors, one for work and one for entertainment like K-dramas or Teamfight Tactics. (Verbatim: "um that's what i used to do i have one monitor for work and the other monitor for like for like not work")

10. She expresses a desire to increase her female viewership, which she refers to as "maidens," currently around 8%. (Verbatim: "i'll tell you oh yeah it's about eight percent... where are the maidens at what am i doing wrong") [end of text]



1. She has a unique accent that is often mistaken for Canadian or American, despite being from England. (Verbatim: "my accent is basically like a hidden farmer accent... a lot of times when I worked in retail... people would assume that I'm Canadian which is really weird... I'm from here.")

2. Her parents emphasized proper pronunciation, which influenced her speech patterns. (Verbatim: "a lot of it is from like my parents trying to make sure I pronounce all the letters.")

3. She previously worked in retail, interacting directly with customers. (Verbatim: "when I worked in retail and stuff or any kind of role where I interacted with another human being.")

4. Her English accent was shaped by her mother's taught American English, influenced by Asian language instruction methods. (Verbatim: "the way that mama elia speaks is like... taught american english from from asian land.")

5. She owns a very old, metal, reflective laundry basket inherited from her parents, which she finds difficult to handle. (Verbatim: "this laundry basket that I have here is from my parents... it's metal and reflective... really hard to pick up... no handles.")

6. She avoids using a dryer because she fears it might shrink her clothes. (Verbatim: "I don't use the dryer because it might shrink the clothes.")

7. She expresses a recurring struggle with doing laundry, indicating it’s a habitual chore she postpones. (Verbatim: "I need to do my laundry... I don't want to do my laundry I have to please don't.")

8. She refers to her artist as "art mama," indicating a close or affectionate relationship with her character designer. (Verbatim: "I told my art mama... I just want like the normal set of expressions.")

9. She once felt nervous about her model reveal but was also excited, marking it as a significant milestone. (Verbatim: "I was so nervous about the model reveal... I remember being super nervous but also excited.")

10. She acknowledges not knowing certain pop culture references, such as from *American Dad*, and admits to being unfamiliar with them. (Verbatim: "I didn't watch... I didn't watch this comment is tunish tunish... I'm sorry I'm stupid but I'm your stupid.") [end of text]



NO RELEVANT INFORMATION [end of text]



1. She grew up with two brothers and they would turn sticks into swords and fight with them. (Verbatim: "i remember um so i grew up with two brothers and and and if we find if we founded sticks that were like good fighting sticks we would make them swords and then we would fight with them")

2. She visited Japan and found the toilets there to be very nice. (Verbatim: "And the toilets are so nice in Japan.")

3. She tried to learn basic Japanese phrases for her trip, particularly how to ask where the toilet is. (Verbatim: "where is the toilet? where is the toilet? where is the toilet?")

4. She has a strong fondness for finding good sticks, comparing the joy to discovering something valuable. (Verbatim: "is that not just how you feel when you find a really good stick")

5. She expresses a desire to visit a specific warm and cozy bath location in northern Japan. (Verbatim: "Yeah, it's up north. It's up north. Yeah.")

6. She jokes that her age is infinite and references being in her "Infinity Plus One." (Verbatim: "Also, my age is infinite. So imagine it's even worse.")

7. She cannot turn into a Super Saiyan and humorously laments this fact. (Verbatim: "when you're in your twenties, I still can't turn super Saiyan. Can confirm.")

8. She wants to be able to fly and believes she needs to train harder to achieve such goals. (Verbatim: "I want to be able to fly. I want to come home. I want to. I just need to train harder.")

9. She finds pumpkin carving appealing but notes the difficulty in obtaining a pumpkin. (Verbatim: "I wonder if I could do pumpkin carving. It's really hard to- 'cause, like, gotta find a pumpkin.")

10. She has a dog that appears in her dreams. (Verbatim: "But it was me and my dog, just me and my dog in my zombie dream, unfortunately.") [end of text]



1. Her full name is Elia Stellaria. (Verbatim: "I am Eriya Stenaria.")  
2. She aims to spread joy and make people happy through her streaming. (Verbatim: "Doing my best is to make people happy and doing my best is to spread this much joy as I can to as many people as possible.")  
3. She identifies as wholesome and consistently strives to maintain that image. (Verbatim: "I am always wholesome. I'm never not wholesome.")  
4. She considers herself an introvert. (Verbatim: "I'm an introvert.")  
5. She has a self-deprecating sense of humor and sometimes compares herself to a malfunctioning windshield wiper on a dry window, implying she feels occasionally unnecessary or awkward. (Verbatim: "It's on a dry window that's completely unnecessary. It's like I'm trying to be useful, okay? I'm trying. I'm slow and not functioning.")  
6. She values viewer presence over donations and emphasizes that simply watching the stream means a lot to her. (Verbatim: "Just being here and spending time with me is already so much. It means so much.")  
7. She believes fans do not need to donate to show support or prove their care. (Verbatim: "You don't have to super- / Don't know to show that. It's okay.")  
8. She refers to her fans as being part of "lurk city," indicating she welcomes passive viewership and understands shyness. (Verbatim: "Because, you know, lurk city is not so bad. It's where the introverts are chilling.")  
9. She has a playful, fictional rule system involving a "Goose Queen" and "Stenana tax," suggesting part of her lore involves whimsical governance or fantasy elements. (Verbatim: "Rule zero. Always pay your Stenana and starting tax to the Goose Queen.")  
10. She sees herself as a loyal companion to her audience, even playfully offering to be their Pokémon. (Verbatim: "I can be your Pokemon if you want, if you treat me well. I'll fight for thee.") [end of text]



1. She identifies as an anime girl rather than a real girl. (Verbatim: "I'm not your banana. No, no, no, no, no, no, no, no, no, no. I don't wanna be a banana. I wanna be a girl. A real girl. I'm a... No, no real girl. An anime girl. Even better.")

2. She has a habit of hoarding items, which causes problems. (Verbatim: "Mama Elia is a hoarder of items. Yes, and that leads to problems.")

3. She studied data science and is trained in statistics and data analysis. (Verbatim: "I am a fully trained data scientist i go through my stats i do stat analyses okay i can but y'all want to get technical about it you punks... one of my backup career options is in data science data analyses.")

4. She does not claim to be intelligent despite her education. (Verbatim: "i do not claim to be intelligent um i don't claim to be have intelligence i just claim to have been able to do something at a very specific moment in time to gain my very specific piece of paper that cost me a ton of money.")

5. She enjoys dry sarcasm and identifies it as a form of British humor. (Verbatim: "sarcasm is definitely a form of humor that we love here in england... dry sarcasm is is right up my my my humor because it comes with the british card so.")

6. She has a large collection of thigh-high socks and owns a drawer dedicated to them. (Verbatim: "i actually love my thigh high socks... i have a whole drawer dedicated to thigh highs... can confirm i have a whole whole drawer thing there's just there's just thigh high socks... they're mine okay they're mine.")

7. She once stayed up until 5 a.m. drinking coffee and making bad financial decisions. (Verbatim: "I drank coffee and stayed up until 5 a.m. making bad financial decisions.")

8. She values self-love and emphasizes taking care of oneself. (Verbatim: "I always take care and love myself as much as I support and love you.")

9. She finds it difficult to disappoint her audience when she can't spend time with them. (Verbatim: "But I don't want to disappoint you! And it makes me sad that I don't get to spend time with you.")

10. She believes learning is continuous and that no one can be truly intelligent. (Verbatim: "no one can truly be intelligent... the moment you think you're intelligent is the moment you stop learning.") [end of text]



1. Her favorite color is purple. (Verbatim: "ah my favorite color is purple yeah because that tasted purple i know i know i know")

2. She is currently working on a music cover that will be released soon. (Verbatim: "i have a cover coming out very very very very very soon that's been organized along with some other projects")

3. She is taking Japanese lessons. (Verbatim: "i've been doing things like my japanese lessons and my singing lessons")

4. She is taking singing lessons. (Verbatim: "i've been doing things like my japanese lessons and my singing lessons")

5. She plays Baldur’s Gate 3 for relaxation and mental relief. (Verbatim: "the only breaks i've been taken have been to play boulders gate 3 for my own sanity")

6. She is the sole person managing her VTuber channel, with no team support. (Verbatim: "it's it's a team of me myself and i okay running this show")

7. She previously had editors but has been working without them for over a month. (Verbatim: "i've not had editors for like for like over a month um i've only just recently like um started working with editors again")

8. She experiences stress and is actively trying to avoid burnout. (Verbatim: "i'm trying not to burn out basically and that's why i've been doing a lot of breaks")

9. She feels guilt over not being able to keep up with donor messages and backlogs. (Verbatim: "i already feel guilty about the me malia review and and i know there's no donors")

10. She plans to organize Halloween-related content. (Verbatim: "i also need to plan halloween things as well because we got i did say we gonna do speaky things") [end of text]



1. She wants to make people happy as her main reason for being a VTuber. (Verbatim: "why i do what i do is happy happy i don't want it to become stressed city dial yeah")

2. She struggles with mental health and the pressure of not wanting to disappoint her audience. (Verbatim: "i'm worried that the pressures i'm placing upon myself and my worries of being a disappointment may be maybe badly affecting myself in my mental")

3. She aims to avoid burnout by taking things step by step. (Verbatim: "i want to try and find time for everything i also don't want to burn out and i'm taking it step by step step by step")

4. She has a to-do list that includes opening editor and moderator applications. (Verbatim: "i will be opening up um editor applications soon along with mod applications again these are just many many amongst the many things that is in the pile of elia's to-do lists")

5. She considers herself disorganized and wishes she were more capable. (Verbatim: "i wish i was better and stronger and wiser and more organized and able to do my laundry")

6. She enjoys receiving hugs, cuddles, and head pats. (Verbatim: "I was literally, like, just... before the raid, I was saying how much I would love a cuddle right now. A cuddle, a hug, a head pat, anything onagai shimasu.")

7. She previously released a "propaganda video" that she refers to humorously. (Verbatim: "return made me go check how long ago i posted that propaganda video on the tag it was 87 years ago")

8. She is interested in playing Elden Ring and Hades, though she mentions a preference for Elden Ring over The Witcher. (Verbatim: "if i had to pick between witcher and elden ring i'd probably play elden ring i think")

9. She has considered creating a subreddit for community-driven meme reviews. (Verbatim: "if i make a subreddit would you guys use it my worry would be you wouldn't use it but we could make one if it's okay")

10. She once had a dream about working on video edits. (Verbatim: "yeah okay um okay for now it has been four five and a half hours so it is time for it is time for no speaker it's time for bye bye i've gotta go i've gotta go please please") — *Note: The dream context is implied earlier in the stream with "yeah i know it was like in this dream working on some editing edits"* (Verbatim: "yeah i know it was like in this dream working on some editing edits") [end of text]



1. She has a habit of keeping detailed logs of the games she starts and intends to complete. (Verbatim: "I do keep track of all the games I have started... I do keep a very good log of all the games that I need to complete.")

2. She became heavily addicted to *Baldur’s Gate 3*, playing it extensively off-stream and accumulating 150 hours. (Verbatim: "I got really addicted to boulders gate... I've been playing a lot of boulders gate off stream... I currently have 150 hours on the game.")

3. *Baldur’s Gate 3* has become her go-to relaxing game, which she plays as a break from other activities. (Verbatim: "It's been my like um game that I've been just playing tons of um as like a break from everything... it's just become a relaxing game to me.")

4. She chose to do a "Dark Urge" run in *Baldur’s Gate 3*, indicating a preference for alternative or challenging character paths. (Verbatim: "I decided to do a dark urge run um so in the game there's like dark urge um.")

5. She accidentally kicked a squirrel in a game, not realizing it would kill it, and expressed mild guilt. (Verbatim: "I didn't realize it would unalive the squirrel if you kicked it... I just didn't realize she didn't realize like yeah.")

6. She acknowledges the risk of burnout and is intentionally pacing herself in her streaming career. (Verbatim: "I've been taking that advice seriously... I'm not actually at my full pace... taking it step by step.")

7. She has increased her content output recently, including more streams and YouTube Shorts. (Verbatim: "There's a bit more activity like... more streams then there's the shorts appearing... I've been making and then yeah.")

8. She used to receive advice against posting YouTube Shorts, but now believes mixed content is encouraged by YouTube’s algorithm. (Verbatim: "They actually changed the algorithm to bridge those together... YouTube strongly encourage mixed content now.")

9. She references Pokémon NPCs, particularly "Youngster Joey," indicating familiarity with and affection for the Pokémon series. (Verbatim: "Is it youngster joey youngster joey yeah is that npc that's it that's what i meant npc.")

10. She has a playful, self-aware sense of humor about her content, joking about her Shorts and referencing memes and anime. (Verbatim: "Once we summon shenron we can ask to become um we can ask to become fukage... on the next episode of dragon ball zed.") [end of text]



NO RELEVANT INFORMATION [end of text]



1. The hashtag #memeElia was created by Elia Stellaria as a source of joy and for Tuesday-themed content. (Verbatim: "hashtag meme elia was created not only for joy but for tuesdays")

2. Elia Stellaria initiated the #memeElia review series, intending to go through memes posted by her community. (Verbatim: "meme elia was created... elia stellaria of the past it was meant to be that she was supposed to go through all the memes")

3. Elia underestimated the popularity and volume of memes generated by her community, which led to an overwhelming backlog. (Verbatim: "she completely underestimated the the meme power of of her community... she had no contingencies in place to deal with such a thing")

4. Elia identifies herself as a procrastinator and struggles with anxiety over delayed responses to community content. (Verbatim: "i am a procrastinator i am i am a procrastinator i'm not good with dealing with things")

5. Elia experienced emotional distress in school due to a perceived unfairness in leadership selections based on popularity rather than merit. (Verbatim: "it's done with a heckin popularity contest... i could try as hard as i wanted with my grades but i was no way winning that")

6. Elia did not win a prom-related title like prom queen, and she describes her prom night as awful. (Verbatim: "i did not become prom queen... it was awful awful awful awful what an awful awful night")

7. Elia expresses a desire to have a meme manager to help curate and organize community memes for her streams. (Verbatim: "i need to get myself a meme mod i need i need i need to get myself a meme manager")

8. Elia values fairness and wants to avoid making anyone feel bad when reviewing community content. (Verbatim: "i want to try and be fair and talk about each one just as much as the other")

9. Elia created a fictional lore involving fighting the "fire nation" and "banana poles" as part of her stream narrative. (Verbatim: "dealing with the fire nation attack... fight against the banana poles to this day she's still unaware about how to defeat the banana")

10. Elia conceptualizes her past self as having created something significant, framing it in a mythical, storybook manner. (Verbatim: "once upon a time elia created something something of something") [end of text]



1. She had a very negative experience at her prom, which she describes as "awful." (Verbatim: "popularity like like i did not become prom queen one assumes i had a good prom it was awful it was awful awful awful awful what an awful awful night")

2. She expresses a desire to be funnier and views herself as not naturally funny. (Verbatim: "i'm just not just not funny i wish i was i wish i was a bundle of hilarity")

3. She enjoys student council-themed anime. (Verbatim: "i do love a good student council anime like i do i do i do")

4. She has played *The Witcher* in the past but did not get far into the game. (Verbatim: "i played it once upon a time um but but basically what happened was i didn't get far um i got to this like mission about helping some lady get her pan and that's as far as i got")

5. She wants to play *Elden Ring* in the future. (Verbatim: "i also want to play elden ring my gosh there's so many games i want to play")

6. She is stressed due to ongoing issues with her YouTube account’s monetization being suspended. (Verbatim: "my youtube account is messed up and and i can't i can't fix it and i'm having a very very stressful time actually dealing with it")

7. A recent YouTube ad she created was banned, which led to her monetization being disabled. (Verbatim: "when my advert got banned by youtube it it banned my whole like the monetization size side of the account")

8. She has been struggling with unhelpful and repetitive customer support while trying to resolve her YouTube issue. (Verbatim: "each one like i go to one team i go to like the support team and the support team's like no you need to contact this other team")

9. She finds dealing with YouTube support to be patronizing and frustrating. (Verbatim: "this advice was like you need to follow my like was really really really patronizing")

10. She wishes she could spend her time on content creation instead of administrative issues. (Verbatim: "i could be using that time writing members posts instead but no i've been like dealing with customer service") [end of text]



NO RELEVANT INFORMATION [end of text]



1. She owns a Samoyed dog named Stellina who has unusual habits. (Verbatim: "my dog stellina okay and stellina has a weird habit... trying to steal my underwear but used underwear")

2. Her dog was adopted from a previous home when she was a few months old and was untrained at the time. (Verbatim: "i basically got her from another home but didn't want her anymore... she wasn't trained at all to be honest")

3. She believes her dog is very intelligent and learns tricks quickly despite early behavioral issues. (Verbatim: "she's actually really smart she actually picked up tricks very fast... she does know a lot of tricks and she picks them up very fast")

4. She once memorized many digits of pi to seem cool, though she no longer remembers all of them. (Verbatim: "i thought it would be really cool to learn pi... i just wanted to be cool")

5. She has a habit of sitting or Asian squatting on one side of her bath mat after showering while drying off. (Verbatim: "i just like asian squat there like with my towel around me... one side i use for stepping on and one side i use for sitting on")

6. She enjoys iced coffee and milkshakes, which she can easily drink compared to other beverages. (Verbatim: "i genuinely can't down oh no milkshakes i can down i can down milkshakes and iced coffee")

7. She has a recurring inside joke or meme with a friend named Speaker about characters being the same, such as Shulk and Hulk. (Verbatim: "basically her thought process for this was that they have the same pose... boom they're actually the same character")

8. She is considering playing the game "Q" again, which she hasn't played in a while. (Verbatim: "i was thinking of maybe playing q again i haven't played q for a while")

9. She finds it difficult to train her dog because people encourage her strange behavior by finding her cute. (Verbatim: "it doesn't help that like people don't ever get mad at her they're just like haha oh it's okay she's so cute")

10. Her dog has a history of being obsessed with feet and shoes, which she has partially corrected through training. (Verbatim: "she was obsessed with feet and obsessed with shoes... always going for shoes and always going for feet") [end of text]



1. Her goal as a VTuber is to spread as much happiness as possible and make everyone feel welcome and seen. (Verbatim: "my goal as a vtuber um is to um is to try and spread as much happiness as possible... I want to make sure that everyone here feels welcome and seen and they're a part of something.")

2. She identifies as a normal, average British girl and does not consider herself special. (Verbatim: "i'm just elia you know i'm just a i'm british girl not goose... i don't think i'm anything special.")

3. She has an extremely weird dog. (Verbatim: "i'm just a normal girl with an extremely weird dog.")

4. She struggles with the idea of being happy and sometimes feels fear or guilt when she is very happy, especially if she’s not used to it. (Verbatim: "do you ever get so happy you get scared... like I ain't ever I ain't gonna be this happy like yeah... hey life ain't been this kind to me normally I'm scared but but I appreciate it.")

5. She previously disappointed her parents and carries that emotional weight. (Verbatim: "i've already given enough disappointment to my parents.")

6. She believes in trying hard despite feeling talentless and wants to inspire others who feel the same. (Verbatim: "even if one may consider me talentless and stuff it doesn't mean i shouldn't try... we're in the same boat i think you know.")

7. She deals with hate or criticism by focusing on trying her best and staying kind. (Verbatim: "all I can do is keep trying my best and keep trying to be kind so... I'm gonna just keep doing that.")

8. She wants to reach people who are having a tough time and bring them comfort through her growth. (Verbatim: "I want to be able to reach them so yeah like... I want to grow so that I can reach reach people that are really really really you know having a tough time.")

9. She dislikes the idea of viewers spending money on her and insists they take care of themselves first. (Verbatim: "rule one take care of yourself which means look after yourself which means spend money on yourself okay.")

10. She embraces being “cringe” and wants to be kind in a world she sees as too edgy. (Verbatim: "let me be cringe like let me be cringe... I just want to be kind I just want to I feel like the world's too edgy and I just want to be this cringe being.") [end of text]



1. She identifies as British. (Verbatim: "i'm british i'm sorry you're gonna have to accept that one day you're gonna have to accept i'm british")
2. She does not identify as a banana, goose, kettle, or alien, despite community jokes. (Verbatim: "i'm not a banana i've got a mama goose like i'm not i'm not i'm not i'm not okay i'm not a goose i'm not a mama goose i'm not a kettle and i'm not a banana")
3. She was raised to be very independent and values self-sufficiency. (Verbatim: "i was raised to be very um independent as a person um and and i'm not one that um like when it comes to like codependency i don't want")
4. She believes codependency is toxic and wants her community to be happy with themselves first. (Verbatim: "i don't want like i believe it's toxic to be extremely codependent i think i want you to be happy with yourselves first and foremost")
5. Her goal is to cultivate a kind, non-toxic community where people support and uplift each other. (Verbatim: "i do truly hope that i cultivate it in a non-toxic and and kind manner")
6. She wants her audience to love themselves more than they love her. (Verbatim: "i want you to love yourself more than anything okay like yeah yeah yeah yeah")
7. She sees her relationship with her community as one of mutual coping and sharing cringe together. (Verbatim: "we just cope and cringe together okay that that's it we just yeah cope and cringe")
8. She does not consider herself cool and jokes about wanting a “cool certification.” (Verbatim: "i've never ever ever ever ever considered myself to be cool i hope to one day get a cool certification")
9. She has a to-do list that includes making more banana-related posts. (Verbatim: "i need to do more banana posts it's actually on my to-do list")
10. She struggles with organizing digital files, indicating a self-awareness of personal messiness. (Verbatim: "organizing this folder i like it's the consequences of my actions or the actions of my") [end of text]



1. She used to get sick very often as a child and had a weak immune system, but has since improved. (Verbatim: "i used to get ill and sick very frequently like i wasn't the most well child i guess and and um yeah like i feel like i've got a much better immune system now")

2. She feels intense guilt when she has to cancel or cut short a stream, even crying after ending one early. (Verbatim: "when i had to cut short the stream where i was playing parasocial um my goodness i just i cried on the sofa i just felt like i don't know i just feel bad")

3. She has experienced migraines that were severe enough to prevent her from seeing, reading, or playing games. (Verbatim: "with the migraine although mentally i feel like i probably could have continued i just couldn't see i just couldn't egg and see which which meant i couldn't play")

4. She tends to panic about being late for obligations, sometimes arriving extremely early due to habitual anxiety. (Verbatim: "i panic and then i get up and i rush and i rush and i rush and i get to work and then i'm like it either like two hours early one hour early or not even working that day")

5. She repairs her clothes by sewing them when they get damaged, but has reached the limit with one skirt she’s had for years. (Verbatim: "i can't sew it up anymore um i can't like i sew up my clothes when they get holes and stuff but then it reaches a point where you just can't sew up your clothes anymore")

6. She bought a replacement skirt in the smallest size available, but it was still too big, noting differences in clothing sizing between regions. (Verbatim: "i bought the smallest size they had that is sad i did choose the size but in eight i don't know is it like this in other countries where like one size in one shop is always different")

7. She associates England with larger clothing sizes and Asia with smaller sizing standards. (Verbatim: "in England the sizes do tend to be bigger than like Asia land sizes like so yeah yeah yeah yeah like it Asia land sizes I find are very different")

8. She keeps her blinds or curtains closed during streams, possibly due to light sensitivity, especially when unwell. (Verbatim: "currently all my blinds are closed blinds curtains whatever they're called")

9. She wears sunglasses indoors, potentially due to light sensitivity or migraines. (Verbatim: "i still have to i'm still wearing my sunglasses")

10. She has a habit of mentally rehearsing streams in advance, to the point of imagining she’s already done them. (Verbatim: "she's 15 minutes late for her live stream because she's too busy dreaming of live streaming because in her head she's already live streaming and is thus not late") [end of text]



