1. She is passionate about graphic design. (Verbatim: "Graphic design is indeed my passion, graphic design is my passion, graphic design is my passion...")
2. She created all visual elements for her first event, including opening, gaming, and ending screens. (Verbatim: "We had the opening screen, the gaming screen, the ending screen, all of that I made. It was me, myself and I making that.")
3. She uses After Effects for her graphic design work. (Verbatim: "It was fun using After Effects, yeah, and I made the logo as well, yeah, yeah, yeah, yeah...")
4. She struggles with sleep schedule disruptions. (Verbatim: "I have a messed up sleeping pattern.")
5. She experiences anxiety when organizing events. (Verbatim: "It was definitely very very very very very very very scary um on in many ways... the anxiety is real")
6. She has difficulty trusting her decisions when sleep-deprived. (Verbatim: "I should not trust 2am me. 2am me really, really, really doesn't function.")
7. She has experienced severe fatigue despite not traveling. (Verbatim: "Yesterday was genuinely, like, jet lagged. Like, I was passing out just, like, unbelievably sleety. I didn't even, I haven't even gone anywhere.")
8. She is an anxious overthinker. (Verbatim: "I'm an anxious over thinker you know me you heckin know me")
9. She values inclusivity in VTuber events. (Verbatim: "I wanted to be kind of like a bridge between indies and corbeau... to make it as inclusive as possible")
10. She is concerned about online toxicity toward kind people. (Verbatim: "there will be people out there that will be mean to them just for just for being nice to me") [end of text]



1. She lived in a rainforest for several months while conducting research. (Verbatim: "I so I lived in the Rainforest for a couple of months...")
2. She previously worked as a scientist before becoming a VTuber. (Verbatim: "I was a scientist uh once upon a time um until i gave up the scientistness to be vtuber")
3. She has a fear of spiders and was terrified by a large spider that was eating a frog in the rainforest. (Verbatim: "my god spiders are terrifying and like unlike ingerland and like in england that the spiders there can actually hurt you")
4. She once had a pet black widow spider, which she kept in her room during her time in the rainforest. (Verbatim: "i did keep a spider as a pet my little pet little black i think it was a black widow")
5. She watched a dramatic fight between a mantis and her pet black widow spider as entertainment during her time in the rainforest. (Verbatim: "i have a video of it fighting a mantis yeah and it was such a dramatic fight")
6. She has a strong aversion to being mistaken for a goose or any kind of bird. (Verbatim: "i'm not a goose not a goose not a goose just just in case you didn't get that message")
7. She identifies as a celestial messenger, not a bird or animal. (Verbatim: "these are my not goose wings okay these are celestial messenger wings i am a celestial messenger not a goose")
8. She has nightmares about snakes, bugs, and spiders from her time in the rainforest. (Verbatim: "i had nightmares every night um like every night when i was there of snakes and bugs and spiders")
9. She played a dating simulator game called "Hatterful Boyfriend" during a Valentine's-themed stream. (Verbatim: "we're gonna see how well i do and i believe hatterful boyfriend is the first dating sim in the dating simulator lineup of this week")
10. She created and distributed Valentine's Day-themed cards for her audience. (Verbatim: "here's my british valentine's cards um oh gosh i need to remember what they are") [end of text]



1. She has a dog who is very playful and occasionally destructive. (Verbatim: "my dog decided to chew the ethernet cable when she was a puppy")
2. Her dog once chewed her only ethernet cable, causing her to lose internet access. (Verbatim: "she chewed the ethernet cable and then i had no internet")
3. She prefers wired internet connections over Wi-Fi for her PC. (Verbatim: "no no wi-fi for my pc wired connection wired connection over everything")
4. Her PC does not have a built-in Wi-Fi card, requiring a physical ethernet connection. (Verbatim: "my pc doesn't have a wi-fi thingy on it")
5. She dislikes spicy food and cannot tolerate it despite being in foreign countries. (Verbatim: "I can't help it I don't like the spicy food")
6. She attributes her dislike of spicy food to her father's taste, describing it as "bland". (Verbatim: "I very much picked up his taste in food which is just bland")
7. She has a strong preference for McDonald's availability when choosing a place to live. (Verbatim: "I wanted somewhere that had at least mcdonald's available")
8. She once accidentally ordered food from another country while on holiday. (Verbatim: "I went to order pizza when i was on holiday and um i think i must have clicked the wrong place")
9. She has difficulty communicating in foreign languages and relies on her mother to help in restaurants. (Verbatim: "mother be my be my voice oh dear oh dear")
10. She finds it challenging to get grooming appointments for her dog due to high demand. (Verbatim: "it's so hard to get an appointment like they do like a big like blow blow out or something") [end of text]



1. She has a strong emotional connection to losing in childhood games and values earning victories through skill. (Verbatim: "I will live in sadness and pain until I get good.")  
2. She grew up with two brothers and older parents, which influenced her competitive mindset. (Verbatim: "I grew up with two brothers okay one of them's older and then there's obviously my parents as well that are older.")  
3. She played Super Smash Bros. as a child and experienced frequent losses, leading to emotional distress. (Verbatim: "as a kid you just keep losing because you're a kid and pretty much everybody is older than you")  
4. She refused pity wins in childhood games, insisting on earning victories through personal improvement. (Verbatim: "I don't want a pity win I want to win in my own accord")  
5. She is a former support main in League of Legends with a peak rank of Diamond. (Verbatim: "my peak is diamond where I pretty much just played said champion")  
6. She has over 1 million mastery points on Nami in one League of Legends account. (Verbatim: "I have over 1 million mastery points on Nami on one of my accounts")  
7. She plays several support champions including Lulu, Soraka, Janna, Zyra, and Karma. (Verbatim: "we're talking Lulu, Soraka, Janna, Zyra, Karma if it's a girl a player")  
8. She considers herself the worst Braum player in existence. (Verbatim: "I would say I'm the worst Braum player in existence just really bad at that champion")  
9. She is currently trying to learn how to play AD Carry in League of Legends, though it is outside her comfort zone. (Verbatim: "I would like to try to learn how to play AD carry")  
10. She struggles with high ping in online games, particularly on the NA server with over 100 ping. (Verbatim: "I can't cope with the lag the ping the ping of the na server hurts me too much") [end of text]



1. She organized a 1,000-dollar base building competition event in Pow World with 16 participating VTubers. (Verbatim: "for the one that i did on the one thousand dollar base building competition i did in pow world")
2. She created custom graphics for her events, including opening screens, promo videos, stingers, and ending screens. (Verbatim: "the opening screen the promo video the stinger i made myself the chatting room i set up and the ending screen")
3. She is a last-minute preparer and prefers one-take execution over rehearsals. (Verbatim: "i'm a one take kind of person i'm a last minute kind of prep person")
4. She has been working on game development in the background. (Verbatim: "yeah i'm still working on my game dev in the background")
5. She has a persistent state of nervousness. (Verbatim: "i live in a permanent state of nervousness")
6. She is anxious about events, especially when participants drop out. (Verbatim: "if everybody drops out then like like then we have a problem then we have a pro then i get then i get really anxious")
7. She used Windows Movie Maker 2012 to create her channel trailer. (Verbatim: "yay i hope it really works to entice tons of people in and be like heck yeah this is this is where i need to be oh my god yeah yeah yeah yeah oh yeah i'll i'll post that later properly on on twitch um yeah yeah yeah yeah wait if you saw this trailer about knowing me you think wow this girl wanted to become a streamer for a long time oh gosh yeah i've just had that set there from 2012")
8. She has been using the same channel trailer since 2012. (Verbatim: "i've just had that set there from 2012")
9. She is interested in organizing a Windows Movie Maker Film Festival. (Verbatim: "I want to do that I love when we love Windows Movie Maker okay Windows Movie Maker our Hagen beloved")
10. She finds it anxiety-inducing to reach out to companies for sponsorship. (Verbatim: "it can be anxiety inducing asking companies for sponsorship") [end of text]



1. She is a professional procrastinator who thrives in chaos. (Verbatim: "I am a professional procrastinator okay i am very good at doing things last minute")
2. She has a tendency to delay tasks due to fear of not doing them perfectly. (Verbatim: "there's no point in doing it that was a little barrier i had to get over")
3. She struggles with maintaining consistent vocal volume during streams. (Verbatim: "my voice like my volume dynamic is very inconsistent and i end up peaking")
4. She finds deeper vocal tones easier to produce than higher or nasal ones. (Verbatim: "deeper is definitely the easier one um yeah because it's just breath it's just more breath")
5. She prefers to handle event production tasks herself to avoid reliance on others. (Verbatim: "i didn't have to organize getting a trailer i didn't have to organize getting overlays")
6. She believes necessity drives her to learn multiple skills rather than having the privilege to hire help. (Verbatim: "people that are usually good at a lot of different things are only good at them out of the necessity from not having the privilege of being able to like pay someone to do it")
7. She has a habit of working under pressure and finds stress motivating. (Verbatim: "fear and stress can be decent motivators heck yeah it can")
8. She once completed a mini-debut in just six days with no prior planning. (Verbatim: "that was a rush thing in one week like that was not even a week i had to rush everything in the space of like i gave myself a six day deadline")
9. She enjoys making her own graphics, trailers, and overlays for events. (Verbatim: "i have a lot of fun making graphics and stuff so that isn't a worry")
10. She has difficulty maintaining emotional expression in a radio-style voice. (Verbatim: "i just kind of struggle to really demonstrate my emotions") [end of text]



1. She is British. (Verbatim: "I know I'm British.")
2. She has a strong principle to always be kind, even when others are unkind. (Verbatim: "no matter how mean people can get never stoop to that level and just be kind")
3. She believes in doing things for enjoyment, not just for excellence. (Verbatim: "you're allowed to enjoy and have fun doing things where you're not the best")
4. She attended a very small primary school in a village with shared classrooms and few students. (Verbatim: "I went to in a little village and like the classes were shared because there wasn't enough classrooms and there weren't a lot of kids")
5. She felt like a "big fish in a very small pond" during primary school due to being top-ranked in a tiny cohort. (Verbatim: "I was in a very very small pond in primary school so yeah primary school I had a very very small school")
6. She has a dog that flips her skirt, which prompted her to wear shorts underneath her skirt. (Verbatim: "my dog has this habit of flipping skirts so it's important to never know when there's gonna be a fluffy white Samoyed with a tendency to flip skirts")
7. She wears shorts under her skirt for practicality during physical activities or emergencies. (Verbatim: "yeah a high-pitched one I wear shorts underneath my skirt yeah in case I need to jump anywhere or do anything that involves climbing")
8. She is not a goose, despite being called one by fans. (Verbatim: "I'm not even a goose though!")
9. She is aware of the trope that British characters are often portrayed as villains, but insists she is not one. (Verbatim: "And usually the British person is the villain. But I'm not. I'm just British.")
10. She values being a source of happiness for others and sees her purpose as making people happy. (Verbatim: "I'm just the anime girl that wants to make people happy.") [end of text]



1. She considered becoming a doctor but changed her mind before starting university. (Verbatim: "I applied for medicine for university and then changed my mind last second")
2. She has a recurring habit of making small, humorous mistakes like leaving items in the microwave or oven. (Verbatim: "tihi I accidentally left the spoon in the microwave")
3. She identifies with the concept of "tihi moments" as a way to humorously excuse minor mishaps. (Verbatim: "tihi moments are moments that are definitely not okay but it's okay because you can tihi your way out of it")
4. She is not skilled at playing healer roles in games due to the pressure and responsibility involved. (Verbatim: "I can't heal because I can't babysit exactly")
5. She has played the role of DPS in Final Fantasy 14 but found the healer role too stressful. (Verbatim: "I was very tempted by the healer role in final fantasy 14 but it's so much pressure")
6. She has a recurring visual motif of a banana appearing on screen during streams. (Verbatim: "there is a banana on screen though you see it right you see the banana right")
7. She participated in a $1,000 Power World building competition and included the banana as a hidden reference. (Verbatim: "I did a one thousand dollar power world building competition and I had the banana on the screen as well")
8. She is currently learning to use Twitch and Discord bot commands, indicating she is relatively new to the platforms. (Verbatim: "I am quite new to twitch there is a discord")
9. She has a self-deprecating sense of humor about being "broken" and embraces imperfection. (Verbatim: "I think I'm very broken but it's okay because you guys are we could be broken together")
10. She has a playful, recurring joke about being a "banana VTuber" and references her banana-themed polls. (Verbatim: "yes yes that is that is that is me yeah take this tomato to the face you can't teehee the fruit") [end of text]



1. She is not Lavander, despite being mistaken for her. (Verbatim: "carter not lavander not lavander no no no no lavander cry um for those that don't know lavander is a pal in pal world that i don't look like in the slightest okay no no no i am not lavander no no no no no no")
2. She has a dog that she walks regularly. (Verbatim: "i also have to walk my dog so yeah yeah yeah yeah")
3. She enjoys watching her own channel trailer multiple times. (Verbatim: "you guys don't mind watching my movie.mp4 again right because i'm down to watch it again")
4. She has a preference for rice cookers with cute music. (Verbatim: "i really want one with some cute music although i really love the one i have to be honest")
5. She finds jumping spiders unsettling due to their tendency to jump on people. (Verbatim: "which is quite upsetting because- because they'll jump on you. Um, yeah, so be wary of the cute- cute ones.")
6. She has a habit of eating unhealthy food and avoids healthy options. (Verbatim: "only unhealthy goods go in this belly")
7. She is not a goose, despite being mistaken for one and being associated with goose-related humor. (Verbatim: "Elliot isn't a goose. She's our over goose.")
8. She has a strong emotional connection to her viewers, considering their time with her a valuable prize. (Verbatim: "the prize is just for spending time with me though you know that's already a massive prize")
9. She is aware of and acknowledges her own tendency to make humorous, self-deprecating remarks about her identity. (Verbatim: "i'm beginning to feel like a rap sorry i just know that that's the first line the first line is i'm beginning to feel like a rap")
10. She has a fondness for chicken burgers as a conceptual currency. (Verbatim: "the official currency of the banana kingdom is the chicken burger with chicken nuggets serving as a percentage") [end of text]



1. She is British. (Verbatim: "um english is my first language... i am british so okay")
2. Her first language is English. (Verbatim: "english is my first language if anyone just really didn't know")
3. She achieved a perfect score of 100 in English Language GCSEs. (Verbatim: "in secondary school for my english gcs us i got 100")
4. She was kicked out of her English class early because she finished the exam too quickly. (Verbatim: "they didn't know what to do with me but who would have thunk me i thunked i thunked so hard that i got full marks")
5. She considers herself more of a "nap" than a leader. (Verbatim: "i'm more of a nap and that's it i'm more of someone that would just nap a sleeping queen")
6. She identifies as a "sleeping queen" rather than a traditional queen. (Verbatim: "i'm sleeping beauty without the beauty")
7. She has a dog with questionable tastes, including eating poop. (Verbatim: "this is the same dog that likes to eat poop so you you know she has very questionable tastes")
8. She once found a dried-up dead frog in a package. (Verbatim: "one time it was a dead frog though so that really sucked because you really don't want to drop that")
9. She has a playful, self-deprecating view of her own leadership abilities. (Verbatim: "i don't think i'd be a very good queen i'm sorry i am not much of a leader")
10. She humorously refers to herself as "e-goose" and questions its meaning. (Verbatim: "e and elia stands for e-goose confirmed what's an e-goose what even what even is a e-goose") [end of text]



1. She enjoys playing League of Legends. (Verbatim: "I was just about to talk about League, so I was like, imagine you're playing League of Legends...")
2. She finds horror games intimidating. (Verbatim: "I'm too scaredy-cat for this! Please, someone hold my hand!")
3. She has a strong preference for chicken pork. (Verbatim: "Please do you want chicken pork? Yes, it's chicken pork")
4. She frequently experiences hunger during streams and often mentions wanting to eat. (Verbatim: "I want to munch, I will munch, I will munch, I will munch, I will munch soon, soon, soon")
5. She has a habit of making playful, exaggerated expressions like "teehee" and "heckin'". (Verbatim: "Teehee, cause I'm on fire", "I'm just heckin' broke")
6. She refers to her viewers as "punks" in a affectionate, teasing way. (Verbatim: "You heckin' pugs", "you tee heeing punks")
7. She values variety in her content and acknowledges that not all content will appeal to everyone. (Verbatim: "I am quite the variety kind of person so I know not all content will always be of perfect taste...")
8. She has a recurring stream event called "pigeon dating". (Verbatim: "I'll be back the same time tomorrow for, um, for pigeon dating.")
9. She is known for making spontaneous, humorous experiments during streams. (Verbatim: "Oh, I'm gonna run an experiment today, by the way.")
10. She has a close relationship with other VTubers, including Yuki and Koro. (Verbatim: "Koro, I'll send you to Koro, who is one of our winners") [end of text]



1. She is planning a birthday party for her upcoming birthday, which is 24 days away from the stream. (Verbatim: "but the next event is my birthday so i need to plan something super fun for you guys a birthday party a birth an actual birthday party you know how earlier in the studio i mentioned anxiety it's about planning birthday parties whoop whoop")
2. She has a large, white, fluffy dog named Lila who matches her sleep schedule. (Verbatim: "lila's my dog for anybody new i have this big big big big big white fluffy dog and yeah she's in well she's always matched my sleep schedule")
3. She is not a fan of horror games and finds them too scary. (Verbatim: "I'm too scaredy-cat for this! Please, someone hold my hand!")
4. She enjoys playing dating simulators and has scheduled several for her Valentine's-themed event. (Verbatim: "we have a lot of um dating simulators lined up we have some hand cams lined up")
5. She has a hoodie that she promotes as being of high quality and very soft. (Verbatim: "the quality is very good um for the hoodie i was very very surprised by the quality of the hoodie")
6. She is currently using a PC that she has had for several years, which is small in size and has limited upgrade potential. (Verbatim: "i've had this pc for quite a few years um i can't remember when but yeah it's working and that's what's important")
7. She upgraded her PC's RAM from 16GB to 64GB to improve performance, especially for video editing. (Verbatim: "about a few months ago I upgraded to 64 gigabytes of RAM")
8. She is interested in getting a computer sponsor to help upgrade her PC, ideally with an Elliot-themed design. (Verbatim: "i want a computer sponsor to replace my pc i'm joking it's to make people happy")
9. She finds it difficult to navigate clothing sizes across different regions, particularly between Asian, European, and American sizing. (Verbatim: "i find american sizes are bigger and then you have british and european sizes and then you have asian sizes are smaller")
10. She has a close friendship with another VTuber named Liby, who judged a contest and spent six hours with her. (Verbatim: "she was ecstatic when i asked her i was so nervous to ask and i yeah like like i was so scared and nervous and i was like she's so cool she's okay") [end of text]



1. She has anxiety related to planning birthday parties. (Verbatim: "know how earlier in the studio i mentioned anxiety it's about planning birthday parties whoop whoop")
2. She played Final Fantasy XIV before starting her VTuber career. (Verbatim: "i played it back in like way before i was streaming")
3. She stopped playing Final Fantasy XIV to focus on her master's degree. (Verbatim: "because i'd started my master's so yeah that is that is what happened basically i was like no i should focus on my studies")
4. She found playing Final Fantasy XIV alone to be lonely. (Verbatim: "i didn't have any friends on there so i was just playing it solo and and it was kind of lonely i guess")
5. She was unable to join a guild in Final Fantasy XIV due to lack of social interaction. (Verbatim: "nobody approached me" and "i thought that would happen i was there like maybe maybe someone will ask me to to join that guild")
6. She researched dungeons in Final Fantasy XIV extensively to avoid letting her team down. (Verbatim: "i used to study the dungeon like research it before going in")
7. She played as a Black Mage in Final Fantasy XIV, referencing the character Megumin. (Verbatim: "i was dps black mage because megumin")
8. She enjoys the strategic and mechanically complex aspects of Final Fantasy XIV dungeons. (Verbatim: "the dungeons have very interesting mechanics to be fair like it's very fun")
9. She has considered starting her own guild in Final Fantasy XIV in the future. (Verbatim: "maybe i'll start my own guild yeah yeah yeah yeah i should have been more aggressive")
10. She appreciates subtle, thoughtful Valentine’s Day cards, such as one that says "Ellie a bit quiet". (Verbatim: "i appreciate this one a lot um it just says um Ellie a bit quiet") [end of text]



1. She lost her partner five years ago. (Verbatim: "I lost my partner five years ago and i've isolated myself and everyone but watching you")
2. She has difficulty remembering names and directions. (Verbatim: "i don't know if people do remember but if you do and if you don't just like me for realsies")
3. She is bad at fast travel mechanics in games. (Verbatim: "i didn't realize how many people would would not want to reveal their location until the end")
4. She has a habit of falling asleep while playing games. (Verbatim: "i fell asleep a few times i was like okay i just gotta go forward so like i'd hold down the like w key on my keyboard and then just doze off")
5. She values building and creating in games. (Verbatim: "there's not a lot of building materials to work with so that's why i thought it'd be a very interesting contest because there's not much to work with")
6. She has a strong emotional connection to her viewers. (Verbatim: "i've isolated myself and everyone but watching you")
7. She is involved in organizing and hosting game events. (Verbatim: "i made sure to put a pinned comment during the contest that any any donos and supers would be read in the next stream")
8. She has a history of long gaming sessions. (Verbatim: "she was doing these 10 hour streams she was doing these 10 hour streams for like for like a week so 70 hours or no wait she did a tweet about how much how much work was put into it")
9. She is known for her dedication to completing game tasks. (Verbatim: "i got them i got all of them there's like 50 something there's like 50 something of these fast travel points in power world so i'm glad i got them")
10. She has a deep appreciation for creative base designs in games. (Verbatim: "it was definitely safe and you would definitely not break all your bones in your body um yeah 60 70 hours total um so i think it was like six ten hour streams and then two five hour streams as well so a lot of work did go into it") [end of text]



1. She lost her partner five years ago and has since isolated herself. (Verbatim: "I lost my partner five years ago and I've isolated myself and everyone but watching you")
2. She finds comfort and motivation in helping others with mental health. (Verbatim: "watching you encouraging mental health has struck with me has stuck with me")
3. She identifies as a British girl. (Verbatim: "I'm just an average british girl")
4. She has a bruise on her knee from accidentally hitting her desk. (Verbatim: "I have a bruise on my knee but that's because I whacked my knee on my desk")
5. She worked in a store where she frequently bumped into a small table, resulting in a permanent bruise on her leg. (Verbatim: "I always had an issue where I worked in the store and there was this one little table that I always always always always always always walked into")
6. She considers herself bad at horror games. (Verbatim: "I'm too scaredy-cat for this! Please, someone hold my hand!")
7. She has a strong emotional reaction to receiving support, comparing it to asking for a grade. (Verbatim: "It's like having to like ask for like my grade like did I do okay")
8. She is currently in the process of renewing her provisional driving license. (Verbatim: "I think I was thinking of the passport price like yeah yeah yeah someone managed to send a super of exactly 14 buckrooms")
9. She humorously refers to British currency as "buckaroos". (Verbatim: "great british buckaroos those are our currencies there's only two currencies in the world by the way")
10. She has a playful interest in football (soccer), mentioning she might wear football shin pads as part of her outfit. (Verbatim: "I'll get some shin guards I'll get some shin pads yep yep sorry big outfit spoiler it's actually gonna be wearing football shin pads") [end of text]



1. She is half Asian and half English. (Verbatim: "I'm half Asian half English and my family would always like growing up we'd have an English kind of meal or western food one day and then eating food the next day...")
2. She alternates between cooking Asian and English food. (Verbatim: "I alternate I have a habit of alternating between Asian to English food because I always used to think that's how everybody ate...")
3. She believes cooking rice is easy with a rice cooker. (Verbatim: "No it's extremely easy with the rice cooker you just go boom boom boom boom bing done...")
4. She is working to promote rice cookers in England. (Verbatim: "I've been working really hard to spread the word of the rice cooker because a lot of people here actually...")
5. She dislikes diet Coke due to its distinct taste. (Verbatim: "The second drink is a diet Coke I don't like diet Coke and I'm like the heck do I do with this diet Coke...")
6. She prefers Coke Zero for its caffeine content. (Verbatim: "Coke Zero is great but I have it for the caffeine I'll be honest caffeine I need the caffeine...")
7. She enjoys using a foam soap dispenser from Japan. (Verbatim: "I have a little foam dispenser that I got from Japan and when I went to the shop I noticed they actually sell like a foam dispenser refill...")
8. She finds the scent of her new soap very fresh and pleasant. (Verbatim: "I wish you guys could smell my hands they smell so nice like I got this new soap and I was really excited about it...")
9. She has a habit of buying soap refills for her foam dispenser. (Verbatim: "I bought it I was like finally I can buy a soap dispenser refill for the foam...")
10. She finds it surprising that many people in England don’t own rice cookers. (Verbatim: "A lot of people in England do not have rice cookers I've been working really hard to spread the word of the rice cooker...") [end of text]



1. She owns a Zojirushi rice cooker rated for UK use. (Verbatim: "so like that one is kind of like what i what i have um yeah yeah yeah i guess if that is if that is zojirushi ones um that would be cool")
2. She finds it difficult to use rice cookers due to people's misconceptions about their complexity. (Verbatim: "they get intimidated by the whole rice cooker that yeah they didn't realize it's one button")
3. She is aware that Asian rice cookers are banned in the UK due to voltage issues causing fire hazards. (Verbatim: "when i was at uni i remember the halls i lived in had specific rules like very clearly in the contract to be like no foreign rice cookers um something to do with the voltage issue like there's something up with the voltage of um rice cookers that means that they don't they can cause fires here")
4. She has a strong preference for blue-cap milk in the UK, which is whole milk. (Verbatim: "so blue cap is whole milk and then green cap is semi-skimmed and then red cap is like red cap is just super skimmed")
5. She finds circular staircases disorienting and causes her to feel dizzy. (Verbatim: "i get dizzy after i get dizzy walking down the stairs um because like the stairs go round in like a circle and it always makes me dizzy")
6. She dislikes games that cause dizziness, especially those involving spinning. (Verbatim: "i'm not a spinny person which yeah like i don't know how people do it i don't know how people do it")
7. She values self-care above all else in her interactions with fans. (Verbatim: "my first and foremost rule is that i want you to look after yourself okay like that is that is the most important thing always always look after yourself")
8. She is cautious about business-related content like sponsorships and merch, fearing it might change her image. (Verbatim: "i was worried it might feel a bit out of um out of it feel different you know but yeah um when it comes to things like sponsorships and stuff um don't worry i'll make sure that if i have any sponsorships it's with companies that are kind")
9. She believes money earned from sponsorships and events goes directly back into her streams. (Verbatim: "you know and i think it's good that you know if i'm able to do stuff through there i can get more more events and have more big fun times")
10. She has a strong emotional connection to the idea of spinning, viewing it as a fantasy fulfillment. (Verbatim: "that spinny emote is me fulfilling my dreams of being able to spin eternally okay it's letting me it's letting me fulfill fulfill my fantasies of being able to spin") [end of text]



```
1. She has a connection to a fictional character named "Nana Elia" who is over 90 years old. (Verbatim: "just to confirm nana ellia is 90 something i am not 90 something so um they would look at the card and be like similar but no")
2. She has visited Costco in England once, during a special trip before starting university. (Verbatim: "i've only been to it once and that's because i asked i begged my family for a super super super special trip to costco before i went to uni")
3. She is not a senior citizen and is not 90 years old, clarifying a mistaken identity. (Verbatim: "i am not 90 something so um they would look at the card and be like similar but no")
4. She finds the practice of requiring loyalty cards for regular prices to be misleading and manipulative. (Verbatim: "they're like trying to gaslight you into thinking it's cheap yeah and they're like special club card prices")
5. She is aware of and critical of the practice of burning unsold clothing by high-end brands. (Verbatim: "some clothing stores when they're done with the clothes they burn them which i think is also really sad")
6. She is interested in food science and recalls a university module on the topic. (Verbatim: "during my degree we did like a module on like a lot of food science and stuff")
7. She is aware that food waste is a major global issue, with about a third of food produced being wasted. (Verbatim: "the world produces like a heckin ton of food... about a third of it at least doesn't go to anybody because it gets wasted")
8. She finds the practice of not including VAT in visible pricing at Costco to be deceptive. (Verbatim: "the price looks lower than it is and then tax gets added on after and then it's more expensive and i'm like why the heck would you do that")
9. She has experience with retail work, having worked at a shop that received free leftover food from Greg's. (Verbatim: "i used to get it was really sweet one of the places i used to work retail we had a greg's right buy it and okay this is like um top tip for any bakeries")
10. She is aware of how food distribution and economics affect global access to food, despite sufficient global production. (Verbatim: "technically there is enough food produced in the world to feed everybody but about a third of it at least doesn't go to anybody because it gets wasted and then it's also the distribution of said food that prevents like a lot of people having access to it")
``` [end of text]



1. She has a strong fear of public crying due to fear of smudging her eyeliner. (Verbatim: "mostly because when i'm in public i probably like smudge my eyeliner or something you know and yeah i don't want to cry in public")
2. She experienced a traumatic incident at a convention involving a man shouting at her for allegedly cutting the queue. (Verbatim: "this guy was so mean about it dude hadn't moved for like a minute and then started like like you know like the really really really loud person that's like loud and pointing and just like trying to shame the cue cutter")
3. She has a deep-seated anxiety about queuing at conventions due to a past incident where the queue structure collapsed. (Verbatim: "i remember i went to this convention once and i literally wanted to cry because um i was in a queue for something okay and the queue was like a snake")
4. She avoids social interactions at conventions, especially when approached by strangers wanting photos or social media information. (Verbatim: "if someone wants to take my picture i'll be like no or like ask if i've got any sort of like socials and i'm like no i don't have any socials")
5. She feels uncomfortable with the idea of being recognized or cosplayed as, though she finds the idea of someone cosplaying her to be a dream. (Verbatim: "if anyone does cosplay me that would be quite the dream")
6. She once wore a difficult cosplay with large, unwieldy parts that made movement challenging and caused her to accidentally knock over a child. (Verbatim: "i knocked a child to the ground and i felt so bad like just just full-on swerved")
7. She finds it difficult to walk in cosplays with large accessories, particularly wings. (Verbatim: "this is a big this is this big wings are are difficult difficult lemon difficult")
8. She has a fear of being publicly shamed or embarrassed, especially in group settings. (Verbatim: "i genuinely just wanted to curl up and cry like this guy was so mean about it")
9. She is uncomfortable with the idea of being recognized in public, especially if she's not in character. (Verbatim: "i don't think there's been any elia cosplayers ever so um like yeah yeah no um um yeah yeah i i um i will not do that that seems like a terrible idea")
10. She has a strong aversion to being approached by strangers at events, especially when they ask for social media or photos. (Verbatim: "i don't know you what is social what is the internet i don't know what the internet is i live in the wild runs back to the forest see ya") [end of text]



