1. She has a strong connection to the concept of being a "wizard" and references Gandalf's quote about punctuality. (Verbatim: "A wizard is never late, nor is he early, he arrives precisely when he means to.")
2. She once accidentally deleted the "System32" file on her computer, causing significant damage. (Verbatim: "Little Elia actually did delete the 'System32' file.")
3. She formatted a PC to the "Oblivion" after deleting system files, resulting in permanent data loss. (Verbatim: "I full-on formatted that PC into the Oblivion.")
4. She attempted to insert Pokémon cards into a floppy disk slot on an old PC, believing they would unlock a secret game. (Verbatim: "I thought the cards would unlock a secret, special Pokemon game!")
5. She lost childhood photos due to lack of backups after deleting system files. (Verbatim: "On that computer was a lot of childhood pictures that are now gone forever.")
6. She has a nostalgic attachment to old PC games like Doom, Monkey Island, and Lemmings stored on floppy disks and CDs. (Verbatim: "Papa Elia has PC games on floppy disks, I was looking through them a few weeks back...")
7. She is aware that CDs stand for "Compact Disc," though she initially misunderstood the acronym. (Verbatim: "What does CD stand for? C, C disk, C disk? What does the C stand for...")
8. She has a habit of referring to her audience as "starlings and star nanas" instead of "chat" to include lurkers. (Verbatim: "I'll say starlings and stananas, yeah, yeah, yeah, yeah, yeah...")
9. She enjoys eating bagels with cream cheese, though she dislikes thin, crispy bagels. (Verbatim: "They're not they're not they're they're these really really thin really really thin bagels...")
10. She has a playful, self-aware relationship with her own technical incompetence and memory lapses. (Verbatim: "I don't know. I don't know. It's that mystery nighttime where it's like, is it late? Or is it early?") [end of text]



1. She is socially anxious and becomes tense in the presence of other people. (Verbatim: "i get anxious socially anxious and i'm in a setting with another human being so of course i'm nervous like needle or not i'm tense as heck like")
2. She is very quiet in public and outside of streaming contexts. (Verbatim: "i'm quite silent when it comes to things like um so yeah when i've done like if i actually okay you might not believe this because of how i am in my streams okay okay okay i don't really scream in public um those are screams reserved for you guys")
3. She experiences internal screaming despite appearing calm on the outside. (Verbatim: "i look calm and collected on the outside when i go outside followed by a lot of internal screaming")
4. She has a strong emotional reaction to the "Munch" song, crying multiple times during playback. (Verbatim: "*crying* *crying* *crying*")
5. She finds the "Munch" song extremely memorable and difficult to shake off. (Verbatim: "I can't get it out of my head")
6. She enjoys watching and sharing clips from her past streams with her audience. (Verbatim: "i had a heckin ton of fun um i think i i don't know how it was for you all but it was really nice and i really appreciate the the clips")
7. She is open to doing regular clip viewing streams, possibly every two weeks. (Verbatim: "so so mm-hmm um yeah um not not every week maybe like every two weeks or something um as long as we have something to watch otherwise we could we could always watch")
8. She is concerned about copyright issues when sharing content or featuring other channels. (Verbatim: "i need to double check those copyrights on those yeah yeah yeah yeah yeah yeah yeah also um if there's any channels um because i didn't want to like i want this is something i want to do but i don't want to upset anyone by doing it")
9. She has a fondness for the "banana" as a symbolic or playful element, interpreting it as a magic object with personal meaning. (Verbatim: "the banana means anything you need it to mean yeah yeah yeah yeah yeah the banana is anything you desire it's a magic banana magic magic")
10. She has a habit of using the phrase "munch" in a repetitive, almost ritualistic way, especially when eating or thinking about food. (Verbatim: "Munch, munch, munch, munch. It's such a tough-toff.") [end of text]



1. She has experienced migraines and finds her voice soothing for them. (Verbatim: "your voice helps my migraine oh gosh i hope your migraine gets better i hope your migraine gets better soon")
2. She once worked at a retail store for a larger brand where she was shouted at by a customer. (Verbatim: "i remember i got shouted at for the longest time this this like this old man was shouting at me and shouting at me and shouting")
3. She had a supportive manager who stood up for her after a customer confrontation. (Verbatim: "she was like excuse me no that's not okay that's not okay no one shout to my staff like that")
4. Her former manager was promoted to open a store in China. (Verbatim: "she got a big promotion to open up a store in china")
5. She has a strong emotional attachment to her chat community and would never delete them. (Verbatim: "never ever ever ever ever want to delete you")
6. She is currently without valid identification, including a passport, birth certificate, and driver’s license. (Verbatim: "i have no id that's in date can i still go can i can i still go because like")
7. She believes her father (Papa Elia) is highly organized and may have her birth certificate. (Verbatim: "i think if anyone was to have it it would be i think papa ellia")
8. She considers her mother (Mama Elia) to be disorganized and prone to losing things. (Verbatim: "mama ellia is the opposite of organized and loses and it breaks everything")
9. She enjoys playing word games involving fast speech and word repetition. (Verbatim: "wait can you say red bugs blood black bugs blood you have to say it fast and you have three tries")
10. She has a habit of overthinking and self-correcting her speech, especially when it sounds suspicious. (Verbatim: "i didn't mean for that to actually be as sus i i i didn't realize how um how sus that sounded") [end of text]



1. She participated in a VTuber talent show event hosted by another VTuber named Billion. (Verbatim: "there's a vtuber called billion who's doing like a vtuber talent show thing")
2. She felt socially awkward and struggled to interact with others in a group setting. (Verbatim: "me being a socially awkward nugget forgot to say hi")
3. She experienced significant anxiety and emotional distress during the waiting process for the talent show. (Verbatim: "it was really draining... it made my chest was like ah")
4. She has difficulty speaking up in group conversations, especially when nervous. (Verbatim: "i was too scared to really get in on the conversation")
5. She feels she is small in stature and worries her concerns may be dismissed due to this. (Verbatim: "because i am small that's the thing i feel like if i complained it'd be like you small shush")
6. She has organized large events before, indicating prior experience in event management. (Verbatim: "i've organized big events before um obviously not as elia um but yeah")
7. She values emotional well-being and is sensitive to how others feel, especially in high-pressure situations. (Verbatim: "i feel bad for for the other participants that were super nervous but also super super excited")
8. She dislikes situations that create false hope or prolong anxiety unnecessarily. (Verbatim: "it felt i felt like i was back in school a bit where i was just shy and everybody's like quit cooler than me")
9. She reflects on past experiences with school and social anxiety, drawing parallels to current events. (Verbatim: "it felt i felt like i was back in school a bit where i was just shy and everybody's like quit cooler than me")
10. She is self-aware about her tendency to overthink and stress about opportunities, even when they are low-probability. (Verbatim: "i was nervous i was thinking about it all day and i know it was only a chance that like i could get on but i yeah i thought about it all day and then i stressed myself a bit too much") [end of text]



1. She experienced bullying during secondary school. (Verbatim: "when i was back in like secondary school and you know little elia was getting bullied")
2. She coped with bullying by focusing on academic success and showing up consistently. (Verbatim: "i'm gonna turn up to school every day they're not gonna win and i'm gonna get the bestest grades i can")
3. She values self-care and encourages others to take care of themselves. (Verbatim: "i very much strongly believe in rule zero and rule number one where i want you to take care of yourself")
4. She believes the opposite of love is indifference, not hate. (Verbatim: "the opposite of love isn't hate the opposite of love is indifference")
5. She has a dog that provides comfort, though she finds the dog's behavior distracting. (Verbatim: "she also like just keeps trying to like i don't know lick feet lick thighs lick ears and i'm like girl can you not")
6. She used to vent to her cat, but no longer has the cat. (Verbatim: "i used to just vent my cat i don't have my cat anymore")
7. She struggles with sleep deprivation. (Verbatim: "i'm just sleep deprived")
8. She finds it difficult to express herself publicly and is hesitant to speak up for herself. (Verbatim: "i'm not one to speak up for myself much")
9. She redirects frustration from uncontrollable situations into productive effort. (Verbatim: "it's more like a screw luck i'm gonna work hard kind of thing")
10. She is superstitious despite identifying as a scientist. (Verbatim: "mama ellie is very superstitious when it comes to things and i know i'm a scientist i shouldn't be superstitious") [end of text]



1. She graduated top of her class during her Master's program. (Verbatim: "And I did much better. So I actually got a much higher grade than when I did work myself into the ground. So it was interesting because I never... Yeah, and I graduated top of my class.")
2. She pursued a PhD-level academic path, though she did not complete it. (Verbatim: "I took mine all the way to PhD.")
3. She struggled with mental health and self-worth due to high expectations from her mother. (Verbatim: "because like if you're like me and you had like mama elia with high expectations that go beyond the skies")
4. Her mother, referred to as "mama elia," worked in a corporate environment and often prioritized work over family. (Verbatim: "mama elia would always be like oh sorry I can't do this for you my work needs me my work needs me the shop needs me otherwise it will all fall apart")
5. She played Stardew Valley for 24 hours straight during her Master's studies as a form of mental health break. (Verbatim: "i remember finally freeing myself of that guilt um where i could play stardew valley for like 24 hours")
6. She believes in the importance of enjoying the journey rather than only focusing on goals. (Verbatim: "you need to actually enjoy the journey at times, you know?")
7. She has a habit of apologizing frequently, possibly due to being told to "shut up" by her father. (Verbatim: "but i i don't know if it's cute i just remember being told to shut up by papa elia so")
8. She does not have the genetic trait that causes photic sneezing (Achoo syndrome). (Verbatim: "i've never that that's never helped me that's never ever helped me i'll look at the light and be like well now i'm blinded")
9. She once canceled half of her overtime to prioritize personal well-being and happiness. (Verbatim: "I talked to my supervisor and cancelled half of my overtime.")
10. She values work-life balance and actively tries to avoid living to work, unlike her mother. (Verbatim: "i don't want people to be like that it's sad um i didn't bring work home and i'm like you're not getting paid for this work") [end of text]



1. She uses "ex" as a British shorthand for "kiss" in messages. (Verbatim: "Yeah, ex, the little 'x' symbol means 'kiss' in, um, in England.")
2. She has an interest in creating a VTuber handbook for new streamers. (Verbatim: "i'm gonna write that down the vtuber's handbook")
3. She studied new media technologies and the advertising methods of films. (Verbatim: "my focus when i did media um was on new media technologies and looking into the way films advertised and that kind of stuff")
4. She is aware of and has researched YouTube's algorithm changes, particularly those around short-form content. (Verbatim: "i was studying the algorithm and in december 2022 i think or november around then um they did make some changes")
5. She compares YouTube's algorithm updates to game patches, like in League of Legends. (Verbatim: "it's like league of legends there's like a strong champion um and then they patch it")
6. She believes the YouTube algorithm now encourages creators to diversify their content across different categories. (Verbatim: "they changed it to reward people on um expanding and doing different things")
7. She has a tendency to go on long tangents during streams, indicating a lack of focus or attention span. (Verbatim: "i have no attention span in terms of attention span i have none")
8. She has a habit of reading and watching clips from her past content. (Verbatim: "I'll read one more, I'll read one more and we'll finish our pre-stream Zatsu and I will set up clips to watch.")
9. She is involved in music creation, having released songs under the name "Elia Serenades ID." (Verbatim: "elia serenades id and ends her music career yay")
10. She has experience with organizing and producing cover music. (Verbatim: "organizing covers like oh i want to make a cover of this song where the heck do i begin") [end of text]



1. She created an anime-style biology teaching game during her school years. (Verbatim: "i actually made a um i remember this game an anime biology teaching game yeah")
2. She lost a significant personal project due to not backing up her files. (Verbatim: "back it up back it up it's worth backing it up because yeah that laptop just full-on died it and then i lost everything")
3. She has a strong aversion to being stapled, finding the idea painful. (Verbatim: "i don't ever want to get stapled i feel like that would that would hurt like like")
4. She was trusted with operating a paper guillotine in primary school. (Verbatim: "i was the guillotine girl i remember i had special responsibility")
5. She identifies as a support player in online games rather than a fighter. (Verbatim: "i'm much more of a support kind of player yeah support player not not a i wouldn't want to be mean to the villains")
6. She has a long-standing, uninstalled copy of League of Legends on her PC. (Verbatim: "hey hey still there yeah yeah wait would i be a banana superhero would i i'm not really a superhero")
7. She once lost 20 ranked games in a row in League of Legends, which became a core memory. (Verbatim: "i will never forget that day it was so bad i was like core memory because i shouldn't be playing it was like afk troll afk troll afk")
8. She values procrastination as a coping mechanism for stress, despite its negative effects. (Verbatim: "i convinced myself i was productive i needed that rest i needed that i needed that rest yeah yeah yeah that was a productive rest")
9. She has a strong emotional reaction to losing creative work, describing it as a "big tragedy." (Verbatim: "it's a big tragedy i know yeah i don't know i always thought you know like there's that um youtube series")
10. She enjoys watching anime and binge-watching series, often continuing past intended limits. (Verbatim: "i'll just finish this one season okay but now it leads into the second season so maybe i should watch the second season") [end of text]



1. She has a fictional origin involving a being named Elenoir that was born during a stream. (Verbatim: "That was the birth of Elenoir, the birth of Elenoir")
2. She created a persona named Elenoir as a separate entity from her main self. (Verbatim: "I'm not really sure how capable I am on keeping this up for an entire stream")
3. She refers to herself as "Elia Stellaria" in her main persona. (Verbatim: "I'm not mama Elia, I can be mommy though")
4. She has a nickname "Sneaky Nugget" that was used by her aunt. (Verbatim: "I'm a sneaky nugget, so oh my heart just went dokey dokey")
5. She is associated with the name "Elle Noir" as a possible alternate identity. (Verbatim: "It's Elle Noir! Elle Noir!")
6. She has a distinct visual design with colored skin, visible blush, and eyebrows. (Verbatim: "I have different coloured skin, I have a little blush because I'm always just that little bit flustered")
7. She has a visible back view in her character design that includes unique features. (Verbatim: "Oh wait, I never showed you it fully from the back")
8. She has a form that includes a "dark mode" and "light mode" in her visual presentation. (Verbatim: "You got the light mode and the dark mode")
9. She has a habit of making vocal noises during streams, which she acknowledges as excessive. (Verbatim: "I really make a lot of noises, damn that's a lot of noises")
10. She has a playful, affectionate relationship with her audience, often expressing desire to give headpats and hugs. (Verbatim: "Can I give you headpats? I really wanna give you headpats") [end of text]



1. She has a negative experience with blood tests due to poor needle accuracy from nurses. (Verbatim: "the nurse is really bad with her needle aim... she goes stabby stab stab and then she's like oh sorry i can't use this one give me your other one")
2. She dislikes needles and blood-related procedures. (Verbatim: "it explains why i dislike needles and blood hacking yo")
3. She once attempted to frame her older brother with a prank by writing on the wall. (Verbatim: "Super little Elia decided to be a menace one day and wanted to frame her older brother.")
4. Her prank failed because her parents recognized the handwriting as too legible for her brother. (Verbatim: "Mama and Papa Elia were like your older brother can't really write like this at all. that wasn't him. the handwriting is too legible.")
5. She learned she could not be a successful prankster and gave up on being a "menace." (Verbatim: "i was truly foiled and i learned i could never be a menace. i could never be a menace.")
6. She worked at a zoo or zoo-like environment where she learned about the dangers of feeding bananas to monkeys. (Verbatim: "i was working at the zoo basically it was very very bad to give them um fruit.")
7. She believes feeding bananas to monkeys is harmful because modern bananas are too sweet and fattening. (Verbatim: "we've made it so that they're actually really fattening the monkeys so that's that monkey is more like fast food for them")
8. She has a strong opinion about the correct spelling and pronunciation of "herb" (with a 'H'). (Verbatim: "Herb is with a H. Herb, okay? As in herbivores.")
9. She enjoys watching and sharing clips from other VTubers, including Furo Awesome and Bin Octopus. (Verbatim: "The short was from Furo Awesome, arigato, arigato. And the art from Bin Octopus, arigato, arigato.")
10. She has a fondness for bananas, referencing them multiple times in a playful and affectionate way. (Verbatim: "Starling prefers bananas over. Ellia, you want me?") [end of text]



