1. She has a preference for smoothie boxes with a paper straw design. (Verbatim: "I can't! It's made of paper! Help, this responsible adult can't get into a juice box.")
2. She finds paper straws difficult to use as they disintegrate over time. (Verbatim: "Whenever I have a drink with paper straws, they always just disintegrate over time, you know?")
3. She misses the availability of paper straws in Japan, where plastic straws were more common. (Verbatim: "I'm pretty certain everything was still... Everything was still plastic straw here.")
4. She enjoys the flavor combination of cherry, strawberry, and apple in smoothies. (Verbatim: "It's cherry, strawberries, and apple.")
5. She associates the phrase "cherry boy" with a past anime reference. (Verbatim: "That was in like an anime where I kept calling someone cherry boy.")
6. She has a fondness for juice boxes, particularly due to childhood experiences where she didn't get them often. (Verbatim: "the reason why i really like um i really like juice boxes is because i never got juice boxes um when i was little")
7. She identifies as the responsible adult in her family. (Verbatim: "I'm the responsible one in my family I am the one that is responsible")
8. She is the middle child in her family. (Verbatim: "I'm the middle child I'm the middle child okay")
9. She believes that things she didn't have as a child become more desirable in adulthood. (Verbatim: "you know like things you didn't get much of when you were little become something that you really want lots of when you're older")
10. She is familiar with the UK brand Innocent Smoothies and considers it a legitimate adult smoothie brand. (Verbatim: "it's actually a really good smoothie brand here I just happened to buy the kids box") [end of text]



1. She has a habit of streaming both morning and evening sessions. (Verbatim: "for anyone new i will stream a morning and an evening stream actually")
2. She values her viewers' sleep and avoids disrupting their patterns. (Verbatim: "i don't want you guys to hurt your sleeping patterns")
3. She is concerned about financial responsibility and considers adding a rule about it. (Verbatim: "i maybe need to add a new rule called rule three be financially responsible")
4. She has a strong emotional attachment to a character named "Stomach Chan". (Verbatim: "stomach chan i miss you so much my darling")
5. She enjoys watching and engaging with fan-made content, particularly covers and edits. (Verbatim: "i'm excited for it" referring to a cover she's watching)
6. She has a playful, imaginative relationship with AI characters, including one named "Robo Speaker". (Verbatim: "i would like that ai leader to be speaker like for real for real")
7. She has a dog she walks regularly, though weather affects her schedule. (Verbatim: "my need to walk my dog but yeah you chip chat died again although it's raining")
8. She has been streaming for a long time, with average stream lengths between three to four hours. (Verbatim: "yo three hours is my average my average stream length is three to four hours")
9. She has a long-standing connection with a fanbase member named Blake, who is remembered fondly. (Verbatim: "is blake i think i thought we can never forget about you")
10. She has not fully unpacked her belongings after moving 11 months ago. (Verbatim: "i haven't unpacked since i moved 11 months ago") [end of text]



1. She owns a Samoyed dog. (Verbatim: "yeah yeah yeah I'll like if I'm not enjoying it I'll heck and peace out I'll peace out um yeah I'll be like this is not fun in that exact voice yes yes that is my that is the voice that I would use next one is yeah hear that guys I'm pure pure pure pure pure it's me pure I knew it um say so um I knew I told y'all I would say so I'm not just say you're all saying pure suss you punks")
2. She enjoys writing in a private diary. (Verbatim: "i'm gonna write another one actually i'm just writing them whenever i have nice time to write them but i like writing and i like mostly it's actually more so of it being a private diary it's more of it like it's where i like to spend time to just read the comments")
3. She values intention over perfection in her interactions with fans. (Verbatim: "one thing i always keep in mind is like intention is important and my intention is always to try and make you guys happy so if anyone ever feels like ignored or you know anything like that or any unfairness it's not it's not in my intention um at all and i think that's always important to consider")
4. She has experienced being forgotten in the past, particularly during childhood. (Verbatim: "i've been forgotten many times in life throughout my childhood so so yeah um i'm still trying to get used to people being so nice")
5. She finds it difficult to respond to every fan comment individually. (Verbatim: "i don't reply back because basically um a lot of my thought process is i don't want to be um unfair if that makes sense")
6. She is not good at math. (Verbatim: "i am not good at math um")
7. She enjoys reading fan comments and giving them hearts. (Verbatim: "i like to go through and give out give little hearts out to all the comments and like hear what people are like up to and stuff because like yeah or yeah i read those i do read them um")
8. She has a habit of checking membership milestones and gifts. (Verbatim: "okay now it's for membership milestones thank you thank you for getting news thank you vicinity star 101 happy three months i missed you earlier i'm backstream so welcome back")
9. She appreciates being welcomed back after absence. (Verbatim: "i expected um y'all to have forgotten who the heck i was i expected small stream um yeah yeah i am not good at math um")
10. She has a strong desire to make people happy through her content. (Verbatim: "i just want to make people happy that's all i want to do yeah") [end of text]



```
1. She has a pet dog that licks her thighs. (Verbatim: "My dog knows. She's... she's... she's... she's licked my thighs.")
2. She is currently living out of her suitcase. (Verbatim: "Can confirm, can confirm that I'm still living out of my suitcase.")
3. She has a close relationship with a fan named Elliot, who is also a VTuber. (Verbatim: "Our cutest VTuber, Goose, Elliot, wanted to escape the area.")
4. She once attempted to release a song titled "I'm not Goose" after being mistaken for another VTuber. (Verbatim: "Yeah, I'm going to release that as my newest song.")
5. She has a fan Discord community that she is monitoring for updates. (Verbatim: "There is a fan discord that I'm hoping is nice, right?")
6. She refers to herself as "Ellia flavored" when describing her unique personality. (Verbatim: "I'm Ellia flavored.")
7. She has a habit of celebrating member milestones, including three-month and one-month anniversaries. (Verbatim: "Thank you! Happy three months! I love you!")
8. She enjoys eating cheese burgers, specifically a "little cheese burger" as a personal preference. (Verbatim: "It's a little cheese burger I'm gonna have. I look forward to it.")
9. She has a recurring theme of "only up" streams, indicating a long-term content goal. (Verbatim: "I want to get to the top.")
10. She has a history of being tricked into something, referencing a past incident with emotional weight. (Verbatim: "I can't believe I got tricked into...")
``` [end of text]



1. She has a strong connection to the concept of "buddies" as her official group name. (Verbatim: "Our official name is the buddies, TM.")
2. She is working to secure a trademark for her group name. (Verbatim: "They're getting an official trademark.")
3. She has a playful, self-deprecating view of her own appearance, rejecting the idea of being cute. (Verbatim: "I don't think I can fall under cute. I can probably fall under strange.")
4. She enjoys chicken nuggets and has a personal goal to eat them with a panda named Utana Pandora. (Verbatim: "I wanna have chicken nuggets with her. Soon! Soon! Soon! It's on my bucket list.")
5. She has a fondness for the game *The Legend of Zelda: Tears of the Kingdom*, planning to play it after class. (Verbatim: "I'll see you guys soon for Tears of the Kingdom.")
6. She once visited a zoo and had a negative experience with people who pushed past her in line to see pandas. (Verbatim: "the panda women were like the people that pushed me out the way to look at the pandas after we queued for like half an hour.")
7. She references a fictional panda named Utana Pandora, indicating she may have a personal attachment or imaginative connection to the character. (Verbatim: "She would never push. No, no, no. No, no, no, no.")
8. She has a habit of using the phrase "heckin'" as a verbal tic, suggesting it's a recurring stylistic choice. (Verbatim: "I'm heckin' slow.")
9. She has a self-aware sense of being slow and methodical, which she acknowledges as part of her identity. (Verbatim: "I'm heckin' slow.")
10. She has a playful, imaginative mindset, often referencing fictional or absurd scenarios like time travelers and "prologue level new" members. (Verbatim: "You're newer than new. You're heckin' prologue level new.") [end of text]



1. She is British. (Verbatim: "no i'm british sorry")
2. She has a dog named a Samoyed. (Verbatim: "my dog can swim which is odd because samoyeds aren't known for swimming")
3. She frequently falls and has nearly broken bones multiple times. (Verbatim: "i fall a lot um i'm i'm i do my best to try and be well-footed but yeah like i don't know oh like jumping off things is not a good idea")
4. She was concerned about her bone health during university. (Verbatim: "at uni i didn't really have any so um yeah i remember i got one of those like scans")
5. She was advised by a doctor to increase her calcium intake. (Verbatim: "they were like yo girl get some calcium")
6. She believes bones stop absorbing calcium around age 30. (Verbatim: "bones stop absorbing calcium at about the age of 30")
7. She procrastinates on health-related goals like taking calcium supplements. (Verbatim: "i'll do it later procrastination is heckin life")
8. She has experienced vitamin C deficiency concerns. (Verbatim: "it's estimated in the uk that one in every 20 people has vitamin c deficiency")
9. She has difficulty treading water and tends to sink while swimming. (Verbatim: "i don't get it i just sink every time i'm like i'm doing it exactly as they describe it okay i'm going and i drown")
10. She is self-aware of her physical fragility and small stature. (Verbatim: "do i look like i could break a bone like like do i do i look like i could break a bone with these little spaghetti arms and my little hands") [end of text]



1. She has a dog that performs a "snow fox dive" behavior. (Verbatim: "she does the little like dive thingamajiggy that that foxes do but she always does it on my bed")
2. She recently returned from a trip to Japan that lasted most of July. (Verbatim: "i was in japan for for basically the whole of july")
3. She appreciates her audience's continued support despite her extended absence. (Verbatim: "i do appreciate the fact that you're all still here even that has gone for so long thank you for not forgetting")
4. She streams regularly and has a dedicated fanbase that sends donations. (Verbatim: "i'm back stream yes yes yes yes yes yes yes yes")
5. She has a habit of going off on tangents during streams. (Verbatim: "i don't think we need any more tangents i love how these donors are still very accurate")
6. She uses a dual-monitor setup and has rearranged her desk and monitor positions. (Verbatim: "i swapped my screens around i don't know if that has any effect on your life or means anything to you but yeah i swapped my monitors around")
7. She struggles with sleep and has been having difficulty relaxing. (Verbatim: "i've been struggling to sleep but yeah")
8. She enjoys playing games that involve playful, cat-like or fox-like behaviors with her dog. (Verbatim: "i like playing that game it's one you normally play with cats i think but i didn't realize dogs could play it too")
9. She has a collection of anime figures displayed on her desk. (Verbatim: "i still have an obscure view of all my anime figures they look beautiful")
10. She uses a juice box as a drinking container and finds it difficult to open with a paper straw. (Verbatim: "Elias the liar is in England trying to put a paper straw into a juice box and is struggling yet again because it doesn't hecking work") [end of text]



1. She visited Japan recently and had memorable experiences there. (Verbatim: "um actually i went to um um i went to universal world while i was in japan okay")
2. She received a large "I'm on holotei" sticker at Universal Studios Japan, marking her as a tourist. (Verbatim: "she gave me this big big sticker this this big i'm on holotei sticker so everybody would know i am a tourist")
3. She was given a birthday sticker at Disney Japan by a staff member who mistakenly believed it was her birthday. (Verbatim: "she thought she was funny but she lied she said she told them it was my birthday and it wasn't")
4. She dislikes being mistaken for having a birthday when it is not, and felt uncomfortable with the attention. (Verbatim: "oh i felt so bad turns out they're very friendly if they think it's your birthday um yeah everywhere everywhere i walked around all the staff would do like a little clap and be like happy birthday and i'd be like i don't like the lies the lies")
5. She uses the term "gaijin" to refer to herself in Japan, acknowledging her status as a foreigner. (Verbatim: "a gaijin is like tourist um you know so yeah it was my yeah my it was my official gaijin card um sad times")
6. She has a strong emotional attachment to her fans, comparing her loyalty to being a worm or a banana whale that would find a way to stay online. (Verbatim: "even if i was a worm or a banana whale i'd still find a way to be on the internet you know i'd be like a worm that would learn how to use um use a computer or a banana whale that learns how to use a computer and and find my way on the internet okay okay")
7. She values her team members' mental health and happiness above deadlines, prioritizing their well-being. (Verbatim: "i always say like you know that their happiness comes first like it's okay if something's late you know because ain't nobody getting hurt from it being late you know and i think like making sure they're happy and you know um like their mental health and everything should always come first")
8. She has a habit of procrastinating on creative projects like music covers, which delays their release. (Verbatim: "yeah i think i think it's likely that the cover will just come out when i debut um mostly because of my procrastination")
9. She is not fond of spicy food, as it hurts her tongue. (Verbatim: "i can't handle spice spice hurts my tongue and i don't know why someone would optionally want to hurt their tongue")
10. She enjoys playing *The Legend of Zelda: Tears of the Kingdom*, particularly the exploration aspect. (Verbatim: "um turns out i mean i really like the exploring part of tears of the kingdom") [end of text]



1. She identifies as a scientist with formal training in science. (Verbatim: "I'm actually an actual like scientist for real like like I'm I'm trained I can I could technically get a job in a laboratory I'm trained I'm trained in that regard")
2. She holds a bachelor's degree in science. (Verbatim: "my bachelor's was science even if my master's wasn't but my bachelor's was okay")
3. She has considered pursuing a PhD but decided against it due to lack of sufficient passion for the required specialization. (Verbatim: "you can't do a phd if you're only doing it for the title so I was like okay peace out punks")
4. She has a lab coat and goggles, indicating she has professional scientific equipment. (Verbatim: "I have a lab coat and goggles")
5. She has a close relationship with a member of her community named Ellie, whom she misses deeply. (Verbatim: "I miss the buddies so much like I yeah I didn't have to organize a call while I was in japan to be like I just I just miss you guys")
6. She is British and currently in England. (Verbatim: "I'm definitely one thousand percent not in japan I'm here in england")
7. She is in British summertime, which she references during her stream. (Verbatim: "I'm British summertime it's 11 24 a.m and it's looking bright today because you guys are here")
8. She has a strong emotional connection to her community, referring to them as "my students" and expressing affection for them. (Verbatim: "you know you say you do different voices but all I hear is my future wife")
9. She humorously refers to herself as "Elliot Sensei" and enjoys the idea of being a teacher. (Verbatim: "I'll become Elliot sensei yeah you can call me sensei I'll see you after class for extra lessons")
10. She has a playful, self-deprecating attitude toward her gaming skills, joking about being a "professional gamer" despite not being particularly skilled. (Verbatim: "I am gamer have to is that not what you all are here for") [end of text]



1. She owns a Japanese knife she purchased during a trip to Japan. (Verbatim: "I got a very nice Japanese knife while I was in Japan...")
2. She keeps her Japanese knife in the original gift box because she feels it's too fancy for a drawer. (Verbatim: "I've just been putting it directly back in the box...")
3. She has a dog that she refers to as "she" and who wears a raincoat. (Verbatim: "I bought my dog a raincoat the other day...")
4. Her dog is resistant to the raincoat and constantly tries to shake it off. (Verbatim: "She just keeps trying to shake it off she goes like you know when dogs go...")
5. She has a plush toy named "banana" that is a cat in a banana shape on a chain. (Verbatim: "This is banana... a cat in a banana on a cute chain...")
6. Her dog is jealous of her plush toys, including the banana plush. (Verbatim: "Lana has an issue with getting jealous over you... she was just she went straight for the imaginary banana neck...")
7. She enjoys cheese and finds it expensive in England. (Verbatim: "I heckin love cheese... cheese is heckin expensive in England...")
8. She once considered monetizing her dog by creating a social media account for her. (Verbatim: "I could set her up with like one of them like Instagram YouTube accounts...")
9. She has a recurring habit of ending streams with "see you later" because she always comes back. (Verbatim: "I always come back right I always come back okay that's why I make sure I only end my streams with just is to see you later...")
10. She has a playful, self-aware persona that includes referencing her own "dorkiness" and exaggerated dramatics. (Verbatim: "I'm the dork... who this dork and wait it's me it's it's me i'm the dork") [end of text]



1. She visited Japan and stayed in a hut while climbing Mount Fuji. (Verbatim: "i stayed in the hut i think it's just it's just i was just curious because like the toilets are just so different")
2. She is fascinated by advanced Japanese bathroom technology, including heated toilet seats and sound-masking features. (Verbatim: "i really like their bathrooms i like having it was really nice like it's like a wet room and then like a seat like a shower thing and then there's like a bath")
3. She took photos and recorded audio of public bathroom features in Japan, including bird and wave sounds to mask noises. (Verbatim: "i did a video recording of the music of of of one of the bathrooms because like it had this thing where like if you like sit down in a public toilet it would like play the the what you call it the sound of birds")
4. She has a strong preference for mango-scented products, as she mentions smelling like mangoes after showering. (Verbatim: "i'm fresh i smell like mangoes")
5. She finds cold toilet seats uncomfortable and misses the heated ones from Japan. (Verbatim: "it was very confusing to come back and every time i sit on my toilet i'm like oh it's cold it's cold")
6. She is not a goose and dislikes being mistaken for one, repeatedly denying it during the stream. (Verbatim: "i'm not a goose i'm not a goose i'm not i'm not i'm not i'm not")
7. She enjoys recording and sharing content about unique bathroom experiences, indicating a recurring interest in travel and infrastructure quirks. (Verbatim: "so look forward to lots of toilet pictures um in the japan in the the japan um powerpoint")
8. She has a habit of organizing content around specific themes, such as Japan-related travel and bathroom features. (Verbatim: "i was thinking what kind of content you want and i know you all want toilet picks")
9. She has a close relationship with her family, who are understanding of her fatigue and similar energy levels. (Verbatim: "my family pretty chill when it comes to like the amount we're all pretty similar so we all reach like the same level of battery like yeah we're done")
10. She has not yet unpacked her suitcase from her Japan trip and plans to do so only when she runs out of underclothes. (Verbatim: "i will unpack and laundry when i run out of clothes specifically under clothes um that's the plan it's a good plan") [end of text]



1. She has a strong connection to tea and enjoys using a kettle with temperature settings. (Verbatim: "I really like my kettle my kettle has like buttons where you can set the temperature to like different temperatures and i like that because like then you can do different um what you call it um if you're making different kinds of tea and stuff it's good for that")
2. She dreams of designing her own cute teapot to share tea with her viewers. (Verbatim: "one day one day we'll have a teapot and we can have tea together yeah what next one is")
3. She is interested in learning how to make teapots despite not having found a design she loves in Japan. (Verbatim: "i just gotta find out how the heck one makes teapots um but yeah i didn't see any teapots there that i that made me go wow i need it")
4. She has a deep appreciation for biscuits and considers them an important part of British culture. (Verbatim: "biscuits you got your melted milks you got your niece biscuits you got your digestives your hope nobs your custard creams")
5. She plans to buy a traditional biscuit tin and give a lecture on British biscuits. (Verbatim: "i'll try and find one and then i'll give you all a big lecture on biscuits okay")
6. She reflects on her early streaming days and recalls being criticized for talking to herself during a test stream. (Verbatim: "someone came to like some random chatter came to like my that that you know sort of not test the stream but you know like trying it out stream and they were like they were literally like why are you talking to yourself")
7. She believes that talking even when no one is present is a positive and valuable skill for new streamers. (Verbatim: "if you're able to chat with nobody there then then you're doing heckin good okay that's a good thing to be able to do")
8. She emphasizes that everyone starts somewhere and discourages harsh judgment of new streamers. (Verbatim: "everyone starts somewhere and if you're starting streaming and somebody says that to you they go in the bin okay that's not cool")
9. She identifies with British culture and references England in her daily life. (Verbatim: "especially when it's so cloudy here in england")
10. She humorously contemplates doing a DNA ancestry test to see if she has any goose ancestry. (Verbatim: "i'll do a heckin ancestry test for y'all imagine i do that it comes back and it actually has survived i wouldn't even be possible um") [end of text]



1. She has a strong emotional connection to the concept of "chatting with nobody" as a sign of resilience and self-acceptance. (Verbatim: "it's good that you're able to chat even with nobody there if you're able to chat with nobody")
2. She faced discouragement during her first streaming attempt but chose not to let it deter her. (Verbatim: "it was very unfortunate for like my first time trying out streaming and i'm glad i didn't let it discourage me")
3. She values perseverance and respects those who try, emphasizing that everyone starts somewhere. (Verbatim: "we all start we all start somewhere okay don't worry everyone starts somewhere")
4. She has a recurring self-imposed celebration ritual involving a Five Guys burger upon reaching 10,000 subscribers. (Verbatim: "every time i hit a 10k i'm gonna get a five guys burger that is that is what i've told myself")
5. She exclusively orders the small cheeseburger from Five Guys because the regular size is too large for her. (Verbatim: "i always get the little cheeseburger because the regular size cheeseburger is too big for me")
6. She associates her 10,000 subscriber milestones with personal celebrations involving her dog and anime. (Verbatim: "i like have my own mini celebration me my dog anime and the burger")
7. She has a deep emotional attachment to the idea of being loved regardless of her form, using the metaphor of a "banana worm." (Verbatim: "would you still love me if i was a banana worm")
8. She humorously references being a "worm" and expresses a desire not to be eaten by a bird if she were one. (Verbatim: "my goal would still be the same it would be well no one of my goals would be to not get eaten by a bird if i became one of those")
9. She has a strong preference for chicken burgers, specifically the classic chicken lettuce mayo burger. (Verbatim: "i'm really dedicated to my chicken burger i mean like chicken lettuce mayo burger like traditional chicken burger")
10. She once had a negative experience with McDonald's in Japan where her burger was missing, leading to a refund and a repeat order. (Verbatim: "i opened up the other bag and was like ah yes a drink wow this is this is a meal a full meal of fries drink and no hacking burger") [end of text]



