1. She grew up with a cat. (Verbatim: "I grew up with a cat okay so I grew up with a cat...")
2. She is a restless sleeper who often jerks or moves suddenly in her sleep, sometimes knocking things over. (Verbatim: "like oh quiet yeah it's a scary feeling right like so I had that but I don't normally... I just knocked everything off my little like tiny... mini mini well it's like basically a small extension of my desk")
3. She has a habit of accidentally throwing her cat (or plushies) off the bed while sleeping. (Verbatim: "so many memories of just yeeting my cat off the bed and then like re-grabbing said cat and giving cat hug being like I'm so sorry")
4. Her cat would sometimes throw up on her bed when sick, which she found unpleasant. (Verbatim: "don't worry cat got its revenge because um whenever my cat was sick it would throw up on my bed and that sucked")
5. She likes lasagna and finds it delicious. (Verbatim: "I really really do like lasagna I really do I think lasagna is delicious")
6. She dislikes eating old or spoiled food and learned not to eat four-day-old homemade lasagna. (Verbatim: "maybe I shouldn't have eaten the like three four day old lasagna eh lesson learned")
7. She drinks iced coffee regularly in the morning to help wake up. (Verbatim: "I have iced coffee again this morning by the way... I have this the straw cup I have iced coffee to help wake me up")
8. She uses paper straws for her drinks. (Verbatim: "This is a paper straw by the way I need to drink fast but I'm feeling a bit better this morning")
9. She is located in England and observes daylight saving time changes. (Verbatim: "in England the clocks change on the 29th of October so 29th of October the clocks will fall back")
10. She associates seasonal changes, especially darker evenings, with shifts in mood. (Verbatim: "I find with a change of seasons comes a change of mood and you know um be extra extra extra wishes because it's difficult") [end of text]



1. She attended a very small primary school where there were fewer than 10 students in her year and they shared teachers due to lack of classrooms. (Verbatim: "my primary school was really small like we had to share teachers we didn't have enough classrooms and my year was actually like there were a lot of people in my year but there were less than 10 i believe")

2. Her secondary school was larger than her primary school, with around 20 students in a typical class, which she considered a "crazy amount" compared to her earlier experience. (Verbatim: "secondary school had a bit more 30 would be crazy amount i think 20 20 seems yeah yeah like i don't know")

3. She has a strong preference for watching anime with dark, angsty, or edgy themes, especially those involving revenge. (Verbatim: "we love a good revenge story guys that's um heck yeah... sounds nice and dark i like")

4. She enjoys anime and stories that mix magic and science as opposing or contrasting forces. (Verbatim: "i like i like shows that have the mix of magic and science that's always fun")

5. She likes overpowered (OP) protagonists in anime and finds unrealistic, strong main characters entertaining. (Verbatim: "sign me up unrealistic op protagonist hello time to watch")

6. She identifies as stubborn, especially in video games, and refuses to give up on difficult fights even if underleveled. (Verbatim: "i am stubborn... i will not i will not give up")

7. She prefers to prepare thoroughly in games to avoid being trapped in difficult situations due to her stubbornness. (Verbatim: "the grinding is more a a preparation against my stubbornness so that i don't end up trapped in my stubborn fights")

8. She enjoys playing challenging games like Hollow Knight and Elden Ring, particularly those with bosses that are easy to encounter prematurely. (Verbatim: "when i played games like um hollow knight um elden ring like games where it's pretty easy to stumble upon a boss where you should actually be a higher level")

9. She likes winning in games and views walking away from a fight to grind as a form of loss. (Verbatim: "if i keep repeating the same fight over and over and over and over and over again then then i win")

10. She has a nostalgic connection to Pokémon and enjoys overleveling her team to easily defeat gym leaders. (Verbatim: "because you feel like your pokemon are now op because you're way over leveled and then like enjoying strong op protagonist kind of um anime") [end of text]



1. She has trauma and describes herself as traumatized, not ill. (Verbatim: "um i'm not just i'm not ill i'm traumatized um it's very different i'll have you know")

2. She grew up in a household with brothers and was primarily raised by her mother, referred to as "mama elia". (Verbatim: "i grew up in a household with you know brothers" and "there's only mama elia um and that's it")

3. Being raised with brothers affected her ability to interact with girls, which she found scarier than interacting with guys. (Verbatim: "another issue with um being raised with with brothers is you don't get to interact with girls um so it definitely took me it definitely took me a lot longer to learn how to interact with girls and i found that a lot scarier")

4. Her coping mechanism for social situations is "brother zoning" people, which she rates as a 10 out of 10. (Verbatim: "i have a brilliant coping mechanism of brother zoning um everybody so i think it's great i think my coping mechanism is a 10 out of 10")

5. She does not see herself as "waifu material" and feels she wouldn't deserve someone as kind and hardworking as her viewers. (Verbatim: "part of the reason why i don't see his waifu is because i feel i wouldn't deserve someone as wonderful adorable hardworking as kindness")

6. She gives off a friendly vibe, which may contribute to why she doesn’t come across as a romantic interest. (Verbatim: "i can see why i would be seen as not waifu as to stir because i give up that vibe because i am i give a friendly vibe right")

7. She expresses a fondness for isekai anime, referring to them as "isekai trash" in an affectionate way. (Verbatim: "let me go watch some more isekai trash is that kind of trash")

8. She was put off by the bird character design in *Shangri-La Frontier* but is still interested in the anime. (Verbatim: "I was really put off by the scary bird... but that sounds fun")

9. She is interested in watching anime with comedy, fantasy, sci-fi, adventure, and action genres, especially those involving full-dive VR games. (Verbatim: "it's comedy, it's comedy, so, you know, it's not gonna take it to hell itself too seriously, it's fantasy, sci-fi, adventure, action")

10. She dislikes NFT-promoting media, criticizing a VTuber anime for being "not very good, mostly because it was, like, pushing NFTs". (Verbatim: "mostly because it was, like, pushing NFTs") [end of text]



1. She is a British VTuber. (Verbatim: "hi i'm ellia stellaria i am a british vtuber that streams twice a day")
2. She debuted very recently, approximately one week before this stream. (Verbatim: "yeah so um this season's actually really stacked... i debuted like last week i'm fresh out of birth")
3. She streams twice daily, with "zatsu" (variety/chat) in the morning and gaming in the evening. (Verbatim: "we do um zatsu in the morning and gaming in the evening")
4. She has watched approximately 500 different anime series, excluding shorts, movies, and rewatches. (Verbatim: "i have watched roughly around 500 different anime series um it's not including so excluding shorts and movies")
5. She frequently re-watches certain anime, indicating strong personal attachment to some series. (Verbatim: "i'm the kind of person to order the same thing at the restaurant every time i go like a chicken burger and a chicken burger")
6. She has re-watched *Hunter x Hunter* about five times and *Skip Beat* around ten times. (Verbatim: "i watched skip beat like 10 times um i've watched um kimini to doke a ton of times")
7. She has a particular fondness for the anime *Toradora*, especially the character Taiga. (Verbatim: "tora dora's had a few watches i can love tora dora give me my feisty little taiga mc")
8. During her school years, she focused on making friends rather than romantic relationships, seeing friendship as her primary goal. (Verbatim: "i remember only ever really like not wish because i always make the same wish but like hoping just to you know praying to just make friends with people")
9. She considers herself a strong anime fan but not an expert, and she is open-minded about anime genres. (Verbatim: "i wouldn't call myself an anime expert but a very very very very strong anime fan")
10. She references *Anohana* in a self-aware way, indicating familiarity with and possible emotional connection to the series. (Verbatim: "flashbacks to anohara i'm not gonna disappear it's okay") [end of text]



1. She is a big fan of anime and enjoys discussing it with her audience. (Verbatim: "i'm a big big fan of anime and um i know there's a lot of anime that i've missed and not watched and it's really fun to um yeah talk about anime with you all")

2. She previously hosted seasonal anime watch-along member streams with her community. (Verbatim: "we actually have member streams where we do an anime watch along each season")

3. She has a broad and evenly distributed taste in anime genres, contrary to her expectation of leaning toward shoujo. (Verbatim: "after inputting like my list turns out i'm a very evenly spread um person... i thought i'd be more lean towards towards shoujo stuff but no it's um i mean i do really love comedies and i love mysteries")

4. She enjoys comedy and mystery anime. (Verbatim: "i do really love comedies and i love mysteries")

5. She avoids watching or discussing "sussy" or inappropriate anime on stream. (Verbatim: "we don't talk about the other kind of anime because we're in a say so place... no sussy anime here now")

6. She finds the main character of *Golden Time* a bit crazy and strong. (Verbatim: "golden time with the with the again crazy mc well i find her a bit crazy bit strong")

7. She was a very protected child and lacked understanding of romantic relationships during primary school. (Verbatim: "i was a very protected child okay so um i just thought like if someone was going like going out with someone or asking someone out um for me i just assumed like the going outside somewhere")

8. She used to be confused about the concept of boyfriends and girlfriends and felt embarrassed about her past lack of understanding. (Verbatim: "i cringe i cringe back at the um lack of understanding i had throughout primary school")

9. She expresses that she could only ever truly love one person, referring to "Elia," suggesting a self-referential or meta romantic ideal. (Verbatim: "unfortunately i can't be like this 100 girls guys not only because that would make me an extrovert but also because the only girl i'd ever love like that is ellie")

10. She is intrigued by anime that blend in-game and real-world settings, particularly those involving VR or gaming themes. (Verbatim: "i wonder if it shows outside of the game that that's what i would like i think it's interesting to see shows that include both out the game and in the game") [end of text]



1. She has a strong passion for anime and finds it creative and fun, despite some stories being ridiculous. (Verbatim: "I just love how many i don't know i just i just really really really really really really really heckin love anime... it's really creative that you can never guess what story it might be.")

2. She experienced difficulty being taken seriously about her anime interests in real life due to gatekeeping. (Verbatim: "the normal reaction to to me liking anime and like irl would be more like oh you don't really like anime though name 20 animes... i'm not gonna believe you.")

3. She feels comfortable discussing anime and technology online, unlike in person. (Verbatim: "it's really nice to be able to have these discussions because i think typically... it would be like... oh you don't really like anime though.")

4. She struggles with accepting compliments due to not receiving many growing up and fears appearing arrogant. (Verbatim: "i wasn't given many compliments growing up um and thus i never learned how one should actually respond to it and thus i'm incapable.")

5. She identifies with the concept of escapism through anime and sees it as a positive outlet. (Verbatim: "also escapism yo yay... it's really nice to be able to chat about anime with you all.")

6. She has difficulty with horror games, which previously caused a physical reaction due to visual triggers. (Verbatim: "i tried to play it last week but it seemed to have triggered... like a silent migraine i guess where i triggered like an aura of blinding my vision.")

7. She humorously claims to have "bro vision," a made-up condition where she feels she can only be seen as a friend or "bro" by guys. (Verbatim: "i have i have i'm i'm i'm what's i am diagnosed with bro vision it is a disease that i just made up where... i think it's impossible... to be seen as anything more than then friendo.")

8. She describes herself as extremely awkward and refers to herself as "a mess." (Verbatim: "i am awkward incarnated into anime girl... yeah yeah yeah i'm just a mess but i'll be your mess.")

9. She wants to continue hosting regular anime discussions and watch-alongs for her community. (Verbatim: "i hope we can keep having anime talk regularly... we can talk about um you know all the different ones i'd like to go into categories.")

10. She associates her online persona with being an "anime girl," suggesting it's tied to her identity as a VTuber. (Verbatim: "i became anime girl um so yeah thank you for not invalidating my my passion.") [end of text]



1. She uses and is accustomed to the 24-hour clock system. (Verbatim: "i was always taught 24 hour clock um i wasn't taught am pm really i was always taught to use 24 hours")
2. She has a family background tied to military service on her English side. (Verbatim: "on my english side all the well except for my generation all the men on my english side with the family have been military")
3. She considered having her university education funded but decided against it for insufficient reasons. (Verbatim: "i was um a little tempted but only because they offered to pay for university here... but i feel like that just wasn't a good enough reason")
4. She is interested in sharing historical World War II items from her grandfather, Grandpa Elia. (Verbatim: "i have a bunch of like really interesting war things from world war ii from grandpa elia who i never got to meet")
5. Her grandfather, Grandpa Elia, worked as a grocer before being enlisted in the military. (Verbatim: "it said that grandpa earlier was working as a grocer like working in a like a grocery shop before getting enlisted")
6. Grandpa Elia was noted for high intelligence and received a promotion during his service. (Verbatim: "talking about the high intelligence um yeah talking about the high intelligence um and whatnot and that and some kind of like promotion")
7. There was a significant age gap between her grandparents, Nana Elia and Grandpa Elia. (Verbatim: "i believe there was quite an age gap it's quite an age gap between nana elia and and grandpa elia")
8. Her parents do not have a significant age gap between them. (Verbatim: "there's not an age gap between my parents though my parents don't have um a big age gap")
9. She dislikes eating fruit and vegetables. (Verbatim: "no no no no not fruit and veg why would i eat fruit and veg no no no no bananas")
10. She became ill after eating lasagna, indicating a possible negative reaction or dislike. (Verbatim: "i was saying about like that lasagna that made me feel really ill") [end of text]



1. She has a dog and shares a sleeping pattern with it, which she mentions is disrupted. (Verbatim: "dog sleeping my dog sleeping pattern is also in the bin she's so zonked")

2. She dislikes lasagna because it made her feel very ill, causing flashbacks and nausea. (Verbatim: "i felt sick because because um um because you know i was saying about like that lasagna that made me feel really ill")

3. She finds mints helpful for feeling better when sick, and enjoys their taste. (Verbatim: "i'm gonna have a mint mints usually i find mints always help me feel like better yeah it's yummy though")

4. She has a habit of using kitchen tap water to drink, believing it to be safer and different from bathroom tap water. (Verbatim: "i don't drink bathroom tap water i drink kitchen tap water mm-hmm yeah so my standards are very high as you can tell")

5. She believes bathroom and kitchen tap water come from different pipes and look different due to water-saving aerators in the bathroom. (Verbatim: "the tap is definitely different like they're not using the same pipes um yeah it's definitely definitely different")

6. She has a sentimental side and expresses deep emotional support for someone who has been through a rough time. (Verbatim: "last one has been rough on me and just a thought coming back to cheer me up and you don't know how back i am i bet you i'm so glad you're okay")

7. She is interested in anime and follows seasonal releases, particularly looking forward to Spy x Family season 2. (Verbatim: "so i look forward to a cruise ship with that i will be watching this")

8. She has read the manga for Rising of the Shield Hero and stopped following the anime after season one. (Verbatim: "i've read the manga for um rising of the shield hero quite a bit before it became an anime")

9. She is cautious about rumors and emphasizes taking unverified information with a pinch of salt. (Verbatim: "always take these rumors and things with a pinch of salt that's good that's good")

10. She owns a cute lasagna dish, indicating an attachment to specific kitchenware. (Verbatim: "i have like a cute dish but yeah that made me feel blah blah blah blah") [end of text]



1. She has a difficult relationship with her father, whom she refers to as "Papa Elia," and did not receive much love from him. (Verbatim: "for me I didn't get much from from Papa Elia and yeah like for me it really really really hit hit home")

2. She is deeply emotionally affected by stories involving absent or unloving fathers, which resonate with her personal experiences. (Verbatim: "maybe it feels more emotional when say maybe you don't have the most loving father um yeah so maybe that's why it makes me extra emotional")

3. She cries easily when watching emotionally intense anime, particularly those dealing with family loss or trauma. (Verbatim: "i cried every single episode of anohana like every single episode i was in tears")

4. She found the anime *Anohana* extremely emotionally impactful and could not rewatch it without breaking down. (Verbatim: "i cried every single episode of anohana like every single episode i was in tears")

5. She was deeply traumatized by the first episode of *Goblin Slayer* and stopped watching due to the disturbing content. (Verbatim: "i felt so awful i wanted to find out what happened to the girl... i didn't want to watch anymore")

6. She copes with traumatic media by creating headcanons where suffering characters survive and find happiness. (Verbatim: "can i just have my head canon that she's have to live in happily ever after she's survived but with trauma")

7. She is sensitive to stories where characters hide their crying, identifying strongly with that behavior. (Verbatim: "oh my goodness this oh yep that also hit me hard where she goes to like hide when crying yep all of it really hurt")

8. She prefers anime with emotional depth and well-developed characters, criticizing flat or caricature-like portrayals. (Verbatim: "i wish they they added more depth earlier on like characters will grow throughout but i feel like the way they're presented needs to i wish they were presented less plainly")

9. She values strong world-building in anime, citing *Mushoku Tensei* as an example of top-tier construction. (Verbatim: "mushoko densei is like it's like top tier world building okay")

10. She is apprehensive about watching sad anime because she knows she will cry, but still engages with them. (Verbatim: "i'm gonna hicken yep rip my heart out anime yeah i think uh cry along stream cry along cry along") [end of text]



NO RELEVANT INFORMATION [end of text]



NO RELEVANT INFORMATION [end of text]



NO RELEVANT INFORMATION [end of text]



1. She studied toxicology as part of her academic modules and found it very interesting. (Verbatim: "i did a thing and toxicology is one of my modules and it was really really interesting")

2. She values scientific thinking and believes in evaluating natural and synthetic things based on evidence rather than blanket assumptions. (Verbatim: "the whole point of science is to you know um see whether things work... critically analyze it to see whether your experiment was fair")

3. She is critical of paywalls restricting access to scientific research and expresses frustration over losing access after graduating from university. (Verbatim: "the second i graduated my university were like okay access bye bye and i was like what that was so heck and fast")

4. She has a strong preference for white-haired male anime characters, especially overpowered ones. (Verbatim: "for some reason i just a lot of like the mcs of a lot of um animes i like have white hair i'm like yeah that one's my favorite character")

5. Gojo from *Jujutsu Kaisen* is her favorite anime character. (Verbatim: "in jujutsu kaisen gojo is my favorite character")

6. She enjoys the anime *Bocchi the Rock* and owns multiple figurines of characters from it. (Verbatim: "haha bochi oh yeah bochi from bochi the rock")

7. Her favorite aesthetic is girly and pink, which she embraces without shame. (Verbatim: "i just love the color pink i got the white aesthetic desk like just you know i'm not sorry")

8. She owns a white desk, a pink PC, and a pink bunny phone holder, reflecting her preferred visual style. (Verbatim: "i got a white desk i got a pink pc i got a little pink i got the little pink bunny phone holder")

9. She likes frilly things, bows, and cute anime girl figurines, which dominate her collection. (Verbatim: "i like frilly things and bows and yeah")

10. She plays *League of Legends* and likes champions such as Lulu, Nami, Saraka, and Janna. (Verbatim: "i'm just a typical girl with the league of legend champions of lulu nami saraka jana") [end of text]



1. She was a gloomy introvert with no friends in school and was bullied. (Verbatim: "i wasn't a very cool kid at school you know i was the i was the gloomy introvert loser kid with no friends and for me people would it would be like people one one way one way people would bully me would be through being like oh i dare you to as the ugly girl like or you know tell her this or whatnot")

2. She grew up with brothers and did not embrace her girly side until later in life. (Verbatim: "i'm an ugly duckling okay i'm an ugly duckling that didn't want to be girly growing up because i grew up with brothers so i wasn't able to really embrace that's why i strongly strongly embrace my girly girly side now")

3. Her mother, referred to as "mama elia," invaded her privacy by reading her diary and misinterpreting sarcastic bullying as genuine affection. (Verbatim: "mama ellie doesn't like to believe in privacy and would steal my diary and read it... she took it seriously and then and then she went and spoke to the parents of these two guys")

4. She has a strong aversion to dares involving fake confessions, finding them cruel due to personal trauma. (Verbatim: "i think that's i think it's a really really cruel it's a really cruel dare i think i don't think you should dare people to do that it can be really cruel")

5. She struggles with romantic relationships in real life and instinctively "brother zones" men to protect herself from potential trauma. (Verbatim: "if i'm interacting or talking to a guy they'll be in my head like considered like a brother i guess maybe that's why you'll see me as sister")

6. She prefers fictional anime boys over real-life romantic relationships due to past experiences. (Verbatim: "i'll just stick with my fictional fictional anime boys")

7. She attended university and has worked in various places, interacting with men in professional and academic settings. (Verbatim: "i've worked places i've been to uni and stuff like i've whenever i've spoken or interacted with a guy")

8. She identifies as a "sucker" for shoujo anime and romance genres. (Verbatim: "i'm a sucker for shoujo anime i'm a sucker for romance like yeah")

9. She refers to herself as a "mess" emotionally, stemming from past bullying and family dynamics. (Verbatim: "i'm a mess i'm a mess um but i'm your mess")

10. She uses "cringe" as a coping mechanism for painful memories. (Verbatim: "cringe is my copium") [end of text]



