1. She is from England. (Verbatim: "Like, of course I brought my sword. How else am I going to Stabby Stab? Um, no. I don't think I'd be allowed. Maybe. Maybe a little bit of trouble. Just a little bit of trouble. Can't go without your blade.")
2. She played Pop-Up Pirate as a child and was terrified of it. (Verbatim: "Fun fact about Pop-Up Pirate, I was terrified of that game as a kid, and when we played it, or my brothers got it out, I hid behind the sofa.")
3. She has a fear or strong dislike of being stabbed, referencing Pop-Up Pirate. (Verbatim: "Please don't. No, I'm not becoming a stabbing... I don't even know what you call someone that takes money to get stabbed. Guys, I don't want to be Pop-Up Pirate.")
4. She does not have visible abs and describes herself as having no muscle. (Verbatim: "I got spaghetti arms and no muscle. I just, I'm just, yeah.")
5. She likes cats and finds their playful biting behavior cute. (Verbatim: "I wanna get chomped by a little cat. Cats are really cute when they do their little like, their little play bites. Kawaii. Super, super kawaii.")
6. She uses the nickname "Stabellia" or is associated with the hashtag #StabElia, tied to a "stabby stab" theme. (Verbatim: "because I've got a stabby stab.")
7. Her hair is styled in space buns that she refers to as "floating buns." (Verbatim: "Look at that. Look at the floating bun. The buns. These are my space buns because they literally, I don't know what I, what, yeah.")
8. She wears platform shoes, which she says help her reach high shelves. (Verbatim: "sometimes you want to reach that top shelf, the platforms will help, all right.")
9. She denies being part of a cult or being a goose, clarifying it's a joke. (Verbatim: "We're not a cult. I'm not a goose. There's no cave. I won't tie you up to play League.")
10. She has previously shown her belly to someone IRL (Speakers) and references doing it again. (Verbatim: "I'm gonna show you my belly next time, speaker, okay? Speaker, next time, next time I see you IRL, I will show you my belly and you get to see my 10 pack.") [end of text]



1. She was terrified of the game Pop-Up Pirate as a child and would hide behind the sofa when it was played. (Verbatim: "Fun fact about Pop-Up Pirate, I was terrified of that game as a kid, and when we played it, or my brothers got it out, I hid behind the sofa every single time...")
2. She was also afraid of the donkey toy Bakuru as a child. (Verbatim: "I was also afraid of the Bakuru, the donkey one as well.")
3. She identifies as a cat person and loves cats. (Verbatim: "i love cats so much cats are great i can love cats yeah")
4. Her new character design includes ears, which she says she "found in a field" as part of the lore. (Verbatim: "i got ears plenty ears i found my ears guys they were in this field and i put them on myself that's the lore that definitely makes sense")
5. She associates her new twin tail hairstyle with the "free win" aesthetic or theme. (Verbatim: "ears definitely free run inspired for sure" and "extra now we're now we're really free win core")
6. She has multiple new hairstyles, including a ponytail and twin tails. (Verbatim: "read that i got a ponytail" and "twin tails")
7. She expresses strong affection for cute fashion elements, especially corsets, hoods, gloves, and fringes. (Verbatim: "Moon hoodie, cute. Corset, cute. Skirt, cute. Gloves, cute. All of it's cute.")
8. She references wanting to emulate a look or vibe similar to "Shadow of, Eminence of the Shadow or something like that." (Verbatim: "I'm thinking of like, what's the anime? Shadow of, Eminence of the Shadow or something like that.")
9. She enjoys playful, absurd weapon concepts, such as a banana sword or explosive buns, indicating a preference for whimsical or humorous themes. (Verbatim: "Stabnana Spell Sword... Can stab rocks and emergency banana ration.")
10. She mentions playing GTA and previously created a character called "goose de muir" in the game. (Verbatim: "this is goose de muir um for those wondering this is literally it looks like a screenshot exactly from it") [end of text]



1. She is a celestial messenger by role or lore. (Verbatim: "i'm still a celestial messenger so yeah yeah yeah yeah")

2. Her outfit and aesthetic are inspired by fantasy themes, particularly resembling *The Legend of Zelda*. (Verbatim: "it's kind of zelda inspired it's kind of it's kind of um it's kind of zelda inspired yeah")

3. She has a magical cape that hides her hair and functions like a void, storing things mysteriously. (Verbatim: "everything's just hidden inside the cape okay we don't know it's the void okay the void became a cape")

4. She owns a magical sword, which she considers naming "Chunchunmaru," though she jokes it might already be taken. (Verbatim: "i really want to call the sword chunchunmaru i do but i feel like that name's already been taken")

5. She has wings that emit a slight glow as part of her design. (Verbatim: "look i don't know if you've noticed but my wings they have a slight glow to them as well")

6. She previously mentioned planning this outfit debut, indicating it was anticipated. (Verbatim: "i think i spoke about getting this outfit before where i was like my mama tried to put a big boob window in the middle")

7. She expresses nervousness about outfit debuts and values audience approval. (Verbatim: "honestly i was really really really really nervous for this um for this outfit debut i really hope you like the new outfit")

8. She is part of a group called "Videtta," which includes other girls who also have outfit debuts. (Verbatim: "the other girls in videtta have their outfit debuts which would be after this one")

9. She refers to her head as looking big due to having a "big brain," implying a self-aware or humorous take on her design. (Verbatim: "i think it's fine i think the outfit makes my head look big that's because i got a big brain inside of this noggin")

10. She plans to host a post-event "yappening" stream to interact casually with fans after major events. (Verbatim: "i will do a after party stream um what you call it later after after all of those um it'll just be um a yappening") [end of text]



