1. She has a strong fear or discomfort when playing horror games, often panicking. (Verbatim: "you know when i play scary horror games and and i panic")

2. She struggles with punctuality and has a long-standing habit of being late, which causes her anxiety. (Verbatim: "i always try my best to be a punctual person i am just an absolute absolute absolute mess... it's truly been an issue since i was heckin born")

3. She used to be frequently late during college, though teachers became more forgiving after reviewing her university application. (Verbatim: "when i was in college i remember i used to always always always always always be late but luckily the teachers well they used to get mad and then... they were very much very very very much more forgiving after that")

4. She stayed up until around 2 a.m. working before falling asleep, indicating a habit of late-night work. (Verbatim: "how late did i go to sleep i think i remember the clock saying like 2am i think yeah 2am")

5. She feels guilt over not resting properly and working instead, even when intending to rest. (Verbatim: "i felt guilty still about having my productive rest like a dum-dum and then i did some work and i might have stayed up a bit late")

6. The sound of brushing teeth makes her cringe and gives her goosebumps. (Verbatim: "brushing sounds make me cringe like goosebumps all up my arms like oof oof oof oof")

7. She has a dog, whom she wanted to greet at the start of the stream. (Verbatim: "i did say please say hi to my to my dog")

8. She has a button that automatically opens all the programs she needs to start streaming. (Verbatim: "i've set up on a button a button that runs a bunch of stuff to instantly open everything i need for stream i press that button and click go live")

9. She once received a delivery while half-awake and felt embarrassed by how she looked, describing herself as a "gremlin". (Verbatim: "i'm literally this hunched over gremlin like peeking out of the door to like just my like I don't know part of my gremlin face")

10. She bought a blanket throw as a Christmas gift for her grandmother, Nana Elliott. (Verbatim: "i got mine a um like you know like a throw um like this like blanket throw... for nana elliott") [end of text]



1. Elia Stellaria has been accepted for an internship starting January 15th. (Verbatim: "i've officially been accepted by a company for internships starting january 15th")

2. She received a GPA of 2.0, which she considers good despite not fully understanding the grading system. (Verbatim: "i got my grades t gpa 2.0 and i've officially been accepted by a company for internships... i don't know what the numbers mean but but i don't understand the numbers but but i hope that means they're good right")

3. She chose universities based on mental health and well-being support availability. (Verbatim: "i actually focused on looking at universities that provided a lot of mental health and well-being support as well")

4. She struggled significantly with mental health during university, requiring nursing support. (Verbatim: "i remember the heckin shock and horror on the nurse's face when i was like telling her... she was like you poor soul")

5. She refused to attend Oxford or Cambridge, partly as an act of rebellion against her parents. (Verbatim: "i actually refused to go to oxford or cambridge partially in smite of my parents um being the rebellious child")

6. In the UK education system, she explains that a first-class degree requires above 70%, and failing is below 40%. (Verbatim: "to get a first class degree in england you just have to get above 70%... if you get below 40 in everything they will bonk you out")

7. Exams in her university were extremely difficult, making students feel they performed poorly even when they passed. (Verbatim: "they make the tests extremely difficult though like um to get anything about like to get that 70 is really hard")

8. She has a habit of remembering people's facial expressions and emotional reactions more than their faces. (Verbatim: "i don't remember faces but i can remember expressions okay and i remember reactions and i remember the words")

9. She once acquired a dining table and chairs that were being thrown away but hadn't reached the bin yet. (Verbatim: "i managed to get one for technically one that was being thrown in the bin but hadn't reached the bin yet")

10. She received her current chair as a gift from fans through a "throne" donation, which she cherishes as her "throne". (Verbatim: "thank you guys because like that's from you know it's yeah it's from you guys from throne this is my my throne i guess") [end of text]



1. She experienced a difficult period during university where mental health professionals recommended she defer her exams to cope. (Verbatim: "they were strongly recommending i defer to like cope or something and i was like i'm fine i'm fine fine i'm fine gosh yeah")

2. She worked multiple part-time jobs during university, sometimes exceeding the legal weekly working hour limit by taking other people's shifts. (Verbatim: "i was working three jobs at one point... i know i was being sneaky and like breaking that at one point um because like what i could do is take other people's shifts")

3. She prioritized finishing university quickly to earn money and support her family, despite financial and personal hardships. (Verbatim: "i couldn't defer because like deferring would cost money you know i needed to i needed to finish uni asap so that i could earn some monies to not starve")

4. She frequently ate expired convenience store food, particularly items with yellow discount stickers, as a significant part of her diet during tough times. (Verbatim: "that was most of my food i would say um yeah yeah yeah yeah yeah like um the yellow stickers yeah the ones where it's like people um it's not expired we don't have cell before we have best before")

5. She has a strong preference for Yorkshire Tea, drinks it regularly, and refuses to try other brands. (Verbatim: "i have yorkshire tea um i refuse to try something new absolutely no i'm going to have yeah yorkshire tea's delicious exactly exactly")

6. She drinks English breakfast tea with one teaspoon of sugar and a little milk, following a traditional British preparation. (Verbatim: "english breakfast tea with one teaspoon of sugar and then a little bit of milk yeah yeah yeah yeah yeah")

7. She is wary of drinking bad milk and has had negative experiences with it in the past. (Verbatim: "i've drank too much bad milk in my life oh god the saddest thing ever is like making making like a cup of tea and you pour in the milk... and you're like i've ruined my tea")

8. She used to eat expired convenience store food that was being thrown away, though she does so less now. (Verbatim: "i just eat expired convenience store food that we're throwing away though yo i eat that too well i used to eat that i didn't eat that so much now")

9. She has a self-deprecating sense of humor and expresses concern about being perceived as broken or flawed, though she acknowledges imperfection is human. (Verbatim: "guys how broken am i how broken how broken am i... maybe maybe it's okay if i have faults i don't know yeah")

10. She hopes to make people happy and does not wish to be seen as a villain, believing no one is truly a villain. (Verbatim: "i just want people to be um what you call it happy you know... i don't wish to be cast as a villain i don't think anyone's actually a villain you know") [end of text]



1. She wears her VTuber outfit constantly and can only change clothes during major events. (Verbatim: "vtubers live in this outfit in in their in their outfit and they're only allowed to change clothes when they do a massive event")

2. She owns multiple identical copies of her outfit in her wardrobe. (Verbatim: "my entire wardrobe is just a million different bows and frilly shirts and purple skirts and purple coats")

3. She showers while wearing her outfit. (Verbatim: "i just shower with my clothes on okay is the only way")

4. She has a favorite pajama dress featuring a deer with the phrase "hello my deer." (Verbatim: "i have this pajama like dress thing... it says hello my and then a deer and i hate you love it")

5. She uses the nickname "my dears" for her audience, inspired by her pajama shirt. (Verbatim: "when i say my deer i picture the little deer and it's so cute yeah yeah yeah")

6. She used to be the group project organizer in school but was still a procrastinator. (Verbatim: "i used to be the group project member that used to do like the whole project back in school... if that said member is also a procrastinator they will still do that last minute")

7. She is skilled in tank combat, specifically with a 120mm gun, referencing Challenger Margarita. (Verbatim: "my skills are being used mostly tank combat 120 millimeter gun challenger margarita")

8. She values regular schedules and looks forward to returning to a normal routine after special events. (Verbatim: "part of me is looking forward to getting back to regular schedule and having regular sleeping pattern")

9. She has experienced difficult or "heavy" times in the past, but feels they have passed. (Verbatim: "all the heavy times have passed i think hopefully fingers crossed")

10. She feels deeply cared for by her audience and strives to reciprocate that love. (Verbatim: "you're the ones that made me feel very loved and cared for and i hope i do hope i make you feel the same") [end of text]



NO RELEVANT INFORMATION [end of text]



1. She used to sing freely and make up songs as a child, often imagining her life as a musical. (Verbatim: "i used to love like making up songs and just singing about like literally thinking my life was a heckin musical okay like every single thing was like i'm gonna make a song out of it")

2. She was told to stop singing at home during her childhood, which led to long-lasting self-consciousness about her voice. (Verbatim: "i was always told to like shut up when i used to sing at home um so i used to sing all the time as a kid")

3. She has a dog who acts very food-motivated and dramatically reacts to being given non-meat food. (Verbatim: "she'll heckin pick that up walk over to my rug and then just like mush mush mush like just like how dare you give me this")

4. She still feels anxious about making messes or mistakes, stemming from being reprimanded in the past, even though she now lives independently. (Verbatim: "if i spill something i'll get really worried and apologize and i'm like who am i apologizing to... you kind of still feel worried you'll get told off")

5. She enjoys pushing herself out of her comfort zone, especially with singing and releasing song covers. (Verbatim: "i've always been doing my best so that i can gain the confidence to do such things i mean even all the covers i've been releasing have been me pushing myself out of my comfort zone")

6. She is planning to release a Christmas song, for which she has already received a draft. (Verbatim: "i got um a draft back for the christmas song that i'm releasing this week and i'm very very very very very excited for it")

7. She is nervous about performing karaoke but has agreed to do a karaoke stream for her community. (Verbatim: "i haven't done a karaoke stream yet karaoke that's a big yes okay fine you can have um you gotta have a karaoke stream just for you guys")

8. She owns a dog who knows how to beg professionally and uses cute tactics like lifting her paw. (Verbatim: "my dog knows how to beg my dog is like professional at begging okay she knows how to do the cute dog like she'll like put her paw up")

9. She double-checks whether fruits or vegetables are safe before giving them to her dog. (Verbatim: "i always double check if if the dog can eat like fruit or veg or whatever")

10. She associates positive emotions with cozy, intimate stream environments, referring to her stream space as her "cozy cozy cozy den". (Verbatim: "thank you for being here welcome to my cozy cozy cozy den") [end of text]



1. She dropped out of a PhD program to become a VTuber. (Verbatim: "if one mentions about how I was supposed to do a PhD and I dropped it to become an anime girl.")  
2. She has a background in STEM and previously worked in a scientific field. (Verbatim: "being someone that was in science, like, in, like, you know, STEM subjects")  
3. She identifies as an INFJ personality type according to the MBTI test. (Verbatim: "for those curious, I'm an INFJ infigil... I-N-F-J!")  
4. Despite being an introvert (I in INFJ), she presents herself as outgoing and socially skilled. (Verbatim: "you don't seem like an introvert, and I'm like, get bamboozled, punk! Infaget!")  
5. She considers herself emotionally driven, having been surprised to learn she scored high in "Feeling" on the MBTI. (Verbatim: "you are extremely feeling, and I was, like, I got the feels, guys, I got diagnosed with the feels")  
6. She has two brothers who pursued creative artistic subjects. (Verbatim: "both my brothers decided to do creative artistic subjects")  
7. Her parents (Papa and Mama Elliot) appreciate art and wish they had become artists. (Verbatim: "Papa and Mama Elliot very much love art, but always complain about how they wish they could have been artists")  
8. Her grandmother, Nana Elliot, creates art. (Verbatim: "Nana Elliot does art")  
9. She wrote, sang, and uploaded an original song to YouTube. (Verbatim: "I literally wrote, sang a song, and uploaded it to YouTube because I was just happy that you returned.")  
10. She uses the phrase "difficult, difficult, lemon, difficult" as a personal catchphrase. (Verbatim: "I really love that saying, you say, difficult, difficult, lemon, difficult... it's difficult, difficult, lemon, difficult.") [end of text]



NO RELEVANT INFORMATION [end of text]



