1. She used to be very quiet and mute in school, struggling to speak or project her voice. (Verbatim: "in school i used to be really really really really really mute okay like heck and no no sound out of this out of this place did not know how to project my voice")

2. She identifies as an anxious person, which has affected her ability to show up or participate. (Verbatim: "oh anxious person as you know i'm a i'm a i'm a anxious person ellia was too afraid to show up so she sent out her gremlin")

3. She has British origins or at least a British accent, and she is self-conscious about maintaining it while in America. (Verbatim: "luckily, luckily, luckily, luckily, luckily for us, there's a British collab coming up in, like, an hour, so I can, I can restock my, my Britishness")

4. She attempted to learn and recite the digits of pi as a personal goal or challenge. (Verbatim: "oh i just need any excuse to learn um to to recite pi because it will be cool one day maybe not today but yeah it's um")

5. She has a history of tech-related issues with her VTuber model and streaming setup. (Verbatim: "no i genuinely wanted to get my model up and working that was my tech issue actually because i'd like um you know i've set up properly for a bit")

6. She ate Taco Bell, including a Mexican Pizza, during a stay in the USA, indicating a willingness to try American fast food. (Verbatim: "it was taken talk about how did you guys guess that it's so fast you guys guessed it instantly like literally straight up um damn yeah yeah um... i had um you said you were looking for a raccoon but that sounds like late night taco bell")

7. She drank Baja Blast, a Taco Bell-exclusive drink, which she described as tasting like chemicals. (Verbatim: "did i get the baja blast i did it tasted like like chemicals um it was blue yeah yeah yeah")

8. She has an alternate, non-public Twitter account where she rambles and shares personal thoughts. (Verbatim: "i tweeted about this on my out so like i have a alternative twitter account not spicy more just rambles um and yeah how i was just nervous")

9. She feels nervous about returning to stream after a break, comparing it to reappearing from isolation to family. (Verbatim: "you know like when your family haven't seen you for a while... then your family are like oh look who came out of their cave hello stranger")

10. She refers to herself in a self-deprecating or playful way as a "gremlin," suggesting a quirky or mischievous persona trait. (Verbatim: "elia was too afraid to show up so she sent out her gremlin hi it's me it's me your girl") [end of text]



1. She attended a Catholic school in America. (Verbatim: "i just had to go to a catholic school um america")
2. She has a strong emotional attachment to Coca-Cola, particularly distressed by changes in its formula or taste. (Verbatim: "it's not my beloved cola no no it's sad it's sad")
3. She is concerned about her health and has made a shift toward drinking water instead of sugary drinks. (Verbatim: "my brain okay is worried about my health okay it's worried about my health so i'm getting i'm getting some kind of instinct to to be healthy")
4. She has lived in America for a long time, humorously citing 30 or 69 years, indicating a deep but possibly exaggerated connection to American culture. (Verbatim: "i've been in america for 30 years no heck you wait me nah no no hae kim way it's been 69 years")
5. She loves raccoons and has actively searched for them at night, expressing disappointment when unable to find them. (Verbatim: "i may have been up last night at heckin midnight or whatever time i tweeted looking for a raccoon i did not find a raccoon")
6. She identifies herself as Elias Delaria, suggesting this is her real or chosen name. (Verbatim: "the answer is Elias Delaria it's me it's me yeah it's me")
7. She has a background or interest in science and takes pride in being intelligent, referencing “expensive papers” and Google Sheets. (Verbatim: "I'm a scientist I got the expensive papers to prove it now smart in Google sheets")
8. She previously streamed on Kick, indicating a past platform transition. (Verbatim: "i became a kick streamer i forgot about that")
9. She associates England with different terminology, such as calling a pacifier a “dummy,” suggesting familiarity with British English. (Verbatim: "we don't call it a pacifier in england in england it's known as a um a dummy")
10. She humorously refers to herself as a “water punk,” indicating a self-aware identity shift toward healthier habits. (Verbatim: "i'm becoming a water punk") [end of text]



1. She struggles with loud noises and has a strong reaction to them. (Verbatim: "i don't i don't do well with loud noises i don't i maybe i feel like if you witness anger you you just kind of look at it and be like i don't want to be like that")

2. She has a "freeze" response in stressful situations, indicating a fight-flight-freeze instinct. (Verbatim: "do you have fight or flight instinct or do you have a secret option c freeze because that's what i have")

3. She has a strong protective instinct toward others, especially her "maidens," despite social anxiety. (Verbatim: "i have a strong um protect the instinct you know like even though i get like really socially anxious and stuff if i have to do it for someone else all i can do it")

4. She identifies with a "sassy lost child" persona. (Verbatim: "this sassy lost child's gonna heck and protect")

5. She is British and references her British identity frequently, including her accent. (Verbatim: "you're not from the us the accent doesn't scare you oh no how can i how can i strike fear into your heart then")

6. She mentions her father, "papa elia," who has severe road rage. (Verbatim: "my dad papa elia has really really really really really bad road rage like really bad")

7. She experienced an earthquake in Japan while lying in bed and delayed reacting due to laziness. (Verbatim: "an earthquake happened in japan and i was lying in bed and i was like damn room be vibrating i don't want to get up")

8. She uses mock-British tropes humorously, such as referencing a "hecking kettle" and "beans on toast." (Verbatim: "she'll use her cup of tears and her hecking kettle she'll get her hecking kettle and slap you across the face with beans on toast")

9. She fears conflict and anger, finding them scary despite jokingly calling them "kawaii." (Verbatim: "yeah it scares me like it gives me i have okay guys question")

10. She expresses interest in visiting Texas and comments on American portion sizes and food culture. (Verbatim: "texas i've heard many things about texas i would like to visit one day") [end of text]



1. She is a British VTuber currently in America for the first time. (Verbatim: "hi i am elia stellari a british v youtuber currently in america for the first time ever")

2. She studied animal biology and participated in fieldwork searching for wild animals. (Verbatim: "as some of you know i did animal biology i did a lot of a lot of wild animals searching")

3. She had a dangerous encounter in the rainforest that nearly resulted in her death. (Verbatim: "i've been unalived almost a few times the scariest time was was with oh my goodness i actually actually i was very close to getting unalive by that")

4. She visited the Bornean rainforest and took photographs of a family of orangutans near her camp. (Verbatim: "this is american zatsu! yeah, i'm talking about, like, in, um, the bornean rainforest... there was a whole family living right by camp")

5. She has experience doing night walks to observe wildlife in rainforests. (Verbatim: "i've done night walks looking for animals before like in in the rainforest")

6. She has a strong interest in raccoons and wants to see one in the wild, possibly to adopt it. (Verbatim: "i really want to see one we don't have them in england i gotta go to san diego... so i can adopt it")

7. She finds raccoons extremely cute and describes them as "giant rats but they're cute." (Verbatim: "they're so cute and kawaii like like i really want to see one... they're like giant rats but they're they're cute")

8. She is unsure if it is legal to own raccoons as pets but is willing to try. (Verbatim: "is it even legal to own raccoons as pets i don't know but how would they know")

9. She is a self-described lurker and has been watching fellow VTuber Erina since her debut. (Verbatim: "i've been lurking for for genuinely genuinely since debut... i am the ultimate lurker i really am")

10. She has a deep appreciation for anime and anime girls, which bring her joy. (Verbatim: "I just I just spent my free time like I always have... they just bring joy") [end of text]



1. She identifies herself as a lurker and not someone who likes to chat. (Verbatim: "I'm not one to chat I'm a lurker I'm a I'm a that's why I always say lurker love because genuinely I I just...")
2. She has experienced overthinking and anxiety about sending messages in chat, fearing negative judgment. (Verbatim: "you're gonna hate me they're gonna be like who the heck is this punk absolutely disgusting get out of here...")
3. She references having social anxiety or trauma from school when trying to make friends. (Verbatim: "the trauma from heckin school of like you know like a group of people... you say hi and then they they give you that look of like you're like heckin vermin pest...") [end of text]



