1. Her name is Elias Delaria and she is a British VTuber. (Verbatim: "hi, I'm Elias Delaria, British VTuber")
2. She has a disrupted sleeping pattern and often does not get the recommended amount of sleep. (Verbatim: "my sleeping pattern is so wrecked and ready for it though")
3. She stayed up until around 3 a.m. the previous night, which she references as a common occurrence. (Verbatim: "last time I think it was like 3 a.m. or something")
4. She associates 3 a.m. with a peaceful, quiet time of day. (Verbatim: "3am's not too bad a time... It's that perfect moment where I think the majority of people are, like, asleep.")
5. She consumed a sports drink instead of coffee due to being late, indicating a reliance on quick energy sources. (Verbatim: "I was gonna make a coffee, but then I was already really late, so I was like, oh, I'll just grab a sports drink")
6. She studied naked mole rats during her university education. (Verbatim: "I had to go over them at uni for a bit, because they're, they're really interesting creatures")
7. She has prior academic exposure to biological topics, such as cellular resistance in animals. (Verbatim: "transformation of naked mole rat cells, like, I had to go over them at uni for a bit")
8. She expresses difficulty with time zones, indicating she has an international audience. (Verbatim: "because time zones are my enemy")
9. She refers to her stream as “yawn simulator,” suggesting a self-aware, humorous take on her tired state. (Verbatim: "welcome to yawn simulator, I shall yawn, you shall yawn back")
10. She plans to play Lethal Company in a future stream, indicating interest in horror or cooperative games. (Verbatim: "tomorrow evening, will you hold my sweaty hand, onnagaishimasu, as we play lethal company") [end of text]



NO RELEVANT INFORMATION [end of text]



1. She owns a Samoyed dog she calls her "fancy floof." (Verbatim: "this is my dog I have a fancy floof apparently this is my fancy floof look at my fancy")

2. She is not the first owner of her dog; she adopted it from another family. (Verbatim: "I adopted my dog from another family")

3. She has experience caring for porcupines in a past role as a "seed keeper," which involved cleaning enclosures and handling animals. (Verbatim: "whenever i dealt with the porcupines we had these like literal um shields... i had to usher them out to like clean their their the inside of their like little home")

4. She once had a porcupine quill go under her thumbnail, causing significant pain. (Verbatim: "what i have had before is one go up my nail and hurt my thumb very uh very much so")

5. The porcupines she cared for were crepuscular, meaning they were most active during dawn and dusk. (Verbatim: "crepuscular animals are ones that are active during the dawn and the evening")

6. She once worked in a role similar to a maid, involving food preparation and cleaning animal waste. (Verbatim: "i clean i prepare the food i guess maids don't have to clean up poop though but yeah")

7. She expresses concern about animals being sold for high prices and values placing pets in loving homes over profit. (Verbatim: "I don't want her to end up being like a working dog or something and she was like I want to the dog goes to a loving home so I was like then she was like I choose you")

8. She finds Sphinx cats unattractive but acknowledges they are just regular cats without fur. (Verbatim: "it just really really lacks attractiveness... pretty much the same as your regular cat just cat no fur right")

9. She has looked up pet prices online, noting Samoyed puppies can cost between $1600 and $2300. (Verbatim: "samoyed puppies 1600 2300 yo what guys no wonder people don't have samoyeds")

10. She has never watched the animated show *Kim Possible*. (Verbatim: "i never watched it i'll be honest") [end of text]



1. She has experience looking after owls. (Verbatim: "none of the owls i looked after were luckily naked")
2. She has cared for rescue parrots, including ones with behavioral issues due to past stress. (Verbatim: "i've looked after rescue parrots before and did have one that did this")
3. She previously worked at a zoo or animal care facility where she interacted with birds like ostriches. (Verbatim: "i had was it two ostriches at the zoo we had a male and a female")
4. She has owned or lived with cats. (Verbatim: "obviously i had my cats so maybe i just felt like cats or something")
5. Her current daily schedule is described as crepuscular, active during dawn and dusk. (Verbatim: "my schedule is technically technically crepuscular at this point")
6. She has knowledge about owl eye color indicating activity patterns: orange for crepuscular, yellow for diurnal, black for nocturnal. (Verbatim: "orange eyes means they're crepuscular... yellow eyes they're usually day species... black eyes are for night active species")
7. She has experience identifying bird species and their traits, including understanding feather regrowth in parrots. (Verbatim: "they do grow back... but in some cases underlying skin structures are so damaged that the plucking feathers won't return")
8. She has encountered parrots with unusual behaviors, such as mimicking a smoker’s cough or using frequent swear words. (Verbatim: "would mimic a smoker's cough over and over again... every other word that came out of that parent's mouth was a swear word")
9. She has experience with animal rescue and rehabilitation efforts. (Verbatim: "yeah so they didn't like me... but i don't know like even though i went to always feed them")
10. She has observed ostriches displaying mating behavior toward humans, particularly female humans. (Verbatim: "every time the female would get ignored and anytime a female human would walk past hicken ostrich punk would come running up being like hello hello") [end of text]



1. She previously worked at a zoo, where she interacted with visitors and cared for animals. (Verbatim: "i didn't take care of the penguins i'm glad i didn't though because like the penguins stink... you will smell like fish forever")
2. She looked after ring-tailed lemurs and tufted lemurs during her time at the zoo. (Verbatim: "i looked after ring-tailed lemurs... and what was the other one i think the other one's tufted")
3. She encountered an Eurasian eagle owl that appeared to take a special interest in her, behaving unusually. (Verbatim: "there was a um was it eurasian eurasian eagle owl where i couldn't figure out why it was being so weird to me")
4. She had an ostrich attempt to court any woman walking by, including herself, with a mating dance. (Verbatim: "it would dance and i would see the female ostrich like behind him and i'd be like yo your partner's right behind you")
5. She mentions that the stork at the zoo had a habit of pecking butts. (Verbatim: "the stork just had a thing for for pecking butts and just aiming for the butt")
6. She expresses a desire to see a sun bear in the wild. (Verbatim: "i'd love to see one in the wild i don't know how aggressive they are compared to other bears")
7. She worked alongside a female colleague at the zoo who interpreted animal behavior, such as the owl liking her. (Verbatim: "the lady that i worked with she was like i uh yeah it likes you")
8. She clarifies that red pandas are not actually related to pandas and their classification is still debated. (Verbatim: "red pandas do not count no they're not actually related to really anything... they're still very confused what the heck a red panda is")
9. She notes that many people mistakenly believe penguins are fish, a common misconception she encountered at the zoo. (Verbatim: "a lot of people seem to think penguins are fish i don't know why but it was one of the very common misconceptions that would come up at the zoo")
10. She did not take care of penguins but heard they cause a persistent fishy odor on caretakers. (Verbatim: "i didn't take care of the penguins i'm glad i didn't though because like the penguins stink... you will be fishy forever") [end of text]



1. She lived in the jungle for a couple of months and participated in night walks. (Verbatim: "as you know i lived in the jungle for a couple of months and we did do night walks")
2. She is afraid of large spiders, especially those capable of eating frogs. (Verbatim: "what i was scared of most was more so the spiders um the spiders um the spiders used to scare me um the big big spiders like we're talking spiders that eat frogs kind of level")
3. She has encountered elephants in the wild and considers them the most dangerous creature she’s come across. (Verbatim: "i'd say the most the most dangerous thing i've encountered are elephants")
4. She believes elephants are fast, strong, and unstoppable, and advises keeping distance from them. (Verbatim: "the thing about elephants is people underestimate how fast they are um and and yeah how strong they are and that nothing literally stops them")
5. She prefers following elephant paths in the jungle over boar paths because they are wider and easier to traverse. (Verbatim: "i would much rather take an elephant path over a pig path... because the boar path is like much smaller and you have to get on your hands and knees and crawl")
6. She values environmental preservation and minimizes creating new paths in nature by using existing animal trails. (Verbatim: "you want to minimize the amount of paths that you're making because you want to be as non-destructive as possible")
7. She has been bitten by a hamster, and the bite bled for a long time. (Verbatim: "i've been bit by a hamster a hamster did go for the numb on my finger that did not stop bleeding for a long time")
8. She has never interacted much with guinea pigs and initially imagined them incorrectly. (Verbatim: "i've never really interacted with guinea pigs guinea pigs i mean this is exactly it i thought this is how guinea pigs kind of look in my brain")
9. She finds red squirrels very cute and wants to see one in the wild, but notes they are rare in England due to competition from gray squirrels. (Verbatim: "red squirrels are so cute i want to see a red squirrel in the wild but they're really hard to find in england because the gray squirrels came along and were like heck nah get out of here")
10. She owns a dog that reacts excitedly to squirrels, often attempting to jump and catch them despite never succeeding. (Verbatim: "my dog just taking turns and points and is like squirrel... she does the saddest little tiny jump") [end of text]



NO RELEVANT INFORMATION [end of text]



1. Her all-time favorite animal is the weasel. (Verbatim: "they're my all-time favorite animal and they're almost as cute as you")
2. She has experience looking after wild ferrets and found them to be unfriendly and "angry noodles." (Verbatim: "the closest thing i've looked after is ferrets i've looked after ferrets um like wild ferrets... they weren't very on the friendly side they were just like these little angry noodles")
3. She previously worked at a zoo or animal care facility where she looked after animals such as monkeys, a skunk, lambs, and a vulture. (Verbatim: "i looked after a couple of monkeys and a skunk and a few other on some some lambs and things")
4. She believes ferrets are not good pets due to poor domestication and personal negative experiences. (Verbatim: "i wouldn't recommend them as pets... i feel like they're not really domesticated very well")
5. She looked after a rescued skunk from the illegal pet trade that had been de-scented but not declawed. (Verbatim: "the skunk had been de distinct like had the what you call it the thing that makes them smelly removed but sometimes they can also get declawed and stuff this one has not was not declawed")
6. She expresses concern about hand-rearing animals, citing a vulture she cared for that didn’t know how to fly or act like a bird. (Verbatim: "the vulture that i looked after was hand reared didn't know how to fly... just thought it was a human")
7. She has a strong interest in animal conservation and acknowledges the complex role of modern zoos in species preservation. (Verbatim: "nowadays it's more like conservation efforts... in an ideal world there would be no zoos but a lot of animals would be extinct without them")
8. She compares zoos to hospitals, viewing them as necessary in a flawed world despite not being ideal. (Verbatim: "my favorite analogy for zoos is like in an ideal world you wouldn't have stuff like hospitals... we'd have got rid of zoos but people keep trying to unalive all the animals so that's why we have them")
9. She has not seen Monty Python, despite references to it. (Verbatim: "i've not seen monty python i don't know this looks like oh my")
10. Her Twitter account primarily features content about herself ("ellie") and cute animals. (Verbatim: "my entire twitter account is just ellie and cute animals so seeing this fills my heart with joy to no ends really") [end of text]



NO RELEVANT INFORMATION [end of text]



1. She attended university but does not remember much from her studies, especially exam-related material. (Verbatim: "I wish I remembered more from uni I wish I remembered a lot of like I like to I just remember little bits of information that I think are fun but in terms of stuff for the exams and stuff I don't remember much.")
2. She once threw away all her old university notes because there were too many, though she acknowledges some might have been outdated. (Verbatim: "I threw away all my old like notes and stuff because there were too many but probably some of it might be out of date anyway.")
3. She is interested in hybrid animals such as ligers and mules, and finds them fascinating despite their sterility. (Verbatim: "hybrids they are they are sterile mules that's what I'm thinking of mules the donkey one yeah yeah hybrids they are they are sterile um but they are still interesting to look at like ligers and whatnot.")
4. She clarifies she is not a hybrid human, but may be mixed race, and identifies as fully human. (Verbatim: "I'm not a hybrid human it's not like but I might be mixed race but I'm still human.")
5. She has a dog that she walks regularly, indicating pet ownership and a routine. (Verbatim: "I should walk my dog oh yeah and then I will nap" / "I walked my dog.")
6. She enjoys espresso, as she mentions drinking it and becoming a "happy penguin" afterward. (Verbatim: "I've drunk my espresso to presser now I'm a happy penguin.")
7. She refers to herself as a "penguin" in a playful or metaphorical way after drinking espresso. (Verbatim: "now I'm a happy penguin.")
8. She has two community mascots named Styling and Stanana, who are recurring elements of her channel. (Verbatim: "we have two mascots styling and stanana and they're both my community mascot i love them both equally.")
9. Her community holds monthly elections to determine which mascot is "better" to prevent rivalry. (Verbatim: "we do an election each month to decide which one is better as to prevent a war.")
10. She plans to release a cover next week, indicating musical content is part of her channel goals. (Verbatim: "hopefully i'm hoping to release a next week and a cover next week um because i want to spoil you.") [end of text]



