1. She is currently living in England. (Verbatim: "Yes, yes, yes, yes. It's an instant breakfast. Wait, there's a cinnamon one? Yo, a cinnamon one would be so delicious. I'mma look for cinnamon one. The cinnamon one.")
2. She frequently drinks orange juice, suggesting it may be a habit. (Verbatim: "And yeah, I am health. What is that? Yeah! [...] I've got orange juice again today by the way.")
3. She has difficulty waking up and relies on alarms, but sometimes oversleeps. (Verbatim: "And I went, I hopped straight into dreamland. I don't know who turned off my alarm.")
4. She is responsible for dog-sitting her neighbor’s dog. (Verbatim: "Luckily. Super luckily. I was supposed to pick up my neighbor's dog this morning.")
5. She refers to someone named "Ellie Bro" who looks after her dog and uses her flat like a "free Airbnb". (Verbatim: "Ellie Bro, like, basically treats my flat like a, it's like a free Airbnb, basically, but with dog.")
6. She struggles with singing and feels self-conscious about her voice, especially in live settings. (Verbatim: "I know you think your singing doesn't measure up to a lot of other VTubers, yes, but to me it's the best singing voice in the world, I lie, I lie, lies, lies...")
7. She records her singing covers in multiple takes and is not a "one-take kind of person". (Verbatim: "I am a multiple-take kind of person, I, I do not record my covers in one-take.")
8. She wants to improve her singing and hit notes better in the future. (Verbatim: "I do want to get better at singing, though, I really do, I really, really, really do.")
9. She dislikes how dry Belvita biscuits are and didn’t realize they might need toppings. (Verbatim: "It's so dry. [...] Wait, am I supposed to put stuff on it? Is that why it's so dry?")
10. She is sensitive to cold and dry air, mentioning a blocked nose in the morning and considering buying a new duvet. (Verbatim: "Oh, my nose in the morning. Does anyone else just get blocked nose in the morning? Like, uh, nose. Why? I think it's just because it's dry.") [end of text]



1. She was not perceived as funny during school and considered herself the "unfunny kid." (Verbatim: "I was not the funny kid in class okay I wasn't I was like yeah the the unfunny kid where it was like big shock horror when um when I did say something funny people would be like oh my goodness she said something funny.")  
2. She believes her humor might have been ahead of its time or misunderstood in school. (Verbatim: "maybe maybe my humor was just beyond my time you know maybe maybe i was just like ahead of the funny heck maybe some of the unfunny stuff i say now is ahead of the funny trends maybe yeah i'm just too ahead of the game guys like way too ahead.")  
3. She has a habit of forgetting things she planned, especially ideas that come to her late at night. (Verbatim: "thank you i completely forgot that i did that thank you thank you very much that was that actually that really helped.")  
4. She often gets ideas for collaborations late at night, around 2 a.m. (Verbatim: "it was one of those like ideas coming to my brain at 2 a.m kind of thing.")  
5. She keeps her collab ideas written in her phone's notepad app. (Verbatim: "i had a great idea and i wrote down a bunch of ideas and they're written on my phone in the notepad section.")  
6. She refers to herself as a "sleepy, lazy mess" and acknowledges being disorganized. (Verbatim: "this sleepy sleep lazy mess of a person that still hasn't done her laundry.")  
7. She struggles with reading messages during streams and often feels overwhelmed or forgetful. (Verbatim: "i'm just a mess at reading things.")  
8. She identifies as a professional streamer. (Verbatim: "i am professional streamer desho professional streamer me is my professional professional streamer.")  
9. She has to pick up a dog, implying she owns or cares for one. (Verbatim: "i also have to go pick up that dog.")  
10. She procrastinates by talking about tasks instead of doing them, such as doing laundry. (Verbatim: "i'm not stalling by talking about laundry i am definitely not going to lie down no.") [end of text]



1. She lived in university housing with bills included, which she interpreted as unlimited heating. (Verbatim: "you used to be able to get like, um, bills included, um, and to me, that reads as unlimited heating")
2. She previously lived in a house share with nine other girls during university. (Verbatim: "we were like 10 girls")
3. She attended university and lived in both student halls and private housing. (Verbatim: "when I was a uni student, um, uni housing")
4. She has experience cooking regularly, often preparing meals like bacon and eggs or a full English breakfast. (Verbatim: "i cook most nights")
5. She finds it normal and economical to cook at home. (Verbatim: "cooking you gotta cook that's how you save money yo")
6. She lived in a house with a pay-as-you-go electricity meter that required topping up at a corner shop. (Verbatim: "we had this card and we had to top it up and then it would keep our electricity topped up")
7. She once had a landlord who was very kind and went above and beyond, adding extra appliances and doing gardening. (Verbatim: "he added a lot more stuff than what we'd even agreed to like he added an extra fridge he added a new television")
8. She lived with a housemate who struggled with financial responsibility and often delayed paying bills. (Verbatim: "Miss did not understand how money worked. Um, and she was always late paying her bills")
9. She associates avocados, kale, and M&S Finest products with her housemates’ healthy lifestyle. (Verbatim: "it was like m and s finest stuff or i don't know what m and s calls it basically it's like a more expensive supermarket")
10. She recalls a specific incident where their landlord came to fix the gas on his birthday, interrupting his own surprise party. (Verbatim: "he turns up with a birthday badge and a party hat um and we were like wait is it your birthday and he was like ah yes that's my birthday today") [end of text]



1. She identifies as a weeb and an anime girl, which influences her cooking preferences. (Verbatim: "because i'm a weeb um and an anime girl so um yeah i like making my own karage um my own okonaki and tonkatsu")

2. She prefers back bacon over streaky bacon and notes that streaky bacon is uncommon in England. (Verbatim: "we don't do streaky bacon here in england nah nah mate no no no... you need the right bacon which is the back bacon")

3. She dislikes pigs in blankets and is not a fan of them. (Verbatim: "i don't have pigs in blankets yeah i don't know i'm not i'm not a fan of pigs in blankets")

4. She enjoys cooking Japanese food, specifically homemade karage, okonomiyaki, and tonkatsu. (Verbatim: "i like making my own karage um my own okonaki and tonkatsu")

5. She avoids spicy foods because she cannot tolerate spice. (Verbatim: "i'm a wimp i do not cope with spicy i don't i don't cope i don't cope um at all with the spicy")

6. She values home cooking as a way to save money and avoid unhealthy takeaways. (Verbatim: "i feel like takeaway would hurt the purse um would hurt the bank account")

7. She went through a pizza-making phase during her master's degree due to expensive nearby takeaways. (Verbatim: "when i was at uni doing my masters i went through a pizza phase of like just making lots of pizza dough")

8. She frequently ate instant noodles (specifically "migraine noodles") during university, which she enhanced with broccoli, chicken, and garnish. (Verbatim: "i used to have my migraine and then cut up some like little broccoli and then some chicken")

9. She believes British instant noodles like Pot Noodle are inferior compared to Asian varieties. (Verbatim: "english british instant noodles are are not great... it's just not it um it's just not")

10. She wants to create an original birthday song for her audience in the future. (Verbatim: "i need to make an original birthday song original a new one a new one yeah") [end of text]



1. She struggles with maintaining eye contact, especially in social situations. (Verbatim: "i struggle with eye contact um very much oh my goodness yes like when i'm having... singing lessons and i've been like actively trying to um maintain eye contact")

2. She has been taking singing lessons and is working on improving her eye contact during them. (Verbatim: "i've been having like singing lessons and i've been like actively trying to um maintain eye contact")

3. She finds it easier to make eye contact with cats than with people. (Verbatim: "one thing i do have very i can do very easy contact with is with cats um but cats are easier cats are much easier yo um yeah yeah")

4. She took drama as a GCSE subject in school to help overcome being mute or socially reserved. (Verbatim: "I picked drama GCSE once upon a time in my attempt to try and like learn how to not be mute")

5. She has a poor attention span, especially when socially drained, and often zones out during conversations. (Verbatim: "i'll be honest it happens too often to me um especially when i'm drained... i'm listening so hard and then my brain's like no you're heck not")

6. She preferred re-watching university lectures because she could rewind and review content at her own pace. (Verbatim: "i preferred i very very very much preferred listening like re-watching lectures at uni because now i could rewind time")

7. She identifies as an introvert and notes that she remembers surroundings better than people in memories. (Verbatim: "a introvert typically will remember a lot more about the surroundings of a place... i find that very interesting because i find extroverts really really really good at remembering people")

8. She grew up wearing hand-me-down boys' school uniforms because she has two brothers and no sisters. (Verbatim: "my uniform was hand-me-down guy uniform um because i was outnumbered because um you know i have two brothers no sisters")

9. She disliked wearing trousers growing up and developed a strong preference for skirts and dresses. (Verbatim: "i remember just developing a hatred for trousers... i'm very much a um you know skirt wearing person i like my skirts i like my dresses")

10. Her father held the belief that one should "pack light" on clothing, leading to her having very few clothes growing up. (Verbatim: "papa elia's belief that you don't need so many clothes quote pack light") [end of text]



1. She dislikes wearing trousers and prefers skirts because she enjoys spinning in them. (Verbatim: "I just want to wear a cute skirt like yo it just i think it looks cuter and also you know you can do that you could do this thing where like... a spin. It's so fun to spin.")  
2. She always wears shorts underneath her skirts, especially due to the windy weather in England. (Verbatim: "I always, always, always, always, always, always, always wear shorts underneath. So if I spin, I have shorts. Like, always.")  
3. She lives in England, where she finds the wind to be a constant issue, particularly for hairstyles like bangs. (Verbatim: "It's windy as heck in England. Okay. That wind is coming for you.")  
4. She finds it difficult to maintain a full fringe (bangs) because of the windy climate. (Verbatim: "if you want to live that cute anime life here as, like, an anime girl with- with a full fringe in England, good luck, because it's windy all the hecking time")  
5. She has worked in clothing stores, where she noticed that women's clothing is significantly thinner than men's, despite being more expensive. (Verbatim: "they will have the exact same hoodie... and the only difference... is that the women's one is thinner... and for some reasons, the women's one normally costs more")  
6. She prefers buying oversized jumpers from the men’s section because they are warmer and thicker than women’s clothing. (Verbatim: "I like to buy oversized jumpers from the men's section... they'll actually keep me warm.")  
7. She has visited Japan and bought many anime t-shirts, particularly from series like *Yurikamp*, *Chainsaw Man*, *Jujutsu Kaisen*, and *Konosuba*. (Verbatim: "I got a really cool yurikamp... chainsaw man one... konosuba, I got a really, really, really cute one")  
8. She has a fondness for Chomusuke, the cat from *Konosuba*, as she bought merchandise featuring the character. (Verbatim: "I got a bunch of stuff that says chomsuke on it, with the little, the little cat from konosuba")  
9. She was too shy to enter the +18 or adult sections in Japanese stores due to embarrassment, despite curiosity. (Verbatim: "I was too shy to enter the +18 sections in the stores. I couldn't. I was curious and I looked and I was like, 'Nope, I can't. I'm too embarrassed.'")  
10. She had a very protected childhood, where her parents would cover her eyes during any affectionate scenes on screen. (Verbatim: "my parents would genuinely cover my eyes when there was even the slightest bit of anything on the screen okay like even like a small peck of the cheek") [end of text]



1. Her father, referred to as "Papa Elia," has a protective personality and a rock and roll style with tattoo sleeves and a motorbike. (Verbatim: "papa elia's got like you know the tattoo sleeves and the motorbike and the higgin punk kind of like rock and roll style")

2. She does not come from a wealthy background and humorously references not having a trust fund or savings account growing up. (Verbatim: "surprise we're actually very well off surprise here's the trust fund um they haven't done that")

3. As a child, she discovered the concept of savings accounts and asked her parents if she had one, only for them to laugh at her as if it were a joke. (Verbatim: "i remember that moment very well um they laughed they they actually had they they thought i told them the funniest joke in the universe")

4. She has a recurring theme of feeling like her childhood was a prank due to the lack of financial security or planning. (Verbatim: "your childhood was just a prank bro like when when when when does that happen guys")

5. She suffers from migraines that can be triggered by flashing or overly bright lights, such as those in video games. (Verbatim: "mine was definitely triggered by that supermarket in that game um with the overly flashy lights")

6. She avoids certain chill art games because they previously caused her a migraine episode. (Verbatim: "gotta be careful um yeah gosh like in the game i was technically getting stalked but my character was well i was too busy being like oh my god the heck in light")

7. She has dental issues and has been struggling to get an appointment with her dentist, who does not have an online booking system. (Verbatim: "i need to call the dentist but i keep trying to call the dentist and the dentist keeps ignoring my calls")

8. She experiences anxiety, particularly when making phone calls, and wonders if others can sense it. (Verbatim: "i'm like wait do they have lunch right i'm not i'm not a suspicious individual yo like can they feel my anxiety through the telephone rings")

9. She dislikes going outside, associating it with getting sick, and refers to it as being "punished for being outside." (Verbatim: "last time i went outside i got ill yeah like yeah all i got last time was punished for being outside")

10. She irons her own clothes and has used the same iron for a long time, considering whether she needs to replace it. (Verbatim: "i do iron my clothes and i was doing it the other day... i've had my iron for like forever i'm wondering if if i need to like get a new one") [end of text]



1. Her mother, Mama Elia, is very particular about her appearance and expects her to dress nicely when visiting. (Verbatim: "mama ellie is very particular about presentation... she very much always wants me to dress my best when i go to see her.")

2. Her father, Papa Elia, does not care about clothing or makeup and believes makeup is unnecessary. (Verbatim: "papa elia doesn't care... papa elia is very much on the side of well why do you need to bother with makeup makeup is pointless.")

3. Her parents have opposing views on fashion and presentation, creating a contrast in her upbringing. (Verbatim: "they are genuinely complete opposites... one will tell you one thing and the other one will be like nope screw that i'm gonna tell you the other thing.")

4. She used to get anxious during school roll calls and often experienced awkward silences when responding. (Verbatim: "i used to get so stressed... you'd be like here, awkward silence and they're like elia here here hmm is elia not in today.")

5. She has a habit of ironing clothes only when planning to visit family, not for everyday wear. (Verbatim: "i'll be honest it's more like iron when i want to wear the the the piece of clothing and i have to see family.")

6. She associates turning on the heating with spending money on chicken burgers, indicating a personal financial quirk. (Verbatim: "each time i turn the heating on i picture chicken burgers going down the drain because i think one chicken burger price gone another chicken burger price gone.")

7. She refers to her casual outfit as “dog walking casual,” which includes an anime t-shirt and baggy trousers. (Verbatim: "dog walking casual's just like... anime t-shirt my dog walkie trousers which are like these really baggy kind of weird material trousers.")

8. She feels conflicted when her parents give differing answers to the same question, leading to guilt when she follows one parent’s approval against the other’s wishes. (Verbatim: "i was always scared if they had different answers... then i feel bad um not bad enough to not do it again though um but still a little bad.")

9. She mentions looping between her parents when seeking permission, as each redirects her to the other. (Verbatim: "you go up to papa elia you ask something papa elia is like ask mama elia then you go up to mama elia mama elia is like ask papa elia and you're like i've already done that.")

10. She defines love as caring about someone “super super super super super” much. (Verbatim: "it's when you super super super super super super super super super super super super super care about someone easy got it.") [end of text]



NO RELEVANT INFORMATION [end of text]



1. She struggled with sleep issues and believes she has accumulated "sleep debt." (Verbatim: "I've been so sleepy this week i really need to pay off my sleep debt i think that's my issue i think i have sleep debt and sleep debt charges interest")

2. She used to be nocturnal, especially during university, often working and sending messages late at night. (Verbatim: "i was pretty much nocturnal at uni so if anyone was gonna get anything back from me um it was gonna be at some ridiculous time in the middle of the night")

3. She studied STEM subjects during university. (Verbatim: "good old stem subjects yeah")

4. She associates mental effort with being “done” after graduation, humorously claiming her brain refuses to work hard anymore. (Verbatim: "brain's like no we agreed to not use the brain anymore after we graduated like that was the deal")

5. She procrastinated on assignments during school, often completing them last minute. (Verbatim: "yes i do like to procrastinate but i'm also nocturnal so you were gonna get it was gonna be sent back at like stupid o'clock")

6. She finds it difficult to balance productivity and self-kindness, often feeling guilty for not doing enough. (Verbatim: "i've been really like kicking myself recently for being so sleepy and tired and not being able to do more and I know I need to follow my own rules as well of like you know I need to be kind to myself")

7. She uses a video game-inspired method to manage tasks, categorizing them as “main quests” and “side quests” to reduce guilt. (Verbatim: "split your split it into um main quest and side quest okay yeah yeah yeah set it to main quest and side quest so like you have your compulsory quests that have to be done today")

8. She enjoys stationery and buying cute notebooks as part of her productivity rituals. (Verbatim: "i'm so down for that but yeah the setting a time to it being like i'm gonna get this this this done today can always backfire")

9. She did not consider herself the “funny kid” in school and still doubts her comedic abilities. (Verbatim: "I was not the funny kid in class okay I wasn't I was like yeah the the unfunny kid where it was like big shock horror when um when I did say something funny people would be like oh my goodness she said")

10. She once tried to promote a moderator position on her channel but got too sleepy to finish the task. (Verbatim: "gosh what was i do what was i even like no i was trying to sell out the moderator thing last night and then i got sleepy") [end of text]



