1. She is a British VTuber. (Verbatim: "I'm Elias Ellaria. British VTuber.")
2. Her birthday is today. (Verbatim: "And it's my birthday today.")
3. She has a dog she walks during streams. (Verbatim: "There will be little breaks for me to walk my dog, so yeah.")
4. She is releasing merchandise through Akawa Entertainment. (Verbatim: "I am releasing my merch with Akawa Entertainment.")
5. She has a ducky-themed merch item, though the final artwork is not yet available. (Verbatim: "the final, finalized ducky makara art isn't actually available just yet.")
6. She has a premium merch bundle that includes a hand-signed thank you note. (Verbatim: "the premium bundle includes a personalized hand signed thank you note.")
7. She is working with an artist named Kazumi Mai on a merch item. (Verbatim: "we've got the little kitten by Kazumi Mai.")
8. She has a keychain designed by someone she has seen in chat before. (Verbatim: "could you guess who made the keychain... you've seen her in chat.")
9. She is involved in a Danathon event. (Verbatim: "merch, and the Danathon rewards and things, and thingamajigis")
10. She experiences stress during event preparations. (Verbatim: "This morning has been stress city.") [end of text]



1. She has a British accent, though she notes it's a different flavor of British due to living in a different area. (Verbatim: "I'm living in a different area now so it's a little bit of a different flavor of british")
2. She identifies as a goose, specifically a royal goose. (Verbatim: "I'm only a royal goose I'm nothing less than a royal goose")
3. She has a pet dog that she walks regularly. (Verbatim: "I'm walking my dog right now")
4. She enjoys playing The Sims and has created fashion outfit art within the game. (Verbatim: "I'm playing The Sims I should make everybody in The Sims, that'd be cool")
5. She has a fondness for Coca-Cola, which she references as a personal item she carries. (Verbatim: "got my cola got my coca-cola right here")
6. She has a self-aware sense of humor about her editing skills, acknowledging they are not very good. (Verbatim: "my editing skills aren't very good")
7. She references "three sizes" as a concept related to her character, though she refuses to disclose them. (Verbatim: "what are my three sizes well i'm not telling you guys that")
8. She has a fictional lore involving "Stannanas," a special group of fans she identifies with, implying a unique in-universe hierarchy. (Verbatim: "star nanas are the the tiny vip club")
9. She has a playful, imaginative persona that includes impersonating herself with a British accent and dramatic flair. (Verbatim: "hello it's elliot elliot elliot the real one i'm british")
10. She created birthday cards for others, indicating she engages in personal gift-giving. (Verbatim: "I made her birthday cards") [end of text]



1. She is a British VTuber. (Verbatim: "I'm Elias the Lariat, British VTuber, and it's my birthday today, yeah, it's a birthday")
2. Her birthday is today. (Verbatim: "I'm Elias the Lariat, British VTuber, and it's my birthday today, yeah, it's a birthday")
3. She identifies as not being an awesome person and feels she falls short of the image others have of her. (Verbatim: "I'm not awesome I don't know where you guys got this impression that i'm awesome")
4. She was a nerdy loner in school. (Verbatim: "you know i was that that heckin nerd loner kid at school like that's the literal opposite of also")
5. She has a habit of writing personal notes for her community. (Verbatim: "i need the validation in my life that a personalized note would offer")
6. She has a reward goal involving painting. (Verbatim: "i was gonna make a canvas which is the one of the reward goals we're gonna do some painting")
7. She has a 3D model of herself that will be unlocked. (Verbatim: "maybe we hit 3d elia reward before the top of the hour")
8. She recorded a voice pack for her character, which she found awkward to perform. (Verbatim: "i did i did like three four takes and i had to like i don't know control myself")
9. She uses the term "plasters" instead of "band-aids" due to British English usage. (Verbatim: "we don't have band-aids in England, that's not a term really, you go to the pharmacy, you ask for a plaster to put on your wound")
10. She has a playful, self-deprecating sense of humor about her identity and capabilities. (Verbatim: "I decided to write that I'm a goose, but I feel like that would be a lie, right, that would be a lie") [end of text]



1. She has a birthday that was recently celebrated during the stream. (Verbatim: "Happy birthday, Ellie! Thank you! Guess you're getting a... Chibialia Uuhu song!")
2. She feels emotionally overwhelmed by kindness and support from her community. (Verbatim: "I'm just extremely spoiled by all the people that are so nice to me.")
3. She struggles with self-worth and often doubts her own value. (Verbatim: "I don't know if I make much of a difference in the world. And it's really nice to hear that... That I can do something.")
4. She has a history of being discouraged from crying in her family. (Verbatim: "Not allowed to cry in my family... If you cried, you'd get told off.")
5. She learned to quickly clean up after crying due to past family reactions. (Verbatim: "I had to learn how to... Clean up fast...")
6. She has a close friendship with someone who credits her with helping them avoid becoming a shut-in. (Verbatim: "Without you I probably would just be a shut-in.")
7. She has traveled with friends, including a holiday with Irie and another friend. (Verbatim: "We went on holiday together with Irie... we've had so many adventures together.")
8. She has a goal to improve her singing and create content like shorts. (Verbatim: "You have goals of improving your singing and working hard on lots of other things...")
9. She has recorded a voice pack for a project called "Sweat Ellie." (Verbatim: "I already recorded it you oh my god is it i want to hear it guys we can't reach it")
10. She has contributed to lore content, including voicing a character named Stanana. (Verbatim: "I voiced the stanana in your lore video") [end of text]



1. She has a very inconsistent sleep schedule involving frequent naps and shorter sleep periods. (Verbatim: "I have a very messed up sleep schedule that involves like a lot of probably shorter sleeps and a lot of naps.")
2. She once attended a school trip in primary school where she was too scared to eat "angel the lights." (Verbatim: "I remember those angel the lights I had it once on like uh what you call it a school trip in primary school and I was too scared to eat it so I was like is this made of angels.")
3. She has a close friendship with another VTuber named Panda, who helped her set up her streaming room. (Verbatim: "this room panda helped panda helped so much I was like panda where do I put things if it's so messy let's get that.")
4. She is known to be kind and gentle, even to non-native English speakers. (Verbatim: "even though I'm not a native english speaker she was so gentle and she's so kind.")
5. She has been referred to as a "goose" by a fan, which she denies, though the term is used affectionately. (Verbatim: "she's a goose so everyone please take care of ellia and remember whenever she says she's not a goose she's lying she's not lying like she's trooping she's a goose.")
6. She has a habit of speaking with friends daily, though she sometimes forgets about time zones. (Verbatim: "the fact that we talk literally every single day I think there's like there's like I'm trying to think how many people I speak to every day and it's really not maybe like maybe it's six seven people.")
7. She has been to an offline YouTuber meetup hosted by Ob Katy Cat in December. (Verbatim: "we met um back in december because there's like offline youtuber meetup that uh ob katy cat hosted and elia is one of the people.")
8. She has a close bond with a friend named Friend A, who encouraged her to try roller coasters despite her fear. (Verbatim: "friend a managed to get me on with such strong reassurance that it would be okay.")
9. She is not a fan of British bread, describing it as "corn" and "s-c-a-s-s-c-o-r-n corn." (Verbatim: "our bread is awful oh really our bread is really bad i would not recommend our bread it's like a it's like a corn it's corn it's s-s-s-s-c-a-s-s-c-o-r-n corn.")
10. She has a playful, self-deprecating sense of humor about her identity, jokingly identifying as a tank engine. (Verbatim: "i am a tank engine i'm an engine you're an engine are you yes yes") [end of text]



1. She has a fear of bananas. (Verbatim: "I will eat it because I ate one earlier and I'm learning to conquer my banana fear")
2. She enjoys chicken burgers and is eager to try Popeyes in the UK. (Verbatim: "I like I have I eat a lot chicken burgers I like I like yeah chicken chicken is always good")
3. She is skilled at organizing events using spreadsheets. (Verbatim: "ellie is like super organized secretly I told you guys she is she is she like made a whole spreadsheet")
4. She has a strong affinity for spreadsheets and finds them enjoyable. (Verbatim: "I do I do love my spreadsheets it was very bulked at the first but we fixed it")
5. She is comfortable with time zone coordination, though it can be challenging. (Verbatim: "time zones are difficult but time zones make my head hurt")
6. She has a fondness for British time zones, finding them easy to work with. (Verbatim: "oh so easy so yeah I'm like yes my people")
7. She is musically inclined and composed a personalized song for a friend. (Verbatim: "I wrote a mini song for you no way no way it's just it's just a poopy little song on my ukulele")
8. She values heartfelt, handmade gifts and considers music a meaningful form of expression. (Verbatim: "i can't draw so i was like i'm gonna make her a little song oh it was honestly that was really really really wonderful")
9. She has a history of attending offline meetups, including one hosted by Katy Cat. (Verbatim: "we met um back in december because there's like offline youtuber meetup that uh ob katy cat hosted")
10. She enjoys playing video games, particularly Final Fantasy XIV and Pixelmon. (Verbatim: "every time I watch your stream I get a little bit closer and closer and closer to falling back into my final fantasy 14 haul") [end of text]



1. She has a birthday that was celebrated during the stream. (Verbatim: "happy birthday ellie i wish you all the best thank you thank you oh yeah okay next person oh my god my heart's not gonna get my hair")
2. She is known for her comforting presence during gameplay, particularly in Lethal Company. (Verbatim: "when i was on your team i felt comforted when i wasn't on your team i felt terrified")
3. She is skilled at singing, as she has released covers and is working on a new one. (Verbatim: "there's a cover coming out after this stream um oh i can shake you know i can't you can't see it but i can shake")
4. She has a close relationship with her chat community, referring to them as "gemmates" and expressing gratitude for their support. (Verbatim: "you've made so much as well not only for me but for like all of all of my my gemmates as well")
5. She created a server for Palwar and invited others to join, showing initiative in community building. (Verbatim: "you created the the server for palwar and you invited us as well and it was so cool")
6. She enjoys co-working streams, where her voice and presence help others stay productive. (Verbatim: "i listen to you working around with everyone and i'm just doing my own thing like yeah i can get things on this is this is nice co-working")
7. She has a playful, affectionate relationship with her fans, often using terms like "baby girl" and expressing deep admiration. (Verbatim: "i'll be your baby girl i'll be your baby girl oh my goodness oh my thank you look at me look at me i'm looking at you with these eyes")
8. She is inspired by another VTuber named Reina Romania, whose cover she praised highly. (Verbatim: "look up reina's channel okay reina romania okay and look up her cover of okay oh my god no stop stop listen this is your birthday")
9. She has a habit of watching and being inspired by other VTubers' content, such as Reina’s letters of comfort videos. (Verbatim: "one of your like you know your letters of comfort videos they are really helpful really yeah every day")
10. She values emotional connection and support, both giving and receiving, as seen in her interactions with fans and her appreciation of comforting content. (Verbatim: "i'm so glad they make a difference like oh my goodness it's okay baby girl don't worry i am being honest") [end of text]



1. She is a VTuber who has a birthday stream, indicating she has been active for at least one year. (Verbatim: "It's your first birthday and I hope that everyone in chat really really shows you exactly what you mean to every single one of us")
2. She is referred to as "Kami Ushi" by a fan, suggesting this may be a nickname or title associated with her persona. (Verbatim: "You're a beautiful, kind, lovely, wholesome, and sweet Kami Ushi.")
3. She has a distinctive accent that she previously felt self-conscious about, but others find endearing. (Verbatim: "I remember the first thing that I heard you say was like, you talking about your accent or something like, something about how you didn't like your accent, and I thought that was ridiculous because it was so cute, so beautiful.")
4. She has a close friendship with a fan named Pika, who created a custom outfit for her as a birthday gift. (Verbatim: "I spent all of the babysitting time trying to make this and more.")
5. She has a custom outfit designed to resemble a cloud, indicating she enjoys whimsical or fantasy-themed aesthetics. (Verbatim: "This is if Ellia was a cloud.")
6. She has collarbones, which she was surprised to learn she had, suggesting her default avatar may not have shown them. (Verbatim: "I didn't realize I didn't have collarbones.")
7. She has a version of her avatar that is fully nude, which she acknowledges exists but may have deleted. (Verbatim: "There's a naked one? Yeah. I think it's just like I got rid of it.")
8. She is described as being incredibly kind, generous, and joyful, with fans expressing deep emotional gratitude toward her. (Verbatim: "Ellia is seriously one of the sweetest youtubers I have ever met in my life.")
9. She is seen as an inspirational figure who makes others feel welcome and included. (Verbatim: "You made me feel like I'm very welcome and you're incredible.")
10. She is associated with the idea of being a messenger from the stars due to her intelligence and perceived grandeur. (Verbatim: "Because you cannot fit here with your massive brain!") [end of text]



1. She is shy and finds it difficult to speak spontaneously. (Verbatim: "oh thank you oh my goodness so happy birthday thank you for inviting us in you have a wonderful amazing special day thank you i'll treasure this little badge yeah and think about bugatti")
2. She created a customized schedule for a viewer as a birthday gift. (Verbatim: "i tried my best to make it auto but i'm not good at coding yet i'll make it auto one day but i made um a schedule just for you okay")
3. She enjoys creating digital art and has a personal style that includes stars and ribbon motifs. (Verbatim: "i tried to make it close like it closest to like i i see like your your vibes and your style it's perfect")
4. She is interested in Final Fantasy XIV and has recently re-engaged with the game. (Verbatim: "i heard you talking about Final Fantasy XIV earlier, and i just thought i should mention that the Bugatti is back!")
5. She is working on improving her spreadsheet skills for community coordination. (Verbatim: "i need to fix my spreadsheet i'm seeing things in discord being like some part of the spreadsheet that i made is wrong")
6. She values community organization and has taken initiative in coordinating events. (Verbatim: "i want to thank you so much for organizing everything and the power out server you are such a gem to the community")
7. She appreciates handmade gifts and finds emotional meaning in personal creations. (Verbatim: "i'm not the best artist, but I wanted to give you something cute.")
8. She has a fondness for the Bugatti car in Final Fantasy XIV and is motivated to earn it. (Verbatim: "i need to live out my fantasy of being able to drive, i need to get the hecking car")
9. She enjoys using digital tools like PSD files to customize content for others. (Verbatim: "i also put it in the psd so you can change anything you want to change about it don't worry just anything you need to change it's beautiful")
10. She has a history of practicing her interactions before live streams due to shyness. (Verbatim: "i practiced this this whole thing like several times before i joined i was like okay i'm gonna say this and then i'm gonna do this and then this") [end of text]



1. She was born in Germany. (Verbatim: "fun fact i was born in germany")
2. She has a consistent birthday wish focused on others' happiness. (Verbatim: "just that for the people around me to be happy so i'll go work hard for that")
3. She values positive energy and creating a happy space for her community. (Verbatim: "we gotta have some happy space in the vtuber like like community right so yes yeah yeah keep it we'll make that positive happy space")
4. She has a close connection with another VTuber named Ellie, sharing a face model (Vbridger by Nova). (Verbatim: "we share a face parrot yeah therefore we are technically siblings of some level")
5. She has multiple mouth rig siblings due to shared facial models. (Verbatim: "i have a lot of mouth rig siblings")
6. She finds it difficult to think of material desires, feeling deeply satisfied with simple joys. (Verbatim: "i don't need an eight million dollar mansion... i just want good food and good company")
7. She enjoys celebrating birthdays with cake and cola. (Verbatim: "i had a banana and then it counts and a bit of cake and i'm drinking cola")
8. She has a bright, expressive smile that can be visually striking. (Verbatim: "look at that big smile big smile oh gosh yeah it's just flying by at the moment")
9. She is self-aware about not seeing herself as inherently positive, but strives to maintain a positive presence. (Verbatim: "i don't think of myself as a very positive person i'm like yeah the world sucks but you know we're going to go try and smile in it")
10. She attributes her positive community to her own kindness and the reciprocal nature of good relationships. (Verbatim: "i think it's because you're such a lovely person that's why you have like such lovely friends") [end of text]



1. She is a VTuber who hosts live streams twice a day, 99% of the time. (Verbatim: "you stream twice a day like 99 of the time which means that i have twice as much lurk time it's beautiful")
2. She is known for her thoughtful and precise game selection during streams. (Verbatim: "your game choice is always so on point")
3. She has a close relationship with her community, who frequently participate in her birthday celebrations. (Verbatim: "there's so many people who are ready to come and like celebrate your birthday with you")
4. She is deeply moved by heartfelt compliments and emotional gestures from her community. (Verbatim: "you're making me cry I'm making myself cry and you can chill because I just want you to be so fucking happy")
5. She has a strong sense of self-awareness and often downplays her own accomplishments. (Verbatim: "i'm very very far from that")
6. She is comfortable with being called "a cute mess" by her friends. (Verbatim: "you're a cute mess so it's fine")
7. She values being recognized for her positive impact on the VTuber community. (Verbatim: "you give so much back to like your community but also like just like the general like vtuber community")
8. She has a personal connection with another VTuber named Mia, who has appeared on her stream. (Verbatim: "guys you need to check out mia you've been doing that like was it like talk show and what you being on one like yeah you're awesome")
9. She is sensitive to being overly praised, often deflecting compliments. (Verbatim: "stop thinking stop it stop it right now i can't handle compliments")
10. She has a habit of drawing personalized birthday gifts for her friends, including one she made for herself. (Verbatim: "i was like she's either gonna enjoy this or she's gonna hate me i love this forever i love this so much") [end of text]



```
1. She is 151 centimeters tall. (Verbatim: "I'm 151 centimeters")
2. Her birthday is celebrated during the stream, and she refers to it as her "birthday." (Verbatim: "It's my birthday")
3. She is British and speaks English as her native language. (Verbatim: "I'm British actually so it's my English is my native language")
4. She has a fondness for stationery and finds it cute. (Verbatim: "I really love this! I hope you guys find it as cute as I do")
5. She is involved in crafting, specifically crochet, as she mentions making a crochet item. (Verbatim: "I'm gonna give you a wrench so they know they know you is important here i give you renchu staffer-san staffer-san i give you renchu there we go yeah")
6. She is working on a hand-painted mug as part of a donation reward. (Verbatim: "I'm also going to be painting a mug")
7. She has a limited-edition birthday merch bundle that includes a signed keychain and a daki. (Verbatim: "It has to be the happy birthday limited bundle")
8. She has a dakimakura (body pillow) that is printed on two-way tricot material. (Verbatim: "This is a dakimakura printed on two-way tricot")
9. She is involved in creating or promoting a mini daki kitchen that is 5 inches (13 cm) in size. (Verbatim: "There's a mini mini um five inch so 13 centimeters stuffed daki kitchen")
10. She references a character named Laila in a piece of artwork she created. (Verbatim: "Look at the art! It's called Laila!")
``` [end of text]



1. She has a sister persona with white hair. (Verbatim: "my sister persona which is white hair")  
2. She identifies with the term "onee-san" and enjoys being seen as a big sister. (Verbatim: "i'm gonna be a big sister guys finally")  
3. She is self-aware of her tendency to put herself down and has a habit of negative self-talk. (Verbatim: "you put yourself down and then you also surround yourself with people who like love other people and raise other people up but like also put themselves down")  
4. She struggles with social anxiety and is very quiet in real life. (Verbatim: "i'm a ball of social anxiety and extremely shy and i'm very quiet irl")  
5. She has been influenced by her fans to learn new skills, such as crochet. (Verbatim: "you inspired me to buy this crochet set that i just got on the side")  
6. She enjoys watching her own birthday stream and reflects on it emotionally. (Verbatim: "i have also realized whilst watching your birthday stream that you you put yourself down")  
7. She is fond of the color purple and finds it aesthetically pleasing. (Verbatim: "purple is such a nice color i i i love it like yeah yeah yeah yeah i love purple so much too")  
8. She has a playful, affectionate relationship with her fans, often referring to them as family. (Verbatim: "you can call me was it yeah and i can be a real o-nei-san")  
9. She has a habit of drinking cola instead of water, even when encouraging hydration. (Verbatim: "i can't lie to you guys i can't lie to you guys i'm drinking cola")  
10. She feels emotionally overwhelmed by the kindness and support from her community. (Verbatim: "oh my goodness oh my goodness oh my goodness i forget to breathe i need to breathe") [end of text]



1. She has released a free "swear Elia" voice pack created from art by Scion. (Verbatim: "I'll set that to free and then oh I need to actually add the file let me let me add the file")
2. She is self-aware of being awkward and finds it difficult to perform crude or rude vocalizations. (Verbatim: "it's so awkward of course it's awkward i'm awkward like yeah")
3. She identifies as a very proper person and does not naturally use crude language. (Verbatim: "i'm a very proper you know me i don't say anything crude i don't say rude words i'm a lady now i'm a lady")
4. She has been playing League of Legends for about 10 years. (Verbatim: "am i really a league player yes i've been playing league for like 10 years")
5. She has ascended beyond toxicity in her gaming behavior. (Verbatim: "i have ascended beyond toxicity though")
6. She has a strong connection with her fanbase, having received heartfelt messages from long-time supporters. (Verbatim: "you are so so amazing i have looked up to you for a very long time and you're so kind")
7. She is known for her work on the "Dairy Pals" project. (Verbatim: "thank you for giving all your passion into the world... the dairy pals um power to ben it was so good it was so good")
8. She has a birthday that was recently celebrated, with fans sending her a Wagyu burger experience. (Verbatim: "happy birthday i have sent elia a wagyu experience with a small small price of 200 pounds")
9. She is comfortable with being the subject of cringe and embraces it as part of her persona. (Verbatim: "embrace the cringe um let's do our next cool in now")
10. She has a habit of using her voice packs as ringtones and in her personal audio setup. (Verbatim: "i downloaded it played it on a big speaker installed it at my ringtone") [end of text]



1. She has a strong affinity for British VTubers and enjoys connecting with them. (Verbatim: "if anyone's british vtuber i'm like hello what up it's me your girl elia fwendo")
2. She identifies with British culture and finds shared experiences with other British VTubers meaningful. (Verbatim: "i see a british person i'm like yes i must be friends with it it's so weird yeah it's like hello it's a shared experience")
3. She has a fondness for burgers, particularly large or elaborate ones, and enjoys discussing their structure and presentation. (Verbatim: "i remember like first seeing you and being like oh my god she's heckin beautiful and then i heard your voice and i was like oh my god we got another one beautiful")
4. She prefers eating burgers with a knife and fork, which she acknowledges is a habit that draws playful teasing. (Verbatim: "but burgers these days yes they are too they have too many stories on them yeah and if you like eat it you're just like well it's just all gonna fall out and yeah it's but like a skyscraper why are they going tall")
5. She has a history of playing League of Legends on low-end hardware, including a "really awful like tiny little notebook thing." (Verbatim: "I used to play on this like really awful like tiny little notebook thing so and I used to have that work on that so yours is completely fine I believe")
6. She has a playful, self-aware sense of humor about her own enthusiasm and tendency to overreact during streams. (Verbatim: "oh yeah i think um i think i can order food actually we have a good break between we have a mini break um so food ordering time burger ordering time honestly i'm like holding my stomach with how hungry i am")
7. She finds the idea of a "gold leaf burger" to be a fun and whimsical aspiration, imagining it as a luxurious experience. (Verbatim: "maybe with more donations we can get our own gold leaf and put it ourselves how much is gold leaf i think it's fairly okay okay we'll be the fancy people in harrods that open up our burger and whack out our gold leaf from our bags")
8. She has experienced anxiety related to live streams, particularly around the fear that viewers might not show up. (Verbatim: "i've been anxious not just for like last night but like over the last week since i scheduled this heckin stream i've just been like having scary dreams where where no one turns out")
9. She values the presence of her audience more than material rewards, stating that just being there is already "more than enough." (Verbatim: "being here is already more than enough okay like seriously like being here is already so much i just i kept having honestly i've been anxious")
10. She has a playful, imaginative mindset, often engaging in whimsical hypotheticals such as imagining a "wide burger" or a "burger cake" with better structural integrity. (Verbatim: "there's just so many benefits of a wide burger there was no burger architect working on it at the time it's such a shame like all the all the engineers they were so they were so how can we make it they didn't think maybe we shouldn't make exactly") [end of text]



1. She has a strong connection to her grandmother, referred to as "Nana Elia," who gives her playful, teasing feedback in real life. (Verbatim: "those are things that nana elia says to me irl include wow elia you look like a ghost you should go outside more")
2. She has a close relationship with her mother, and she plans to visit her on Mother's Day in England. (Verbatim: "it's mother's day in england and i'll go visit mama and nana elia")
3. She identifies as having a Scottish accent, which she explicitly states she uses and is proud of. (Verbatim: "Yeah, it's from Scotland I learned that word from Scottish")
4. She has a history of being bullied or receiving negative attention when she first became a VTuber. (Verbatim: "How much hate I would get When I first became a VTuber")
5. She is self-aware of her tendency to doubt her own worth despite receiving positive feedback from fans. (Verbatim: "I'm kind of a mess and I'm not anything special I wish I was")
6. She considers swearing to be one of her professional talents. (Verbatim: "Swearing is my Professional talent")
7. She has a cat that is active during her streams, often running around and causing disruptions. (Verbatim: "My cat is running around I'm gonna die")
8. She has a fondness for McDonald's, though she is critical of their delivery service and packaging. (Verbatim: "I hate that tablet so much it tastes like crap bleh bleh bleh")
9. She has a personal goal to continue improving her drawing skills, though she feels her current work is too simple. (Verbatim: "I really want to try to keep on drawing so I tried to draw this for you It's just really really really simple")
10. She has a recurring theme of self-identification as a goose, despite repeatedly denying it, suggesting it may be a running joke or part of her persona. (Verbatim: "I am a goose I always been a goose I always loved the goose") [end of text]



1. She has a close friendship with another VTuber named Emma. (Verbatim: "Thank you so much for being my friend")
2. She is self-aware of being perceived as amazing by others, though she doesn't fully believe it. (Verbatim: "She doesn't know she's amazing")
3. She enjoys eating McDonald's chicken burgers and finds them delicious. (Verbatim: "My McDonald's chicken burger has its own unique chicken burger taste to it")
4. She has a preference for eating in paper bags, noting their durability. (Verbatim: "those mcdonald's paper bags are heckin tough they don't let liquid rule")
5. She finds the taste of cola served horizontally to be disappointing. (Verbatim: "I'm still very sad about the horizontally served cola")
6. She has a childhood memory of growing up in a corn-free household due to her father's dislike of sweet corn. (Verbatim: "my papa, Elia, doesn't like sweet corn. So it was just banned from the house completely.")
7. She first tried sweet corn after leaving her parents' home. (Verbatim: "I didn't get to try corn until I left my parents' place.")
8. She has a strong affection for corn and often promotes it to others. (Verbatim: "I'm sewing my kernels across the globe.")
9. She enjoys eating corn in various forms, including on the cob, on a string, and on a stick. (Verbatim: "I'll eat it on the cob, I'll eat it on a string, I'll eat it on a stick")
10. She is interested in 3D virtual interactions and envisions future collaborations in 3D space. (Verbatim: "we can colloud it will be really really cool") [end of text]



1. She has a strong affinity for sweet corn and considers it an underrated sweet flavor. (Verbatim: "I think corn is an underrated sweet flavor.")
2. She is interested in traveling to America to experience a "corn tour" and explore different corn varieties. (Verbatim: "I need to travel to America and try to get on a corn tour.")
3. She enjoys eating sweets frequently and has a habit of snacking throughout the day. (Verbatim: "I came to Norway and I just keep eating sweets like I'll be like dinner no how about another donut snacks snacks")
4. She has a fondness for KFC, though she finds it underwhelming in America. (Verbatim: "Dude, I'm dying to try- KFC sucks so bad in America.")
5. She has eaten expired grocery store leftovers and considers them a part of her past eating habits. (Verbatim: "I would rather eat expired grocery store leftovers than KFC.")
6. She once made a meal from discarded food items, including trashcan hotdogs, meatballs, ravioli, and mushrooms. (Verbatim: "I made a garbage can of pasta. I put trashcan hotdogs and meatballs and ravioli and sauce and mushrooms.")
7. She has a habit of using hand cameras during streams, which makes her feel like a child. (Verbatim: "Whenever I do hand cam I somehow become like a five-year-old.")
8. She has a glass desk due to past incidents with spills damaging wooden desks. (Verbatim: "I used to have a wooden desk and there was like a groove in front of my monitor from where I was because I just kept exposing it to the elements.")
9. She once made a caterpillar-themed cake and shared it on camera. (Verbatim: "I had a caterpillar cake.")
10. She has a mouse pad that has been damaged by chocolate and nail polish remover, which she affectionately refers to as her "booby mouse pad." (Verbatim: "my booby mouse pad she is in a rough state") [end of text]



1. She has a strong aversion to the sound of bristles, particularly on toothbrushes or brooms, describing it as causing goosebumps and a reaction similar to nails on a chalkboard. (Verbatim: "bristles bristles make my skin crawl like it's it's that sound that that that gives me shivers you know like you know like nails on a chalkboard")
2. She experiences intense hunger to the point of becoming irritable, referring to this state as "hangry," and notes that others can tell when she hasn't eaten. (Verbatim: "i get hangry when when i don't have you can tell when i've not had breakfast in my morning stream where i'm just like hold the phone guys")
3. She enjoys consuming multiple energy-boosting snacks and drinks, including chocolate bars, cereal bars, rocky road, cake, and energy drinks, to sustain her during long streams. (Verbatim: "i've had like a can of red bull in my fridge for heckin ages and i've not really had a reason to drink it")
4. She has a fondness for acrylic painting and creates custom artwork on mini canvases and mugs, which she plans to give as rewards to top donors. (Verbatim: "i'm gonna paint an acrylic on these mini canvases and these mugs that i'm gonna paint actually did arrive")
5. She humorously identifies with rats, referring to herself as the "rat woman" and expressing a desire to train rats as Uber drivers, suggesting a playful affinity for rodents. (Verbatim: "i speak for the rats i'm the rat woman")
6. She has a playful, self-deprecating sense of humor about her personal hygiene, joking about not showering for days and needing to clean up for others. (Verbatim: "hey what's up i haven't showered for five days i think i knock them out on the way out and they got a whiff of me")
7. She enjoys using a party popper for celebratory moments, indicating it's a recurring ritual she uses during streams, especially on birthdays. (Verbatim: "i haven't used my little party popper for a while i should use that more where is it party popper go ba-bam")
8. She has a preference for large, oversized energy drinks, specifically mentioning a "chunky big" can of Red Bull, suggesting a habit of consuming high-caffeine beverages. (Verbatim: "like one of those chunky big ones um yeah so we can have that")
9. She is aware of the dangers of extreme fatigue, comparing sleepiness to being drunk, particularly in relation to operating machinery or driving. (Verbatim: "apparently i'm what is it when i used to work in like offices and staff and retail and all those jobs")
10. She expresses a desire to learn how to operate heavy machinery through simulation games, indicating interest in virtual training for real-world skills. (Verbatim: "surely there's one for heavy heavy machinery so all i have to do is is try that") [end of text]



1. She is a British VTuber. (Verbatim: "hello i am ellia stellaria british vtuber and it's my birthday")
2. She has a fear of water and cannot swim. (Verbatim: "i can't swim i'll just drown")
3. She has a traumatic panic response when unable to touch the ground in water. (Verbatim: "i i'll panic if i can't touch the ground and i can't really float very well")
4. She has difficulty treading water and cannot float well. (Verbatim: "i can't tread water i i i can kind of float though like i can do a little as long as my head's above the water")
5. She avoids getting water on her face, even during showers. (Verbatim: "when i shower i don't i don't get my face wet like at all when i shower so")
6. She has a strong interest in marine biology despite not being able to swim. (Verbatim: "i remember doing quite a few modules in in marine biology and and and i was just like i can't i just i just don't feel like marine biology is for me because i can't i can swim")
7. She is fascinated by sharks and believes they are underrated and misunderstood. (Verbatim: "sharks sharks are deserve deserve so much more love they get heckin you know misrepresented in the media as as scary things but sharks are heckin wonderful")
8. She has played the French horn in the past and considers it a beautiful instrument. (Verbatim: "i love the french horn it's such a beautiful beautiful beautiful instrument")
9. She has borrowed a French horn and is considering purchasing a new one. (Verbatim: "i don't know what i don't know i don't even know how to roleplay is like that'll be interesting to say the least um a french horn stream when i can finally dust off my french horn")
10. She has experience playing in an orchestra and found it extremely stressful. (Verbatim: "it was very stressful to be in an orchestra or maybe it was the orchestra i was in but it was very stressful") [end of text]



1. She has a strong fear of her former school and avoids being near it. (Verbatim: "I don't like it I don't like it I want to be as far away from it as possible as soon as I left")
2. Her fear of her school motivated her to endure long bus rides to attend college. (Verbatim: "that fear of that school is what fueled me through those two-hour bus journeys to go to college")
3. She struggles with social anxiety and often cringes at her past conversations. (Verbatim: "I really worry every conversation I have with anybody I think back and I can cringe upon and think oh my god they're gonna hate me forever for one thing I said")
4. She has a deep desire to improve her social skills and make friends despite her shyness. (Verbatim: "I want to be able to make friends and talk and yeah so so I forced myself in any sort of activity that would put me in a sort of like you know public eye")
5. She owns a French horn that she feels emotionally attached to, though it's marked as public property. (Verbatim: "I can't really because I feel like if I go get it fixed and serviced they're gonna notice all the engraving on it that says it's like public property and not mine")
6. She is self-aware of her tendency to be cringey and embraces it humorously. (Verbatim: "I don't care if I'm stinky and cringe because you're very cute and ambiguous and i want to support")
7. She has a habit of checking the toaster settings carefully due to past burnt toast incidents. (Verbatim: "you just you know how many of you guys look at the setting of the toaster that it's on like normally you just trust the toaster would be on the right setting")
8. She references a fictional "past Elia" who is unreliable and prone to causing burnt toast. (Verbatim: "past elia how could she how could she um yeah past elia's pretty sauce like there's been a few burnt things but all i can do is blame myself")
9. She values personal hygiene and makes a point to shower before long streams. (Verbatim: "i made sure i made sure i was like gotta have that shower gonna be nice and fresh for this")
10. She has a fondness for the concept of "cringe" and embraces it as part of her identity. (Verbatim: "we embrace the cringe and accept the muppet okay okay") [end of text]



1. She grew up in Hong Kong, which was a British colony. (Verbatim: "because i grew up in hong kong and it used to be a british colony")  
2. She attended a school system based on the British model, using "year one, two, three" instead of grades. (Verbatim: "we had like year one two three instead of grades")  
3. She completed GCSE-level education during her schooling. (Verbatim: "and i got like gcse stuff")  
4. Her teachers were primarily from Europe, contributing to her British accent. (Verbatim: "all my teachers were from like europe or something")  
5. She retains a British accent from her upbringing, which differs from common American English usage. (Verbatim: "i grew up with the british accent that's so cool yo")  
6. She uses British English terms like "torch" instead of "flashlight" and "lorry" instead of "truck". (Verbatim: "i say torch not flashlight oh good because like everyone gets confused when i say torch")  
7. She finds American English terms like "grades" and "college" confusing due to differing meanings. (Verbatim: "i don't know what that the grades confuse me the years make so much more sense")  
8. She has a strong preference for British English terminology and feels validated when others agree with her usage. (Verbatim: "i'm very glad we agree yes i'm very glad we agree on this this is great")  
9. She has a dog that enjoys snow and performs a "happy dance" when it snows. (Verbatim: "my dog loves it... she does like a little happy dance in it and it's adorable")  
10. She previously lived in places without dishwashers and deeply values having one now. (Verbatim: "i never have one like in any of the previous places i've lived in in my life and and oh i love dishwasher-san") [end of text]



1. She has a close relationship with a fan named Jotto, who is referred to as "kamiashi" (a term of endearment meaning "my god's hand" or "dear one"). (Verbatim: "I'm proud to have you as my kamiashi daisuki da yo")  
2. She celebrates her birthday on the same day as a fan named Ellie, who received multiple birthday messages during the stream. (Verbatim: "Happy birthday Ellie")  
3. She is deeply emotional and prone to overwhelming feelings of gratitude, to the point of needing to physically comfort herself with a plushie or blanket. (Verbatim: "Wait a minute! Oh gosh, we got the whale of squads! *gasp* Remy! Remy, Remy, Remy!")  
4. She has a habit of preparing for emotional moments, such as having a "blankie" ready, indicating she uses comfort items during high-stress or joyful events. (Verbatim: "oh gosh okay i got blankie i got blankie guys")  
5. She values being seen as someone who takes care of herself, and explicitly states this as a personal priority. (Verbatim: "Oh, I forgot to say I do take care of myself.")  
6. She has a strong emotional reaction to receiving support, describing it as overwhelming and potentially leading to crying, which she tries to suppress. (Verbatim: "I feel like if I relax though I'll end up crying and and and and and I don't think I should be crying")  
7. She has a history of being nervous about live events, as evidenced by her admission of not sleeping the night before due to anxiety. (Verbatim: "I didn't really sleep last night I was very very very nervous for today")  
8. She has a playful, affectionate relationship with her fans, referring to them as "you guys" and expressing deep appreciation for their support. (Verbatim: "You guys are the best!")  
9. She has a specific goal to collaborate with another VTuber named Ellie, indicating a planned future collaboration. (Verbatim: "ellie bro has agreed to collab with me um as a goal")  
10. She is involved in a community-driven activity where fans vote on her Twitter profile picture, showing her engagement with fan input for her online identity. (Verbatim: "so there's um there's you got you guys get to choose my oh wait I was gonna do a tweet and then the most liked picture") [end of text]



1. She has a dog named Snow who loves both her laundry and snow. (Verbatim: "my dog loves so loves snow and my laundry so hello")
2. She enjoys wearing hooded outfits with bows and considers her hoodie a "best charm point." (Verbatim: "my hoodie my best charm point let's go")
3. She has a strong emotional connection to her community, describing their energy as "contagious" and expressing deep gratitude for their support. (Verbatim: "your energy is contagious your amazing ilia oh yeah no no no wait my heart wasn't ready")
4. She values being part of a supportive and caring community and believes in spreading happiness to others. (Verbatim: "you guys be happy")
5. She has a history of recording music before receiving formal singing lessons, including a cover that was recorded "ages ago." (Verbatim: "that one was actually recorded like ages ago we had like a million issues with it")
6. She is self-aware about her vocal abilities and has concerns about audience expectations for her music, aiming to set low expectations to ensure pleasant surprise. (Verbatim: "I need to set them low so that they're pleasantly surprised")
7. She has created and released music covers, with one recently completed and scheduled for upload during a stream. (Verbatim: "I have the files it was very it was finished just in time it was finished this morning")
8. She plans to host after-parties for her music releases, inspired by community habits, though she is still figuring out the format. (Verbatim: "I wonder how my stream will go if i start uploading a video like do you think it'll be okay")
9. She has a habit of recording and releasing music covers, often after long streams, suggesting it's a recurring creative activity. (Verbatim: "I'll know that we all do that right we all know that I had to I had to that's why that's why I talk about covers")
10. She has a personal goal to one day own a real-life hoodie similar to her stream outfit, possibly for cosplay purposes. (Verbatim: "i want one irl one day a hood like that someday maybe a merge maybe something i'll just cosplay as you") [end of text]



1. She is a VTuber who performs solo covers of songs. (Verbatim: "I'm doing a female solo cover of it")
2. She celebrates her birthday during the stream. (Verbatim: "it's your birthday oh yeah and yeah i'm just setting up a cover for a cover for after part one")
3. She covers songs from League of Legends. (Verbatim: "it's a league of legends song i'm doing a female solo cover of it")
4. She performs a cover of "Paranoia" by Heartsteel, a League of Legends song. (Verbatim: "it's a cover of paranoia it is a league song um to those that guessed the league of legends song you were right")
5. She is known for her self-deprecating humor and downplays her own appeal. (Verbatim: "don't believe me okay she's cute she's adorable you don't deserve her okay")
6. She values kindness and appreciation from her community. (Verbatim: "i appreciate it very very very much i really do")
7. She has a dog that sleeps in the hallway. (Verbatim: "she's been asleep in the hallway but i will be ah my my small child thing i don't know what to call it")
8. She enjoys painting mugs as part of her creative activities. (Verbatim: "We're going to paint them together! Yeah, yeah, yeah!")
9. She is involved in crafting and DIY projects, including painting ceramic mugs. (Verbatim: "I'm gonna put down some paper towels so I don't make my poor desk mat any more dirty.")
10. She has a habit of scheduling content in advance, such as premieres. (Verbatim: "i'll schedule it for tomorrow whoopsie daisies thank you there you go thank you thank you thank you thank you") [end of text]



1. She is not good at painting. (Verbatim: "I'm not very good at painting though I'm not pretty old but let me get this let me get this out")
2. She finds painting mugs to be very difficult. (Verbatim: "It's very, very, very difficult. I hope that anyone getting this mug isn't expecting a masterpiece.")
3. She has a habit of making messes when creating art. (Verbatim: "I just keep making a mess! It's just so difficult!")
4. She enjoys the process of creating art despite the difficulties. (Verbatim: "But it's my mess that I painted, so maybe it'll be wanted.")
5. She painted the word "honk" on a mug, which she later regretted. (Verbatim: "And I've written the word 'honk' and I thought I could make it cool with some extra yellow, but now I don't like it and I don't know what to do.")
6. She struggles with the handle of mugs while painting. (Verbatim: "I keep touching the handle. Why did I paint the handle first?")
7. She has a signature style that includes squiggles. (Verbatim: "More squiggles will fix all my issues. The more squiggles the better.")
8. She is working on creating two custom mugs for top donors. (Verbatim: "the top donator will get a choose which one they want and then the second top donator gets the other one")
9. She is considering using a Starling and Zenana theme for the mugs. (Verbatim: "I think I'll probably be best you know I think probably starling and zenana theme")
10. She is unsure about where to place her signature on the mug. (Verbatim: "Do you want my signature on it? I don't know. I could put it here.") [end of text]



1. She is a British VTuber. (Verbatim: "Hello, I'm Ellia Solari, a British VTuber.")
2. Her birthday is today. (Verbatim: "Yeah, it's my birthday today.")
3. She has a mascot named Stenana. (Verbatim: "This is basically my mascot, but it's very, uh, weird looking.")
4. She struggles with hand stability while drawing. (Verbatim: "You can tell I'm nervous drawing them because I'm shaky...")
5. She finds painting mugs to be extremely difficult. (Verbatim: "Mug painting is so hard! Oh yeah. So difficult. Super difficult difficult.")
6. She has a middle finger that is fully broken. (Verbatim: "Also, my middle finger got exposed. It's fully broken, but it's fine.")
7. She is passionate about graphic design. (Verbatim: "Graphic design is my passion.")
8. She uses the term "honk" as a personal expression or motif. (Verbatim: "This one in particular is made with honks.")
9. She references "squiggles" as a solution to her problems. (Verbatim: "More squiggles will fix all my issues.")
10. She has a signature style that includes her name "Elia" and a distinctive mark. (Verbatim: "That says Elias... That's my signature.") [end of text]



1. She has a white dog that she is very careful about keeping clean. (Verbatim: "I have a very white dog and she would... Any paint on her would be so obvious.")
2. She once accidentally got makeup on her dog and felt bad about it. (Verbatim: "Oh, I just realized sick. Dog. Dog. Dog. No. This is not a toy stick. This is a paintbrush. Different. Different, different, different.")
3. She admires Panda as a major inspiration for her singing. (Verbatim: "Panda's a big inspiration for me when it comes to singing.")
4. She aspires to one day reach Panda's level as a singer. (Verbatim: "One day, I would like to be at Panda's level. One day, one day, one day I'll be at your level, Panda, one day.")
5. She struggles with drawing lines, circles, and other basic shapes. (Verbatim: "Regret, I cannot draw lines. I CANNOT draw lines!")
6. She has a strong respect for artists and finds creating art to be a significant struggle. (Verbatim: "This is such a struggle. This is such a struggle. I have so much respect for artists.")
7. She finds yellow paint easier to work with than other colors. (Verbatim: "The yellow, like, is a bit easier.")
8. She has a cat that she also takes care to keep clean due to grooming habits. (Verbatim: "I'm with cats. You have to be extra careful because they like clean themselves.")
9. She believes cats have specialized biological features for self-cleaning. (Verbatim: "Cats have tongs designed for cleaning. They have the hooks on it and they have like special saliva to help with the self-cleanse.")
10. She enjoys making custom boxes, particularly for rewards. (Verbatim: "I really like making them. Like little boxes, so I'm gonna have- I'm gonna go all out with that.") [end of text]



1. She has released multiple covers since her first one. (Verbatim: "that was my first cover my goodness i've released quite a few covers since then right")
2. She is nervous about doing an after party stream. (Verbatim: "i'm actually quite nervous now because i'm not done an after party before i don't think")
3. She finds acrylic paint to be a preferred medium for painting. (Verbatim: "i just i don't know it's just a nice paint it's just it's just nice it's got that that thickness to it")
4. She enjoys the blending properties of acrylic paint more than other mediums. (Verbatim: "i find it easier to to blend in acrylic than other than other mediums i guess i don't know i just")
5. She has a dog that snores loudly during streams. (Verbatim: "oh you can hear my dog snoring behind me she is pretty chill she's pretty chill yeah let's see")
6. She is not confident in her ability to draw feet. (Verbatim: "feet are hard to draw because if you draw them too good people think you're weird really")
7. She avoids drawing feet to prevent being perceived as weird. (Verbatim: "note to self never draw feet am i good at drawing feet i don't know never attempt to draw feet just in case then don't want you guys thinking i'm weird")
8. She considers herself normal and wants viewers to see her as "super super normal". (Verbatim: "i want you guys to think i'm heckin normal super super normal the most you guys already think that though right")
9. She participated in circle time activities during primary school. (Verbatim: "i remember circle time we all remember circle time um circle time the one where i don't remember what we did in circle time")
10. She has a habit of making abstract, meaning-laden interpretations of her art. (Verbatim: "it's about the depth of of time and space and how it's purple and nobody realizes it's purple but it's purple") [end of text]



1. She attended a Catholic school during her primary education. (Verbatim: "it was a catholic school")
2. She participated in weekly "circle reflection time" activities at primary school involving candles and self-reflection. (Verbatim: "we had circle reflection time you'd love circle reflection time okay so circle reflection time was we'd all sit on the floor cross-legged and we'd all have a little candle")
3. She painted her own candle holder as part of a school activity. (Verbatim: "we painted them one time and that was like your candle holder")
4. She found the confessional process at her Catholic school confusing and difficult to take seriously at age seven. (Verbatim: "i don't know what they wanted like honestly like so so with catholic school they obviously like teach you about like the church and stuff")
5. She recalls being asked to confess minor childhood misdeeds like stealing golden syrup and eating the last Dorito. (Verbatim: "i stole the golden syrup and i drank it all like like i don't know i have no idea seven year old i unalived three people")
6. She has a strong fondness for icing sugar, which was a primary snack during her childhood due to limited food options at home. (Verbatim: "the reason i used to eat so much icing sugar as a kid was there was not really many other snacks available in the house")
7. She was amazed by a classmate’s pantry, which contained a large amount of hoarded snacks due to her family’s Costco shopping habits. (Verbatim: "there was this girl at school and like she had people around her house um i can't remember why it was for like work on some kind of school project")
8. She expressed admiration for American-style fridge-freezer units with built-in ice cube dispensers. (Verbatim: "you know the one with like um taking ice like ice like actual like like you press the button and the ice comes out that was a heckin oh my god i want to be that rich one day")
9. She enjoys painting with acrylics and finds that the style reflects personality. (Verbatim: "what you need to try is see how like say if you got like a bunch of people to try and do the same thing like this kind of thing um depending on like the personality of the person you'll find that they paint in acrylics in very different ways")
10. She is currently multi-streaming on YouTube while doing a 24-hour stream. (Verbatim: "yeah wait pia also didn't know what that word was yo pia you did a very strange cheer list") [end of text]



1. She released a cover of the song "Paranoia." (Verbatim: "releasing a cover of paranoia how do i do this heart seal right now premiering premiere premiere right now")
2. She finds it stressful to create and release music covers. (Verbatim: "it was it was very stressful to try and get this cover out so i hope i hope that that it is it is good")
3. She has a strong preference for the notebook from her merch line. (Verbatim: "i got the notebook because i wanted the notebook")
4. Her merch is distributed through Kawa Entertainment. (Verbatim: "merch oh my goodness it's with kawa entertainment")
5. She owns a "darky makura" (likely a typo for "darky makura" or "darky maku" — possibly a pillow), a notebook, sticky notes, a kitchen item, and a "piktikao" (likely a misspelling of "pikotikao" or similar, possibly a character-themed item). (Verbatim: "we got we got a darky makura a notebook a sticky note a kitchen and the piktikao")
6. She is British and finds the word "couch" linguistically awkward. (Verbatim: "i'm british i can't it's a struggle um i could promote my merch again i could indeed i could indeed where is it did i did i merch oh my goodness it's with kawa entertainment we got we got a darky makura a notebook a sticky note a kitchen and the piktikao i love the notebook so much i i got the notebook because i wanted the notebook um yeah i will tweet about it probably um in between like probably during the two minutes that i have um during the premiere of my cover look how cute the the the styling and this banana are they're so cute i'm so happy with how that art turned out like oh wait i should post on twitter about the cover wait post about window i can post about merch during the cover or should i post about the cover i don't know um probably tweet about the cover oh my god why do i have so many google tabs open google tabs google google sheets google sheets why do i have google sheets open up like 20 times i don't need this open too many too many too many too many just taking google drive google sheets google sheets google drive google drive google doc again all of it um i'm not gonna post about the swearly a voice pack you guys don't need to hear that um you don't you don't you don't need to hear that we're we're we're fine without without without hearing that um gosh i actually had 20 tabs related to google open oh my goodness yo no you guys don't need to know about the swearly voice pack that's our little secret um it's all good it's all good um i guess i should write i guess i should write a tweet about the cover though as well um yes oh and then it'll be 12 hours and i have to change my twitter pfp um pfp is that the right is that the right term i think it is profile picture um let me do let me do let me do let me grab the thumbnail thumbnail and grab this and edit this and set up i need to set up the oh gosh imagine if i don't redirect now correctly that would be awful like yes go to my cover don't end up there okay i've saved that i've saved i've saved that that's all good um yes yes yes yes yes what's my right and i always find it hard to write tweets like yo please listen if you fancy it or not i cannot force you um don't listen to the swearly of least back again don't make you dare it's so awkward it's the definition of awkward if you want an awkward experience yes be assertive watch cover now releasing a cover of paranoia how do i do this heart seal right now premiering premiere premiere right now we have phil's birthday man instead of feels bad yo why would you set it to your your alarm why why um let me see let me see let me see let me see yeah they spell heart steal in like not steal like stealing it's steal as in s-t-e-e-l yeah because that's cool where the heck is that premiere um videos here it is okay um that's ready i guess i could schedule this um i hope it's okay um yeah premiere premiere premiere a word we stole from the french again yippee um okay and then i'll schedule this i'll schedule this for exactly three minutes from now heck yeah perfect perfect um and then for for twitch people um what you'll find is a little blip in there'll be a mini 15 minute break um i'll go there will i just go live again either way i'll be live in like a few minutes like no it'll probably be straight after the cover screw it no no no 15 minute break we're gonna i'm just gonna go live straight after the cover um so yeah twitch folk if you fancy saying if you see that i don't go live no that i'm not live not alive not live um i'll i will be live again in like a minute or so after i'll be going here how do i pin this please please pin please please pin this on the guy okay and then in one more minute we'll we'll head on over okay and and i'll see you guys right after the cover okay yeah yeah yeah um okay um i hope you enjoy and speak to in like i don't know two two three minutes yeah yeah i'm nervous you're new here i will be right back we're just gonna watch this cover and then i'll be live again yeah yeah yeah i have to end the stream okay okay youtube folk get redirected twitch folk i'll be live again")
7. She uses Google Sheets and Google Drive frequently for her work. (Verbatim: "i have google sheets open up like 20 times i don't need this open too many too many too many too many just taking google drive google sheets google sheets google drive google drive google doc again all of it")
8. She has 20 Google-related tabs open at once, which she finds overwhelming. (Verbatim: "gosh i actually had 20 tabs related to google open oh my goodness")
9. She is hesitant to share details about a "swearly voice pack" with her audience. (Verbatim: "i'm not gonna post about the swearly a voice pack you guys don't need to hear that um you don't you don't you don't need to hear that we're we're we're fine without without without hearing that um gosh i actually had 20 tabs related to google open oh my goodness yo no you guys don't need to know about the swearly voice pack that's our little secret um it's all good it's all good")
10. She finds writing tweets difficult and feels uncertain about how to craft them. (Verbatim: "i always find it hard to write tweets like yo please listen if you fancy it or not i cannot force you") [end of text]



1. She is uncomfortable with horror games and finds them extremely frightening. (Verbatim: "so completely off limits is like um um outlast and dark deception are like completely off limit because i can't handle it um i'm i'm a wimp")
2. She has a dog that is not fond of her chat members. (Verbatim: "my dog doesn't even like you guys that's why she's always quiet on on stream the dog doesn't even like you")
3. She has a close friendship with another VTuber named Lopi. (Verbatim: "they made me swear to lopi")
4. She has a VTuber friend named Koro who is live and available to contact. (Verbatim: "koro's live oh my god the piece the piece awake okay")
5. She is known to have a playful, exaggerated persona that includes dramatic and humorous insults. (Verbatim: "you guys are muppets you guys are plonkers you guys are dear I really I really don't um um you geezer")
6. She has a fictional character named "Ellie Bro" who is referred to as a boy and associated with a specific scent. (Verbatim: "ellie bro's the boy he's ellie bro that's his gender okay")
7. She enjoys reading fan-submitted content, including themed stories like "boy smell." (Verbatim: "you guys wanted this like okay i'm ready um let me just let me just move this over here")
8. She has a habit of using playful, over-the-top roleplay in her streams, such as pretending to be a Navy SEAL. (Verbatim: "i graduated top of my class in the navy seals and i've been involved in numerous secret raids on akuaida")
9. She is open to collaborative content with other VTubers, including surprise calls during streams. (Verbatim: "what if i call up somebody and and and use the use the and say the heck in navy steel coffee pasta")
10. She has a recurring interactive feature involving a custom "batsu wheel" for random challenges. (Verbatim: "it's a batsu wheel um yeah it's a batsu wheel it's it's a batsu wheel yo we're actually spinning this twice") [end of text]



1. She is a British VTuber. (Verbatim: "hi i'm elias elaria british vtuber and it's my birthday")
2. Her birthday is celebrated during the stream. (Verbatim: "hi i'm elias elaria british vtuber and it's my birthday")
3. She enjoys reading dramatic readings and creepypastas. (Verbatim: "I could do another dramatic reading of a man hand hook car door")
4. She has a strong preference for the "sad honk" sound as a voice tweet. (Verbatim: "sad honk is the is the original we should probably stick with sad honk")
5. She finds horror content frightening and expresses fear during such segments. (Verbatim: "oh my god that was brilliant" after a dramatic reading)
6. She is capable of performing voice acting for different characters and tones. (Verbatim: "I'm just gonna go straight for it all right okay okay okay um okay let's see okay um")
7. She has a particular fondness for the Pokémon Flareon, describing it as "objectively the most huggable." (Verbatim: "in terms of human companionship flareon is objectively the most huggable pokemon")
8. She enjoys using voice tweets and has experimented with various vocal styles. (Verbatim: "i could do a few variations okay fine we'll do we'll do we'll do the variations")
9. She is comfortable with improvisation and spontaneous content creation. (Verbatim: "okay okay okay um okay let's see okay um")
10. She references "Jonathan goals" as a recurring element in her streams. (Verbatim: "can I make a request can I make a request yes you can make a request are you doing other dramatic readings at all for you yes I could do another dramatic reading of a man hand hook car door") [end of text]



1. She has a birthday that is celebrated by her fans, and she experiences anxiety around it. (Verbatim: "it's finally the day that everyone's been waiting for you guys have been waiting for my birthday i was so nervous i couldn't hack and sleep birthdays make me nervous and anxious")
2. She had a difficult childhood birthday experience where no one attended her party. (Verbatim: "where you have a birthday party and nobody turns up um so big up to anyone else like that um it's all good it gets better")
3. She once begged her parents to throw her a birthday party in hopes of becoming popular. (Verbatim: "i've had to beg my parents for a party because i thought if i had a party maybe i could be cool")
4. She believes having a party did not make her cool or help her make friends. (Verbatim: "having a party didn't make me cool no it doesn't it doesn't work like that")
5. She is right-handed. (Verbatim: "this is my right hand i'm right handed as you can tell")
6. She has pale skin, which she attributes to her mother's genetics. (Verbatim: "i definitely inherited mama elia's skin not papa elia")
7. She has a mother named Mama Elia who worries about her pale appearance. (Verbatim: "nana elia still calls me a ghost but it's fine um she's like oh you just look so sick and pale and i worry about your health")
8. She finds it difficult to ask people to attend her events due to fear of rejection. (Verbatim: "i was so scared to ask people though it's so hard um")
9. She is self-conscious about her pale complexion, especially after winter. (Verbatim: "i'm kind of extra pale at the moment because i've not really been it's just past winter")
10. She has a British heritage through her father, which she notes would have made her even paler. (Verbatim: "if i'd inherited papa elia's british skin i'd be even whiter") [end of text]



1. She has proportionally longer legs, which makes buying trousers difficult. (Verbatim: "though which is really annoying for buying trousers which is why I wear skirts")
2. She enjoys eating bananas as a snack. (Verbatim: "yeah I got some bananas yeah yeah forbidden snack")
3. She is fond of Kinder Eggs and has purchased one to show a friend how a British Kinder Egg differs from American versions. (Verbatim: "this is a British ginger egg and then I got the cake what are they like in America I don't know apparently they have like cookie or something in it like okay")
4. She is nervous about speaking in front of others, particularly in competitive or high-pressure situations. (Verbatim: "oh yeah oh gosh oh gosh oh gosh oh gosh um aiming for second or third place I'm too nervous for first place")
5. She has a habit of avoiding spoilers and saving content like new episodes of Free Run for watchalongs with her community. (Verbatim: "I'm saving it for our um watchalongs so yeah")
6. She has a close relationship with fellow VTuber Mion, discussing cultural differences like Kinder Eggs. (Verbatim: "I was speaking with Mion about like kinder eggs in America")
7. She is open to receiving and appreciating heartfelt messages from her fans, especially on her birthday. (Verbatim: "Oh gosh, oh gosh, oh gosh, oh gosh, oh gosh, oh gosh, oh gosh. Thank you for putting up with this mess that is I.")
8. She identifies with being a "broken mess" and sees imperfection as normal and acceptable. (Verbatim: "I'm broken and that's okay. And if you're broken, that's okay. Cause who's really got it all together anyway? Nobody.")
9. She has a playful, self-deprecating sense of humor about her own disorganization and clumsiness. (Verbatim: "I feel like I've been such an extra mess recently as well.")
10. She is planning to release a cover song with a "hippie" theme. (Verbatim: "I'll be releasing a cover as a hippie") [end of text]



1. She celebrates her birthday with fans and receives well-wishes. (Verbatim: "Hi, Ellie, happy birthday. I'm so happy to be here and to be able to celebrate the birthday of my cute, sweet, and charming Kamiya.")
2. She has a deep-seated fear of crunchy bananas due to past trauma. (Verbatim: "I've been betrayed by banana once so... Maybe this one won't betray me. This won't be crunchy. It won't be crunchy. It'll be fine.")
3. She has a strong emotional connection to the idea of being a VTuber regardless of form. (Verbatim: "You'd still love me if I was a worm, right? Like... No matter what shape or form... I'll be a tuber now...")
4. She has a dog she walks regularly. (Verbatim: "I'm gonna go for a walk with my dog.")
5. She has a recurring wish to make the people around her happy. (Verbatim: "I always wish for the people around me to be happy. That's it. That's all. Simple wish. Hard wish. Difficult wish.")
6. She has been making the same wish since childhood. (Verbatim: "I've made the same wish since I was a kid.")
7. She identifies as an adult and takes pride in being legally adult. (Verbatim: "I am an adult. And then finally I got a rhino. I think. A rhino. Yippee. I am a legal adult, which means I can do all sorts of adult things.")
8. She enjoys eating bananas despite her fear of them. (Verbatim: "I'm eating it, but with the complete fear and trauma of a crunchy banana in my mind.")
9. She has a habit of leaving a small portion of banana uneaten. (Verbatim: "I'll leave a little bit. 'Cause I'm just gonna, I'm just gonna go for a big bite now.")
10. She has a fondness for cake, particularly themed cakes like a caterpillar cake. (Verbatim: "I got a caterpillar cake! Yippee!") [end of text]



```
1. She has a pet dog she walks regularly. (Verbatim: "Elia went out to walk her dog.")
2. She has a birthday that is celebrated by fans with a "donut-thon" event. (Verbatim: "You should totally clear the second page of Elia's birthday donut-thon")
3. She has a character named Pico who creates birthday edits for her. (Verbatim: "I am preparing a gift for Elia.")
4. She has a "naked model" in her PNG folder that is not for inappropriate use. (Verbatim: "I realized maybe I would need Elia's naked model for it... I would not use her naked model in any sort of bad way")
5. Her reference art includes a version without a jacket, showing bare shoulders. (Verbatim: "It is no jacket... We already have enough")
6. She has a fan-made edit featuring a goose that was created quickly in under 10 minutes. (Verbatim: "I made it in like under 10 minutes. I am speeded.")
7. She is associated with the word "quack" in fan content, which is considered cute. (Verbatim: "I think 'quack' is just a really, really cute, cute word.")
8. She has a character named Elio who is referenced in fan edits. (Verbatim: "It has something to do with Elio")
9. She has a fan who refers to her as "Eliel" in a playful manner. (Verbatim: "I'm gonna make an edit for, for every V that a girl's birthday... I had this idea for an edit")
10. She has a fan who created a birthday edit using her PNG and reference art. (Verbatim: "I downloaded that... I'm gonna put that into my editing website")
``` [end of text]



