1. She is not a good morning person and finds being woken up very difficult. (Verbatim: "I'm not a good morning person, I'm not a good person to wake up.")
2. She used to have a cat growing up that she had for most of her life. (Verbatim: "I used to have a cat growing up uh is my childhood cat that I had for like most of my life.")
3. Her favorite animals include cats, pandas, red pandas, and dogs, with cats being at the top. (Verbatim: "favorite animals of mine are like cats well cats always at the top and and then there's like pandas red pandas dogs like all of that are right up there.")
4. She has seen pandas in real life at Edinburgh Zoo in Scotland. (Verbatim: "I went all the way to edinburgh to go to edinburgh zoo to to just for the sole reason of seeing that panda exhibit.")
5. She plans to visit a zoo in Japan to see pandas when she goes there. (Verbatim: "one of the things i'll be doing when i go japan is going to the zoo they have there um yeah yeah um to see the pandas.")
6. She finds the idea of a stranger waking her up via phone call terrifying. (Verbatim: "I can't think of anything scarier than this.")
7. She has a habit of oversleeping and snoozing her alarm multiple times. (Verbatim: "I heckin... heckin... um... overslept. My alarm! I didn't realize I snoozed it so much.")
8. She enjoys commissioning artwork and jokes about constantly giving herself excuses to order more. (Verbatim: "I will give myself an excuse to order more art.")
9. She has a dog, which is too big to playfully jump on like she did with her cat. (Verbatim: "I can't do it with my dog because my dog's too big.")
10. Her family used to say she was the worst person to wake up. (Verbatim: "my family always said I was the worst person to wake up.") [end of text]



NO RELEVANT INFORMATION [end of text]



NO RELEVANT INFORMATION [end of text]



NO RELEVANT INFORMATION [end of text]



1. She has a recurring interest in animal conservation and breeding facts. (Verbatim: "gotta help conserve species so yeah to conserve species one must breed therefore i have to learn these breeding facts and that's why a lot of my facts are orientated around breeding")

2. She once misread the word "queen" as "quen," which became a self-referential joke. (Verbatim: "my my my queen i read that as quen i was like what the heck's a quen bell smashed at a quen i'm quen it's me the quen")

3. She watched a lot of SpongeBob SquarePants as a child. (Verbatim: "i'll be honest i i watched a heck of a ton of spongebob when i was little okay")

4. She expresses a desire to host a zoo-themed stream where she shares animal facts. (Verbatim: "i'm definitely writing down um some kind of zoo let me get my little planner um of ideas zoo stream where i give you all the animal boxes")

5. She associates birds and flower petals with wedding celebrations. (Verbatim: "they like yeet petals and birds yeah that's what they do right that that that's how we uh that's how we congratulate people i think")

6. She finds it difficult to manage or interpret her activity feed during streams. (Verbatim: "wait why is it feet thighs and then feet again oh wait yeah it was feet with socks on i remember now... my activity feed doesn't tell me it has no it lacks in the info in on the info side")

7. She enjoys puns and refers to a recurring "puns friday" segment. (Verbatim: "oh yeah here's my puns friday taxes boom and speed and all it cost you was one pun")

8. She uses the community names "Starlings" and "Stananas" and holds monthly elections to decide which one to use. (Verbatim: "so every month we have our election... do you prefer starling or stanana post your propaganda slash reason below to be read in tomorrow's stream")

9. She plans content in advance using a physical planner. (Verbatim: "let me get my little planner um of ideas zoo stream")

10. She once posted a community poll at 1:45 AM, indicating late-night activity habits. (Verbatim: "it wasn't at 2am it was at 1 45 am so ayo i'm good") [end of text]



NO RELEVANT INFORMATION [end of text]



1. She emphasizes self-care and prioritizing one's own well-being, often reminding viewers to look after themselves. (Verbatim: "put yourself first please always always always put yourself first okay your happiness is most important here")
2. She has a strong aversion to the term "eggplant" and prefers to call it "aubergine," finding the word "eggplant" illogical. (Verbatim: "i can't bring myself to call it an eggplant when it's not even looking like an egg")
3. She pronounces "aubergine" as "or-ba-gine" and acknowledges adding extra 'r' sounds as a speech habit. (Verbatim: "or-ba-gine or-ba-gine i'm adding an extra r i'm going or-ba-gine but yeah or-ba-gine")
4. She enjoys pineapple on pizza and clarifies that in England, it's called "pineapple," not "ananas." (Verbatim: "i can love pineapple pizza but we don't call them we call them pineapples not ananas in england")
5. She references having an "adult juice box," implying a playful contrast between adulthood and childlike preferences. (Verbatim: "with my adult juice box it ran out")
6. She likes bananas and uses affectionate terms like "little banana" for herself or others. (Verbatim: "we do love banana")
7. She finds humor and identity in fictional lore, such as being revealed as an "aubergine" in a meme context. (Verbatim: "ellia starlings how could you let me like that... you're a heckin' or-ba-gine")
8. She values lurking and passive support from viewers, stating it is already meaningful. (Verbatim: "even just like lurking and whatnot is already more than enough")
9. One of her recurring pieces of humorous advice is "don’t get eaten by sharks," presented as "wisdom." (Verbatim: "wisdom of the day: don't get eaten by sharks")
10. She finds the scientific name *Gorilla gorilla gorilla* amusing and easy to remember. (Verbatim: "the scientific name for western lowland gorilla is gorilla gorilla gorilla and i find it the easiest scientific name to remember") [end of text]



1. She has a lore-related "personal banana" that is part of her on-screen persona. (Verbatim: "remember guys if you're a stanana you're ellia's personal banana... let me put it here because there's always quite a gap here so there we go")

2. She associates the word "supercalifragilisticexpialidocious" with strong positive feelings and considers it a fun, required word to know. (Verbatim: "starlings as a name is just supercalifragilisticexpialidocious so i have to support it... it's a fun word yeah yeah yeah")

3. She was influenced by *Mary Poppins* and credits it with teaching her that “a spoonful of sugar makes the medicine go down.” (Verbatim: "it taught me the most important lesson a spoonful of sugar makes the medicine go down")

4. She jokes that her love for sugar is an addiction and blames *Mary Poppins* for it. (Verbatim: "i'm gonna blame mary poppins to to my addiction to sugar yes yes yes yes it's all mary poppins faults")

5. She expresses interest in singing or covering the *Supercalifragilisticexpialidocious* song. (Verbatim: "heck i should just cover that song shouldn't i")

6. She mentions knowing CPR but believes she isn’t very good at it because she gets tired easily. (Verbatim: "i know cpr i don't think i'm very good at it um mostly because i get real heckin tired")

7. She finds it very difficult to keep a straight face during streams due to her community making her smile constantly. (Verbatim: "i don't think i could get through a stream with you all like no")

8. She considers attempting a “try not to laugh” challenge stream but acknowledges it would be extremely hard. (Verbatim: "it'd be really heckin hard yeah yeah")

9. She has a self-deprecating list of quirks she jokingly refers to as skills: stomach growls, making weird noises, being scuff, clumsy, and having sweaty hands. (Verbatim: "cute weird noises get a left stomach growl scuff clumsy sweaty hands together yeah if i ever need to write a cv i'll put that on there")

10. She implies a recurring content schedule where Tuesdays are meant for "memelia review," though she has fallen behind. (Verbatim: "basically every tuesday we're supposed to do memelia review and um and i got really behind") [end of text]



1. She has a diagnosed agoraphobia and struggles with being outside. (Verbatim: "i had a um well no i'm still pretty much have this um agoraphobic agoraphobic um like proper diagnosed and everything had to see somebody to help me not be such a agoraphobic shut-in")

2. She is working on managing her anxiety and has made progress, such as walking her dog. (Verbatim: "i take my dog out and walk her and yeah i take it i'm a lot better than i used to be")

3. She dreams of visiting Japan. (Verbatim: "i should be okay in japan it's a big big dream of mine and and i'm working hard")

4. She uses the phrase "high ground" as a metaphor for a life lesson, indicating its importance to her. (Verbatim: "always have the high ground so then yeah i'm just sat on the high ground eating bombs")

5. She enjoys playing The Legend of Zelda series, particularly Breath of the Wild and Tears of the Kingdom. (Verbatim: "i'm enjoying tears of the kingdom it's a good balance of me playing around getting distracted by everything and chatting with you all")

6. She humorously refers to herself as a "vtuba" and roleplayed telling her mom she became a VTuber. (Verbatim: "hey mom look at me i'm a vtuba i'm a vtuba i'm a vtuba")

7. She has a running joke about bananas, including rotating them on different axes. (Verbatim: "yeah sometimes i like to mix it up here and spin the banana in other directions the banana appreciates its recognition")

8. She once speedran or speedishly played Breath of the Wild before Tears of the Kingdom released. (Verbatim: "i did do a speed run and i did speedish not speed run but you know i did manage to finish it before... tears of the kingdom came out")

9. She considers herself a "menace" in a playful, self-aware way. (Verbatim: "you merely adopted being a menace i was born in it molded by it")

10. She has a secret alias she jokingly refers to as "elliwan kenobi". (Verbatim: "my secret name is actually elliwan kenobi but but don't tell anyone that") [end of text]



NO RELEVANT INFORMATION [end of text]



