1. She has a weighted blanket that helps her sleep better. (Verbatim: "I got a weighted blanket and it turns out weighted blanket fantastic but also at the same time really hard to get up when it's so good")
2. She is a restless sleeper who rolls around in her sleep. (Verbatim: "I'm quite the roller in my sleep like I roll I'm rolling and rolling and I'm like I'm like uh yip my plushies around")
3. She has difficulty waking up in the morning despite getting good sleep. (Verbatim: "my brain was like don't you want more though more sleep more sleep nah")
4. She prefers to stream at night and has not used daylight screen settings. (Verbatim: "I've not actually used the daylight screen because I've been streaming at night time like that's crazy")
5. She enjoys using tarot cards and has a collection of them. (Verbatim: "oh yeah yeah yeah yeah also also also I know you're ready y'all 20 of the feed friday on monday you spoilers no okay one thing I had to be really careful of is um you see like this bit here like this this here is like the edge of my desk")
6. She dislikes the term "flesh tuber" as it feels inappropriate and unsettling. (Verbatim: "it's just such a weird weird weird way of like oh just just weird it's just weird yeah yeah it sounds like meat or like real meat or like")
7. She is nervous about doing hand cams without gloves for the first time. (Verbatim: "this is my first time doing it without gloves I know it's great what's up also also what's it what's it what's it what's it")
8. She has a preference for blue-colored items, including her keyboard. (Verbatim: "oh my god what's this a camera a camera yo it looks so blue but like i've got the order about")
9. She is concerned about accidentally revealing her feet during streams. (Verbatim: "the thing I need to make sure absolutely does not happen is an accidental feat reveal because yeah like yeah I wouldn't do that to your say so eyes like absolutely not")
10. She has a habit of not opening her curtains and rarely goes outside. (Verbatim: "I actually never open my curtains so it's kind of weird I'm like looking outside there's like people outside like human beings that's wild") [end of text]



1. She has a bachelor's degree in animal biology. (Verbatim: "my bachelor's is an animal biology")
2. She pursued computer science with an interest in applying it to animal biology and conservation. (Verbatim: "when I you know move towards computer science I wanted to apply that computer science to animal biology and conservation so cuz I like animals")
3. She collected data in the rainforest for three months, involving four to five hour treks daily. (Verbatim: "I lived in the rainforest that I lived in for three months so yeah my data was very hard to collect it was a lot of work like yeah for real I went to the rainforest lived there camped full on feral three months did like four or five hour treks every day")
4. She once had a leech attach to her belly button and feed on her blood. (Verbatim: "did a leech ever attach itself yes it attached to my belly button and had a full meal and dropped off")
5. She is anemic. (Verbatim: "I'm anemic as well I'm like yo leech-chan I need this blood like please but yes sorry")
6. She is comfortable with tangents and digressions during conversations. (Verbatim: "yeah I like to tangent about anything and everything it's it's a I'm a yapper")
7. She has experience with academic research and publishing, including submitting papers independently of formal academic institutions. (Verbatim: "you can publish and submit a paper outside of being in an academic like i could do research right now if i wrote a good enough paper i could submit that")
8. She believes scientists are generous with sharing papers but often stingy with sharing raw data. (Verbatim: "scientists are not so generous when it comes to giving you their data I found a lot of scientists are hacking stingy when it comes to like the data that they've collected")
9. She has a strong interest in spiritual and metaphysical concepts, as shown by her detailed reading of the Fool's Journey. (Verbatim: "we are gonna read the fool's journey don't worry we are gonna read this um so the fool's journey ahem it begins with the fool starting off in the new journey feeling excited inspired and free")
10. She identifies with the archetype of the Fool in the Fool's Journey, representing a new beginning with high energy and optimism. (Verbatim: "the fool starting off in the new journey feeling excited inspired and free however has no experience yet so is unaware of the fact that she could be about to walk off the edge of the cliff") [end of text]



1. She finds comfort in the concept of karma as a form of emotional coping mechanism. (Verbatim: "the belief in karma is something that definitely got me through a lot of things in life")
2. She believes that harboring hatred is self-destructive and a form of emotional attachment. (Verbatim: "hate means you're still thinking about them you're still putting energy towards them")
3. She views indifference as the true opposite of love, not hatred. (Verbatim: "the true opposite of love is indifference to not even have them in your thoughts")
4. She finds the idea of "everything happens for a reason" to be unhelpful during difficult times. (Verbatim: "I personally don't like that idea and I feel like it's like um what do you call it like the worst thing to say when people are like um when something bad happens")
5. She identifies with the "it is what it is" mindset as a form of emotional coping. (Verbatim: "oh maybe i do have this form of copium you know it is what it is")
6. She struggles with the idea of being a strong soldier in life, feeling weak and unprepared for hardship. (Verbatim: "i'm weak af yo kamisama i struggle to get out of bed like do not give me any any difficult battles")
7. She enjoys reflecting on life through metaphors like the Ship of Theseus. (Verbatim: "like the ship and the sock you know like you've replaced every part of the ship at this point is it the same ship anymore")
8. She values silence and peace as essential for personal balance and growth. (Verbatim: "with silence and peace you learn patience and that you can find balance in life")
9. She believes in the importance of self-focus over obsession with others' actions. (Verbatim: "it allows you to focus on yourself and i think that's nice")
10. She uses tarot card symbolism to explore personal philosophy and emotional states. (Verbatim: "during isolation sees that everything connects and is divinely planned by the universe during inner reflection") [end of text]



1. She identifies as a "sad girl tm" but strives to find small joys despite hardship. (Verbatim: "for me i'm like i like to say i'm not a happy person i'm a very sad person i'm sad girl tm but i still want to be in spite of the world")
2. She values finding joy in small, mundane moments like seeing a hedgehog accidentally bump into a wall. (Verbatim: "i was like it's okay little hedgehog i'll help you because it was like trying to like it was in the road so i was like it was like to the to the curb")
3. She has a background in animal biology and computer science, holding both a bachelor's and master's degree. (Verbatim: "my background's in animal biology and computer science um with my bachelor's and master's")
4. She has worked as a developer in the past and found those experiences difficult but motivating. (Verbatim: "when i've worked as like a developer and stuff like i didn't enjoy it but because i didn't enjoy it it like fueled my ambition to want to do more")
5. She is British, as stated during a stream introduction. (Verbatim: "i am elia stomaria british vtuber nadgoose")
6. She enjoys embracing cringe or silly things as a form of joy and self-acceptance. (Verbatim: "it's like the whole what'd you call it if you're cringe you're free it's like just being like accepting that cringes can bring joy")
7. She finds horror games and scary situations difficult to handle, though she acknowledges the fear is part of the experience. (Verbatim: "i'm too scaredy-cat for this! Please, someone hold my hand!")
8. She believes in balancing ambition with contentment, acknowledging the tension between striving and being present. (Verbatim: "there's not always a need to do something you can enjoy the moment while also working towards stuff")
9. She has experienced emotional and psychological struggles related to self-worth and validation through achievement. (Verbatim: "there's a part of me that's extremely desperate to try and reach my goals to validate my self-worth and being in this universe")
10. She views the Tarot card "The Tower" as symbolizing necessary, painful change that leads to liberation and growth. (Verbatim: "the tower means the tower is the fool from the tower it's falling from the tower it's not actually like um yeah the tower is about falling from the tower") [end of text]



1. She is a former software developer who worked as a back-end developer. (Verbatim: "I was a back end developer I was I was working on that back end working on that that computer booty")
2. She holds a master's degree in computer science and artificial intelligence. (Verbatim: "my master's degree was in computer science and AI")
3. She was pursuing a PhD in mathematics but dropped out due to lack of passion. (Verbatim: "i dropped that phd because they literally said to me they were like ellia you can't just do this if you're only doing it for the doctor title")
4. She identifies as self-taught in programming despite formal education. (Verbatim: "all of that wasn't actually learned from my master's i had to teach myself")
5. She is proficient in Python and C#. (Verbatim: "I'm proficient in Python C sharp")
6. She has experience with SQL and other programming languages. (Verbatim: "I know things like our SQL and the other ones but yeah yeah yeah yeah")
7. She views her past negative work environment as a catalyst for her career change. (Verbatim: "the fact that it sucked so much was like what fueled me to want to do something else")
8. She aspires to be a full-time VTuber and an anime girl on the internet. (Verbatim: "I want to be an anime girl on the internet instead of whatever this is")
9. She values self-directed learning and respects self-taught individuals in tech. (Verbatim: "anyone self-taught always has like so much so much respect they deserve so much respect")
10. She believes in balancing intense work with rest to avoid burnout. (Verbatim: "you need to balance out your 100 with some zero percent") [end of text]



1. She struggled with an unhealthy study mindset during her bachelor's degree, leading to burnout and poor performance. (Verbatim: "when i did my bachelor's degree i had a very unhealthy mindset because i was always taught productivity is just only spending time on the thing that you should study")
2. She learned that self-care and enjoyment during study are essential for optimal performance. (Verbatim: "you are allowed like you shouldn't villainize mediocrity so badly like it's okay to enjoy things")
3. She improved her academic results during her master's degree by prioritizing well-being and taking breaks. (Verbatim: "for my master's degree that's what i did i played a lot of stardew valley i looked after myself")
4. She unexpectedly earned top of her class in her master's program without actively pursuing the highest grade. (Verbatim: "i ended up being top of my class without without even like like pursuing it")
5. She used tarot cards as a tool for personal reflection and emotional insight. (Verbatim: "where'd i get the tarot cards um here they are this is the name um i think you can get them from like i don't know bookstores")
6. She views ambition and self-improvement as processes that reveal personal fears and flaws. (Verbatim: "as you're working towards like you know being brighter you'll also feel at the same time you might also feel worse about yourself")
7. She compares personal growth to different types of carts in Mario Kart, emphasizing that slow start doesn't mean low potential. (Verbatim: "if i pick up something slowly it's not a bad thing consider it like the karts in mario kart")
8. She believes that sustained effort and self-acceptance can eventually eliminate personal shadows and fears. (Verbatim: "if you keep shining and you keep working towards it despite the shadow being cast you can become so bright that there are no shadows")
9. She sees personal transformation as a journey from "fallen fool" to "sun," symbolizing self-realization and purpose. (Verbatim: "our fool has worked through her old fear energy the light has expanded and become the sun")
10. She values the idea of helping others through her own journey of self-illumination. (Verbatim: "when you shine and you reach this point you start lighting up the path for other people") [end of text]



1. She is a British VTuber. (Verbatim: "hi welcome on in i'm ellia salaria british vtuber not a goose")
2. She has a background in animal biology and computer science. (Verbatim: "my background's animal biology and computer science so i like to talk about animals")
3. She finds tarot cards fascinating and is currently learning about them. (Verbatim: "i find tarot cards very interesting i don't know much like i've had tarot card readings before and stuff and i've always find them fascinating")
4. She enjoys discussing astrology and zodiac signs, though she acknowledges there is no scientific proof behind them. (Verbatim: "there's no scientific evidence it started off as a playing deck and now we've just learned that kings are the master")
5. She is interested in animal matriarchal systems, citing elephants as an example. (Verbatim: "i think elephants are animals that have a matriarchal like a matriarch kind of thing like but humans did not throughout history")
6. She has a fascination with anime and references to anime characters in tarot symbolism. (Verbatim: "this book includes like anime references wait what they're like you can find empress characters in these animes")
7. She is curious about the cultural and symbolic connections between tarot and storytelling. (Verbatim: "you can find emperor slash company boss like characters in these animes wait that's so funny")
8. She values making people smile during her streams. (Verbatim: "i hope i'm like if i can make one person smile during my stream i did a good")
9. She is learning about the minor arcana and their association with everyday life events. (Verbatim: "the minor arcana refer to specific everyday things that occur in day to day life")
10. She is intrigued by the symbolic elements tied to the four suits of the minor arcana (wands, cups, swords, pentacles). (Verbatim: "each suit of the minor arcana associates with certain traits elements and astrological science") [end of text]



1. She has a history of agoraphobia and was previously a shut-in. (Verbatim: "I actually recovered agoraphobe I was an official shut-in")
2. She underwent therapy and was properly diagnosed with agoraphobia. (Verbatim: "I was an official shut-in went to therapy and everything")
3. She still occasionally struggles with going outside despite recovery. (Verbatim: "I can actually go outside um occasionally still struggle but yeah")
4. She identifies with the "hermit" archetype in tarot, relating to solitude and introspection. (Verbatim: "the hermit is removed from society their attention is internally focused")
5. She has a strong connection to anime themes involving shut-ins and social withdrawal. (Verbatim: "these shut-ins are depicted of a variety of ways in animes")
6. She enjoys shoujo anime and has a fondness for titles like *Blue Spring Ride* and *My Love Story!*. (Verbatim: "so for like this one's high school crushes like it's got so the ones it's recommending is saying say i love you blue spring ride kimi ni to doke my little monster made sama and my love story")
7. She is interested in becoming friends with a League of Legends player named Kamioshi in real life. (Verbatim: "is that what you want tarot wait that's not how tarot works i think it's supposed to be just a question i don't know serious tarot question because you know the rules and so do i never gonna give you up you know that's a rick roll that's not a tarot question you hate you want me i'm gonna just keep shuffling for a while")
8. She has restless leg syndrome, which causes her leg to shake uncontrollably. (Verbatim: "that's my restless leg syndrome i'm so sorry um skills thank you thank you and lotus 1311 happy 11 months thank you thank you did you watch the new madoka movie trailer was it almost one year yippee i have no i need to see it i need to see it i shake the leg yeah i got restless leg syndrome i can't keep still")
9. She enjoys mashed potatoes and has expressed a desire to eat them. (Verbatim: "oh I want some mashed potato I'm gonna have mashed potato today that's a good shout")
10. She is familiar with and references *Mirai Nikki* and its yandere themes. (Verbatim: "they didn't include the the yandera the definitive yandera you know from mirai nikki does this person know what it no wait yeah they've written about yanderas here they've wrote about yanderas") [end of text]



```
1. She finds emotional connection and vulnerability meaningful in relationships. (Verbatim: "the lovers signify meaningful vulnerable connections and not always romantic in nature with others")
2. She views self-discovery as essential to forming harmonious relationships. (Verbatim: "each lover is learning what they value and desire this knowledge helps them come together in a loving tender and vulnerable relationship")
3. She associates the Ace of Swords with intellect, truth, and clarity in decision-making. (Verbatim: "the ace of swords heralds beginnings and new opportunities because this ace is part of the suit that deals with intellect and communication")
4. She emphasizes relying on logic and truth over emotions when making decisions. (Verbatim: "don't let your emotions rule your decisions this time around rely on logic common sense and truth to select and communicate your goals clearly")
5. She identifies the Queen of Cups as embodying compassion, emotional stability, and intuition. (Verbatim: "the queen of cups is a caring figure led by empathy and intuition of all the queens she is the most emotionally connected")
6. She sees the nurturing character archetype as unafraid to show emotional affection and maintain an upbeat attitude. (Verbatim: "data is unafraid to show their emotional affection and while there may be moments of sadness or negativity we'll always revert to her upbeat attitude and caring nature")
7. She believes mental health struggles involve a sense of being trapped in darkness, like falling into a hole. (Verbatim: "it feels like falling into a hole and you can't see the same way that you did when you were not in the hole and you're like everything feels like dark and you're inside the hole")
8. She believes recovery from mental health struggles is a gradual, step-by-step process, not an instant fix. (Verbatim: "it's not one big jump you can't physically jump out of a hole that you've fallen down you have to climb your way back up right")
9. She uses the metaphor of eating part of a sandwich to illustrate how small actions can help during difficult mental states. (Verbatim: "you could just eat like cheese or bread like you don't have to snack on the whole meal like")
10. She values long-term planning, diligence, and skill development in future goals. (Verbatim: "the page of pentacles is a type of messenger so be prepared to get some news related to work or money the page is a planner patient hardworking and planning for the long game")
``` [end of text]



1. She enjoys eating cheese on its own. (Verbatim: "I love eating just cheese like it's so yummy I would like I remember there was a girl at school that was like disgusted when I once ate cheese on its own")
2. She has a past experience of being judged for eating cheese alone by a school peer. (Verbatim: "there was a girl at school that was like disgusted when I once ate cheese on its own she thought I'd like I don't know he can spat on the floor or something")
3. She values patience and long-term effort in personal endeavors. (Verbatim: "this card is suggesting that you've been you've been waiting you've been waiting um")
4. She is planning to move out to a new place soon. (Verbatim: "i'm planning on moving out to a new place soon")
5. She believes in taking things one step at a time. (Verbatim: "one step at a time one step at a time you want a quick reading about a long-term relationship")
6. She has a habit of self-reflection and introspection. (Verbatim: "it's about like you know spending time to reflect on yourself yeah who are we doing this one right now")
7. She finds comfort in structured and disciplined environments. (Verbatim: "the emperor uses strategy and authority to create and maintain structure and manage responsibility effectively")
8. She views relationships as requiring long-term investment and commitment. (Verbatim: "we're talking about like a long-term relationship here so like a 10 10 year one so it would make sense that there has been a big investment so far")
9. She is open to giving tarot readings for others, even if she lacks confidence in her skills. (Verbatim: "i don't know i don't know we're just like playing around yeah yeah yeah")
10. She identifies with the "wise master" archetype in anime, symbolizing wisdom and leadership. (Verbatim: "the king of pentacles in anime is the wise master similar to the sensei archetype but have achieved complete and total mastery in their field") [end of text]



1. She is currently preparing to move into a new place. (Verbatim: "when you move to your new place make sure you give yourself some rest get yourself settled")
2. She believes in the importance of rest, reflection, and self-check-in after periods of emotional pain. (Verbatim: "you deserve a period of respite and reflection this card signifies that it's time to take a break")
3. She values introspection and mental well-being, especially when facing life transitions. (Verbatim: "you'll need to take some me time you'll need to relax routine and progress are fine but you need to make sure that you stop reflect and check in with yourself")
4. She has experience with tarot reading and performs readings for her audience. (Verbatim: "i'll do a one card readings mostly because my voice is um my voice be struggling")
5. She identifies with the Fool archetype in her art journey, symbolizing a new beginning and leap of faith. (Verbatim: "the fool is starting on a new adventure on the path towards enlightenment taking a leap of faith")
6. She views her art journey as a spiritual and personal path toward self-discovery. (Verbatim: "they sat out on their journey with heartfelt abandon the fool may not know where they're going or what awaits them on their path")
7. She believes in using intuition and inner reflection to overcome challenges. (Verbatim: "tuning inward and focusing on your inner life will help you live with integrity and wisdom")
8. She has a strong connection to the concept of personal growth through self-care and mental clarity. (Verbatim: "it's saying that you do have the ability you have the intuition and the ability to do so but you need to connect with it")
9. She sees her journey as one of transformation, with past experiences informing future choices. (Verbatim: "take what you've learned and put it into moving forward let past experiences and intuition inform your future choices")
10. She recommends anime such as Full Metal Alchemist: Brotherhood, Rurouni Kenshin, Trigun, Fruits Basket, Naruto, A Silent Voice, and My Hero Academia. (Verbatim: "recommendations include full metal alchemist brotherhood um burrowin kenshin trigon fruits basket naruto a silent voice and my hero academia") [end of text]



1. She has long, large hands that she describes as "giant" and "long spider fingers." (Verbatim: "my hands are giant compared to the cute girl hands okay like yeah i can't i'm not gonna hold a can cans are reflective you punk you try to hanky dox me")
2. She has been told her hands are good for playing piano due to their length. (Verbatim: "actually it was it um if i move this and then i move this oh my god musical instrument stuff let's put that back over there a piano yo")
3. She has natural nail growth and has never worn fake nails. (Verbatim: "no i have i've never actually put fake nails on because like they like glue on right but then i always see people be like oh my god it's falling off")
4. Her natural nail length is about a millimeter, and she has been disciplined in school for her nail length. (Verbatim: "they're only ever so slightly grown right now like you can see like ever so slightly like like a millimeter probably i think they've got like yeah about a millimeter of growth on him")
5. She was reprimanded by teachers for her nails in school, but they were real, not fake. (Verbatim: "my teachers would always like tell me off and tell me to take my fake nails off and i'm like you you can try and rip these nails off teacher um they're not fake they're real")
6. She has scars on her hands that only become visible when she tans. (Verbatim: "there are scars on my hand hands but you can't see them because they only show when i tan so yeah they're actually you actually can't see like yeah is it warm in in england it is it is warm in england it's wild um yeah you can't see it it's you'd have to like really really close to see it right now um it's very subtle like um and yeah so you you would see the")
7. She has a strong British accent but sometimes tries to speak in a posh manner. (Verbatim: "british woman almost without accent i know right where's my accent it's because i'm trying to be posh and pretend i'm not a hacking farmer yo")
8. She enjoys unboxing games and has unboxed the Elden Ring Collector's Edition. (Verbatim: "i did a unboxing of like the elden ring um collector's edition that came with like the dlc")
9. She received a code during a stream to unlock a digital art book, which she revealed live. (Verbatim: "the code to to collect the art book i um instantly showed like when i opened it up it was like yo use this code to clean the art book that you're supposed to get it get with it")
10. She owns an anime-themed tarot deck that arrived recently. (Verbatim: "this one kind of reminded me of me it's got like the moon and everything on it which is really cute um big hands are good for opening jars what jars what jars ain't got any jars yeah yeah yeah yeah yeah yeah yeah yeah") [end of text]



1. She identifies with the Fool card in tarot, symbolizing new beginnings, spontaneity, and innocence. (Verbatim: "the fool is starting on a new adventure on the path towards enlightenment taking a leap of faith")
2. She sees herself as naive, enthusiastic, and idealistic, comparing her persona to a shoujo heroine. (Verbatim: "it's also an anime analogous to the shoujo heroine she shares the fool's naive and enthusiastic innocence")
3. She has a scar on her hand that is only visible when she gets a tan. (Verbatim: "i have long fingers with a scar cannot be seen unless i get a tan")
4. She has long fingers and soft skin, which she has been told by others. (Verbatim: "i have long fingers i have long fingers with a scar... i have very soft skin that is one thing i have been told")
5. She has been told her hands are cute and pretty, despite feeling they are not perfect. (Verbatim: "i'm actually seriously very impressed by how pretty and cute they are")
6. She views her hands as "office worker hands" with calluses and lines, indicating a history of desk work. (Verbatim: "they're like yeah i have been told i have very soft skin... they're not perfect hands they're burned and lots of lines")
7. She uses glasses to appear more intelligent and scientist-like, though she doesn't normally wear them. (Verbatim: "i put the glasses on to look smart did it work did it improve my scientist look teehee teehee teehee i don't normally wear the glasses")
8. She has a tarot card merch item featuring the High Priestess, which she associates with her identity. (Verbatim: "i have a tarot card actually that's very like on theme i have a high priestess tarot card an elliot one")
9. She feels unworthy of being called an Empress, despite being referred to as one by fans. (Verbatim: "i'm not worthy of being an empress i'll do my best to grow and be worthy of such a title")
10. She has been working on improving her content creation and streaming skills, acknowledging she still has a long way to go. (Verbatim: "i have i still have a very long way to go as a content creator and streamer but i will do my best") [end of text]



1. She enjoys drinking sugar-free Red Bull with an apricot-strawberry flavor. (Verbatim: "apricot apricot strawberry sugar free red bull um and there's two cans of that that i drank")
2. She finds the apricot-strawberry sugar-free Red Bull to be very delicious. (Verbatim: "it's really yummy like really yummy it's really really yummy like that was actually delicious")
3. She has consumed two cans of the apricot-strawberry sugar-free Red Bull. (Verbatim: "there's two cans of that that i drank")
4. She appreciates receiving cards and enjoys card reading as a fun activity. (Verbatim: "thank you for the card reading it was really fun and thank you for reading my heart with all your kindness")
5. She considers herself not skilled at card reading but finds the activity enjoyable and fascinating. (Verbatim: "i'm awful at card reading but we'll learn it's fun it's fun i like doing things like this it's fascinating")
6. She prefers "see you later" over "bye-bye" because she dislikes goodbyes. (Verbatim: "it is not a bye-bye because bye-byes suck we don't like bye-byes i would like to selfishly request it via see you later")
7. She expresses gratitude to her viewers for their kindness and participation. (Verbatim: "thank you for reading my heart with all your kindness and the best card reader actually best at everything")
8. She values positive and kind interactions with her audience. (Verbatim: "thank you for reading my heart with all your kindness")
9. She enjoys engaging in interactive and meaningful activities like card reading. (Verbatim: "i like doing things like this it's fascinating")
10. She wishes her viewers well regardless of their time zone. (Verbatim: "i hope you have a absolutely super super super super wonderful morning afternoon evening good night wherever you are") [end of text]



1. She has scars on both hands from burns sustained as a baby. (Verbatim: "scars from burns that i got as a baby so yeah yeah yeah yeah yeah so it was um technically both my hands but i burnt both my hands")
2. She does not remember the burn incident because she was only a few months old at the time. (Verbatim: "i don't really remember it at all because i think i would have been um how old did i was i told i was i'd have been like about a few months old")
3. She has a strong emotional connection to her mother, who taught her how to shuffle cards. (Verbatim: "when i was little i spent a lot of time um mama elia used to teach me how to shuffle")
4. Her mother was skilled in sleight of hand and card tricks. (Verbatim: "mama elia was really good at um what is it sleight of hand you know and like you do like really fast like card movement ones")
5. She owns a retro-style Logitech keyboard that her mother bought for her two Christmases ago. (Verbatim: "it's from yeah two christmases ago um they seem skilled dealing cards um do i wait let me see")
6. She values sentimental items and refuses to replace gifts, even if they are outdated. (Verbatim: "if someone buys me a present i'm not gonna replace it so so i've had this keyboard for like definitely like a year or so or something")
7. She enjoys tarot card reading and owns an anime-themed tarot deck with 78 cards and a guidebook. (Verbatim: "i was just looking for a really nice deck and um gosh i shouldn't leave that on this let's leave it on isekai-chan while i keep going through these")
8. She finds the Tower card the most frightening in the tarot deck, despite its positive interpretation in isekai contexts. (Verbatim: "the tower this one's the scariest card i don't know much about tarot like but i know this is the worst one")
9. She has a preference for purple nail polish and carefully selected it in person due to subtle shade differences. (Verbatim: "i was there for ages trying to pick out the right color and yeah yippee no it's been clipped already")
10. She appreciates the aesthetic of vintage-style suitcases and finds them visually appealing. (Verbatim: "the world this suitcase is cute i'd love a suitcase like that like the old suitcase yeah i mean i make sense for these cards") [end of text]



```
1. She has a background in mathematics and pursued a PhD in the subject. (Verbatim: "I was supposed to do a phd in mathematics what happened here yeah so there's like i need to actually um what you call it contact um um the place i got this from")
2. She completed a bachelor's degree but did not complete her master's degree. (Verbatim: "yeah you assume you'd keep the lab coat from that mathematics mommy")
3. She has a strong connection to the tarot, particularly a deck with thematic cards that reflect her personality. (Verbatim: "This is the card that I actually have My own version of in my merch That's available now")
4. She identifies with a tarot card featuring a woman with birds and a ponytail, which she associates with her personal vibe. (Verbatim: "This one kind of gives off my vibe And then I saw the name And I was like, oh wait Stop it")
5. She is British, as indicated by her accent and pronunciation struggles. (Verbatim: "I'm a British girl, you know what's funny the master's degree didn't come with a lab coat the bachelor's degree came with a lab coat which is wild")
6. She has a sense of humor about her own pronunciation, particularly with words like "book" and "toothpaste". (Verbatim: "Book, even though it must be difficult because you're British")
7. She has a personal merch line that includes a tarot card version of herself. (Verbatim: "That's available now Wink, wink, I'm business I'm a business girl")
8. She dislikes the idea of being associated with a religion, clarifying that "Church of Eli" is not a religious movement. (Verbatim: "It's not a religion! I'm not a religion!")
9. She has a playful, self-aware persona that includes joking about her own image and identity, such as calling the King of Pentacles "Elephant". (Verbatim: "I actually can't pronounce this without falling into pirate farmer talk I just can't")
10. She has a history of academic work in science, though she does not currently use her degrees professionally. (Verbatim: "I'm trying to use my degree you know what's funny the master's degree didn't come with a lab coat the bachelor's degree came with a lab coat which is wild")
``` [end of text]



1. She has unusually flexible limbs, including the ability to lick her elbow and perform extreme stretches. (Verbatim: "used to be, wait, yeah, I can, like, lick my elbow")
2. She experienced teasing in school about her small hands and flexible wrists. (Verbatim: "at school, the thing people like to do, they'd be like, haha, look at her, arms are so small")
3. She has large hands compared to other girls, which made her feel self-conscious in social settings. (Verbatim: "I had the biggest hands of all the girls")
4. She is preparing for future Japan-themed streams and wants to be comfortable showing her hands. (Verbatim: "I want to prep and be more comfortable ready for all the japan streams")
5. She enjoys hand-focused content and finds her hands aesthetically pleasing. (Verbatim: "I think your cute hands are just nice not too big not too small with long fingers")
6. She is interested in learning tarot and has a book on the subject. (Verbatim: "we actually have the book here i haven't actually read or looked into this")
7. She is familiar with the Rider-Waite-Smith tarot deck and its cultural significance. (Verbatim: "based on the 1909 rider way deck which is the most popular deck in use")
8. She has a strong interest in the Celtic Cross tarot spread and finds it particularly engaging. (Verbatim: "keldic cross is op i know right wild that's so yeah the keldic cross seems to be like it says it's the best and most commonly used layout")
9. She has previously had a palm reading in Japan. (Verbatim: "I did a palm reading in japan")
10. She is working on improving her confidence in hand cam streams. (Verbatim: "it's great to see you gain more confidence with your hand cam streams") [end of text]



1. She has a strong interest in tarot and playing card history. (Verbatim: "and then i had a friend do a um tarot reading but it was like a different one it was just like a simple cross")
2. She finds the idea of a 14-card suit in traditional playing cards fascinating. (Verbatim: "actually that's crazy like it actually starts off as like a 14 card like regular playing card deck")
3. She is embarrassed by a past experience where she couldn't recall the name of a playing card suit. (Verbatim: "i can't remember what the heck a spade is called so so like he's asking me what card it is but i don't i can't i can't say spade because i forgot what it's called")
4. She was uncomfortable being selected for a magic trick at a live show due to shyness. (Verbatim: "i'm quite a shy person but the way it worked at this like place it was like a small stage and like a small room where people would sit")
5. She felt awkward and self-conscious during a public magic performance when she couldn't name her card. (Verbatim: "i said no i said no i don't want to tell he was like he was like no you have to tell me it's part of the trick")
6. She has a vivid imagination and enjoys creative world-building, including fictional weapons. (Verbatim: "my turrets filled with knives it's a british turret get wrecked stab stab stab stab stab at a hundred steps per minute")
7. She finds historical variations of playing card suits interesting, particularly the different regional designs. (Verbatim: "in germany it was heart bells acorns and leaves that's so sweet damn yeah it's really i didn't realize there were so many different like kinds of kinds of suits")
8. She is aware of the etymology of the word "tarot" and its origins in Italian. (Verbatim: "it comes from the italian word tarot tarotchi which sounds almost japanese")
9. She has a playful, self-deprecating sense of humor about her past social awkwardness. (Verbatim: "i didn't get picked on for the rest of the show um yeah big yikes big hecking yikes")
10. She enjoys exploring the historical evolution of card games and divination systems. (Verbatim: "they were originally as a playing card like as playing cards and then they were later used for is it pronounced divination") [end of text]



1. She associates the Fool card with herself. (Verbatim: "so we have the fool this is me um as i continue to say words")
2. She enjoys playing and discussing tarot cards and their history. (Verbatim: "yeah we're looking at turkey cards today which is funny because there's not a single turkey")
3. She finds the idea of tarot cards being used for divination since the late 18th century to be surprising and historically inaccurate. (Verbatim: "apparently there's no historical evidence of um tarot cards being used for divination until like the late 18th century")
4. She references the British game show Countdown as a nostalgic childhood memory. (Verbatim: "my parents always wanted me to watch it because they'd hope i'd learn stuff from it")
5. She has a fondness for the British game show Countdown, particularly its word and math segments. (Verbatim: "i really remember really enjoying that part like you'd look at the numbers and be like okay")
6. She humorously compares aging to leveling up in a video game, with wisdom points. (Verbatim: "you're just a much higher level and every time you age you level up and you get points because you're you know getting wiser")
7. She jokingly refers to herself as "Nana Elia" in a playful, self-aware way. (Verbatim: "nana elia's like level 90 something like yeah")
8. She has a playful, self-referential relationship with the concept of age and maturity, using gaming metaphors. (Verbatim: "you know it's like nana elia's like level 90 something like yeah")
9. She is familiar with and references the structure and format of the British game show Countdown. (Verbatim: "countdown launched in 1982 that's insane that's old what the heck")
10. She has a preference for the word "eraser" over the British term "rubber". (Verbatim: "you guys will get upset whenever i use the word i'm gonna use eraser because you guys prefer me using the word eraser") [end of text]



1. She is a British VTuber. (Verbatim: "hi um my name is elia salaria i'm a british vtuber not a goose")
2. She has mixed heritage, being half English and half Asian. (Verbatim: "i'm half english half asian so you follow me on youtube")
3. She holds a bachelor's degree in animal science. (Verbatim: "my bachelor's is in animal science")
4. She holds a master's degree in computer science. (Verbatim: "my master's is in computer science")
5. She was planning to pursue a PhD. (Verbatim: "and are supposed to do a phd and blah blah blah")
6. She is interested in tarot cards and their history. (Verbatim: "we're looking into tarot cards um in the history of how they came to be")
7. She enjoys playing video games, specifically mentioning Metal Gear Solid. (Verbatim: "i do want to play a metal gear solid eventually by the way for sure")
8. She has a fondness for anime-themed tarot decks. (Verbatim: "this is an anime tarot deck which i got which is really cute")
9. She values kindness and self-care as core principles. (Verbatim: "the first rule is to look after yourself so the priority here is you know i'm streaming to try and make you guys happy")
10. She is familiar with the Rider-Waite-Smith tarot deck. (Verbatim: "this is built on the 1909 rider weight deck whatever that means") [end of text]



1. She identifies with the Fool card in tarot, associating it with innocence and naivety. (Verbatim: "wait these are words i get told i'm naive and foolish")  
2. She is interested in learning tarot reading and has explored the concept of the Fool's Journey. (Verbatim: "i wonder if there's a a thing we could read the fool's journey")  
3. She values kindness and has established a community rule emphasizing non-aggression and respect. (Verbatim: "you gotta follow rule zero be kind no matter what")  
4. She is passionate about science and views it as a process of open-minded inquiry and continual revision. (Verbatim: "the whole idea of science is to be open to anything and then understanding the truth to it through data through testing")  
5. She has a strong appreciation for the philosophical and critical nature of scientific thinking. (Verbatim: "science is supposed to be wrong science isn't like when they say things are like a scientific fact you wouldn't consider that to be an absolute foolproof fact")  
6. She believes science should be accessible and based on evidence, data, and peer review. (Verbatim: "provide replicable proof have it peer reviewed by experts worldwide")  
7. She dislikes anti-science attitudes and views them as a form of anti-intellectualism. (Verbatim: "anti-science is real it's like a whole thing it's like anti-intellectualism")  
8. She has experience with university-level academic environments, particularly in dealing with anti-science perspectives. (Verbatim: "one of the things we had to do at uni was deal with like people that are like anti-science")  
9. She enjoys the Persona video game series and references it in her content. (Verbatim: "you play too much persona there's no such thing as playing too much persona")  
10. She values community etiquette and has expressed frustration with chatter repeatedly bringing up other streamers. (Verbatim: "i just want to look into taro and the amount of people that just keep saying oh it's speaker oh this this is speaker's thing") [end of text]



