1. She has a history of being quiet in school, which led to social difficulties. (Verbatim: "I remember I tried making friends... they said they didn't want to be friends with me anymore or they didn't want to be my friend so implying they weren't ever my friend because I was too quiet")
2. She experienced emotional distress from being rejected by peers in school due to her quiet nature. (Verbatim: "that one really hurt I think I cried for like a long time um from that like I mean that's one of the nicer things to happen in school")
3. She used to speak in a soft, quiet voice in school, which caused issues with being heard by teachers. (Verbatim: "back then you'd have issues like teachers would never hear me and my attendance almost got marked out")
4. She has a pet lizard and a dog. (Verbatim: "I put my dog in the other room and then I got the lizard out and was like yay lizard")
5. She finds it difficult to maintain a calm, soft-spoken voice during stressful situations. (Verbatim: "I'm holding myself back okay I'm holding myself back as you can tell by my voice")
6. She has been told her voice may put people to sleep. (Verbatim: "I've been told that my voice may put people to sleep though")
7. She finds the sound of keys jingling outside her door unsettling. (Verbatim: "I can hear the keys jingling like outside so I know that it's my one soon")
8. She lives in a flat in a building with shared washing machines that require periodic maintenance checks. (Verbatim: "there's like a check on the washing machines in everybody's flat")
9. She has a recurring habit of checking her email for maintenance notifications. (Verbatim: "I forgot to check my email at first so at first I put the heckin chain on my door")
10. She is uncomfortable with strangers unexpectedly entering her home. (Verbatim: "I don't want to just randomly appear and maybe like who the heck are you and then they say like oh is this and then like of of of and I'll be like oh no insta docs I don't want to get talks") [end of text]



1. She is currently reading *Konosuba* on her Kindle. (Verbatim: "but yeah i'm just reading konosuba um but i want to draw cute pictures for you")
2. She has a dog named Lila who sheds excessively, particularly twice a year for female familiars and once a year for males. (Verbatim: "the female familiars will shed what twice a year and the males will shed only once a year")
3. Lila is known to drool heavily and stare at the lizards on the dining table, showing signs of wanting to eat them. (Verbatim: "she's jumped up onto a chair and it's just been staring at them panting and dribbling like i've now i've just been cleaning the dining table a lot because it's just covered in her heckin dribble")
4. Lila is jealous of attention given to other pets and will try to redirect attention by throwing toys or pushing the streamer. (Verbatim: "she heckin does everything she can to be like play with me instead like she'll start yeeting toys at me")
5. She owns a bearded dragon and a chameleon as pets, with the bearded dragon being more tolerant of Lila and the chameleon reacting negatively to her presence. (Verbatim: "the bearded dragon's okay bearded dragon doesn't care about anything i can vibe in um but yeah so how about you put the new ipad on here")
6. The chameleon changes color as a warning response when near Lila, indicating stress or fear. (Verbatim: "the chameleon seems to be reacting to the dog and is like responding um the chameleon's going very bright colored like a sort of warning i guess")
7. She is considering creating merch and is in discussion with someone who helped organize Mozzy’s merch. (Verbatim: "i'm in discussion with the person that helped organize mozzy's merch um following mozzy's recommendation and yeah currently discussing what kind of merch would be good")
8. She enjoys drawing and wants to create art for her members, though she feels her current reading habits don’t translate into creative output. (Verbatim: "i want to draw something for you all that's why i was thinking about it because like yeah i'm like reading and stuff at the moment but clearly that doesn't translate to giving you some great heckin knowledge")
9. She has a habit of prioritizing self-care and encourages her viewers to do the same. (Verbatim: "okay that's the most important thing to me always always always always always always um")
10. She finds it difficult to interact with her pets while Lila is present, as she must keep the dog in another room to avoid disturbances. (Verbatim: "i'm starving gosh stomach no wait my mouse died my mouse um um let me let me plug this back in um one sec um") [end of text]



1. She is preparing for a trip to Japan. (Verbatim: "yeah that's why i need to like stress and sort things out before i go")
2. She has a strong emotional connection to her community, referring to them as "buddies." (Verbatim: "the buddies we're we're doing a debut relay")
3. She is planning a debut event and is stressed about finalizing the date. (Verbatim: "the thing i'm stressing out about is getting you guys a debut date")
4. She has a pet lizard that she keeps in her space. (Verbatim: "those are the lizards that i'm sitting so that's what keeps making me jump")
5. She has a maintenance person who visits her, and she is anxious about their arrival. (Verbatim: "i'm scared this one here we go i do want to be loud though i do i do but i can worry")
6. She is working on a group reveal, though the name will not be disclosed until after her return from Japan. (Verbatim: "we probably won't do a name reveal of the group name until after i'm back from japan")
7. She has a soft, quiet voice that she attributes to a maintenance issue. (Verbatim: "my voice is soft and low and quiet this morning because i have maintenance")
8. She is planning to maintain her online presence through community posts, tweets, and Twitter Spaces while in Japan. (Verbatim: "i will be writing members posts community posts tweets and be doing twitter spaces when i can")
9. She is concerned about the timing of her debut and does not want to delay her buddies' plans. (Verbatim: "i don't want to like you know hold them back")
10. She has a fondness for the concept of "scuff" as a theme, using it humorously to describe her current stream state. (Verbatim: "welcome to scuff city i'll be at your service") [end of text]



1. She owns a bearded dragon and a chameleon. (Verbatim: "i'm looking after a bearded dragon and a chameleon um")
2. Her bearded dragon is larger than average. (Verbatim: "it's pretty big it's bigger than other bearded dragons that i've seen um")
3. Her bearded dragon is intelligent enough to open its cage. (Verbatim: "this one's a smart lizard this one knows how to open up its cage um")
4. She has difficulty distinguishing between her lizard's movements and maintenance-related noises. (Verbatim: "keeps making me jump is me thinking that the maintenance person is here like scratching at the door but no it's my heckin lizard")
5. She experiences social anxiety. (Verbatim: "I get socially anxious quite bad")
6. She enjoys drinking Coca-Cola. (Verbatim: "But I did get myself some Coca-Cola. Yay.")
7. She has considered doing a soft-spoken, ASMR-style stream. (Verbatim: "Maybe I could do a soft-spoken / Would you all want me to do a soft-spoken Zatsu one day")
8. She finds the sound of her air conditioner disruptive when on "silent" mode. (Verbatim: "It's on the heckin silent mode / It's bad / Does it sound really bad")
9. She has a habit of forgetting to properly secure her lizard's cage. (Verbatim: "okay forgot to close the cage properly um so i think that's why it was trying to open the door so much")
10. She humorously refers to her lizard as a "maintenance person" due to its behavior. (Verbatim: "I'm gonna see if you can hear this / I'm gonna put my aircon on / On like quiet mode / Can you hear that / Is it heckin / Is that / Is the aircon too loud") [end of text]



1. She has a pet dog that steals her socks. (Verbatim: "my dog heckin steals them um so then i have to get more")
2. She owns a large, fluffy goose toy that her dog occasionally tries to eat. (Verbatim: "i have the duck toy that my dog has um she'll 100 thinks that's a toy i've managed to convince her that the giant goose is not for eating")
3. She enjoys drinking Coca-Cola, which she refers to as "cookie cola". (Verbatim: "i still wear i wouldn't want to be sat worrying about my precious cookie cola while i'm away")
4. She is planning a trip to Japan and is trying to finish her remaining Coca-Cola before leaving. (Verbatim: "i'm actually trying to drink all my cookie cola before i go i have heckin um what you call it one two three five five bottles left")
5. She has a family member who no longer drinks Coke Zero due to caffeine concerns. (Verbatim: "he did decided it was too much caffeine and then said that he wasn't gonna drink coke zero anymore")
6. She has a brother who does not share her family's love for Coca-Cola. (Verbatim: "the only one that isn't is my little bro")
7. She is considering purchasing cute socks, though not Coca-Cola-themed ones. (Verbatim: "i do like cute socks though um not cookie cola socks as much as yummy as cookie cola is cute socks however cute socks i may consider")
8. She has a sibling named "Ellie Bro" who helps with pet and flat sitting during her absence. (Verbatim: "ellie bro is both flat sitting and dog sitting while i'm away")
9. She has a strong preference for glass-bottled Coca-Cola over canned versions. (Verbatim: "i just drink from these glass bottles and it still tastes good but the canned ones feel like they've lost a bit of flavor")
10. She has a custom pirate ship suggested on her Throne wishlist, which she finds exciting. (Verbatim: "this 1953 custom galleon pirate ship that has been suggested on my throne") [end of text]



1. She has a close but competitive relationship with her older brother, whom she refers to as "Ellie Bro." (Verbatim: "we realized something the other day me and my older ellie bro are almost like twins")
2. Her older brother shares similar speech mannerisms but does not use "heckin" emotes like she does. (Verbatim: "the only difference is that i like to use heckin emotes a lot um and he doesn't")
3. She grew up in a fixer-upper house that was never properly renovated, which left lasting impressions on her. (Verbatim: "we moved into a house that was like a fixer-upper house where i was like don't worry we just need to fix all these things up those things never got fixed")
4. She spent most of her childhood in her second family home, not the first one she lived in. (Verbatim: "i was in the second house most of the time most of my childhood")
5. She identifies with emotionally reserved family dynamics, describing her family as not expressive verbally despite caring for one another. (Verbatim: "i come from a very um emotionally reserved family i think is the best way to put it")
6. Her family communicates primarily through memes and images rather than verbal affection. (Verbatim: "we communicate through memes it's the best heckin way okay here's a link")
7. She finds emotional expression difficult and relates to the family dynamic portrayed in *Everything Everywhere All At Once*. (Verbatim: "i was watching everything everywhere all at once and there was like a moment where like it was like oh i get this")
8. She has a younger brother who is pursuing a master's degree in animation. (Verbatim: "younger ellie bro is doing um masters in like animation")
9. She has a strong aversion to spiders and would cancel a stream if one appeared. (Verbatim: "hey gosh there's a spider if there's a spider i'm gonna have to cancel it")
10. She dislikes fixer-upper properties and does not want to invest in one due to past negative experiences. (Verbatim: "i don't want to do a fixer-upper kind of purchase you know why because because my family did that") [end of text]



1. She owns a machete that she brought back from the jungle. (Verbatim: "i used it in the jungle it's my jungle machete yeah it's my jungle machete i took it back with me")
2. She has a collection of lizards. (Verbatim: "i literally already got half a zoo with these heckin lizards that i'm sitting")
3. She has a dog named Lila. (Verbatim: "my dog doesn't i can try and unalive it um i'll neighbors will hate me so if i make sure i just get like a detached house")
4. She is not currently in a living situation that allows her to own a goose. (Verbatim: "currently i am not in a living situation to get even a single goose yet alone")
5. She would like to get a goose in the future if she owns a house with a garden and pond. (Verbatim: "if i ever get a house and it's viable for me to get a goose i'll get a goose in honor of you all")
6. She enjoys McDonald's and relies on Uber Eats for delivery. (Verbatim: "as long as heckin uber eats delivers me mcdonald's i'll be happy")
7. She values good internet access as a key requirement for her living situation. (Verbatim: "good internet those are my conditions good internet mcdonald's delivery that is all i ask for")
8. She has a strong preference for anime-themed decor, including wanting to decorate a cannon with anime girls. (Verbatim: "i'm gonna get it absolutely decorated in heckin anime girls okay like yeah yeah yeah i think that would be best")
9. She is interested in purchasing a 100-centimeter blow high plush shark from IKEA. (Verbatim: "i think i should get a blow hey blow hey ho blow hole blow blow blow oh gosh i need to blow blow hi blow hi yeah blow hi blow hi blow hi blow hi ikea shark")
10. She has previously traveled to a jungle and had to create her own path through it. (Verbatim: "needed to make a path in the jungle because there was no path i had to make my own path") [end of text]



1. She has a strong interest in fantasy and imaginative world-building, often envisioning elaborate scenarios like owning a private island. (Verbatim: "we're gonna need a ship to get there um along with a few other things um so it actually comes with 14 beds")
2. She enjoys roleplaying and has expressed interest in League of Legends-themed roleplay events. (Verbatim: "the next suggestion is a league of legends heckin rp yeah")
3. She finds the idea of hosting a large-scale VTuber convention on a private island appealing. (Verbatim: "yeah we'll have our own vtuber convention um")
4. She has a humorous and creative approach to event planning, including survival-style games with unique challenges. (Verbatim: "you pay a heckin ton of money so let's see let's see if it's like four million")
5. She is familiar with and references the game Minecraft in connection with event preparation. (Verbatim: "they can learn how to survive yeah yeah yeah yeah easy heckin peasy winners can also come by")
6. She has a fondness for the concept of "blow high" as a fictional entity, though she later corrects herself to refer to "Elliott's the Lion." (Verbatim: "i love blow high so much... i meant to say elliott's the lion oops")
7. She has a playful, imaginative relationship with fictional characters, such as envisioning a pirate-themed crew with a parrot and matching hats. (Verbatim: "oh and a parrot no not a parrot my dog would also have a matching hat")
8. She has a strong emotional connection to the character Elliott's the Lion, describing it as life-changing. (Verbatim: "i love blow high so much... it cured my depression my sadness my anxiety and it's made me very happy")
9. She has a humorous and self-aware attitude toward her own ideas, often joking about the impracticality of grand plans. (Verbatim: "i don't think i put it on throne i don't know if i i don't even think you could build islands on throne um")
10. She has expressed interest in collaborating with a certain British VTuber, suggesting a future aspirational connection. (Verbatim: "maybe one day i'll gather the attention of a certain british btuber") [end of text]



1. She has a strong preference for roleplay and enjoys participating in it. (Verbatim: "rp elliot likes role play i'll go play it for you i'm turning this back on")
2. She finds horror games intimidating and is easily scared. (Verbatim: "I'm too scaredy-cat for this! Please, someone hold my hand!")
3. She has a habit of using the word "heckin" frequently in her speech. (Verbatim: "i'm not opening up league of legends i'm just checking the rp price okay")
4. She once considered naming an island "Stellar Stamp Aisle" or "Alienic Moon Aisle" if she were stranded. (Verbatim: "if i ever go on an island and had to choose a name for it i'm pretty sure i would call it either stellar stamp aisle or the alienic moon aisle yo")
5. She has a pet dog that she sometimes needs to have looked after. (Verbatim: "ellie brings payment for looking after my dog")
6. She is familiar with and has used gift card systems through streaming platforms. (Verbatim: "i can add this it looks pretty simple it has zero fees yeah yeah yeah")
7. She has a mother who is highly critical and pushes her to exceed expectations. (Verbatim: "mama elliot would be like why didn't you get six stars and i'd be like it doesn't go up to six stars")
8. She is not skilled at driving vehicles, particularly planes. (Verbatim: "are you sure it's easy to pilot because because there's a lot this scares me")
9. She has a noticeable interest in animal-related products, including goose pellets and plushes. (Verbatim: "there's so many goose plushes on the second record recommendation the hegan suggestion list")
10. She has a history of reviewing products online, including food items and travel accommodations. (Verbatim: "when i was looking through hotel reviews i saw so many dumb things like so when i was looking up where to stay in japan") [end of text]



1. She enjoys digital art and has considered purchasing an iPad with an Apple Pencil for drawing. (Verbatim: "i did think i was looking at it a couple of weeks back thinking that would be really cool to do drawing sort of while i'm like i spend a lot of my time at my pc")
2. She has books on drawing, specifically on how to draw cute animals. (Verbatim: "i know there's loads of resources online but i have taken how to draw cute animals and stuff as a book")
3. She is not particularly skilled at drawing but enjoys the activity. (Verbatim: "in terms of drawing i'm not amazing at it i do enjoy it")
4. She uses an iPhone for face tracking in her VTuber setup. (Verbatim: "i use apple for their face tracking um so for featuring i have i have an iphone because they have the best um face tracking")
5. She finds VR technology confusing and is unsure about the requirements like trackers and room space. (Verbatim: "vr vr confuses me i'm not really sure what's needed")
6. She has considered VR for future use but views it as something to explore post-debut. (Verbatim: "i feel like vr would be for something post debut")
7. She has a habit of cleaning her PC storage and recently cleared space, leaving 50GB free. (Verbatim: "i cleaned it out the other day wow nice dice but i job i have 200 gigs which gives me the option of 50 gigs spare")
8. She owns a high-end 4K monitor described as professional cinema equipment. (Verbatim: "this is 4k digital cinematography absolutely top end whoa what i mean if it guarantees no mistakes")
9. She is aware of and values high-quality audio equipment, having seen a $10,000 microphone. (Verbatim: "a 10k microphone? wow oh gosh oh gosh what?")
10. She has a strong preference for not receiving literal food items as gifts, especially fruits. (Verbatim: "please don't send me fruit i don't want to waste it i'll double it and send it to the next person") [end of text]



