1. She is from England and identifies as British. (Verbatim: "being british i think or maybe it's just me i i don't know if i should blame being british here")
2. She does not drink alcohol often and prefers sweet things over alcoholic drinks. (Verbatim: "i am legal i can have alcohols but i don't have alcohols very often")
3. She dislikes beer for tasting odd and does not enjoy the idea of getting drunk or having hangovers. (Verbatim: "i don't like beer beer tastes weird taste odd yeah like")
4. She has a strong preference for sweet foods and explicitly states she "heckin love[s] sweet things." (Verbatim: "i heckin love sweet things")
5. She likes camembert cheese and enjoys it with bread, especially during Christmas when it's fried. (Verbatim: "i quite like um what you call it um um um um um uh camembert i like having the bread and camembert")
6. She played League of Legends during her university days. (Verbatim: "i could hear it from where i was sat in my room at my computer playing league of legends")
7. She attended university in England, where she recalls the Wine and Cheese Society being particularly wild. (Verbatim: "i remember at uni there was a wine and cheese society and they were the like wildest society")
8. She owns and prefers using a GameCube controller for playing Super Smash Bros. (Verbatim: "Can confirm, I play Smash Brothers on... With a GameCube controller.")
9. She believes the GameCube is the best portable console because it has a handle. (Verbatim: "GameCube is the bestest portable console ever. It has a handle, it's portable.")
10. She is open to hosting themed events like a wine and cheese night, indicating an interest in fancy social gatherings. (Verbatim: "shall we have a wine and cheese night would you like well shall i shall i send out invitations") [end of text]



1. She prefers using hearts instead of "x" (kisses) to end messages to avoid sounding blunt. (Verbatim: "instead i usually just end like to make things sound like not so blunt i've managed to stop putting x on the end and just started putting this on the end instead or a heart heart heart")

2. She identifies as British, referencing cultural habits. (Verbatim: "i'm british we keep the kettle full in case you need a cup of tea")

3. She likes bananas and incorporates them into her persona, including calling herself "banana brain." (Verbatim: "yeah i got i got banana brain dial")

4. She has a self-deprecating sense of humor about her intelligence, joking about losing IQ without glasses. (Verbatim: "my iq is gonna drop ah my iq no my iq my iq how do i math again ah minus five")

5. She enjoys wearing glasses as part of her aesthetic, particularly circle-shaped ones, though she acknowledges they are just for show. (Verbatim: "am i smart am i smart now he's smart oh i prefer circle glasses though")

6. She expresses a desire to be part of a fun, rebellious community, referring to her audience as "punks." (Verbatim: "i'd like to be part of your gang please can i be can i be part of your cool gang")

7. She is interested in ASMR and attempted to make purring or motor-like sounds, indicating an interest in vocal experimentation. (Verbatim: "i'ma take some aggressive purr it's asmr of of a motorcycle alley")

8. She has a playful, friendly personality and rejects being seen as rebellious or edgy. (Verbatim: "i'm friendly and pleasing clean and uncorrupt")

9. She considers herself a nerd who enjoys learning and offering tutoring. (Verbatim: "i'm only a nerd because because i just spent i like learning")

10. She values punctuality and jokes about being "always on time" for streams. (Verbatim: "punctual she always clicks go live exactly when the schedule says that she should be going live") [end of text]



1. She wants to visit a maid cafe in Japan and loves maid outfits. (Verbatim: "yo i want to go to a maid cafe i want to oh it look i wanna go make cafe one day")

2. She is from England and plans to travel to Japan, but is concerned about the long flight and her pet’s mobility. (Verbatim: "england is unfortunately very far but i guess yeah i have i have to")

3. She owns a pet named Stelila, referred to as a "cat dog," who was born in Poland and originally named "Baby." (Verbatim: "stelila was born in poland i think it was poland" and "stelila's original name like um is baby baby he's a baby")

4. Stelila has an official European animal passport, which still lists her original name "Baby," and the passport contains no photo. (Verbatim: "it has it's not changed on the passport" and "no photo no photo on it it's a european one")

5. She once mistakenly booked a coach ticket for June instead of July due to mixing up the months, causing issues with attending a summer program. (Verbatim: "i got a scholarship to book a june ticket when the the thing was in july big mistake")

6. She worked as a developer in financial technology, specifically on accounting systems, and has experience in finance. (Verbatim: "when i was a developer i worked more on financial tech software um so like accounting systems and stuff")

7. She is a data scientist and has math skills, though she finds taxes confusing despite her background. (Verbatim: "i am a data scientist i can math technically" and "taxes confuse me they confuse me it's confusing")

8. She has bright white hair, which made her stand out and feel isolated in primary school in England. (Verbatim: "being the only kid in class with bright white hair like you see this hair color not very common in england")

9. She expresses interest in hosting a fancy wine and cheese night, indicating a liking for such themes. (Verbatim: "this for my fancy wine and cheese night that we're definitely gonna have and we're gonna be so fancy")

10. She is open to and honored by fans writing fanfictions about her. (Verbatim: "i'd be honored i'd be honored you have an art tag but i cannot paint but want to do something nice") [end of text]



1. She had a difficult school experience where she felt excluded due to her unique appearance (purple eyes, white hair). (Verbatim: "only one with purple eyes white hair never said purple eyes never said white hair damn why no one got purple eyes why why why")  
2. She became a VTuber to provide comfort and hope to others who might feel as she did, referring to her past self as "little Elia." (Verbatim: "one reason why i do what i do now is because i always think there's a little elia out there that might have also felt like the world was really dark and needed some form of comfort")  
3. She believes that the world is much bigger than school and that there are many lovely people despite past hardships. (Verbatim: "you realize the world is much much much much much much much much much much much much bigger than the classroom or school")  
4. She has a deep emotional connection to her audience and wants to bring genuine smiles to their faces. (Verbatim: "i'll keep doing everything i can to at least get a tiny tiny tiny smile at minimum on your face")  
5. She mentions that a forced smile uses different muscles than a real one, indicating an interest or knowledge in physiology. (Verbatim: "a forced smile actually uses um completely different muscles to a regular smile it's a completely different set of muscles")  
6. She uses the term "Stellagrams" as a fictional unit of measurement for her love toward her audience. (Verbatim: "stellar grams is how i weigh my love for you all yeah yeah and it weighs infinity plus one stellagrams")  
7. She identifies with being bad with words but deeply appreciates emotional support from her audience. (Verbatim: "not good with words don't worry i also bad with words but thank you for everything you streams brighter my day")  
8. She refers to her past life as a goose in a humorous or fictional context. (Verbatim: "so elia was a goose her past life after wait no you can see the similarities where")  
9. She is open to learning new content formats like ASMR and describes herself as a nerd who will study them. (Verbatim: "i have to google it i don't know what it is but i will look up look it up and study because i's a nerd")  
10. She values love and positivity as foundational principles, humorously suggesting a tax-free kingdom funded by love. (Verbatim: "the kingdom is funded with love yeah yeah yeah yeah that's all you need i'd be a great ruler clearly") [end of text]



1. She is concerned about living up to her audience's expectations and not disappointing them. (Verbatim: "one of my worries is I won't live up to the title... I don't want to disappoint you I'll work super hard and give you my bestest")

2. She refers to her fans as the "bestest" and believes they are the ones who truly deserve the highest praise. (Verbatim: "if anyone's the bestest is you all so I'm like I hope I can live up and not disappoint you")

3. She has a self-taught background in digital art software like Photoshop and Clip Studio Paint. (Verbatim: "i'm completely self-taught when it comes to like photoshop and clip studio paint")

4. She acknowledges her digital art methods may be inefficient because she lacks formal training. (Verbatim: "i feel like my methods of using it are probably really ineffective... it's more like a if it works it works kind of deal")

5. She prefers using Clip Studio Paint over Photoshop for her artwork. (Verbatim: "i don't really use photoshop anymore i prefer using clip studio paint i like clip studio paint")

6. She expresses interest in doing educational streams about digital art, specifically thumbnail creation. (Verbatim: "we could do clip studio paint stream um where i talk about um yeah thumbnail making")

7. She has a recurring theme or persona associated with "banana" and leads a fictional group called the "banana gang." (Verbatim: "only punks are allowed in the banana gang", "to truly become part of the banana gang you must sign the constitution")

8. She identifies playfully as a "punk" and associates this identity with being part of the banana gang. (Verbatim: "am i a punk am i am i a punk... is it the banana that makes me a punk i think so okay so i can join your gang")

9. She once worked an overnight shift, suggesting a past or occasional experience with night work. (Verbatim: "finally done with my overnight shift")

10. She plans to renew her passport, indicating it is a pending personal task, possibly related to needing valid ID. (Verbatim: "i'll also make sure i get my passport sorted i shall it'll be after this stream") [end of text]



1. She experienced recurring administrative errors during her college exams, where her name was missing from assigned desks three times. (Verbatim: "yeah and then you'd be worried and then of oh what if my name isn't there um and that happened to me three times")

2. She felt significant stress and embarrassment during group formation in school, often fearing being left out. (Verbatim: "it's like a instinct stress for me um like oh gosh like um you know like in school where they'd be like everybody get into groups and i'd be like no no i'm gonna be on my own")

3. She internally cheered when teachers took control of group assignments to prevent being left out. (Verbatim: "in my head i'd be like there'd be like little elliot in my head cheering like pick the groups pick the groups do it do it do it so i don't get left out")

4. She associates wine and cheese events with fanciness and formality. (Verbatim: "okay so you have an option here apparently our wine and cheese night is very extra")

5. She is unfamiliar with proper wine-tasting etiquette, particularly the use of a dump bucket or spitting wine. (Verbatim: "hey you shouldn't need a dump bucket the heck's a dump bucket hey who needs a dump bucket")

6. She is unsure of the correct pronunciation of "sommelier" and finds the American/British pronunciation differences confusing. (Verbatim: "smellier smellier smellier is that is that it smellier smellier later")

7. She plans to host a membership celebration involving a themed wine and cheese night. (Verbatim: "we're just planning our wine and cheese night for the membership celebration")

8. She has difficulty distinguishing between types of red and white wines. (Verbatim: "i don't know which what's the difference really between all the different types of reds and all the different types of white")

9. She finds 14 grams of cheese per type to be insufficient and "stingy." (Verbatim: "14 grams of cheese that feels really stingy of cheese it's not really small eh what are you gonna do with 14 grams of cheese")

10. She intends to provide both alcoholic and non-alcoholic beverage options at events, including sparkling pear and cherry cider. (Verbatim: "store a couple of bottles of sparkling cider in the fridge for anyone done with wine") [end of text]



1. Her lore involves a magic banana, which is central to her fictional backstory. (Verbatim: "My lore involves... The magic... Banana. Okay, so we have this magic banana.")
2. She has a fictional identity related to being a "messenger" with possible stellar or cosmic themes. (Verbatim: "Should I have it actually related to like... The messenger part, not the banana part?")
3. She struggles with communication and is known in her family for being antisocial and bad at replying. (Verbatim: "I'm very known for being very anti-social and not very good at communicating.")
4. She avoids phone calls and keeps her phone on "do not disturb" mode almost all the time. (Verbatim: "My phone right now is on do not disturb... It's like permanently on sleep mode.")
5. She uses her mobile primarily for scrolling through social media in a cycle: Twitter, TikTok, then Reddit. (Verbatim: "I just use it to scroll... I do a cycle of scrolling I scroll through Twitter and then I scroll through TikTok and then I scroll through Reddit.")
6. She has a family nickname or title: "Nana Elia," which may indicate a familial role or affectionate identity. (Verbatim: "It was like Nana Elia's birthday... I'll always be there for Nana Elia.")
7. She experiences social anxiety, especially in group chats, fearing she’ll be ignored or scare people by speaking after silence. (Verbatim: "Group chats scare me... What if I write something and then they just ignore it?")
8. She often arrives late to events, not by intention, but due to distractions or unforeseen circumstances. (Verbatim: "I will always always turn up late to things not on purpose... I'm on my way I'll miss the bus because I saw a cute cat and I wanted...")
9. She dislikes job recruitment calls and actively avoids job search platforms, indicating past exposure to recruitment attempts. (Verbatim: "I get so many calls from... headhunters... need a job need a job need a job... I don't want your IT support job or your developer job.")
10. She prefers to be transparent about her flaws, such as poor communication, to reduce pressure and help others understand her. (Verbatim: "I decided that would be the best solution... to have people understand and embrace the fact that I suck at replying.") [end of text]



1. She has a strong affection for cats and often gets distracted by them. (Verbatim: "i'll miss the bus because i saw a cute cat and i wanted to pet it kind of thing")
2. She struggles with punctuality and is often late, which her family is aware of. (Verbatim: "you give me a time i will probably be there like an hour later at least")
3. She prefers interacting with cats over people and feels more comfortable approaching animals than humans. (Verbatim: "i don't like to talk to people no but i'll go up to a cat yeah")
4. She currently lives in an area in England that has more dogs than cats. (Verbatim: "the area that i live in right now doesn't have many cats it's more of a dog kind of area yeah")
5. She owns a dog that resembles a cat in appearance or behavior. (Verbatim: "i have a dog that looks like a cat")
6. She has considered getting a kitten despite thinking she shouldn't, wanting a companion for her dog. (Verbatim: "i'm like oh i'm this close to like just getting a kitten but i'm like i should not get a kitten")
7. Her dog is friendly toward cats and treats them like small dogs. (Verbatim: "my my cat dog thing is fine with cats just assumes they're just like what you call it small dogs")
8. She had a childhood book with buttons that played animal sounds, which she remembers fondly. (Verbatim: "i used to have one of those books... it'd be like a picture of a cow and you'd press it and it'd go moo moo")
9. She lacks self-control and acknowledges her tendency to get easily distracted. (Verbatim: "i have no self-control")
10. She is interested in creating a free voice pack featuring her performing animal noises. (Verbatim: "i should just release a free voice pack of ellia's animal noises") [end of text]



1. She has a familial figure named "Papa Elia" who taught her about birds. (Verbatim: "yeah there's a different bird that indicates spring in fact starlings are definitely not the bird because they leave when it's spring is this swallows swallows maybe i was thinking of swallows yes swallows swallows yeah yeah swallows flock to england in april and may yeah yeah yeah yeah that was it because i remember papa elia would always point out the birds to me")

2. She learned about bird calls and species from books and school trips during her education. (Verbatim: "they had a lot of bird books um a lot of bird books in the house and could you can i can recognize some birds by their cool")

3. She participated in bird-related fieldwork during university, including searching for cuckoos and nightjars. (Verbatim: "so i had to like um look for a cuckoo and i didn't wanna but and then the other one i had to look for on a school trip was a nightjar and that one heckin hard to find but they're cute they're cute like night chairs night jars are cute this was at uni")

4. She has experience with bird ringing and using mist nets, though she feels guilty about it. (Verbatim: "because um i've done like bird ringing bird ringing and i've done um what you call it um like when you set up a mist net but we didn't do it for that that was i was to catch bats um so i've held like i've held birds and bats before they're they're cute")

5. She dislikes cuckoos because of their parasitic breeding behavior. (Verbatim: "i don't like cuckoos cuckoos are very mean birds they're the birds that lay their eggs in other birds nest")

6. She finds whistling difficult and is not good at mimicking bird calls. (Verbatim: "as you can see i am not very good at whistling um")

7. She has held both birds and bats during fieldwork and finds them cute. (Verbatim: "so i've held like i've held birds and bats before they're they're cute")

8. Her provisional driving license expired in January, and she currently has no valid ID. (Verbatim: "i had a provisional driving license as my main id but that expired apparently back in january")

9. She is considering renewing her tenancy, which ends on the 17th. (Verbatim: "the end of your tenancy is the 17th oh oh oh oh should you wish to renew give us your passport")

10. She is interested in playing Splatoon, though she has only encountered the character in Super Smash Bros. (Verbatim: "i do actually want to play splatoon by the way i've not played splatoon um i've played only like splatoon like the character in smash burst but not actually like splatoon the game") [end of text]



1. Her full name is Elia Stellaria. (Verbatim: "so to remember everybody the name is ellia stellaria")

2. She was very shy and quiet during secondary school. (Verbatim: "okay so this was back in secondary school okay so bear in mind secondary school i was little elia that didn't really speak much was very shy okay")

3. She took drama class in secondary school to become louder and improve herself. (Verbatim: "and i took drama okay i took drama to try and learn to be louder and to try and improve myself as a person")

4. She created an unintentionally embarrassing chant in drama class using the sounds "baa", "va", and "nah", which classmates turned into a crude word. (Verbatim: "my brain wanted to think of like a unique chant... the first sound i decided was baa with a v... the next sound i thought of... was va... the final sound was nah")

5. The crude word from her chant was considered a bad word in her household growing up. (Verbatim: "i'll be honest though i never called it that growing up like that was um my parents basically made it a bad word for me to say")

6. Her childhood nickname was Yabelia. (Verbatim: "so that's that tag we gotta get back to the say so tags... shall we call it yabelia")

7. She has a fictional pet cat-dog hybrid named Stelila. (Verbatim: "hello my cat dog thing... you shall be named stelila")

8. She is concerned about being perceived as an AI and insists she is a real person. (Verbatim: "how do i prove i'm not an ai ask me a question i'll answer it like a real girl")

9. She expresses self-deprecating humor about having a chaotic or "broken" mind. (Verbatim: "i'm so sorry if anyone just like tunes in... you just picture someone opening up youtube and it's just me there like you can you can you hear my brain like cults turning as hard as they can")

10. She associates her scent with her shampoo, conditioner, and body wash, denying she is smelly. (Verbatim: "i'm not smelly though hmm why are all my tags being suss i'm not smelly i smell like my shampoo conditioner and body wash") [end of text]



1. Her name is Elia Stellaria, though she jokes about being called "Stelila" or other variations. (Verbatim: "can you you should be you shall be named stelila stelila it's stelila it's it's stelila yeah yeah")

2. She has a fictional persona tied to a "Banana Kingdom," where she is the queen or ruler. (Verbatim: "at the request of the to be banana queen the banana republic shall henceforth be recognizing and accepting the integration and assimilation of the banana kingdom")

3. Her oshi mark is officially the letter with a heart, though she has a strong thematic association with bananas. (Verbatim: "my oshi mark is the letter with the heart okay it's not a banana my oshi mark isn't a banana okay")

4. She associates herself with the banana theme, which is a recurring element in her streams and branding. (Verbatim: "i just have a preference towards the banana okay but it's a banana because it's a magic banana yeah")

5. Her community is divided between two fan names: "Stananas" and "Starlings," which are in a playful rivalry. (Verbatim: "we have the star nanas and then we have the starlings these are our two community names which of which we currently have a war between")

6. She refers to having a "void" as part of her stream aesthetic, likely a previous background or visual theme. (Verbatim: "you'll see the void soon but i have this lovely room so we don't need the void")

7. She has a habit of using a "mommy voice" during streams, which is recognized by her audience. (Verbatim: "kettle laugh yeah mommy voice well of course we like to bring out this voice right right")

8. She values punctuality and prides herself on always being on time for streams. (Verbatim: "chicken barker is on time is it not bad i'm always on time i'm so on time")

9. She once held her bladder for seven hours during a stream to avoid leaving her audience. (Verbatim: "i held it for seven hours because well no one i didn't want to leave you guys but i was so desperate")

10. She expresses interest in creating a recurring "weekly meme appreciation" segment for her channel. (Verbatim: "i feel like i should do a weekly meme appreciation you know so i don't know if this is really me but it's it's a bingo card") [end of text]



1. She does not like fruit and does not eat bananas. (Verbatim: "aggressive banana eating i don't eat bananas no i don't like fruit")
2. She wishes she had a banana-shaped phone. (Verbatim: "i wish i wish i wish i wish i wish i wish i had a banana shaped phone")
3. She wants to play the goose game (Untitled Goose Game) because it looks fun, though she has never played it. (Verbatim: "i really want to play this goose game i've never played it before but it looks really fun")
4. She is not a goose and denies any comparison to one, despite meme references. (Verbatim: "i don't look at them they're not the same picture they're not we're both white and feathered... i'm not a goose")
5. Her celestial wings are not goose wings; they are described as celestial messenger wings. (Verbatim: "these aren't goose wings okay they're not the same picture... they're not celestial goose wings")
6. She is based in England, though she jokes about using a VPN to appear in different cities. (Verbatim: "you all know i'm in england... gotta vpn to different cities yeah become a nomad")
7. She has previously made basic websites but is not an advanced web developer. (Verbatim: "i've made websites in the past but not anything with like... head padding kind of mechanics... very very basic sites")
8. She values kindness, self-care, and community joy, as reflected in the Banana Republic constitution she references. (Verbatim: "rule zero to be kind to one another is the highest obligation... rule two take care of yourself")
9. She finds joy in memes and wants to make meme reviewing or appreciating a regular activity. (Verbatim: "i quite like the idea of making this a regular thing because these make me laugh and they bring me joy")
10. She refers to her community as her sunshine and deeply values their support. (Verbatim: "i like you all are my sunshine you all are my sunshine when it's dark") [end of text]



1. Her eyes are sensitive to sunlight and struggle with bright light. (Verbatim: "my eyes really struggle with sunlight to be honest um i should probably like i should see an optician again to see because yeah my eyes really don't do well with sunlight")

2. She lives in England and often goes out when it's dark. (Verbatim: "it's england i usually go out when it's dark")

3. She wears a hat when going outside, possibly as a habit. (Verbatim: "i like to wear a hat")

4. She used to read in the dark, which she jokes may have harmed her eyes. (Verbatim: "as if i didn't always read in the dark either and stuff")

5. She watches anime for long periods, mentioning 10 hours a day as a past habit. (Verbatim: "who'd have thought that watching anime 10 hours a day would have done this to us")

6. She has venetian blinds on her windows to prevent neighbors from looking in. (Verbatim: "i got one of them like um other blinds like the with the widows... venetian blinds so they can't actually see in")

7. She wants to make friends with other VTubers and fears being perceived as seeking clout. (Verbatim: "I always get worried that like I don't want it to seem like a number thing... I just want to make friends")

8. Her goal is to grow her channel so she can collaborate with VTubers without suspicion of ulterior motives. (Verbatim: "so that's the reason why I'd want to gain numbers so I can make all the VTuber friends without any worries")

9. She is interested in playing League of Legends and considered forming a European VTuber team. (Verbatim: "i need to put together my my league of legends european vtuber team")

10. She previously worked at an office where weekly pub quizzes were popular, and she participated despite being bad at them. (Verbatim: "office i worked at was like um they wanted to do weekly pub quizzes all the time... yeah i always suck at them because it's always general knowledge") [end of text]



