1. She is British and currently living in England. (Verbatim: "I'm back in England... I was still British while I was away... Because that's not curable.")  
2. She recently returned from a trip to Japan where she spent most of July. (Verbatim: "I have been in Japan for pretty much the whole of July and I've just come back.")  
3. She speaks Japanese and improved her language skills during her stay in Japan. (Verbatim: "In Japan, I got like nihongojozu'd every, every single, like, day.")  
4. She has a singing voice that she describes as soft, and she used to be in a choir. (Verbatim: "I sing. I do sing. I was a choir girl. My issue is my singing voice is a bit on the soft side.")  
5. She owns a fluffy dog who became ill while she was away in Japan. (Verbatim: "I got a fluffy dog... she got a bit ill, literally, like, after I left for Japan.")  
6. She brought Japanese dog treats, a new collar, and a Japan-shaped squeaky toy back for her dog from Japan. (Verbatim: "I got her dog treats from Japan. I got her a new collar from Japan... the shape of Japan, the island shape. And it says Japan and it squeaks.")  
7. She experienced a nightmare about being forgotten by her audience after returning. (Verbatim: "I had a dream that I screamed and nobody turned up... 'What do you mean welcome back? Who the heck are you?'")  
8. She forgot to bring the dongle for her headset while in Japan, rendering her headphones unusable. (Verbatim: "One of the things I forgot to bring... was, I have my little headset with me, I forgot the little dongle to go with it.")  
9. She enjoys crane games and brought back many items from Japan, including figurines. (Verbatim: "I got the joy of crane games a bit too much... a lot of figurines to show you.")  
10. She plans to record music and has been preparing for a cover, though she hasn’t finalized the song. (Verbatim: "I've been meaning to swap out my audio box thingy for a while... I literally have everything ready for this cover, except for the... the song.") [end of text]



1. Her full name is Elia Stellaria. (Verbatim: "hi hello ladies I'm Elias Delaria" – note: likely a mispronunciation or typo of "Elia Stellaria".)
2. She is British. (Verbatim: "I'd say england and they were always very quite shocked.")
3. She recently returned from an almost month-long trip to Japan. (Verbatim: "I've just come back from my almost month-long trip to Japan.")
4. She is sensitive to loud noises and experiences motion sickness on public transport. (Verbatim: "I'd be sat on the train like with my eyes closed because you know motion sickness i'd be like ow i can hear tourists being really loud no stop stop stop it hurts me.")
5. She finds queue-cutting deeply upsetting. (Verbatim: "what was upsetting was when when people cut the queue that is truly upsetting.")
6. She appreciates orderly queues and has a cultural affinity for them as a British person. (Verbatim: "i'm british so i don't mind queues i quite like the order.")
7. She has difficulty understanding when people speak to her in Japanese. (Verbatim: "I didn't think anyone would speak to me... I just didn't register them.")
8. She values Japanese customer service for being polite and kind, in contrast to her experience with British service. (Verbatim: "in japan it's very very polite like all the customer service that i experienced there was very very kind very happy.")
9. She made an effort to learn about Japanese etiquette before her trip. (Verbatim: "i did do my best to to look up as much as possible regarding japanese etiquette because there is a lot that is different compared to british etiquette.")
10. She has a fear of being approached or flirted with unexpectedly. (Verbatim: "Lily was like Elliot they're trying to flirt with you I was like who... I ran away like like a smart person would.") [end of text]



1. She recently took an unusually long break from streaming, longer than her typical one or two days. (Verbatim: "i've never had a break this long like even one or two days is a bit too low on chatium for me")  
2. She is trying to take better care of herself, motivated by her community and the idea that her fans will also take care of themselves. (Verbatim: "i'm trying to look after myself um so i hope that even while i've been away you've all been looking after yourselves right")  
3. She plans to return to a regular streaming schedule, with updates expected on Sundays. (Verbatim: "i'll be back to streaming regularly so i can keep reminding you all to look after yourselves um keep an eye out for a schedule to be posted on um sunday")  
4. She feels deep gratitude toward her community for welcoming her back kindly and not forgetting her. (Verbatim: "the fact that you all decided to welcome me back so kindly i i appreciate it but appreciate doesn't even feel like a strong enough word")  
5. She refers to her mother as "mama elia" and mentions that her mother is going to or has visited "asia land." (Verbatim: "mama elia having to is actually going to asia land um so i literally just came back from asia land")  
6. She intended to have a short stream (1–1.5 hours) but ended up streaming for three hours. (Verbatim: "this was supposed to be like a short stream like like short short like one hour or one hour and a half not three hours")  
7. She experienced lightheadedness during the stream, which she suspects may be from a can of jet (possibly a drink or aerosol). (Verbatim: "i'm assuming the lightheadedness is from is from this can jet like give you lightheadedness")  
8. She missed doing member-only streams and looks forward to having cozy, intimate interactions with her community again. (Verbatim: "we'll also have to do a member stream i've missed member streams with you all i've missed that a lot our cozy cozy times")  
9. She describes her streaming style as letting her internal stream of thoughts come directly out of her mouth. (Verbatim: "the way that this works is i i just sort of let the thoughts that are in my brain come straight out of my mouth")  
10. She likes the scent of mangoes and humorously expresses a desire to smell like them. (Verbatim: "i want to smell like mangoes yeah um okay i'll go get the sleeves") [end of text]



1. Her primary goal as a VTuber is to make people happy and reach as many people as possible. (Verbatim: "my goal my super super super super super goal is to make people happy... to make people happy i want to try and reach as many people as possible")

2. She is originally from England and identifies with British culture, including a British accent. (Verbatim: "Did Japan change my accent? Did it? Oh no. Did I lose? Did I lose some Britishness?")

3. She recently returned from a trip to Japan, where she visited the Nintendo Store and the Pokemon Center. (Verbatim: "Yeah, I went to the Nintendo store. And I went to the Pokemon Center.")

4. She drinks English breakfast tea daily and maintained this habit while in Japan. (Verbatim: "I did have a cup of tea in the morning. So I kept to that.")

5. She brought back various Japanese teas, including Pokemon-themed tea, as souvenirs. (Verbatim: "I did bring back some other kinds of tea. I will show you pictures of those. I got myself some Pokemon tea.")

6. She enjoys food with cute packaging, particularly biscuits, and bought many for their appearance. (Verbatim: "they come in the cute packaging so i am a sucker for that so i bought it")

7. She wants to improve her Japanese language skills after struggling to communicate during her trip. (Verbatim: "one thing i do want to do... is definitely improve my japanese i felt bad because like first getting nihongo joe's dude hurts")

8. She had an awkward experience at a maid cafe bar in Japan where the staff didn’t speak English. (Verbatim: "accidentally going to that his desk maid cafe bar that was awkward... those maids didn't speak the tiniest bit of english at all")

9. She had a difficult and lonely childhood in England, especially during summer holidays, due to being sheltered and lacking friends. (Verbatim: "remember july for me it was really a sort of like a meh kind of month... being a very sheltered child that didn't have friends um i didn't go out so it was a difficult month")

10. She does not get angry or rage while playing games, even when they are frustrating. (Verbatim: "i'm never ever ever ever ever ever ever rage to the game") [end of text]



1. She has a diagnosed agoraphobia, which involves fear of uncontrolled spaces and crowds. (Verbatim: "i have agoraphobia um so i have like an official diagnosis from a doctor... it's more of like a fear of being in a uncontrolled um space like an uncontrolled space is sort of like along with but then it's also those spaces are spaces with people")

2. She was a shut-in for a period before getting professional help to manage her agoraphobia. (Verbatim: "i was a shut in for a while for a while i was a shut in i was a shut it like a official shut in um so i yeah got help so that i wouldn't be such a shut in")

3. The global lockdown during the pandemic reversed her progress with agoraphobia, which she found deeply ironic and frustrating. (Verbatim: "then i was like yeah i'm so good at being out it's like... and then obviously lockdown ended i've been like adjusting back")

4. She gets travel sickness, especially in trains, and cannot read or look at her phone while traveling. (Verbatim: "i get travel sick so i normally look out the window... i can't really read i'll feel sick because i'll travel sick")

5. She finds comfort in orderly environments and appreciates Japan’s structured crowd movement, which helped reduce her anxiety. (Verbatim: "in japan it's like natural for people to have some kind of order with their crowds... that removed a lot of stress that i would normally have with crowds")

6. She dislikes seagulls and finds them aggressive, especially in England where they steal food. (Verbatim: "seagulls are scary... they will steal your food while you eat it... they will okay like even if you're holding your food and you've got your eye on it")

7. She prefers crows and sparrows over seagulls, based on her observations during a trip to Japan. (Verbatim: "i prefer crows and sparrows to to seagulls... i encountered a lot of um crows there were a lot of crows in japan but i didn't experience any seagulls")

8. She feels guilty about walking and eating in public, particularly when she ate an ice cream cone while walking in Japan. (Verbatim: "i just felt so bad i was like walking along and i was like do it looking around like it's suspicious... i've never felt so guilty licking ice cream ever")

9. She once attempted to sing and has plans for a future karaoke stream. (Verbatim: "my attempts to sing i know i owe you a karaoke stream i do owe you all a karaoke stream")

10. She considered doing an ASMR stream but is unsure what it would involve. (Verbatim: "perhaps one day an asmr stream maybe maybe i i don't know i still don't know what the heck one would do") [end of text]



1. She climbed Mount Fuji during a trip and reached the summit despite severe weather conditions. (Verbatim: "I climbed Mount Fuji during my trip... I did it I did it I got a stick to show you as well to prove it")

2. She attempted to climb Mount Fuji at night to see the sunrise but encountered a storm with 60-70 km/h winds, rain, and freezing temperatures. (Verbatim: "I left the hut at like midnight... it was freezing and I was like yo what happened")

3. She ignored a warning from a guide at the final station advising climbers to wait due to dangerous weather. (Verbatim: "The guy stopped me... we advise you wait until past sunrise... I was like okay I'm gonna do it")

4. She has a fear of vomiting in public, especially during intense physical experiences. (Verbatim: "My only thought during that entire ride... don't you dare throw up Elliot don't throw up")

5. She once rode an attraction that caused motion sickness, leading her to close her eyes, scream, and cry throughout. (Verbatim: "I closed my eyes for the entire ride while screaming and and crying")

6. She considers herself expressive and is currently using a temporary VTuber model. (Verbatim: "You got more expressions to come because this is a temp remodel")

7. Her debut as a VTuber is upcoming and will happen as soon as her permanent model is ready. (Verbatim: "The next exciting event... coming soon... it will be my debut")

8. She plans to create comedy skit shorts featuring herself and a character named Eleanor after debut. (Verbatim: "I'd like to do shorts where it's more like little comedy skit kind of things which should be like between me and Eleanor")

9. She is unable to record content ideas until her permanent model is ready, which she finds frustrating. (Verbatim: "It's really frustrating to not be able to record any of that... I just have my list of ideas that just sit there")

10. She values kindness and self-care, emphasizing that viewers should take care of themselves over watching her stream. (Verbatim: "Rule number zero is be kind and rule number one is take care of yourself okay that's the priority here") [end of text]



1. She used to enjoy singing and making up songs as a child but was frequently told to be quiet by family members. (Verbatim: "i actually used to like singing a lot as a kid... i just remember always getting told off by papa ellia mama ellia ellie bros being like shut up")  
2. She lacks confidence in singing, especially non-choir songs, due to being discouraged in childhood. (Verbatim: "singing is something i'm not confident or i've not been confident in... being like shut up i'm like damn i need to i need to get better")  
3. She was a member of a choir and identifies as a soprano. (Verbatim: "i was in choir... i'm a soprano")  
4. She plans to debut as a VTuber once her model is ready, though she feels restricted in her current form. (Verbatim: "the debut is pretty much gonna be whatever the heck i can get my muscle so it's ready")  
5. She intends to stream twice daily at 9 AM and 9 PM British Summertime once her schedule stabilizes. (Verbatim: "i actually stream twice a day on average i like to stream once at 9am british summertime and then again at 9pm british summertime")  
6. She is working on overcoming her anxiety about singing in front of others. (Verbatim: "i'm practicing but i still feel worried when i do sing like i'm like what if someone hears")  
7. She owns a dog that her older brother, referred to as "Ellie bro," took care of while she was away. (Verbatim: "i had ellie bro look after my dog while i was gone")  
8. She has a habit of procrastinating on unpacking and laundry despite needing to do so. (Verbatim: "my suitcase is literally over there um with just my clothes in it... i just don't want to")  
9. She is planning a 33-hour endurance stream, which she jokingly refers to as a "don't-a-thon." (Verbatim: "i'm going to make it a don't-a-thon yes yes yes yes yeah it's a negative don't-a-thon")  
10. She recently returned from Japan, which has affected her sleep schedule due to jet lag. (Verbatim: "my jet lag is is i can i don't know my jet lag's a mess i don't really know how jet lag like which time zone i'm in") [end of text]



1. She recently returned from a trip to Japan, which left her extremely tired and feeling ill upon return. (Verbatim: "i felt all like shiverish and yeah i wasn't maybe i'm just maybe this is just like exhaustion because i'll be honest oh gosh like japan it was very as amazing and wonderful as the place it is i was very very very very very very very very tired")

2. She visited multiple locations in Japan, including Tokyo, Osaka, Kyoto, Kinosaki, and the area around Mount Fuji with Lake Kawaguchi. (Verbatim: "so i went to um tokyo of course i went to tokyo i went to osaka i went to kyoto and i went to this lovely like more rural place known for its onsen called kinosaki")

3. She climbed Mount Fuji despite bad weather, choosing not to reschedule her hut reservation. (Verbatim: "but sometimes if you want to climb when the weather's bad you can like change it but i still climbed it anyway because i thought i don't want to rearrange my hut")

4. She finds large crowds and people recording in public spaces stressful, especially in places like Shibuya Crossing and the bamboo forest. (Verbatim: "one thing i did struggle with um was that like there's even though the crowds are like organized it is still a lot of people like going outside and seeing so many people you know so many and i've never seen so many people with heckin cameras and recording")

5. She plans to do a future “Japan talk stream” with a photo presentation about her trip. (Verbatim: "the plan is to do like a big a big japan powerpoint um thing where i go through all the photos")

6. She bought a Figure Rise Standard model kit instead of a robot, specifically choosing a girl figure. (Verbatim: "i ended up not buying a robot i bought um the the builder what you call it um what's your name it wasn't it wasn't the robot it was the girl instead")

7. She visited the Gundam Base in Daiba and saw the life-sized Gundam statue. (Verbatim: "oh daiba where i gotta see um one of the big one of the big gundams and i went to the big um a really really really cool gundam store there")

8. She purchased a box of Pikachu-shaped cookies from the Pokémon Center to make with her audience in a future stream. (Verbatim: "i got a pack i got a box of these got a box of these for us all to make together")

9. She won a Dragonair plushie from a crane game in Japan, describing it as a “pity win” after staff placed it near the edge. (Verbatim: "i got what's her name dragon air dragon air i got dragon air i'll be honest most my wins from the crane games are pity wins")

10. She has difficulty winning crane games for plushies or figures she really wants, but succeeds more easily with smaller or edible prizes. (Verbatim: "apparently if it's like small or edible i'm okay but if it's like a figurine or a plushie that i really want it's a no") [end of text]



1. She collects figurines of characters she likes, particularly from the game Umamusume. (Verbatim: "ones of characters i like or crane games turns out i've got a lot of umamusami characters now")

2. She owns at least three Megamin figurines and resists buying more despite strong temptation. (Verbatim: "i had to hold myself back on i wanted to buy megamin figurines because i have three")

3. She has a collection of anime-themed mugs and glasses, including Corner Silver and Yorekamp merchandise. (Verbatim: "i bought a corner silver mug and the corner silver glass and i also bought a lot of yorekamp stuff and some jujitsu kaisen")

4. She owns a high-quality, expensive Japanese kitchen knife which she intends to care for properly. (Verbatim: "i got a fancy japanese knife... i'm gonna look after this i'm gonna look after this so that knife is gonna get taken care of nicely because it was expensive")

5. She previously owned poorly maintained knives that were kept in a drawer and washed in the dishwasher. (Verbatim: "they're in pretty terrible condition... they're in awful condition which is why i'd rather just use the scissors")

6. She tried high-quality wagyu beef in Japan and found it exceptionally delicious. (Verbatim: "i did try wagyu like the nicest wagyu i could find um it was so nice so yummy it was so it was it was like nothing i'd eaten before")

7. She has difficulty reading Japanese and relies on Google Translate, which sometimes fails to provide accurate translations. (Verbatim: "i tried to use google translate on these little labels but it didn't work... it came up with the most random words")

8. She visited Kinosaki and stayed in a traditional Japanese inn (ryokan), where she ate unfamiliar traditional food without knowing what it was. (Verbatim: "when i went to kinosaki i stayed in a ryokun so like a traditional a traditional inn and i got to have um traditional japanese")

9. She prefers Coca-Cola over alcoholic drinks and avoids drinking to prevent hangovers during travel. (Verbatim: "i really like coca-cola... i felt like if i drank i'd be hung over the next day and then i'd be sad")

10. She does not take photos of food habitually, often eating first when hungry, especially with non-anime themed meals. (Verbatim: "i'm not in the habit of taking photos so i'll like eat it and be like wait a second") [end of text]



1. She has a grandmother named Nana Elia, whose birthday occurred while she was away. (Verbatim: "i gotta see nana elia because i it was nana elia's birthday while i was away")  
2. She has a mother referred to as Mama Elia. (Verbatim: "i gotta see mama elia etc um so there's that")  
3. She climbed Mount Fuji during her trip to Japan. (Verbatim: "i got a super special charm from the top of mount fuji which i'm hoping has extra luck because it's from the top of mount fuji")  
4. She is prone to jet lag when traveling. (Verbatim: "i didn't figure i'd be so jet lagged or catch some that weird flu cold thingy")  
5. She caught a cold or flu during her trip to Japan. (Verbatim: "i got a little sick so that's sad")  
6. She visited Kyoto and went to the red gates (Fushimi Inari Shrine). (Verbatim: "i went to the red gates in kyoto and got um got a fortune there as well")  
7. She enjoys collecting omikuji (fortune slips) and has gotten multiple during her trip. (Verbatim: "i'm a sucker for getting fortunes")  
8. One of her fortunes said she should carry something yellow for good luck. (Verbatim: "carry something yellow for good luck i've not carried around anything yellow")  
9. She owns a banana plushie that she bought at Nintendo World. (Verbatim: "i got a banana plushie um actually it's in the box that i need to unpack it's one of the things that i i posted back to myself")  
10. She won a giant white fluffy dog plushie from a crane game on her first try. (Verbatim: "i won it first try okay that one i was like it was meant to be") [end of text]



1. She has a dog that steals socks, tights, and underwear. (Verbatim: "she is one to steal socks tights underwear yeah she's a thief she's a big thief")
2. She once gave a PowerPoint presentation on child labor in primary school that failed due to a technical error, causing her to cry. (Verbatim: "i basically had to set i set each image to like appear on the screen and then disappear... there was a big picture of a canary in the middle and wait and then i i remember i gave up my presentation and cried")
3. She recently returned from a trip to Japan lasting just over three weeks. (Verbatim: "i've not streamed in like almost a month and i've been in japan so yeah")
4. She walked between 15,000 to 20,000 steps per day on average while in Japan. (Verbatim: "on average my step count was like between 15 to 20 000 steps a day")
5. She visited TeamLab, an immersive art experience in Japan involving mirrors and lights, where visitors go barefoot. (Verbatim: "i went to this thing called team labs which was like this uh immersive art experience... you go around this whole art thing barefoot as well")
6. She saw adult and baby pandas at Ueno Zoo in Japan. (Verbatim: "i went to umanoo zoo and they have quote baby pandas... i gotta see the adult pandas for like ages")
7. She ruined a pair of favorite shoes during her trip due to rain and failed attempts to clean them. (Verbatim: "my shoes got really wet... tried to wash them and nah like it it wasn't worth they're pretty cheap shoes so i got new shoes")
8. She enjoys wearing oversized anime t-shirts and thigh-high socks. (Verbatim: "i'm wearing oversized anime t-shirt right now... i bought some a bunch of thigh high socks yes")
9. She bought many cute socks during her trip, which her dog tries to steal. (Verbatim: "i bought so many socks i bought a lot of socks by the way... she tried she keeps trying to steal the little white frilly one")
10. She plans to create a presentation or video about her Japan trip, possibly in a Movie Maker style. (Verbatim: "i'll make sure that this presentation about japan doesn't end up like my child labor presentation... i don't know whether to make it movie maker styled") [end of text]



