1. She enjoys eating chocolate cereal, specifically a type similar to Coco Pops but with a different shape. (Verbatim: "They're like Coco Pops, but different shape, I don't know what they're called.")
2. She once ate cereal with a tiny teaspoon because she didn’t have a tablespoon. (Verbatim: "I had to eat it with a tiny, tiny, tiny teaspoon.")
3. She has a collection of Mario-themed dessert spoons and forks from Universal World Japan. (Verbatim: "They're mario themed and from universal world japan.")
4. She finds the variety of cutlery in formal dining settings confusing and overwhelming. (Verbatim: "there's a whole science apparently and i'm clearly not posh so")
5. She uses a cocktail fork for dessert, though she acknowledges it may not be the correct utensil. (Verbatim: "i'm using the cocktail fork for my desserts")
6. She has a habit of licking the bowl after eating ice cream, which her parents previously scolded her for. (Verbatim: "i used to always lick the bowl of ice cream and i used to always get told off by my parents")
7. She believes that using the outermost cutlery first and working inward is the correct way to use formal utensils. (Verbatim: "you work your way from the outside in in terms of the cutlery that you use")
8. She has a collection of small, tiny dessert cutlery that she considers "fancy" despite their small size. (Verbatim: "they're really well made basically like they're not like light or anything they're actually quite heavy")
9. She finds it strange that there are so many different types of forks and spoons for different foods. (Verbatim: "why are there so many different forks what is what does this all mean")
10. She once overheard a joke about someone eating dessert with a soup spoon, which intrigued her. (Verbatim: "and then he ate his dessert with the soup spoon") [end of text]



1. She is a British VTuber who streams on YouTube. (Verbatim: "hi i'm ellia stellaria i'm british vtuber from youtube that has been multi-track drifting")
2. She has been streaming on Twitch for one week. (Verbatim: "i've been on twitch for a week now and i stream twice a day")
3. She streams twice daily and currently focuses on chatting about anime. (Verbatim: "i stream twice a day i'm doing a satsu slash just chatting about anime at the moment")
4. She identifies as a celestial messenger, not a goose. (Verbatim: "these are celestial messenger wings i'm a celestial messenger not a goose")
5. She finds certain anime with excessive cringe deeply uncomfortable and emotionally affecting. (Verbatim: "i couldn't bring myself to watch it hurt me i tried watching it i got quite through it but my goodness it hurt it hurt it hurt it hurt me too much")
6. She has difficulty watching anime that heavily feature cringe or awkward social dynamics due to personal emotional resonance. (Verbatim: "maybe it just hit too deep like of my own experience of being cringe and oh i don't know")
7. She is sensitive to emotionally intense or painful anime themes, particularly those involving betrayal or misunderstanding. (Verbatim: "i'm not ready for pain um yeah um oh your brain went to blade runner i guess it could go")
8. She enjoys discussing and analyzing winter 2024 anime with her audience. (Verbatim: "we're discussing anime of winter 2024 we are just about to get to um get to a very interesting one")
9. She appreciates when anime resolve conflicts through direct communication rather than unnecessary drama. (Verbatim: "it was just nice and like it was it was just nice and reflective of like you know it's not unnecessary drama basically")
10. She has a strong preference for character development and meaningful progression in stories. (Verbatim: "but it's bearable because i think the progress of the character is like it's like enough to be like okay this is cringe and it hurts and it's awkward right now but he is improving and he's trying") [end of text]



1. She has watched approximately 500 different anime series, not including shorts or rewatches. (Verbatim: "i've watched about 500 different anime series um not including shorts and not including rewatches")
2. She enjoys watching isekai and shoujo genre anime, which she considers her guilty pleasures. (Verbatim: "my guilty pleasures mine is isekai trash and shoujo trash")
3. She is particularly fond of sports anime, finding them motivational even if she doesn't understand the sports. (Verbatim: "i really really really like anime um so yeah i guess i just need to provide like an actual annie list")
4. She has a strong preference for the anime *Free!*, which she currently watches as part of her YouTube membership. (Verbatim: "free run is our current like youtube membership watch along")
5. She highly recommends *The Apothecary Diaries* as a must-watch anime. (Verbatim: "i love um i recommend both of these these are definitely very very very good anime that i do recommend")
6. She finds it difficult to focus on sounds, particularly due to poor hearing. (Verbatim: "i feel like my ears aren't very like good at picking up sounds okay and i just can't like so")
7. She is uncomfortable with fan service-heavy anime, especially those with excessive or inappropriate content. (Verbatim: "i just wish the fan service was just like not channeled all into that one character")
8. She has experienced awkward parental encounters while watching anime, particularly during sensitive scenes. (Verbatim: "my parents walking in and just just a lot of disappointment i think um i think there's a lot of disappointment from from there")
9. She once watched *How Not to Summon a Demon Lord* on a projector, leading to an embarrassing moment when her parents walked in. (Verbatim: "i was like near the end of the season of this show where like we're like i can't even remember what exactly they were doing but there was like this cat girl")
10. She has watched *Fire Force* and found its fan service problematic, especially during scenes involving bath or clothing removal. (Verbatim: "there was one scene where like she falls and like the main guy's hand ends up under her under her bra or something") [end of text]



1. She is half English and half Asian. (Verbatim: "i'm half english half asian so you know like i don't know it's it's something no one ever they never address anywhere")
2. She was born in Germany. (Verbatim: "i was born in germany like i don't know")
3. She grew up in a small English village. (Verbatim: "i went i grew up in a small english village okay")
4. She experienced racial discrimination due to her mixed-race identity. (Verbatim: "i've been told to like you know go home and i'm like where i'm half like you want to cut me in half and send me like half to asia half to england")
5. She has faced comments about her appearance, including being told she is "not pretty" but "interesting" because of her mixed race. (Verbatim: "you're not you're not pretty it's you just look interesting because you're mixed race and i'm like where did that come comment even come from")
6. She identifies more with British culture due to growing up in England. (Verbatim: "i personally consider myself more on the british side because i grew up in england you know um")
7. She has experienced racism from people who were unaware she was half Asian. (Verbatim: "there's been a lot of times where people have been like racist towards like asians and not realize that they'd be speaking to me who is like half asian and i'd call them out a lot")
8. She has been teased in school for having dark hair while most other children had blonde or light brown hair. (Verbatim: "i'm the country bumpkin and in the country in the country country is very white in england i must say um i got that main character white hair yo")
9. She owns a white fluffy Samoyed dog. (Verbatim: "i have a dog i have a beautiful cute little cute little dog a white fluffy samoyed")
10. She enjoys watching Blue Lock while working out at the gym. (Verbatim: "i actually watch blue lock is safe to watch okay like blue lock is what i watch when i'm at the gym um yeah") [end of text]



1. She is British. (Verbatim: "even though i'm british")  
2. She has never played GTA due to strict parenting regarding age ratings. (Verbatim: "i've never played gta i was never allowed to play gta growing up my parents were very strict on on um age ratings")  
3. GTA 5 is high on her to-play list. (Verbatim: "i will play it one day and it'll be great it'll be fun i'm very like that is that is very much high on my to play list")  
4. She is new to Twitch, having started streaming last week. (Verbatim: "i only started streaming on twitch um last week so i don't know how fast one can get partner")  
5. She finds Twitch to be a welcoming and kind community despite initial fears. (Verbatim: "i was told that twitch was a scary place but so far my one review quickly before i go of twitch is twitch people have been very nice and have been very lovely")  
6. She is afraid of horror games and needs emotional support while playing. (Verbatim: "please hold my sweaty scared hand while i play lethal company i'm a certified w-i-m-p")  
7. She struggles with direction in games and relies on chat for guidance. (Verbatim: "i have no sense of direction um i need chat to be my compass for those games")  
8. She enjoys watching anime and values chat interaction during anime streams. (Verbatim: "thank you for chatting anime with me it makes me so happy thank you")  
9. She dislikes saying "bye-byes" because they feel too sad. (Verbatim: "no they're sad bye-byes are too sad so i would like to say see you later okay")  
10. She prefers ending streams with "see you later" instead of "bye-bye". (Verbatim: "so i would like to say see you later okay") [end of text]



1. She has a dog who uses a toy box and shows selective behavior in choosing toys. (Verbatim: "my dog genuinely has like this little toy box okay where she keeps all her toys and she is so cute she will literally go up to it and like use her little like face and like you know go for it to pick out the toy that she's looking for")
2. Her dog has been found hiding underwear in her toy box, suggesting intentional concealment. (Verbatim: "i found one bit of underwear in there and i was like girl when have you been building some and the thing is it's not even like placed on top it's very clearly like hidden at the bottom like like very clearly like with purpose hidden down")
3. She previously worked in a company with outdated systems, including reliance on paper records and Excel spreadsheets. (Verbatim: "i worked in well i was working in it for this company and what's funny is a lot of companies a lot of companies are like what you call it really really really really behind in terms of like how they set up their systems")
4. She helped implement a ticketing system at a company that previously used email to track bugs. (Verbatim: "i had to help set them up on like a ticketing system and then what was funny was the reason why the next company that i worked for um like really wanted me because they were had the same issue")
5. She worked at a company where data was stored on paper in cupboards and a storage unit, making retrieval difficult. (Verbatim: "they had like oh my goodness it was like it was like a wall a wall of just like these cupboards and in all these cupboards was just like these paper just all this paper document all their data was like stored written down in paper with terrible handwriting")
6. She finds overly complex systems and processes frustrating, especially when they are fragile and prone to breaking. (Verbatim: "it was linked to a specific cell on a specific sheet but if someone touched it it would break the whole system and it just kept breaking like it was terrifying")
7. She is currently developing a new skill related to Twitch affiliate and partner systems. (Verbatim: "i just developed a new skill new skill like yeah this person was like this explains why you're never on my feed anymore and i was like i'm never on your feed")
8. She has a YouTube membership system with two tiers: one for remotes and another for access to her public diary. (Verbatim: "i have two tiers on youtube i have one just remotes and one for like if you want access to my very public diary")
9. Her YouTube membership tiers are misnamed, and she has no intention of fixing them. (Verbatim: "my tears on youtube are completely misnamed um and i'm never going to fix it so we have stellar stamps and yeah which is supposed which was supposed to be the emotes")
10. She is planning a Twitch affiliate celebration with a special founder badge for the first 10 subscribers. (Verbatim: "i'm gonna open it up on stream and you guys will just have to i don't know fight or something like i don't know how you go you just gotta you just gotta fight for that special badge i guess") [end of text]



1. She originally studied science in school. (Verbatim: "you know i was originally in the science isn't too far off it but i did i didn't take anything it back in like school originally")
2. She was capable with computers from a young age. (Verbatim: "i've always been capable of computers so i just didn't take it because i was like well that just sounds like a waste of my time")
3. She did not take computer science in school because she felt it would be a waste of time. (Verbatim: "i just didn't take it because i was like well that just sounds like a waste of my time me being a kid being like i'll just do something that can actually teach me instead of you know doing stuff i already know how to do")
4. She worked for a large, worldwide corporate company that still uses paper systems. (Verbatim: "mama elia works for a company that's like big big big like worldwide corporate level company is like you know and they still use paper systems like it's insane")
5. She finds it absurd that a large global company still relies on paper-based systems. (Verbatim: "they still use paper systems like it's insane like they still do everything via paper and i'm just like that company should not should not be using paper")
6. She has worked at small, niche technology companies that were unexpectedly outdated. (Verbatim: "these were like um yeah i guess they were technically like small companies in very very obscure niche areas um but i do know um what is it so mama elia works for a company that's like big big big like worldwide corporate level company")
7. She struggled with using Microsoft Access in her first office job. (Verbatim: "getting your first office job and being and then being like here's access and you're like we're a sequel what the heck is this why does it hurt to use")
8. She finds job descriptions misleading and often exaggerated. (Verbatim: "they'll always set a job spec to be more than what the actual job is the job is probably going to be much easier than the job spec")
9. She believes recruiters in England often write job specs that are unrealistic to attract overqualified candidates. (Verbatim: "in England the reason this happens is because companies will hire someone else to make the job spec basically they'll get recruiters")
10. She has worked with employees who lied about their qualifications and could not perform basic math. (Verbatim: "i've worked with people that have somehow got into a company and got a job and lied all their way through it but the problem with that is the genuinely couldn't do the job") [end of text]



1. She has a younger brother who was not hired for a job despite having similar skills. (Verbatim: "my little brother was looking for a job... they didn't hire my brother because of his personality")
2. She trained to adopt an extroverted personality for job interviews. (Verbatim: "i trained very hard to become to well no to to get a people person personality to use for such situations")
3. She identifies as naturally quiet and describes herself as "wet lettuce" in personality. (Verbatim: "i am also wet lettuce normally i just have to bring out the other personality")
4. She finds the job interview process unfair to quiet individuals. (Verbatim: "it's very unfair to quiet people you know like yeah yeah you got to bring out the crispy lettuce")
5. She has a degree and accumulated student loans from university. (Verbatim: "i spent years at university got my student funds student loans and all sorts")
6. She once got a job by discussing pizza during the interview. (Verbatim: "one job i got through talking about pizza")
7. She got another job by discussing Smash Brothers and Nintendo. (Verbatim: "another job i got was talking about um what you call it um smash brothers nintendo")
8. She is familiar with the concept of "overhype" and is cautious about it when watching anime. (Verbatim: "my worry is um yeah overhype overhype is my worry where you set your expectations high")
9. She reads light novels and enjoyed the original memoir of Solo Leveling. (Verbatim: "i read the memoir of it um which i really enjoyed")
10. She uses popularity charts to decide which anime to watch. (Verbatim: "i use any chart by the way if you're wondering what i look at to decide or what anime to look at") [end of text]



1. She enjoys watching anime and uses her desire to binge-watch as a measure of an anime's quality. (Verbatim: "it's whether i am desperate to watch the next episode and just they're like oh my god i want to like watch more give me more like that kind of feeling")
2. She has a strong preference for standalone anime adaptations that don't rely on prior knowledge of source material. (Verbatim: "i don't want it to be one of those anime that's like a supplement to the manhwa you know i want it to be like a standalone thing")
3. She has read the light novel series *Classroom of the Elite* and found it engaging despite the anime adaptation's limitations. (Verbatim: "i very much enjoyed the light novels i've read i've read all of the first year of the light novels and i need to read it's really annoying")
4. She finds the light novel format easy and enjoyable to read, comparing it to "yummy little snacks" rather than heavy meals. (Verbatim: "they're really really light to read like genuinely um there's no i'm i mean i like i like to read a lot and then compared to like a lot of other books genuinely feel like like yummy little snacks")
5. She has visited onsen in Japan and experienced the strict no-clothing rule in changing rooms. (Verbatim: "i've been to um onsens in japan where you have to get like they have these signs being very clearly like you must you must not wear any clothes")
6. She finds the experience of being the only person in an onsen unsettling due to others leaving abruptly. (Verbatim: "my experience was going into like the changing room for the onsen was everybody left everybody heckin left i was like am i scary nande nande why")
7. She is familiar with the manhwa *Tower of God* and considers it superior to its anime adaptation. (Verbatim: "i love tower of god tower of god i i adore tower of god like the mama so so so so so much")
8. She believes the anime adaptation of *God of High School* was confusing for new viewers who hadn't read the source material. (Verbatim: "i was like i'm just so i get confused like this makes no sense to me")
9. She appreciates the visual imagery in anime for helping her visualize light novels when reading them. (Verbatim: "if you watch season one and you go back and then read the light novel it's it's so much easier to read with those images from the anime in your head")
10. She has a particular interest in adaptations of light novels and manhwa, especially those with significant changes from source material. (Verbatim: "i think um yeah the monologues don't exist in the anime so it would be cool if if this third season turns out good") [end of text]



```
She enjoys watching and discussing anime, particularly those with exaggerated or ridiculous elements. (Verbatim: "it's definitely a fun watch i'd say um if you're looking for something a bit more on me")
She has visited the actual Harry Potter studio in England. (Verbatim: "i've been to the actual set so i've been to the one in england")
She finds the Japanese recreation of the Harry Potter studio to be impressive, though not filmed there. (Verbatim: "they had recreated the entire like um the entire set like the entire like experience like they recreated the")
She is familiar with and has strong opinions about the Harry Potter franchise, including its cultural reception in different countries. (Verbatim: "it's such a english thing i don't know i know it's quite big in other countries but it was mahusive here in england")
She appreciates anime that parody or exaggerate reality, especially with over-the-top action. (Verbatim: "don't go in expecting any form of like what you call it like realism um in terms of muscles can't do that")
She dislikes negativity and unconstructive criticism, especially when it's unwarranted or mean-spirited. (Verbatim: "please take your negativity elsewhere what's the point what's the heck in point like nah like like for real i don't understand")
She has a strong reaction to content involving forced servitude or slavery themes in anime. (Verbatim: "wait is it the man that's the slave like yeah what spice we talk in are we talking like just a little ecchi or bordering on um heat")
She finds anime with food-centric themes and intense descriptions to be unique, particularly Food Wars. (Verbatim: "food wars is unique in its food descriptions um yeah because it's it's a few different i feel like i could do like a whole talk about all the different kind of food animes")
She is interested in anime that blend comedy, adventure, and unexpected twists, such as the one involving eating monsters. (Verbatim: "it's food orientated with fights and comedy um if you have something not nice to say you don't have to say it")
She has a preference for anime that avoid overly edgy or problematic themes, especially those involving coercion. (Verbatim: "i guess i stay away from this one this one sounds um wait is it the man that's the slave like yeah what spice we talk in are we talking like just a little ecchi or bordering on um heat")
She values authenticity and realism in storytelling, though she enjoys absurd or exaggerated narratives when they're intentional. (Verbatim: "don't go into expecting any form of like what you call it like realism um in terms of muscles can't do that")
``` [end of text]



1. She enjoys shoujo romance anime set in college rather than high school. (Verbatim: "it's quite nice to have shoujos that aren't based in high school and this one's based in college which is much nicer for me to watch")
2. She has a strong preference for isekai anime with unique premises, especially those that avoid generic tropes. (Verbatim: "I'm a sucker for isekai so you know i'd be down for a whole isekai anime about um about the oji-san's adventure")
3. She finds the concept of a hero rejected for being "ugly" in an isekai world to be both surprising and potentially humorous. (Verbatim: "the goddess of the realm takes this opportunity away from him when she deems him to be ugly what that's so weird")
4. She appreciates anime that subvert expectations, such as a mature character returning from an isekai with lingering powers. (Verbatim: "he genuinely still has his isekai magic powers um they set up a youtube channel")
5. She is critical of generic isekai tropes, particularly the harem route. (Verbatim: "whether it just goes into traditional um harem route or whether it becomes a good isekai")
6. She uses food metaphors to describe her perception of anime quality, comparing weak isekai to "average burger" despite good packaging. (Verbatim: "the premise could be like the box it comes with where the concept is really good and it looks really great but then you open up the box and the food's kind of like your average burger")
7. She finds the idea of a non-romantic, all-female cast in a romantic comedy appealing. (Verbatim: "wait is this a harem? is this just one guy and these three girls? wait gosh they really don't show this guy in anything")
8. She has watched and enjoyed *Isekai Oji-san*, finding its premise and humor entertaining. (Verbatim: "I recommend isekai jisan it's quite good because like yeah they treat him like like it's it's very interesting")
9. She values anime that portray realistic adult life stages, such as college, over idealized high school settings. (Verbatim: "I spent school studying like crazy and then college I always prioritize studying as well")
10. She is drawn to anime with strong emotional or romantic development, as evidenced by her reaction to a pure love story. (Verbatim: "Okay, it makes my heart go doki doki I'm gonna, yeah I will see") [end of text]



1. She has traumatic memories associated with gyaru girls from her school years. (Verbatim: "they trigger some kind of like you know trauma from being bullied in school so")
2. She experienced bullying during secondary school. (Verbatim: "they trigger some kind of like you know trauma from being bullied in school so")
3. She avoided returning to her old school environment and moved to a college two hours away to start fresh. (Verbatim: "I picked one that was like two hours away so I wouldn't have to be near or you know sort of start afresh from from secondary school")
4. She attended college at age 17–18, which she refers to as the period after secondary school. (Verbatim: "it's like the last two years of high school I guess like the ages are like 17 18")
5. She worked part-time jobs starting at age 16, earning her own money. (Verbatim: "you can get a job from 16 in England so I was earning my own monies I was working a lot")
6. She saved money during the summer to buy a new wardrobe because she didn’t have any clothes when she started college. (Verbatim: "I remember saving a lot of money in the summer to get a wardrobe of clothes because I didn't have any")
7. She wore a uniform during secondary school but not during college. (Verbatim: "secondary school you have to wear a uniform typically but college like or senior high school I guess for you guys you get to you you wear whatever you want")
8. She enjoyed wearing cute outfits in school, particularly thigh-high socks with bows and cute dresses. (Verbatim: "my go-to outfit for school was these cute little socks these cute little thigh high socks with these little bows and these cute dresses")
9. She finds the "gyaru" aesthetic triggering due to past bullying experiences. (Verbatim: "they trigger fear in me from like from like school they just they just trigger some kind of like you know trauma")
10. She has a strong preference for wholesome, non-edgy anime with sweet character interactions. (Verbatim: "it's just really sweet it's very wholesome it's about like this shy guy getting flustered and this popular girl that likes to and their little interactions") [end of text]



1. She plays support in League of Legends. (Verbatim: "I play support in league of legends but when it comes to like um what do you call it um final fantasy 14 I can't")
2. She finds the healer role in Final Fantasy XIV too stressful due to high responsibility. (Verbatim: "I can't do the healer role it's it's too much pressure too much it's too much pressure for me")
3. She enjoys watching anime and has a preference for stories with strong character development. (Verbatim: "for me I think I put a lot of um weight on the story and whether i like the characters that kind of thing")
4. She is not very invested in action-adventure anime unless the story and characters are compelling. (Verbatim: "for me i think i put a lot of weight on the story and whether i like the characters that kind of thing")
5. She values honesty and dislikes deception, especially in relationships. (Verbatim: "i don't like being dishonest um i'm gonna i'm gonna you know clean to her and be honest with her")
6. She has a soft spot for the anime *Noragami* and particularly likes its opening theme. (Verbatim: "do i like noragami oh i love noragami yo the noragami opening")
7. She enjoys watching anime while eating, which affects her viewing speed. (Verbatim: "my speed at which i watch anime is limited by how much i eat because i like to eat and watch at the same time")
8. She appreciates anime that handles misunderstandings with honesty rather than drama. (Verbatim: "it was just it was just cleared up and i was like yay like")
9. She finds the concept of "isekai" worlds compelling, comparing her visit to Universal World Japan to an isekai experience. (Verbatim: "when I went to Universal World Japan it did feel like an isekai like I've been teleported to like a whole different world")
10. She has a daki makura (cushion) bag that she uses, which she jokingly refers to as a "coffin" in a fantasy context. (Verbatim: "it's actually my daki makura bag so yeah i mean i guess i could give it the three episode treatment") [end of text]



