1. She has a playful, self-aware persona that embraces being called a "silly goose" despite claiming to be serious. (Verbatim: "I am not a silly goose. I am never a silly goose.")
2. She references having an "old face" used by fans in chat, indicating a prior visual design. (Verbatim: "Which seems to be my old face...")
3. She humorously denies being a mother despite fans referring to her as "mommy" and calling her goslings. (Verbatim: "I'm not mother material, I'm not mother material.")
4. She has a recurring experience with food delivery apps showing "oops sorry lost your driver" notifications. (Verbatim: "every time i order food i always get the same notification of oops sorry lost your driver")
5. She has a close relationship with another VTuber named Roro, who is currently moving. (Verbatim: "Roro's in the process of moving to me. Clearly just for me obviously.")
6. She uses a schedule template from Roro but faces compatibility issues with it. (Verbatim: "I got problemos with it so I might have to use my old one for the moment for this week")
7. She enjoys referencing and incorporating internet culture and memes, such as "Rick Rolling" and "girl boss" tropes. (Verbatim: "I'm the boss I'm the boss me me I'm the boss I'm boss do I not give off girl boss energy")
8. She is aware of and has considered implementing a "throw objects at me" feature on Twitch for donations. (Verbatim: "set up the thingy for throwing stuff at me on twitch")
9. She has a sense of humor about her own role as a "manager" and "HR" in a fictionalized workplace setting. (Verbatim: "I'm the HR. I'm the HR. It's me. And I'm the manager. And I'm me.")
10. She references the concept of imprinting in animals and humans, showing interest in animal behavior. (Verbatim: "imprinting occurs in a lot of animals, and actually imprinting does occur in humans the same way...") [end of text]



1. She has a deep appreciation for kindness and positivity, which she associates with her own persona. (Verbatim: "your commitment to kindness and positivity has moved me your persona is one of the sweetest the most comforting i know so i wanted to give back")
2. She grew up in a household where financial constraints limited birthday celebrations. (Verbatim: "they just never really had money this time of year")
3. Her birthday gifts as a child typically ranged from £20 to £50, with some years having no gifts at all. (Verbatim: "if I was being really fortunate about 50 pounds some years less some years like 20 pounds and other years would just be nothing")
4. She recalls being excluded from joint birthday parties despite sharing a birthday with classmates. (Verbatim: "they didn't want to invite me because they said that like oh you know we know it's your birthday so we don't want to like have you celebrate our birthday")
5. She experienced loneliness during birthdays, as others did not want to include her in their celebrations. (Verbatim: "birthdays were lonely i've said before a lot of kids in my class always had um always had birthday")
6. She did not receive birthday presents consistently and sometimes believed gifts were not ordered despite being promised. (Verbatim: "I'd say I'd say like the amount that they would spend would be about if I was being really fortunate about 50 pounds... some years less... other years would just be nothing so")
7. She values time spent with her audience more than material gifts, considering it a meaningful form of support. (Verbatim: "just spending time with you guys is already enough you know")
8. She has a strong emotional reaction to the generosity shown during her birthday stream, finding it overwhelming. (Verbatim: "the level is just so beyond you feel like you didn't contribute enough what do you mean like i'm just happy to spend time with you guys")
9. She studied English Literature at college. (Verbatim: "i actually did english literature at college")
10. She was unaware that the word "babe" refers to a sexually attractive young woman and mistakenly believed it meant "pig" throughout her life. (Verbatim: "i genuinely just always thought it meant pig wait wait for my entire life i just thought it meant pig and i thought everyone was calling each other pig") [end of text]



1. She has struggled with self-perception and considers herself unattractive. (Verbatim: "you think you can understand why i consider myself unattractive now")
2. A film titled *Babe* had a profound emotional impact on her, causing her worldview to feel "upended." (Verbatim: "my entire life upended by a movie about a pig")
3. She was exposed to the word "babe" in primary school. (Verbatim: "i remember them putting it on in like primary school")
4. She recently experienced emotional vulnerability during a stream, nearly crying. (Verbatim: "perhaps mayhaps i'm just emotional")
5. She is planning to move out for the first time, which she views as a significant life change. (Verbatim: "i'm fucking moving out for the first time")
6. She has a strong emotional reaction to being called sexy, initially believing people meant the opposite. (Verbatim: "i literally thought they were calling me the opposite")
7. She has a deep emotional connection to her fans' messages, especially birthday tributes. (Verbatim: "tihi happy birthday ellia")
8. She values being able to make others smile, even slightly, during her streams. (Verbatim: "if I made you at least smile just like a tiny little bit during this stream I did good")
9. She is planning to cover London grime-style music in the future. (Verbatim: "within the next year i should cover some like london grime kind of song")
10. She has a history of feeling overwhelmed by praise and attention, which can be emotionally destabilizing. (Verbatim: "my world has collapsed") [end of text]



1. She is a British VTuber. (Verbatim: "my name is elias the laria a british vtuber")
2. She identifies as strong and independent. (Verbatim: "i am strong and independent yes i am indie")
3. She is part of an indie collective called V Data. (Verbatim: "v data is a group of indies independent means you're like we're we're a group")
4. She has a Christian background and references religious concepts. (Verbatim: "she she gets mad even between like catholic and protestant okay like she she she is nah she would be so mad")
5. She has a Twitter account under the handle @eliasdelaria. (Verbatim: "what's my twitter it's elias delaria")
6. She has a personal connection to the game Minecraft. (Verbatim: "she she would be so mad oh gosh oh gosh like and even then that's like the same god so imagine if like i'm not i'm not a god hello hello hello")
7. She finds silence during streams unsettling. (Verbatim: "no silence scares me i'm a streamer i have to i have to keep chatting i must yap the way of the yap")
8. She has a habit of taking long, draining naps. (Verbatim: "i was taking the ultimate day that was the most dangerous danger nap i have ever taken")
9. She has difficulty with the word "pig" being automatically corrected to "babe" in her mind. (Verbatim: "i can't get over babe not meaning pig I'm sorry my brain order corrects it to pig")
10. She is not a fan of being labeled as a cult or religious group. (Verbatim: "don't say welcome to our religious cult you punk it's not um you're gonna scare them") [end of text]



1. She went on a trip to Japan recently. (Verbatim: "I went on a trip to japan and we're just catching up on yeah um on those donors")
2. She has a manager who is kind but also somewhat strict or difficult to work with. (Verbatim: "she's kind of mean to me you know but yeah she did let me go on break recently to go to japan")
3. She refers to herself as a "goose" in a playful, self-deprecating way. (Verbatim: "a big happy birthday to the one and only goose who doesn't hiss at me when i walk by")
4. She dislikes being called "giga goose" and asks others not to use that nickname. (Verbatim: "please do not call me a giga goose okay thank you")
5. She has a strong emotional reaction to being appreciated by her fans, describing herself as "speechless" and "spoiled." (Verbatim: "i'm still i'm still speechless like from it it's been a couple of weeks and i'm still like genuinely speechless")
6. She values proper gratitude and feels it's important to give thanks in a thoughtful, unhurried manner. (Verbatim: "i wanted to make sure that it was done like properly")
7. She has been experiencing personal difficulties recently, though she does not specify what they are. (Verbatim: "for me things have been kind of tough recently like personally")
8. She is deeply grateful for her fans' support and credits them with creating the positive space she performs in. (Verbatim: "you guys create this space you guys make the space what it is")
9. She considers her passion for streaming to be growing stronger because of her fans' kindness. (Verbatim: "the reason my passion and like love for this just keeps growing and growing is because of just how kind you are")
10. She has a fondness for The Lord of the Rings, particularly the Battle of Helm's Deep. (Verbatim: "my favorite part of the trilogy actually if anyone was wondering yeah is my favorite because of the battle at helm's deep such a cool battle") [end of text]



1. She struggles with self-care and admits she is not good at looking after herself. (Verbatim: "I'm not very good at looking after myself either to be honest")
2. She often procrastinates on simple tasks like putting laundry in the machine. (Verbatim: "the laundry not even in the machine it's like next to the machine")
3. She views her personal routine as a slow, multi-step process that takes time to complete. (Verbatim: "it's a multiple day step process it just takes a while")
4. She frequently plans to do tasks "tomorrow" instead of immediately. (Verbatim: "i'll do it i'll do it i'll do it i will i will i will tomorrow")
5. She has a recurring habit of not posting her schedule until late in the day. (Verbatim: "i haven't actually posted one so i'll do that first before going to sleep")
6. She uses a playful, affectionate farewell phrase that includes "pup-pup" and "see you later" instead of "bye-bye". (Verbatim: "It's...a see you later...and a...pup-pup!")
7. She emphasizes that her departure is temporary and that she always returns. (Verbatim: "she's leaving temporarily temporarily i come back i always come back okay")
8. She enjoys a sense of shared vulnerability, referring to herself and her audience as "broken messes" trying to improve together. (Verbatim: "I'm a mess you a mess I'm broken you might be broken too let's all just be you know broken messes trying to figure out how to look after ourselves")
9. She expresses gratitude for her audience's care and support. (Verbatim: "thank you for spoiling me you are taking care of yourselves right")
10. She values collaborative effort in overcoming personal challenges. (Verbatim: "we'll work on it together we'll work on it together we'll work on it together okay like yo") [end of text]



1. She has a younger brother who is referred to as "zebra" in a playful family dynamic. (Verbatim: "okay it's been decided my little brother is now a zebra yippee a zebra zed bro")
2. She has an older brother who is referred to as "ellie bro" and is described as a millennial. (Verbatim: "older ellie bro would be millennial")
3. She identifies as a middle child in her family. (Verbatim: "i'm a middle child um i think i give off middle child energy")
4. She has a close childhood history of playing Super Smash Bros. with her brothers. (Verbatim: "basically i would always lose to ellie bro and zebra would always lose to me basically which would make sense")
5. She has experienced significant frustration from losing repeatedly in Super Smash Bros., which contributed to developing gamer rage. (Verbatim: "i think that's why i can stay so positive while playing games i just spent my most of my life losing upsettingly in smash brothers and refusing to take the pity win")
6. She does not have VR equipment due to lack of space in her current living situation. (Verbatim: "i don't really have the space for it but you know I'm not gonna be living in this place for too much longer")
7. She plans to move to a larger place in a few months to accommodate future needs like VR. (Verbatim: "i will have to sort out moving in a couple of months so yeah like I'll make sure I get a place big enough for for it")
8. She has a mother named "Mama Ellia" who is not aware of her VTuber identity or channel. (Verbatim: "my mama ellia no she cannot know of you guys she cannot know of this she cannot know of this channel")
9. She believes her mother is untrustworthy and has explicitly stated she cannot be told about her VTuber work. (Verbatim: "mama ellia is unfortunately not trustworthy but that is okay ciao ciao ciao")
10. She has a soothing voice, which has been noted by others. (Verbatim: "i've been told i have a very soothing voice yeah yeah yeah") [end of text]



1. She identifies as having a "chill" demeanor, though she perceives herself as more expressive. (Verbatim: "you guys think I'm chill right like and even in like collabs and stuff like I think it's the British side of me where I think I'm like being really like extra and stuff and you guys are like wow she's so chill")
2. She has a tendency to procrastinate and struggles with time management, often completing tasks at the last minute. (Verbatim: "if i can do things last minute i shall do them last minute the best best way i've found to get over that though is to is to genuinely try and trick yourself into into thinking it's a different um different deadline")
3. She completed a bachelor's degree in AI and Computing, which she found extremely stressful and detrimental to her health. (Verbatim: "so for me i stressed i stressed and stressed and stressed and stressed out so so so so much when it came to my bachelor's degree")
4. She performed significantly better in her master's degree in AI and Computing, attributing her success to self-care and reduced pressure. (Verbatim: "when i went to go do my master's degree i was like script script i'm just gonna i'm gonna look after myself")
5. She was valedictorian of her master's program, indicating strong academic achievement. (Verbatim: "and i did that and i didn't get as well as like do as well as i wanted so then when i went to go do my master's degree i was like script script i'm just gonna i'm gonna look after myself")
6. She believes that one cannot perform at their best when not at their best, advocating for self-care over excessive stress. (Verbatim: "you can't do your best if you're not at your best so yeah please if anyone is like overstressing themselves")
7. She views her master's degree as a way to delay entering the "real world" and avoid nine-to-five responsibilities. (Verbatim: "i didn't want to start doing that nine to five um")
8. She has a habit of falling asleep on her keyboard while working on code, leaving visible imprints on her face. (Verbatim: "the amount of times i fell asleep on my keyboard and woke up with like keyboard imprint on my face")
9. She enjoys playing Stardew Valley during her studies and considers it a form of productive rest. (Verbatim: "i'm gonna spend a lot of time playing stardew valley um")
10. She has a self-awareness about her tendency to lie to herself about future productivity, acknowledging her pattern of overcommitting before sleep. (Verbatim: "when i wake up and the new day starts i'm gonna do so much i'm gonna wake up early i'm gonna start my day with lots of energy and it's gonna be fantastic i'm gonna be so productive it's gonna be great and then you go to sleep like heck yeah heck yeah") [end of text]



1. She has extremely sensitive eyes that turn bloodshot when she naps with the light on. (Verbatim: "the worst thing that happens is have you ever had a nap with the light on... my eyes go red i wake up and my eyes genuinely go bloodshot")
2. She often falls asleep on her keyboard and wakes up with a visible imprint on her face. (Verbatim: "the amount of times i fell asleep on my keyboard and woke up with like keyboard imprint on my face")
3. She identifies as having a mix of English and Asian heritage, with her mother being Asian and her father being English. (Verbatim: "my dad is english and my mother is asian")
4. She inherited her mother's tanning gene, allowing her to tan rather than burn easily. (Verbatim: "i was very lucky i inherited mama elia's tanning gene um as opposed to papa elia's burn on a rainy day gene")
5. Her older brother has a more tanned complexion, while her younger brother (Zed) is prone to severe sunburns. (Verbatim: "older ellie bro is a bit more tanned than me... little zebra would end up being burnt")
6. She has a fear of polystyrene (or styrofoam), which causes intense panic due to its squeaky sound and appearance. (Verbatim: "she was terrified of polystyrene... she was scared of it")
7. She once witnessed a fox regularly at her bus stop during early morning commutes, leading to a mutual staring ritual. (Verbatim: "every morning i would leave and on my way to the bus stop i would see a fox")
8. She finds tanning beds frightening and has never used them, citing a disturbing scene from *Final Destination 3* as a reason. (Verbatim: "tanning beds scare me from what was it um i saw a clip i've not seen the films")
9. She is self-aware of her pale appearance and has been noted for it by her father, Papa Elia. (Verbatim: "papa elio was very concerned when he came to visit on friday about how pale i was looking")
10. She has a recurring habit of napping in bright light, which consistently results in bloodshot eyes. (Verbatim: "i would go to like my lectures and stuff people would be like girl your eyes are bloodshot and i'd be like it was the nap i swear") [end of text]



1. She has a history of being clumsy and frequently breaking lab equipment during school. (Verbatim: "i've broken a lot of chemistry equipment yeah i've broken many beakers i've broken a lot of test tubes")
2. She once accidentally destroyed a dissection specimen, specifically a squid's ink sac, during a biology class. (Verbatim: "i accidentally unalived a a heart um i accidentally was doing a dissection of like a squid or something and burst the ink")
3. She has a past experience with cat scratch fever after being scratched by a rough, gangster-looking cat. (Verbatim: "i remember i met this one cat and it was definitely the roughest cat i ever did see... it accidentally did a little swipe um and then i got ill")
4. She experienced severe swelling, particularly around her face, due to an infection from a cat scratch. (Verbatim: "my whole body swelled mostly around my face it was around my face it looked awful")
5. She did not seek medical attention for her illness despite severe symptoms, which her parents also discouraged. (Verbatim: "i didn't actually i should have seen a doctor or something but like i didn't but i ended up getting a lot of swelling")
6. Her parents had a dismissive attitude toward illness unless it was life-threatening, believing that if she could still breathe and eat, she didn’t need medical care. (Verbatim: "if you're not dead you're not going pretty much they were like look if you can still function okay")
7. She is not confident in her ability to distinguish between left and right, which could be a problem in medical procedures. (Verbatim: "apparently it's like a really like um more common than people think issue where say if you're getting like surgery on like one leg or something and they'll get the wrong leg")
8. She practiced surgical techniques on fruit, particularly oranges, with successful results. (Verbatim: "we practiced on oranges and i didn't get any complaints from the oranges that i stitched up")
9. She has a tendency to break things even when not intentionally, to the point where family members no longer trust her with fragile objects. (Verbatim: "literally nobody can trust me to hold anything because apparently i would just break it")
10. She has never owned a thermometer and is now considering buying one due to a lack of preventive health habits. (Verbatim: "i still don't own a thermometer i feel like i should buy one you guys told me to buy one before") [end of text]



1. She played netball in school and was very good at it, even serving as sports captain. (Verbatim: "i play netball i was very good at netball for a while when i was when i was kind of sporty ish ish i was heckin sports captain")
2. She was not allowed to play rugby due to her small stature. (Verbatim: "i was not allowed to play rugby no no i wasn't allowed to probably because i'm quite small")
3. She is a fan of the sports anime *Haikyuu!!*, which is her favorite sports anime of all time. (Verbatim: "haikyuu is my favorite sports anime of all time so you know i love haikyuu so much")
4. She enjoys watching esports events, particularly League of Legends, and attends them when possible. (Verbatim: "i go to the events if i can okay like i'm i'm a full-on you know if there's something i could go to i'ma go to it and watch it")
5. She finds rugby conversation difficult to follow and does not understand it at all. (Verbatim: "rugby talk goes well beyond me i do not i do not understand rugby at all in the slightest")
6. She has watched sports anime such as *Free* (swimming), *Keijo* (a fictional sport), and *Chihayafuru* (mahjong), though she admits she doesn't understand the rules of mahjong. (Verbatim: "i've seen free um which is swimming okay yeah yeah yeah yeah yeah it's the mahjong anime where everyone who plays is a girl")
7. She is familiar with basic football (soccer) terminology such as offside and hat trick, but does not participate in football discussions. (Verbatim: "I know the offside rule I know what a hat trick is")
8. She does not participate in sports conversations at work, particularly those about football, due to lack of interest and relevance. (Verbatim: "i cannot i cannot because well esports they never talk about esports i would love to talk about league of legends but nobody heckin talks about league of legends in normal work environments")
9. She is aware of British social norms, including the use of "you're right" as a polite greeting rather than a literal question. (Verbatim: "if someone says you're right they'll typically say it out of complete pleasantry and it's sort of just a universal fact that we all know the real answer is um no but in england it's just tradition")
10. She finds the British "stiff upper lip" culture evident in minimal responses to social cues, such as refusing to elaborate beyond one or two words. (Verbatim: "if you reply of anything more than one or two words then i'm sorry we don't we don't that's not very british of you") [end of text]



1. She became a VTuber and has a genuine fear of not having friends. (Verbatim: "when I became ellia I was super scared no one would want to be my friend")
2. She values kindness as a core personal principle and strives to always be kind. (Verbatim: "just be kind you know and no matter what people say I'll always just do my best to be kind")
3. She believes in the importance of not judging others due to incomplete information. (Verbatim: "you never know the full story you know like there's the story that's out there and then there's you know things that aren't known")
4. She has a strong aversion to drama and avoids engaging in it. (Verbatim: "I don't like it's and that's why that's rule zero here is just be kind okay")
5. She is a support main in League of Legends and enjoys playing "cute girl" champions like Nami. (Verbatim: "I'm a support main through and through I love my cute girl champions I love playing Nami")
6. She has a personal goal to help other VTubers make friends and foster positive connections. (Verbatim: "I'm happy to make if they can make friends with each other because that's nice")
7. She has written a letter of comfort about human imperfection and the importance of intention. (Verbatim: "I actually wrote out a letter of comfort for this that I was gonna record")
8. She believes that indifference is the opposite of love and that negative people will eventually bring themselves down. (Verbatim: "the opposite of love is indifference so they will if they truly suck they will bring themselves down eventually")
9. She has experienced being overwhelmed by the kindness of her community, especially during her birthday stream. (Verbatim: "it was a lot though I know it might have been too many I just didn't expect everyone to say yeah")
10. She feels she is fortunate to be surrounded by kind and wonderful VTubers. (Verbatim: "I'm extremely lucky there's so many kind vtubers out there you know like they're all so kind and incredible") [end of text]



1. She has a resting face that appears angry or bored to others. (Verbatim: "my resting face I look like I'm bored like like just bored that's what um friend a said")
2. She is aware that her resting face may come across as unapproachable despite being approachable. (Verbatim: "I know I'm approachable but I feel like my resting face is what is it apparently my resting face")
3. She has been told her resting face looks angry. (Verbatim: "I've been told before it looks angry but but another thing I've been told recently is that my resting face I look like I'm bored")
4. She has worked on adjusting her facial expressions to appear less angry when not speaking. (Verbatim: "that's one of the things I had to learn is like how to make like have my face a bit more like less angie looking I guess")
5. She values being honest about her feelings and will directly communicate if she is offended. (Verbatim: "if I'm ever offended by you guys I'll straight up tell you you know like I'll tell you guys like like I'll be like hey I am I am upset and offended by x y and z")
6. She believes it's important to be kind and make amends when someone is offended. (Verbatim: "I'd know what the people I offended would think of me and would make amends of them yeah")
7. She feels deeply grateful for her community and appreciates both active viewers and lurkers. (Verbatim: "I see you I see you I may not know your exact name or everything but you're there okay because like each lurker really like I know it's hard to be like how can a lurker like")
8. She has experienced a period of absence from streaming that she refers to as a "break". (Verbatim: "I'm still feel awful about the break I'm so sorry")
9. She is sensitive to negative comments about people she cares about. (Verbatim: "it really pisses me off when someone talks crap about people i care about so try to value yourself a bit more")
10. She has a strong emotional connection to the idea of being irreplaceable within her community. (Verbatim: "That's such a kind word because I think in in this kind of thing especially it's very easy to feel placeable") [end of text]



1. She believes people can be kind, even when she doubts it, and strives to remain kind despite negativity. (Verbatim: "I genuinely believe people can't be kind anymore until I meet you... I'll still be kind but that's just because there's a lot of mean people in the world.")
2. She has a strong desire to create a welcoming, non-toxic community space for others. (Verbatim: "My goal is like a vtuber is like trying to make a good space that the kind of space that little ellie would have needed.")
3. She envisions a space where people are allowed to be negative, grumpy, or miserable without judgment. (Verbatim: "you can be grumpy you can be you know however you're feeling just be you be you and just be kind.")
4. She values authenticity and believes people should be free to have opinions without fear of being wrong. (Verbatim: "there's no right or wrong answer there really isn't just just be kind simple like.")
5. She has never had a cavity and attributes good dental health to good genes. (Verbatim: "I've never had a cavity I've always had good teeth okay like I have good genes regarding dental I guess I don't know.")
6. She enjoys writing in her member's diary, preferably on her phone while in bed. (Verbatim: "I'll try and write in my member's diary more by the way um yeah I want I maybe I just need to get used to just writing on my phone while I'm in bed.")
7. She has a deep emotional connection to her online community, which she describes as restoring her faith in humanity. (Verbatim: "You are quite literally restoring my faith in humanity every time I have the pleasure to see you.")
8. She has a habit of referring to herself as "little ellie" in a metaphorical sense, representing her past self. (Verbatim: "the kind of space that little ellie would have needed you know and little ellie would be sat alone in a dark room with her little tiny broken laptop just really sad and alone.")
9. She views her VTuber journey as transformative, saying "for me things did change eventually you know and then I ended up here yippee." (Verbatim: "for me things did change eventually you know and then I ended up here yippee.")
10. She has a playful, self-aware sense of humor about her own quirks, including calling herself "cringe" and joking about being "a bit of a mess." (Verbatim: "I'm a bit strange I'm a bit of a mess and I have a billion floors but still") [end of text]



