NO RELEVANT INFORMATION [end of text]



1. She wanted a telescope as a child but was not allowed to have one because her family viewed science as "too heckin' manly." (Verbatim: "I remember asking for a telescope when I was a kid... my family had decided science was too heckin' manly or something stupid.")

2. She became interested in science partly out of spite for being denied science-related gifts as a child. (Verbatim: "so then I became a scientist. Um, out of spite. No, I just like science.")

3. Gendered toy marketing influenced her childhood experience, as she noticed all the cool science gear was under "gifts for him" instead of "gifts for her." (Verbatim: "You know how they split it like that? And I'm like, yo, why is all the cool stuff under gifts for him?")

4. She has a strong interest in science kits and would enjoy doing science experiments on stream. (Verbatim: "Wait, I could do science kits on stream, would that be okay?... I would love that. There are so many of these science kits. I wish I could have got.")

5. She recalls significant light pollution in her area during childhood, making the night sky appear orange even at 1 a.m. (Verbatim: "It's funny, I remember some days, it'd be like 1am, and it'd still be light outside, it'd be like this colour, like this orangey colour.")

6. She expresses a desire to share the results of science experiments with viewers, such as homemade soap or rocks. (Verbatim: "I guess with like the, um, whatever I make out of it, I guess I could, I don't know... send it, like, you know, if, like, I make soap or something, you know, or rocks...")

7. She noticed a positive change in toy stores recently, where science toys are no longer gender-separated. (Verbatim: "I noticed when doing Christmas shopping this year, they don't make any distinction between gifts for boy, girls/boys in the toy sections and stores around me now, it's all together...")

8. She identifies as a real girl and not a robot, despite possible assumptions. (Verbatim: "oh i'm not a robot though no no i'm a real girl")

9. She values being someone's first friend, referencing it as an important emotional connection. (Verbatim: "so then why because you're my first friend maybe your first yep the first first are important to people")

10. She has a nostalgic connection to childhood desires for scientific exploration and wishes to reclaim that joy through her content. (Verbatim: "I wish I could have got. It's okay for me to buy them now. That'd be so fun.") [end of text]



1. Her name is Elia Stellaria. (Verbatim: "I'm still elia yes elia")

2. She has a fictional backstory involving being a robot girl or artificial being created in a lab. (Verbatim: "I'm the robot girl", "doctor will i be disposed of", "doctor i swear it i swear i won't let that happen")

3. She made a promise with the doctor to be happy together no matter what, and to reunite in 100 years. (Verbatim: "elia let's promise whatever happens we'll be happy together", "let's promise should i fulfill that promise", "i've made it so you can view the personality deciding rules use them if you must just make her human like ask the promise okay i gotta reunite in 100 years")

4. She identifies with a "peaceful" personality type who values putting aside weapons and helping others. (Verbatim: "a peaceful conflict refusing person who values putting aside weapons for peace", "huh i am peaceful see i told you guys i was peaceful")

5. She has a hidden personality archetype of "Speed," likening herself to Sonic the Hedgehog, valuing efficiency and quick results. (Verbatim: "i am speed guys i am speed who knew i was heckin sonic the hedgehog", "an active type who can achieve goals quickly and places importance on results")

6. She was raised in an environment that emphasized competition, speed, and goal-oriented achievement. (Verbatim: "this is probably from people who are raised like by parents who have like try and encourage competitive nature you know you gotta be the fastest")

7. She is consciously trying to move away from a mindset of constant goal-chasing and learning to find happiness during the journey, not just at the end. (Verbatim: "i'm trying to learn to just enjoy and be accepting that i can be happy on the way to the goal")

8. She has a tendency to accidentally harm things (like the sheep), symbolizing internal conflict or unintended consequences. (Verbatim: "I have murder pets", "I clearly have murder pets", "I still blew up everything anyway")

9. She feels a deep emotional connection to the doctor, who seems to have been a creator, guardian, or mentor figure. (Verbatim: "remember girl remember", "the doctor could be by name", "the doctor is dead what am i going to do")

10. She views herself as having a dual nature—peaceful by choice but with an underlying mechanical or destructive programming. (Verbatim: "machines like that mindset", "i run fast i can be more efficient", "i am peaceful") [end of text]



1. Elia identifies as British. (Verbatim: "oh yeah i identify as british")
2. Elia believes her community is real and values their existence deeply. (Verbatim: "my amazing community is real hear that guys you're real")
3. Elia questions her own reality and has discussed talking to a therapist about her identity as a VTuber. (Verbatim: "if ell is real why when i talk to the therapist they say animes aren't real and you're something i created to cope")
4. Elia asserts that she is a real girl, not a robot. (Verbatim: "well i mean i'm not a robot so you know i'm a real girl")
5. Elia has previously engaged in philosophical discussions about identity, such as the Ship of Theseus. (Verbatim: "we've done this before you know like yeah yeah yeah yeah yeah so the ship of these or was it the sock or something like i don't know")
6. Elia has a habit of going straight from bed to streaming. (Verbatim: "this is my morning voice my love's still a little sleepy because i went straight from straight from my bed to my computer")
7. Elia experiences intense physical reactions during streams, such as an urge to chew her headphones. (Verbatim: "i get this feeling in my hand this instinct to eat... like i just had to hold them down")
8. Elia avoids playing horror games. (Verbatim: "yeah i haven't played any horror games for a while")
9. Elia uses a "magical banana" as a symbolic source of power in her persona. (Verbatim: "you can't take my magical banana that's the source of my celestial messenger powers")
10. Elia expresses a desire to teach AI how to be cute, indicating an aspiration related to her content. (Verbatim: "oh yeah i will don't worry my next ai's teaching zatsu will be how to be cute") [end of text]



1. She plays and enjoys the game Audacity, referring to it as her favorite game. (Verbatim: "I was up late last night playing, not playing, I was playing Audacity, and I was like, that wasn't a game, playing my favourite game, Audacity.")

2. She runs a Minecraft server and financially supports it herself. (Verbatim: "I play- we have a Minecraft server. Ironically, I set it up. I'll get one more scrap. There we go. Nice. Um, okay. Yeah. And I'm paying- I'm the one paying for the server.")

3. She has participated in Minecraft collabs where she was required to attend meetings in-game. (Verbatim: "I've played it in collabs, and they forced me to do meetings in it, and yeah.")

4. She enjoys eating ramen, particularly a fictional variety called "Glimmer," which she describes as the world's most popular ramen. (Verbatim: "Glimmer, the world's most popular ramen, earned 721 stars from the Michelin Guide. Yeah, this is the best, the ultimate flavor.")

5. She associates ramen with nostalgic and meaningful moments, especially eating it with a doctor character, which evokes emotional significance. (Verbatim: "Reminds me of eating with a doctor. Ah, that was tasty. I agree, it would be accurate to describe it as delicious.")

6. She values wholesome and emotionally healing experiences, aiming to create moments of peace despite feeling broken. (Verbatim: "we do like to be wholesome here um is i think that's the word we're like we want right like to feel a little whole you know because we're all heckin broken but we find these moments of peace here right")

7. She stayed up very late the previous night, indicating a habit of late-night activity. (Verbatim: "I was up very late, I think anyone that follows my alt Twitter account will know.")

8. She expresses a desire to fulfill promises and maintain continuity in relationships, even over long periods of time. (Verbatim: "I won't become anyone else's and I won't disappear from your sight, so please, be at ease, this will bring me relief too.")

9. She identifies with traits of being meticulous, organized, and hopeful, likening herself to a "Planner" sword that prepares carefully and loves trying new things. (Verbatim: "a meticulous sword who does anything they can to prepare and increase odds for its success, a collector, a hopeful sword who expects good in all things, loves treasure chests and will give anything a try")

10. She has an alt Twitter account where she shares additional content or updates about her activities. (Verbatim: "I think anyone that follows my alt Twitter account will know, I was up late last night playing...") [end of text]



1. She delayed becoming a VTuber due to overthinking and having many sleepless nights considering the decision. (Verbatim: "I'll be honest I think I'd have become a vtuber a lot earlier if I'd not spent so long thinking about it you know like so much thinking so so so you have no idea how many sleepless nights I had just thinking about what to do.")

2. She identifies as a philosopher by personality, describing herself as a perfectionist who overthinks decisions. (Verbatim: "I am primarily a philosopher. A perfectionist who always stops at a decision to consider it until satisfied.")

3. She has a strong desire to be more decisive and wishes she had the boldness of a samurai, which she associates with strong will and lack of hesitation. (Verbatim: "I want to be able to make decisions. I want to be able to not waver and not worry... I wanted to be a samurai in a game because, you know, I want to be able to make decisions.")

4. She sees her current path as a VTuber as joyful and meaningful, especially because of the community’s presence. (Verbatim: "I can say full height i'm very very very much enjoying the path i'm on right now very much i love this path you know this path has all of you on it.")

5. She describes herself as someone who deeply values connection, companionship, and emotional bonds. (Verbatim: "I want to talk to you. I want to play with you. I want to hold hands with you.")

6. She enjoys working hard and creating things for her audience, expressing a wish for more hours in the day to do even more. (Verbatim: "i enjoy working to make awesome things for you i just wish there were more hours in the day so i could do even more but i'll do what i can.")

7. She has a latent or hidden personality that contrasts with her main one, possibly indicating a deeper complexity in her self-perception. (Verbatim: "The hidden personality indicates a latent personality, serving a kind of hidden flavor of spice.")

8. She is hesitant to play games with heavy decision-making and realistic 3D characters, such as Detroit: Become Human, due to anxiety over choices. (Verbatim: "i got scared because it has 3d people in it so um yeah become human i guess i should i could i can i can give it a play.")

9. She values emotional support and humorously applies for the role of someone who reminds her to rest. (Verbatim: "in which case i would like to submit my application to the role honey.")

10. She refers to herself as "a mess" but appreciates being accepted as she is. (Verbatim: "but i'm a mess i'm a mess oh thank you for accepting this mess thank you.") [end of text]



1. She wishes she could have provided her current streaming space to her younger self during difficult times. (Verbatim: "i just wish i could have given this place to little ellia you know when when i felt like i needed it")
2. She views her stream as a bright and comforting place in a dark world. (Verbatim: "i hope that this can be a kind of bright little place in a very dark world")
3. She refers to herself as the president of "Cringe City" and "Scuff City." (Verbatim: "welcome to cringe city i am your president also president of scuff city")
4. She identifies as an overthinker who deeply considers the impact of her decisions on others' happiness. (Verbatim: "i'm an overthinking bomb is me i'm overthinking... my main focus when making a decision has always been what outcome results in making people happy")
5. She struggles with making decisions because she wants to make as many people happy as possible. (Verbatim: "any choice that i've made in life i've thought and thought and thought so unbelievably hard about")
6. She expresses a desire to always give her best to be worthy of her audience's support. (Verbatim: "i promise to always always give you my bestest to be worthy of such a title i really really will")
7. She has been streaming for at least seven months as of this transcript. (Verbatim: "happy seven months we interrupt your regularly scheduled stream to bring you the following message")
8. She sometimes has recurring nightmares, specifically about zombie apocalypses. (Verbatim: "i don't want any more zombie dreams i keep having zombie apocalypse dreams why")
9. She streams approximately twice a day on average. (Verbatim: "that's why i stream twice a day on average")
10. She has a dog that keeps her company while streaming. (Verbatim: "well technically not by myself my dog's here") [end of text]



NO RELEVANT INFORMATION [end of text]



