1. She has a dog that eats grass and throws up. (Verbatim: "She's been eating grass. I told her not to. I tell her not to.")
2. Her dog enjoys eating cat poop. (Verbatim: "Dogs heckin love the taste of cat poop, apparently.")
3. She dislikes bits in smoothies. (Verbatim: "I don't like bits it's got bits in it.")
4. She drinks a mango passion fruit and apple smoothie. (Verbatim: "It's a mango passion fruit and apple smoothie yeah.")
5. She is not confident in her decision-making abilities. (Verbatim: "I am very bad at decisions all my decisions resulted in getting unalived in game.")
6. She does not currently have a driver's license. (Verbatim: "I don't have a driver's license I don't even have a provisional right now.")
7. She wants to get a white van with three bananas on it. (Verbatim: "I should get a white van what should I put on it three bananas.")
8. She has a habit of referring to herself with elaborate nicknames like "Messenger from the stars" and "Queen to the banana republic". (Verbatim: "Elias Delaria, messenger from the stars, goose of the caves, menace of the Chorox, eternal support, chatiamatic, tangent incarnate, yoinker of the hearts, mayor of the scuffed city, and queen to the banana republic, long live the queen.")
9. She associates the word "pulp" with pulp fiction and being "beat to a pulp". (Verbatim: "the word pulp already seems to associate in my brain to pulp fiction or actually yeah i guess beat to a pulp matches right")
10. She enjoys coconut milk but dislikes coconut bits. (Verbatim: "I don't like coconut bits... I like the smell of coconut... but I do like coconut milk, it's heckin good for curries.") [end of text]



1. She has a strong preference for takoyaki and enjoys trying authentic versions. (Verbatim: "I'm looking forward to trying authentic takoyaki compared to um the usual takoyaki that i have so i can compare it")
2. She has a particular fondness for taiyaki and has tried it in England, finding it underwhelming. (Verbatim: "i've had this in england there i had a i felt like i got ripped off when i had it here it was like heckin um tiny")
3. She owns a non-electric metal taiyaki iron and has not yet used it. (Verbatim: "i haven't given it a try in my cupboard deep in my cupboard i have a taiyaki um iron like an actual iron to make it with")
4. She enjoys croissant versions of taiyaki and found them to be quite yummy. (Verbatim: "i've had a croissant version of this i've eaten before um it was also quite yummy i actually quite enjoyed the croissant version")
5. She is excited to try creme brulee, especially when it's on a menu. (Verbatim: "i will beg to have the creme brulee like yeah yeah i'll be like i need the creme brulee heckin amazing")
6. She has a suitcase that broke during a trip to Asia, with a non-functional zip. (Verbatim: "when i came back from asialand last time my suitcase broke um like it's broken uh that zip no worky and it's it's it's quite a struggle")
7. She plans to replace both her cabin bag and suitcase, preferring four-wheel luggage. (Verbatim: "i'm gonna get like oh and i also need to replace the cabin one as well my cabin one i didn't realize has this big hole in the bottom")
8. She prefers suitcases over boxes for travel, despite family sending her large boxes. (Verbatim: "i don't want to carry around a giant box it doesn't have any wheels don't make me carry around the box")
9. She is interested in trying omoraisu from a maid-themed cafe, embracing its "moe" aesthetic. (Verbatim: "i need it i need it from a maid i need i need my my moe moe kyun blessed omurais with my name on it")
10. She is eager to visit themed cafes, including those with anime or Nintendo-themed food. (Verbatim: "i need to do that at some point or just special cafes um i know we went over it a little bit um before with the like i guess just special cafes") [end of text]



1. She has a strong affinity for cringe and embraces it as part of her personality. (Verbatim: "I embrace my cringe okay give me give me that yeah a hamburger hamburger")
2. She is excited to try Japanese food, particularly meals like katsu curry and okonomiyaki. (Verbatim: "I think I am going to get some Japanese food from somewhere... I'm heckin starving yeah")
3. She has a checklist of meals she wants to try during her trip to Japan. (Verbatim: "I've got a pretty decent um checklist of meals to have while I'm there")
4. She is interested in exploring Japanese sweets and snacks in a future stream. (Verbatim: "I think we need to do one more on the whole of Japanese sweets in itself because that seems to be a whole other topic")
5. She values connection with her audience and prioritizes sharing experiences with them. (Verbatim: "my priority will always be to make you all happy yeah yeah yeah yeah yeah that is my priority that is always my priority mm making y'all smile smile")
6. She plans to stream or share her food experiences via delivery, Twitter Space, or pre-recorded content if internet is poor. (Verbatim: "I'll definitely try and do a stream where I do like a um delivery to wherever the heck I'm staying... or at least at minimum it'll be a twitter space")
7. She is looking forward to a membership-only stream to watch the latest episodes of a show she’s been holding off on. (Verbatim: "it'll be a membership only stream where we'll be having our cozy cozy cozy cozy that's done um while watching the two-est two-est two newest episodes of")
8. She plans to use a "blush mode" on her future avatar model. (Verbatim: "when I get my new form I'll be using my blush mode a lot I'll be using that blush mode just yeah")
9. She refers to herself as mysterious and prefers to remain hidden. (Verbatim: "I don't do that I'm a mystery I am hidden I am I am i don't know I couldn't think of another word for mystery um mysterious atomic")
10. She identifies with being a "smug white-haired mess" and enjoys playful self-deprecation. (Verbatim: "the tastiest most delicious delightful one is the smug white-haired mess here's a smug what you want who's smug white-haired messenger named ellia over there") [end of text]



1. She is planning to visit Japan in July. (Verbatim: "next month next month i will be in japan... i'm going in july")
2. She has booked flights to Japan despite being charged double. (Verbatim: "i've got my flights booked they charged me double")
3. She has accommodation booked for multiple locations in Japan, not just Tokyo. (Verbatim: "i'll be going to a couple of different places around japan so that's why i need more than one accommodation")
4. She is excited about climbing Mount Fuji during her trip to Japan. (Verbatim: "because that is climb mount fuji month")
5. She plans to stream while in Japan, though less frequently than usual. (Verbatim: "i will be streaming while i'm there um yes yes not as much obviously")
6. She has a preference for chunky boots to add height. (Verbatim: "i got chunky chunky boots chunky chunky boots to give me that extra height")
7. She is taller than the average Japanese woman. (Verbatim: "60 centimeters for a man 148 centimeters for a woman guess who's bigger than average i am")
8. She dislikes using umbrellas in England due to strong winds. (Verbatim: "in england it's really annoying to have an umbrella because it's always heckin windy")
9. She owns two raincoats, one of which has an extra hood. (Verbatim: "i have two raincoats yeah one of them's really cool it's got like an extra little hood")
10. She has tried to consume natto but finds its smell unpleasant. (Verbatim: "it's in the dare to try section of this book okay it says natto these particularly fermented soybeans with the scent of ammonia") [end of text]



1. She enjoys trying traditional Japanese breakfast items, including natto and tamagoyaki. (Verbatim: "natto has to be i'll make a final list and type that up at the end but from our breakfast menu natto is like up there")
2. She is interested in trying tamagoyaki, a layered egg roll dish, due to its unique preparation method. (Verbatim: "it's actually rolls of egg like um oh what you call it um i don't know how to look up mid cooking time i guess this picture shows it better")
3. She has a strong preference for eggs and will eat them when available. (Verbatim: "i'm gonna have eggs when there's eggs available i'ma have eggs")
4. She finds umeboshi (pickled plums) to be an unfamiliar but intriguing component of Japanese breakfasts. (Verbatim: "umeboshi pickled pickled plums are they plums really sour plums yeah")
5. She is unsure whether to eat umeboshi whole or chop it up, indicating hesitation about its consumption method. (Verbatim: "do i eat it because like sometimes i get confused have you ever been have you ever been to like i don't know like a restaurant and they give you food and you're like wait is this decor or is this edible")
6. She enjoys rice porridge and considers it "heckin delicious." (Verbatim: "oh okay oh heckin love rice porridge yeah rice porridge is heckin delicious like yeah yeah")
7. She dislikes black pudding, describing it as unappealing due to its composition of blood. (Verbatim: "i don't like the sound of black pudding so i've never tried it and not the biggest fan of mushrooms anymore")
8. She has a personal habit of making a simplified English breakfast at home using a single pan. (Verbatim: "i make it at home i like to make it at home it's so much easier like it's so much more like you just use the same pan for everything")
9. She finds large English breakfasts overwhelming and physically taxing, often needing to lie down afterward. (Verbatim: "i have to like lie down afterwards um i have to like lie down like one of them snakes that ate too much")
10. She is curious about the McDonald’s Mcgriddle, a pancake-based sandwich, and wants to try it despite not knowing what it is. (Verbatim: "i should try a mcgriddle wait wait it's not the meat part it's not the meat i thought the meat was like the griddle part") [end of text]



1. She dislikes eating fish due to small bones. (Verbatim: "the only reason I won't eat fish really is isn't because of the taste or anything it's literally just because of the um the bones")
2. She finds the sudden crunch of bones in fish unpleasant. (Verbatim: "the sudden crunch sudden crunch is not okay I don't want the sudden crunch")
3. She is interested in learning how to make decorative bento boxes. (Verbatim: "I need to learn how to make this I need I heard there's like little kits you can get to make them")
4. She wants to bring back a bento-making kit from Japan. (Verbatim: "I need to come back with a bento making kit yeah yeah because bento making kit yeah yeah they even do it for the rice")
5. She enjoys the aesthetic of bento boxes, even if she doesn't care about the food inside. (Verbatim: "wait like I just want the box I don't even care about the food I just want the box")
6. She is planning to play God of War, which she has not yet played. (Verbatim: "I've not played God of War but I've heard it's a heckin good game")
7. She is unfamiliar with Nordic and Greek mythology. (Verbatim: "in terms of like when it comes to like mythology and stuff um and nordic mythology and greek mythology I don't know much about it")
8. She finds the concept of a "revenge bento" amusing and intriguing. (Verbatim: "what would you put in a revenge bento")
9. She is drawn to the visual appeal of traditional Japanese ramen. (Verbatim: "I need like traditional not westernified versions")
10. She plans to try ramen from different regions in Japan. (Verbatim: "so I should really try it from each like when I go from like um city to city or whatever I should try different ramen") [end of text]



1. She has a dog that she cares for and misses when she travels. (Verbatim: "I'm sorry I can't tell her I'm going away for a while but I'll be back.")
2. She has had video calls with her dog during past trips to Asia Land. (Verbatim: "I did a video call with her when I went to Asia Land last time...")
3. Her dog eats very quickly and sometimes gets hiccups from eating or drinking too fast. (Verbatim: "she gets little hiccups after she drinks her water and it's heckin adorable...")
4. She was raised to eat very slowly due to her father's sensitivity to the sound of eating. (Verbatim: "papa elia would always not want to hear anyone eating...")
5. She learned to eat slowly to avoid making noise, which was necessary because her father would get upset if he heard eating. (Verbatim: "I had to eat super quietly because he'd get upset if he could hear it...")
6. She finds the sound of people eating disturbing and considers it a personal hardship. (Verbatim: "some people don't even like the sound of eating here...")
7. She has tried Bocati Sweat, a fizzy drink, but did not like it, possibly due to a bad experience. (Verbatim: "I tried it last time I was in Asia Land and um I think I got a bad one...")
8. She is interested in trying ticket-based ramen vending machines that allow ordering via pictures and gacha-style selection. (Verbatim: "I'll let the machine decide for me that sounds like a super fun way...")
9. She prefers ramen with a variety of broths and seasonings, especially pork bone or miso. (Verbatim: "a kotteri thick and fatty signature pork bone ramen or a asari thin and light...")
10. She finds slurping noodles polite and enjoyable, though she acknowledges it's not common in her current environment. (Verbatim: "it's polite to slurp... it just means like this is heckin delicious...") [end of text]



1. She enjoys drinking soup directly from the bowl despite being told not to. (Verbatim: "it's okay to drink from the bowl yo i always get told off from drinking from the bowl they'd be like don't be like a dog use your spoon be proper")
2. She has a close relationship with her English grandmother who is known for being sassy. (Verbatim: "nana elia that would get mad my english nan she gets so mad")
3. She finds it difficult to sleep on some nights due to discomfort in bed. (Verbatim: "it was one of those nights where i just couldn't get comfy for some reason")
4. She plans to try authentic sushi during a future trip to Japan. (Verbatim: "so we need to get some authentic authentic sushi like proper or authentic sushi while i'm in japan")
5. She is interested in comparing supermarket sushi from Japan with that from her home country. (Verbatim: "i also want to try supermarket sushi and compare it to our supermarket sushi")
6. She has a strong preference for melon bread and considers it a must-try food. (Verbatim: "melon bread is 100 on my list i need that i need that melon bread")
7. She is open to trying various types of Japanese cuisine, including kaiseki and sushi. (Verbatim: "kai seki is on the fancy end kai seki i will consider the next one is a guaranteed heck to the yes it's sushi")
8. She is not interested in eating lamb fries, which she refers to as "lamb private parts". (Verbatim: "lamb fries oh no thank you no thank you no no no i'm i'm good i'm good i don't want lamb private parts")
9. She finds bright-colored, rainbow sushi suspicious due to its unnatural appearance. (Verbatim: "it's very bright colored um like heckin bright it looks suspicious")
10. She is aware of and follows sushi etiquette, including proper chopstick use and dipping techniques. (Verbatim: "do pick up sushi using chopsticks or fingers both are correct") [end of text]



1. She is a British VTuber. (Verbatim: "I'm Elia Stellaria I'm a British VTuber that will be going to Japan for the first time in um ever")
2. She is planning to visit Japan for the first time next month. (Verbatim: "I'm a British VTuber that will be going to Japan for the first time in um ever and I'll be going next month")
3. She enjoys Metroidvania games. (Verbatim: "I love Metroidvania games")
4. She dislikes eating wasabi on its own. (Verbatim: "I don't recommend wasabi on its own I don't know if you can but that was like I've been betrayed")
5. She is unfamiliar with the origin of the California roll. (Verbatim: "where does California roll even do these actually come from California")
6. She finds it difficult to break chopsticks in half properly. (Verbatim: "I feel like a fool when I fail to break my chopsticks well in half")
7. She prefers eating sushi with her hands. (Verbatim: "I didn't realize it was acceptable to eat sushi with your hands I'd always thought that was bad but oh well oh well it's okay")
8. She dislikes licorice. (Verbatim: "I don't like licorice so the like yeah like this heckin nah nah yeah it's weird how how well designed these beans are")
9. She finds the British habit of handing money directly to servers to be polite. (Verbatim: "here I think in England they'd rather you hand them the money than put it down because they don't have a tray or anything")
10. She is critical of the UK's tendency to revert to old habits after adopting modern systems. (Verbatim: "they really just reversed right back into old habits um to be honest like I was real sad I heckin love that how restaurants introduced a ordering through your phone system and it was all very nice and then they just instantly put it in the bin") [end of text]



1. She enjoys making yakitori at home. (Verbatim: "so this is something i definitely want to try there because this is yeah i make this a lot at home")
2. She finds the price of yakitori in England to be excessively high compared to Japan. (Verbatim: "that's expensive because it's five if it's five pound fifty for yakitori here and only 50p for yakitori there")
3. She is interested in learning and streaming about Cockney rhyming slang. (Verbatim: "i want to do a stream on cockney rhyming slang yeah i want to do one on that")
4. She is aware of and finds the use of "scooby-doo" as a euphemism for "clue" to be part of Cockney rhyming slang. (Verbatim: "haven't got a scooby-doo which i thought was a saying but it turns out that's that's cockney rhyming slang")
5. She has a strong preference for fresh barbecue food. (Verbatim: "oh wait right up my alley is a saying wait yeah it's a it's a saying it's like um right up my street that's the same thing")
6. She likes the idea of food being cooked in front of her. (Verbatim: "oh look they cook it in front of you look at this look at this oh my goodness oh my goodness yeah")
7. She is interested in obtaining authentic yakitori sauce from Japan. (Verbatim: "i wonder if i can get yakitori sauce to take home um yeah it'd be good to um take some home with me")
8. She finds it frustrating when restaurants automatically include service fees. (Verbatim: "i'm perfectly happy to leave a tip but as soon as a place automatically includes a tip which is optional then i suddenly don't want to tip")
9. She is aware of the cultural differences in tipping practices between England, America, and Japan. (Verbatim: "i heard tipping is not a thing in japan so so no tipping that's okay here i'm always i don't know whether to tip here or not anyway")
10. She has a particular dislike for liver in food. (Verbatim: "i don't want liver no liver i gotta avoid that one") [end of text]



1. She loves making tonkatsu at home. (Verbatim: "I make tonkatsu so heckin often like yeah tonkatsu is like my dish tonkatsu is the dish that i love to make so much")
2. She enjoys making okonomiyaki at home with her own custom recipe. (Verbatim: "I've made this so much i've been trying to like get this down but i love making this so much")
3. She prefers leaner cuts of pork for tonkatsu. (Verbatim: "Personally I prefer a leaner cut but yeah yeah it depends")
4. She makes her own garlic oil for her homemade okonomiyaki. (Verbatim: "I make my own garlic oil first and then i cook the bacon in it")
5. She has a strong preference for Japanese cuisine, especially dishes like tonkatsu and okonomiyaki. (Verbatim: "oh i really want japanese food now it's um oh i want it i want it i want it i want it")
6. She has a memory of a negative experience at a Korean barbecue restaurant with her mother. (Verbatim: "I took mama elia to a korean barbecue place and um it was a heckin disaster")
7. She has a mother named "Mama Elia" who is stubborn and uncooperative during cooking experiences. (Verbatim: "she's stubborn um you you you you don't tell her she's wrong and i think the staff knew that")
8. She has visited Japan and had experiences there, including dining at restaurants that didn’t accept tips. (Verbatim: "This was in japan um yeah yeah although they didn't accept tips there either but i gave many thank yous many thank yous")
9. She enjoys making katsu curry at home using Golden Curry. (Verbatim: "I like to make it with this delicious thing i have this a lot um i can love golden curry")
10. She is interested in trying wagyu beef, particularly through shabu-shabu or grilling. (Verbatim: "I need to try wagyu don't i i believe it was mentioned before let me let me slap wagyu on this list") [end of text]



