1. She has a dream about streaming that involved multiple layers of dreaming and time confusion. (Verbatim: "I had dream-ception. I had dream-stream, dream-streaming, dreaming, dreaming of stream inception, okay?")
2. She once dreamed she was late to a 9 a.m. stream by 13 hours and 14 minutes. (Verbatim: "it was 22, 14. And I was like, okay, wow, I'm late.")
3. She enjoys eating pancakes with strawberries, granola, and blueberry yogurt for breakfast. (Verbatim: "I had pancake with side pancakes and strawberries like fresh strawberries and some granola and some blueberry yogurt")
4. She dislikes fan art that portrays her male counterpart (Ellie Bro) in a sexualized or exaggerated way. (Verbatim: "you hacking punks... that art is not legit... it's not okay no no no no no no")
5. She finds fan art depicting her male counterpart as overly muscular or romantically connected to her disturbing. (Verbatim: "ellie bro ain't going to the gym you punks... nah no no no no no no no no no no")
6. She has a strong aversion to fan art that sexualizes her male counterpart or implies inappropriate relationships. (Verbatim: "nah that genuinely makes my stomach turn... it's hard enough watching anime with like weird sibling stuff in it")
7. She has a fictional lore reference to being reincarnated. (Verbatim: "you're reincarnated according to your lore if you had an anime")
8. She is uncomfortable with fan art that depicts her male counterpart as a romantic or sexualized figure. (Verbatim: "you want me you what okay it's not legit that art is not legit")
9. She does not want her male counterpart’s VTuber model to resemble the fan art she finds offensive. (Verbatim: "if ellie bro did have a vtuber model it doesn't look like that")
10. She has a preference for a dark hair color for her male counterpart’s potential VTuber model. (Verbatim: "it would look different like like dark hair color yeah no that's all i can say") [end of text]



1. She enjoys watching British game shows, particularly "Would I Lie to You?", "The Weakest Link", "Pointless", "The Chase", and "Taskmaster". (Verbatim: "we have like the weakest link and we have pointless and we have the chase and we have um oh gosh like like so many so many taskmaster")
2. She finds British TV humor to be more understated, gray-toned, and raw compared to American shows. (Verbatim: "the humor is definitely different like yeah for me the humor is definitely different like it's more it's it's almost like british tv shows are very gray")
3. She appreciates the restrained, sarcastic, and underreactive nature of British reactions on television. (Verbatim: "i find british reactions just hilarious okay like they're so usually like sarcastic or like plain or just like so underreactive")
4. She often watches British game shows at her grandmother's house because she doesn't have a TV license. (Verbatim: "i only ever watch um i only ever watch these like game shows um when i'm at nana elia's so like you know nana elia loves watching these so and she has a tv and i don't well i have like tv but i don't have tv license and stuff so")
5. She identifies as an introverted, socially anxious person in real life who tries to minimize her presence to avoid conflict. (Verbatim: "i'm very good at like um reducing my presence to like nothing like not a skill that i'd like to have to be honest because it results if you don't understand how to use that said skill you become forgotten about")
6. She feels more comfortable expressing herself online than in person, especially due to her anxiety. (Verbatim: "yeah i can talk lots here because like i'm on the computer i'm inside like you know it's like free kind of thing")
7. She values kindness and is concerned about being perceived as mean, even when unintentional. (Verbatim: "i'm genuinely trying my hardest to you know be kind um and if there are any times that that you know me like because it's all about perspective")
8. She believes intentions behind actions are important and that people should consider them before judging. (Verbatim: "it's like always good to consider the intentions of someone's actions you know like sometimes someone can do something mean but they had the bestest intentions")
9. She has a strong emotional connection to her blanket, which she uses for comfort during streams. (Verbatim: "i'm literally i'm literally curled up on my chair my blanky is so cozy i'm so cozy")
10. She is sensitive to cold weather and once left a window open for her dog, resulting in a chilly room. (Verbatim: "it's october like it's it's october so it's freezing and it's raining tons oh my goodness like the rain is getting to the point where it's actually really loud") [end of text]



1. She has a dog named Lila who is very sensitive to dirt and eats anything she finds. (Verbatim: "my dog is like a vacuum cleaner like if there's so much as any kind of dirt she'll just lick it like and try and eat it")
2. She used to work in office IT support and had a dedicated desk with a snack-filled filing cabinet. (Verbatim: "when i went in for it support i have my desk okay you have like your there was no hot desk or anything it was like my specific desk")
3. She keeps her living space clean but not tidy, with clothes often left on the floor. (Verbatim: "i'm clean but not tidy um yeah yeah i'm like i'm like one that gets like um what you call it like like i get really tired at the end of the day")
4. She has a history of frequent illness during childhood, possibly linked to mold exposure in her parents' old house. (Verbatim: "maybe that's why i'm an anime girl now just inhaled too much weird mold spores growing up")
5. She grew up in a moldy room in an old, fixer-upper house that was poorly maintained. (Verbatim: "at my parents house like growing up my room was moldy so i have a non-moldy room now which is really nice")
6. She is prone to becoming "hangry" — angry due to hunger — and her family and friends are aware of this trait. (Verbatim: "i don't know if you guys ever noticed um yeah yeah yeah my fam family know me and my friends know me for being a very hangry hangry person")
7. She has a strong preference for snacks and keeps a large supply on hand, especially during work. (Verbatim: "i have a lot of snacks oh gosh when i used to work in like our office i used to um have like okay so so like i'd have my desk in the office")
8. She once lost a homemade cake to mold after leaving it unattended for weeks, which she found distressing. (Verbatim: "and then it was no longer cakey it wasn't cake by the end of this story it was a whole new world of a whole ecosystem very colorful")
9. She has a fondness for chocolate bars, which she stored in a filing cabinet at work as part of a snack system. (Verbatim: "each file is just a different chocolate bar basically i had a whole filing system worth of snacks")
10. She previously drank Lucas Aid (a fizzy gatorade-like drink) but has since switched back to Coca-Cola. (Verbatim: "i finished up my lucas aids and now i'm done friendship with lucas aid ended coca-cola friendship restarted") [end of text]



1. She has a pet named Alia. (Verbatim: "okay let me go get the lead and the collar or would you prefer a harness why am i like this just put me in the bin just")
2. She enjoys morning and evening streams, with morning streams typically being talking or "zatsu" style. (Verbatim: "i like having my morning and evening stream i like i like how i like dividing it so that the morning stream is always a talking stream pretty much like or a zatsu stream")
3. She has a history of severe procrastination, including staying up three days straight to finish an ML project. (Verbatim: "i've stayed up three days straight finishing an ml project right before a deadline after putting it off for two months at once learned to never do that again")
4. She once stayed up over two days straight playing a video game, specifically Dangam Rompa. (Verbatim: "i remember staying up for over two days straight to play dangam rompa um because i was really really really into it")
5. She dislikes AI-generated content, particularly when it involves creating a new batsuit design. (Verbatim: "nope no it literally makes me feel sick sorry not sorry um no it's like maybe it's that instinct it's like instinct genetic instinct but it makes my stomach bad")
6. She has a fondness for cheesecake, even though it contains cheese. (Verbatim: "cheesecake is delicious even if it has cheese in it i i do like cheesecake now cheesecake is yummy")
7. She finds it difficult to play video games in the morning. (Verbatim: "i don't know for me it works i hope it works for you guys um yeah i do feel i feel like i should mix it up occasionally but i don't think morning me is very good at video games")
8. She has a habit of confusing Friday with Thursday, indicating a recurring mental lapse. (Verbatim: "i keep thinking it's thursday it's friday i'm so so i'm so sorry i'm so sorry if i just scared anyone into thinking it's thursday")
9. She is aware of her own self-perception as messy and not particularly beautiful. (Verbatim: "i don't know if i'm a beautiful person i don't think i just think i'm a normal i think i'm a messy person i think i'm a mess but i'll be your mess okay")
10. She values the emotional connection with her viewers, especially during morning streams. (Verbatim: "seeing you the first thing in the morning always makes my week it's always turned my chaotic morning into a comfy happy one") [end of text]



1. She experienced bullying during school and struggled with self-blame, believing she might have done something wrong to deserve it. (Verbatim: "what have i done wrong you know like like have i done something wrong to deserve this or something like that you know")
2. She believes school bullies often lacked malice and were simply unaware of the harm they caused, attributing their behavior to thoughtlessness rather than evil intent. (Verbatim: "i don't think they actually had malice i think they just thought they were funny and they just didn't think about the feelings and the trauma that they would cause")
3. She finds comfort in the idea that people aren't inherently evil, emphasizing that "people are people" and that understanding their lack of malice helps with healing. (Verbatim: "people are people people are people that is my wisdom so thus yeah yeah yeah yeah")
4. She has a deep emotional connection to the anime film *A Silent Voice*, which resonates with her own experiences of bullying and self-blame. (Verbatim: "one of my favorite anime films um is a silent voice because there's like a part in it which like really gets to me")
5. She identifies as a lurker and acknowledges that she herself is shy, though she is not allowed to lurk in her own streams. (Verbatim: "i am a lurker myself just not allowed to work in my own streams because that doesn't work")
6. She has a strong emotional response to being bullied, including crying when others share similar experiences, and feels deep empathy for those who have gone through similar pain. (Verbatim: "when you were talking about bullies and got to the what have i done wrong i cried ouch that one hits hard")
7. She finds comfort in the idea that she can make a difference in the world by bringing happiness to others through her streams. (Verbatim: "if i brought a little bit of happiness to someone's world i dig it today is how i can feel like i've it's my way of feeling that i can make some kind of difference")
8. She values the calming and cozy atmosphere of her streams, which she intentionally cultivates to help viewers relax, especially during stressful times. (Verbatim: "your normal streams are almost always calm and cozy for me even even my gaming streams yo yeah the combination of your chill vibes and pleasant and comforting voice always helps me relax")
9. She has a complex relationship with food, expressing both a long list of foods she enjoys and a playful fear of being called a snack by someone she knows well. (Verbatim: "knowing ellie's record with food i'm starting to get scared of her calling me a snack please don't forget us")
10. She has a strong preference for anime as a form of escapism from the pressures of school life, stating she will live her high school experience through anime instead. (Verbatim: "i'm gonna go have lunch i'll be back in about eight hours and yeah eight hours and 20 minutes where i'll be playing") [end of text]



1. She uses virtual hugs and expressive sounds/movements to comfort others during difficult times. (Verbatim: "I do my best to give hug virtually through my words and through my weird sounds and movements I'm trying")
2. She acknowledges the pain of others and strives to provide emotional support. (Verbatim: "fully what that pain can be like I do my best to give hug virtually through my words")
3. She expresses resilience and encouragement in the face of hardship. (Verbatim: "yeah yeah yeah we'll we'll keep on keep on rolling through this awful universe yeah let's hang in do it")
4. She promotes self-care and enjoying personal treats as a form of happiness. (Verbatim: "let's go enjoy chicken parker or whatever food makes you happy happy treat yourself do it do it")
5. She uses the phrase "see you later" instead of "bye-bye" as a way of ending interactions. (Verbatim: "it's a see you later") [end of text]



1. She is a professional procrastinator. (Verbatim: "i'm a professional procrastinator i think if i could write it down on the cv i would i am an extremely professional at")
2. She once took a calculated risk by only studying half of her lecture material for an exam. (Verbatim: "i decided to only look at the first um look at the first 10 lectures i literally pretty much took the other the second half of the lectures and did not bother with it")
3. She got lucky when all three exam questions were from the first half of her lecture material. (Verbatim: "all three all three questions were from the first 10 lectures so like that meant if i'd picked the other half i'd have heckin gone straight to fail city")
4. She has a high score of around 3000 in the watermelon game (Suika). (Verbatim: "i think my my high score is like 3000 and something")
5. She has a habit of staying up late playing the watermelon game (Suika). (Verbatim: "i stayed up last night because i was playing the watermelon game again i'm sorry i'm sorry i was playing the the watermelon game again")
6. She is considering organizing a large Suika tournament with prizes. (Verbatim: "i'm this close to just being like screw it let's do a massive suika tournament or something like that could could work")
7. She finds it difficult to come up with creative prizes for challenges. (Verbatim: "i don't know what prize would be good a watermelon but yeah like a big suika tournament i don't know i don't know")
8. She has a recurring habit of using voicemail as a punishment (batsu) in games. (Verbatim: "i'm so sorry um but yeah yeah like i don't know well i would set up an entire tournament just to get id to read voicemail again")
9. She has a playful fear of future consequences from her current habits. (Verbatim: "i have a bad feeling though one day the revenge of id will occur and i will be having to read boy smile myself")
10. She is currently involved in a science module at university. (Verbatim: "it was one of the one of the um science modules and you basically had to write a scientific um essay about it") [end of text]



1. She applied to and was accepted into a medicine program at university but chose not to continue. (Verbatim: "I had applied to medicine and got into medicine then chose to not to continue doing well and i just didn't even start the course but at least i got in")
2. She considered pursuing a career in medicine due to her mother's wishes. (Verbatim: "as with the hopes and dreams of mama elia um it's she wanted me to um become a doctor")
3. She found multiple-choice exams to be particularly unfair and frustrating. (Verbatim: "i don't like multiple choice um they're actually i actually found them harder than the than the other ones because they're so mean")
4. She dislikes exams that test rote memorization and prefer critical analysis over memory-based assessments. (Verbatim: "i prefer ones that aren't memory tests i prefer ones that are like more like critical analyses or something")
5. She struggled with a particularly tricky multiple-choice question that hid key information in a tiny caption beneath a small image. (Verbatim: "it was in the caption like tiny tiny tiny tiny writing tiny tiny writing caption part of an image like a tiny image of like we will even look like a stock image it was like a picture of a candle or something")
6. She believes the university system intentionally creates difficult questions to maintain a bell curve distribution of student grades. (Verbatim: "they have to purposely make if if say your year is really smart it's irrelevant well it is relevant because now you actually have to be like smarter")
7. She finds the requirement to achieve above 70% to earn a first-class degree to be an unfair system. (Verbatim: "to get a first a first you have to get above 70 percent um so they want to make sure the majority of people do not get above 70 that's basically what they're trying to do")
8. She believes the minimum passing grade for first-year university in the UK is 40%. (Verbatim: "i think the majority is 40 percent for universities here to pass to not get kicked out")
9. She knows someone who was expelled from university for misunderstanding the 40% passing threshold as needing to pass 40 out of their modules, not 40% in each. (Verbatim: "i know someone that did get kicked out them oh so stupid well i think it was more of a them problem um where they kind of misunderstood the 40 percent and thought that like um it meant like 40 of the modules")
10. She views the medicine degree program as extremely competitive and difficult, calling it the second most difficult thing she's experienced. (Verbatim: "i'd say the second most difficult thing i think the most difficult it's definitely extremely competitive it's extremely competitive and extremely difficult") [end of text]



1. She took the UKCAT (University Clinical Aptitude Test) for medical school applications. (Verbatim: "I took the uk cat in the same room as people do in their like um theory their driving theory")
2. She found the UKCAT exam stressful and physically affected her, shaking during results. (Verbatim: "they handed me a piece of paper afterwards and i was like shaking shaking so hard")
3. She struggled with the quantitative reasoning section of the UKCAT. (Verbatim: "oh gosh i hated this section so much")
4. She enjoyed the abstract reasoning section of the UKCAT, finding it fun and game-like. (Verbatim: "this one i liked yeah i like this one this one felt like a fun game")
5. She has a pet named Lila who is a dog (likely a pug or small breed). (Verbatim: "lina stop licking my feet stop that's weird" and "hello hello puppy yes i give you pets")
6. She has a strong preference for visual/pictorial problems over numerical or text-based ones. (Verbatim: "if someone gives me a question to do with these cute pictures or tax i'm gonna pick the cute picture question")
7. She applied to medical school but doubts she would have succeeded due to the exam's nature. (Verbatim: "i don't think i'd have done well in medicine")
8. She paid money to take the UKCAT exam. (Verbatim: "you have to pay money you have to pay to do this test what in the that's not fair")
9. She remembers receiving her UKCAT results on a physical piece of paper. (Verbatim: "i'm 1000 certain i was handed a piece of paper")
10. She is familiar with the application process for music conservatoires, which she considers very expensive. (Verbatim: "what's really expensive is applying for the conservatoire conservatoire i think is that what i don't think i'm pronouncing it right") [end of text]



1. She is a French horn player. (Verbatim: "yeah i'm a french horn player yeah")
2. She began playing the cornet before switching to the French horn. (Verbatim: "before before the french horn i was playing the trumpet well no i was playing the cornet specifically")
3. She was drawn to the French horn because of its challenging nature and majestic sound. (Verbatim: "that's why i was really keen to play it because i was like what yeah challenge challenge challenge give me the challenge please i take it")
4. The French horn is considered one of the most difficult instruments, with a wide range spanning both treble and bass. (Verbatim: "the reason it's so difficult compared to like other brass instruments is that it plays in both um treble and bass so the range on it is insane")
5. She has a pet samoyed named Bobby. (Verbatim: "hello bobby oh bless her um")
6. Her dog, Bobby, weighs 23 kilograms (approximately 50.7 pounds). (Verbatim: "i can just about lift my dog my dog is 23 kilos so yeah")
7. She previously worked at a zoo, where she had to carry 25-kilogram bags of animal food. (Verbatim: "when i worked at the zoo the the bags of food i had to carry were 25 kilos so but i don't think i could lift those anymore")
8. She has difficulty carrying heavy objects, with a personal limit around 20–23 kilograms. (Verbatim: "i don't think i can carry anything more than like 20 something kilos i would say")
9. She was not initially close to her dog, who was not affectionate when she first got her. (Verbatim: "when i got her she wasn't the most cuddly of dogs she wasn't like the biggest fan of being petted or anything like that")
10. Her dog has become increasingly affectionate over time and now enjoys cuddles. (Verbatim: "now she's like begging for pets so she's all good and now she she actually wants she actually wants the hugs and things like so yeah she is super super chill and and happy") [end of text]



1. She has a strong aversion to bananas. (Verbatim: "i don't like bananas i don't no no no no no no bananas")
2. She has a recurring dream about ordering a chicken burger that takes forever and waking up just as she gets it. (Verbatim: "i've had that dream so many times i'm like something's wrong with me like why do i keep having this dream")
3. She cries every time she wakes up from the chicken burger dream due to hunger and disappointment. (Verbatim: "i cry i cry now oh i cry every time every time i cry")
4. She once had a severe reaction to an overboiled egg that turned grayish-green, causing fear and lasting trauma. (Verbatim: "i was really scared like like really really scared i thought there was something wrong with the egg")
5. She holds long-standing grudges against food she feels has betrayed her, refusing to eat it for several years. (Verbatim: "when i get betrayed by food i literally won't eat it for like five years")
6. She experienced a major betrayal upon discovering cheesecake contains cheese, leading to a years-long avoidance of the dessert. (Verbatim: "i've been so betrayed it called itself a cake but it's made of cheese and it doesn't taste like it utter betrayal")
7. She has a history of overeating, particularly with bread and instant noodles, which led to stomach discomfort and food-related trauma. (Verbatim: "i thought i could handle eating two packs of instant noodles in one sitting and then i felt sick")
8. She identifies as someone with "eyes bigger than your stomach," often overestimating her ability to eat large amounts. (Verbatim: "i'm definitely definitely in that category of eyes bigger than your stomach")
9. She has a separate mental "stomach chan" just for dessert, as she often wants dessert despite not finishing her main meal. (Verbatim: "i have separate stomach chan just for dessert okay because like the amount of times i've been denied a dessert")
10. She struggles with the concept of food betrayal and has a long list of foods she avoids due to past negative experiences. (Verbatim: "i have quite the list of of foods that like okay bread was completely my fault okay") [end of text]



1. She frequently receives child tickets despite being an adult. (Verbatim: "sometimes though i fully accept it like so is that like this museum at this museum and it had like a section that was um that you could only you had to pay to enter it was like like sometimes the museums are free but like there might be like an extra section sometimes")
2. She feels uncomfortable being mistaken for a minor due to her appearance. (Verbatim: "i am adult so so i was walking over like checking out the price and and the security card is like oh it's fine it's fine you like like under 18s go in for free")
3. She has a strong aversion to spending money on adult tickets when child tickets are offered. (Verbatim: "i don't want to spend the five buckaroos okay i don't wish to spend them five buckaroos if you say going for freeze i'm going in for free")
4. She finds it easier to remember dog names than human names. (Verbatim: "i'm very good with dog names though so like i'll recognize somebody based on their dog")
5. She struggles with recognizing people by their faces or remembering human names. (Verbatim: "i'm very bad with names um i'm very good with dog names though")
6. She is aware that her neighbors may not know her name. (Verbatim: "i don't know my neighbor's name so i hope they don't know mine")
7. She keeps her bedroom door closed to avoid being overheard by people in the corridor. (Verbatim: "i have to keep the i keep my bedroom door shut because the corridor like the only bit that's not soundproof is the the door to the corridor")
8. She is anxious about strangers in the corridor and fears potential doxxing. (Verbatim: "i don't want you to hear any because you don't you never know what strangers are gonna say they might say like i don't know what if they just take and dox me somehow")
9. She has a white fluffy dog that she associates with her identity in her neighborhood. (Verbatim: "like i would remember the girl with the white fluffy dog like you know that's how i would remember me")
10. She has a background in data science and is familiar with mathematical concepts. (Verbatim: "that's why i'm trained as a data scientist ha ha ha ha ha fun fun heck it's all mathematics") [end of text]



1. She has a white fluffy dog that is well-known to her neighbors. (Verbatim: "like i'm sure they don't remember my name i'm sure i'm just known as the girl with the white fluffy dog")
2. Her brother once sat for her dog, causing confusion among neighbors who didn’t recognize the dog with a different person. (Verbatim: "apparently my neighbors got very very very confused when i had my brother dog sit for me")
3. She has a sibling who looks very similar to her, with slightly different facial features. (Verbatim: "this is the older one the younger one has different face slightly different face")
4. She identifies as physically weak and not muscular, and explicitly denies having strength or lifting weights. (Verbatim: "i'm not muscular like i do not lift okay i do not lift like okay please i'm not")
5. She lacks confidence in physical confrontations and would not bet on herself in a fight. (Verbatim: "i would actively tell people to not bet on me because i have zero confidence that i would do well in said fight")
6. She uses tools like a nutcracker-like device to open bottles due to her lack of strength. (Verbatim: "i use this to like um to to open up bottles um this is literally the only reason for this tool")
7. She uses a spoon or knife to open jars by releasing air pressure. (Verbatim: "for jars you just pop the lid pop the lid with a spoon or a knife")
8. She enjoys solving puzzles, which has become a recurring activity during her streams. (Verbatim: "i think it is possible for me to do the multi-task um yeah chess was definitely chess was something i was working on before")
9. She has a traumatic memory involving a crunchy banana that betrayed her taste, leading to emotional distress. (Verbatim: "until until until one fateful day one fateful day she decided to eat a banana she took a bite it went crunch and thus she was betrayed by beber by a crunchy banana")
10. She has a strong aversion to bugs in her food, especially if they appear in drinks. (Verbatim: "if it's a bug that dares to come between me and my food oh gosh i think my fear my fear is you know when people have like gone to like have have like a drink and then they realize like in their cup there's like a bug or a spider or a wasp or something like that") [end of text]



1. She is not suited to the wilderness and prefers indoor environments. (Verbatim: "I'm not very suited to the outdoors you might have guessed i know shocking absolute shock")
2. She has a strong aversion to bugs in her drink and refuses to consume water if a bug is present. (Verbatim: "my standard is no bug in my drink okay like it's not that much to ask for is it too much")
3. She values indoor comforts such as walls, electricity, doors, flat ground, and pavement. (Verbatim: "i appreciate having walls i appreciate the bugs not trying to unalive me i appreciate electricity i appreciate doors")
4. She deeply appreciates warm showers and finds them joyous compared to river water. (Verbatim: "the joy the joy i felt from that like yep i appreciate it i appreciate it like like so much")
5. She has a fear of falling and was terrified during a jungle trek when guides fell through holes. (Verbatim: "i was like if i fall i'm heckin deaded like it was too many times too many times did i think that")
6. She struggled with navigation in natural environments and often forgot her compass. (Verbatim: "i always forgot my compass as well like i think i only i kept forgetting my compass")
7. She finds outdoor air unnecessary and believes indoor air is sufficient for survival. (Verbatim: "if there was no air inside i'd be dead like you're acting like i ain't got air")
8. She enjoys British television shows available on Netflix. (Verbatim: "i caved and and ended up signing up for netflix but they actually have a lot of british shows on there")
9. She finds the air in England to be crisp and dry, which she appreciates. (Verbatim: "the air in england is definitely a lot more like crisp and like more dry um that's definitely one of the things i first noticed")
10. She has a preference for warm and cozy environments and avoids cold climates. (Verbatim: "i don't know why i'd want to go somewhere colder i like being warm and cozy") [end of text]



