1. She has a habit of procrastinating until the deadline. (Verbatim: "Elia's reliable, but she does everything the night before the deadline.")  
2. She refers to herself as "reliable" despite her tendency to delay tasks. (Verbatim: "I am reliable, though. Reliably consistent with my procrastination.")  
3. She keeps a large amount of files in her downloads folder, totaling at least 30 gigabytes. (Verbatim: "I had like 30 gigabytes at least in there. That's wild.")  
4. She maintains a backup folder for her stream content, including BGM. (Verbatim: "I actually, yeah, I think I made a backup folder.")  
5. She has a folder named "OBS stream" that contains all her stream-related files. (Verbatim: "I actually have a folder called OBS stream and it's actually got everything in it.")  
6. She enjoys drinking Coca-Cola, with four cans present on her desk after tidying. (Verbatim: "How many cans of Cola on my desk today, guys? ... The answer is one, two, three, four.")  
7. She humorously compares her reliability to British Wi-Fi, implying it's inconsistent. (Verbatim: "Is the waifu as reliable as British Wi-Fi?")  
8. She has a self-aware, playful relationship with her own procrastination, joking about it repeatedly. (Verbatim: "I do it on the deadline.")  
9. She acknowledges that her name appears in the word "Elia-legal," which she claims is a real word. (Verbatim: "Also, did you notice the word Ellia is in the word Elia-legal.")  
10. She has a recurring joke about being "reliable" despite her chaotic habits. (Verbatim: "Good old reliable, Elia, to always be there eventually, even if she's late.") [end of text]



1. She is a British VTuber. (Verbatim: "hi i'm ellia stellaria a british vtuber")
2. Her VTuber name is Elia Stellaria. (Verbatim: "hi i'm ellia stellaria a british vtuber")
3. She created a character named Goose Demure. (Verbatim: "i'm going to rp as a gustamia the fanciest the fanciest the fanciest of of it")
4. She has a fictional persona that involves committing "wholesome crimes" and "wholesome murder". (Verbatim: "i'm going to commit crimes and sell drugs and in wholesome ways wholesome murder")
5. She enjoys fashion and considers herself "the fanciest goose of all". (Verbatim: "goose demure the fanciest goose of all in in in the whole place of wherever this is")
6. She has a preference for high heels and platform shoes. (Verbatim: "i like wearing like platform like shoes")
7. She finds flippers to be a suitable footwear option for her character. (Verbatim: "i think the answer is flippers guys are you okay with me wearing my flippers")
8. She has participated in VEXPO, including meet-and-greets and panels. (Verbatim: "i was at vexpo i was indeed i had a meet and greet and two panels as well")
9. She identifies with a bird-like (birb) aesthetic in her character design. (Verbatim: "why am i a birb you missed out the cute birb part")
10. She values being perceived as stylish and quirky in her character presentation. (Verbatim: "i need something that says it's as impractical as heck yeah i need something that screams but still stylish") [end of text]



1. She created a character named "Goose Demure" in a game, which she considers fantastic and glorious. (Verbatim: "look at her goose demure look at look at her look at her isn't she fantastic yes")
2. She identifies strongly with the character Goose Demure, who is associated with organized crime and a rebellious persona. (Verbatim: "goose demure is here and she does not mess around")
3. She has a fictional backstory where her character turned to crime due to being "roasted" and having "boobs" that store her rage. (Verbatim: "this is why goose demure turned to a life of crime okay because of because of the the rage the rage getting roasted too much")
4. She finds decision-making and responsibility draining, indicating difficulty with making choices. (Verbatim: "decisions drain me i'm not very good with decisions and responsibility")
5. She enjoys role-playing and getting into character, particularly for streams involving immersive personas. (Verbatim: "i need to like really get into character like properly become goose demure")
6. She has a strong preference for yellow, which she finds perfect for her character's design. (Verbatim: "the yellow is so perfect it's more like i'd feel more comfortable getting used to the controls")
7. She has a habit of buying chicken nuggets, biscuits, snacks, and cola, indicating a preference for processed or convenience foods. (Verbatim: "i bought chicken nuggets yes i'm very mindful very demure")
8. She has a recurring interest in GTA roleplay, having streamed it before and planning to continue with longer sessions. (Verbatim: "if i get like the ball rolling with the gta rp i will probably end up doing a long stream with that")
9. She references a fictional "magic banana" as part of her stream lore, suggesting it's a recurring inside joke or theme. (Verbatim: "wait a second wait a second and these magic bananas i'm sorry i would not look but")
10. She has a fictional nemesis named "Demyo" and a character named "Wadler" whom she admires, indicating ongoing narrative elements in her content. (Verbatim: "you must be talking to demyo because that was truly a beautiful character we made") [end of text]



1. She has a messy sleeping environment, with a disheveled bed and tangled bedding. (Verbatim: "the fitted bed sheet was like coming off and i haven't like put it back so it's like half off and the duvet like the blankie is like not really properly in its cover and then it kind of got tangled up inside so the the blanket doesn't work and the pillowcase is also half off and and nothing's in place it's it's i don't know how this happens but i'm not a very um")
2. She snores while sleeping, described as sounding like a small piglet. (Verbatim: "it's like the sound of a um um like a baby pig like a small piglet yeah")
3. She sleep talks, and has recorded herself doing so, mentioning something about pizza and turning over. (Verbatim: "something about pizza something about i need to turn over followed by insert rustling noises here")
4. She was caught sleeping during a Discord chat with a friend named Mozu. (Verbatim: "i fell asleep and then i woke up and then i was like and then mozu was like ellia you were snoring")
5. She has been told she has a strange way of thinking. (Verbatim: "i've been told i think in a strange way")
6. She believes her personality is messy and not particularly good, despite others finding it charming. (Verbatim: "i think i'm a mess" and "i don't think i have a great personality")
7. She is self-aware of her disorganized nature and finds it frustrating. (Verbatim: "it's actually it's actually quite bad um oh gosh oh my god you know what happened last night")
8. She is aware that her snoring and sleep talking have been recorded by others. (Verbatim: "mozu got some exclusive exclusive ellia snoring asmr because i sucked out")
9. She is not confident in her own personality, even when praised. (Verbatim: "no ironically if i had a good personality i could accept it but no i will be a punk and i'll be what's the opposite marvelous unmarvella marvelous oh god")
10. She has a habit of falling asleep during online interactions, indicating possible sleep irregularities. (Verbatim: "i didn't realize this i fell asleep and then i woke up") [end of text]



1. She has a natural English farmer accent that she finds difficult to use due to cultural suppression. (Verbatim: "I have a natural English farmer accent. Which is why you might hear certain words like 'idear' or 'I don't really know.'")
2. She was consistently told to "Speak proper, Ellie" and to "Pronounce your T's" and "Don't do so many R's" during upbringing. (Verbatim: "Speak proper, Ellie. Speak properly. Pronounce your T's. Don't do so many R's.")
3. She identifies as being from the southern part of England. (Verbatim: "I'm southern. Ain't is a word. Ain't no way that's a word. Ain't? Ain't is a word. We use word ain't.")
4. She finds her natural accent painful to use and cringes from it, preferring to speak more formally. (Verbatim: "I cringe from my natural accent because it hurts me. Like, yes.")
5. She is interested in roleplaying as a posh British lady who uses British slang and swearing in character. (Verbatim: "I'm going to be a criminal. I'm going to be an absolute criminal.")
6. She has considered creating a character named "Miss Demure" for a GTA RP server. (Verbatim: "Wait, I love that. I love that. Miss Demure. Miss Demure.")
7. She attempted to join a theatre school but was unable to due to cost. (Verbatim: "I tried to join the theatre, but you can't because the theatre is expensive and thus it costs money to be a part of a theatre school in England. It's not free.")
8. She is not a theatre kid despite occasionally giving off that vibe. (Verbatim: "I'm not a theatre kid. I know I give off the vibe sometimes, but I'm not.")
9. She is comfortable with using British slang and swearing in roleplay, even if she doesn't use it in real life. (Verbatim: "I'd be like you absolute plonker... I can break the mental barrier that stops me from swearing.")
10. She has a habit of mentally resisting instructions, even when compliant in action. (Verbatim: "If I'm doing the dishes and my mother comes down and is like 'Elia, you should do the dishes' and I'm there already doing the dishes, I'm gonna put them dishes down and be like... I don't want to do this anymore.") [end of text]



1. She was very short for her age until she was 18. (Verbatim: "I was really short for her age until like I was 18 okay I was 18 like 16 17 18 I can't remember but I was really like half my height for for most of the time")
2. She once sneaked onto a go-kart at Legoland by standing on her tippy toes despite the height requirement. (Verbatim: "I went on my tippy toes as best as I could and went past without anyone noticing me")
3. She had to sit extremely low in the go-kart to reach the pedals, to the point where she couldn't see. (Verbatim: "I had to like alternate between like this and this and this and this because like I couldn't see like I straight up couldn't see")
4. She believes height requirements are based on ergonomics and anthropometrics. (Verbatim: "It's like ergonomics and anthropometrics like yeah which is like making sure things fit to the human body")
5. She identifies as a VTuber and believes this comes with an innate trait of making random noises. (Verbatim: "When you become a VTuber you automatically get this package installed into your brain that makes you do weird noises all the time")
6. She feels she cannot communicate with regular human society due to her constant random noises. (Verbatim: "You go outside and you realize you can't communicate with a regular human society anymore because all you do is make weird noises")
7. She has a playful, self-deprecating sense of humor about her persona and habits. (Verbatim: "Self deprecation at its finest yeah oh the random noises")
8. She enjoys improvisational, unstructured streaming with no set topic. (Verbatim: "I'm trying out this thing where I set the stream as stream so I'm not tied down to any particular activity")
9. She is skilled at improvising and maintaining long, tangential conversations. (Verbatim: "I am your tangent queen yeah apology yeah because like apparently yapping is a skill to be able to talk about anything and everything all at once")
10. She has a fondness for the game *Ratatouille*, though she mentions it in relation to another film. (Verbatim: "I want to rewatch ratatouille um I haven't seen it in so long") [end of text]



1. She has a distinctive, melodical voice that varies dramatically in pitch. (Verbatim: "my voice is very melodical i've been told it's it's if you're looking for a monotonous voice you're in the wrong place")
2. She enjoys roleplaying as criminal or villainous characters with a humorous, exaggerated tone. (Verbatim: "i wonder if i need to see what the setup is exactly for this because i'm not too sure to be honest")
3. She has a strong preference for using a "goose" persona in roleplay, including the use of honking sounds. (Verbatim: "i'm the ah goose of rain because i do bring rain everywhere that is so true that is so true")
4. She finds it difficult to maintain certain voice effects, like a consistent criminal tone, over extended periods. (Verbatim: "it's really hard to keep up the uhu voice like")
5. She is interested in creating a character that blends crime, humor, and a goose-like persona, possibly with a nickname like "The Waddler". (Verbatim: "the waddler the waddler is here do you guys like that do you guys like that is it okay")
6. She has a fondness for anime-style character reimaginings, particularly female versions of historical or male figures. (Verbatim: "you want this historical character girl you want this one little girl you want this one a lady with giant honkers")
7. She enjoys using internet culture references and meme aesthetics in her content, such as 2006-era e-girls and emo pop-punk themes. (Verbatim: "yeah a 2006 prototype e-girl yeah yeah yeah yeah yeah yeah i think i'd rather run into traffic")
8. She has a habit of downloading large games, such as one that is 113 gigabytes in size. (Verbatim: "it was it was really annoying though because i couldn't find it and i didn't realize it's under epic games like yeah wait how big is the game 112 gigabytes")
9. She has a strong emotional connection to her content creation, often expressing excitement and enthusiasm during character development. (Verbatim: "oh wait this is fantastic guys guys i think we found we found our character")
10. She has a playful, self-aware attitude toward her own voice and performance, often experimenting with tone and delivery. (Verbatim: "yeah my voice went super high then super low yeah i like to do that i really like to mess with you all") [end of text]



1. She has a very strict childhood. (Verbatim: "so ah my ears again how did that happen again why does it make so much noise why do i have to make another account i don't want to make another account please oh my goodness my ears my hair my ears my ears my ears my ears my hacking ears be i was i just calmed down like oh oh and now we need to check the activation email another email from my inbox hi hi hi hi confirm okay okay i got this i got this don't worry don't worry i have done first second third line support i can do this just don't get doxed how would i get doxed wait how am i getting doxed why would you say that wait where's the doxing you guys will find out i'm british and that'll be terrifying like oh no we can't have that um absolutely not no can i get doxed in gta i don't know i don't know um yeah oh no the cats are out of the bag they're british happy 60 months you're british unsubbed oh no oh no i love how the picture kind of matches the mood of all um um oh please come back also hello hello welcome on in hi why you guys must really like me if you're okay with me being british like let's see okay why is that so loud")
2. She is British. (Verbatim: "you guys will find out i'm british and that'll be terrifying like oh no we can't have that")
3. She is easily startled and prone to panic. (Verbatim: "the feeling of panic runs through my veins")
4. She has difficulty with technical setup and login processes. (Verbatim: "this is pain but i can complain to you while i do it because i'm really good at that")
5. She has experienced frustration with game account linking and verification processes. (Verbatim: "i need to yeah like link rockstar to epic games the pain is real why why why is it like this the the the pain of having to log in like 20 times")
6. She has a history of poor sleep quality due to recurring dreams about games. (Verbatim: "today when i went to sleep i had a dream about mario kart because i played mario kart yesterday and it was very much on my mind")
7. She frequently dreams about games she obsesses over. (Verbatim: "if i overly obsess over a game i will 1000 have a dream about it")
8. She performs poorly in games even in her dreams. (Verbatim: "i don't win many games in my dream actually i don't normally win")
9. She finds it difficult to control her movements in dreams. (Verbatim: "i remember thinking i don't have control over as well")
10. She has a strong emotional reaction to sudden loud sounds. (Verbatim: "my ears got blasted i got crunchy for a second oh sorry whoops whoops i'm just gonna open the game and then and then quit it okay okay i'm gonna close that and then i need to open it through something else yeah opening a game for first time will always blast your ears into the oblivion") [end of text]



1. Her birthday is March 7th. (Verbatim: "demure wonderful birthday you guys know my birthday it's the 7th of march")
2. She is British. (Verbatim: "i'm in britain it's free it's free i wonder if my pc would be able to handle gta 6 so like actually i'd hope i'd upgraded by then like yeah yeah it was announced for quarter three or quarter four oof what quarter are we in right now wait i can figure this out")
3. She has difficulty with character creation in video games. (Verbatim: "this game is difficult guys um damn um the first name the last name modeler you're my irl name oh okay i'm kidding i'm not stupid")
4. She finds it challenging to create a character that resembles a goose. (Verbatim: "none of them remind you of a goose yeah none of them do like what does a goose even look like why can't this have the feather that'd be perfect")
5. She has a strong aversion to being flash-banged during streams. (Verbatim: "i got flash banged hard like um okay okay I need to let's let's do some let's do some setting up of things")
6. She has a preference for the name "Goose" as a first name. (Verbatim: "first name goose and then second name why is this so hard")
7. She references a fictional character named "Miss Goose Demure" with a backstory of being raised in a puddle under a bridge. (Verbatim: "goose raised in the pond of the streets raised in a puddle under a bridge had it rough yeah it had a rough time it's a tough tough time gotta do what you gotta do")
8. She humorously mentions that her character should not be born on March 7th, 2024. (Verbatim: "you mean i'm not born 7th march 2024 that's wild")
9. She is familiar with the game GTA and its upcoming release. (Verbatim: "um yeah i know we got ellie acknowledging her goose lord playing gta before gta 6 when does gta 6 come out")
10. She has a self-deprecating sense of humor about her online identity and personal details. (Verbatim: "and then and then i die") [end of text]



1. She is creating a goose-themed character in a character creation tool. (Verbatim: "I'm making it's going to be fantastic um no freckles")
2. She struggles with character design and finds it overwhelming. (Verbatim: "this is so difficult like this is so difficult")
3. She has difficulty with facial feature customization, particularly eyebrows and eye color. (Verbatim: "eyebrows are hard i don't think it knows i don't know dark bluish like this")
4. She is unsure about the appropriate appearance for a goose, including eye color and facial features. (Verbatim: "what color what color what color eyes do geese have guys I can't remember")
5. She considers using a red stripe on her character but worries it makes her look like a clown. (Verbatim: "i need to have a red stripe wait really god i look like a clown")
6. She is uncertain about the age of her character, questioning whether she should be young or old. (Verbatim: "am i an old goose am i an old goose or or a young goose")
7. She references a hoodie she bought, suggesting it may be part of her character's outfit. (Verbatim: "you just bought a hoodie from past all that look you got wait which hoodie")
8. She has a friend named Elikius Delikia who is also a VTuber. (Verbatim: "hello it's elikius delikia yeah do you like my goose character")
9. She mentions having a birthday that was recently celebrated, though she doesn't recall the exact date. (Verbatim: "wait right now happy birthday yo what my tmt friend oh hello it's elikius delikia")
10. She finds the character creation process frustrating due to technical limitations like camera controls and movement. (Verbatim: "why can't i move my character anymore oh oh i can't turn damn it") [end of text]



1. She is creating a goose-themed VTuber character. (Verbatim: "I'm going to be a goose")
2. She finds the default character model to be a "dirty seagull". (Verbatim: "the default seems to be dirty seagull")
3. She dislikes when hair clips through the eyes in character creation. (Verbatim: "oh god it's clipping through the eyes it's terrifying")
4. She wants her character to look cute. (Verbatim: "I just want my seagull to look cute okay")
5. She identifies with the story of the ugly duckling. (Verbatim: "i think maybe maybe if the ugly duckling turned like average but it's so sad")
6. She is considering a voice that is "fancy", "elegant", and "cutesy". (Verbatim: "torn between something very fancy very elegant very mindful very cutesy very demure")
7. She finds character customization frustrating due to technical issues like clipping and hidden options. (Verbatim: "it's like no i'm gonna spend 20 hours in character creation and no one's gonna stop me")
8. She has considered a "business goose" aesthetic. (Verbatim: "is it the business goose sounds very demure")
9. She is open to a "frilly" outfit for her character. (Verbatim: "a frilly one would be good right really sounds appropriate")
10. She humorously references playing "GTA RP" with her character. (Verbatim: "it's going to be GTA RP and it's going to be the fanciest lady") [end of text]



```
1. She finds trousers uncomfortable and prefers not to wear them. (Verbatim: "I don't like wearing trousers I find them uncomfortable like yeah let's see")
2. She has a strong preference for outfits that convey a "fancy goose" aesthetic. (Verbatim: "I'm really sure whoa yo do you think there's a matching top for this mecha legs")
3. She is frustrated by clothing clipping issues in character customization. (Verbatim: "oh dear oh dear oh dear oh dear oh dear oh dear oh dear quick put some clothes on woman is this covered")
4. She has a recurring struggle with character outfit customization in a game, indicating it's a frequent activity. (Verbatim: "oh my goodness this is a struggle where's my belly it's gone")
5. She expresses a desire to look both cute and intimidating, combining "kawaii" with a "crime boss" vibe. (Verbatim: "hi crime boss yeah um yeah yeah oh we got a fancy that's kind of fancy wait hmm hmm this is difficult")
6. She references a specific number (113) in relation to a character item, suggesting it's a memorable or significant identifier. (Verbatim: "oh my god that's terrifying oh my god that's that's awful oh god oh dear nope nope nope that was uh that was scary for sure")
7. She is dissatisfied with the lack of matching sets in the game's clothing options. (Verbatim: "hmm this is no I don't think it's one one three to match I don't think the numbers line up")
8. She has a playful, self-aware attitude toward her own indecisiveness and frustration during customization. (Verbatim: "oh my goodness the struggle is real the struggle is so real oh dear I don't know how you guys have the patience")
9. She has a fondness for frilly clothing and detailed designs. (Verbatim: "frilly frilly frilly frilly frilly frilly this is such a struggle")
10. She enjoys using the term "goose" as a self-referential or humorous identity marker. (Verbatim: "I believe just one letter off why is there so much why is it too mess what what do you mean news more like nuisance who's a nuisance I'll show you a nuisance I'll show you no yeah this is nice and chill we're chillin we're just chillin")
``` [end of text]



