1. Her name is Elia Stellaria. (Verbatim: "Hi, I'm Elia Stellaria, um, and this is my debut")
2. She has a fear of swimming and being underwater. (Verbatim: "I can't swim, I heckin' can't swim, guys, okay, I'm like an anchor, I go down")
3. She enjoys the song "Can't Help Falling in Love" by Elvis Presley. (Verbatim: "Wise men say only fools rush in. But I can't help falling in love with you.")
4. She finds it difficult to read signs or text. (Verbatim: "I can't read. Yay!")
5. She has a fear of moving creatures or things that move unexpectedly. (Verbatim: "It's one of my fears it's a heckin move")
6. She is fond of chocolate. (Verbatim: "And even more chocolate. It's exactly what you were hoping for.")
7. She is not a fan of the British language setting in games. (Verbatim: "I don't know what this American language is, but we're playing in British")
8. She is not fond of being told to go home or being given unsolicited advice. (Verbatim: "I don't like this weird cat thing, to be honest, but okay")
9. She has a habit of singing when nervous or stressed. (Verbatim: "I think I'll sing the song that I think is the greatest song.")
10. She is not confident in her decision-making abilities. (Verbatim: "I'll be honest, I can't think of a time when I do know what I'm doing, so we're gonna say, no, please help me") [end of text]



1. Her full name is Elia Stellaria, though she can be called Ellie or Elia. (Verbatim: "I am elia still laria but you can call me ellie or elia")
2. She identifies as a celestial messenger from the stars. (Verbatim: "I am a celestial messenger yes from the stars not a goose")
3. She has a mixed heritage, being half English and half Asian. (Verbatim: "I'm actually um half english half asian")
4. She has a master's degree in AI and is trained in data science, AI, and machine learning. (Verbatim: "i have a lot of computer experience um i've worked as a developer um it support i'm not an ai just because i've worked on ai doesn't mean i'm an ai")
5. She has experience working in laboratories and zoos, and lived in the jungle for a few months. (Verbatim: "i've worked in laboratories i've worked in a zoo um experience oh gosh i can't type experience at the zoo and living in the jungle i lived in the jungle for a couple of months so that was tough")
6. She is 151 centimeters tall. (Verbatim: "i am 151 centimeters guys")
7. Her birthday is March 7th, and she is a Pisces. (Verbatim: "it's the seventh oh look it's in british you know the day comes first um of march year zero zero zero zero date is invalid okay one one one one one one one one one one that'll do who knows which year i was a celestial being guys so okay so you're a pisces i'll keep that in mind you fishy punk")
8. She created an application form to apply to be her fans' oshi (favorite VTuber). (Verbatim: "i'm gonna apply to be your oshi um i'm gonna answer these questions and hopefully hopefully i can um i can pass and get get the role")
9. Her favorite oshi marks are a bag and a cloud-like sparkle. (Verbatim: "these are my oshi marks okay these are my oshi marks you punks")
10. She became a VTuber to make people happy and aims to make one million people happy. (Verbatim: "i'm a vtuber because i want to make people happy this is why this is why i'm a vtuber guys okay um i want to make people happy i want to try and make um as many people happy as possible in the best way i feel that i can") [end of text]



1. She has a daily banana poll in her community tab. (Verbatim: "on my channel in the community tab i do a daily banana poll")
2. She is determined to win the banana polls despite others' persistence. (Verbatim: "you guys are stubborn one of us is gonna win it's gonna be me")
3. She wants to improve her singing skills and plans to release original songs. (Verbatim: "i want to get better at singing" and "i want to release um cover well not cover songs just songs")
4. She enjoys working on gunpla (model kits). (Verbatim: "i want to do gunpla")
5. She likes doing hand cam content. (Verbatim: "i want to do hand cam")
6. She dislikes being pushed on swings and not saying goodbye. (Verbatim: "i dislike moths getting pushed on swings and not saying goodbye")
7. She is emotionally affected by kindness and often blushes or cries happy tears. (Verbatim: "you all do make me blush" and "you guys only ever make me happy cry")
8. She has a green screen setup and uses various facial expressions in her streams. (Verbatim: "green screen time" and "i'm gonna show you me")
9. She has a special "hug" expression for when she's feeling extra affectionate. (Verbatim: "when i'm feeling in an extra loving mood we got a hug")
10. She has a fictional "OCI" (Official Character Identity) application form with rules centered around kindness and care for her fans. (Verbatim: "rule zero be kind rule one to look after starling and stananas") [end of text]



