1. She used to hate Tuesdays, which she considered the worst day of the week. (Verbatim: "Actually, funnily enough, I used to hate Tuesdays. Tuesdays were the worst day of the week.")

2. She enjoys strawberry flavor and mentions it’s one of the few fruits she eats. (Verbatim: "I really like strawberry flavor, it's like one of the few fruits that I eat.")

3. She has a habit of drinking beverages like soju and Strong Zero during streams. (Verbatim: "I got two drinks in front of me... We got strong zero, and we have strawberry soju.")

4. She experiences hand cramps when opening bottles, which she finds painful and embarrassing. (Verbatim: "I get really scared opening bottles, because... my hand goes into, like, a weird claw shape, and it gets stuck there.")

5. She is afraid of foot cramps, which are worse than hand cramps for her. (Verbatim: "not as bad as foot cramp, though, foot cramp, I can't move.")

6. She wants to continue her educational series "Ellie Explains," specifically part two on convolutional neural networks. (Verbatim: "I want to continue my Ellie Explains, I really want to do that part two of, like, the convolutional neural network streams.")

7. She previously did an introductory stream on convolutional neural networks but hasn’t covered advanced topics like max pooling yet. (Verbatim: "I just did the intro to CNNs, and we didn't even get to, like, max pooling or anything.")

8. She refers to herself as "yippee" when drinking, indicating a playful and energetic persona. (Verbatim: "I'm just like a yippee kind of person... yippee, nothing.")

9. She emphasizes being a responsible drinker and encourages her audience to be responsible too. (Verbatim: "we shall all be responsible because i am responsible.")

10. She associates League of Legends with fun and party-like streaming sessions. (Verbatim: "it's gonna be like a party, like a League of Legends party.") [end of text]



1. She started playing League of Legends around 2012 or 2013 when she was 11 years old. (Verbatim: "i started playing in like 20 heckin 13 like i was i was i was 11.")

2. She has spent a significant amount of time playing League of Legends, with at least 2,000 hours (117 days) logged on one account. (Verbatim: "i have at least a thousand games... 2k hours 117 days")

3. She owns multiple League of Legends skins, mostly obtained through event passes, with a few purchased using real money. (Verbatim: "the only big money i spent... was the 200... and the side thing that i spent like maybe a hundred")

4. She once spent approximately $200 on League of Legends capsules to obtain a skin. (Verbatim: "this one i bought with like 200 dollars worth of capsule")

5. She has a collection of League of Legends merchandise, including necklaces and bracelets from events like Star Guardian. (Verbatim: "i really liked um was it like a necklace from like star guardian or like the bracelets or whatever they were really cute")

6. She is allergic to wheat, which is relevant because it is an ingredient in beer. (Verbatim: "i'm allergic to wheat, and they use wheat to make beer")

7. She dislikes the smell of urine, particularly in public places like corner shops and elevators. (Verbatim: "why does it smell like pee inside?")

8. She visited Birmingham and was shocked by the poor conditions and unpleasant smells in certain areas. (Verbatim: "we took an Uber around the city and I was like, 'Oh, that's the bad area of town.'")

9. She has a strong liking for the anime character Gojo from Jujutsu Kaisen. (Verbatim: "oh yeah i love gojo who doesn't that's the real question")

10. She previously had a League of Legends account before 2018 but lost access to it. (Verbatim: "i had a different account before and i lost a login") [end of text]



NO RELEVANT INFORMATION [end of text]



NO RELEVANT INFORMATION [end of text]



NO RELEVANT INFORMATION [end of text]



1. She is currently a university student. (Verbatim: "Maybe I'm delusional... I literally have to get up for a uni")
2. Her new semester started recently, indicating she is actively enrolled in university. (Verbatim: "My new semester started literally Monday")
3. She enjoys playing League of Legends and finds it relaxing. (Verbatim: "I love league of legends i like league of legends relaxing game filled with love")
4. She has played Apex Legends, though only a few times. (Verbatim: "i played apex like three times")
5. She claims to know how to play Valorant, though it's unclear how experienced she is. (Verbatim: "i also know how to play valorant")
6. She expresses fear during intense gaming moments, suggesting she gets easily scared while playing. (Verbatim: "I'm so scared")
7. She likes being on the same team as someone named IPN, finding it relaxing. (Verbatim: "i love ipn when he's on my team... you know i get to relax")
8. She has a fondness for scorpions, despite acknowledging they might be frightening. (Verbatim: "i love scorpions okay i don't i know you're my team but like scorpions freak me out")
9. She mentions kidnapping players in-game as a recurring action she enjoys. (Verbatim: "I kept kidnapping people")
10. She references being called "cute and beautiful" and expresses obsession with a character or viewer named Ellia. (Verbatim: "ellia ellia yeah i'm just obsessed with you because you're so cute and beautiful") [end of text]



NO RELEVANT INFORMATION [end of text]



1. She was bullied in high school. (Verbatim: "ah it's time to sweat let's take you go this is the same feeling i had when i got bullied in high school")

2. She has a mother who she is afraid of disappointing or angering. (Verbatim: "i hope my mom is not gonna like curse me and crucify me")

3. She identifies as a "Nami one trick" in League of Legends, indicating a strong preference or skill with the character Nami. (Verbatim: "I'm a Nami one trick, you may not have figured out by now")

4. She has previously cosplayed as a character from *My Hero Academia*. (Verbatim: "Is this like a bad timing to say that I actually cosplay from My Hero Academia?")

5. She enjoys mashed potatoes. (Verbatim: "I really like mashed potato. I want mashed potato.")

6. She references having an emotional past involving trauma, jokingly referring to a "trauma dump." (Verbatim: "can we do the trauma dump candy salad to the salad")

7. She feels self-conscious about her appearance, stating she is "so ugly" and "fake." (Verbatim: "I'm so ugly you're so real" and "i'm fake i'm fake bro")

8. She was told she gives "horse girl vibes," which she found offensive, though she clarifies horse girls are cute. (Verbatim: "a girl you once told me that i give a horse girl vibes though i never felt so offended it's not bad horse girls are cute okay")

9. She has a brother, as she mentions using his gaming account. (Verbatim: "This is my brother's account.")

10. She has played League of Legends for approximately eight years. (Verbatim: "Eight years ago.") [end of text]



1. She attended a convention recently where a friend dressed as Rocky. (Verbatim: "I was at a convention the other day, and my friend was dressed up like she's Rocky...")

2. She has a complicated relationship with dogs, stating both "I hate dogs" and "I love dogs," suggesting a shifting or humorous stance. (Verbatim: "I hate dogs. I hate dogs. I love dogs. No not anymore.")

3. She identifies as adopted and previously considered herself an orphan. (Verbatim: "I'm adopted. Oh my god, I can't believe I had to find out this way. I thought you weren't adopted anymore. No, Amelia. Yeah, I'm not an orphan anymore. I'm adopted.")

4. She enjoys roleplaying during gameplay and values fellow roleplayers. (Verbatim: "I only respond to fellow roleplayers. I like how I play roleplayers.")

5. She expresses strong affection for the game League of Legends. (Verbatim: "I love League of Legends. I love League of Legends. I love League of Legends.")

6. She made a Steam account recently, implying she is relatively new to using the platform. (Verbatim: "I just made my steam actually.")

7. She played Valorant earlier in the day, indicating a habit or recurring play of the game. (Verbatim: "I don't remember seeing you lose those Valor games this morning. Oh my god, please don't remind me. Wait you were losing Valor games this morning. Karuba was playing some Valor. At 10am I was losing it.")

8. She uses the phrase "very cutesy, very demure" repeatedly, possibly as a personal catchphrase or aesthetic preference. (Verbatim: "Very cutie, very demure. Very mindful. That's so funny.")

9. She references being emotionally affected by screams at a convention, though she also finds them funny. (Verbatim: "The screams, the screams, they haunt me. I like the screams, it's funny.")

10. She jokingly claims she hopes to marry someone named Elio, possibly part of her on-stream persona. (Verbatim: "Elio, I hope one day you marry me!") [end of text]



NO RELEVANT INFORMATION [end of text]



NO RELEVANT INFORMATION [end of text]



1. She is British and grew up in the UK. (Verbatim: "i'm british i'm british i grew up uh in the land of drink nah so you guys won't even know")
2. She associates her home country with a strong drinking culture and drinking issues. (Verbatim: "because i come from a country that definitely has a big drinking culture and drinking issues")
3. British people, including herself, generally find black pepper to be very spicy. (Verbatim: "But British people would find that spicy, by the way... Pepper is like high level spice for British")
4. She enjoys eating nuggies, particularly those from Burger King. (Verbatim: "was it Burger King nuggies are really yummy... And they were really heckin' yummy.")
5. She has a strong affinity for playing League of Legends. (Verbatim: "You know I'll have fun playing League.")
6. She once drank three liters of milk in one sitting, which had negative effects on her. (Verbatim: "I was telling you yesterday how I drank three liters in one sitting and it was not good for it")
7. She claims to never be stinky, despite others suggesting otherwise. (Verbatim: "I've been stinky, I'm never stinky... Ever")
8. She has previously worked and needs to wake up early for work. (Verbatim: "I'll go to sleep, since I need to wake up early for work")
9. She uses humor and self-deprecation, especially regarding British stereotypes. (Verbatim: "people may have probably unfollowed me once upon a time for being British, potentially true")
10. She values banter and playful teasing as part of her personality. (Verbatim: "also I'm British, like, the banter's in my blood") [end of text]



1. She identifies as an INFJ according to the Myers-Briggs personality test. (Verbatim: "I'm an INFJ for the Myersberg, which means I don't realize how feeling-orientated I am.")

2. She is emotionally sensitive and describes herself as a "soft little squishy punk" despite trying to appear technically-minded. (Verbatim: "I'm a heckin' soft little squishy punk just doing her best.")

3. She avoids drinking streams out of fear of accidentally doxxing herself or saying something she regrets. (Verbatim: "The reason why I don't do drinking streams is because I don't want to accidentally, like, I don't know, dox myself or say something.")

4. When drinking, she can become either a happy, energetic drunk or an emotional, sad drunk depending on the circumstances. (Verbatim: "I can be a happy yippie drunk, but if I do it, like, the wrong way, I can just become... you know how drunk people just get more emotional.")

5. She has a strong aversion to being a "sad drunk" and associates it with her emotional nature. (Verbatim: "Drinking alone can turn people into sad drunks... and you know me, I'm making sad girl TM.")

6. She experiences nervousness when doing certain types of streams, especially those outside her usual format. (Verbatim: "I was really nervous to do this kind of stream... I feel like, I think I've mentioned before the reason why I don't do drinking streams.")

7. She values fun and comfort in her streams and wants her audience to feel at ease. (Verbatim: "For me, it's more like... being comfortable, you know?")

8. She takes apologies seriously and only gives them when she genuinely regrets a decision. (Verbatim: "A sorry would mean that I regret my decision and that I would then change said decision.")

9. She previously streamed very frequently, such as 14 streams a week, which led to burnout concerns. (Verbatim: "Back in December where I was having like 14 streams a week and I did one collab and people would get upset.")

10. She has a self-deprecating tendency but is aware of it and tries not to overindulge. (Verbatim: "We already got our daily dose of self deprecation exactly.") [end of text]



1. She struggles with anxiety and overthinking, describing herself as an "overthinking anxious punk." (Verbatim: "me I'm literally an overthinking anxious punk that struggles with life full of hacking trauma sad girl TM")

2. She dislikes and avoids getting sad or emotional while streaming, especially avoiding horror games that make her too upset. (Verbatim: "sad ellie's not fun like well put me in like an environment like that like like today then we're good")

3. She has a negative physical reaction to alcohol, stating it hurts her stomach. (Verbatim: "my stomach doesn't like alcohols it hurts my belly and my belly feels icky")

4. She previously streamed very frequently, doing up to 14 streams a week, including one collaboration. (Verbatim: "in December where I was having like 14 streams a week and I did one collab")

5. She faced hate and toxic expectations from viewers, especially regarding collaborations with friends. (Verbatim: "there was a time where I was getting a lot of like hate donors for like just having friends and like doing collabs")

6. She prioritizes creating a joyful and fun streaming environment over fulfilling viewer expectations. (Verbatim: "my role here is to try and make a joyful stream and to you know bring some hee hee and ha ha")

7. She refuses to apologize for having fun or setting boundaries, especially when it protects her mental well-being. (Verbatim: "I'm not gonna fall into that like because yeah there are certain positions where you want to apologize but I've explained myself")

8. She finds League of Legends stressful, referring to it as a source of horror. (Verbatim: "the horror of league of legends is truly the horror of all time right")

9. She enjoys yapping and chatting with her audience for long periods, sometimes up to seven hours. (Verbatim: "me yapping with you guys for like several hours or seven hours")

10. She manages herself and humorously refers to herself as her own manager. (Verbatim: "elia's manager made a good decision to protect her talent exactly... it's me whoa yeah yeah") [end of text]



NO RELEVANT INFORMATION [end of text]



1. She is half Asian and grew up in England, identifying as British. (Verbatim: "I'm half. Yippee! I thought you were like the 'white girl save me' moment... No, I grew up in England, though, so I'll just say British. It's just easiest.")
2. She experiences Asian flush with certain alcoholic drinks. (Verbatim: "I get Asian flush with certain drinks, but not all drinks.")
3. She has a fondness for chocolate milk. (Verbatim: "I have my chocolate milk.")
4. She enjoys drinking soju, and has done so during gameplay as a challenge. (Verbatim: "I'm just gonna drink soju every time I die.")
5. She plays League of Legends and has a notable achievement in ARAM mode. (Verbatim: "I literally have the league title of like the one that you get from not dying in ARAM.")
6. She finds the character Nami difficult and hasn't played her in years. (Verbatim: "I haven't played this character in probably eight years.")
7. She once made a tweet comparing being British to toe-sucking, which she referred to as a "cute tweet." (Verbatim: "It's similar to the tweet I did about being British, but it was about sucking toes.")
8. She considers herself edgy and embraces that aesthetic. (Verbatim: "My character looks so edgy. You are edgier.")
9. She drinks Red Bull, indicating a possible preference for the beverage. (Verbatim: "I'll grab my Red Bull.")
10. She has a self-admittedly messy desk. (Verbatim: "It's pretty bad. It's pretty bad me. It's pretty bad.") [end of text]



1. Her name is Elia Stellaria, and it contains three L's, which she jokes is because her name "takes a lot of L's." (Verbatim: "Elia has three L's in her name because her name takes a lot of L's.")

2. She has been to Japan and tried chicken sashimi there, which she did not enjoy, though she did not get ill. (Verbatim: "I had it in Japan. It's not very nice. I didn't get ill though, so that's a plus.")

3. She enjoys baby Guinness, a cocktail made with coffee liqueur, despite clarifying it does not actually contain Guinness. (Verbatim: "I like baby Guinness. Baby Guinness is like not actually Guinness at all. Coffee liqueur with something.")

4. She dislikes White Claw, referring to it as a "shitty alcoholic beverage." (Verbatim: "It's a shitty alcoholic beverage.")

5. She has a playful association with death and dying in games, often dramatizing it with phrases like "the sweet embrace of death" and "yearn for the urn." (Verbatim: "The sweet embrace of death. Let's take and go." / "We yearn for the urn.")

6. She mentions being mentally conflicted with a character or person named Loki, indicating a recurring joke or persona conflict. (Verbatim: "I'm like mentally beefing with him.")

7. She once made an accidental typo in Discord, writing "very mind" instead of "very mindful," which became an in-joke. (Verbatim: "It was an accident. She meant to write very mindful, but she got the last letter wrong.")

8. She references a "mind break arc" related to someone named Elya in a Christian Minecraft server, suggesting a past humorous or chaotic experience. (Verbatim: "It's literally like my mind break arc, okay?")

9. She claims to be "very demure," engaging in a running joke about the term despite others teasing her for not being so. (Verbatim: "I'm very demure.")

10. She enjoys singing, specifically mentioning a Sabrina Carpenter song. (Verbatim: "Me when I'm singing that one Sabrina Carpenter song.") [end of text]



NO RELEVANT INFORMATION [end of text]



1. She likes eating Maltesers and keeps a bucket of them handy. (Verbatim: "Yes, I love Maltesers. I always have a bucket. A bucket? A bucket. Because I forget to eat and I just feel Maltesans.")
2. She enjoys Japanese candies with Pokémon designs like Pichu and Piplup. (Verbatim: "These Japanese little candies with pictures of Pichu and Piplup on them. They're yummy.")
3. She has a habit of forgetting to eat regular food. (Verbatim: "Because I forget to eat and I just feel Maltesans.")
4. She owns a magnetic keychain that she finds cute and attaches to her keys. (Verbatim: "Oh my god, the keychain. I got out my bag, it looks so cute. And since it's magnetic, it'll like cling to my keys.")
5. She drives, indicating she has access to a car. (Verbatim: "When I drive it, it's kinda funny.")
6. She refers to herself as “your queen,” suggesting a playful, regal persona. (Verbatim: "I'm trying to carry your queen to victory.")
7. She mentions having technical issues with audio levels, specifically with someone named Aidy at 200%. (Verbatim: "Aidy's a 200% chat! I can't! I can't make her any louder!")
8. She references a poor sleeping pattern casually. (Verbatim: "Welcome to my sleeping pattern. Yay.")
9. She plays League of Legends, specifically mentioning modes like Arena and custom 3v3 games on Howling Abyss. (Verbatim: "I don't even play the league. We're doing a 3v3 after this." / "Making a custom... On Howling Abyss.")
10. She expresses frustration with game mechanics she finds confusing or unfair. (Verbatim: "Arena mode, that makes no sense. I don't understand either.") [end of text]



1. She considers Maltesers to be real food. (Verbatim: "Maltesers is real food")
2. She enjoys eating cotton candy. (Verbatim: "I love cotton candy.")
3. She owns a dog who becomes sad when she leaves. (Verbatim: "Oh my god when you left my dog was so sad. He just like sat by the door and stared out")
4. Her dog often sits by the window and vocalizes loudly when left alone. (Verbatim: "No one's home he's just sitting at the window screaming")
5. She has a playful, silly personality and enjoys being goofy. (Verbatim: "Should I be silly goofy or should I be goofy silly?")
6. She plays League of Legends frequently and expresses strong affection for the game. (Verbatim: "I love League of Legends so much.")
7. She refers to herself as "Rammus" during gameplay, indicating a possible association with the character. (Verbatim: "I am Rammus!")
8. She dislikes the character Zoe in League of Legends. (Verbatim: "Oh, I hate Zoe")
9. She references a bear as a recurring in-game nuisance, possibly tied to a rival or inside joke. (Verbatim: "Stop using your fucking bear to fuck me over, fucker.")
10. She has a tendency to hide in bushes during League of Legends matches, often for ambush tactics. (Verbatim: "I was just chilling. I was waiting.") [end of text]



1. She has been playing League of Legends for 14 years. (Verbatim: "i've been playing for 14 years")
2. She enjoys drinking Red Bull during streams. (Verbatim: "i'm drinking red bull")
3. She owns a dog who sometimes needs to go outside to pee. (Verbatim: "my dog is crazy because he needs to pee")
4. She likes sushi and eats it when hungry. (Verbatim: "yeah i got sushi so i'm happy now")
5. She refers to herself as a VTuber and acknowledges being cringey. (Verbatim: "i am cringe i'm a vtuber")
6. She owns the Battle Princess Annie skin in League of Legends. (Verbatim: "i bought it... battle princess annie")
7. She plans to play as Annie in League of Legends. (Verbatim: "i'm gonna play annie next")
8. She owns a Draven skin called Santa Cringe. (Verbatim: "i have santa cringe")
9. She considers herself small or weak in-game, identifying with Timo and yordles. (Verbatim: "no literally ellio's a little guy she's annie it's the littlest guy you can be i'm timo")
10. She mentions another streamer, Twisty, who wakes up around 5 PM PST and streams daily. (Verbatim: "twisty is gonna wake up at like 5 pm psc or something which is like 1 am soon soon") [end of text]



NO RELEVANT INFORMATION [end of text]



