1. She previously worked in an office job in IT. (Verbatim: "I used to always, always, always complain about Tuesdays when I worked in the, like, office thingy as IT.")

2. She used to babysit children as a past job or activity. (Verbatim: "I remember when I used to babysit, so I used to be a babysitter, and I remember the kids that I would babysit would be like, Oh my god, Elliot, I want to be just like you when I grow up.")

3. She struggled with self-care while studying, prioritizing academic performance over personal well-being due to parental pressure. (Verbatim: "one thing I never did enough of was look after myself when I studied... my parents made me think it was like the most important thing ever.")

4. She used watching anime as a reward system during study sessions, which sometimes led to binge-watching. (Verbatim: "the anime was a reward for passing certain amounts of study... if the episode ends on a cliffhanger, I'll watch two episodes, and then if that next episode ends on a cliffhanger, I'll watch a third...")

5. She is not an auditory learner and found university lectures ineffective for her learning style. (Verbatim: "I am not a listen learner... lectures at university just went through one ear, out the other... I heard what you said, my dude, but I also didn't hear what you said, my dude.")

6. She developed a personalized study method involving transcribing recorded lectures and reformatting them for better retention. (Verbatim: "I would transcribe it all, and then following the transcription of it all, I would then put it into a format that I could remember a bit more.")

7. She believes teaching others (or imagining teaching) is the best way to learn and retain knowledge. (Verbatim: "the best way to learn and retain knowledge is to imagine yourself as a teacher that has to teach someone else.")

8. She currently uses a temporary VTuber model because the full version is not ready and VTubing is expensive. (Verbatim: "this is just a temporary model... vtubing is expensive and takes a while... my form isn't ready.")

9. She has been to Japan, where she uploaded many of her videos from her phone. (Verbatim: "most of them were uploaded while i was in japan um where i i just i just did it on my phone.")

10. She drinks passion fruit squash, which she notes is called cordial by some viewers. (Verbatim: "it is passion fruit... squash is what I call it here but I believe y'all call it cordial.") [end of text]



1. She is working on overcoming fears related to spending money on herself. (Verbatim: "thank you for this month's message i want to just appreciate how you've gone over fears of spending on yourself or forgetting you i'm still i'm still working on it")

2. She has a dog that she considers the cutest thing ever. (Verbatim: "the only thing i'm certain on is my dog being the cutest thing ever")

3. Her dog is a Samoyed. (Verbatim: "oh my dog uh she's a samoyed samoyed um like samoyed or samoyed i don't know there's different ways to pronounce it")

4. She recently returned from Japan to England. (Verbatim: "i went to japan i've been away for so long and then i came back")

5. She struggles with tracking time and sleep patterns, often feeling disoriented. (Verbatim: "time is confusing i i i i kind of losing track on what's morning and what's night")

6. She plans to get a full VTuber model ("real form") with improved facial expressions and movement. (Verbatim: "soon i can't wait i can't wait to move my mouth more you know i'm gonna have such expressive i'm gonna show you all my expressions")

7. Her full model will be rigged by an artist referred to as "papa," viewable on Twitch. (Verbatim: "if you do want to see my um my my new form um my my rigging papa streams it so you can watch me get birthed")

8. She intends for her on-screen model size to match her real-world setup, aligned with her keyboard and elbows. (Verbatim: "i plan to make myself whatever size matches the keyboard i guess yeah because it's got to look like i'm sat here at my keyboard")

9. She previously commissioned fan art via Skeb, but one artist canceled after a long wait. (Verbatim: "the june one got cancelled and i waited like like what is it like almost two months for it")

10. She values community support and uses encouragement from chat to motivate self-care and purchases. (Verbatim: "chat will be proud of me for buying something cute that that that that i want but i don't need but they'll be happy so i shall buy it") [end of text]



1. She recently returned from a trip to Japan. (Verbatim: "i'm happy to be back" and "glad to see you back to streaming again")
2. She avoided riding a very scary roller coaster during her trip for safety reasons. (Verbatim: "that's why i didn't go on the super super super super scary roller coaster with the with the spinny loop because danger yeah yeah")
3. She went to Disney Sea during her trip and rode roller coasters there. (Verbatim: "went to disney sea together and she voiced me on roller coasters")
4. She plans to do a swim stream with someone named Lily and discuss their misadventures together. (Verbatim: "hopefully i can do like um like a swim with with with lily and then we can talk about it together")
5. She refers to her fans as part of the "Banana Kingdom" and jokes about not touching bananas. (Verbatim: "we don't touch bananas here in banana kingdom")
6. She intends to host a cozy planning stream for a 30k celebration, likely on a Sunday. (Verbatim: "i plan to have it next week we're gonna plan it on sunday... some cozy cozy satsu where we plan it together")
7. She expresses a desire to have hand movements in her stream setup so viewers can see how much her hands move when she talks. (Verbatim: "one day i'll have i hope to have like hand movement so you can see how much my hands move a lot")
8. She took a short break from work before returning to streaming. (Verbatim: "back i've taken a short break from work and i'm happy to hear your beautiful voice again")
9. She considers doing a part two stream to properly acknowledge all members, supers, and donators due to time constraints. (Verbatim: "we may need a part two i think like like for real i think we need a part two")
10. She has a goose plush that she naps with on the sofa. (Verbatim: "i'll nap on the sofa with my goose plush") [end of text]



NO RELEVANT INFORMATION [end of text]



1. She has been to Japan and found the trip very expensive. (Verbatim: "japan was very very very very expensive")
2. She climbed Mount Fuji and experienced strong 70 km/h winds at the summit. (Verbatim: "it was uh 70 kilometer per hour wind like literally could hardly stand level")
3. She used a single tourist stick while climbing Mount Fuji and wished she had two proper hiking sticks. (Verbatim: "i had a stick though... i was so jealous of the people that had two sticks")
4. She adopted a crouched, low posture while climbing Mount Fuji to avoid being blown over by the wind. (Verbatim: "gotta keep low gotta keep low so i don't get blown away by the wind")
5. She visited Akihabara during her Japan trip and spent a lot of money there. (Verbatim: "i did go to akihabara... that's definitely where i spent a lot of money")
6. She accidentally went to a hostess cafe instead of a maid cafe in Akihabara. (Verbatim: "there was the accidental not a maid cafe incident")
7. She later visited a legitimate maid cafe in Akihabara. (Verbatim: "i did go to a proper one as well later on a legit one um in akihabara")
8. She has difficulty noticing when people try to interact with her in public, including flirting. (Verbatim: "a guy's trying to flirt with you and i'd be like what guy where")
9. She does not speak Japanese and could not understand people speaking to her in Japan. (Verbatim: "i have no idea what they're saying so you know like i don't know what they're saying")
10. She is sensitive to loud English speakers in public spaces like trains while in Japan. (Verbatim: "i'd be like oh no they're speaking super loudly on the train that's no no") [end of text]



1. She previously lived in the jungle, where a giant snake lived in her room for a time. (Verbatim: "when i was living in the jungle the bugs were still bad but like the worst part would have been the giant giant giant snake um that lived in my room for a bit")

2. She kept a black litter spider as a sort of pet to catch bugs, using its web as a natural pest control. (Verbatim: "my little like um black litter spider actually it was was more like a pet that i'd keep out the front with a really strong um spider web to catch all the bugs for me")

3. She has a strong dislike for moths, especially when many are flying around at once. (Verbatim: "no moths are not cute when there's like 50 of them flying around like um yeah yeah it was like it got pretty bad")

4. She is disturbed by large, thick-legged spiders the size of a hand, though she generally doesn’t mind spiders. (Verbatim: "i do mind the thick-legged boy the thick-legged spiders um worry me you know like big thick spiders like the ones that are like i don't know the size of your hand")

5. She once forgot a bag of potatoes in a cupboard during university, leading to a scary root system growing inside. (Verbatim: "i bought a bag of potatoes and i put it in the cupboard once um and then i forgot about it this was at uni... a whole root system had grown so scary it was so scary")

6. She lived in multiple places in England that had severe bug infestations, including moths and spiders, except her current residence. (Verbatim: "the places i've lived in have had bugs except for the place i'm in now")

7. She once accidentally disturbed a ball of baby spiders, which left a lasting impression and warns others to avoid doing the same. (Verbatim: "don't ever make sure make sure you check what a ball of baby spiders looks like so you never have to accidentally touch it or poke it with a stick")

8. She grew up mostly in a place with many moths and spiders, indicating a long-standing exposure to bug-infested environments. (Verbatim: "mostly grew up in mostly have moths and i can't remember i remember oh no a lot of spiders")

9. She fondly remembers Christmas as a child and still loves it, associating it with excitement and anticipation. (Verbatim: "as a kid i was i was super hyped for christmas it was like the bestest time... i can love christmas well i still love christmas")

10. She previously lived on a very tight budget, surviving on 30p garlic bread and instant noodles, which she acknowledges negatively impacted her health. (Verbatim: "a few years ago i was living on like 30p garlic bread like just 30p garlic bread and instant noodles... my health was quite in the bin back then because of my lack of vitamins") [end of text]



1. She once navigated a dangerous jungle path with thorny vines by using precise finger strength to avoid the thorns. (Verbatim: "i used my index finger and my thumb and placed them exactly where there weren't thorns and then like activated super finger strength... i waddled across")  
2. She considers her time playing video games as training that helped her survive real-life challenges. (Verbatim: "all those years training playing video game it's finally my time to shine")  
3. She got lost in the jungle after choosing the wrong path and losing signal, but eventually found her way back. (Verbatim: "i went right when i should have gone left... i'm screwed")  
4. She finds the idea of encountering poachers in remote jungle areas more frightening than animals or insects. (Verbatim: "the scariest part you have to look out for is actually other people... poachers like illegal poachers")  
5. She plans to undergo a "metamorphosis" or magical girl-style transformation into a new VTuber model in the future. (Verbatim: "i'm gonna metamorphosize i'm gonna be like magical girl transform")  
6. She has a scar on her hand that she is self-conscious about and prefers not to show on stream. (Verbatim: "i have a scar on my hand so i don't want to show the scar... maybe i can find some gloves that just cover the scar")  
7. She wants to stream Gunpla building in the future but only after she has her "proper form" and a proper workstation. (Verbatim: "once i've actually got my proper form is Gunpla... i want to do Gunpla streams, but again, i want to do them with my proper form")  
8. She has never tried Vegemite or Scotch eggs, despite being interested in British foods. (Verbatim: "i've never tried marmite... i've never had scotch eggs")  
9. She refers to her audience as a source of "chatium," which she misses during breaks and considers essential. (Verbatim: "now i can get my regular dose of chatium every day... soon i'll be back to my regular two times a day dose of chatium")  
10. She experienced significant anxiety during a long break from streaming and was nervous about returning. (Verbatim: "i was doki doki nervous mess... it was genuinely really scary") [end of text]



1. She has a scar on her hand from an accident when she was a baby. (Verbatim: "Yeah, this is from when I was a baby baby. So I've had this scar like as long as I can remember. It's not one that I was born with though, it was one from like an accident thingy.")
2. She did not travel abroad as a child and only started traveling to Asia after earning her own income. (Verbatim: "I actually never got I mean yeah so I never went anywhere as a kid, um like abroad wise I only started going to asialand once I started earning some monies.")
3. She used her first paycheck to fund her mother’s trip to Asia. (Verbatim: "I remember I spent like I saved up a lot of my first um most of my first paycheck to send mama elia to asialand.")
4. She had a difficult upbringing where she was expected to handle problems alone. (Verbatim: "I was raised in the if you said don't be if you got a problem deal with it, go to your room and I'd be like okay yeah.")
5. She finds it difficult to open up emotionally but is working on being more expressive. (Verbatim: "It's difficult for me to open up but but I'm working on it I'm working on it.")
6. She considers herself to have come a long way emotionally compared to her more withdrawn younger self. (Verbatim: "I feel like I've come a lot more out of my shell then then then little elia would be like you know I'd be heckin mute.")
7. She has been to Japan and visited a zoo there where she saw geese. (Verbatim: "Can I confirm I did see geese in Japan? I did at the zoo.")
8. She associates Japan with a dreamlike, meaningful experience and emotional significance. (Verbatim: "I had an amazing time a time that definitely felt like a dream definitely definitely like yeah.")
9. She refers to her audience as her "O.C." and "wife," indicating a fictional or affectionate roleplay element in her persona. (Verbatim: "you are my O.C. And you're my wife enjoying this world.")
10. She mentions past sad times but emphasizes moving toward brighter, happier periods. (Verbatim: "there's a lot more true things in terms of stuff but it's okay we're past those times we're in brighter times.") [end of text]



1. Her goal as a VTuber is to make people happy and reach as many people as possible. (Verbatim: "my goal as a vtuber is to um is to try and make people happy and along with that goal i want to try and reach as many people as possible")

2. She wants to help people who are struggling, especially those similar to her past self. (Verbatim: "i feel like i'm somewhere out there there's someone that's like little ellia that just needs help you know and i gotta i gotta find i gotta find all the little ellias out there")

3. She emphasizes self-kindness and mental health, encouraging an "okay" state of mind over forced positivity. (Verbatim: "mental health is important it really is let's get us all in a okay state of mind it doesn't have to be a good state of mind it doesn't have to be a positive state of mind okay just the okay state of mind")

4. She struggles with her own mental health on most days. (Verbatim: "My mental health is not great most days, but now I have more than spite to keep me gone.")

5. She owns a dog who is fluffy and fussy about food. (Verbatim: "Other than my dog. She's heckin' precious." / "She's fussy. She's like, I don't want to eat the same meal twice in a row.")

6. She recently returned from a trip to Japan. (Verbatim: "I came back from Japan, and yeah, she got fluffier")

7. She is not confident in her singing but wants to do a karaoke stream in the future. (Verbatim: "I don't know. I want to do one, but yeah. The new audio setup is for recording singing. So that's why I changed it. But yeah. But hopefully I can... I do want to do one soon.")

8. She expresses fear of disappointing viewers with her singing. (Verbatim: "I feel like there might be hype for my first karaoke. And then there'll be disappointment when I'm not, like, heckin' Adele.")

9. She loves the song "Can't Help Falling in Love" and would like to sing it. (Verbatim: "I love that song. It's definitely, definitely a song I'd sing. Can't help falling in love.")

10. She refers to herself as "Ellia" or "Elia," and is affectionately called "Banana Queen" by fans. (Verbatim: "Three months is long enough to be in your service, my Banana Queen." / "Thank you, Miss Ellia") [end of text]



1. She lives on the internet and will always come back, even in absurd forms like a worm or banana whale. (Verbatim: "I always come back, okay? Because I live on the internet, okay? I always come back, even as... Even if I become a worm. Or a banana whale.")

2. She is 150 centimeters tall, referencing herself as a "hundred and fifty centimeter worm." (Verbatim: "A hundred and fifty centimeter worm.")

3. She dislikes not saying goodbye, which she mentioned in her mini debut. (Verbatim: "I put it in my mini debut that I dislike not saying goodbye.")

4. She aspires to spread joy across the world as her main goal. (Verbatim: "Is to spread as much joy across the world as possible.")

5. She has a fictional companion named Stelila, who is a dog and waits for her when she returns. (Verbatim: "At least, that's what, um, that's what Stelila has when I have to go out without her and then I come back. Yeah. Also, I just dive on her and give her a hug. She's a good dog.")

6. She traveled to Japan, which was a significant trip referenced multiple times. (Verbatim: "Can confirm my travels are wonderful. Thank you for asking.")

7. She humorously claims she might return as a magic banana wand or other whimsical forms after transformation. (Verbatim: "I'll become any form, but I'll still be here. Yeah, yeah, yeah, yeah, yeah. Well, Jay, thank you. Eddie's magic banana wand, thank you.")

8. She does not like how YouTube bugs out during streams. (Verbatim: "I don't like how YouTube bugs out like that silly YouTube.")

9. She prefers flavored fruit water over plain water or cola, specifically mentioning passion fruit cordial. (Verbatim: "I am going to go get some passion fruit... It's just juice. It's like, yeah, no sugar... It's gotta be healthier than cola, right?")

10. She refers to herself as the "Riz King mommy," indicating a self-proclaimed title or inside joke related to her persona. (Verbatim: "I thought I was the Riz King mommy.") [end of text]



1. Elia is in the pre-debut phase of her VTuber career, describing her current time as part of a "prequel saga." (Verbatim: "I guess when I'm pre-debut, so technically you're in the prequel saga of this story.")

2. She identifies strongly with the "peek-a-mo" gesture, using it frequently and calling it "her mood." (Verbatim: "I love the little peek-a-mo. I use it. I use it a lot. It's very much my mood.")

3. Elia describes herself as shy, comparing her personality to someone who peeks around a corner to say hello. (Verbatim: "I am actually quite shy. Like, I'm very much peek around the corner. Like, hello, it's okay.")

4. She refers to her community space as a "say-so zone," emphasizing it as a place of free expression and affirmation. (Verbatim: "This is a say-so zone. It's the say-so-zone of all of say-so-ness, okay?")

5. Elia has visited Japan and tried to experience as much as possible, though she didn’t travel "all over the place." (Verbatim: "I experienced all over the place in Japan. Well, not all over the place. There's many places I missed, but I did try and experience as much as possible.")

6. She brought back Japanese snacks from her trip, including gift cookies, caramel biscuits, and Estella cakey, which she enjoys eating. (Verbatim: "I got so many of those gift cookies that I give to myself. They're yummy. I got these, like, caramel biscuits. I got Estella cakey.")

7. Elia lives in England and has experienced the high cost of living and inflation there. (Verbatim: "We got the super inflation. But I hope you's okay. I hope you don't end up like what England has, which is a cost of living crisis.")

8. She is frustrated by being charged for heating she didn’t use, due to a mandatory building contract with a specific energy provider. (Verbatim: "I didn't turn on my heating... but I got a bill come through, being like, so here's your heating charge... I had to pay just for the heating, just being there, existing.")

9. Elia lives in a small flat and would like a larger home primarily to give her dog more space, possibly with a garden. (Verbatim: "The only reason I'd want to have like a house or something is just so I could have more space for my dog. I feel like she deserves a proper garden.")

10. She owns a dog and may consider getting a cat in the future if space allows. (Verbatim: "I feel like she deserves a proper garden. Um, mm, mm, mm. And then, and then I can maybe get a cat or something.") [end of text]



1. Her name is Elia Stellaria (also referred to as Elias Deloria). (Verbatim: "I'm Elias Deloria.")  
2. She identifies as the "celestial messenger" and humorously references being the "banana queen." (Verbatim: "Celestial messenger Nagu's banana queen.")  
3. She recently returned from a trip to Japan, where she practiced basic Japanese phrases. (Verbatim: "I didn't bring them out... while I was in Japan.")  
4. She has anxiety about speaking Japanese and fears negative judgment when using the language. (Verbatim: "I was so scared when I first had to speak Japanese to someone... they'd be like, ha ha ha ha, you suck.")  
5. She overthinks social interactions and often imagines worst-case scenarios. (Verbatim: "your brain's like, you know what happened in that scenario? They'd be like, ha ha ha ha, you suck.")  
6. She expresses a desire to make more friends and overcome her fears. (Verbatim: "I need to break that fear, I want to make friends.")  
7. She owns a dog named Stelila (also called Stellar or Stelila), who plays tug of war with her. (Verbatim: "This is Stelila with her... duck toy.")  
8. She insists on winning tug of war with her dog to maintain dominance. (Verbatim: "she's never won tug of war... I have to stay on top of the hierarchy.")  
9. She is interested in trying the mobile game *Pokémon Sleep*. (Verbatim: "I really wanna try out Pokémon sleep... it looks like a cute game.")  
10. She previously had technical limitations with her streaming setup but now has an upgraded one with two XLR inputs. (Verbatim: "my new setup allows two XLR inputs... my previous setup only allowed one.") [end of text]



