1. She lives in England. (Verbatim: "yeah, yeah, yeah, yeah, yeah, I've got a cup of tea this morning, by the way, I've not had a cup of tea for like so long it's so good")
2. She previously experienced high humidity while trekking in a rainforest for at least three weeks. (Verbatim: "through the rainforest is okie dokie I've dealt with with much much much worse kind of levels of humid... it was at least at least three weeks where it was like every single yeah it was every single day it did a four or five hour trek")
3. She plans to travel to Japan in July for a trip. (Verbatim: "i will be in july july july july july um yes i'm not going to give you the exact dates because that would be silly of me")
4. She has a Samoyed dog named Lila who is currently shedding heavily. (Verbatim: "i have a samoyed um so to add some context to those that may not be aware... her name is Lila")
5. She associates drinking tea with comfort and routine. (Verbatim: "I've not had a cup of tea for like so long it's so good, it's so good")
6. She dislikes excessive sugar and experienced a crash from iced tea due to its sugar content. (Verbatim: "but iced tea had way too much sugar and I think I was crashing from it")
7. Her typical outfit consists of an anime t-shirt with black shorts or a black skirt. (Verbatim: "my outfit my my go-to outfit is a anime t-shirt and either a black skirt or um black pair of shorts")
8. She intends to wear the summer clothes she recently purchased during her Japan trip. (Verbatim: "i bought some cute summer clothes i bought a bunch of dresses yeah a bunch of a bunch of um cute dresses")
9. She is concerned about humidity and altitude during her upcoming trip but feels confident due to past rainforest experiences. (Verbatim: "i hate that i always say this and a lot of my stories relate to this but but like in the rainforest is okie dokie i've dealt with with much much much worse kind of levels of humid")
10. She used a self-found wooden walking stick during her rainforest treks and did not bring it back to England. (Verbatim: "i had this stick this like this this stick that i found like a walking stick... i didn't try and bring it back to england because i didn't think they'd let me have it on the plane") [end of text]



1. She is planning her VTuber debut for the end of August. (Verbatim: "yeah so i didn't pick august um because because i'm planning my debut for end of august")

2. She chose to visit Japan in July instead of August to prepare for her debut. (Verbatim: "i thought july july works well because then we get this super fun japan trip zatsu streams and whatnot in between now and debut")

3. She is from England. (Verbatim: "i don't think i can take a goldfish all the way to England")

4. She has a habit of mixing up June and July. (Verbatim: "i have a really bad habit of mixing those up um which are not a good thing to mix up")

5. She finds it difficult to adapt her speech rhythm to Japanese, being used to English rhythm. (Verbatim: "i'm used to more of a english rhythm which is like a bum-ba-dum-ba-dum-ba-dum-ba-dum-ba-dum while the japanese speech is definitely um different rhythm")

6. She owns a pocket-sized Japanese phrase book to help her learn the language. (Verbatim: "i actually have a mini book here um i have the fast i have a japanese phrase book yeah it's like more pocket sized")

7. She once went paintballing but did not actively participate due to fear of getting hit. (Verbatim: "i've actually been paintballing once um i don't know if i don't really count it because i didn't actually um really participate too much because one i was really heckin scared to get hit with the paintball")

8. She had a faulty paintball gun during her paintballing experience that lacked power. (Verbatim: "it was lacking in power so it was just sort of like um i guess if this was like the people it was like like that it was like a really gentle like pew pew")

9. She is interested in trying authentic Japanese festival foods, especially yakitori and crepes. (Verbatim: "i'd like to try it more authentic so i'm looking forward to to trying authentic yakitori" and "i want to have creps i want to have um yeah the crap's like in that anime yes please")

10. She is planning themed streams about Japanese culture and language leading up to her debut. (Verbatim: "we're gonna do more specific themed zatsus about things like um was it i actually have a mini book here") [end of text]



1. She is British and identifies as a British tourist. (Verbatim: "i'm not that kind of british i'm not the drink every night kind of british i can't")
2. She plans to travel to Japan in July for approximately a month. (Verbatim: "all i can say is july" and "i can be there for like most a month")
3. She intends to travel beyond Tokyo and visit various places in Japan, including onsens and temples. (Verbatim: "i'll be going around japan" and "one based on um temples onsen")
4. She is excited to eat at McDonald's in Japan. (Verbatim: "i'll hang one of mcdonald's when i'm there absolutely")
5. She previously learned a few phrases in Polish from a Polish friend. (Verbatim: "she taught me which um is i know and i don't know which pretty much covers everything i need to know")
6. She has a dog that is originally from Poland and has a passport. (Verbatim: "my dog is originally from poland um and then she was flown over to england which is why she has a passport")
7. She adopted her dog from a home that no longer wanted her. (Verbatim: "i got her from that home because that home didn't want her anymore")
8. She has to vacuum every morning due to dog fluff. (Verbatim: "i have to vacuum every morning now because oh my goodness there's so much fluff from my dog")
9. She once worked in customer service and can use a customer service voice. (Verbatim: "i could do my customer service voice hello how can i help you today")
10. She owns and has read the Lonely Planet Japanese phrasebook and dictionary. (Verbatim: "the book i picked up it's the lonely planet japanese phrasebook and dictionary") [end of text]



1. She has experience with a customer service role, possibly in a past job. (Verbatim: "i could do my customer service voice hello how can i help you today")

2. She is planning to travel to Japan and intends to stream from there. (Verbatim: "i will find a place with good internet when i stay in japan i will be streaming while in japan")

3. She owns a laptop and a microphone, which she plans to bring for streaming during her trip. (Verbatim: "i do have a laptop i can take with me um i'll see if i can take this microphone")

4. She prefers not to take breaks from streaming, even while traveling. (Verbatim: "i don't want to take a break no no no")

5. She plans to adjust her streaming schedule to match her usual late-night times by doing early morning streams in Japan. (Verbatim: "an early morning stream in japan would match up with the late night streams that i normally do here")

6. She is considering doing occasional evening streams in Japan that would air in the morning for her current audience. (Verbatim: "occasionally but not every day i can do a 5 6 pm stream um in the evening in japan time which would then equal this morning slot over there")

7. She will be traveling with a friend who knows she streams but not that she is a VTuber ("anime"). (Verbatim: "does my friend know i'm a youtuber she knows i stream she doesn't know that i'm anime")

8. Her friend is uninterested in video games and loses interest when they are mentioned. (Verbatim: "as soon as i mentioned video games she's like okay like zero interest")

9. She wears shorts underneath her skirts, especially because of the wind in England. (Verbatim: "i always wear shorts underneath yeah always so it's okie dokie artichoki yeah it's important to wear shorts because it's really heckin windy in england")

10. She has multiple voice pitches and enjoys doing voice impressions, including a high-pitched soft voice and a lower one. (Verbatim: "basically I have a lot of voices I can use... this one's more soft and high pitched and yeah lower") [end of text]



1. She previously worked as a developer before becoming a full-time VTuber. (Verbatim: "before i got my troopness i was a developer")

2. She aspires to visit Japan and has specific activities planned, including visiting an onsen, a giant Gundam in Yokohama, and a maid cafe. (Verbatim: "we've got onsen we've got absolutely giant gundam boy um we got sushi crap conbini oh so many so many so many so many so many oh yeah")

3. She is interested in having a one-day experience working as a maid in a Japanese maid cafe. (Verbatim: "i would love to try being a maid i think i'd be a nice maid... because i get fired on the same day big brain")

4. She owns a dog that she finds adorable and mentions it sheds. (Verbatim: "this is so cute this is my dog it's my dog she's so cute... yeah no molting shedding yeah")

5. As a child, she wanted to be a Saiyan, Spider-Man, and Sailor Moon. (Verbatim: "i wanted to be a saiyan i wanted to be a spider-man i wanted to be um was it sailor moon")

6. When asked about her future job as a child, she said she wanted to be happy and make others happy, which was dismissed by her teacher. (Verbatim: "i want to be happy and i want the people around me to be happy and they were like that's not a job")

7. Her role model as a child was Gohan from Dragon Ball, whom she considers a better role model than Goku due to parental skills. (Verbatim: "i said gohan... i think gohan is a great role model goku on the other hand not sure")

8. She expresses affection for "stananas" and feels they are unfairly picked on. (Verbatim: "the stananas get picked on stananas stananas deserve my love i'm feeling bad for them")

9. She struggles with organizing digital files and admits her downloads folder is a mess. (Verbatim: "i can't find it this is what i get for keeping everything in in my downloads folder like a dum dum")

10. She humorously refers to herself as a "full-time beat trooper," indicating her identity as a full-time VTuber. (Verbatim: "i'm a full-time beat trooper right now i'm a full-time beat trooper") [end of text]



1. She is British. (Verbatim: "i need it in miles per hour because i'm british")
2. She plans to visit Japan and is excited about seeing the life-size Gundam in Yokohama before it closes. (Verbatim: "i'm gonna definitely see it because like it won't be there in the future")
3. She associates Sonic the Hedgehog music with bullet trains and intends to listen to it while riding one. (Verbatim: "i'll have to listen to some sonic songs while i'm on the bullet train i feel like that should be a requirement")
4. She wants to spend multiple days in Japan focusing on arcades and cranes. (Verbatim: "i know it's somewhere i definitely want to go to a heckin ton because i feel like i'm gonna need multiple days there")
5. She is interested in visiting a Japanese sushi place. (Verbatim: "wow anonomas arigato ellie gonna go to a japanese sushi place without the h")
6. She is concerned about accidentally booking a love hotel in Japan. (Verbatim: "i gotta make sure i don't book anything weird like that yeah because that would be awkward to say the least")
7. She likes pan-seared scallops and associates them with Hell’s Kitchen. (Verbatim: "panseared scallops anything panseared heck yeah it's gonna be yummy")
8. She finds frozen beef wellington too expensive, especially at £30, and would not buy it. (Verbatim: "i would never spend 30 pounds on frozen food for one frozen meal")
9. She expresses interest in trying beef wellington someday despite the cost. (Verbatim: "i would like to try beef wellington one day but not for 30 pound frozen")
10. She jokes about creating a chapel or collabing with an AI version of herself in the future. (Verbatim: "maybe one day i'll make a bunch of me maybe maybe maybe and then i can collab with myself") [end of text]



1. Her fictional origin involves coming to Earth with wings, tripping, dying, and reincarnating. (Verbatim: "my lore is that i came to earth with these wings but then i tripped and fell and unalived and reincarnated")

2. She does not trust her wings to fly due to her past lore-related fall. (Verbatim: "i don't really trust myself to fly with these wings right now")

3. She owns a dog named Lila, who is important to her and the only being she has insured. (Verbatim: "i've insured my dog i've insured my dog that's the only that's the most important")

4. She is considering getting a cat as a companion for her dog to prevent loneliness. (Verbatim: "i am very tempted to get my dog a little cat she's like you already you want me")

5. She finds pygmy hippos extremely cute despite knowing they are dangerous. (Verbatim: "pygmy hippos are heckin cute like... pygmy hippos are heckin adorable")

6. She loves KitKats, especially Japanese fruit flavors, and is excited to try them. (Verbatim: "i love kitkats are yummy i like kitkats... japan produces over 200 types of kitkat fruit ones are especially good")

7. She dislikes being bitten by mosquitoes and hates the itchy bites. (Verbatim: "i don't like getting bitten by mosquitoes i don't like the itchy itchy bites")

8. She is planning a trip to Japan and is researching onsens and cultural festivals. (Verbatim: "i need to research these onsens a lot more... preparing for japan and kitkat eat")

9. She is interested in Japanese culture and feels she should learn to read Japanese. (Verbatim: "i can't read i'm illiterate yay i already should learn how to read in japanese")

10. She jokes about working in cafes if she cannot pay the bill, suggesting a whimsical future aspiration. (Verbatim: "i'll be like oh no i can't pay the bill but don't worry i can work for you as you're made") [end of text]



1. She identifies as a celestial messenger with a magic banana, implying a fictional origin. (Verbatim: "i'm just a normal celestial messenger... all i have different is magic banana")  
2. She has a non-human trait, mentioning "not goose wings," suggesting her character design includes wing-like features. (Verbatim: "yes yes yes yes yes yeah yeah all i have different is magic banana that's the only difference and these not goose wings")  
3. She used spite as motivation to succeed academically during school. (Verbatim: "i used it to do well in school as a screw you bullies you don't want me to be you don't want me to anything nope i'm gonna be top of my class screw you")  
4. She was bullied in school, which impacted her view on kindness and speech. (Verbatim: "i remember a lot of um was it the a lot of people in small no mostly the people that used to bully me in school")  
5. She believes kindness is the most important personal trait, valuing a kind heart above all else. (Verbatim: "i feel like the only one that i really really think is most important is that someone has a kind heart")  
6. She dislikes edginess and considers herself the opposite—soft and kind, like a marshmallow. (Verbatim: "i'm not edgy i'm like a soft marshmallow... i will always just be kind")  
7. She looked up to Sonic as a childhood role model, modeling her personality after him. (Verbatim: "i used to look up to sonic just as much as you look up to gohan... free as the wind does what he wants when he wants cool calm collected")  
8. She prefers 2D/anime-style visuals over realistic or high-quality graphics. (Verbatim: "i'd much rather everyone look like anime to be honest um the graphics are too high quality if we could just reduce them")  
9. She writes weekly "letters of comfort," with themes addressing life's unfairness and perseverance. (Verbatim: "i've already written out my next letter of comfort um ready for next monday... about how the world sucks but we're gonna do what we can in it")  
10. She finds inspiration in the idea of overcoming life as an "under-leveled" player facing a poorly designed game. (Verbatim: "it's like me being under leveled and fighting against a boss i'd still try if it's possible it's possible") [end of text]



1. She has a mixed-race background and has experienced conflicting beauty standards related to her appearance. (Verbatim: "i'm mixed race i cannot win okay like thick thighs like yo yay and then like also oh yo so thick you need to get them skinny")

2. She values kindness highly and believes it is important to be kind because one can never fully understand what others are going through. (Verbatim: "i think it's always best to be kind because you can never fully perceive somebody's life even with everything you know about somebody you never know exactly what they're going through")

3. Her motivation style is extreme and inconsistent, described as "all or nothing" with no middle ground. (Verbatim: "my productivity is very um all or nothing... i'm super productive or completely not productive at all")

4. She relies on procrastination and caffeine to get things done, though she acknowledges it's not ideal. (Verbatim: "procrastination and caffeine fuel me")

5. She grew up with a cat that would sit at the dinner table with the family, and she made space for it. (Verbatim: "my cat would always sit at the table with me... i'd always make sure there's like a space i'd like no no one can sit there that's the cat seat")

6. She has three siblings, including an older brother and a younger brother, and her parents referred to all of them as "nerds." (Verbatim: "we've got you nerd number one we got your older brother nerd number two younger brother nerd number three")

7. Her parents expressed a humorous preference for her to bring home a good-looking partner rather than another "nerd." (Verbatim: "we'd like you to bring home a good looking guy but we know we're kind of expecting you to not")

8. She jokes that she will bring home a 2D anime character (a "daki") as her partner. (Verbatim: "little did they know i'll bring back a 2d anime person")

9. She has a strong affinity for anime and anime culture, referencing anime battles and "anime tunes" as motivational tools. (Verbatim: "yeah caffeine procrastination and anime tunes")

10. She once considered enabling text-to-speech for high-tier donors but finds the idea "vile" despite acknowledging she could read the messages herself. (Verbatim: "i wonder if i could train a text to speak bot... no above a high amount though is vile it's vile i can read them though") [end of text]



1. She has difficulty understanding social interactions and felt confused about how to socialize as a child. (Verbatim: "i was very confused as a kid i was like how does everyone know how to socialize i really did not understand um still don't know how")

2. She refers to her fans as "starlings" and "stananas". (Verbatim: "lap is available for all starlings and stananas")

3. She does not have a boyfriend or partner and has never been called "honey". (Verbatim: "i don't have a gohan daki i don't i don't i don't have a daki okay i don't have one" and "i also i've never been called honey")

4. She enjoys plushies and owns a large collection, which she calls a "plushy mountain". (Verbatim: "yeah i have a whole plushy mountain")

5. The top plushies in her collection are a Poro and Pochita, and she also owns plushies of Dango, Spider-Man, Pikachu, and a Teamfight Tactics dragon. (Verbatim: "currently at the top of plushy mountain is a poro i have a poro and pochita poro and pochita are currently at the top")

6. She won a blue plushie from a crane machine at Asialand using a spinning technique, which resembled a Quagsire and was from the Sumikko Gurashi brand. (Verbatim: "i got it from a crane machine... sumiko gurashi the little blue thing from that")

7. She plans to potentially buy more plushies during a future trip to Japan. (Verbatim: "we'll see how many plushies i come back with after japan because i have a feeling they're gonna sell some cute as heck plushies")

8. She expresses a desire to own a giant two-meter goose plushie but lacks space for it. (Verbatim: "kind of want the giant goose but i have nowhere to put it though")

9. She mentions having a dog, though later clarifies she does not actually own one yet but wants to. (Verbatim: "except for when it's being used by my dog then it's unavailable" and "i really need to get one so i can say that")

10. She has a nickname "Yuki" and also allows fans to call her "Pikku" or "honey". (Verbatim: "you can just call me yuki if you want" and "you can call me pikku too pikku" and "give it a try say hi honey") [end of text]



NO RELEVANT INFORMATION [end of text]



1. She used a wooden stick, which she called her "emotional support stick," during treks in a rainforest while working as a researcher. (Verbatim: "i called it my emotional support stick while i was there... the stick helps so much when you're trying to basically there weren't any paths when i was doing these treks.")

2. The stick she used was poached from poachers in a rainforest and was well-carved, spear-like, and about her height or slightly larger. (Verbatim: "i yoinked it... it was actually stolen but a good kind of stealing... it was like a wooden staff but kind of poigny at the end.")

3. She worked as a researcher in a remote rainforest where poachers operated at night, requiring her team to hide their lights to avoid encounters. (Verbatim: "you'd have to like turn off all our lights stay hidden because you don't want to run into them because they're scary.")

4. She is from England and has experienced the UK rail system, including commuting during morning hours. (Verbatim: "i don't think i was i i didn't try and bring it back to england... when i used to work in what you call it um in the center where i lived at home with my parents i had to get the train.")

5. She has had unsettling experiences with strangers, particularly at train stations and on trains in the UK, often involving drunk individuals. (Verbatim: "most of my most of my scary encounters with strangers have always been around the train station or on the train.")

6. She dislikes buses and trains in the UK due to unreliability, strikes, high costs, and uncomfortable passengers. (Verbatim: "the uk rail system is actually like quite in the bin at the moment... we always always always always have strikes ways and the cost of trains can sometimes be more expensive than the cost of a flight.")

7. She finds leftover drunks from the night before, especially in the morning, particularly frightening. (Verbatim: "the leftover drunks are super scary um they're really heckin scary i don't like the leftover drunks no no no no no no.")

8. She plans to travel to Japan and is researching the rail system, specifically the JR Pass and train travel. (Verbatim: "i got i i keep seeing i say get told by by youtube videos online... the jr the the jr pass is is the thing i got.")

9. She is interested in exploring quirky places in Japan, including potentially cat maid cafes. (Verbatim: "i love exploring weird buildings what if it's quirky what if there's cat maids.")

10. She once was mistaken for a tourist in Europe and nearly got ushered onto a Spanish tour group’s bus by mistake. (Verbatim: "i was somewhere in europe... they were trying to like they would like start shouting at me in spanish... i was looking at them like hey hey i'm not part of your group.") [end of text]



1. She is planning a trip to Japan and intends to visit Kyoto and Osaka (for Universal/Nintendo World). (Verbatim: "i want to go to kyoto and i want to go to universal i want to go to nintendo world")

2. She owns a Lonely Planet Japan guidebook and a separate Tokyo guidebook for trip planning. (Verbatim: "i got this the lonely planet japan guide... i also have another book just for tokyo")

3. She is traveling to Japan with a close friend she refers to as her "normie kim kardashian gal." (Verbatim: "i will be taking my wonderful lovely normie kim kardashian gal with me")

4. She and her friend were classmates in a chemistry class during school and did not speak for a year due to mutual shyness. (Verbatim: "we were actually in the same chemistry class for like a year... we did not speak because we're both shy")

5. Her friend is extremely shy and does not want to appear on stream, though she’s okay with Elia sharing her opinions. (Verbatim: "she doesn't want to be on like any stream or anything but i she said i can tell you all about like what she thinks of stuff but she's she's really shy")

6. She is considering using a JR Rail Pass and an IC card during her travels in Japan. (Verbatim: "should i get both... the jr pass and then there's a what's the ic card")

7. She is from England and compares Japanese train systems to those in the UK. (Verbatim: "i'm pretty sick we do not have this many types of trains here in england")

8. She has previously experienced people sitting in her reserved train seats in the UK, which she finds awkward. (Verbatim: "many many pretty much every time i've gone on a train... there's some punk in my seat and i don't know what to do")

9. She finds bullet trains cute and humorously associates their long nose design with speed, comparing them to long-nosed dogs like borzois. (Verbatim: "boop that snoot i want to boop that snoot... the bigger the snoot the faster the booty")

10. She expresses interest in riding Japan’s “Joyful Trains,” especially themed or scenic tourist trains. (Verbatim: "i want to go on the joyful train") [end of text]



1. She is half Asian and British. (Verbatim: "i know i'm british but i am half asian")
2. She lived in a rainforest for three months, fully immersed in a feral, off-grid environment. (Verbatim: "i did live in the rainforest for three months completely feral")
3. During her time in the rainforest, she had no facilities, no internet, and used a generator for limited electricity. (Verbatim: "no facilities no like full-on camping no internet electricity was on a tiny generator")
4. She showered using river water redirected by a pump to a basic tap, due to safety concerns about the river. (Verbatim: "we had this special pump that um what you call it um redirected the river water to this like really really sad tap")
5. Her research is related to her rainforest experience, but she avoids sharing details to prevent doxxing. (Verbatim: "i can't tell much about my research because yeah yeah oh it wasn't really bathing in the river... dox city yo")
6. She owns a dog named Lilo who is highly attached to her family members. (Verbatim: "my dog lilo was like nope i don't want to go i sit here")
7. Her dog Lilo becomes very emotional and vocal—whimpering—when reuniting with family. (Verbatim: "she does this like kind of noise... she has she's very vocal when she gets very emotional")
8. She has a younger brother and a grandmother (nan) whom her dog is especially attached to. (Verbatim: "one of my dog is most attached to like except for me um is my nan")
9. She plans to climb Mount Fuji during her upcoming trip to Japan. (Verbatim: "to climb mount fuji to climb fuji-san and to step on fuji-san step on fuji")
10. She has booked flights to Japan and plans to spend two-thirds of her time in Tokyo and one-third traveling elsewhere in Japan. (Verbatim: "the flights are booked... two thirds of my time in tokyo") [end of text]



1. She is British and has experience comparing British and Japanese culture. (Verbatim: "i heard stories i've heard stories okay of like i don't know british people going to japan and being like oh gosh everything's so small")

2. She has attended a school trip where she was disappointed by what was presented as "Chinese food" in England. (Verbatim: "it was like a school trip or something and they're like yeah we're gonna get chinese takeaway... and this is what they showed me it's it's curry rice and chips")

3. She dislikes how Chinese takeaway in England is adapted for local tastes and doesn't reflect authentic Chinese cuisine. (Verbatim: "quote chinese takeaway in england... it's a completely different set of food compared to um actual chinese restaurant food")

4. She enjoys chicken nuggets and finds them delicious, especially when served as part of a takeaway meal. (Verbatim: "they're heckin delicious because they're literally chicken nuggets")

5. She can use chopsticks and prefers them over forks, especially for eating noodles. (Verbatim: "if they give me noodles with a fork i turn into like a small child i'm just like how the heck why'd you give me a fork")

6. She learned to use chopsticks from a young age, encouraged strongly by someone named Mama Ellie. (Verbatim: "oh i had to learn how to use chopsticks mama ellie was very uh what do you call it strong on the whole you gonna learn how to use chopsticks even if nobody else does")

7. She owns reusable wooden chopsticks and frequently misplaces them. (Verbatim: "i keep losing my chopsticks i have like a whole packet and i don't know where they went... not disposable they're not disposable i've got like ones i like to reuse")

8. She knows a cooking trick for testing oil temperature using wooden chopsticks. (Verbatim: "you put the chopstick into the oil and then if it goes all bubbly bubbly around it then you know you got some good temperature going")

9. She has tried sake before, including when someone named ID visited London. (Verbatim: "i've tried a few sakes here i had some with id when id came to london")

10. She is interested in trying authentic Japanese sushi, ramen, and beer, believing supermarket sushi is inferior. (Verbatim: "i gotta try actual sushi um so i'm very excited to try sushi sake and ramen... the sushi is going to taste so much better than supermarket sushi") [end of text]



1. Her favorite dish to cook is homemade tonkatsu. (Verbatim: "homemade tonkatsu is heckin yummy that's my dish that's my dish yeah")

2. She makes her own tonkatsu sauce from scratch. (Verbatim: "i make my own tonkatsu sauce from like scratch")

3. She is afraid of hot oil splashing while cooking. (Verbatim: "the oil scares me okay")

4. She likes to eat tonkatsu with Chinese white leaf (Chinese cabbage) and lemon as a side. (Verbatim: "i like to have as a side with some lemon is yummy")

5. She has had difficulty finding Chinese white leaf in supermarkets recently. (Verbatim: "i'm having a lot of trouble finding um what you call it um chinese white leaf um yeah in the supermarket recently")

6. She prefers not to call Chinese cabbage just "cabbage" to avoid confusion with regular cabbage. (Verbatim: "i have to avoid calling it cabbage cause... they replaced it with just like cabbage and i was like i feel like it's more of a lettuce than a cabbage")

7. She is excited to try sushi in Tokyo and wants to visit good, non-expensive sushi places. (Verbatim: "i have to look up some good sushi places but not like expensive sushi places")

8. She wants to experience conveyor belt sushi restaurants in Japan. (Verbatim: "you have like the sushi places with the conveyor belts right and then you have the sushi places with no conveyor belts")

9. She loves pudding and specifically mentions wanting to try pudding from a company in Japan. (Verbatim: "pudding pudding from the company is good right i want to have pudding pudding pudding")

10. Her favorite animal is the capybara, which she describes as her favorite rodent. (Verbatim: "capybars are definitely my favorite rodent they happen to be the largest but heck yes") [end of text]



1. She has experience caring for pigs at a zoo. (Verbatim: "i looked after a pig on at the zoo")
2. She finds pigs to be intelligent and surprisingly tidy animals despite their reputation. (Verbatim: "pigs are actually pretty tidy... they're pretty smart about like keeping things")
3. She is frightened of pigs due to horror stories about them being aggressive and eating humans. (Verbatim: "pigs are heckin scary because there are like them horror stories where pigs have eaten like small human babies")
4. She owns a dog named Lila who is medium-sized and has a passport. (Verbatim: "lila will be being looked after by my brother... she's a medium sized um but she does have a passport")
5. She has a brother who helps take care of her dog. (Verbatim: "lila will be being looked after by my brother")
6. Her dog Lila is not originally from England and has been on a plane before. (Verbatim: "she's not she wasn't born in england so yeah we don't need to fund a private chat that's sweet i've already i've already booked the flight")
7. She once had a pregnant pig in her care which later was no longer pregnant. (Verbatim: "the pig i looked after well it was pregnant and then it wasn't pregnant so yeah")
8. She is considering or planning a long-haul flight to Japan, possibly for a VTuber-related event or trip. (Verbatim: "it's too long a flight for for a dog and i don't know what they do with dogs during long haul")
9. She prefers spending money on multiple trips or anime merchandise rather than luxury travel classes. (Verbatim: "i'd rather have a giant suitcase full of anime merch")
10. She intends to purchase travel insurance for her upcoming trip. (Verbatim: "i guess i should have travel insurance that covers stuff") [end of text]



1. She has experience working at a zoo, specifically caring for porcupines. (Verbatim: "so i had to i looked after two porcupines... i had to basically wake up the porcupines get them out of their little room and then clean their room")

2. She is from the UK and has access to the NHS for healthcare. (Verbatim: "now i have um nhs you just get it for freezes freezes is a freebie here")

3. She is planning a trip to Japan and intends to climb Mount Fuji. (Verbatim: "yeah i need to get it especially if i'm clowning climbing climbing climbing climbing climbing mount fuji right")

4. She is concerned about mosquito bites and has strong reactions to them. (Verbatim: "i react a lot to mosquitoes... i get really bad reactions to it")

5. She once had a severe reaction to gnat bites during a school trip, resulting in swelling and being separated from her group. (Verbatim: "i got bit so much that it looked awful... i had this massive swelling on me from where i reacted really badly")

6. She prefers using strong insect repellent, particularly roll-on types, which she buys in England due to their potency. (Verbatim: "i get a roll on insect repellent yeah it's not a spray it's a roll on so it's heckin strong")

7. She previously traveled to a rainforest and received multiple vaccinations for it. (Verbatim: "i had to get like a heckin ton for when i went to the rainforest i had to get like everything")

8. She is interested in visiting animal cafes, especially hedgehog and cat cafes. (Verbatim: "the next cafe is... a hedgehog... i want to go to the cat cafe i want to go to the cat cafe")

9. She finds porcupines grumpy but cute, and was injured when a quill went under her thumbnail. (Verbatim: "one time one of the quills um did go um up my nail and it oh gosh that hurts so much")

10. She is excited about travel stickers and collects them, especially from reservations. (Verbatim: "i can get a sticker if i reserve in advance... i'm a sucker for stickers so") [end of text]



1. She loves cats and has a strong desire to visit a cat cafe. (Verbatim: "oh yeah i love cats oh but then it'll make me want a cat oh i need a cat")  
2. She grew up with two cats, one of which she accidentally acquired when the cat snuck into the carrier. (Verbatim: "basically when my mom went to go pick up the cat the other cat had snuck it in to the carrier to go with the other cat")  
3. The cat she intended to get ended up bonding more with her brother, while the accidental second cat became her own. (Verbatim: "the one that ended up being my cat on accident... that was the one that ended up being my cat")  
4. She chose the runt of the litter when selecting a cat as a child. (Verbatim: "i chose uh the run of the litter yeah yeah yeah i picked the run always choose the run heck yeah")  
5. She is more of a cat person than a bird person and is hesitant about bird cafes due to hygiene concerns. (Verbatim: "don't birds poop on you... definitely more of a cat person")  
6. She is interested in visiting onsen towns in Japan, particularly Kinosaki, which has seven public hot springs. (Verbatim: "onsen onsen onsen yo where is it where do we go onsen i assume they have them kinosaki hot spring town")  
7. She prefers traditional-style accommodations like ryokan with yukata and onsen access when traveling. (Verbatim: "i want to stay at least in a one night in a traditional traditional style place")  
8. She experiences social anxiety, especially regarding communal onsen experiences, and considers opting for private baths. (Verbatim: "i can get a private one heck yeah give me give me a private one on the guy um... i'll figure it out the outdoor one looks so nice... but i'll figure it out")  
9. She is self-conscious about nudity in public baths and jokes about being born with "anime light and anime clouds." (Verbatim: "was i born naked no i was born with anime light and anime clouds okay like yeah yeah yeah")  
10. She is interested in attending Japanese summer festivals (matsuri) but is unfamiliar with what they involve. (Verbatim: "i'd love to go to one i don't know what they do at them") [end of text]



